[0.026s][info][gc] Using G1
[0,250s][info][gc] GC(0) Pause Young (G1 Evacuation Pause) 14M->10M(124M) 6,634ms
[0,266s][info][gc] GC(1) Pause Young (G1 Evacuation Pause) 18M->17M(124M) 4,429ms
[0,337s][info][gc] GC(2) Pause Young (G1 Evacuation Pause) 66M->19M(124M) 1,930ms
[0,410s][info][gc] GC(3) Pause Young (G1 Evacuation Pause) 88M->24M(124M) 2,753ms
[0,489s][info][gc] GC(4) Pause Young (G1 Evacuation Pause) 89M->17M(176M) 2,335ms
[0,612s][info][gc] GC(5) Pause Young (G1 Evacuation Pause) 120M->18M(176M) 0,999ms
[0,723s][info][gc] GC(6) Pause Young (G1 Evacuation Pause) 120M->18M(176M) 0,776ms
[0,833s][info][gc] GC(7) Pause Young (G1 Evacuation Pause) 120M->17M(176M) 0,733ms
[0,960s][info][gc] GC(8) Pause Young (G1 Evacuation Pause) 119M->17M(176M) 0,961ms
[1,087s][info][gc] GC(9) Pause Young (G1 Evacuation Pause) 120M->17M(176M) 0,775ms
[1,197s][info][gc] GC(10) Pause Young (G1 Evacuation Pause) 119M->17M(176M) 0,722ms
[1,308s][info][gc] GC(11) Pause Young (G1 Evacuation Pause) 119M->17M(176M) 0,643ms
[1,433s][info][gc] GC(12) Pause Young (G1 Evacuation Pause) 120M->18M(176M) 2,731ms
[1,554s][info][gc] GC(13) Pause Young (G1 Evacuation Pause) 120M->17M(176M) 1,222ms
[1,675s][info][gc] GC(14) Pause Young (G1 Evacuation Pause) 119M->17M(176M) 1,077ms
[1,801s][info][gc] GC(15) Pause Young (G1 Evacuation Pause) 119M->17M(176M) 1,896ms
[1,931s][info][gc] GC(16) Pause Young (G1 Evacuation Pause) 120M->17M(176M) 1,059ms
[2,052s][info][gc] GC(17) Pause Young (G1 Evacuation Pause) 119M->17M(176M) 1,259ms
[2,165s][info][gc] GC(18) Pause Young (G1 Evacuation Pause) 119M->17M(176M) 0,769ms
[2,276s][info][gc] GC(19) Pause Young (G1 Evacuation Pause) 120M->18M(176M) 0,990ms
[2,387s][info][gc] GC(20) Pause Young (G1 Evacuation Pause) 120M->17M(176M) 0,958ms
[2,507s][info][gc] GC(21) Pause Young (G1 Evacuation Pause) 119M->17M(176M) 1,599ms
[2,628s][info][gc] GC(22) Pause Young (G1 Evacuation Pause) 120M->18M(176M) 1,360ms
[2,753s][info][gc] GC(23) Pause Young (G1 Evacuation Pause) 120M->18M(176M) 1,116ms
[2,874s][info][gc] GC(24) Pause Young (G1 Evacuation Pause) 120M->17M(176M) 1,197ms
[2,996s][info][gc] GC(25) Pause Young (G1 Evacuation Pause) 119M->17M(176M) 2,344ms
[3,107s][info][gc] GC(26) Pause Young (G1 Evacuation Pause) 120M->18M(176M) 0,672ms
[3,219s][info][gc] GC(27) Pause Young (G1 Evacuation Pause) 120M->17M(176M) 0,763ms
[3,329s][info][gc] GC(28) Pause Young (G1 Evacuation Pause) 119M->17M(176M) 0,677ms
[3,440s][info][gc] GC(29) Pause Young (G1 Evacuation Pause) 120M->18M(176M) 0,682ms
[3,552s][info][gc] GC(30) Pause Young (G1 Evacuation Pause) 120M->18M(176M) 0,860ms
[3,662s][info][gc] GC(31) Pause Young (G1 Evacuation Pause) 120M->17M(176M) 0,730ms
[3,773s][info][gc] GC(32) Pause Young (G1 Evacuation Pause) 119M->17M(176M) 0,705ms
[3,885s][info][gc] GC(33) Pause Young (G1 Evacuation Pause) 120M->18M(176M) 0,807ms
[3,995s][info][gc] GC(34) Pause Young (G1 Evacuation Pause) 120M->17M(176M) 0,606ms
[4,106s][info][gc] GC(35) Pause Young (G1 Evacuation Pause) 119M->17M(176M) 0,703ms
[4,217s][info][gc] GC(36) Pause Young (G1 Evacuation Pause) 120M->18M(176M) 0,689ms
[4,328s][info][gc] GC(37) Pause Young (G1 Evacuation Pause) 120M->18M(176M) 0,668ms
[4,454s][info][gc] GC(38) Pause Young (G1 Evacuation Pause) 120M->17M(176M) 2,678ms
[4,566s][info][gc] GC(39) Pause Young (G1 Evacuation Pause) 120M->18M(176M) 0,785ms
[4,677s][info][gc] GC(40) Pause Young (G1 Evacuation Pause) 120M->18M(176M) 0,889ms
[4,788s][info][gc] GC(41) Pause Young (G1 Evacuation Pause) 120M->17M(176M) 0,925ms
[4,908s][info][gc] GC(42) Pause Young (G1 Evacuation Pause) 119M->17M(176M) 1,322ms
[5,030s][info][gc] GC(43) Pause Young (G1 Evacuation Pause) 120M->18M(176M) 1,173ms
[5,151s][info][gc] GC(44) Pause Young (G1 Evacuation Pause) 120M->17M(176M) 1,023ms
[5,272s][info][gc] GC(45) Pause Young (G1 Evacuation Pause) 119M->17M(176M) 1,139ms
[5,398s][info][gc] GC(46) Pause Young (G1 Evacuation Pause) 120M->18M(176M) 1,676ms
[5,511s][info][gc] GC(47) Pause Young (G1 Evacuation Pause) 120M->18M(176M) 0,785ms
[5,621s][info][gc] GC(48) Pause Young (G1 Evacuation Pause) 120M->17M(176M) 0,612ms
[5,732s][info][gc] GC(49) Pause Young (G1 Evacuation Pause) 119M->17M(176M) 0,640ms
[5,843s][info][gc] GC(50) Pause Young (G1 Evacuation Pause) 120M->18M(176M) 0,656ms
[5,965s][info][gc] GC(51) Pause Young (G1 Evacuation Pause) 120M->17M(176M) 0,727ms
[6,076s][info][gc] GC(52) Pause Young (G1 Evacuation Pause) 119M->17M(176M) 0,804ms
[6,187s][info][gc] GC(53) Pause Young (G1 Evacuation Pause) 120M->18M(176M) 0,889ms
[6,298s][info][gc] GC(54) Pause Young (G1 Evacuation Pause) 120M->17M(176M) 0,954ms
[6,409s][info][gc] GC(55) Pause Young (G1 Evacuation Pause) 119M->17M(176M) 0,787ms
[6,520s][info][gc] GC(56) Pause Young (G1 Evacuation Pause) 119M->17M(176M) 0,785ms
[6,631s][info][gc] GC(57) Pause Young (G1 Evacuation Pause) 120M->18M(176M) 0,948ms
[6,749s][info][gc] GC(58) Pause Young (G1 Evacuation Pause) 120M->17M(176M) 0,877ms
[6,871s][info][gc] GC(59) Pause Young (G1 Evacuation Pause) 119M->17M(176M) 2,534ms
[6,995s][info][gc] GC(60) Pause Young (G1 Evacuation Pause) 120M->18M(176M) 1,209ms
[7,116s][info][gc] GC(61) Pause Young (G1 Evacuation Pause) 120M->17M(176M) 1,277ms
[7,237s][info][gc] GC(62) Pause Young (G1 Evacuation Pause) 119M->17M(176M) 1,212ms
[7,358s][info][gc] GC(63) Pause Young (G1 Evacuation Pause) 120M->18M(176M) 1,122ms
[7,487s][info][gc] GC(64) Pause Young (G1 Evacuation Pause) 120M->18M(176M) 1,070ms
[7,608s][info][gc] GC(65) Pause Young (G1 Evacuation Pause) 120M->17M(176M) 1,211ms
[7,729s][info][gc] GC(66) Pause Young (G1 Evacuation Pause) 119M->17M(176M) 1,035ms
[7,845s][info][gc] GC(67) Pause Young (G1 Evacuation Pause) 120M->18M(176M) 0,660ms
[7,980s][info][gc] GC(68) Pause Young (G1 Evacuation Pause) 120M->17M(176M) 1,024ms
[8,095s][info][gc] GC(69) Pause Young (G1 Evacuation Pause) 119M->17M(176M) 0,838ms
[8,206s][info][gc] GC(70) Pause Young (G1 Evacuation Pause) 120M->18M(176M) 0,927ms
[8,317s][info][gc] GC(71) Pause Young (G1 Evacuation Pause) 120M->17M(176M) 0,871ms
[8,440s][info][gc] GC(72) Pause Young (G1 Evacuation Pause) 119M->17M(176M) 1,073ms
[8,556s][info][gc] GC(73) Pause Young (G1 Evacuation Pause) 119M->17M(176M) 0,548ms
[8,668s][info][gc] GC(74) Pause Young (G1 Evacuation Pause) 120M->18M(176M) 0,794ms
[8,778s][info][gc] GC(75) Pause Young (G1 Evacuation Pause) 120M->17M(176M) 0,633ms
[8,897s][info][gc] GC(76) Pause Young (G1 Evacuation Pause) 119M->17M(176M) 1,395ms
[9,019s][info][gc] GC(77) Pause Young (G1 Evacuation Pause) 120M->18M(176M) 1,250ms
[9,140s][info][gc] GC(78) Pause Young (G1 Evacuation Pause) 120M->17M(176M) 1,216ms
[9,253s][info][gc] GC(79) Pause Young (G1 Evacuation Pause) 119M->17M(176M) 0,667ms
[9,365s][info][gc] GC(80) Pause Young (G1 Evacuation Pause) 119M->17M(176M) 0,571ms
[9,476s][info][gc] GC(81) Pause Young (G1 Evacuation Pause) 120M->17M(176M) 0,694ms
[9,588s][info][gc] GC(82) Pause Young (G1 Evacuation Pause) 119M->17M(176M) 1,433ms
[9,700s][info][gc] GC(83) Pause Young (G1 Evacuation Pause) 119M->17M(176M) 1,191ms
[9,812s][info][gc] GC(84) Pause Young (G1 Evacuation Pause) 120M->18M(176M) 1,694ms
[9,924s][info][gc] GC(85) Pause Young (G1 Evacuation Pause) 120M->17M(176M) 0,786ms
[10,034s][info][gc] GC(86) Pause Young (G1 Evacuation Pause) 119M->17M(176M) 0,739ms
[10,145s][info][gc] GC(87) Pause Young (G1 Evacuation Pause) 120M->18M(176M) 0,680ms
[10,267s][info][gc] GC(88) Pause Young (G1 Evacuation Pause) 120M->18M(176M) 1,524ms
[10,385s][info][gc] GC(89) Pause Young (G1 Evacuation Pause) 120M->17M(176M) 2,445ms
[10,507s][info][gc] GC(90) Pause Young (G1 Evacuation Pause) 119M->17M(176M) 1,151ms
[10,625s][info][gc] GC(91) Pause Young (G1 Evacuation Pause) 120M->18M(176M) 0,679ms
[10,740s][info][gc] GC(92) Pause Young (G1 Evacuation Pause) 120M->17M(176M) 2,711ms
[10,865s][info][gc] GC(93) Pause Young (G1 Evacuation Pause) 119M->17M(176M) 2,522ms
[10,988s][info][gc] GC(94) Pause Young (G1 Evacuation Pause) 120M->18M(212M) 1,644ms
[11,141s][info][gc] GC(95) Pause Young (G1 Evacuation Pause) 142M->19M(212M) 0,965ms
[11,284s][info][gc] GC(96) Pause Young (G1 Evacuation Pause) 142M->19M(212M) 5,037ms
[11,431s][info][gc] GC(97) Pause Young (G1 Evacuation Pause) 141M->19M(212M) 2,678ms
[11,576s][info][gc] GC(98) Pause Young (G1 Evacuation Pause) 142M->19M(212M) 1,096ms
[11,721s][info][gc] GC(99) Pause Young (G1 Evacuation Pause) 142M->19M(212M) 1,528ms
[11,865s][info][gc] GC(100) Pause Young (G1 Evacuation Pause) 142M->19M(212M) 1,579ms
[11,999s][info][gc] GC(101) Pause Young (G1 Evacuation Pause) 141M->19M(212M) 0,880ms
[12,136s][info][gc] GC(102) Pause Young (G1 Evacuation Pause) 142M->19M(212M) 2,393ms
[12,270s][info][gc] GC(103) Pause Young (G1 Evacuation Pause) 142M->19M(212M) 1,680ms
[12,413s][info][gc] GC(104) Pause Young (G1 Evacuation Pause) 142M->20M(212M) 1,570ms
[12,553s][info][gc] GC(105) Pause Young (G1 Evacuation Pause) 142M->19M(212M) 0,790ms
[12,706s][info][gc] GC(106) Pause Young (G1 Evacuation Pause) 142M->19M(212M) 4,070ms
[12,856s][info][gc] GC(107) Pause Young (G1 Evacuation Pause) 142M->19M(255M) 2,529ms
[13,038s][info][gc] GC(108) Pause Young (G1 Evacuation Pause) 168M->25M(255M) 2,459ms
[13,227s][info][gc] GC(109) Pause Young (G1 Evacuation Pause) 168M->25M(255M) 8,993ms
[13,407s][info][gc] GC(110) Pause Young (G1 Evacuation Pause) 168M->25M(255M) 2,949ms
[13,580s][info][gc] GC(111) Pause Young (G1 Evacuation Pause) 168M->25M(255M) 1,726ms
[13,772s][info][gc] GC(112) Pause Young (G1 Evacuation Pause) 168M->25M(255M) 2,723ms
[13,946s][info][gc] GC(113) Pause Young (G1 Evacuation Pause) 168M->25M(255M) 2,238ms
[14,111s][info][gc] GC(114) Pause Young (G1 Evacuation Pause) 168M->24M(255M) 1,589ms
[14,267s][info][gc] GC(115) Pause Young (G1 Evacuation Pause) 168M->25M(255M) 1,696ms
[14,424s][info][gc] GC(116) Pause Young (G1 Evacuation Pause) 168M->25M(255M) 1,904ms
[14,604s][info][gc] GC(117) Pause Young (G1 Evacuation Pause) 168M->25M(255M) 4,331ms
[14,763s][info][gc] GC(118) Pause Young (G1 Evacuation Pause) 168M->25M(255M) 1,800ms
[14,940s][info][gc] GC(119) Pause Young (G1 Evacuation Pause) 168M->24M(255M) 2,523ms
[15,100s][info][gc] GC(120) Pause Young (G1 Evacuation Pause) 168M->25M(255M) 1,937ms
[15,256s][info][gc] GC(121) Pause Young (G1 Evacuation Pause) 168M->24M(255M) 1,872ms
[15,431s][info][gc] GC(122) Pause Young (G1 Evacuation Pause) 167M->25M(255M) 2,289ms
[15,600s][info][gc] GC(123) Pause Young (G1 Evacuation Pause) 168M->24M(255M) 2,064ms
[15,770s][info][gc] GC(124) Pause Young (G1 Evacuation Pause) 167M->24M(255M) 2,269ms
[15,932s][info][gc] GC(125) Pause Young (G1 Evacuation Pause) 168M->25M(255M) 1,601ms
[16,098s][info][gc] GC(126) Pause Young (G1 Evacuation Pause) 168M->25M(255M) 1,851ms
[16,267s][info][gc] GC(127) Pause Young (G1 Evacuation Pause) 168M->25M(255M) 2,143ms
[16,438s][info][gc] GC(128) Pause Young (G1 Evacuation Pause) 168M->24M(255M) 2,148ms
[16,595s][info][gc] GC(129) Pause Young (G1 Evacuation Pause) 167M->24M(255M) 1,466ms
[16,766s][info][gc] GC(130) Pause Young (G1 Evacuation Pause) 168M->25M(255M) 2,137ms
[16,930s][info][gc] GC(131) Pause Young (G1 Evacuation Pause) 168M->25M(255M) 1,677ms
[17,086s][info][gc] GC(132) Pause Young (G1 Evacuation Pause) 168M->24M(255M) 1,707ms
[17,250s][info][gc] GC(133) Pause Young (G1 Evacuation Pause) 167M->24M(255M) 1,535ms
[17,411s][info][gc] GC(134) Pause Young (G1 Evacuation Pause) 167M->24M(255M) 1,440ms
[17,574s][info][gc] GC(135) Pause Young (G1 Evacuation Pause) 168M->25M(255M) 1,693ms
[17,739s][info][gc] GC(136) Pause Young (G1 Evacuation Pause) 168M->25M(255M) 1,510ms
[17,907s][info][gc] GC(137) Pause Young (G1 Evacuation Pause) 168M->24M(255M) 2,706ms
[18,080s][info][gc] GC(138) Pause Young (G1 Evacuation Pause) 167M->24M(255M) 4,121ms
[18,251s][info][gc] GC(139) Pause Young (G1 Evacuation Pause) 167M->24M(255M) 1,469ms
[18,419s][info][gc] GC(140) Pause Young (G1 Evacuation Pause) 168M->25M(255M) 1,709ms
[18,599s][info][gc] GC(141) Pause Young (G1 Evacuation Pause) 168M->25M(255M) 2,132ms
[18,772s][info][gc] GC(142) Pause Young (G1 Evacuation Pause) 168M->24M(255M) 2,213ms
[18,936s][info][gc] GC(143) Pause Young (G1 Evacuation Pause) 167M->24M(255M) 1,437ms
[19,091s][info][gc] GC(144) Pause Young (G1 Evacuation Pause) 168M->25M(255M) 1,610ms
[19,254s][info][gc] GC(145) Pause Young (G1 Evacuation Pause) 168M->25M(255M) 2,799ms
[19,422s][info][gc] GC(146) Pause Young (G1 Evacuation Pause) 168M->25M(255M) 1,925ms
[19,590s][info][gc] GC(147) Pause Young (G1 Evacuation Pause) 168M->24M(255M) 1,536ms
[19,773s][info][gc] GC(148) Pause Young (G1 Evacuation Pause) 167M->24M(255M) 9,905ms
[19,946s][info][gc] GC(149) Pause Young (G1 Evacuation Pause) 168M->25M(255M) 2,187ms
[20,111s][info][gc] GC(150) Pause Young (G1 Evacuation Pause) 168M->25M(255M) 1,700ms
[20,267s][info][gc] GC(151) Pause Young (G1 Evacuation Pause) 168M->25M(255M) 1,694ms
[20,447s][info][gc] GC(152) Pause Young (G1 Evacuation Pause) 168M->24M(255M) 2,713ms
[20,609s][info][gc] GC(153) Pause Young (G1 Evacuation Pause) 168M->24M(255M) 1,559ms
[20,765s][info][gc] GC(154) Pause Young (G1 Evacuation Pause) 167M->24M(255M) 1,667ms
[20,931s][info][gc] GC(155) Pause Young (G1 Evacuation Pause) 168M->25M(255M) 2,574ms
[21,095s][info][gc] GC(156) Pause Young (G1 Evacuation Pause) 168M->25M(255M) 1,591ms
[21,267s][info][gc] GC(157) Pause Young (G1 Evacuation Pause) 168M->25M(255M) 2,398ms
[21,426s][info][gc] GC(158) Pause Young (G1 Evacuation Pause) 168M->25M(255M) 1,652ms
[21,582s][info][gc] GC(159) Pause Young (G1 Evacuation Pause) 168M->25M(255M) 1,686ms
[21,738s][info][gc] GC(160) Pause Young (G1 Evacuation Pause) 168M->24M(255M) 1,454ms
[21,910s][info][gc] GC(161) Pause Young (G1 Evacuation Pause) 168M->25M(255M) 2,183ms
[22,067s][info][gc] GC(162) Pause Young (G1 Evacuation Pause) 168M->25M(255M) 1,968ms
[22,233s][info][gc] GC(163) Pause Young (G1 Evacuation Pause) 168M->25M(255M) 2,032ms
[22,414s][info][gc] GC(164) Pause Young (G1 Evacuation Pause) 168M->24M(255M) 2,133ms
[22,571s][info][gc] GC(165) Pause Young (G1 Evacuation Pause) 167M->24M(255M) 1,995ms
[22,728s][info][gc] GC(166) Pause Young (G1 Evacuation Pause) 168M->25M(255M) 1,815ms
[22,892s][info][gc] GC(167) Pause Young (G1 Evacuation Pause) 168M->25M(255M) 3,361ms
[23,049s][info][gc] GC(168) Pause Young (G1 Evacuation Pause) 168M->25M(255M) 1,567ms
[23,205s][info][gc] GC(169) Pause Young (G1 Evacuation Pause) 168M->24M(255M) 1,476ms
[23,377s][info][gc] GC(170) Pause Young (G1 Evacuation Pause) 167M->24M(255M) 2,115ms
[23,549s][info][gc] GC(171) Pause Young (G1 Evacuation Pause) 167M->24M(255M) 1,826ms
[23,706s][info][gc] GC(172) Pause Young (G1 Evacuation Pause) 168M->25M(255M) 2,028ms
[23,885s][info][gc] GC(173) Pause Young (G1 Evacuation Pause) 168M->25M(255M) 1,993ms
[24,043s][info][gc] GC(174) Pause Young (G1 Evacuation Pause) 168M->24M(255M) 1,778ms
[24,199s][info][gc] GC(175) Pause Young (G1 Evacuation Pause) 167M->24M(255M) 1,776ms
[24,368s][info][gc] GC(176) Pause Young (G1 Evacuation Pause) 168M->25M(255M) 1,939ms
[24,524s][info][gc] GC(177) Pause Young (G1 Evacuation Pause) 168M->24M(255M) 2,453ms
[24,696s][info][gc] GC(178) Pause Young (G1 Evacuation Pause) 167M->24M(255M) 1,987ms
[24,853s][info][gc] GC(179) Pause Young (G1 Evacuation Pause) 167M->24M(255M) 2,649ms
[25,009s][info][gc] GC(180) Pause Young (G1 Evacuation Pause) 168M->25M(255M) 2,116ms
[25,166s][info][gc] GC(181) Pause Young (G1 Evacuation Pause) 168M->25M(255M) 1,871ms
[25,321s][info][gc] GC(182) Pause Young (G1 Evacuation Pause) 168M->25M(255M) 1,577ms
[25,497s][info][gc] GC(183) Pause Young (G1 Evacuation Pause) 168M->24M(255M) 3,378ms
[25,666s][info][gc] GC(184) Pause Young (G1 Evacuation Pause) 167M->24M(255M) 2,054ms
[25,836s][info][gc] GC(185) Pause Young (G1 Evacuation Pause) 167M->24M(255M) 2,016ms
[25,996s][info][gc] GC(186) Pause Young (G1 Evacuation Pause) 168M->25M(255M) 1,672ms
[26,159s][info][gc] GC(187) Pause Young (G1 Evacuation Pause) 168M->25M(255M) 1,507ms
[26,314s][info][gc] GC(188) Pause Young (G1 Evacuation Pause) 168M->24M(255M) 1,963ms
[26,470s][info][gc] GC(189) Pause Young (G1 Evacuation Pause) 167M->24M(255M) 1,618ms
[26,626s][info][gc] GC(190) Pause Young (G1 Evacuation Pause) 168M->25M(255M) 1,723ms
[26,790s][info][gc] GC(191) Pause Young (G1 Evacuation Pause) 168M->25M(255M) 1,651ms
[26,961s][info][gc] GC(192) Pause Young (G1 Evacuation Pause) 168M->25M(255M) 2,222ms
[27,131s][info][gc] GC(193) Pause Young (G1 Evacuation Pause) 168M->24M(255M) 3,146ms
[27,287s][info][gc] GC(194) Pause Young (G1 Evacuation Pause) 167M->24M(255M) 1,615ms
[27,457s][info][gc] GC(195) Pause Young (G1 Evacuation Pause) 168M->25M(255M) 2,126ms
[27,615s][info][gc] GC(196) Pause Young (G1 Evacuation Pause) 168M->25M(255M) 1,962ms
[27,772s][info][gc] GC(197) Pause Young (G1 Evacuation Pause) 168M->25M(255M) 1,769ms
[27,940s][info][gc] GC(198) Pause Young (G1 Evacuation Pause) 168M->24M(255M) 2,182ms
[28,104s][info][gc] GC(199) Pause Young (G1 Evacuation Pause) 167M->24M(255M) 2,300ms
[28,282s][info][gc] GC(200) Pause Young (G1 Evacuation Pause) 168M->21M(255M) 3,763ms
[28,467s][info][gc] GC(201) Pause Young (G1 Evacuation Pause) 168M->21M(255M) 6,483ms
[28,639s][info][gc] GC(202) Pause Young (G1 Evacuation Pause) 168M->24M(255M) 4,403ms
[28,810s][info][gc] GC(203) Pause Young (G1 Evacuation Pause) 168M->25M(255M) 2,801ms
[28,984s][info][gc] GC(204) Pause Young (G1 Evacuation Pause) 168M->24M(255M) 5,070ms
[29,154s][info][gc] GC(205) Pause Young (G1 Evacuation Pause) 167M->24M(306M) 10,716ms
[29,358s][info][gc] GC(206) Pause Young (G1 Evacuation Pause) 197M->23M(306M) 2,927ms
[29,548s][info][gc] GC(207) Pause Young (G1 Evacuation Pause) 197M->24M(306M) 3,083ms
[29,738s][info][gc] GC(208) Pause Young (G1 Evacuation Pause) 198M->24M(306M) 3,108ms
[29,943s][info][gc] GC(209) Pause Young (G1 Evacuation Pause) 198M->23M(306M) 5,371ms
[30,135s][info][gc] GC(210) Pause Young (G1 Evacuation Pause) 197M->24M(306M) 4,319ms
[30,325s][info][gc] GC(211) Pause Young (G1 Evacuation Pause) 198M->24M(306M) 2,758ms
[30,541s][info][gc] GC(212) Pause Young (G1 Evacuation Pause) 198M->24M(306M) 5,432ms
[30,750s][info][gc] GC(213) Pause Young (G1 Evacuation Pause) 198M->24M(306M) 4,987ms
[30,959s][info][gc] GC(214) Pause Young (G1 Evacuation Pause) 198M->24M(368M) 6,254ms
[31,210s][info][gc] GC(215) Pause Young (G1 Evacuation Pause) 235M->21M(368M) 3,078ms
[31,448s][info][gc] GC(216) Pause Young (G1 Evacuation Pause) 236M->20M(368M) 6,984ms
[31,681s][info][gc] GC(217) Pause Young (G1 Evacuation Pause) 236M->22M(368M) 1,700ms
[31,929s][info][gc] GC(218) Pause Young (G1 Evacuation Pause) 237M->22M(368M) 2,057ms
[32,183s][info][gc] GC(219) Pause Young (G1 Evacuation Pause) 237M->22M(368M) 1,861ms
[32,444s][info][gc] GC(220) Pause Young (G1 Evacuation Pause) 237M->22M(368M) 1,653ms
[32,680s][info][gc] GC(221) Pause Young (G1 Evacuation Pause) 237M->23M(368M) 1,145ms
[32,914s][info][gc] GC(222) Pause Young (G1 Evacuation Pause) 237M->22M(368M) 2,912ms
[33,146s][info][gc] GC(223) Pause Young (G1 Evacuation Pause) 237M->22M(368M) 1,201ms
[33,378s][info][gc] GC(224) Pause Young (G1 Evacuation Pause) 237M->22M(368M) 1,242ms
[33,636s][info][gc] GC(225) Pause Young (G1 Evacuation Pause) 237M->22M(368M) 1,806ms
[33,881s][info][gc] GC(226) Pause Young (G1 Evacuation Pause) 237M->23M(368M) 2,416ms
[34,135s][info][gc] GC(227) Pause Young (G1 Evacuation Pause) 237M->22M(368M) 1,616ms
[34,389s][info][gc] GC(228) Pause Young (G1 Evacuation Pause) 237M->22M(368M) 1,776ms
[34,643s][info][gc] GC(229) Pause Young (G1 Evacuation Pause) 237M->22M(368M) 1,783ms
[34,888s][info][gc] GC(230) Pause Young (G1 Evacuation Pause) 237M->22M(368M) 3,436ms
[35,142s][info][gc] GC(231) Pause Young (G1 Evacuation Pause) 237M->23M(368M) 1,817ms
[35,396s][info][gc] GC(232) Pause Young (G1 Evacuation Pause) 237M->22M(368M) 1,760ms
[35,639s][info][gc] GC(233) Pause Young (G1 Evacuation Pause) 237M->22M(368M) 1,221ms
[35,905s][info][gc] GC(234) Pause Young (G1 Evacuation Pause) 237M->22M(368M) 1,744ms
[36,159s][info][gc] GC(235) Pause Young (G1 Evacuation Pause) 237M->22M(368M) 1,769ms
[36,415s][info][gc] GC(236) Pause Young (G1 Evacuation Pause) 237M->23M(368M) 1,406ms
[36,649s][info][gc] GC(237) Pause Young (G1 Evacuation Pause) 237M->22M(368M) 1,153ms
[36,889s][info][gc] GC(238) Pause Young (G1 Evacuation Pause) 237M->22M(368M) 2,126ms
[37,126s][info][gc] GC(239) Pause Young (G1 Evacuation Pause) 237M->22M(368M) 1,238ms
[37,358s][info][gc] GC(240) Pause Young (G1 Evacuation Pause) 237M->22M(368M) 1,269ms
[37,590s][info][gc] GC(241) Pause Young (G1 Evacuation Pause) 237M->22M(368M) 1,156ms
[37,822s][info][gc] GC(242) Pause Young (G1 Evacuation Pause) 237M->23M(368M) 1,321ms
[38,055s][info][gc] GC(243) Pause Young (G1 Evacuation Pause) 237M->22M(368M) 1,056ms
[38,287s][info][gc] GC(244) Pause Young (G1 Evacuation Pause) 237M->22M(368M) 1,214ms
[38,519s][info][gc] GC(245) Pause Young (G1 Evacuation Pause) 237M->22M(368M) 1,209ms
[38,752s][info][gc] GC(246) Pause Young (G1 Evacuation Pause) 237M->22M(368M) 1,352ms
[39,005s][info][gc] GC(247) Pause Young (G1 Evacuation Pause) 237M->23M(368M) 1,995ms
[39,259s][info][gc] GC(248) Pause Young (G1 Evacuation Pause) 237M->22M(368M) 1,698ms
[39,513s][info][gc] GC(249) Pause Young (G1 Evacuation Pause) 237M->22M(368M) 1,691ms
[39,751s][info][gc] GC(250) Pause Young (G1 Evacuation Pause) 237M->22M(368M) 1,091ms
[40,002s][info][gc] GC(251) Pause Young (G1 Evacuation Pause) 237M->22M(368M) 1,787ms
[40,256s][info][gc] GC(252) Pause Young (G1 Evacuation Pause) 237M->22M(368M) 1,810ms
[40,505s][info][gc] GC(253) Pause Young (G1 Evacuation Pause) 236M->22M(368M) 1,206ms
[40,758s][info][gc] GC(254) Pause Young (G1 Evacuation Pause) 237M->22M(368M) 1,400ms
[41,005s][info][gc] GC(255) Pause Young (G1 Evacuation Pause) 237M->22M(368M) 1,183ms
[41,238s][info][gc] GC(256) Pause Young (G1 Evacuation Pause) 237M->22M(368M) 1,819ms
[41,491s][info][gc] GC(257) Pause Young (G1 Evacuation Pause) 237M->22M(368M) 1,799ms
[41,724s][info][gc] GC(258) Pause Young (G1 Evacuation Pause) 236M->22M(368M) 1,343ms
[41,973s][info][gc] GC(259) Pause Young (G1 Evacuation Pause) 237M->22M(368M) 1,655ms
[42,205s][info][gc] GC(260) Pause Young (G1 Evacuation Pause) 237M->22M(368M) 1,179ms
[42,451s][info][gc] GC(261) Pause Young (G1 Evacuation Pause) 237M->22M(368M) 1,835ms
[42,705s][info][gc] GC(262) Pause Young (G1 Evacuation Pause) 237M->22M(368M) 1,669ms
[42,961s][info][gc] GC(263) Pause Young (G1 Evacuation Pause) 236M->22M(368M) 2,311ms
[43,198s][info][gc] GC(264) Pause Young (G1 Evacuation Pause) 237M->21M(368M) 1,956ms
[43,431s][info][gc] GC(265) Pause Young (G1 Evacuation Pause) 236M->22M(368M) 1,910ms
[43,663s][info][gc] GC(266) Pause Young (G1 Evacuation Pause) 237M->22M(368M) 1,202ms
[43,905s][info][gc] GC(267) Pause Young (G1 Evacuation Pause) 237M->22M(368M) 1,699ms
[44,147s][info][gc] GC(268) Pause Young (G1 Evacuation Pause) 237M->23M(368M) 1,338ms
[44,388s][info][gc] GC(269) Pause Young (G1 Evacuation Pause) 237M->22M(368M) 3,444ms
[44,626s][info][gc] GC(270) Pause Young (G1 Evacuation Pause) 237M->22M(368M) 1,337ms
[44,874s][info][gc] GC(271) Pause Young (G1 Evacuation Pause) 237M->22M(368M) 3,984ms
[45,130s][info][gc] GC(272) Pause Young (G1 Evacuation Pause) 237M->22M(368M) 1,815ms
[45,387s][info][gc] GC(273) Pause Young (G1 Evacuation Pause) 236M->22M(368M) 1,718ms
[45,621s][info][gc] GC(274) Pause Young (G1 Evacuation Pause) 237M->22M(368M) 1,431ms
[45,858s][info][gc] GC(275) Pause Young (G1 Evacuation Pause) 237M->21M(368M) 5,506ms
[46,090s][info][gc] GC(276) Pause Young (G1 Evacuation Pause) 236M->22M(368M) 1,089ms
[46,322s][info][gc] GC(277) Pause Young (G1 Evacuation Pause) 237M->22M(368M) 1,127ms
[46,554s][info][gc] GC(278) Pause Young (G1 Evacuation Pause) 237M->23M(368M) 1,213ms
[46,786s][info][gc] GC(279) Pause Young (G1 Evacuation Pause) 237M->22M(368M) 1,147ms
[47,018s][info][gc] GC(280) Pause Young (G1 Evacuation Pause) 237M->22M(368M) 1,291ms
[47,250s][info][gc] GC(281) Pause Young (G1 Evacuation Pause) 237M->22M(368M) 1,395ms
[47,483s][info][gc] GC(282) Pause Young (G1 Evacuation Pause) 237M->22M(368M) 1,339ms
[47,716s][info][gc] GC(283) Pause Young (G1 Evacuation Pause) 237M->22M(368M) 1,355ms
[47,974s][info][gc] GC(284) Pause Young (G1 Evacuation Pause) 236M->21M(368M) 2,818ms
[48,208s][info][gc] GC(285) Pause Young (G1 Evacuation Pause) 236M->22M(368M) 1,211ms
[48,458s][info][gc] GC(286) Pause Young (G1 Evacuation Pause) 237M->22M(368M) 2,654ms
[48,690s][info][gc] GC(287) Pause Young (G1 Evacuation Pause) 237M->22M(368M) 1,228ms
[48,922s][info][gc] GC(288) Pause Young (G1 Evacuation Pause) 237M->22M(368M) 1,302ms
[49,154s][info][gc] GC(289) Pause Young (G1 Evacuation Pause) 236M->22M(368M) 1,144ms
[49,395s][info][gc] GC(290) Pause Young (G1 Evacuation Pause) 237M->21M(368M) 3,754ms
[49,628s][info][gc] GC(291) Pause Young (G1 Evacuation Pause) 236M->22M(368M) 1,212ms
[49,865s][info][gc] GC(292) Pause Young (G1 Evacuation Pause) 237M->22M(368M) 4,011ms
[50,121s][info][gc] GC(293) Pause Young (G1 Evacuation Pause) 237M->22M(368M) 1,927ms
[50,355s][info][gc] GC(294) Pause Young (G1 Evacuation Pause) 237M->22M(368M) 2,429ms
[50,588s][info][gc] GC(295) Pause Young (G1 Evacuation Pause) 236M->22M(368M) 1,718ms
[50,820s][info][gc] GC(296) Pause Young (G1 Evacuation Pause) 237M->22M(368M) 1,135ms
[51,052s][info][gc] GC(297) Pause Young (G1 Evacuation Pause) 237M->22M(368M) 1,236ms
[51,284s][info][gc] GC(298) Pause Young (G1 Evacuation Pause) 237M->22M(368M) 1,107ms
[51,537s][info][gc] GC(299) Pause Young (G1 Evacuation Pause) 237M->22M(368M) 1,733ms
[51,791s][info][gc] GC(300) Pause Young (G1 Evacuation Pause) 236M->22M(368M) 1,568ms
[52,029s][info][gc] GC(301) Pause Young (G1 Evacuation Pause) 237M->22M(368M) 1,239ms
[52,261s][info][gc] GC(302) Pause Young (G1 Evacuation Pause) 237M->22M(368M) 1,188ms
[52,502s][info][gc] GC(303) Pause Young (G1 Evacuation Pause) 237M->22M(368M) 4,062ms
[52,744s][info][gc] GC(304) Pause Young (G1 Evacuation Pause) 237M->22M(368M) 7,228ms
[52,979s][info][gc] GC(305) Pause Young (G1 Evacuation Pause) 236M->22M(368M) 1,042ms
[53,219s][info][gc] GC(306) Pause Young (G1 Evacuation Pause) 237M->22M(368M) 2,871ms
[53,478s][info][gc] GC(307) Pause Young (G1 Evacuation Pause) 237M->22M(368M) 1,768ms
[53,732s][info][gc] GC(308) Pause Young (G1 Evacuation Pause) 237M->22M(368M) 1,712ms
[53,986s][info][gc] GC(309) Pause Young (G1 Evacuation Pause) 237M->22M(368M) 1,675ms
[54,219s][info][gc] GC(310) Pause Young (G1 Evacuation Pause) 236M->22M(368M) 1,045ms
[54,470s][info][gc] GC(311) Pause Young (G1 Evacuation Pause) 237M->22M(368M) 2,311ms
[54,705s][info][gc] GC(312) Pause Young (G1 Evacuation Pause) 237M->22M(368M) 1,390ms
[54,953s][info][gc] GC(313) Pause Young (G1 Evacuation Pause) 237M->22M(368M) 1,617ms
[55,205s][info][gc] GC(314) Pause Young (G1 Evacuation Pause) 237M->22M(368M) 1,583ms
[55,444s][info][gc] GC(315) Pause Young (G1 Evacuation Pause) 237M->23M(368M) 1,357ms
[55,676s][info][gc] GC(316) Pause Young (G1 Evacuation Pause) 237M->22M(368M) 1,139ms
[55,908s][info][gc] GC(317) Pause Young (G1 Evacuation Pause) 237M->22M(368M) 1,309ms
[56,141s][info][gc] GC(318) Pause Young (G1 Evacuation Pause) 237M->22M(368M) 1,341ms
[56,383s][info][gc] GC(319) Pause Young (G1 Evacuation Pause) 237M->22M(368M) 3,966ms
[56,624s][info][gc] GC(320) Pause Young (G1 Evacuation Pause) 237M->22M(368M) 2,013ms
[56,856s][info][gc] GC(321) Pause Young (G1 Evacuation Pause) 236M->22M(368M) 1,057ms
[57,088s][info][gc] GC(322) Pause Young (G1 Evacuation Pause) 237M->22M(368M) 1,080ms
[57,320s][info][gc] GC(323) Pause Young (G1 Evacuation Pause) 237M->22M(368M) 1,240ms
[57,577s][info][gc] GC(324) Pause Young (G1 Evacuation Pause) 237M->22M(368M) 2,339ms
[57,810s][info][gc] GC(325) Pause Young (G1 Evacuation Pause) 237M->22M(368M) 1,328ms
[58,066s][info][gc] GC(326) Pause Young (G1 Evacuation Pause) 236M->22M(368M) 1,307ms
[58,299s][info][gc] GC(327) Pause Young (G1 Evacuation Pause) 237M->22M(368M) 1,328ms
[58,531s][info][gc] GC(328) Pause Young (G1 Evacuation Pause) 237M->22M(368M) 1,211ms
[58,763s][info][gc] GC(329) Pause Young (G1 Evacuation Pause) 237M->22M(368M) 1,376ms
[59,016s][info][gc] GC(330) Pause Young (G1 Evacuation Pause) 237M->22M(368M) 1,713ms
[59,270s][info][gc] GC(331) Pause Young (G1 Evacuation Pause) 237M->23M(368M) 1,906ms
[59,535s][info][gc] GC(332) Pause Young (G1 Evacuation Pause) 237M->22M(368M) 2,305ms
[59,769s][info][gc] GC(333) Pause Young (G1 Evacuation Pause) 237M->22M(368M) 1,203ms
[60,020s][info][gc] GC(334) Pause Young (G1 Evacuation Pause) 237M->22M(368M) 1,605ms
[60,256s][info][gc] GC(335) Pause Young (G1 Evacuation Pause) 237M->22M(368M) 1,257ms
[60,488s][info][gc] GC(336) Pause Young (G1 Evacuation Pause) 237M->22M(368M) 1,171ms
[60,720s][info][gc] GC(337) Pause Young (G1 Evacuation Pause) 237M->23M(368M) 1,132ms
[60,968s][info][gc] GC(338) Pause Young (G1 Evacuation Pause) 237M->22M(368M) 1,615ms
[61,222s][info][gc] GC(339) Pause Young (G1 Evacuation Pause) 237M->22M(368M) 1,781ms
[61,476s][info][gc] GC(340) Pause Young (G1 Evacuation Pause) 237M->22M(368M) 1,762ms
[61,733s][info][gc] GC(341) Pause Young (G1 Evacuation Pause) 237M->22M(368M) 1,478ms
[61,983s][info][gc] GC(342) Pause Young (G1 Evacuation Pause) 237M->22M(368M) 2,204ms
[62,239s][info][gc] GC(343) Pause Young (G1 Evacuation Pause) 237M->22M(368M) 3,435ms
[62,498s][info][gc] GC(344) Pause Young (G1 Evacuation Pause) 237M->22M(368M) 3,357ms
[62,744s][info][gc] GC(345) Pause Young (G1 Evacuation Pause) 236M->22M(368M) 1,778ms
[63,008s][info][gc] GC(346) Pause Young (G1 Evacuation Pause) 237M->22M(368M) 1,139ms
[63,240s][info][gc] GC(347) Pause Young (G1 Evacuation Pause) 237M->22M(368M) 1,241ms
[63,474s][info][gc] GC(348) Pause Young (G1 Evacuation Pause) 237M->22M(368M) 2,353ms
[63,707s][info][gc] GC(349) Pause Young (G1 Evacuation Pause) 237M->22M(368M) 1,414ms
[63,951s][info][gc] GC(350) Pause Young (G1 Evacuation Pause) 236M->22M(368M) 1,637ms
[64,205s][info][gc] GC(351) Pause Young (G1 Evacuation Pause) 237M->22M(368M) 1,804ms
[64,456s][info][gc] GC(352) Pause Young (G1 Evacuation Pause) 237M->22M(368M) 1,043ms
[64,698s][info][gc] GC(353) Pause Young (G1 Evacuation Pause) 237M->22M(368M) 1,272ms
[64,943s][info][gc] GC(354) Pause Young (G1 Evacuation Pause) 237M->22M(368M) 1,652ms
[65,197s][info][gc] GC(355) Pause Young (G1 Evacuation Pause) 236M->22M(368M) 1,700ms
[65,453s][info][gc] GC(356) Pause Young (G1 Evacuation Pause) 237M->22M(368M) 1,653ms
[65,686s][info][gc] GC(357) Pause Young (G1 Evacuation Pause) 237M->22M(368M) 1,067ms
[65,945s][info][gc] GC(358) Pause Young (G1 Evacuation Pause) 237M->22M(368M) 1,734ms
[66,199s][info][gc] GC(359) Pause Young (G1 Evacuation Pause) 237M->22M(368M) 1,846ms
[66,448s][info][gc] GC(360) Pause Young (G1 Evacuation Pause) 237M->22M(368M) 2,092ms
[66,680s][info][gc] GC(361) Pause Young (G1 Evacuation Pause) 236M->22M(368M) 1,161ms
[66,944s][info][gc] GC(362) Pause Young (G1 Evacuation Pause) 237M->22M(368M) 1,823ms
[67,198s][info][gc] GC(363) Pause Young (G1 Evacuation Pause) 237M->22M(368M) 1,821ms
[67,431s][info][gc] GC(364) Pause Young (G1 Evacuation Pause) 237M->22M(368M) 1,108ms
[67,663s][info][gc] GC(365) Pause Young (G1 Evacuation Pause) 237M->22M(368M) 1,278ms
[67,895s][info][gc] GC(366) Pause Young (G1 Evacuation Pause) 236M->22M(368M) 1,281ms
[68,142s][info][gc] GC(367) Pause Young (G1 Evacuation Pause) 237M->22M(368M) 1,229ms
[68,383s][info][gc] GC(368) Pause Young (G1 Evacuation Pause) 237M->22M(368M) 3,697ms
[68,625s][info][gc] GC(369) Pause Young (G1 Evacuation Pause) 237M->22M(368M) 1,102ms
[68,857s][info][gc] GC(370) Pause Young (G1 Evacuation Pause) 237M->23M(368M) 1,265ms
[69,089s][info][gc] GC(371) Pause Young (G1 Evacuation Pause) 237M->22M(368M) 1,140ms
[69,321s][info][gc] GC(372) Pause Young (G1 Evacuation Pause) 237M->22M(368M) 1,173ms
[69,554s][info][gc] GC(373) Pause Young (G1 Evacuation Pause) 237M->22M(368M) 1,130ms
[69,812s][info][gc] GC(374) Pause Young (G1 Evacuation Pause) 237M->22M(368M) 1,843ms
[70,072s][info][gc] GC(375) Pause Young (G1 Evacuation Pause) 237M->22M(368M) 1,628ms
[70,326s][info][gc] GC(376) Pause Young (G1 Evacuation Pause) 237M->23M(368M) 1,822ms
[70,584s][info][gc] GC(377) Pause Young (G1 Evacuation Pause) 237M->22M(368M) 1,598ms
[70,838s][info][gc] GC(378) Pause Young (G1 Evacuation Pause) 237M->22M(368M) 1,819ms
[71,098s][info][gc] GC(379) Pause Young (G1 Evacuation Pause) 237M->22M(368M) 1,955ms
[71,331s][info][gc] GC(380) Pause Young (G1 Evacuation Pause) 237M->22M(368M) 1,294ms
[71,588s][info][gc] GC(381) Pause Young (G1 Evacuation Pause) 237M->22M(368M) 1,775ms
[71,847s][info][gc] GC(382) Pause Young (G1 Evacuation Pause) 236M->21M(368M) 6,846ms
[72,087s][info][gc] GC(383) Pause Young (G1 Evacuation Pause) 236M->21M(368M) 2,694ms
[72,320s][info][gc] GC(384) Pause Young (G1 Evacuation Pause) 236M->22M(368M) 1,569ms
[72,567s][info][gc] GC(385) Pause Young (G1 Evacuation Pause) 237M->22M(368M) 1,069ms
[72,799s][info][gc] GC(386) Pause Young (G1 Evacuation Pause) 237M->22M(368M) 1,151ms
[73,047s][info][gc] GC(387) Pause Young (G1 Evacuation Pause) 236M->22M(368M) 1,220ms
[73,287s][info][gc] GC(388) Pause Young (G1 Evacuation Pause) 237M->22M(368M) 3,816ms
[73,554s][info][gc] GC(389) Pause Young (G1 Evacuation Pause) 237M->22M(368M) 2,733ms
[73,794s][info][gc] GC(390) Pause Young (G1 Evacuation Pause) 237M->22M(368M) 1,275ms
[74,048s][info][gc] GC(391) Pause Young (G1 Evacuation Pause) 237M->22M(368M) 1,797ms
[74,302s][info][gc] GC(392) Pause Young (G1 Evacuation Pause) 236M->22M(368M) 1,630ms
[74,566s][info][gc] GC(393) Pause Young (G1 Evacuation Pause) 237M->21M(368M) 1,728ms
[74,799s][info][gc] GC(394) Pause Young (G1 Evacuation Pause) 236M->22M(368M) 1,480ms
[75,042s][info][gc] GC(395) Pause Young (G1 Evacuation Pause) 237M->22M(368M) 1,413ms
[75,275s][info][gc] GC(396) Pause Young (G1 Evacuation Pause) 237M->22M(368M) 1,612ms
[75,528s][info][gc] GC(397) Pause Young (G1 Evacuation Pause) 237M->22M(368M) 1,882ms
[75,783s][info][gc] GC(398) Pause Young (G1 Evacuation Pause) 236M->22M(368M) 2,014ms
[76,038s][info][gc] GC(399) Pause Young (G1 Evacuation Pause) 237M->22M(368M) 2,224ms
[76,293s][info][gc] GC(400) Pause Young (G1 Evacuation Pause) 237M->22M(368M) 2,148ms
[76,550s][info][gc] GC(401) Pause Young (G1 Evacuation Pause) 237M->22M(368M) 1,242ms
[76,782s][info][gc] GC(402) Pause Young (G1 Evacuation Pause) 237M->22M(368M) 1,254ms
[77,014s][info][gc] GC(403) Pause Young (G1 Evacuation Pause) 236M->22M(368M) 1,059ms
[77,246s][info][gc] GC(404) Pause Young (G1 Evacuation Pause) 237M->22M(368M) 1,124ms
[77,502s][info][gc] GC(405) Pause Young (G1 Evacuation Pause) 237M->22M(368M) 2,252ms
[77,756s][info][gc] GC(406) Pause Young (G1 Evacuation Pause) 237M->22M(368M) 1,743ms
[78,015s][info][gc] GC(407) Pause Young (G1 Evacuation Pause) 237M->22M(368M) 2,017ms
[78,247s][info][gc] GC(408) Pause Young (G1 Evacuation Pause) 236M->22M(368M) 1,172ms
[78,511s][info][gc] GC(409) Pause Young (G1 Evacuation Pause) 237M->22M(368M) 1,667ms
[78,765s][info][gc] GC(410) Pause Young (G1 Evacuation Pause) 237M->22M(368M) 1,722ms
[79,019s][info][gc] GC(411) Pause Young (G1 Evacuation Pause) 237M->22M(368M) 1,757ms
[79,252s][info][gc] GC(412) Pause Young (G1 Evacuation Pause) 237M->22M(368M) 1,315ms
[79,499s][info][gc] GC(413) Pause Young (G1 Evacuation Pause) 236M->22M(368M) 1,068ms
[79,731s][info][gc] GC(414) Pause Young (G1 Evacuation Pause) 237M->22M(368M) 1,142ms
[79,974s][info][gc] GC(415) Pause Young (G1 Evacuation Pause) 237M->22M(368M) 2,221ms
[80,228s][info][gc] GC(416) Pause Young (G1 Evacuation Pause) 237M->22M(368M) 1,589ms
[80,484s][info][gc] GC(417) Pause Young (G1 Evacuation Pause) 237M->22M(368M) 2,798ms
[80,732s][info][gc] GC(418) Pause Young (G1 Evacuation Pause) 237M->22M(368M) 1,694ms
[80,986s][info][gc] GC(419) Pause Young (G1 Evacuation Pause) 236M->22M(368M) 1,780ms
[81,240s][info][gc] GC(420) Pause Young (G1 Evacuation Pause) 237M->22M(368M) 1,623ms
[81,472s][info][gc] GC(421) Pause Young (G1 Evacuation Pause) 237M->22M(368M) 1,233ms
[81,704s][info][gc] GC(422) Pause Young (G1 Evacuation Pause) 237M->22M(368M) 1,104ms
[81,954s][info][gc] GC(423) Pause Young (G1 Evacuation Pause) 236M->21M(368M) 2,151ms
[82,216s][info][gc] GC(424) Pause Young (G1 Evacuation Pause) 236M->21M(368M) 2,327ms
[82,474s][info][gc] GC(425) Pause Young (G1 Evacuation Pause) 236M->22M(368M) 4,784ms
[82,728s][info][gc] GC(426) Pause Young (G1 Evacuation Pause) 237M->22M(368M) 1,684ms
[82,974s][info][gc] GC(427) Pause Young (G1 Evacuation Pause) 237M->22M(368M) 1,960ms
[83,206s][info][gc] GC(428) Pause Young (G1 Evacuation Pause) 237M->22M(368M) 1,135ms
[83,454s][info][gc] GC(429) Pause Young (G1 Evacuation Pause) 237M->23M(368M) 1,863ms
[83,712s][info][gc] GC(430) Pause Young (G1 Evacuation Pause) 237M->22M(368M) 3,926ms
[83,964s][info][gc] GC(431) Pause Young (G1 Evacuation Pause) 237M->22M(368M) 2,276ms
[84,222s][info][gc] GC(432) Pause Young (G1 Evacuation Pause) 237M->22M(368M) 1,732ms
[84,479s][info][gc] GC(433) Pause Young (G1 Evacuation Pause) 237M->22M(368M) 1,467ms
[84,711s][info][gc] GC(434) Pause Young (G1 Evacuation Pause) 236M->22M(368M) 1,109ms
[84,959s][info][gc] GC(435) Pause Young (G1 Evacuation Pause) 237M->22M(368M) 1,780ms
[85,213s][info][gc] GC(436) Pause Young (G1 Evacuation Pause) 237M->22M(368M) 1,743ms
[85,472s][info][gc] GC(437) Pause Young (G1 Evacuation Pause) 237M->22M(368M) 1,611ms
[85,726s][info][gc] GC(438) Pause Young (G1 Evacuation Pause) 237M->22M(368M) 1,648ms
[85,980s][info][gc] GC(439) Pause Young (G1 Evacuation Pause) 237M->22M(368M) 1,666ms
[86,234s][info][gc] GC(440) Pause Young (G1 Evacuation Pause) 236M->22M(368M) 1,861ms
[86,496s][info][gc] GC(441) Pause Young (G1 Evacuation Pause) 237M->22M(368M) 1,615ms
[86,729s][info][gc] GC(442) Pause Young (G1 Evacuation Pause) 237M->22M(368M) 1,074ms
[86,962s][info][gc] GC(443) Pause Young (G1 Evacuation Pause) 237M->22M(368M) 1,693ms
[87,194s][info][gc] GC(444) Pause Young (G1 Evacuation Pause) 236M->22M(368M) 1,293ms
[87,427s][info][gc] GC(445) Pause Young (G1 Evacuation Pause) 237M->22M(368M) 1,309ms
[87,660s][info][gc] GC(446) Pause Young (G1 Evacuation Pause) 237M->22M(368M) 1,202ms
[87,901s][info][gc] GC(447) Pause Young (G1 Evacuation Pause) 237M->22M(368M) 2,301ms
[88,142s][info][gc] GC(448) Pause Young (G1 Evacuation Pause) 237M->22M(368M) 1,164ms
[88,418s][info][gc] GC(449) Pause Young (G1 Evacuation Pause) 237M->22M(368M) 3,300ms
[88,666s][info][gc] GC(450) Pause Young (G1 Evacuation Pause) 236M->22M(368M) 1,210ms
[88,910s][info][gc] GC(451) Pause Young (G1 Evacuation Pause) 237M->22M(368M) 2,194ms
[89,144s][info][gc] GC(452) Pause Young (G1 Evacuation Pause) 237M->22M(368M) 1,400ms
[89,385s][info][gc] GC(453) Pause Young (G1 Evacuation Pause) 237M->22M(368M) 3,977ms
[89,653s][info][gc] GC(454) Pause Young (G1 Evacuation Pause) 237M->22M(368M) 1,907ms
[89,920s][info][gc] GC(455) Pause Young (G1 Evacuation Pause) 237M->23M(368M) 4,056ms
[90,182s][info][gc] GC(456) Pause Young (G1 Evacuation Pause) 237M->22M(368M) 1,794ms
[90,432s][info][gc] GC(457) Pause Young (G1 Evacuation Pause) 237M->22M(368M) 1,077ms
[90,664s][info][gc] GC(458) Pause Young (G1 Evacuation Pause) 237M->22M(368M) 1,270ms
[90,906s][info][gc] GC(459) Pause Young (G1 Evacuation Pause) 237M->22M(368M) 1,893ms
[91,140s][info][gc] GC(460) Pause Young (G1 Evacuation Pause) 236M->22M(368M) 1,533ms
[91,394s][info][gc] GC(461) Pause Young (G1 Evacuation Pause) 237M->21M(368M) 1,976ms
[91,648s][info][gc] GC(462) Pause Young (G1 Evacuation Pause) 236M->22M(368M) 2,271ms
[91,902s][info][gc] GC(463) Pause Young (G1 Evacuation Pause) 237M->22M(368M) 1,189ms
[92,134s][info][gc] GC(464) Pause Young (G1 Evacuation Pause) 237M->22M(368M) 1,262ms
[92,371s][info][gc] GC(465) Pause Young (G1 Evacuation Pause) 237M->22M(368M) 4,180ms
[92,611s][info][gc] GC(466) Pause Young (G1 Evacuation Pause) 236M->22M(368M) 1,019ms
[92,873s][info][gc] GC(467) Pause Young (G1 Evacuation Pause) 237M->21M(368M) 3,375ms
[93,117s][info][gc] GC(468) Pause Young (G1 Evacuation Pause) 236M->22M(368M) 1,123ms
[93,349s][info][gc] GC(469) Pause Young (G1 Evacuation Pause) 237M->22M(368M) 1,140ms
[93,607s][info][gc] GC(470) Pause Young (G1 Evacuation Pause) 237M->22M(368M) 1,654ms
[93,841s][info][gc] GC(471) Pause Young (G1 Evacuation Pause) 237M->23M(368M) 1,155ms
[94,073s][info][gc] GC(472) Pause Young (G1 Evacuation Pause) 237M->22M(368M) 1,318ms
[94,306s][info][gc] GC(473) Pause Young (G1 Evacuation Pause) 237M->22M(368M) 1,266ms
[94,538s][info][gc] GC(474) Pause Young (G1 Evacuation Pause) 237M->22M(368M) 1,184ms
[94,802s][info][gc] GC(475) Pause Young (G1 Evacuation Pause) 237M->22M(368M) 2,386ms
[95,049s][info][gc] GC(476) Pause Young (G1 Evacuation Pause) 236M->22M(368M) 1,161ms
[95,281s][info][gc] GC(477) Pause Young (G1 Evacuation Pause) 237M->22M(368M) 1,167ms
[95,533s][info][gc] GC(478) Pause Young (G1 Evacuation Pause) 237M->22M(368M) 1,720ms
[95,787s][info][gc] GC(479) Pause Young (G1 Evacuation Pause) 237M->22M(368M) 1,847ms
[96,037s][info][gc] GC(480) Pause Young (G1 Evacuation Pause) 237M->22M(368M) 1,406ms
[96,269s][info][gc] GC(481) Pause Young (G1 Evacuation Pause) 237M->23M(368M) 1,295ms
[96,515s][info][gc] GC(482) Pause Young (G1 Evacuation Pause) 237M->22M(368M) 1,205ms
[96,754s][info][gc] GC(483) Pause Young (G1 Evacuation Pause) 237M->22M(368M) 1,213ms
[97,006s][info][gc] GC(484) Pause Young (G1 Evacuation Pause) 237M->22M(368M) 1,845ms
[97,260s][info][gc] GC(485) Pause Young (G1 Evacuation Pause) 237M->22M(368M) 1,806ms
[97,517s][info][gc] GC(486) Pause Young (G1 Evacuation Pause) 237M->23M(368M) 1,637ms
[97,769s][info][gc] GC(487) Pause Young (G1 Evacuation Pause) 237M->21M(368M) 1,860ms
[98,001s][info][gc] GC(488) Pause Young (G1 Evacuation Pause) 236M->22M(368M) 1,139ms
[98,265s][info][gc] GC(489) Pause Young (G1 Evacuation Pause) 237M->22M(368M) 1,684ms
[98,523s][info][gc] GC(490) Pause Young (G1 Evacuation Pause) 237M->22M(368M) 1,905ms
[98,763s][info][gc] GC(491) Pause Young (G1 Evacuation Pause) 236M->21M(368M) 1,180ms
[99,015s][info][gc] GC(492) Pause Young (G1 Evacuation Pause) 236M->21M(368M) 1,764ms
[99,248s][info][gc] GC(493) Pause Young (G1 Evacuation Pause) 236M->22M(368M) 1,223ms
[99,496s][info][gc] GC(494) Pause Young (G1 Evacuation Pause) 237M->22M(368M) 1,583ms
[99,736s][info][gc] GC(495) Pause Young (G1 Evacuation Pause) 237M->22M(368M) 1,222ms
[99,968s][info][gc] GC(496) Pause Young (G1 Evacuation Pause) 237M->22M(368M) 1,121ms
[100,227s][info][gc] GC(497) Pause Young (G1 Evacuation Pause) 236M->22M(368M) 1,628ms
[100,479s][info][gc] GC(498) Pause Young (G1 Evacuation Pause) 237M->21M(368M) 1,104ms
[100,711s][info][gc] GC(499) Pause Young (G1 Evacuation Pause) 236M->22M(368M) 1,176ms
[100,957s][info][gc] GC(500) Pause Young (G1 Evacuation Pause) 237M->22M(368M) 1,422ms
[101,191s][info][gc] GC(501) Pause Young (G1 Evacuation Pause) 237M->22M(368M) 2,749ms
[101,435s][info][gc] GC(502) Pause Young (G1 Evacuation Pause) 236M->22M(368M) 1,665ms
[101,669s][info][gc] GC(503) Pause Young (G1 Evacuation Pause) 237M->22M(368M) 1,422ms
[101,911s][info][gc] GC(504) Pause Young (G1 Evacuation Pause) 237M->22M(368M) 2,412ms
[102,165s][info][gc] GC(505) Pause Young (G1 Evacuation Pause) 237M->22M(368M) 1,833ms
[102,407s][info][gc] GC(506) Pause Young (G1 Evacuation Pause) 237M->22M(368M) 2,374ms
[102,641s][info][gc] GC(507) Pause Young (G1 Evacuation Pause) 237M->22M(368M) 1,456ms
[102,873s][info][gc] GC(508) Pause Young (G1 Evacuation Pause) 236M->22M(368M) 1,307ms
[103,106s][info][gc] GC(509) Pause Young (G1 Evacuation Pause) 237M->22M(368M) 1,131ms
[103,338s][info][gc] GC(510) Pause Young (G1 Evacuation Pause) 237M->22M(368M) 1,105ms
[103,601s][info][gc] GC(511) Pause Young (G1 Evacuation Pause) 237M->22M(368M) 1,728ms
[103,835s][info][gc] GC(512) Pause Young (G1 Evacuation Pause) 237M->22M(368M) 1,687ms
[104,093s][info][gc] GC(513) Pause Young (G1 Evacuation Pause) 236M->22M(368M) 1,748ms
[104,347s][info][gc] GC(514) Pause Young (G1 Evacuation Pause) 237M->22M(368M) 1,639ms
[104,588s][info][gc] GC(515) Pause Young (G1 Evacuation Pause) 237M->22M(368M) 1,052ms
[104,841s][info][gc] GC(516) Pause Young (G1 Evacuation Pause) 237M->22M(368M) 1,695ms
[105,100s][info][gc] GC(517) Pause Young (G1 Evacuation Pause) 237M->22M(368M) 1,802ms
[105,352s][info][gc] GC(518) Pause Young (G1 Evacuation Pause) 236M->21M(368M) 1,317ms
[105,584s][info][gc] GC(519) Pause Young (G1 Evacuation Pause) 236M->22M(368M) 1,252ms
[105,817s][info][gc] GC(520) Pause Young (G1 Evacuation Pause) 237M->22M(368M) 1,344ms
[106,064s][info][gc] GC(521) Pause Young (G1 Evacuation Pause) 237M->22M(368M) 1,109ms
[106,296s][info][gc] GC(522) Pause Young (G1 Evacuation Pause) 237M->22M(368M) 1,240ms
[106,528s][info][gc] GC(523) Pause Young (G1 Evacuation Pause) 237M->23M(368M) 1,264ms
[106,760s][info][gc] GC(524) Pause Young (G1 Evacuation Pause) 237M->22M(368M) 1,208ms
[106,992s][info][gc] GC(525) Pause Young (G1 Evacuation Pause) 237M->22M(368M) 1,240ms
[107,224s][info][gc] GC(526) Pause Young (G1 Evacuation Pause) 237M->22M(368M) 1,107ms
[107,479s][info][gc] GC(527) Pause Young (G1 Evacuation Pause) 237M->22M(368M) 2,397ms
[107,733s][info][gc] GC(528) Pause Young (G1 Evacuation Pause) 237M->23M(368M) 1,720ms
[107,986s][info][gc] GC(529) Pause Young (G1 Evacuation Pause) 237M->22M(368M) 1,521ms
[108,218s][info][gc] GC(530) Pause Young (G1 Evacuation Pause) 237M->22M(368M) 1,061ms
[108,455s][info][gc] GC(531) Pause Young (G1 Evacuation Pause) 237M->21M(368M) 5,647ms
[108,687s][info][gc] GC(532) Pause Young (G1 Evacuation Pause) 236M->22M(368M) 1,235ms
[108,931s][info][gc] GC(533) Pause Young (G1 Evacuation Pause) 237M->22M(368M) 1,603ms
[109,184s][info][gc] GC(534) Pause Young (G1 Evacuation Pause) 237M->23M(368M) 1,799ms
[109,431s][info][gc] GC(535) Pause Young (G1 Evacuation Pause) 237M->22M(368M) 1,563ms
[109,663s][info][gc] GC(536) Pause Young (G1 Evacuation Pause) 237M->22M(368M) 1,091ms
[109,895s][info][gc] GC(537) Pause Young (G1 Evacuation Pause) 237M->22M(368M) 1,106ms
[110,127s][info][gc] GC(538) Pause Young (G1 Evacuation Pause) 237M->22M(368M) 1,302ms
[110,359s][info][gc] GC(539) Pause Young (G1 Evacuation Pause) 237M->23M(368M) 1,306ms
[110,591s][info][gc] GC(540) Pause Young (G1 Evacuation Pause) 237M->22M(368M) 1,260ms
[110,825s][info][gc] GC(541) Pause Young (G1 Evacuation Pause) 237M->22M(368M) 1,469ms
[111,080s][info][gc] GC(542) Pause Young (G1 Evacuation Pause) 237M->22M(368M) 1,758ms
[111,334s][info][gc] GC(543) Pause Young (G1 Evacuation Pause) 237M->22M(368M) 1,891ms
[111,568s][info][gc] GC(544) Pause Young (G1 Evacuation Pause) 236M->21M(368M) 1,020ms
[111,813s][info][gc] GC(545) Pause Young (G1 Evacuation Pause) 236M->22M(368M) 1,301ms
[112,068s][info][gc] GC(546) Pause Young (G1 Evacuation Pause) 237M->22M(368M) 1,715ms
[112,325s][info][gc] GC(547) Pause Young (G1 Evacuation Pause) 237M->22M(368M) 1,868ms
[112,569s][info][gc] GC(548) Pause Young (G1 Evacuation Pause) 237M->22M(368M) 1,227ms
[112,801s][info][gc] GC(549) Pause Young (G1 Evacuation Pause) 237M->22M(368M) 1,123ms
[113,050s][info][gc] GC(550) Pause Young (G1 Evacuation Pause) 236M->22M(368M) 1,103ms
[113,298s][info][gc] GC(551) Pause Young (G1 Evacuation Pause) 237M->21M(368M) 3,186ms
[113,552s][info][gc] GC(552) Pause Young (G1 Evacuation Pause) 236M->22M(368M) 1,593ms
[113,806s][info][gc] GC(553) Pause Young (G1 Evacuation Pause) 237M->22M(368M) 2,116ms
[114,046s][info][gc] GC(554) Pause Young (G1 Evacuation Pause) 236M->21M(368M) 1,120ms
[114,278s][info][gc] GC(555) Pause Young (G1 Evacuation Pause) 236M->22M(368M) 1,191ms
[114,533s][info][gc] GC(556) Pause Young (G1 Evacuation Pause) 237M->22M(368M) 1,728ms
[114,776s][info][gc] GC(557) Pause Young (G1 Evacuation Pause) 237M->22M(368M) 1,453ms
[115,019s][info][gc] GC(558) Pause Young (G1 Evacuation Pause) 237M->22M(368M) 1,502ms
[115,251s][info][gc] GC(559) Pause Young (G1 Evacuation Pause) 237M->22M(368M) 1,228ms
[115,484s][info][gc] GC(560) Pause Young (G1 Evacuation Pause) 236M->22M(368M) 1,486ms
[115,717s][info][gc] GC(561) Pause Young (G1 Evacuation Pause) 237M->22M(368M) 1,818ms
[115,973s][info][gc] GC(562) Pause Young (G1 Evacuation Pause) 237M->22M(368M) 1,269ms
[116,206s][info][gc] GC(563) Pause Young (G1 Evacuation Pause) 237M->22M(368M) 1,837ms
[116,438s][info][gc] GC(564) Pause Young (G1 Evacuation Pause) 237M->22M(368M) 1,341ms
[116,670s][info][gc] GC(565) Pause Young (G1 Evacuation Pause) 236M->22M(368M) 1,329ms
[116,918s][info][gc] GC(566) Pause Young (G1 Evacuation Pause) 237M->22M(368M) 3,765ms
[117,187s][info][gc] GC(567) Pause Young (G1 Evacuation Pause) 237M->22M(368M) 1,827ms
[117,447s][info][gc] GC(568) Pause Young (G1 Evacuation Pause) 237M->22M(368M) 1,755ms
[117,693s][info][gc] GC(569) Pause Young (G1 Evacuation Pause) 237M->22M(368M) 1,554ms
[117,926s][info][gc] GC(570) Pause Young (G1 Evacuation Pause) 237M->22M(368M) 1,281ms
[118,158s][info][gc] GC(571) Pause Young (G1 Evacuation Pause) 236M->22M(368M) 1,191ms
[118,398s][info][gc] GC(572) Pause Young (G1 Evacuation Pause) 237M->22M(368M) 3,018ms
[118,636s][info][gc] GC(573) Pause Young (G1 Evacuation Pause) 237M->22M(368M) 1,202ms
[118,868s][info][gc] GC(574) Pause Young (G1 Evacuation Pause) 237M->22M(368M) 1,182ms
[119,100s][info][gc] GC(575) Pause Young (G1 Evacuation Pause) 237M->22M(368M) 1,209ms
[119,332s][info][gc] GC(576) Pause Young (G1 Evacuation Pause) 236M->22M(368M) 1,301ms
[119,592s][info][gc] GC(577) Pause Young (G1 Evacuation Pause) 237M->21M(368M) 1,892ms
[119,837s][info][gc] GC(578) Pause Young (G1 Evacuation Pause) 236M->22M(368M) 1,341ms
[120,100s][info][gc] GC(579) Pause Young (G1 Evacuation Pause) 237M->22M(368M) 1,619ms
[120,356s][info][gc] GC(580) Pause Young (G1 Evacuation Pause) 237M->22M(368M) 3,255ms
[120,601s][info][gc] GC(581) Pause Young (G1 Evacuation Pause) 237M->23M(368M) 1,131ms
[120,841s][info][gc] GC(582) Pause Young (G1 Evacuation Pause) 237M->22M(368M) 1,295ms
[121,074s][info][gc] GC(583) Pause Young (G1 Evacuation Pause) 237M->22M(368M) 1,349ms
[121,307s][info][gc] GC(584) Pause Young (G1 Evacuation Pause) 237M->22M(368M) 1,205ms
[121,563s][info][gc] GC(585) Pause Young (G1 Evacuation Pause) 237M->22M(368M) 1,713ms
[121,814s][info][gc] GC(586) Pause Young (G1 Evacuation Pause) 236M->22M(368M) 1,215ms
[122,046s][info][gc] GC(587) Pause Young (G1 Evacuation Pause) 237M->21M(368M) 1,150ms
[122,278s][info][gc] GC(588) Pause Young (G1 Evacuation Pause) 236M->22M(368M) 1,232ms
[122,530s][info][gc] GC(589) Pause Young (G1 Evacuation Pause) 237M->22M(368M) 1,870ms
[122,763s][info][gc] GC(590) Pause Young (G1 Evacuation Pause) 237M->22M(368M) 1,238ms
[123,014s][info][gc] GC(591) Pause Young (G1 Evacuation Pause) 237M->22M(368M) 2,492ms
[123,246s][info][gc] GC(592) Pause Young (G1 Evacuation Pause) 236M->22M(368M) 1,195ms
[123,478s][info][gc] GC(593) Pause Young (G1 Evacuation Pause) 237M->22M(368M) 1,203ms
[123,710s][info][gc] GC(594) Pause Young (G1 Evacuation Pause) 237M->22M(368M) 1,383ms
[123,943s][info][gc] GC(595) Pause Young (G1 Evacuation Pause) 237M->22M(368M) 1,334ms
[124,177s][info][gc] GC(596) Pause Young (G1 Evacuation Pause) 237M->22M(368M) 1,385ms
[124,423s][info][gc] GC(597) Pause Young (G1 Evacuation Pause) 236M->22M(368M) 1,698ms
[124,657s][info][gc] GC(598) Pause Young (G1 Evacuation Pause) 237M->22M(368M) 1,171ms
[124,889s][info][gc] GC(599) Pause Young (G1 Evacuation Pause) 237M->22M(368M) 1,086ms
[125,121s][info][gc] GC(600) Pause Young (G1 Evacuation Pause) 237M->22M(368M) 1,241ms
[125,353s][info][gc] GC(601) Pause Young (G1 Evacuation Pause) 237M->22M(368M) 1,122ms
[125,585s][info][gc] GC(602) Pause Young (G1 Evacuation Pause) 237M->23M(368M) 1,193ms
[125,817s][info][gc] GC(603) Pause Young (G1 Evacuation Pause) 237M->22M(368M) 1,190ms
[126,049s][info][gc] GC(604) Pause Young (G1 Evacuation Pause) 237M->22M(368M) 1,096ms
[126,281s][info][gc] GC(605) Pause Young (G1 Evacuation Pause) 237M->22M(368M) 1,119ms
[126,539s][info][gc] GC(606) Pause Young (G1 Evacuation Pause) 237M->22M(368M) 2,302ms
[126,781s][info][gc] GC(607) Pause Young (G1 Evacuation Pause) 237M->23M(368M) 1,364ms
[127,027s][info][gc] GC(608) Pause Young (G1 Evacuation Pause) 237M->22M(368M) 1,388ms
[127,260s][info][gc] GC(609) Pause Young (G1 Evacuation Pause) 237M->22M(368M) 1,410ms
[127,506s][info][gc] GC(610) Pause Young (G1 Evacuation Pause) 237M->22M(368M) 1,397ms
[127,739s][info][gc] GC(611) Pause Young (G1 Evacuation Pause) 237M->22M(368M) 1,394ms
[127,972s][info][gc] GC(612) Pause Young (G1 Evacuation Pause) 237M->22M(368M) 1,550ms
[128,230s][info][gc] GC(613) Pause Young (G1 Evacuation Pause) 236M->22M(368M) 1,726ms
[128,490s][info][gc] GC(614) Pause Young (G1 Evacuation Pause) 237M->22M(368M) 6,160ms
[128,723s][info][gc] GC(615) Pause Young (G1 Evacuation Pause) 237M->22M(368M) 1,129ms
[128,972s][info][gc] GC(616) Pause Young (G1 Evacuation Pause) 237M->22M(368M) 1,764ms
[129,211s][info][gc] GC(617) Pause Young (G1 Evacuation Pause) 237M->22M(368M) 2,942ms
[129,447s][info][gc] GC(618) Pause Young (G1 Evacuation Pause) 236M->22M(368M) 3,736ms
[129,694s][info][gc] GC(619) Pause Young (G1 Evacuation Pause) 237M->22M(368M) 1,226ms
[129,949s][info][gc] GC(620) Pause Young (G1 Evacuation Pause) 237M->22M(368M) 1,593ms
[130,201s][info][gc] GC(621) Pause Young (G1 Evacuation Pause) 237M->22M(368M) 1,866ms
[130,449s][info][gc] GC(622) Pause Young (G1 Evacuation Pause) 237M->22M(368M) 1,839ms
[130,703s][info][gc] GC(623) Pause Young (G1 Evacuation Pause) 237M->23M(368M) 1,909ms
[130,949s][info][gc] GC(624) Pause Young (G1 Evacuation Pause) 237M->22M(368M) 1,066ms
[131,181s][info][gc] GC(625) Pause Young (G1 Evacuation Pause) 237M->22M(368M) 1,085ms
[131,414s][info][gc] GC(626) Pause Young (G1 Evacuation Pause) 237M->22M(368M) 1,664ms
[131,646s][info][gc] GC(627) Pause Young (G1 Evacuation Pause) 237M->22M(368M) 1,295ms
[131,887s][info][gc] GC(628) Pause Young (G1 Evacuation Pause) 237M->22M(368M) 4,086ms
[132,123s][info][gc] GC(629) Pause Young (G1 Evacuation Pause) 236M->21M(368M) 1,569ms
[132,355s][info][gc] GC(630) Pause Young (G1 Evacuation Pause) 236M->22M(368M) 1,310ms
[132,603s][info][gc] GC(631) Pause Young (G1 Evacuation Pause) 237M->22M(368M) 1,249ms
[132,836s][info][gc] GC(632) Pause Young (G1 Evacuation Pause) 237M->22M(368M) 1,432ms
[133,093s][info][gc] GC(633) Pause Young (G1 Evacuation Pause) 237M->22M(368M) 3,093ms
[133,358s][info][gc] GC(634) Pause Young (G1 Evacuation Pause) 236M->22M(368M) 1,604ms
[133,618s][info][gc] GC(635) Pause Young (G1 Evacuation Pause) 237M->22M(368M) 4,146ms
[133,885s][info][gc] GC(636) Pause Young (G1 Evacuation Pause) 237M->22M(368M) 2,336ms
[134,139s][info][gc] GC(637) Pause Young (G1 Evacuation Pause) 237M->22M(368M) 1,697ms
[134,389s][info][gc] GC(638) Pause Young (G1 Evacuation Pause) 237M->22M(368M) 1,128ms
[134,621s][info][gc] GC(639) Pause Young (G1 Evacuation Pause) 236M->22M(368M) 1,031ms
[134,854s][info][gc] GC(640) Pause Young (G1 Evacuation Pause) 237M->21M(368M) 1,910ms
[135,086s][info][gc] GC(641) Pause Young (G1 Evacuation Pause) 236M->22M(368M) 1,201ms
[135,318s][info][gc] GC(642) Pause Young (G1 Evacuation Pause) 237M->22M(368M) 1,211ms
[135,556s][info][gc] GC(643) Pause Young (G1 Evacuation Pause) 237M->22M(368M) 1,522ms
[135,793s][info][gc] GC(644) Pause Young (G1 Evacuation Pause) 236M->22M(368M) 1,142ms
[136,038s][info][gc] GC(645) Pause Young (G1 Evacuation Pause) 237M->22M(368M) 1,187ms
[136,282s][info][gc] GC(646) Pause Young (G1 Evacuation Pause) 237M->22M(368M) 1,486ms
[136,524s][info][gc] GC(647) Pause Young (G1 Evacuation Pause) 237M->22M(368M) 1,207ms
[136,784s][info][gc] GC(648) Pause Young (G1 Evacuation Pause) 237M->22M(368M) 1,284ms
[137,018s][info][gc] GC(649) Pause Young (G1 Evacuation Pause) 237M->23M(368M) 1,472ms
[137,251s][info][gc] GC(650) Pause Young (G1 Evacuation Pause) 237M->22M(368M) 1,419ms
[137,516s][info][gc] GC(651) Pause Young (G1 Evacuation Pause) 237M->22M(368M) 2,255ms
[137,777s][info][gc] GC(652) Pause Young (G1 Evacuation Pause) 237M->22M(368M) 1,840ms
[138,028s][info][gc] GC(653) Pause Young (G1 Evacuation Pause) 237M->22M(368M) 1,162ms
[138,260s][info][gc] GC(654) Pause Young (G1 Evacuation Pause) 237M->22M(368M) 1,134ms
[138,492s][info][gc] GC(655) Pause Young (G1 Evacuation Pause) 236M->22M(368M) 1,154ms
[138,724s][info][gc] GC(656) Pause Young (G1 Evacuation Pause) 237M->22M(368M) 1,051ms
[138,957s][info][gc] GC(657) Pause Young (G1 Evacuation Pause) 237M->22M(368M) 1,509ms
[139,190s][info][gc] GC(658) Pause Young (G1 Evacuation Pause) 237M->22M(368M) 1,336ms
[139,436s][info][gc] GC(659) Pause Young (G1 Evacuation Pause) 237M->22M(368M) 1,723ms
[139,681s][info][gc] GC(660) Pause Young (G1 Evacuation Pause) 236M->22M(368M) 1,034ms
[139,948s][info][gc] GC(661) Pause Young (G1 Evacuation Pause) 237M->22M(368M) 1,711ms
[140,200s][info][gc] GC(662) Pause Young (G1 Evacuation Pause) 237M->22M(368M) 1,095ms
[140,452s][info][gc] GC(663) Pause Young (G1 Evacuation Pause) 237M->22M(368M) 1,820ms
[140,709s][info][gc] GC(664) Pause Young (G1 Evacuation Pause) 237M->22M(368M) 2,174ms
[140,998s][info][gc] GC(665) Pause Young (G1 Evacuation Pause) 236M->22M(368M) 1,959ms
[141,253s][info][gc] GC(666) Pause Young (G1 Evacuation Pause) 237M->22M(368M) 1,284ms
[141,510s][info][gc] GC(667) Pause Young (G1 Evacuation Pause) 237M->22M(368M) 1,104ms
[141,748s][info][gc] GC(668) Pause Young (G1 Evacuation Pause) 237M->22M(368M) 2,952ms
[141,994s][info][gc] GC(669) Pause Young (G1 Evacuation Pause) 237M->22M(368M) 1,258ms
[142,226s][info][gc] GC(670) Pause Young (G1 Evacuation Pause) 237M->23M(368M) 1,161ms
[142,472s][info][gc] GC(671) Pause Young (G1 Evacuation Pause) 237M->22M(368M) 1,264ms
[142,704s][info][gc] GC(672) Pause Young (G1 Evacuation Pause) 237M->22M(368M) 1,231ms
[142,943s][info][gc] GC(673) Pause Young (G1 Evacuation Pause) 237M->22M(368M) 6,092ms
[143,187s][info][gc] GC(674) Pause Young (G1 Evacuation Pause) 237M->22M(368M) 4,236ms
[143,434s][info][gc] GC(675) Pause Young (G1 Evacuation Pause) 237M->23M(368M) 1,534ms
[143,666s][info][gc] GC(676) Pause Young (G1 Evacuation Pause) 237M->22M(368M) 1,158ms
[143,902s][info][gc] GC(677) Pause Young (G1 Evacuation Pause) 237M->21M(368M) 5,066ms
[144,150s][info][gc] GC(678) Pause Young (G1 Evacuation Pause) 236M->22M(368M) 1,457ms
[144,397s][info][gc] GC(679) Pause Young (G1 Evacuation Pause) 237M->22M(368M) 1,081ms
[144,637s][info][gc] GC(680) Pause Young (G1 Evacuation Pause) 237M->22M(368M) 1,274ms
[144,870s][info][gc] GC(681) Pause Young (G1 Evacuation Pause) 236M->21M(368M) 1,978ms
[145,103s][info][gc] GC(682) Pause Young (G1 Evacuation Pause) 236M->22M(368M) 1,110ms
[145,346s][info][gc] GC(683) Pause Young (G1 Evacuation Pause) 237M->22M(368M) 1,206ms
[145,578s][info][gc] GC(684) Pause Young (G1 Evacuation Pause) 237M->22M(368M) 1,252ms
[145,810s][info][gc] GC(685) Pause Young (G1 Evacuation Pause) 237M->22M(368M) 1,169ms
[146,066s][info][gc] GC(686) Pause Young (G1 Evacuation Pause) 237M->23M(368M) 1,864ms
[146,320s][info][gc] GC(687) Pause Young (G1 Evacuation Pause) 237M->22M(368M) 1,502ms
[146,577s][info][gc] GC(688) Pause Young (G1 Evacuation Pause) 237M->22M(368M) 1,736ms
[146,831s][info][gc] GC(689) Pause Young (G1 Evacuation Pause) 237M->22M(368M) 1,895ms
[147,073s][info][gc] GC(690) Pause Young (G1 Evacuation Pause) 237M->22M(368M) 1,419ms
[147,326s][info][gc] GC(691) Pause Young (G1 Evacuation Pause) 236M->22M(368M) 10,638ms
[147,562s][info][gc] GC(692) Pause Young (G1 Evacuation Pause) 237M->22M(368M) 1,186ms
[147,804s][info][gc] GC(693) Pause Young (G1 Evacuation Pause) 237M->22M(368M) 1,403ms
[148,036s][info][gc] GC(694) Pause Young (G1 Evacuation Pause) 237M->22M(368M) 1,229ms
[148,284s][info][gc] GC(695) Pause Young (G1 Evacuation Pause) 237M->22M(368M) 1,386ms
[148,522s][info][gc] GC(696) Pause Young (G1 Evacuation Pause) 237M->22M(368M) 1,280ms
[148,766s][info][gc] GC(697) Pause Young (G1 Evacuation Pause) 236M->22M(368M) 1,654ms
[149,018s][info][gc] GC(698) Pause Young (G1 Evacuation Pause) 237M->22M(368M) 1,643ms
[149,251s][info][gc] GC(699) Pause Young (G1 Evacuation Pause) 237M->22M(368M) 1,613ms
[149,500s][info][gc] GC(700) Pause Young (G1 Evacuation Pause) 237M->22M(368M) 1,634ms
[149,739s][info][gc] GC(701) Pause Young (G1 Evacuation Pause) 237M->22M(368M) 1,207ms
[149,971s][info][gc] GC(702) Pause Young (G1 Evacuation Pause) 236M->22M(368M) 1,196ms
[150,203s][info][gc] GC(703) Pause Young (G1 Evacuation Pause) 237M->22M(368M) 1,193ms
[150,435s][info][gc] GC(704) Pause Young (G1 Evacuation Pause) 237M->22M(368M) 1,189ms
[150,689s][info][gc] GC(705) Pause Young (G1 Evacuation Pause) 237M->22M(368M) 4,386ms
[150,938s][info][gc] GC(706) Pause Young (G1 Evacuation Pause) 237M->22M(368M) 1,219ms
[151,170s][info][gc] GC(707) Pause Young (G1 Evacuation Pause) 236M->22M(368M) 1,139ms
[151,415s][info][gc] GC(708) Pause Young (G1 Evacuation Pause) 237M->22M(368M) 2,495ms
[151,679s][info][gc] GC(709) Pause Young (G1 Evacuation Pause) 237M->22M(368M) 1,838ms
[151,941s][info][gc] GC(710) Pause Young (G1 Evacuation Pause) 237M->22M(368M) 2,351ms
[152,197s][info][gc] GC(711) Pause Young (G1 Evacuation Pause) 237M->22M(368M) 1,637ms
[152,458s][info][gc] GC(712) Pause Young (G1 Evacuation Pause) 237M->22M(368M) 3,588ms
[152,694s][info][gc] GC(713) Pause Young (G1 Evacuation Pause) 236M->22M(368M) 1,058ms
[152,938s][info][gc] GC(714) Pause Young (G1 Evacuation Pause) 237M->22M(368M) 3,006ms
[153,171s][info][gc] GC(715) Pause Young (G1 Evacuation Pause) 237M->22M(368M) 1,234ms
[153,416s][info][gc] GC(716) Pause Young (G1 Evacuation Pause) 237M->22M(368M) 1,111ms
[153,648s][info][gc] GC(717) Pause Young (G1 Evacuation Pause) 237M->23M(368M) 1,179ms
[153,880s][info][gc] GC(718) Pause Young (G1 Evacuation Pause) 237M->22M(368M) 1,160ms
[154,112s][info][gc] GC(719) Pause Young (G1 Evacuation Pause) 237M->22M(368M) 1,195ms
[154,344s][info][gc] GC(720) Pause Young (G1 Evacuation Pause) 237M->22M(368M) 1,156ms
[154,590s][info][gc] GC(721) Pause Young (G1 Evacuation Pause) 237M->22M(368M) 1,393ms
[154,822s][info][gc] GC(722) Pause Young (G1 Evacuation Pause) 237M->22M(368M) 1,178ms
[155,067s][info][gc] GC(723) Pause Young (G1 Evacuation Pause) 236M->22M(368M) 1,293ms
[155,301s][info][gc] GC(724) Pause Young (G1 Evacuation Pause) 237M->22M(368M) 1,445ms
[155,556s][info][gc] GC(725) Pause Young (G1 Evacuation Pause) 237M->22M(368M) 1,986ms
[155,797s][info][gc] GC(726) Pause Young (G1 Evacuation Pause) 237M->22M(368M) 1,162ms
[156,029s][info][gc] GC(727) Pause Young (G1 Evacuation Pause) 237M->22M(368M) 1,119ms
[156,261s][info][gc] GC(728) Pause Young (G1 Evacuation Pause) 236M->22M(368M) 1,151ms
[156,505s][info][gc] GC(729) Pause Young (G1 Evacuation Pause) 237M->22M(368M) 1,200ms
[156,737s][info][gc] GC(730) Pause Young (G1 Evacuation Pause) 237M->22M(368M) 1,185ms
[156,969s][info][gc] GC(731) Pause Young (G1 Evacuation Pause) 237M->22M(368M) 1,217ms
[157,202s][info][gc] GC(732) Pause Young (G1 Evacuation Pause) 237M->22M(368M) 1,904ms
[157,454s][info][gc] GC(733) Pause Young (G1 Evacuation Pause) 236M->22M(368M) 1,079ms
[157,703s][info][gc] GC(734) Pause Young (G1 Evacuation Pause) 237M->22M(368M) 3,885ms
[157,974s][info][gc] GC(735) Pause Young (G1 Evacuation Pause) 237M->22M(368M) 1,740ms
[158,211s][info][gc] GC(736) Pause Young (G1 Evacuation Pause) 237M->22M(368M) 1,192ms
[158,466s][info][gc] GC(737) Pause Young (G1 Evacuation Pause) 237M->22M(368M) 1,834ms
[158,720s][info][gc] GC(738) Pause Young (G1 Evacuation Pause) 237M->23M(368M) 1,807ms
[158,974s][info][gc] GC(739) Pause Young (G1 Evacuation Pause) 237M->22M(368M) 1,750ms
[159,228s][info][gc] GC(740) Pause Young (G1 Evacuation Pause) 237M->22M(368M) 1,815ms
[159,488s][info][gc] GC(741) Pause Young (G1 Evacuation Pause) 237M->22M(368M) 1,828ms
[159,737s][info][gc] GC(742) Pause Young (G1 Evacuation Pause) 237M->22M(368M) 2,225ms
[159,999s][info][gc] GC(743) Pause Young (G1 Evacuation Pause) 237M->22M(368M) 1,473ms
[160,232s][info][gc] GC(744) Pause Young (G1 Evacuation Pause) 236M->22M(368M) 1,388ms
[160,483s][info][gc] GC(745) Pause Young (G1 Evacuation Pause) 237M->22M(368M) 2,329ms
[160,719s][info][gc] GC(746) Pause Young (G1 Evacuation Pause) 237M->22M(368M) 1,349ms
[160,952s][info][gc] GC(747) Pause Young (G1 Evacuation Pause) 237M->22M(368M) 1,573ms
[161,185s][info][gc] GC(748) Pause Young (G1 Evacuation Pause) 237M->22M(368M) 1,435ms
[161,435s][info][gc] GC(749) Pause Young (G1 Evacuation Pause) 236M->22M(368M) 2,262ms
[161,708s][info][gc] GC(750) Pause Young (G1 Evacuation Pause) 237M->22M(368M) 3,977ms
[161,971s][info][gc] GC(751) Pause Young (G1 Evacuation Pause) 237M->22M(368M) 1,755ms
[162,225s][info][gc] GC(752) Pause Young (G1 Evacuation Pause) 237M->22M(368M) 1,452ms
[162,458s][info][gc] GC(753) Pause Young (G1 Evacuation Pause) 237M->22M(368M) 1,621ms
[162,693s][info][gc] GC(754) Pause Young (G1 Evacuation Pause) 237M->22M(368M) 3,840ms
[162,938s][info][gc] GC(755) Pause Young (G1 Evacuation Pause) 236M->22M(368M) 1,725ms
[163,170s][info][gc] GC(756) Pause Young (G1 Evacuation Pause) 237M->22M(368M) 1,310ms
[163,419s][info][gc] GC(757) Pause Young (G1 Evacuation Pause) 237M->22M(368M) 3,476ms
[163,676s][info][gc] GC(758) Pause Young (G1 Evacuation Pause) 237M->22M(368M) 1,893ms
[163,927s][info][gc] GC(759) Pause Young (G1 Evacuation Pause) 236M->22M(368M) 1,015ms
[164,159s][info][gc] GC(760) Pause Young (G1 Evacuation Pause) 237M->22M(368M) 1,166ms
[164,401s][info][gc] GC(761) Pause Young (G1 Evacuation Pause) 237M->22M(368M) 2,204ms
[164,644s][info][gc] GC(762) Pause Young (G1 Evacuation Pause) 237M->22M(368M) 1,220ms
[164,876s][info][gc] GC(763) Pause Young (G1 Evacuation Pause) 237M->22M(368M) 1,223ms
[165,108s][info][gc] GC(764) Pause Young (G1 Evacuation Pause) 237M->22M(368M) 1,204ms
[165,341s][info][gc] GC(765) Pause Young (G1 Evacuation Pause) 236M->21M(368M) 2,171ms
[165,608s][info][gc] GC(766) Pause Young (G1 Evacuation Pause) 236M->22M(368M) 1,616ms
[165,881s][info][gc] GC(767) Pause Young (G1 Evacuation Pause) 237M->22M(368M) 2,261ms
[166,115s][info][gc] GC(768) Pause Young (G1 Evacuation Pause) 237M->22M(368M) 1,360ms
[166,361s][info][gc] GC(769) Pause Young (G1 Evacuation Pause) 237M->22M(368M) 2,093ms
[166,621s][info][gc] GC(770) Pause Young (G1 Evacuation Pause) 236M->22M(368M) 1,679ms
[166,875s][info][gc] GC(771) Pause Young (G1 Evacuation Pause) 237M->22M(368M) 1,641ms
[167,110s][info][gc] GC(772) Pause Young (G1 Evacuation Pause) 237M->22M(368M) 1,352ms
[167,382s][info][gc] GC(773) Pause Young (G1 Evacuation Pause) 237M->22M(368M) 2,371ms
[167,638s][info][gc] GC(774) Pause Young (G1 Evacuation Pause) 237M->22M(368M) 3,241ms
[167,887s][info][gc] GC(775) Pause Young (G1 Evacuation Pause) 236M->22M(368M) 3,689ms
[168,131s][info][gc] GC(776) Pause Young (G1 Evacuation Pause) 237M->22M(368M) 1,154ms
[168,363s][info][gc] GC(777) Pause Young (G1 Evacuation Pause) 237M->22M(368M) 1,119ms
[168,609s][info][gc] GC(778) Pause Young (G1 Evacuation Pause) 237M->22M(368M) 1,427ms
[168,842s][info][gc] GC(779) Pause Young (G1 Evacuation Pause) 237M->22M(368M) 1,615ms
[169,100s][info][gc] GC(780) Pause Young (G1 Evacuation Pause) 237M->23M(368M) 1,713ms
[169,333s][info][gc] GC(781) Pause Young (G1 Evacuation Pause) 237M->22M(368M) 1,006ms
[169,565s][info][gc] GC(782) Pause Young (G1 Evacuation Pause) 237M->22M(368M) 1,117ms
[169,797s][info][gc] GC(783) Pause Young (G1 Evacuation Pause) 237M->22M(368M) 1,073ms
[170,042s][info][gc] GC(784) Pause Young (G1 Evacuation Pause) 237M->22M(368M) 2,629ms
[170,274s][info][gc] GC(785) Pause Young (G1 Evacuation Pause) 236M->21M(368M) 0,998ms
[170,536s][info][gc] GC(786) Pause Young (G1 Evacuation Pause) 236M->22M(368M) 1,532ms
[170,790s][info][gc] GC(787) Pause Young (G1 Evacuation Pause) 237M->22M(368M) 1,845ms
[171,054s][info][gc] GC(788) Pause Young (G1 Evacuation Pause) 237M->22M(368M) 1,680ms
[171,308s][info][gc] GC(789) Pause Young (G1 Evacuation Pause) 237M->22M(368M) 1,682ms
[171,566s][info][gc] GC(790) Pause Young (G1 Evacuation Pause) 237M->22M(368M) 2,419ms
[171,819s][info][gc] GC(791) Pause Young (G1 Evacuation Pause) 236M->22M(368M) 1,537ms
[172,068s][info][gc] GC(792) Pause Young (G1 Evacuation Pause) 237M->21M(368M) 2,620ms
[172,300s][info][gc] GC(793) Pause Young (G1 Evacuation Pause) 236M->22M(368M) 1,100ms
[172,547s][info][gc] GC(794) Pause Young (G1 Evacuation Pause) 237M->22M(368M) 1,068ms
[172,780s][info][gc] GC(795) Pause Young (G1 Evacuation Pause) 237M->22M(368M) 1,883ms
[173,018s][info][gc] GC(796) Pause Young (G1 Evacuation Pause) 236M->21M(368M) 1,865ms
[173,266s][info][gc] GC(797) Pause Young (G1 Evacuation Pause) 236M->22M(368M) 1,799ms
[173,532s][info][gc] GC(798) Pause Young (G1 Evacuation Pause) 237M->22M(368M) 1,572ms
[173,764s][info][gc] GC(799) Pause Young (G1 Evacuation Pause) 237M->22M(368M) 1,213ms
[174,012s][info][gc] GC(800) Pause Young (G1 Evacuation Pause) 237M->22M(368M) 1,375ms
[174,245s][info][gc] GC(801) Pause Young (G1 Evacuation Pause) 237M->23M(368M) 1,402ms
[174,487s][info][gc] GC(802) Pause Young (G1 Evacuation Pause) 237M->22M(368M) 1,443ms
[174,730s][info][gc] GC(803) Pause Young (G1 Evacuation Pause) 237M->22M(368M) 1,927ms
[174,988s][info][gc] GC(804) Pause Young (G1 Evacuation Pause) 237M->22M(368M) 1,601ms
[175,246s][info][gc] GC(805) Pause Young (G1 Evacuation Pause) 237M->22M(368M) 1,799ms
[175,503s][info][gc] GC(806) Pause Young (G1 Evacuation Pause) 237M->23M(368M) 1,793ms
[175,757s][info][gc] GC(807) Pause Young (G1 Evacuation Pause) 237M->22M(368M) 1,534ms
[176,011s][info][gc] GC(808) Pause Young (G1 Evacuation Pause) 237M->22M(368M) 1,721ms
[176,265s][info][gc] GC(809) Pause Young (G1 Evacuation Pause) 237M->22M(368M) 1,686ms
[176,514s][info][gc] GC(810) Pause Young (G1 Evacuation Pause) 237M->22M(368M) 1,218ms
[176,752s][info][gc] GC(811) Pause Young (G1 Evacuation Pause) 237M->22M(368M) 1,529ms
[176,985s][info][gc] GC(812) Pause Young (G1 Evacuation Pause) 236M->22M(368M) 1,445ms
[177,217s][info][gc] GC(813) Pause Young (G1 Evacuation Pause) 237M->22M(368M) 1,166ms
[177,466s][info][gc] GC(814) Pause Young (G1 Evacuation Pause) 237M->22M(368M) 1,366ms
[177,712s][info][gc] GC(815) Pause Young (G1 Evacuation Pause) 237M->22M(368M) 1,209ms
[177,969s][info][gc] GC(816) Pause Young (G1 Evacuation Pause) 237M->22M(368M) 1,887ms
[178,205s][info][gc] GC(817) Pause Young (G1 Evacuation Pause) 236M->22M(368M) 1,162ms
[178,437s][info][gc] GC(818) Pause Young (G1 Evacuation Pause) 237M->22M(368M) 1,047ms
[178,696s][info][gc] GC(819) Pause Young (G1 Evacuation Pause) 237M->22M(368M) 1,613ms
[178,944s][info][gc] GC(820) Pause Young (G1 Evacuation Pause) 237M->22M(368M) 2,299ms
[179,193s][info][gc] GC(821) Pause Young (G1 Evacuation Pause) 237M->22M(368M) 1,374ms
[179,438s][info][gc] GC(822) Pause Young (G1 Evacuation Pause) 237M->23M(368M) 1,936ms
[179,678s][info][gc] GC(823) Pause Young (G1 Evacuation Pause) 237M->22M(368M) 1,178ms
[179,921s][info][gc] GC(824) Pause Young (G1 Evacuation Pause) 237M->22M(368M) 1,652ms
[180,178s][info][gc] GC(825) Pause Young (G1 Evacuation Pause) 237M->22M(368M) 4,940ms
[180,423s][info][gc] GC(826) Pause Young (G1 Evacuation Pause) 237M->22M(368M) 2,389ms
[180,664s][info][gc] GC(827) Pause Young (G1 Evacuation Pause) 237M->23M(368M) 1,598ms
[180,908s][info][gc] GC(828) Pause Young (G1 Evacuation Pause) 237M->22M(368M) 2,205ms
[181,162s][info][gc] GC(829) Pause Young (G1 Evacuation Pause) 237M->22M(368M) 1,748ms
[181,416s][info][gc] GC(830) Pause Young (G1 Evacuation Pause) 237M->22M(368M) 1,680ms
[181,649s][info][gc] GC(831) Pause Young (G1 Evacuation Pause) 237M->22M(368M) 1,264ms
[181,889s][info][gc] GC(832) Pause Young (G1 Evacuation Pause) 237M->22M(368M) 3,277ms
[182,155s][info][gc] GC(833) Pause Young (G1 Evacuation Pause) 236M->22M(368M) 1,097ms
[182,406s][info][gc] GC(834) Pause Young (G1 Evacuation Pause) 237M->22M(368M) 1,083ms
[182,650s][info][gc] GC(835) Pause Young (G1 Evacuation Pause) 237M->22M(368M) 1,339ms
[182,892s][info][gc] GC(836) Pause Young (G1 Evacuation Pause) 237M->22M(368M) 2,319ms
[183,143s][info][gc] GC(837) Pause Young (G1 Evacuation Pause) 237M->22M(368M) 1,258ms
[183,401s][info][gc] GC(838) Pause Young (G1 Evacuation Pause) 236M->22M(368M) 1,903ms
[183,658s][info][gc] GC(839) Pause Young (G1 Evacuation Pause) 237M->22M(368M) 1,828ms
[183,901s][info][gc] GC(840) Pause Young (G1 Evacuation Pause) 237M->22M(368M) 1,357ms
[184,134s][info][gc] GC(841) Pause Young (G1 Evacuation Pause) 237M->22M(368M) 1,483ms
[184,371s][info][gc] GC(842) Pause Young (G1 Evacuation Pause) 237M->22M(368M) 4,196ms
[184,624s][info][gc] GC(843) Pause Young (G1 Evacuation Pause) 236M->22M(368M) 0,992ms
[184,880s][info][gc] GC(844) Pause Young (G1 Evacuation Pause) 237M->22M(368M) 1,089ms
[185,112s][info][gc] GC(845) Pause Young (G1 Evacuation Pause) 237M->22M(368M) 1,245ms
[185,344s][info][gc] GC(846) Pause Young (G1 Evacuation Pause) 237M->22M(368M) 1,262ms
[185,586s][info][gc] GC(847) Pause Young (G1 Evacuation Pause) 237M->22M(368M) 1,291ms
[185,818s][info][gc] GC(848) Pause Young (G1 Evacuation Pause) 237M->23M(368M) 1,256ms
[186,064s][info][gc] GC(849) Pause Young (G1 Evacuation Pause) 237M->22M(368M) 1,024ms
[186,296s][info][gc] GC(850) Pause Young (G1 Evacuation Pause) 237M->22M(368M) 1,097ms
[186,551s][info][gc] GC(851) Pause Young (G1 Evacuation Pause) 237M->22M(368M) 1,838ms
[186,791s][info][gc] GC(852) Pause Young (G1 Evacuation Pause) 237M->22M(368M) 1,090ms
[187,052s][info][gc] GC(853) Pause Young (G1 Evacuation Pause) 237M->22M(368M) 1,789ms
[187,315s][info][gc] GC(854) Pause Young (G1 Evacuation Pause) 236M->22M(368M) 1,153ms
[187,576s][info][gc] GC(855) Pause Young (G1 Evacuation Pause) 237M->22M(368M) 1,575ms
[187,815s][info][gc] GC(856) Pause Young (G1 Evacuation Pause) 237M->22M(368M) 1,354ms
[188,047s][info][gc] GC(857) Pause Young (G1 Evacuation Pause) 237M->22M(368M) 1,243ms
[188,279s][info][gc] GC(858) Pause Young (G1 Evacuation Pause) 237M->22M(368M) 1,277ms
[188,529s][info][gc] GC(859) Pause Young (G1 Evacuation Pause) 236M->22M(368M) 1,377ms
[188,794s][info][gc] GC(860) Pause Young (G1 Evacuation Pause) 237M->22M(368M) 1,846ms
[189,048s][info][gc] GC(861) Pause Young (G1 Evacuation Pause) 237M->22M(368M) 1,639ms
[189,302s][info][gc] GC(862) Pause Young (G1 Evacuation Pause) 237M->22M(368M) 1,852ms
[189,560s][info][gc] GC(863) Pause Young (G1 Evacuation Pause) 237M->22M(368M) 1,727ms
[189,795s][info][gc] GC(864) Pause Young (G1 Evacuation Pause) 237M->23M(368M) 1,146ms
[190,027s][info][gc] GC(865) Pause Young (G1 Evacuation Pause) 237M->22M(368M) 1,220ms
[190,286s][info][gc] GC(866) Pause Young (G1 Evacuation Pause) 237M->22M(368M) 1,709ms
[190,543s][info][gc] GC(867) Pause Young (G1 Evacuation Pause) 237M->22M(368M) 1,859ms
[190,794s][info][gc] GC(868) Pause Young (G1 Evacuation Pause) 237M->22M(368M) 1,251ms
[191,050s][info][gc] GC(869) Pause Young (G1 Evacuation Pause) 236M->22M(368M) 1,674ms
[191,304s][info][gc] GC(870) Pause Young (G1 Evacuation Pause) 237M->22M(368M) 1,672ms
[191,560s][info][gc] GC(871) Pause Young (G1 Evacuation Pause) 237M->22M(368M) 2,287ms
[191,793s][info][gc] GC(872) Pause Young (G1 Evacuation Pause) 237M->22M(368M) 1,339ms
[192,026s][info][gc] GC(873) Pause Young (G1 Evacuation Pause) 237M->22M(368M) 1,525ms
[192,259s][info][gc] GC(874) Pause Young (G1 Evacuation Pause) 237M->23M(368M) 1,539ms
[192,494s][info][gc] GC(875) Pause Young (G1 Evacuation Pause) 237M->22M(368M) 3,985ms
[192,736s][info][gc] GC(876) Pause Young (G1 Evacuation Pause) 237M->22M(368M) 2,398ms
[192,973s][info][gc] GC(877) Pause Young (G1 Evacuation Pause) 237M->22M(368M) 1,481ms
[193,205s][info][gc] GC(878) Pause Young (G1 Evacuation Pause) 237M->22M(368M) 1,267ms
[193,437s][info][gc] GC(879) Pause Young (G1 Evacuation Pause) 237M->22M(368M) 1,242ms
[193,669s][info][gc] GC(880) Pause Young (G1 Evacuation Pause) 236M->22M(368M) 1,249ms
[193,936s][info][gc] GC(881) Pause Young (G1 Evacuation Pause) 237M->22M(368M) 2,207ms
[194,190s][info][gc] GC(882) Pause Young (G1 Evacuation Pause) 237M->22M(368M) 1,737ms
[194,446s][info][gc] GC(883) Pause Young (G1 Evacuation Pause) 237M->22M(368M) 2,284ms
[194,708s][info][gc] GC(884) Pause Young (G1 Evacuation Pause) 237M->22M(368M) 2,627ms
[194,974s][info][gc] GC(885) Pause Young (G1 Evacuation Pause) 236M->22M(368M) 1,230ms
[195,228s][info][gc] GC(886) Pause Young (G1 Evacuation Pause) 237M->22M(368M) 1,239ms
[195,481s][info][gc] GC(887) Pause Young (G1 Evacuation Pause) 237M->22M(368M) 1,618ms
[195,735s][info][gc] GC(888) Pause Young (G1 Evacuation Pause) 237M->22M(368M) 1,746ms
[195,989s][info][gc] GC(889) Pause Young (G1 Evacuation Pause) 237M->22M(368M) 1,873ms
[196,241s][info][gc] GC(890) Pause Young (G1 Evacuation Pause) 237M->23M(368M) 1,180ms
[196,488s][info][gc] GC(891) Pause Young (G1 Evacuation Pause) 237M->21M(368M) 4,650ms
[196,735s][info][gc] GC(892) Pause Young (G1 Evacuation Pause) 236M->22M(368M) 1,413ms
[196,978s][info][gc] GC(893) Pause Young (G1 Evacuation Pause) 237M->22M(368M) 2,925ms
[197,210s][info][gc] GC(894) Pause Young (G1 Evacuation Pause) 236M->21M(368M) 1,342ms
[197,480s][info][gc] GC(895) Pause Young (G1 Evacuation Pause) 237M->22M(368M) 1,996ms
[197,734s][info][gc] GC(896) Pause Young (G1 Evacuation Pause) 236M->22M(368M) 1,157ms
[197,996s][info][gc] GC(897) Pause Young (G1 Evacuation Pause) 237M->22M(368M) 1,774ms
[198,230s][info][gc] GC(898) Pause Young (G1 Evacuation Pause) 237M->22M(368M) 1,271ms
[198,467s][info][gc] GC(899) Pause Young (G1 Evacuation Pause) 237M->22M(368M) 1,071ms
[198,722s][info][gc] GC(900) Pause Young (G1 Evacuation Pause) 237M->22M(368M) 1,628ms
[198,982s][info][gc] GC(901) Pause Young (G1 Evacuation Pause) 236M->21M(368M) 3,427ms
[199,232s][info][gc] GC(902) Pause Young (G1 Evacuation Pause) 236M->22M(368M) 1,156ms
[199,491s][info][gc] GC(903) Pause Young (G1 Evacuation Pause) 237M->22M(368M) 1,747ms
[199,740s][info][gc] GC(904) Pause Young (G1 Evacuation Pause) 237M->22M(368M) 1,302ms
[200,004s][info][gc] GC(905) Pause Young (G1 Evacuation Pause) 236M->21M(368M) 3,088ms
[200,241s][info][gc] GC(906) Pause Young (G1 Evacuation Pause) 236M->21M(368M) 1,263ms
[200,497s][info][gc] GC(907) Pause Young (G1 Evacuation Pause) 236M->21M(368M) 1,873ms
[200,743s][info][gc] GC(908) Pause Young (G1 Evacuation Pause) 236M->22M(368M) 1,050ms
[200,975s][info][gc] GC(909) Pause Young (G1 Evacuation Pause) 237M->22M(368M) 1,187ms
[201,207s][info][gc] GC(910) Pause Young (G1 Evacuation Pause) 237M->22M(368M) 1,137ms
[201,445s][info][gc] GC(911) Pause Young (G1 Evacuation Pause) 237M->23M(368M) 1,254ms
[201,687s][info][gc] GC(912) Pause Young (G1 Evacuation Pause) 237M->22M(368M) 1,039ms
[201,919s][info][gc] GC(913) Pause Young (G1 Evacuation Pause) 237M->22M(368M) 1,202ms
[202,151s][info][gc] GC(914) Pause Young (G1 Evacuation Pause) 237M->22M(368M) 1,100ms
[202,394s][info][gc] GC(915) Pause Young (G1 Evacuation Pause) 237M->22M(368M) 2,124ms
[202,640s][info][gc] GC(916) Pause Young (G1 Evacuation Pause) 237M->22M(368M) 2,565ms
[202,880s][info][gc] GC(917) Pause Young (G1 Evacuation Pause) 236M->22M(368M) 3,104ms
[203,129s][info][gc] GC(918) Pause Young (G1 Evacuation Pause) 237M->22M(368M) 1,108ms
[203,388s][info][gc] GC(919) Pause Young (G1 Evacuation Pause) 237M->22M(368M) 4,230ms
[203,624s][info][gc] GC(920) Pause Young (G1 Evacuation Pause) 237M->22M(368M) 1,537ms
[203,857s][info][gc] GC(921) Pause Young (G1 Evacuation Pause) 237M->22M(368M) 1,435ms
[204,089s][info][gc] GC(922) Pause Young (G1 Evacuation Pause) 236M->22M(368M) 1,124ms
[204,321s][info][gc] GC(923) Pause Young (G1 Evacuation Pause) 237M->22M(368M) 1,278ms
[204,579s][info][gc] GC(924) Pause Young (G1 Evacuation Pause) 237M->22M(368M) 3,330ms
[204,819s][info][gc] GC(925) Pause Young (G1 Evacuation Pause) 237M->22M(368M) 1,264ms
[205,063s][info][gc] GC(926) Pause Young (G1 Evacuation Pause) 237M->22M(368M) 1,592ms
[205,297s][info][gc] GC(927) Pause Young (G1 Evacuation Pause) 236M->21M(368M) 1,958ms
[205,529s][info][gc] GC(928) Pause Young (G1 Evacuation Pause) 236M->22M(368M) 1,192ms
[205,787s][info][gc] GC(929) Pause Young (G1 Evacuation Pause) 237M->22M(368M) 1,553ms
[206,036s][info][gc] GC(930) Pause Young (G1 Evacuation Pause) 237M->22M(368M) 1,693ms
[206,285s][info][gc] GC(931) Pause Young (G1 Evacuation Pause) 237M->22M(368M) 1,639ms
[206,537s][info][gc] GC(932) Pause Young (G1 Evacuation Pause) 237M->23M(368M) 1,822ms
[206,790s][info][gc] GC(933) Pause Young (G1 Evacuation Pause) 237M->22M(368M) 1,721ms
[207,055s][info][gc] GC(934) Pause Young (G1 Evacuation Pause) 237M->22M(368M) 1,786ms
[207,309s][info][gc] GC(935) Pause Young (G1 Evacuation Pause) 237M->22M(368M) 2,106ms
[207,556s][info][gc] GC(936) Pause Young (G1 Evacuation Pause) 237M->22M(368M) 1,276ms
[207,788s][info][gc] GC(937) Pause Young (G1 Evacuation Pause) 237M->22M(368M) 1,159ms
[208,043s][info][gc] GC(938) Pause Young (G1 Evacuation Pause) 236M->22M(368M) 1,076ms
[208,308s][info][gc] GC(939) Pause Young (G1 Evacuation Pause) 237M->22M(368M) 2,261ms
[208,562s][info][gc] GC(940) Pause Young (G1 Evacuation Pause) 237M->22M(368M) 1,199ms
[208,794s][info][gc] GC(941) Pause Young (G1 Evacuation Pause) 237M->22M(368M) 1,232ms
[209,026s][info][gc] GC(942) Pause Young (G1 Evacuation Pause) 237M->22M(368M) 1,293ms
[209,258s][info][gc] GC(943) Pause Young (G1 Evacuation Pause) 236M->22M(368M) 1,191ms
[209,508s][info][gc] GC(944) Pause Young (G1 Evacuation Pause) 237M->22M(368M) 1,722ms
[209,746s][info][gc] GC(945) Pause Young (G1 Evacuation Pause) 237M->22M(368M) 1,182ms
[209,997s][info][gc] GC(946) Pause Young (G1 Evacuation Pause) 237M->22M(368M) 1,174ms
[210,247s][info][gc] GC(947) Pause Young (G1 Evacuation Pause) 237M->22M(368M) 1,782ms
[210,498s][info][gc] GC(948) Pause Young (G1 Evacuation Pause) 236M->22M(368M) 3,678ms
[210,748s][info][gc] GC(949) Pause Young (G1 Evacuation Pause) 237M->21M(368M) 1,875ms
[210,990s][info][gc] GC(950) Pause Young (G1 Evacuation Pause) 236M->22M(368M) 2,532ms
[211,224s][info][gc] GC(951) Pause Young (G1 Evacuation Pause) 237M->22M(368M) 1,065ms
[211,468s][info][gc] GC(952) Pause Young (G1 Evacuation Pause) 237M->22M(368M) 1,714ms
[211,702s][info][gc] GC(953) Pause Young (G1 Evacuation Pause) 237M->23M(368M) 1,657ms
[211,947s][info][gc] GC(954) Pause Young (G1 Evacuation Pause) 237M->22M(368M) 1,749ms
[212,189s][info][gc] GC(955) Pause Young (G1 Evacuation Pause) 237M->22M(368M) 1,101ms
[212,422s][info][gc] GC(956) Pause Young (G1 Evacuation Pause) 237M->22M(368M) 1,817ms
[212,658s][info][gc] GC(957) Pause Young (G1 Evacuation Pause) 237M->22M(368M) 1,110ms
[212,916s][info][gc] GC(958) Pause Young (G1 Evacuation Pause) 237M->22M(368M) 1,257ms
[213,148s][info][gc] GC(959) Pause Young (G1 Evacuation Pause) 236M->22M(368M) 1,024ms
[213,403s][info][gc] GC(960) Pause Young (G1 Evacuation Pause) 237M->22M(368M) 1,019ms
[213,638s][info][gc] GC(961) Pause Young (G1 Evacuation Pause) 237M->22M(368M) 1,139ms
[213,894s][info][gc] GC(962) Pause Young (G1 Evacuation Pause) 237M->22M(368M) 1,114ms
[214,126s][info][gc] GC(963) Pause Young (G1 Evacuation Pause) 237M->23M(368M) 1,163ms
[214,358s][info][gc] GC(964) Pause Young (G1 Evacuation Pause) 237M->22M(368M) 1,009ms
[214,601s][info][gc] GC(965) Pause Young (G1 Evacuation Pause) 237M->22M(368M) 1,194ms
[214,850s][info][gc] GC(966) Pause Young (G1 Evacuation Pause) 237M->22M(368M) 1,401ms
[215,088s][info][gc] GC(967) Pause Young (G1 Evacuation Pause) 237M->22M(368M) 1,420ms
[215,321s][info][gc] GC(968) Pause Young (G1 Evacuation Pause) 237M->22M(368M) 1,392ms
[215,578s][info][gc] GC(969) Pause Young (G1 Evacuation Pause) 236M->22M(368M) 1,553ms
[215,825s][info][gc] GC(970) Pause Young (G1 Evacuation Pause) 237M->22M(368M) 1,315ms
[216,058s][info][gc] GC(971) Pause Young (G1 Evacuation Pause) 237M->22M(368M) 1,325ms
[216,291s][info][gc] GC(972) Pause Young (G1 Evacuation Pause) 237M->22M(368M) 1,123ms
[216,523s][info][gc] GC(973) Pause Young (G1 Evacuation Pause) 237M->22M(368M) 1,237ms
[216,755s][info][gc] GC(974) Pause Young (G1 Evacuation Pause) 237M->23M(368M) 1,211ms
[216,987s][info][gc] GC(975) Pause Young (G1 Evacuation Pause) 237M->22M(368M) 1,031ms
[217,224s][info][gc] GC(976) Pause Young (G1 Evacuation Pause) 237M->22M(368M) 3,814ms
[217,486s][info][gc] GC(977) Pause Young (G1 Evacuation Pause) 237M->22M(368M) 1,773ms
[217,740s][info][gc] GC(978) Pause Young (G1 Evacuation Pause) 237M->22M(368M) 1,912ms
[217,995s][info][gc] GC(979) Pause Young (G1 Evacuation Pause) 236M->22M(368M) 2,833ms
[218,230s][info][gc] GC(980) Pause Young (G1 Evacuation Pause) 237M->22M(368M) 1,163ms
[218,471s][info][gc] GC(981) Pause Young (G1 Evacuation Pause) 237M->22M(368M) 1,483ms
[218,704s][info][gc] GC(982) Pause Young (G1 Evacuation Pause) 237M->22M(368M) 1,473ms
[218,937s][info][gc] GC(983) Pause Young (G1 Evacuation Pause) 237M->22M(368M) 1,575ms
[219,171s][info][gc] GC(984) Pause Young (G1 Evacuation Pause) 237M->22M(368M) 2,745ms
[219,415s][info][gc] GC(985) Pause Young (G1 Evacuation Pause) 236M->22M(368M) 2,112ms
[219,661s][info][gc] GC(986) Pause Young (G1 Evacuation Pause) 237M->22M(368M) 1,059ms
[219,913s][info][gc] GC(987) Pause Young (G1 Evacuation Pause) 237M->22M(368M) 1,651ms
[220,167s][info][gc] GC(988) Pause Young (G1 Evacuation Pause) 237M->22M(368M) 1,711ms
[220,410s][info][gc] GC(989) Pause Young (G1 Evacuation Pause) 237M->22M(368M) 1,706ms
[220,643s][info][gc] GC(990) Pause Young (G1 Evacuation Pause) 237M->22M(368M) 1,520ms
[220,884s][info][gc] GC(991) Pause Young (G1 Evacuation Pause) 237M->23M(368M) 4,035ms
[221,147s][info][gc] GC(992) Pause Young (G1 Evacuation Pause) 237M->22M(368M) 1,626ms
[221,409s][info][gc] GC(993) Pause Young (G1 Evacuation Pause) 237M->22M(368M) 2,171ms
[221,645s][info][gc] GC(994) Pause Young (G1 Evacuation Pause) 237M->22M(368M) 1,671ms
[221,878s][info][gc] GC(995) Pause Young (G1 Evacuation Pause) 237M->22M(368M) 1,606ms
[222,111s][info][gc] GC(996) Pause Young (G1 Evacuation Pause) 237M->22M(368M) 1,627ms
[222,346s][info][gc] GC(997) Pause Young (G1 Evacuation Pause) 236M->22M(368M) 3,772ms
[222,586s][info][gc] GC(998) Pause Young (G1 Evacuation Pause) 237M->22M(368M) 1,569ms
[222,845s][info][gc] GC(999) Pause Young (G1 Evacuation Pause) 237M->22M(368M) 1,801ms
[223,089s][info][gc] GC(1000) Pause Young (G1 Evacuation Pause) 237M->22M(368M) 1,109ms
[223,348s][info][gc] GC(1001) Pause Young (G1 Evacuation Pause) 237M->23M(368M) 1,875ms
[223,608s][info][gc] GC(1002) Pause Young (G1 Evacuation Pause) 237M->22M(368M) 1,755ms
[223,862s][info][gc] GC(1003) Pause Young (G1 Evacuation Pause) 237M->22M(368M) 1,786ms
[224,116s][info][gc] GC(1004) Pause Young (G1 Evacuation Pause) 237M->22M(368M) 1,792ms
[224,374s][info][gc] GC(1005) Pause Young (G1 Evacuation Pause) 237M->22M(368M) 4,052ms
[224,612s][info][gc] GC(1006) Pause Young (G1 Evacuation Pause) 237M->22M(368M) 1,255ms
[224,844s][info][gc] GC(1007) Pause Young (G1 Evacuation Pause) 236M->22M(368M) 1,148ms
[225,106s][info][gc] GC(1008) Pause Young (G1 Evacuation Pause) 237M->22M(368M) 1,748ms
[225,339s][info][gc] GC(1009) Pause Young (G1 Evacuation Pause) 237M->22M(368M) 1,192ms
[225,610s][info][gc] GC(1010) Pause Young (G1 Evacuation Pause) 237M->22M(368M) 1,869ms
[225,850s][info][gc] GC(1011) Pause Young (G1 Evacuation Pause) 237M->22M(368M) 1,809ms
[226,116s][info][gc] GC(1012) Pause Young (G1 Evacuation Pause) 237M->23M(368M) 1,903ms
[226,374s][info][gc] GC(1013) Pause Young (G1 Evacuation Pause) 237M->22M(368M) 3,825ms
[226,635s][info][gc] GC(1014) Pause Young (G1 Evacuation Pause) 237M->22M(368M) 1,610ms
[226,895s][info][gc] GC(1015) Pause Young (G1 Evacuation Pause) 237M->22M(368M) 1,610ms
[227,155s][info][gc] GC(1016) Pause Young (G1 Evacuation Pause) 237M->22M(368M) 1,848ms
[227,412s][info][gc] GC(1017) Pause Young (G1 Evacuation Pause) 237M->23M(368M) 1,770ms
[227,646s][info][gc] GC(1018) Pause Young (G1 Evacuation Pause) 237M->22M(368M) 1,349ms
[227,899s][info][gc] GC(1019) Pause Young (G1 Evacuation Pause) 237M->22M(368M) 2,396ms
[228,134s][info][gc] GC(1020) Pause Young (G1 Evacuation Pause) 237M->22M(368M) 1,258ms
[228,390s][info][gc] GC(1021) Pause Young (G1 Evacuation Pause) 237M->22M(368M) 1,480ms
[228,622s][info][gc] GC(1022) Pause Young (G1 Evacuation Pause) 237M->22M(368M) 1,133ms
[228,855s][info][gc] GC(1023) Pause Young (G1 Evacuation Pause) 236M->21M(368M) 1,790ms
[229,087s][info][gc] GC(1024) Pause Young (G1 Evacuation Pause) 236M->22M(368M) 1,280ms
[229,319s][info][gc] GC(1025) Pause Young (G1 Evacuation Pause) 237M->22M(368M) 1,360ms
[229,552s][info][gc] GC(1026) Pause Young (G1 Evacuation Pause) 237M->22M(368M) 1,179ms
[229,813s][info][gc] GC(1027) Pause Young (G1 Evacuation Pause) 237M->22M(368M) 1,778ms
[230,069s][info][gc] GC(1028) Pause Young (G1 Evacuation Pause) 237M->23M(368M) 1,925ms
[230,323s][info][gc] GC(1029) Pause Young (G1 Evacuation Pause) 237M->22M(368M) 1,689ms
[230,577s][info][gc] GC(1030) Pause Young (G1 Evacuation Pause) 237M->22M(368M) 1,568ms
[230,831s][info][gc] GC(1031) Pause Young (G1 Evacuation Pause) 237M->22M(368M) 1,767ms
[231,085s][info][gc] GC(1032) Pause Young (G1 Evacuation Pause) 237M->22M(368M) 1,878ms
[231,339s][info][gc] GC(1033) Pause Young (G1 Evacuation Pause) 237M->23M(368M) 1,768ms
[231,597s][info][gc] GC(1034) Pause Young (G1 Evacuation Pause) 237M->22M(368M) 1,538ms
[231,836s][info][gc] GC(1035) Pause Young (G1 Evacuation Pause) 237M->22M(368M) 1,383ms
[232,094s][info][gc] GC(1036) Pause Young (G1 Evacuation Pause) 237M->22M(368M) 1,765ms
[232,348s][info][gc] GC(1037) Pause Young (G1 Evacuation Pause) 237M->22M(368M) 1,792ms
[232,592s][info][gc] GC(1038) Pause Young (G1 Evacuation Pause) 237M->23M(368M) 1,554ms
[232,835s][info][gc] GC(1039) Pause Young (G1 Evacuation Pause) 237M->22M(368M) 1,506ms
[233,092s][info][gc] GC(1040) Pause Young (G1 Evacuation Pause) 237M->22M(368M) 1,050ms
[233,324s][info][gc] GC(1041) Pause Young (G1 Evacuation Pause) 237M->22M(368M) 1,121ms
[233,556s][info][gc] GC(1042) Pause Young (G1 Evacuation Pause) 237M->22M(368M) 1,256ms
[233,788s][info][gc] GC(1043) Pause Young (G1 Evacuation Pause) 236M->21M(368M) 1,257ms
[234,041s][info][gc] GC(1044) Pause Young (G1 Evacuation Pause) 236M->22M(368M) 1,671ms
[234,295s][info][gc] GC(1045) Pause Young (G1 Evacuation Pause) 237M->22M(368M) 1,827ms
[234,546s][info][gc] GC(1046) Pause Young (G1 Evacuation Pause) 237M->22M(368M) 1,485ms
[234,779s][info][gc] GC(1047) Pause Young (G1 Evacuation Pause) 237M->22M(368M) 1,476ms
[235,025s][info][gc] GC(1048) Pause Young (G1 Evacuation Pause) 237M->22M(368M) 1,520ms
[235,285s][info][gc] GC(1049) Pause Young (G1 Evacuation Pause) 236M->21M(368M) 3,121ms
[235,543s][info][gc] GC(1050) Pause Young (G1 Evacuation Pause) 236M->22M(368M) 1,713ms
[235,797s][info][gc] GC(1051) Pause Young (G1 Evacuation Pause) 237M->22M(368M) 1,722ms
[236,051s][info][gc] GC(1052) Pause Young (G1 Evacuation Pause) 237M->22M(368M) 1,854ms
[236,305s][info][gc] GC(1053) Pause Young (G1 Evacuation Pause) 237M->22M(368M) 1,850ms
[236,551s][info][gc] GC(1054) Pause Young (G1 Evacuation Pause) 237M->23M(368M) 1,329ms
[236,785s][info][gc] GC(1055) Pause Young (G1 Evacuation Pause) 237M->22M(368M) 2,582ms
[237,041s][info][gc] GC(1056) Pause Young (G1 Evacuation Pause) 237M->22M(368M) 1,717ms
[237,274s][info][gc] GC(1057) Pause Young (G1 Evacuation Pause) 237M->22M(368M) 1,279ms
[237,535s][info][gc] GC(1058) Pause Young (G1 Evacuation Pause) 237M->22M(368M) 2,644ms
[237,789s][info][gc] GC(1059) Pause Young (G1 Evacuation Pause) 237M->23M(368M) 1,899ms
[238,048s][info][gc] GC(1060) Pause Young (G1 Evacuation Pause) 237M->22M(368M) 1,186ms
[238,280s][info][gc] GC(1061) Pause Young (G1 Evacuation Pause) 237M->22M(368M) 1,184ms
[238,533s][info][gc] GC(1062) Pause Young (G1 Evacuation Pause) 237M->22M(368M) 1,766ms
[238,791s][info][gc] GC(1063) Pause Young (G1 Evacuation Pause) 237M->22M(368M) 1,744ms
[239,025s][info][gc] GC(1064) Pause Young (G1 Evacuation Pause) 237M->22M(368M) 1,343ms
[239,257s][info][gc] GC(1065) Pause Young (G1 Evacuation Pause) 236M->22M(368M) 1,163ms
[239,511s][info][gc] GC(1066) Pause Young (G1 Evacuation Pause) 237M->21M(368M) 2,865ms
[239,747s][info][gc] GC(1067) Pause Young (G1 Evacuation Pause) 236M->22M(368M) 1,228ms
[239,992s][info][gc] GC(1068) Pause Young (G1 Evacuation Pause) 237M->22M(368M) 1,810ms
[240,246s][info][gc] GC(1069) Pause Young (G1 Evacuation Pause) 237M->22M(368M) 1,832ms
[240,504s][info][gc] GC(1070) Pause Young (G1 Evacuation Pause) 236M->22M(368M) 2,848ms
[240,737s][info][gc] GC(1071) Pause Young (G1 Evacuation Pause) 237M->22M(368M) 1,448ms
[240,986s][info][gc] GC(1072) Pause Young (G1 Evacuation Pause) 237M->22M(368M) 1,727ms
[241,242s][info][gc] GC(1073) Pause Young (G1 Evacuation Pause) 237M->22M(368M) 3,543ms
[241,492s][info][gc] GC(1074) Pause Young (G1 Evacuation Pause) 237M->22M(368M) 2,038ms
[241,724s][info][gc] GC(1075) Pause Young (G1 Evacuation Pause) 236M->22M(368M) 1,029ms
[241,985s][info][gc] GC(1076) Pause Young (G1 Evacuation Pause) 237M->21M(368M) 4,609ms
[242,235s][info][gc] GC(1077) Pause Young (G1 Evacuation Pause) 236M->22M(368M) 1,207ms
[242,467s][info][gc] GC(1078) Pause Young (G1 Evacuation Pause) 237M->22M(368M) 1,163ms
[242,699s][info][gc] GC(1079) Pause Young (G1 Evacuation Pause) 237M->22M(368M) 1,113ms
[242,958s][info][gc] GC(1080) Pause Young (G1 Evacuation Pause) 237M->23M(368M) 4,755ms
[243,190s][info][gc] GC(1081) Pause Young (G1 Evacuation Pause) 237M->22M(368M) 1,199ms
[243,422s][info][gc] GC(1082) Pause Young (G1 Evacuation Pause) 237M->22M(368M) 1,077ms
[243,654s][info][gc] GC(1083) Pause Young (G1 Evacuation Pause) 237M->22M(368M) 1,089ms
[243,886s][info][gc] GC(1084) Pause Young (G1 Evacuation Pause) 237M->22M(368M) 1,125ms
[244,134s][info][gc] GC(1085) Pause Young (G1 Evacuation Pause) 237M->22M(368M) 1,823ms
[244,394s][info][gc] GC(1086) Pause Young (G1 Evacuation Pause) 236M->22M(368M) 2,235ms
[244,637s][info][gc] GC(1087) Pause Young (G1 Evacuation Pause) 237M->22M(368M) 1,207ms
[244,895s][info][gc] GC(1088) Pause Young (G1 Evacuation Pause) 237M->22M(368M) 1,765ms
[245,149s][info][gc] GC(1089) Pause Young (G1 Evacuation Pause) 237M->22M(368M) 1,759ms
[245,407s][info][gc] GC(1090) Pause Young (G1 Evacuation Pause) 237M->22M(368M) 2,387ms
[245,661s][info][gc] GC(1091) Pause Young (G1 Evacuation Pause) 237M->23M(368M) 1,779ms
[245,918s][info][gc] GC(1092) Pause Young (G1 Evacuation Pause) 237M->22M(368M) 1,628ms
[246,151s][info][gc] GC(1093) Pause Young (G1 Evacuation Pause) 237M->22M(368M) 1,115ms
[246,391s][info][gc] GC(1094) Pause Young (G1 Evacuation Pause) 237M->22M(368M) 1,619ms
[246,624s][info][gc] GC(1095) Pause Young (G1 Evacuation Pause) 237M->22M(368M) 1,248ms
[246,898s][info][gc] GC(1096) Pause Young (G1 Evacuation Pause) 236M->22M(368M) 1,600ms
[247,131s][info][gc] GC(1097) Pause Young (G1 Evacuation Pause) 237M->22M(368M) 1,392ms
[247,368s][info][gc] GC(1098) Pause Young (G1 Evacuation Pause) 237M->22M(368M) 3,800ms
[247,605s][info][gc] GC(1099) Pause Young (G1 Evacuation Pause) 237M->22M(368M) 1,186ms
[247,837s][info][gc] GC(1100) Pause Young (G1 Evacuation Pause) 237M->22M(368M) 1,335ms
[248,089s][info][gc] GC(1101) Pause Young (G1 Evacuation Pause) 237M->23M(368M) 1,931ms
[248,321s][info][gc] GC(1102) Pause Young (G1 Evacuation Pause) 237M->22M(368M) 1,044ms
[248,571s][info][gc] GC(1103) Pause Young (G1 Evacuation Pause) 237M->22M(368M) 1,409ms
[248,804s][info][gc] GC(1104) Pause Young (G1 Evacuation Pause) 237M->22M(368M) 1,354ms
[249,064s][info][gc] GC(1105) Pause Young (G1 Evacuation Pause) 237M->22M(368M) 1,779ms
[249,321s][info][gc] GC(1106) Pause Young (G1 Evacuation Pause) 237M->23M(368M) 1,873ms
[249,575s][info][gc] GC(1107) Pause Young (G1 Evacuation Pause) 237M->22M(368M) 1,708ms
[249,814s][info][gc] GC(1108) Pause Young (G1 Evacuation Pause) 237M->22M(368M) 1,385ms
[250,067s][info][gc] GC(1109) Pause Young (G1 Evacuation Pause) 237M->22M(368M) 1,191ms
[250,299s][info][gc] GC(1110) Pause Young (G1 Evacuation Pause) 237M->22M(368M) 1,271ms
[250,554s][info][gc] GC(1111) Pause Young (G1 Evacuation Pause) 237M->22M(368M) 1,682ms
[250,808s][info][gc] GC(1112) Pause Young (G1 Evacuation Pause) 236M->22M(368M) 1,628ms
[251,053s][info][gc] GC(1113) Pause Young (G1 Evacuation Pause) 237M->22M(368M) 1,048ms
[251,286s][info][gc] GC(1114) Pause Young (G1 Evacuation Pause) 237M->21M(368M) 1,824ms
[251,543s][info][gc] GC(1115) Pause Young (G1 Evacuation Pause) 236M->22M(368M) 3,055ms
[251,790s][info][gc] GC(1116) Pause Young (G1 Evacuation Pause) 236M->21M(368M) 1,162ms
[252,022s][info][gc] GC(1117) Pause Young (G1 Evacuation Pause) 236M->22M(368M) 1,151ms
[252,254s][info][gc] GC(1118) Pause Young (G1 Evacuation Pause) 237M->22M(368M) 1,191ms
[252,497s][info][gc] GC(1119) Pause Young (G1 Evacuation Pause) 237M->22M(368M) 7,055ms
[252,729s][info][gc] GC(1120) Pause Young (G1 Evacuation Pause) 237M->22M(368M) 1,225ms
[252,961s][info][gc] GC(1121) Pause Young (G1 Evacuation Pause) 237M->22M(368M) 1,168ms
[253,194s][info][gc] GC(1122) Pause Young (G1 Evacuation Pause) 237M->23M(368M) 1,228ms
[253,426s][info][gc] GC(1123) Pause Young (G1 Evacuation Pause) 237M->22M(368M) 1,111ms
[253,671s][info][gc] GC(1124) Pause Young (G1 Evacuation Pause) 237M->22M(368M) 6,179ms
[253,916s][info][gc] GC(1125) Pause Young (G1 Evacuation Pause) 237M->22M(368M) 1,051ms
[254,162s][info][gc] GC(1126) Pause Young (G1 Evacuation Pause) 237M->22M(368M) 1,427ms
[254,396s][info][gc] GC(1127) Pause Young (G1 Evacuation Pause) 237M->22M(368M) 1,453ms
[254,627s][info][gc] GC(1128) Pause Young (G1 Evacuation Pause) 236M->22M(368M) 1,128ms
[254,883s][info][gc] GC(1129) Pause Young (G1 Evacuation Pause) 237M->22M(368M) 1,228ms
[255,115s][info][gc] GC(1130) Pause Young (G1 Evacuation Pause) 237M->22M(368M) 1,268ms
[255,348s][info][gc] GC(1131) Pause Young (G1 Evacuation Pause) 237M->22M(368M) 1,358ms
[255,589s][info][gc] GC(1132) Pause Young (G1 Evacuation Pause) 237M->22M(368M) 1,307ms
[255,821s][info][gc] GC(1133) Pause Young (G1 Evacuation Pause) 236M->22M(368M) 1,372ms
[256,067s][info][gc] GC(1134) Pause Young (G1 Evacuation Pause) 237M->22M(368M) 1,328ms
[256,318s][info][gc] GC(1135) Pause Young (G1 Evacuation Pause) 237M->22M(368M) 1,276ms
[256,566s][info][gc] GC(1136) Pause Young (G1 Evacuation Pause) 237M->22M(368M) 1,144ms
[256,798s][info][gc] GC(1137) Pause Young (G1 Evacuation Pause) 237M->22M(368M) 1,297ms
[257,052s][info][gc] GC(1138) Pause Young (G1 Evacuation Pause) 236M->21M(368M) 1,736ms
[257,285s][info][gc] GC(1139) Pause Young (G1 Evacuation Pause) 236M->21M(368M) 1,917ms
[257,520s][info][gc] GC(1140) Pause Young (G1 Evacuation Pause) 236M->22M(368M) 1,122ms
[257,752s][info][gc] GC(1141) Pause Young (G1 Evacuation Pause) 237M->22M(368M) 1,274ms
[258,007s][info][gc] GC(1142) Pause Young (G1 Evacuation Pause) 237M->22M(368M) 1,476ms
[258,272s][info][gc] GC(1143) Pause Young (G1 Evacuation Pause) 237M->23M(368M) 4,182ms
[258,526s][info][gc] GC(1144) Pause Young (G1 Evacuation Pause) 237M->22M(368M) 1,376ms
[258,761s][info][gc] GC(1145) Pause Young (G1 Evacuation Pause) 237M->22M(368M) 1,403ms
[259,012s][info][gc] GC(1146) Pause Young (G1 Evacuation Pause) 237M->22M(368M) 1,629ms
[259,271s][info][gc] GC(1147) Pause Young (G1 Evacuation Pause) 237M->22M(368M) 1,929ms
[259,522s][info][gc] GC(1148) Pause Young (G1 Evacuation Pause) 237M->22M(368M) 1,586ms
[259,754s][info][gc] GC(1149) Pause Young (G1 Evacuation Pause) 236M->22M(368M) 1,165ms
[260,005s][info][gc] GC(1150) Pause Young (G1 Evacuation Pause) 237M->22M(368M) 1,815ms
[260,251s][info][gc] GC(1151) Pause Young (G1 Evacuation Pause) 237M->22M(368M) 1,371ms
[260,500s][info][gc] GC(1152) Pause Young (G1 Evacuation Pause) 237M->22M(368M) 1,262ms
[260,732s][info][gc] GC(1153) Pause Young (G1 Evacuation Pause) 237M->22M(368M) 1,312ms
[260,964s][info][gc] GC(1154) Pause Young (G1 Evacuation Pause) 236M->22M(368M) 1,256ms
[261,210s][info][gc] GC(1155) Pause Young (G1 Evacuation Pause) 237M->22M(368M) 2,224ms
[261,445s][info][gc] GC(1156) Pause Young (G1 Evacuation Pause) 237M->22M(368M) 1,355ms
[261,678s][info][gc] GC(1157) Pause Young (G1 Evacuation Pause) 237M->22M(368M) 1,355ms
[261,921s][info][gc] GC(1158) Pause Young (G1 Evacuation Pause) 237M->22M(368M) 1,807ms
[262,154s][info][gc] GC(1159) Pause Young (G1 Evacuation Pause) 236M->22M(368M) 1,120ms
[262,396s][info][gc] GC(1160) Pause Young (G1 Evacuation Pause) 237M->22M(368M) 2,191ms
[262,644s][info][gc] GC(1161) Pause Young (G1 Evacuation Pause) 237M->22M(368M) 1,262ms
[262,885s][info][gc] GC(1162) Pause Young (G1 Evacuation Pause) 237M->22M(368M) 4,155ms
[263,125s][info][gc] GC(1163) Pause Young (G1 Evacuation Pause) 237M->22M(368M) 1,268ms
[263,357s][info][gc] GC(1164) Pause Young (G1 Evacuation Pause) 237M->23M(368M) 1,181ms
[263,589s][info][gc] GC(1165) Pause Young (G1 Evacuation Pause) 237M->22M(368M) 1,173ms
[263,821s][info][gc] GC(1166) Pause Young (G1 Evacuation Pause) 237M->22M(368M) 1,207ms
[264,080s][info][gc] GC(1167) Pause Young (G1 Evacuation Pause) 237M->22M(368M) 1,749ms
[264,334s][info][gc] GC(1168) Pause Young (G1 Evacuation Pause) 237M->22M(368M) 1,886ms
[264,581s][info][gc] GC(1169) Pause Young (G1 Evacuation Pause) 236M->21M(368M) 1,028ms
[264,813s][info][gc] GC(1170) Pause Young (G1 Evacuation Pause) 236M->22M(368M) 1,159ms
[265,069s][info][gc] GC(1171) Pause Young (G1 Evacuation Pause) 237M->22M(368M) 1,727ms
[265,323s][info][gc] GC(1172) Pause Young (G1 Evacuation Pause) 237M->22M(368M) 1,755ms
[265,577s][info][gc] GC(1173) Pause Young (G1 Evacuation Pause) 237M->22M(368M) 1,755ms
[265,831s][info][gc] GC(1174) Pause Young (G1 Evacuation Pause) 237M->22M(368M) 1,767ms
[266,075s][info][gc] GC(1175) Pause Young (G1 Evacuation Pause) 236M->22M(368M) 1,058ms
[266,308s][info][gc] GC(1176) Pause Young (G1 Evacuation Pause) 237M->21M(368M) 2,024ms
[266,558s][info][gc] GC(1177) Pause Young (G1 Evacuation Pause) 236M->22M(368M) 1,388ms
[266,791s][info][gc] GC(1178) Pause Young (G1 Evacuation Pause) 237M->22M(368M) 1,448ms
[267,023s][info][gc] GC(1179) Pause Young (G1 Evacuation Pause) 237M->22M(368M) 1,250ms
[267,255s][info][gc] GC(1180) Pause Young (G1 Evacuation Pause) 236M->22M(368M) 1,273ms
[267,501s][info][gc] GC(1181) Pause Young (G1 Evacuation Pause) 237M->22M(368M) 1,306ms
[267,734s][info][gc] GC(1182) Pause Young (G1 Evacuation Pause) 237M->22M(368M) 1,430ms
[267,966s][info][gc] GC(1183) Pause Young (G1 Evacuation Pause) 237M->22M(368M) 1,253ms
[268,198s][info][gc] GC(1184) Pause Young (G1 Evacuation Pause) 237M->22M(368M) 1,186ms
[268,444s][info][gc] GC(1185) Pause Young (G1 Evacuation Pause) 237M->23M(368M) 1,734ms
[268,678s][info][gc] GC(1186) Pause Young (G1 Evacuation Pause) 237M->22M(368M) 1,203ms
[268,921s][info][gc] GC(1187) Pause Young (G1 Evacuation Pause) 237M->22M(368M) 1,854ms
[269,155s][info][gc] GC(1188) Pause Young (G1 Evacuation Pause) 237M->22M(368M) 1,368ms
[269,396s][info][gc] GC(1189) Pause Young (G1 Evacuation Pause) 237M->22M(368M) 2,301ms
[269,635s][info][gc] GC(1190) Pause Young (G1 Evacuation Pause) 237M->23M(368M) 1,119ms
[269,870s][info][gc] GC(1191) Pause Young (G1 Evacuation Pause) 237M->22M(368M) 2,526ms
[270,102s][info][gc] GC(1192) Pause Young (G1 Evacuation Pause) 237M->22M(368M) 1,188ms
[270,334s][info][gc] GC(1193) Pause Young (G1 Evacuation Pause) 237M->22M(368M) 1,204ms
[270,594s][info][gc] GC(1194) Pause Young (G1 Evacuation Pause) 237M->22M(368M) 1,823ms
[270,848s][info][gc] GC(1195) Pause Young (G1 Evacuation Pause) 237M->22M(368M) 1,720ms
[271,109s][info][gc] GC(1196) Pause Young (G1 Evacuation Pause) 236M->22M(368M) 1,720ms
[271,367s][info][gc] GC(1197) Pause Young (G1 Evacuation Pause) 237M->22M(368M) 4,007ms
[271,601s][info][gc] GC(1198) Pause Young (G1 Evacuation Pause) 237M->22M(368M) 1,224ms
[271,858s][info][gc] GC(1199) Pause Young (G1 Evacuation Pause) 237M->22M(368M) 1,871ms
[272,112s][info][gc] GC(1200) Pause Young (G1 Evacuation Pause) 237M->22M(368M) 1,804ms
[272,372s][info][gc] GC(1201) Pause Young (G1 Evacuation Pause) 237M->22M(368M) 5,474ms
[272,611s][info][gc] GC(1202) Pause Young (G1 Evacuation Pause) 236M->22M(368M) 1,036ms
[272,843s][info][gc] GC(1203) Pause Young (G1 Evacuation Pause) 237M->22M(368M) 1,210ms
[273,096s][info][gc] GC(1204) Pause Young (G1 Evacuation Pause) 237M->22M(368M) 1,116ms
[273,329s][info][gc] GC(1205) Pause Young (G1 Evacuation Pause) 237M->22M(368M) 1,524ms
[273,585s][info][gc] GC(1206) Pause Young (G1 Evacuation Pause) 236M->22M(368M) 1,688ms
[273,839s][info][gc] GC(1207) Pause Young (G1 Evacuation Pause) 237M->22M(368M) 1,783ms
[274,092s][info][gc] GC(1208) Pause Young (G1 Evacuation Pause) 237M->22M(368M) 1,333ms
[274,325s][info][gc] GC(1209) Pause Young (G1 Evacuation Pause) 237M->22M(368M) 1,496ms
[274,576s][info][gc] GC(1210) Pause Young (G1 Evacuation Pause) 237M->22M(368M) 2,565ms
[274,810s][info][gc] GC(1211) Pause Young (G1 Evacuation Pause) 236M->21M(368M) 2,712ms
[275,056s][info][gc] GC(1212) Pause Young (G1 Evacuation Pause) 236M->22M(368M) 1,180ms
[275,289s][info][gc] GC(1213) Pause Young (G1 Evacuation Pause) 237M->21M(368M) 1,801ms
[275,546s][info][gc] GC(1214) Pause Young (G1 Evacuation Pause) 236M->22M(368M) 1,790ms
[275,800s][info][gc] GC(1215) Pause Young (G1 Evacuation Pause) 237M->22M(368M) 1,776ms
[276,059s][info][gc] GC(1216) Pause Young (G1 Evacuation Pause) 237M->22M(368M) 1,730ms
[276,292s][info][gc] GC(1217) Pause Young (G1 Evacuation Pause) 236M->22M(368M) 1,104ms
[276,543s][info][gc] GC(1218) Pause Young (G1 Evacuation Pause) 237M->22M(368M) 1,330ms
[276,776s][info][gc] GC(1219) Pause Young (G1 Evacuation Pause) 237M->22M(368M) 2,025ms
[277,031s][info][gc] GC(1220) Pause Young (G1 Evacuation Pause) 237M->22M(368M) 1,792ms
[277,285s][info][gc] GC(1221) Pause Young (G1 Evacuation Pause) 237M->22M(368M) 1,829ms
[277,545s][info][gc] GC(1222) Pause Young (G1 Evacuation Pause) 237M->23M(368M) 1,913ms
[277,799s][info][gc] GC(1223) Pause Young (G1 Evacuation Pause) 237M->22M(368M) 1,798ms
[278,060s][info][gc] GC(1224) Pause Young (G1 Evacuation Pause) 237M->22M(368M) 3,948ms
[278,316s][info][gc] GC(1225) Pause Young (G1 Evacuation Pause) 237M->21M(368M) 1,720ms
[278,570s][info][gc] GC(1226) Pause Young (G1 Evacuation Pause) 236M->22M(368M) 1,715ms
[278,824s][info][gc] GC(1227) Pause Young (G1 Evacuation Pause) 237M->22M(368M) 1,741ms
[279,087s][info][gc] GC(1228) Pause Young (G1 Evacuation Pause) 237M->22M(368M) 1,779ms
[279,341s][info][gc] GC(1229) Pause Young (G1 Evacuation Pause) 237M->22M(368M) 1,845ms
[279,599s][info][gc] GC(1230) Pause Young (G1 Evacuation Pause) 236M->22M(368M) 1,100ms
[279,845s][info][gc] GC(1231) Pause Young (G1 Evacuation Pause) 237M->22M(368M) 1,722ms
[280,117s][info][gc] GC(1232) Pause Young (G1 Evacuation Pause) 237M->22M(368M) 1,767ms
[280,374s][info][gc] GC(1233) Pause Young (G1 Evacuation Pause) 237M->22M(368M) 3,770ms
[280,626s][info][gc] GC(1234) Pause Young (G1 Evacuation Pause) 237M->22M(368M) 1,133ms
[280,858s][info][gc] GC(1235) Pause Young (G1 Evacuation Pause) 236M->22M(368M) 1,123ms
[281,090s][info][gc] GC(1236) Pause Young (G1 Evacuation Pause) 237M->22M(368M) 1,179ms
[281,322s][info][gc] GC(1237) Pause Young (G1 Evacuation Pause) 237M->22M(368M) 1,216ms
[281,554s][info][gc] GC(1238) Pause Young (G1 Evacuation Pause) 237M->22M(368M) 1,209ms
[281,786s][info][gc] GC(1239) Pause Young (G1 Evacuation Pause) 237M->22M(368M) 1,367ms
[282,019s][info][gc] GC(1240) Pause Young (G1 Evacuation Pause) 237M->23M(368M) 1,379ms
[282,251s][info][gc] GC(1241) Pause Young (G1 Evacuation Pause) 237M->22M(368M) 1,278ms
[282,483s][info][gc] GC(1242) Pause Young (G1 Evacuation Pause) 237M->22M(368M) 1,281ms
[282,716s][info][gc] GC(1243) Pause Young (G1 Evacuation Pause) 237M->22M(368M) 1,237ms
[282,963s][info][gc] GC(1244) Pause Young (G1 Evacuation Pause) 237M->22M(368M) 1,642ms
[283,200s][info][gc] GC(1245) Pause Young (G1 Evacuation Pause) 237M->23M(368M) 1,153ms
[283,448s][info][gc] GC(1246) Pause Young (G1 Evacuation Pause) 237M->22M(368M) 2,106ms
[283,709s][info][gc] GC(1247) Pause Young (G1 Evacuation Pause) 237M->22M(368M) 1,719ms
[283,963s][info][gc] GC(1248) Pause Young (G1 Evacuation Pause) 237M->22M(368M) 1,822ms
[284,217s][info][gc] GC(1249) Pause Young (G1 Evacuation Pause) 237M->22M(368M) 1,753ms
[284,469s][info][gc] GC(1250) Pause Young (G1 Evacuation Pause) 237M->22M(368M) 1,536ms
[284,701s][info][gc] GC(1251) Pause Young (G1 Evacuation Pause) 236M->22M(368M) 1,116ms
[284,949s][info][gc] GC(1252) Pause Young (G1 Evacuation Pause) 237M->22M(368M) 1,831ms
[285,182s][info][gc] GC(1253) Pause Young (G1 Evacuation Pause) 237M->22M(368M) 1,271ms
[285,427s][info][gc] GC(1254) Pause Young (G1 Evacuation Pause) 237M->22M(368M) 2,416ms
[285,666s][info][gc] GC(1255) Pause Young (G1 Evacuation Pause) 237M->22M(368M) 1,801ms
[285,908s][info][gc] GC(1256) Pause Young (G1 Evacuation Pause) 236M->22M(368M) 2,248ms
[286,147s][info][gc] GC(1257) Pause Young (G1 Evacuation Pause) 237M->22M(368M) 1,203ms
[286,397s][info][gc] GC(1258) Pause Young (G1 Evacuation Pause) 237M->22M(368M) 2,320ms
[286,654s][info][gc] GC(1259) Pause Young (G1 Evacuation Pause) 237M->22M(368M) 3,062ms
[286,890s][info][gc] GC(1260) Pause Young (G1 Evacuation Pause) 237M->22M(368M) 1,461ms
[287,122s][info][gc] GC(1261) Pause Young (G1 Evacuation Pause) 236M->22M(368M) 1,258ms
[287,359s][info][gc] GC(1262) Pause Young (G1 Evacuation Pause) 237M->21M(368M) 4,657ms
[287,610s][info][gc] GC(1263) Pause Young (G1 Evacuation Pause) 236M->22M(368M) 1,100ms
[287,842s][info][gc] GC(1264) Pause Young (G1 Evacuation Pause) 237M->22M(368M) 1,180ms
[288,102s][info][gc] GC(1265) Pause Young (G1 Evacuation Pause) 237M->22M(368M) 1,184ms
[288,334s][info][gc] GC(1266) Pause Young (G1 Evacuation Pause) 237M->23M(368M) 1,360ms
[288,566s][info][gc] GC(1267) Pause Young (G1 Evacuation Pause) 237M->22M(368M) 1,103ms
[288,798s][info][gc] GC(1268) Pause Young (G1 Evacuation Pause) 237M->22M(368M) 1,190ms
[289,056s][info][gc] GC(1269) Pause Young (G1 Evacuation Pause) 237M->22M(368M) 1,691ms
[289,310s][info][gc] GC(1270) Pause Young (G1 Evacuation Pause) 237M->22M(368M) 1,636ms
[289,571s][info][gc] GC(1271) Pause Young (G1 Evacuation Pause) 237M->22M(368M) 1,749ms
[289,805s][info][gc] GC(1272) Pause Young (G1 Evacuation Pause) 236M->22M(368M) 1,225ms
[290,059s][info][gc] GC(1273) Pause Young (G1 Evacuation Pause) 237M->22M(368M) 1,898ms
[290,313s][info][gc] GC(1274) Pause Young (G1 Evacuation Pause) 237M->22M(368M) 1,659ms
[290,571s][info][gc] GC(1275) Pause Young (G1 Evacuation Pause) 237M->22M(368M) 1,791ms
[290,832s][info][gc] GC(1276) Pause Young (G1 Evacuation Pause) 237M->22M(368M) 3,451ms
[291,097s][info][gc] GC(1277) Pause Young (G1 Evacuation Pause) 236M->22M(368M) 2,333ms
[291,354s][info][gc] GC(1278) Pause Young (G1 Evacuation Pause) 237M->22M(368M) 1,783ms
[291,589s][info][gc] GC(1279) Pause Young (G1 Evacuation Pause) 237M->22M(368M) 1,315ms
[291,823s][info][gc] GC(1280) Pause Young (G1 Evacuation Pause) 237M->22M(368M) 1,401ms
[292,081s][info][gc] GC(1281) Pause Young (G1 Evacuation Pause) 237M->22M(368M) 3,290ms
[292,314s][info][gc] GC(1282) Pause Young (G1 Evacuation Pause) 236M->22M(368M) 1,406ms
[292,550s][info][gc] GC(1283) Pause Young (G1 Evacuation Pause) 237M->22M(368M) 1,111ms
[292,782s][info][gc] GC(1284) Pause Young (G1 Evacuation Pause) 237M->22M(368M) 1,214ms
[293,038s][info][gc] GC(1285) Pause Young (G1 Evacuation Pause) 237M->22M(368M) 1,406ms
[293,270s][info][gc] GC(1286) Pause Young (G1 Evacuation Pause) 237M->22M(368M) 1,260ms
[293,524s][info][gc] GC(1287) Pause Young (G1 Evacuation Pause) 237M->23M(368M) 1,889ms
[293,759s][info][gc] GC(1288) Pause Young (G1 Evacuation Pause) 237M->22M(368M) 1,419ms
[294,011s][info][gc] GC(1289) Pause Young (G1 Evacuation Pause) 237M->22M(368M) 1,572ms
[294,264s][info][gc] GC(1290) Pause Young (G1 Evacuation Pause) 237M->22M(368M) 1,853ms
[294,508s][info][gc] GC(1291) Pause Young (G1 Evacuation Pause) 237M->22M(368M) 1,521ms
[294,756s][info][gc] GC(1292) Pause Young (G1 Evacuation Pause) 237M->23M(368M) 1,135ms
[295,010s][info][gc] GC(1293) Pause Young (G1 Evacuation Pause) 237M->22M(368M) 1,701ms
[295,264s][info][gc] GC(1294) Pause Young (G1 Evacuation Pause) 237M->22M(368M) 1,653ms
[295,519s][info][gc] GC(1295) Pause Young (G1 Evacuation Pause) 237M->22M(368M) 1,838ms
[295,754s][info][gc] GC(1296) Pause Young (G1 Evacuation Pause) 237M->22M(368M) 1,601ms
[296,005s][info][gc] GC(1297) Pause Young (G1 Evacuation Pause) 237M->22M(368M) 1,642ms
[296,240s][info][gc] GC(1298) Pause Young (G1 Evacuation Pause) 236M->21M(368M) 1,728ms
[296,484s][info][gc] GC(1299) Pause Young (G1 Evacuation Pause) 236M->22M(368M) 1,559ms
[296,716s][info][gc] GC(1300) Pause Young (G1 Evacuation Pause) 237M->22M(368M) 1,216ms
[296,968s][info][gc] GC(1301) Pause Young (G1 Evacuation Pause) 237M->22M(368M) 1,697ms
[297,222s][info][gc] GC(1302) Pause Young (G1 Evacuation Pause) 237M->22M(368M) 1,740ms
[297,475s][info][gc] GC(1303) Pause Young (G1 Evacuation Pause) 237M->23M(368M) 1,673ms
[297,708s][info][gc] GC(1304) Pause Young (G1 Evacuation Pause) 237M->22M(368M) 1,290ms
[297,956s][info][gc] GC(1305) Pause Young (G1 Evacuation Pause) 237M->22M(368M) 1,661ms
[298,193s][info][gc] GC(1306) Pause Young (G1 Evacuation Pause) 237M->22M(368M) 1,214ms
[298,438s][info][gc] GC(1307) Pause Young (G1 Evacuation Pause) 237M->22M(368M) 1,829ms
[298,692s][info][gc] GC(1308) Pause Young (G1 Evacuation Pause) 237M->23M(368M) 1,887ms
[298,925s][info][gc] GC(1309) Pause Young (G1 Evacuation Pause) 237M->22M(368M) 1,161ms
[299,157s][info][gc] GC(1310) Pause Young (G1 Evacuation Pause) 237M->22M(368M) 1,179ms
[299,389s][info][gc] GC(1311) Pause Young (G1 Evacuation Pause) 237M->22M(368M) 1,224ms
[299,621s][info][gc] GC(1312) Pause Young (G1 Evacuation Pause) 237M->22M(368M) 1,199ms
[299,853s][info][gc] GC(1313) Pause Young (G1 Evacuation Pause) 237M->22M(368M) 1,270ms
[300,095s][info][gc] GC(1314) Pause Young (G1 Evacuation Pause) 236M->22M(368M) 1,166ms
[300,327s][info][gc] GC(1315) Pause Young (G1 Evacuation Pause) 237M->22M(368M) 1,078ms
[300,575s][info][gc] GC(1316) Pause Young (G1 Evacuation Pause) 237M->22M(368M) 1,206ms
[300,807s][info][gc] GC(1317) Pause Young (G1 Evacuation Pause) 237M->22M(368M) 1,310ms
[301,041s][info][gc] GC(1318) Pause Young (G1 Evacuation Pause) 237M->22M(368M) 1,505ms
[301,274s][info][gc] GC(1319) Pause Young (G1 Evacuation Pause) 236M->22M(368M) 1,574ms
[301,507s][info][gc] GC(1320) Pause Young (G1 Evacuation Pause) 237M->22M(368M) 1,410ms
[301,758s][info][gc] GC(1321) Pause Young (G1 Evacuation Pause) 237M->22M(368M) 1,191ms
[302,021s][info][gc] GC(1322) Pause Young (G1 Evacuation Pause) 237M->22M(368M) 2,248ms
[302,274s][info][gc] GC(1323) Pause Young (G1 Evacuation Pause) 237M->22M(368M) 1,918ms
[302,528s][info][gc] GC(1324) Pause Young (G1 Evacuation Pause) 236M->22M(368M) 1,810ms
[302,765s][info][gc] GC(1325) Pause Young (G1 Evacuation Pause) 237M->22M(368M) 1,179ms
[302,998s][info][gc] GC(1326) Pause Young (G1 Evacuation Pause) 237M->21M(368M) 1,813ms
[303,230s][info][gc] GC(1327) Pause Young (G1 Evacuation Pause) 236M->22M(368M) 1,196ms
[303,478s][info][gc] GC(1328) Pause Young (G1 Evacuation Pause) 237M->22M(368M) 1,821ms
[303,732s][info][gc] GC(1329) Pause Young (G1 Evacuation Pause) 236M->22M(368M) 1,751ms
[303,994s][info][gc] GC(1330) Pause Young (G1 Evacuation Pause) 237M->22M(368M) 2,299ms
[304,248s][info][gc] GC(1331) Pause Young (G1 Evacuation Pause) 237M->22M(368M) 1,782ms
[304,503s][info][gc] GC(1332) Pause Young (G1 Evacuation Pause) 237M->22M(368M) 2,031ms
[304,735s][info][gc] GC(1333) Pause Young (G1 Evacuation Pause) 237M->22M(368M) 1,233ms
[304,983s][info][gc] GC(1334) Pause Young (G1 Evacuation Pause) 237M->23M(368M) 1,435ms
[305,216s][info][gc] GC(1335) Pause Young (G1 Evacuation Pause) 237M->22M(368M) 1,412ms
[305,457s][info][gc] GC(1336) Pause Young (G1 Evacuation Pause) 237M->22M(368M) 1,085ms
[305,689s][info][gc] GC(1337) Pause Young (G1 Evacuation Pause) 237M->22M(368M) 1,236ms
[305,937s][info][gc] GC(1338) Pause Young (G1 Evacuation Pause) 237M->22M(368M) 2,369ms
[306,170s][info][gc] GC(1339) Pause Young (G1 Evacuation Pause) 237M->22M(368M) 1,147ms
[306,412s][info][gc] GC(1340) Pause Young (G1 Evacuation Pause) 236M->22M(368M) 1,694ms
[306,645s][info][gc] GC(1341) Pause Young (G1 Evacuation Pause) 237M->22M(368M) 1,415ms
[306,886s][info][gc] GC(1342) Pause Young (G1 Evacuation Pause) 237M->22M(368M) 3,929ms
[307,120s][info][gc] GC(1343) Pause Young (G1 Evacuation Pause) 237M->22M(368M) 1,228ms
[307,356s][info][gc] GC(1344) Pause Young (G1 Evacuation Pause) 237M->22M(368M) 5,297ms
[307,588s][info][gc] GC(1345) Pause Young (G1 Evacuation Pause) 236M->22M(368M) 1,144ms
[307,820s][info][gc] GC(1346) Pause Young (G1 Evacuation Pause) 237M->22M(368M) 1,037ms
[308,052s][info][gc] GC(1347) Pause Young (G1 Evacuation Pause) 237M->22M(368M) 1,118ms
[308,284s][info][gc] GC(1348) Pause Young (G1 Evacuation Pause) 237M->22M(368M) 1,293ms
[308,534s][info][gc] GC(1349) Pause Young (G1 Evacuation Pause) 237M->22M(368M) 1,964ms
[308,767s][info][gc] GC(1350) Pause Young (G1 Evacuation Pause) 236M->22M(368M) 1,219ms
[309,024s][info][gc] GC(1351) Pause Young (G1 Evacuation Pause) 237M->21M(368M) 1,737ms
[309,278s][info][gc] GC(1352) Pause Young (G1 Evacuation Pause) 236M->22M(368M) 1,752ms
[309,546s][info][gc] GC(1353) Pause Young (G1 Evacuation Pause) 237M->22M(368M) 3,242ms
[309,806s][info][gc] GC(1354) Pause Young (G1 Evacuation Pause) 237M->22M(368M) 1,663ms
[310,052s][info][gc] GC(1355) Pause Young (G1 Evacuation Pause) 237M->23M(368M) 1,175ms
[310,284s][info][gc] GC(1356) Pause Young (G1 Evacuation Pause) 237M->22M(368M) 1,053ms
[310,541s][info][gc] GC(1357) Pause Young (G1 Evacuation Pause) 237M->22M(368M) 1,823ms
[310,795s][info][gc] GC(1358) Pause Young (G1 Evacuation Pause) 237M->22M(368M) 1,693ms
[311,047s][info][gc] GC(1359) Pause Young (G1 Evacuation Pause) 237M->22M(368M) 1,222ms
[311,279s][info][gc] GC(1360) Pause Young (G1 Evacuation Pause) 237M->23M(368M) 1,266ms
[311,530s][info][gc] GC(1361) Pause Young (G1 Evacuation Pause) 237M->22M(368M) 1,673ms
[311,786s][info][gc] GC(1362) Pause Young (G1 Evacuation Pause) 237M->22M(368M) 3,420ms
[312,020s][info][gc] GC(1363) Pause Young (G1 Evacuation Pause) 237M->22M(368M) 2,758ms
[312,254s][info][gc] GC(1364) Pause Young (G1 Evacuation Pause) 237M->22M(368M) 2,744ms
[312,504s][info][gc] GC(1365) Pause Young (G1 Evacuation Pause) 236M->22M(368M) 1,018ms
[312,752s][info][gc] GC(1366) Pause Young (G1 Evacuation Pause) 237M->22M(368M) 2,338ms
[313,007s][info][gc] GC(1367) Pause Young (G1 Evacuation Pause) 237M->22M(368M) 1,702ms
[313,239s][info][gc] GC(1368) Pause Young (G1 Evacuation Pause) 237M->22M(368M) 1,249ms
[313,471s][info][gc] GC(1369) Pause Young (G1 Evacuation Pause) 237M->22M(368M) 1,220ms
[313,703s][info][gc] GC(1370) Pause Young (G1 Evacuation Pause) 237M->22M(368M) 1,190ms
[313,949s][info][gc] GC(1371) Pause Young (G1 Evacuation Pause) 237M->23M(368M) 1,880ms
[314,203s][info][gc] GC(1372) Pause Young (G1 Evacuation Pause) 237M->22M(368M) 1,627ms
[314,461s][info][gc] GC(1373) Pause Young (G1 Evacuation Pause) 237M->22M(368M) 1,587ms
[314,715s][info][gc] GC(1374) Pause Young (G1 Evacuation Pause) 237M->22M(368M) 1,676ms
[314,969s][info][gc] GC(1375) Pause Young (G1 Evacuation Pause) 237M->22M(368M) 1,723ms
[315,202s][info][gc] GC(1376) Pause Young (G1 Evacuation Pause) 237M->23M(368M) 1,169ms
[315,447s][info][gc] GC(1377) Pause Young (G1 Evacuation Pause) 237M->22M(368M) 1,592ms
[315,681s][info][gc] GC(1378) Pause Young (G1 Evacuation Pause) 237M->22M(368M) 1,767ms
[315,924s][info][gc] GC(1379) Pause Young (G1 Evacuation Pause) 237M->22M(368M) 1,748ms
[316,157s][info][gc] GC(1380) Pause Young (G1 Evacuation Pause) 237M->22M(368M) 1,096ms
[316,403s][info][gc] GC(1381) Pause Young (G1 Evacuation Pause) 237M->22M(368M) 4,455ms
[316,647s][info][gc] GC(1382) Pause Young (G1 Evacuation Pause) 236M->22M(368M) 1,172ms
[316,879s][info][gc] GC(1383) Pause Young (G1 Evacuation Pause) 237M->22M(368M) 1,102ms
[317,111s][info][gc] GC(1384) Pause Young (G1 Evacuation Pause) 237M->22M(368M) 1,132ms
[317,343s][info][gc] GC(1385) Pause Young (G1 Evacuation Pause) 237M->22M(368M) 1,254ms
[317,595s][info][gc] GC(1386) Pause Young (G1 Evacuation Pause) 236M->21M(368M) 1,494ms
[317,828s][info][gc] GC(1387) Pause Young (G1 Evacuation Pause) 236M->22M(368M) 1,500ms
[318,081s][info][gc] GC(1388) Pause Young (G1 Evacuation Pause) 237M->22M(368M) 2,382ms
[318,335s][info][gc] GC(1389) Pause Young (G1 Evacuation Pause) 237M->22M(368M) 1,641ms
[318,589s][info][gc] GC(1390) Pause Young (G1 Evacuation Pause) 237M->22M(368M) 1,156ms
[318,822s][info][gc] GC(1391) Pause Young (G1 Evacuation Pause) 237M->22M(368M) 1,139ms
[319,078s][info][gc] GC(1392) Pause Young (G1 Evacuation Pause) 237M->23M(368M) 1,846ms
[319,337s][info][gc] GC(1393) Pause Young (G1 Evacuation Pause) 237M->22M(368M) 1,722ms
[319,573s][info][gc] GC(1394) Pause Young (G1 Evacuation Pause) 237M->22M(368M) 1,539ms
[319,821s][info][gc] GC(1395) Pause Young (G1 Evacuation Pause) 237M->22M(368M) 1,789ms
[320,075s][info][gc] GC(1396) Pause Young (G1 Evacuation Pause) 237M->22M(368M) 1,860ms
[320,329s][info][gc] GC(1397) Pause Young (G1 Evacuation Pause) 237M->23M(368M) 1,869ms
[320,578s][info][gc] GC(1398) Pause Young (G1 Evacuation Pause) 237M->22M(368M) 1,177ms
[320,831s][info][gc] GC(1399) Pause Young (G1 Evacuation Pause) 237M->22M(368M) 1,728ms
[321,091s][info][gc] GC(1400) Pause Young (G1 Evacuation Pause) 237M->22M(368M) 1,659ms
[321,332s][info][gc] GC(1401) Pause Young (G1 Evacuation Pause) 237M->22M(368M) 1,364ms
[321,593s][info][gc] GC(1402) Pause Young (G1 Evacuation Pause) 236M->21M(368M) 1,611ms
[321,847s][info][gc] GC(1403) Pause Young (G1 Evacuation Pause) 236M->22M(368M) 1,702ms
[322,106s][info][gc] GC(1404) Pause Young (G1 Evacuation Pause) 237M->22M(368M) 1,759ms
[322,360s][info][gc] GC(1405) Pause Young (G1 Evacuation Pause) 237M->22M(368M) 1,879ms
[322,614s][info][gc] GC(1406) Pause Young (G1 Evacuation Pause) 237M->22M(368M) 1,737ms
[322,859s][info][gc] GC(1407) Pause Young (G1 Evacuation Pause) 237M->22M(368M) 1,349ms
[323,092s][info][gc] GC(1408) Pause Young (G1 Evacuation Pause) 236M->22M(368M) 1,219ms
[323,325s][info][gc] GC(1409) Pause Young (G1 Evacuation Pause) 237M->21M(368M) 2,089ms
[323,585s][info][gc] GC(1410) Pause Young (G1 Evacuation Pause) 236M->22M(368M) 1,751ms
[323,839s][info][gc] GC(1411) Pause Young (G1 Evacuation Pause) 237M->22M(368M) 1,622ms
[324,096s][info][gc] GC(1412) Pause Young (G1 Evacuation Pause) 237M->22M(368M) 1,611ms
[324,346s][info][gc] GC(1413) Pause Young (G1 Evacuation Pause) 236M->22M(368M) 1,746ms
[324,588s][info][gc] GC(1414) Pause Young (G1 Evacuation Pause) 237M->22M(368M) 1,463ms
[324,821s][info][gc] GC(1415) Pause Young (G1 Evacuation Pause) 237M->22M(368M) 1,509ms
[325,066s][info][gc] GC(1416) Pause Young (G1 Evacuation Pause) 237M->22M(368M) 1,343ms
[325,298s][info][gc] GC(1417) Pause Young (G1 Evacuation Pause) 237M->22M(368M) 1,373ms
[325,545s][info][gc] GC(1418) Pause Young (G1 Evacuation Pause) 237M->23M(368M) 1,649ms
[325,777s][info][gc] GC(1419) Pause Young (G1 Evacuation Pause) 237M->22M(368M) 1,348ms
[326,035s][info][gc] GC(1420) Pause Young (G1 Evacuation Pause) 237M->22M(368M) 3,614ms
[326,289s][info][gc] GC(1421) Pause Young (G1 Evacuation Pause) 237M->22M(368M) 1,680ms
[326,543s][info][gc] GC(1422) Pause Young (G1 Evacuation Pause) 237M->22M(368M) 1,771ms
[326,797s][info][gc] GC(1423) Pause Young (G1 Evacuation Pause) 237M->23M(368M) 1,937ms
[327,058s][info][gc] GC(1424) Pause Young (G1 Evacuation Pause) 237M->22M(368M) 1,637ms
[327,316s][info][gc] GC(1425) Pause Young (G1 Evacuation Pause) 237M->22M(368M) 1,667ms
[327,572s][info][gc] GC(1426) Pause Young (G1 Evacuation Pause) 237M->22M(368M) 1,634ms
[327,805s][info][gc] GC(1427) Pause Young (G1 Evacuation Pause) 237M->22M(368M) 1,177ms
[328,059s][info][gc] GC(1428) Pause Young (G1 Evacuation Pause) 237M->22M(368M) 1,172ms
[328,291s][info][gc] GC(1429) Pause Young (G1 Evacuation Pause) 236M->22M(368M) 1,069ms
[328,545s][info][gc] GC(1430) Pause Young (G1 Evacuation Pause) 237M->22M(368M) 1,372ms
[328,779s][info][gc] GC(1431) Pause Young (G1 Evacuation Pause) 237M->22M(368M) 1,491ms
[329,011s][info][gc] GC(1432) Pause Young (G1 Evacuation Pause) 237M->22M(368M) 1,092ms
[329,244s][info][gc] GC(1433) Pause Young (G1 Evacuation Pause) 237M->22M(368M) 1,861ms
[329,493s][info][gc] GC(1434) Pause Young (G1 Evacuation Pause) 236M->22M(368M) 1,586ms
[329,747s][info][gc] GC(1435) Pause Young (G1 Evacuation Pause) 237M->22M(368M) 1,579ms
[329,996s][info][gc] GC(1436) Pause Young (G1 Evacuation Pause) 237M->22M(368M) 1,218ms
[330,228s][info][gc] GC(1437) Pause Young (G1 Evacuation Pause) 237M->22M(368M) 1,102ms
[330,463s][info][gc] GC(1438) Pause Young (G1 Evacuation Pause) 237M->22M(368M) 3,638ms
[330,695s][info][gc] GC(1439) Pause Young (G1 Evacuation Pause) 236M->22M(368M) 1,123ms
[330,936s][info][gc] GC(1440) Pause Young (G1 Evacuation Pause) 237M->22M(368M) 1,377ms
[331,168s][info][gc] GC(1441) Pause Young (G1 Evacuation Pause) 237M->22M(368M) 1,094ms
[331,412s][info][gc] GC(1442) Pause Young (G1 Evacuation Pause) 237M->22M(368M) 2,191ms
[331,645s][info][gc] GC(1443) Pause Young (G1 Evacuation Pause) 237M->22M(368M) 1,239ms
[331,886s][info][gc] GC(1444) Pause Young (G1 Evacuation Pause) 236M->22M(368M) 3,926ms
[332,141s][info][gc] GC(1445) Pause Young (G1 Evacuation Pause) 237M->21M(368M) 1,914ms
[332,399s][info][gc] GC(1446) Pause Young (G1 Evacuation Pause) 236M->22M(368M) 2,425ms
[332,637s][info][gc] GC(1447) Pause Young (G1 Evacuation Pause) 237M->22M(368M) 1,138ms
[332,880s][info][gc] GC(1448) Pause Young (G1 Evacuation Pause) 237M->22M(368M) 1,626ms
[333,112s][info][gc] GC(1449) Pause Young (G1 Evacuation Pause) 237M->22M(368M) 1,131ms
[333,344s][info][gc] GC(1450) Pause Young (G1 Evacuation Pause) 236M->22M(368M) 1,159ms
[333,576s][info][gc] GC(1451) Pause Young (G1 Evacuation Pause) 237M->22M(368M) 1,040ms
[333,808s][info][gc] GC(1452) Pause Young (G1 Evacuation Pause) 237M->22M(368M) 1,233ms
[334,064s][info][gc] GC(1453) Pause Young (G1 Evacuation Pause) 237M->22M(368M) 1,779ms
[334,318s][info][gc] GC(1454) Pause Young (G1 Evacuation Pause) 237M->22M(368M) 1,876ms
[334,579s][info][gc] GC(1455) Pause Young (G1 Evacuation Pause) 237M->23M(368M) 1,982ms
[334,835s][info][gc] GC(1456) Pause Young (G1 Evacuation Pause) 237M->22M(368M) 1,361ms
[335,068s][info][gc] GC(1457) Pause Young (G1 Evacuation Pause) 237M->22M(368M) 1,354ms
[335,302s][info][gc] GC(1458) Pause Young (G1 Evacuation Pause) 237M->22M(368M) 2,601ms
[335,535s][info][gc] GC(1459) Pause Young (G1 Evacuation Pause) 237M->22M(368M) 1,626ms
[335,768s][info][gc] GC(1460) Pause Young (G1 Evacuation Pause) 237M->23M(368M) 1,356ms
[336,000s][info][gc] GC(1461) Pause Young (G1 Evacuation Pause) 237M->22M(368M) 1,130ms
[336,253s][info][gc] GC(1462) Pause Young (G1 Evacuation Pause) 237M->22M(368M) 1,644ms
[336,507s][info][gc] GC(1463) Pause Young (G1 Evacuation Pause) 237M->22M(368M) 2,042ms
[336,754s][info][gc] GC(1464) Pause Young (G1 Evacuation Pause) 237M->22M(368M) 2,053ms
[337,007s][info][gc] GC(1465) Pause Young (G1 Evacuation Pause) 236M->22M(368M) 1,748ms
[337,261s][info][gc] GC(1466) Pause Young (G1 Evacuation Pause) 237M->22M(368M) 1,537ms
[337,524s][info][gc] GC(1467) Pause Young (G1 Evacuation Pause) 237M->22M(368M) 2,296ms
[337,758s][info][gc] GC(1468) Pause Young (G1 Evacuation Pause) 237M->22M(368M) 1,226ms
[338,017s][info][gc] GC(1469) Pause Young (G1 Evacuation Pause) 237M->22M(368M) 5,330ms
[338,249s][info][gc] GC(1470) Pause Young (G1 Evacuation Pause) 236M->21M(368M) 1,271ms
[338,481s][info][gc] GC(1471) Pause Young (G1 Evacuation Pause) 236M->21M(368M) 1,303ms
[338,714s][info][gc] GC(1472) Pause Young (G1 Evacuation Pause) 236M->22M(368M) 1,175ms
[338,946s][info][gc] GC(1473) Pause Young (G1 Evacuation Pause) 237M->22M(368M) 1,239ms
[339,178s][info][gc] GC(1474) Pause Young (G1 Evacuation Pause) 237M->22M(368M) 1,349ms
[339,424s][info][gc] GC(1475) Pause Young (G1 Evacuation Pause) 237M->22M(368M) 1,521ms
[339,656s][info][gc] GC(1476) Pause Young (G1 Evacuation Pause) 236M->22M(368M) 1,138ms
[339,912s][info][gc] GC(1477) Pause Young (G1 Evacuation Pause) 237M->22M(368M) 2,260ms
[340,174s][info][gc] GC(1478) Pause Young (G1 Evacuation Pause) 237M->22M(368M) 2,224ms
[340,435s][info][gc] GC(1479) Pause Young (G1 Evacuation Pause) 237M->22M(368M) 2,356ms
[340,682s][info][gc] GC(1480) Pause Young (G1 Evacuation Pause) 237M->22M(368M) 4,055ms
[340,948s][info][gc] GC(1481) Pause Young (G1 Evacuation Pause) 237M->22M(368M) 1,930ms
[341,202s][info][gc] GC(1482) Pause Young (G1 Evacuation Pause) 236M->22M(368M) 1,597ms
[341,456s][info][gc] GC(1483) Pause Young (G1 Evacuation Pause) 237M->22M(368M) 1,795ms
[341,710s][info][gc] GC(1484) Pause Young (G1 Evacuation Pause) 237M->22M(368M) 1,680ms
[341,964s][info][gc] GC(1485) Pause Young (G1 Evacuation Pause) 237M->22M(368M) 1,803ms
[342,218s][info][gc] GC(1486) Pause Young (G1 Evacuation Pause) 237M->23M(368M) 1,764ms
[342,472s][info][gc] GC(1487) Pause Young (G1 Evacuation Pause) 237M->22M(368M) 1,759ms
[342,720s][info][gc] GC(1488) Pause Young (G1 Evacuation Pause) 237M->22M(368M) 1,168ms
[342,967s][info][gc] GC(1489) Pause Young (G1 Evacuation Pause) 237M->22M(368M) 1,750ms
[343,206s][info][gc] GC(1490) Pause Young (G1 Evacuation Pause) 237M->22M(368M) 1,224ms
[343,460s][info][gc] GC(1491) Pause Young (G1 Evacuation Pause) 237M->22M(368M) 1,876ms
[343,694s][info][gc] GC(1492) Pause Young (G1 Evacuation Pause) 236M->22M(368M) 1,069ms
[343,962s][info][gc] GC(1493) Pause Young (G1 Evacuation Pause) 237M->22M(368M) 2,280ms
[344,216s][info][gc] GC(1494) Pause Young (G1 Evacuation Pause) 237M->22M(368M) 1,654ms
[344,474s][info][gc] GC(1495) Pause Young (G1 Evacuation Pause) 237M->22M(368M) 1,373ms
[344,726s][info][gc] GC(1496) Pause Young (G1 Evacuation Pause) 237M->22M(368M) 1,406ms
[344,974s][info][gc] GC(1497) Pause Young (G1 Evacuation Pause) 236M->22M(368M) 1,788ms
[345,230s][info][gc] GC(1498) Pause Young (G1 Evacuation Pause) 237M->21M(368M) 3,391ms
[345,487s][info][gc] GC(1499) Pause Young (G1 Evacuation Pause) 236M->22M(368M) 1,631ms
[345,743s][info][gc] GC(1500) Pause Young (G1 Evacuation Pause) 237M->22M(368M) 1,751ms
[346,004s][info][gc] GC(1501) Pause Young (G1 Evacuation Pause) 237M->22M(368M) 1,765ms
[346,258s][info][gc] GC(1502) Pause Young (G1 Evacuation Pause) 237M->23M(368M) 1,936ms
[346,521s][info][gc] GC(1503) Pause Young (G1 Evacuation Pause) 237M->22M(368M) 2,196ms
[346,754s][info][gc] GC(1504) Pause Young (G1 Evacuation Pause) 237M->22M(368M) 1,519ms
[347,009s][info][gc] GC(1505) Pause Young (G1 Evacuation Pause) 237M->22M(368M) 1,674ms
[347,263s][info][gc] GC(1506) Pause Young (G1 Evacuation Pause) 237M->22M(368M) 1,871ms
[347,496s][info][gc] GC(1507) Pause Young (G1 Evacuation Pause) 237M->23M(368M) 1,310ms
[347,728s][info][gc] GC(1508) Pause Young (G1 Evacuation Pause) 237M->22M(368M) 1,194ms
[347,960s][info][gc] GC(1509) Pause Young (G1 Evacuation Pause) 237M->22M(368M) 1,226ms
[348,192s][info][gc] GC(1510) Pause Young (G1 Evacuation Pause) 237M->22M(368M) 1,278ms
[348,465s][info][gc] GC(1511) Pause Young (G1 Evacuation Pause) 237M->22M(368M) 7,647ms
[348,730s][info][gc] GC(1512) Pause Young (G1 Evacuation Pause) 237M->22M(368M) 3,979ms
[348,985s][info][gc] GC(1513) Pause Young (G1 Evacuation Pause) 236M->22M(368M) 1,644ms
[349,242s][info][gc] GC(1514) Pause Young (G1 Evacuation Pause) 237M->22M(368M) 4,756ms
[349,475s][info][gc] GC(1515) Pause Young (G1 Evacuation Pause) 237M->22M(368M) 1,425ms
[349,707s][info][gc] GC(1516) Pause Young (G1 Evacuation Pause) 237M->22M(368M) 1,283ms
[349,952s][info][gc] GC(1517) Pause Young (G1 Evacuation Pause) 237M->22M(368M) 1,916ms
[350,206s][info][gc] GC(1518) Pause Young (G1 Evacuation Pause) 236M->22M(368M) 1,781ms
[350,460s][info][gc] GC(1519) Pause Young (G1 Evacuation Pause) 237M->22M(368M) 1,645ms
[350,714s][info][gc] GC(1520) Pause Young (G1 Evacuation Pause) 237M->22M(368M) 1,668ms
[350,971s][info][gc] GC(1521) Pause Young (G1 Evacuation Pause) 237M->22M(368M) 1,884ms
[351,206s][info][gc] GC(1522) Pause Young (G1 Evacuation Pause) 237M->22M(368M) 1,317ms
[351,451s][info][gc] GC(1523) Pause Young (G1 Evacuation Pause) 237M->23M(368M) 1,832ms
[351,703s][info][gc] GC(1524) Pause Young (G1 Evacuation Pause) 237M->22M(368M) 1,041ms
[351,948s][info][gc] GC(1525) Pause Young (G1 Evacuation Pause) 237M->22M(368M) 1,584ms
[352,201s][info][gc] GC(1526) Pause Young (G1 Evacuation Pause) 237M->22M(368M) 1,636ms
[352,470s][info][gc] GC(1527) Pause Young (G1 Evacuation Pause) 237M->22M(368M) 1,359ms
[352,711s][info][gc] GC(1528) Pause Young (G1 Evacuation Pause) 237M->23M(368M) 1,160ms
[352,960s][info][gc] GC(1529) Pause Young (G1 Evacuation Pause) 237M->22M(368M) 1,316ms
[353,193s][info][gc] GC(1530) Pause Young (G1 Evacuation Pause) 237M->22M(368M) 1,104ms
[353,425s][info][gc] GC(1531) Pause Young (G1 Evacuation Pause) 237M->22M(368M) 1,209ms
[353,657s][info][gc] GC(1532) Pause Young (G1 Evacuation Pause) 237M->22M(368M) 1,274ms
[353,901s][info][gc] GC(1533) Pause Young (G1 Evacuation Pause) 236M->21M(368M) 3,802ms
[354,157s][info][gc] GC(1534) Pause Young (G1 Evacuation Pause) 236M->22M(368M) 1,628ms
[354,414s][info][gc] GC(1535) Pause Young (G1 Evacuation Pause) 237M->22M(368M) 1,817ms
[354,668s][info][gc] GC(1536) Pause Young (G1 Evacuation Pause) 237M->22M(368M) 1,202ms
[354,910s][info][gc] GC(1537) Pause Young (G1 Evacuation Pause) 237M->22M(368M) 1,680ms
[355,164s][info][gc] GC(1538) Pause Young (G1 Evacuation Pause) 236M->21M(368M) 1,758ms
[355,422s][info][gc] GC(1539) Pause Young (G1 Evacuation Pause) 236M->22M(368M) 2,210ms
[355,669s][info][gc] GC(1540) Pause Young (G1 Evacuation Pause) 237M->22M(368M) 1,472ms
[355,902s][info][gc] GC(1541) Pause Young (G1 Evacuation Pause) 237M->22M(368M) 1,341ms
[356,136s][info][gc] GC(1542) Pause Young (G1 Evacuation Pause) 237M->22M(368M) 2,566ms
[356,373s][info][gc] GC(1543) Pause Young (G1 Evacuation Pause) 237M->22M(368M) 3,821ms
[356,608s][info][gc] GC(1544) Pause Young (G1 Evacuation Pause) 237M->23M(368M) 1,281ms
[356,840s][info][gc] GC(1545) Pause Young (G1 Evacuation Pause) 237M->22M(368M) 1,168ms
[357,072s][info][gc] GC(1546) Pause Young (G1 Evacuation Pause) 237M->22M(368M) 1,088ms
[357,304s][info][gc] GC(1547) Pause Young (G1 Evacuation Pause) 237M->22M(368M) 1,239ms
[357,536s][info][gc] GC(1548) Pause Young (G1 Evacuation Pause) 237M->22M(368M) 1,133ms
[357,768s][info][gc] GC(1549) Pause Young (G1 Evacuation Pause) 236M->22M(368M) 1,033ms
[358,000s][info][gc] GC(1550) Pause Young (G1 Evacuation Pause) 237M->22M(368M) 1,169ms
[358,232s][info][gc] GC(1551) Pause Young (G1 Evacuation Pause) 237M->22M(368M) 1,212ms
[358,464s][info][gc] GC(1552) Pause Young (G1 Evacuation Pause) 237M->22M(368M) 1,173ms
[358,696s][info][gc] GC(1553) Pause Young (G1 Evacuation Pause) 237M->22M(368M) 1,198ms
[358,928s][info][gc] GC(1554) Pause Young (G1 Evacuation Pause) 236M->21M(368M) 1,092ms
[359,161s][info][gc] GC(1555) Pause Young (G1 Evacuation Pause) 236M->21M(368M) 1,957ms
[359,393s][info][gc] GC(1556) Pause Young (G1 Evacuation Pause) 236M->22M(368M) 1,258ms
[359,625s][info][gc] GC(1557) Pause Young (G1 Evacuation Pause) 237M->22M(368M) 1,166ms
[359,895s][info][gc] GC(1558) Pause Young (G1 Evacuation Pause) 237M->22M(368M) 1,694ms
[360,135s][info][gc] GC(1559) Pause Young (G1 Evacuation Pause) 237M->22M(368M) 1,124ms
[360,372s][info][gc] GC(1560) Pause Young (G1 Evacuation Pause) 236M->22M(368M) 3,877ms
[360,616s][info][gc] GC(1561) Pause Young (G1 Evacuation Pause) 237M->22M(368M) 1,181ms
[360,848s][info][gc] GC(1562) Pause Young (G1 Evacuation Pause) 237M->22M(368M) 1,070ms
[361,088s][info][gc] GC(1563) Pause Young (G1 Evacuation Pause) 237M->22M(368M) 1,298ms
[361,322s][info][gc] GC(1564) Pause Young (G1 Evacuation Pause) 237M->22M(368M) 1,741ms
[361,580s][info][gc] GC(1565) Pause Young (G1 Evacuation Pause) 236M->22M(368M) 1,716ms
[361,834s][info][gc] GC(1566) Pause Young (G1 Evacuation Pause) 237M->22M(368M) 1,662ms
[362,067s][info][gc] GC(1567) Pause Young (G1 Evacuation Pause) 237M->22M(368M) 1,644ms
[362,300s][info][gc] GC(1568) Pause Young (G1 Evacuation Pause) 237M->22M(368M) 1,988ms
[362,558s][info][gc] GC(1569) Pause Young (G1 Evacuation Pause) 237M->22M(368M) 3,286ms
[362,790s][info][gc] GC(1570) Pause Young (G1 Evacuation Pause) 237M->23M(368M) 1,310ms
[363,023s][info][gc] GC(1571) Pause Young (G1 Evacuation Pause) 237M->22M(368M) 1,879ms
[363,256s][info][gc] GC(1572) Pause Young (G1 Evacuation Pause) 237M->22M(368M) 2,021ms
[363,489s][info][gc] GC(1573) Pause Young (G1 Evacuation Pause) 237M->22M(368M) 1,363ms
[363,722s][info][gc] GC(1574) Pause Young (G1 Evacuation Pause) 237M->22M(368M) 1,496ms
[363,972s][info][gc] GC(1575) Pause Young (G1 Evacuation Pause) 237M->22M(368M) 1,676ms
[364,226s][info][gc] GC(1576) Pause Young (G1 Evacuation Pause) 236M->22M(368M) 1,742ms
[364,485s][info][gc] GC(1577) Pause Young (G1 Evacuation Pause) 237M->22M(368M) 1,365ms
[364,717s][info][gc] GC(1578) Pause Young (G1 Evacuation Pause) 237M->22M(368M) 1,224ms
[364,949s][info][gc] GC(1579) Pause Young (G1 Evacuation Pause) 237M->22M(368M) 1,106ms
[365,181s][info][gc] GC(1580) Pause Young (G1 Evacuation Pause) 237M->23M(368M) 1,312ms
[365,414s][info][gc] GC(1581) Pause Young (G1 Evacuation Pause) 237M->22M(368M) 1,934ms
[365,646s][info][gc] GC(1582) Pause Young (G1 Evacuation Pause) 237M->22M(368M) 1,135ms
[365,883s][info][gc] GC(1583) Pause Young (G1 Evacuation Pause) 237M->22M(368M) 4,133ms
[366,125s][info][gc] GC(1584) Pause Young (G1 Evacuation Pause) 237M->22M(368M) 1,441ms
[366,358s][info][gc] GC(1585) Pause Young (G1 Evacuation Pause) 237M->22M(368M) 1,543ms
[366,590s][info][gc] GC(1586) Pause Young (G1 Evacuation Pause) 236M->22M(368M) 1,299ms
[366,844s][info][gc] GC(1587) Pause Young (G1 Evacuation Pause) 237M->22M(368M) 1,737ms
[367,098s][info][gc] GC(1588) Pause Young (G1 Evacuation Pause) 237M->22M(368M) 1,614ms
[367,340s][info][gc] GC(1589) Pause Young (G1 Evacuation Pause) 237M->22M(368M) 2,078ms
[367,605s][info][gc] GC(1590) Pause Young (G1 Evacuation Pause) 237M->22M(368M) 1,728ms
[367,858s][info][gc] GC(1591) Pause Young (G1 Evacuation Pause) 237M->23M(368M) 1,219ms
[368,111s][info][gc] GC(1592) Pause Young (G1 Evacuation Pause) 237M->22M(368M) 1,356ms
[368,344s][info][gc] GC(1593) Pause Young (G1 Evacuation Pause) 237M->22M(368M) 1,443ms
[368,591s][info][gc] GC(1594) Pause Young (G1 Evacuation Pause) 237M->22M(368M) 1,329ms
[368,823s][info][gc] GC(1595) Pause Young (G1 Evacuation Pause) 237M->22M(368M) 1,198ms
[369,055s][info][gc] GC(1596) Pause Young (G1 Evacuation Pause) 236M->22M(368M) 1,267ms
[369,287s][info][gc] GC(1597) Pause Young (G1 Evacuation Pause) 237M->22M(368M) 1,280ms
[369,543s][info][gc] GC(1598) Pause Young (G1 Evacuation Pause) 237M->22M(368M) 1,714ms
[369,780s][info][gc] GC(1599) Pause Young (G1 Evacuation Pause) 237M->22M(368M) 1,061ms
[370,045s][info][gc] GC(1600) Pause Young (G1 Evacuation Pause) 237M->22M(368M) 1,622ms
[370,299s][info][gc] GC(1601) Pause Young (G1 Evacuation Pause) 237M->22M(368M) 1,807ms
[370,559s][info][gc] GC(1602) Pause Young (G1 Evacuation Pause) 236M->22M(368M) 1,748ms
[370,817s][info][gc] GC(1603) Pause Young (G1 Evacuation Pause) 237M->22M(368M) 1,660ms
[371,063s][info][gc] GC(1604) Pause Young (G1 Evacuation Pause) 237M->22M(368M) 1,496ms
[371,296s][info][gc] GC(1605) Pause Young (G1 Evacuation Pause) 237M->22M(368M) 1,483ms
[371,551s][info][gc] GC(1606) Pause Young (G1 Evacuation Pause) 237M->22M(368M) 1,726ms
[371,784s][info][gc] GC(1607) Pause Young (G1 Evacuation Pause) 237M->23M(368M) 1,300ms
[372,026s][info][gc] GC(1608) Pause Young (G1 Evacuation Pause) 237M->22M(368M) 1,764ms
[372,260s][info][gc] GC(1609) Pause Young (G1 Evacuation Pause) 237M->22M(368M) 1,411ms
[372,497s][info][gc] GC(1610) Pause Young (G1 Evacuation Pause) 237M->22M(368M) 5,822ms
[372,729s][info][gc] GC(1611) Pause Young (G1 Evacuation Pause) 236M->21M(368M) 1,218ms
[372,978s][info][gc] GC(1612) Pause Young (G1 Evacuation Pause) 237M->22M(368M) 1,874ms
[373,214s][info][gc] GC(1613) Pause Young (G1 Evacuation Pause) 236M->22M(368M) 1,309ms
[373,461s][info][gc] GC(1614) Pause Young (G1 Evacuation Pause) 237M->22M(368M) 1,634ms
[373,693s][info][gc] GC(1615) Pause Young (G1 Evacuation Pause) 237M->22M(368M) 1,144ms
[373,925s][info][gc] GC(1616) Pause Young (G1 Evacuation Pause) 237M->22M(368M) 1,154ms
[374,157s][info][gc] GC(1617) Pause Young (G1 Evacuation Pause) 237M->23M(368M) 1,368ms
[374,401s][info][gc] GC(1618) Pause Young (G1 Evacuation Pause) 237M->22M(368M) 3,707ms
[374,635s][info][gc] GC(1619) Pause Young (G1 Evacuation Pause) 237M->22M(368M) 1,209ms
[374,872s][info][gc] GC(1620) Pause Young (G1 Evacuation Pause) 237M->22M(368M) 4,143ms
[375,104s][info][gc] GC(1621) Pause Young (G1 Evacuation Pause) 237M->22M(368M) 1,257ms
[375,336s][info][gc] GC(1622) Pause Young (G1 Evacuation Pause) 237M->22M(368M) 1,199ms
[375,595s][info][gc] GC(1623) Pause Young (G1 Evacuation Pause) 236M->22M(368M) 1,836ms
[375,837s][info][gc] GC(1624) Pause Young (G1 Evacuation Pause) 237M->22M(368M) 1,294ms
[376,093s][info][gc] GC(1625) Pause Young (G1 Evacuation Pause) 237M->22M(368M) 1,695ms
[376,347s][info][gc] GC(1626) Pause Young (G1 Evacuation Pause) 237M->22M(368M) 1,775ms
[376,593s][info][gc] GC(1627) Pause Young (G1 Evacuation Pause) 237M->22M(368M) 1,108ms
[376,825s][info][gc] GC(1628) Pause Young (G1 Evacuation Pause) 236M->22M(368M) 1,158ms
[377,087s][info][gc] GC(1629) Pause Young (G1 Evacuation Pause) 237M->22M(368M) 1,866ms
[377,341s][info][gc] GC(1630) Pause Young (G1 Evacuation Pause) 237M->22M(368M) 1,566ms
[377,602s][info][gc] GC(1631) Pause Young (G1 Evacuation Pause) 237M->22M(368M) 1,782ms
[377,861s][info][gc] GC(1632) Pause Young (G1 Evacuation Pause) 237M->22M(368M) 1,644ms
[378,096s][info][gc] GC(1633) Pause Young (G1 Evacuation Pause) 237M->23M(368M) 1,330ms
[378,328s][info][gc] GC(1634) Pause Young (G1 Evacuation Pause) 237M->22M(368M) 1,367ms
[378,566s][info][gc] GC(1635) Pause Young (G1 Evacuation Pause) 237M->22M(368M) 6,968ms
[378,798s][info][gc] GC(1636) Pause Young (G1 Evacuation Pause) 237M->22M(368M) 1,199ms
[379,030s][info][gc] GC(1637) Pause Young (G1 Evacuation Pause) 237M->22M(368M) 1,353ms
[379,265s][info][gc] GC(1638) Pause Young (G1 Evacuation Pause) 236M->22M(368M) 2,132ms
[379,520s][info][gc] GC(1639) Pause Young (G1 Evacuation Pause) 237M->22M(368M) 2,154ms
[379,775s][info][gc] GC(1640) Pause Young (G1 Evacuation Pause) 237M->22M(368M) 2,186ms
[380,034s][info][gc] GC(1641) Pause Young (G1 Evacuation Pause) 237M->22M(368M) 1,765ms
[380,288s][info][gc] GC(1642) Pause Young (G1 Evacuation Pause) 237M->22M(368M) 1,864ms
[380,535s][info][gc] GC(1643) Pause Young (G1 Evacuation Pause) 237M->22M(368M) 1,120ms
[380,784s][info][gc] GC(1644) Pause Young (G1 Evacuation Pause) 236M->22M(368M) 1,756ms
[381,038s][info][gc] GC(1645) Pause Young (G1 Evacuation Pause) 237M->22M(368M) 1,747ms
[381,292s][info][gc] GC(1646) Pause Young (G1 Evacuation Pause) 237M->22M(368M) 1,712ms
[381,552s][info][gc] GC(1647) Pause Young (G1 Evacuation Pause) 237M->22M(368M) 1,761ms
[381,793s][info][gc] GC(1648) Pause Young (G1 Evacuation Pause) 237M->22M(368M) 1,619ms
[382,025s][info][gc] GC(1649) Pause Young (G1 Evacuation Pause) 236M->22M(368M) 1,372ms
[382,259s][info][gc] GC(1650) Pause Young (G1 Evacuation Pause) 237M->22M(368M) 1,480ms
[382,499s][info][gc] GC(1651) Pause Young (G1 Evacuation Pause) 237M->22M(368M) 1,246ms
[382,732s][info][gc] GC(1652) Pause Young (G1 Evacuation Pause) 237M->22M(368M) 2,103ms
[382,985s][info][gc] GC(1653) Pause Young (G1 Evacuation Pause) 237M->22M(368M) 1,371ms
[383,217s][info][gc] GC(1654) Pause Young (G1 Evacuation Pause) 236M->22M(368M) 1,106ms
[383,449s][info][gc] GC(1655) Pause Young (G1 Evacuation Pause) 237M->22M(368M) 1,157ms
[383,681s][info][gc] GC(1656) Pause Young (G1 Evacuation Pause) 237M->22M(368M) 1,140ms
[383,941s][info][gc] GC(1657) Pause Young (G1 Evacuation Pause) 237M->22M(368M) 1,746ms
[384,195s][info][gc] GC(1658) Pause Young (G1 Evacuation Pause) 237M->22M(368M) 1,741ms
[384,463s][info][gc] GC(1659) Pause Young (G1 Evacuation Pause) 236M->21M(368M) 2,772ms
[384,696s][info][gc] GC(1660) Pause Young (G1 Evacuation Pause) 236M->22M(368M) 1,089ms
[384,928s][info][gc] GC(1661) Pause Young (G1 Evacuation Pause) 237M->22M(368M) 1,213ms
[385,160s][info][gc] GC(1662) Pause Young (G1 Evacuation Pause) 237M->22M(368M) 1,239ms
[385,392s][info][gc] GC(1663) Pause Young (G1 Evacuation Pause) 237M->22M(368M) 1,231ms
[385,624s][info][gc] GC(1664) Pause Young (G1 Evacuation Pause) 237M->22M(368M) 1,167ms
[385,856s][info][gc] GC(1665) Pause Young (G1 Evacuation Pause) 236M->22M(368M) 1,189ms
[386,115s][info][gc] GC(1666) Pause Young (G1 Evacuation Pause) 237M->22M(368M) 1,587ms
[386,369s][info][gc] GC(1667) Pause Young (G1 Evacuation Pause) 237M->22M(368M) 1,831ms
[386,623s][info][gc] GC(1668) Pause Young (G1 Evacuation Pause) 237M->22M(368M) 1,661ms
[386,856s][info][gc] GC(1669) Pause Young (G1 Evacuation Pause) 237M->22M(368M) 1,178ms
[387,088s][info][gc] GC(1670) Pause Young (G1 Evacuation Pause) 236M->22M(368M) 1,169ms
[387,320s][info][gc] GC(1671) Pause Young (G1 Evacuation Pause) 237M->22M(368M) 1,177ms
[387,576s][info][gc] GC(1672) Pause Young (G1 Evacuation Pause) 237M->22M(368M) 1,751ms
[387,830s][info][gc] GC(1673) Pause Young (G1 Evacuation Pause) 237M->22M(368M) 1,719ms
[388,078s][info][gc] GC(1674) Pause Young (G1 Evacuation Pause) 237M->22M(368M) 2,039ms
[388,310s][info][gc] GC(1675) Pause Young (G1 Evacuation Pause) 236M->22M(368M) 1,356ms
[388,561s][info][gc] GC(1676) Pause Young (G1 Evacuation Pause) 237M->22M(368M) 1,385ms
[388,794s][info][gc] GC(1677) Pause Young (G1 Evacuation Pause) 237M->22M(368M) 1,551ms
[389,039s][info][gc] GC(1678) Pause Young (G1 Evacuation Pause) 237M->22M(368M) 1,443ms
[389,272s][info][gc] GC(1679) Pause Young (G1 Evacuation Pause) 237M->22M(368M) 1,596ms
[389,528s][info][gc] GC(1680) Pause Young (G1 Evacuation Pause) 237M->23M(368M) 1,804ms
[389,780s][info][gc] GC(1681) Pause Young (G1 Evacuation Pause) 237M->22M(368M) 1,613ms
[390,033s][info][gc] GC(1682) Pause Young (G1 Evacuation Pause) 237M->22M(368M) 1,345ms
[390,266s][info][gc] GC(1683) Pause Young (G1 Evacuation Pause) 237M->22M(368M) 1,424ms
[390,518s][info][gc] GC(1684) Pause Young (G1 Evacuation Pause) 237M->22M(368M) 1,739ms
[390,760s][info][gc] GC(1685) Pause Young (G1 Evacuation Pause) 237M->22M(368M) 1,827ms
[390,992s][info][gc] GC(1686) Pause Young (G1 Evacuation Pause) 236M->22M(368M) 1,206ms
[391,224s][info][gc] GC(1687) Pause Young (G1 Evacuation Pause) 237M->22M(368M) 1,206ms
[391,456s][info][gc] GC(1688) Pause Young (G1 Evacuation Pause) 237M->22M(368M) 1,212ms
[391,688s][info][gc] GC(1689) Pause Young (G1 Evacuation Pause) 237M->22M(368M) 1,125ms
[391,934s][info][gc] GC(1690) Pause Young (G1 Evacuation Pause) 237M->22M(368M) 2,272ms
[392,169s][info][gc] GC(1691) Pause Young (G1 Evacuation Pause) 236M->22M(368M) 1,508ms
[392,413s][info][gc] GC(1692) Pause Young (G1 Evacuation Pause) 237M->22M(368M) 2,317ms
[392,650s][info][gc] GC(1693) Pause Young (G1 Evacuation Pause) 237M->22M(368M) 1,165ms
[392,882s][info][gc] GC(1694) Pause Young (G1 Evacuation Pause) 237M->22M(368M) 1,318ms
[393,115s][info][gc] GC(1695) Pause Young (G1 Evacuation Pause) 237M->22M(368M) 1,272ms
[393,353s][info][gc] GC(1696) Pause Young (G1 Evacuation Pause) 236M->21M(368M) 1,523ms
[393,585s][info][gc] GC(1697) Pause Young (G1 Evacuation Pause) 236M->22M(368M) 1,136ms
[393,817s][info][gc] GC(1698) Pause Young (G1 Evacuation Pause) 237M->22M(368M) 1,290ms
[394,050s][info][gc] GC(1699) Pause Young (G1 Evacuation Pause) 237M->22M(368M) 1,364ms
[394,284s][info][gc] GC(1700) Pause Young (G1 Evacuation Pause) 237M->22M(368M) 1,383ms
[394,517s][info][gc] GC(1701) Pause Young (G1 Evacuation Pause) 237M->22M(368M) 2,213ms
[394,749s][info][gc] GC(1702) Pause Young (G1 Evacuation Pause) 236M->22M(368M) 1,199ms
[394,995s][info][gc] GC(1703) Pause Young (G1 Evacuation Pause) 237M->22M(368M) 1,242ms
[395,228s][info][gc] GC(1704) Pause Young (G1 Evacuation Pause) 237M->22M(368M) 1,972ms
[395,461s][info][gc] GC(1705) Pause Young (G1 Evacuation Pause) 237M->22M(368M) 1,822ms
[395,693s][info][gc] GC(1706) Pause Young (G1 Evacuation Pause) 236M->21M(368M) 1,147ms
[395,925s][info][gc] GC(1707) Pause Young (G1 Evacuation Pause) 236M->22M(368M) 1,104ms
[396,182s][info][gc] GC(1708) Pause Young (G1 Evacuation Pause) 237M->21M(368M) 1,776ms
[396,439s][info][gc] GC(1709) Pause Young (G1 Evacuation Pause) 236M->22M(368M) 1,584ms
[396,671s][info][gc] GC(1710) Pause Young (G1 Evacuation Pause) 237M->22M(368M) 1,090ms
[396,914s][info][gc] GC(1711) Pause Young (G1 Evacuation Pause) 237M->22M(368M) 2,422ms
[397,155s][info][gc] GC(1712) Pause Young (G1 Evacuation Pause) 236M->22M(368M) 1,217ms
[397,398s][info][gc] GC(1713) Pause Young (G1 Evacuation Pause) 237M->22M(368M) 2,440ms
[397,664s][info][gc] GC(1714) Pause Young (G1 Evacuation Pause) 237M->22M(368M) 1,893ms
[397,924s][info][gc] GC(1715) Pause Young (G1 Evacuation Pause) 237M->22M(368M) 1,924ms
[398,168s][info][gc] GC(1716) Pause Young (G1 Evacuation Pause) 237M->22M(368M) 1,439ms
[398,410s][info][gc] GC(1717) Pause Young (G1 Evacuation Pause) 237M->22M(368M) 2,792ms
[398,651s][info][gc] GC(1718) Pause Young (G1 Evacuation Pause) 236M->22M(368M) 1,428ms
[398,896s][info][gc] GC(1719) Pause Young (G1 Evacuation Pause) 237M->22M(368M) 2,281ms
[399,129s][info][gc] GC(1720) Pause Young (G1 Evacuation Pause) 237M->22M(368M) 1,175ms
[399,361s][info][gc] GC(1721) Pause Young (G1 Evacuation Pause) 237M->22M(368M) 1,169ms
[399,593s][info][gc] GC(1722) Pause Young (G1 Evacuation Pause) 236M->22M(368M) 1,265ms
[399,825s][info][gc] GC(1723) Pause Young (G1 Evacuation Pause) 237M->22M(368M) 1,175ms
[400,057s][info][gc] GC(1724) Pause Young (G1 Evacuation Pause) 237M->22M(368M) 1,322ms
[400,290s][info][gc] GC(1725) Pause Young (G1 Evacuation Pause) 237M->22M(368M) 1,812ms
[400,522s][info][gc] GC(1726) Pause Young (G1 Evacuation Pause) 237M->22M(368M) 1,233ms
[400,754s][info][gc] GC(1727) Pause Young (G1 Evacuation Pause) 237M->23M(368M) 1,333ms
[400,998s][info][gc] GC(1728) Pause Young (G1 Evacuation Pause) 237M->22M(368M) 1,317ms
[401,233s][info][gc] GC(1729) Pause Young (G1 Evacuation Pause) 237M->22M(368M) 2,789ms
[401,476s][info][gc] GC(1730) Pause Young (G1 Evacuation Pause) 237M->22M(368M) 2,444ms
[401,721s][info][gc] GC(1731) Pause Young (G1 Evacuation Pause) 237M->22M(368M) 1,771ms
[401,967s][info][gc] GC(1732) Pause Young (G1 Evacuation Pause) 237M->22M(368M) 1,693ms
[402,199s][info][gc] GC(1733) Pause Young (G1 Evacuation Pause) 236M->22M(368M) 1,381ms
[402,446s][info][gc] GC(1734) Pause Young (G1 Evacuation Pause) 237M->22M(368M) 1,508ms
[402,679s][info][gc] GC(1735) Pause Young (G1 Evacuation Pause) 237M->22M(368M) 1,480ms
[402,926s][info][gc] GC(1736) Pause Young (G1 Evacuation Pause) 237M->22M(368M) 3,437ms
[403,158s][info][gc] GC(1737) Pause Young (G1 Evacuation Pause) 237M->22M(368M) 1,131ms
[403,422s][info][gc] GC(1738) Pause Young (G1 Evacuation Pause) 236M->22M(368M) 1,994ms
[403,684s][info][gc] GC(1739) Pause Young (G1 Evacuation Pause) 237M->22M(368M) 1,718ms
[403,945s][info][gc] GC(1740) Pause Young (G1 Evacuation Pause) 237M->22M(368M) 2,514ms
[404,199s][info][gc] GC(1741) Pause Young (G1 Evacuation Pause) 237M->22M(368M) 1,617ms
[404,460s][info][gc] GC(1742) Pause Young (G1 Evacuation Pause) 237M->22M(368M) 2,437ms
[404,693s][info][gc] GC(1743) Pause Young (G1 Evacuation Pause) 237M->23M(368M) 1,247ms
[404,925s][info][gc] GC(1744) Pause Young (G1 Evacuation Pause) 237M->22M(368M) 1,165ms
[405,157s][info][gc] GC(1745) Pause Young (G1 Evacuation Pause) 237M->22M(368M) 1,074ms
[405,399s][info][gc] GC(1746) Pause Young (G1 Evacuation Pause) 237M->22M(368M) 2,296ms
[405,653s][info][gc] GC(1747) Pause Young (G1 Evacuation Pause) 237M->22M(368M) 1,684ms
[405,909s][info][gc] GC(1748) Pause Young (G1 Evacuation Pause) 237M->23M(368M) 1,806ms
[406,142s][info][gc] GC(1749) Pause Young (G1 Evacuation Pause) 237M->22M(368M) 1,270ms
[406,382s][info][gc] GC(1750) Pause Young (G1 Evacuation Pause) 237M->22M(368M) 3,322ms
[406,637s][info][gc] GC(1751) Pause Young (G1 Evacuation Pause) 237M->22M(368M) 1,631ms
[406,886s][info][gc] GC(1752) Pause Young (G1 Evacuation Pause) 237M->22M(368M) 3,978ms
[407,145s][info][gc] GC(1753) Pause Young (G1 Evacuation Pause) 237M->22M(368M) 1,937ms
[407,399s][info][gc] GC(1754) Pause Young (G1 Evacuation Pause) 236M->22M(368M) 1,620ms
[407,646s][info][gc] GC(1755) Pause Young (G1 Evacuation Pause) 237M->22M(368M) 1,554ms
[407,878s][info][gc] GC(1756) Pause Young (G1 Evacuation Pause) 237M->22M(368M) 1,130ms
[408,110s][info][gc] GC(1757) Pause Young (G1 Evacuation Pause) 237M->22M(368M) 1,275ms
[408,342s][info][gc] GC(1758) Pause Young (G1 Evacuation Pause) 237M->22M(368M) 1,187ms
[408,586s][info][gc] GC(1759) Pause Young (G1 Evacuation Pause) 236M->22M(368M) 1,006ms
[408,818s][info][gc] GC(1760) Pause Young (G1 Evacuation Pause) 237M->22M(368M) 1,255ms
[409,075s][info][gc] GC(1761) Pause Young (G1 Evacuation Pause) 237M->22M(368M) 1,590ms
[409,307s][info][gc] GC(1762) Pause Young (G1 Evacuation Pause) 237M->22M(368M) 1,207ms
[409,561s][info][gc] GC(1763) Pause Young (G1 Evacuation Pause) 237M->22M(368M) 1,532ms
[409,818s][info][gc] GC(1764) Pause Young (G1 Evacuation Pause) 237M->23M(368M) 2,501ms
[410,086s][info][gc] GC(1765) Pause Young (G1 Evacuation Pause) 237M->22M(368M) 1,175ms
[410,318s][info][gc] GC(1766) Pause Young (G1 Evacuation Pause) 237M->22M(368M) 1,273ms
[410,575s][info][gc] GC(1767) Pause Young (G1 Evacuation Pause) 237M->22M(368M) 1,744ms
[410,813s][info][gc] GC(1768) Pause Young (G1 Evacuation Pause) 237M->22M(368M) 1,367ms
[411,080s][info][gc] GC(1769) Pause Young (G1 Evacuation Pause) 237M->23M(368M) 2,436ms
[411,347s][info][gc] GC(1770) Pause Young (G1 Evacuation Pause) 237M->22M(368M) 1,709ms
[411,608s][info][gc] GC(1771) Pause Young (G1 Evacuation Pause) 237M->22M(368M) 1,456ms
[411,841s][info][gc] GC(1772) Pause Young (G1 Evacuation Pause) 237M->22M(368M) 1,477ms
[412,074s][info][gc] GC(1773) Pause Young (G1 Evacuation Pause) 237M->22M(368M) 1,376ms
[412,307s][info][gc] GC(1774) Pause Young (G1 Evacuation Pause) 237M->22M(368M) 1,461ms
[412,544s][info][gc] GC(1775) Pause Young (G1 Evacuation Pause) 236M->22M(368M) 1,157ms
[412,798s][info][gc] GC(1776) Pause Young (G1 Evacuation Pause) 237M->22M(368M) 1,743ms
[413,049s][info][gc] GC(1777) Pause Young (G1 Evacuation Pause) 237M->22M(368M) 1,181ms
[413,281s][info][gc] GC(1778) Pause Young (G1 Evacuation Pause) 237M->22M(368M) 1,230ms
[413,513s][info][gc] GC(1779) Pause Young (G1 Evacuation Pause) 237M->22M(368M) 1,246ms
[413,745s][info][gc] GC(1780) Pause Young (G1 Evacuation Pause) 236M->22M(368M) 1,295ms
[413,991s][info][gc] GC(1781) Pause Young (G1 Evacuation Pause) 237M->22M(368M) 1,151ms
[414,223s][info][gc] GC(1782) Pause Young (G1 Evacuation Pause) 237M->22M(368M) 1,125ms
[414,455s][info][gc] GC(1783) Pause Young (G1 Evacuation Pause) 237M->22M(368M) 1,242ms
[414,722s][info][gc] GC(1784) Pause Young (G1 Evacuation Pause) 237M->22M(368M) 1,738ms
[414,979s][info][gc] GC(1785) Pause Young (G1 Evacuation Pause) 237M->23M(368M) 1,889ms
[415,233s][info][gc] GC(1786) Pause Young (G1 Evacuation Pause) 237M->22M(368M) 1,708ms
[415,495s][info][gc] GC(1787) Pause Young (G1 Evacuation Pause) 237M->22M(368M) 1,730ms
[415,749s][info][gc] GC(1788) Pause Young (G1 Evacuation Pause) 237M->22M(368M) 1,638ms
[416,005s][info][gc] GC(1789) Pause Young (G1 Evacuation Pause) 237M->22M(368M) 3,443ms
[416,258s][info][gc] GC(1790) Pause Young (G1 Evacuation Pause) 236M->22M(368M) 1,704ms
[416,513s][info][gc] GC(1791) Pause Young (G1 Evacuation Pause) 237M->22M(368M) 1,019ms
[416,745s][info][gc] GC(1792) Pause Young (G1 Evacuation Pause) 237M->22M(368M) 1,177ms
[416,977s][info][gc] GC(1793) Pause Young (G1 Evacuation Pause) 237M->22M(368M) 1,388ms
[417,210s][info][gc] GC(1794) Pause Young (G1 Evacuation Pause) 237M->22M(368M) 1,218ms
[417,455s][info][gc] GC(1795) Pause Young (G1 Evacuation Pause) 237M->23M(368M) 1,872ms
[417,721s][info][gc] GC(1796) Pause Young (G1 Evacuation Pause) 237M->22M(368M) 1,635ms
[417,982s][info][gc] GC(1797) Pause Young (G1 Evacuation Pause) 237M->22M(368M) 3,287ms
[418,224s][info][gc] GC(1798) Pause Young (G1 Evacuation Pause) 237M->22M(368M) 2,092ms
[418,472s][info][gc] GC(1799) Pause Young (G1 Evacuation Pause) 237M->22M(368M) 1,849ms
[418,718s][info][gc] GC(1800) Pause Young (G1 Evacuation Pause) 237M->22M(368M) 1,308ms
[418,950s][info][gc] GC(1801) Pause Young (G1 Evacuation Pause) 236M->22M(368M) 1,128ms
[419,182s][info][gc] GC(1802) Pause Young (G1 Evacuation Pause) 237M->22M(368M) 1,159ms
[419,431s][info][gc] GC(1803) Pause Young (G1 Evacuation Pause) 237M->21M(368M) 4,484ms
[419,668s][info][gc] GC(1804) Pause Young (G1 Evacuation Pause) 236M->22M(368M) 1,563ms
[419,901s][info][gc] GC(1805) Pause Young (G1 Evacuation Pause) 237M->22M(368M) 1,538ms
[420,133s][info][gc] GC(1806) Pause Young (G1 Evacuation Pause) 236M->22M(368M) 1,146ms
[420,369s][info][gc] GC(1807) Pause Young (G1 Evacuation Pause) 237M->22M(368M) 3,767ms
[420,624s][info][gc] GC(1808) Pause Young (G1 Evacuation Pause) 237M->22M(368M) 1,059ms
[420,856s][info][gc] GC(1809) Pause Young (G1 Evacuation Pause) 237M->22M(368M) 1,069ms
[421,088s][info][gc] GC(1810) Pause Young (G1 Evacuation Pause) 237M->22M(368M) 1,250ms
[421,321s][info][gc] GC(1811) Pause Young (G1 Evacuation Pause) 236M->21M(368M) 1,715ms
[421,553s][info][gc] GC(1812) Pause Young (G1 Evacuation Pause) 236M->22M(368M) 1,258ms
[421,785s][info][gc] GC(1813) Pause Young (G1 Evacuation Pause) 237M->22M(368M) 1,351ms
[422,017s][info][gc] GC(1814) Pause Young (G1 Evacuation Pause) 237M->22M(368M) 1,081ms
[422,249s][info][gc] GC(1815) Pause Young (G1 Evacuation Pause) 237M->22M(368M) 1,130ms
[422,481s][info][gc] GC(1816) Pause Young (G1 Evacuation Pause) 237M->23M(368M) 1,293ms
[422,713s][info][gc] GC(1817) Pause Young (G1 Evacuation Pause) 237M->22M(368M) 1,180ms
[422,946s][info][gc] GC(1818) Pause Young (G1 Evacuation Pause) 237M->22M(368M) 2,465ms
[423,179s][info][gc] GC(1819) Pause Young (G1 Evacuation Pause) 237M->22M(368M) 1,205ms
[423,411s][info][gc] GC(1820) Pause Young (G1 Evacuation Pause) 237M->22M(368M) 1,262ms
[423,643s][info][gc] GC(1821) Pause Young (G1 Evacuation Pause) 237M->22M(368M) 1,270ms
[423,875s][info][gc] GC(1822) Pause Young (G1 Evacuation Pause) 236M->22M(368M) 1,061ms
[424,134s][info][gc] GC(1823) Pause Young (G1 Evacuation Pause) 237M->22M(368M) 1,899ms
[424,393s][info][gc] GC(1824) Pause Young (G1 Evacuation Pause) 237M->22M(368M) 2,303ms
[424,631s][info][gc] GC(1825) Pause Young (G1 Evacuation Pause) 237M->22M(368M) 1,360ms
[424,868s][info][gc] GC(1826) Pause Young (G1 Evacuation Pause) 237M->22M(368M) 4,113ms
[425,123s][info][gc] GC(1827) Pause Young (G1 Evacuation Pause) 237M->23M(368M) 1,702ms
[425,357s][info][gc] GC(1828) Pause Young (G1 Evacuation Pause) 237M->22M(368M) 1,912ms
[425,616s][info][gc] GC(1829) Pause Young (G1 Evacuation Pause) 237M->22M(368M) 1,844ms
[425,874s][info][gc] GC(1830) Pause Young (G1 Evacuation Pause) 237M->22M(368M) 4,321ms
[426,129s][info][gc] GC(1831) Pause Young (G1 Evacuation Pause) 236M->21M(368M) 1,734ms
[426,380s][info][gc] GC(1832) Pause Young (G1 Evacuation Pause) 237M->22M(368M) 1,300ms
[426,612s][info][gc] GC(1833) Pause Young (G1 Evacuation Pause) 236M->22M(368M) 1,197ms
[426,844s][info][gc] GC(1834) Pause Young (G1 Evacuation Pause) 237M->22M(368M) 1,093ms
[427,085s][info][gc] GC(1835) Pause Young (G1 Evacuation Pause) 237M->22M(368M) 1,118ms
[427,317s][info][gc] GC(1836) Pause Young (G1 Evacuation Pause) 237M->22M(368M) 1,135ms
[427,573s][info][gc] GC(1837) Pause Young (G1 Evacuation Pause) 237M->23M(368M) 1,752ms
[427,813s][info][gc] GC(1838) Pause Young (G1 Evacuation Pause) 237M->22M(368M) 1,437ms
[428,045s][info][gc] GC(1839) Pause Young (G1 Evacuation Pause) 237M->22M(368M) 1,171ms
[428,277s][info][gc] GC(1840) Pause Young (G1 Evacuation Pause) 237M->22M(368M) 1,117ms
[428,543s][info][gc] GC(1841) Pause Young (G1 Evacuation Pause) 237M->22M(368M) 2,869ms
[428,791s][info][gc] GC(1842) Pause Young (G1 Evacuation Pause) 237M->22M(368M) 1,654ms
[429,067s][info][gc] GC(1843) Pause Young (G1 Evacuation Pause) 236M->22M(368M) 2,355ms
[429,321s][info][gc] GC(1844) Pause Young (G1 Evacuation Pause) 237M->22M(368M) 1,767ms
[429,555s][info][gc] GC(1845) Pause Young (G1 Evacuation Pause) 237M->22M(368M) 1,478ms
[429,787s][info][gc] GC(1846) Pause Young (G1 Evacuation Pause) 237M->22M(368M) 1,134ms
[430,033s][info][gc] GC(1847) Pause Young (G1 Evacuation Pause) 237M->22M(368M) 1,558ms
[430,291s][info][gc] GC(1848) Pause Young (G1 Evacuation Pause) 237M->23M(368M) 1,923ms
[430,552s][info][gc] GC(1849) Pause Young (G1 Evacuation Pause) 237M->22M(368M) 1,714ms
[430,787s][info][gc] GC(1850) Pause Young (G1 Evacuation Pause) 237M->22M(368M) 1,412ms
[431,040s][info][gc] GC(1851) Pause Young (G1 Evacuation Pause) 237M->22M(368M) 1,782ms
[431,294s][info][gc] GC(1852) Pause Young (G1 Evacuation Pause) 237M->22M(368M) 1,938ms
[431,554s][info][gc] GC(1853) Pause Young (G1 Evacuation Pause) 237M->23M(368M) 1,853ms
[431,815s][info][gc] GC(1854) Pause Young (G1 Evacuation Pause) 237M->22M(368M) 1,684ms
[432,049s][info][gc] GC(1855) Pause Young (G1 Evacuation Pause) 237M->22M(368M) 1,469ms
[432,282s][info][gc] GC(1856) Pause Young (G1 Evacuation Pause) 237M->22M(368M) 1,661ms
[432,514s][info][gc] GC(1857) Pause Young (G1 Evacuation Pause) 237M->22M(368M) 1,254ms
[432,746s][info][gc] GC(1858) Pause Young (G1 Evacuation Pause) 237M->23M(368M) 1,295ms
[432,978s][info][gc] GC(1859) Pause Young (G1 Evacuation Pause) 237M->22M(368M) 1,258ms
[433,210s][info][gc] GC(1860) Pause Young (G1 Evacuation Pause) 237M->22M(368M) 1,406ms
[433,459s][info][gc] GC(1861) Pause Young (G1 Evacuation Pause) 237M->22M(368M) 1,578ms
[433,712s][info][gc] GC(1862) Pause Young (G1 Evacuation Pause) 237M->22M(368M) 1,656ms
[433,973s][info][gc] GC(1863) Pause Young (G1 Evacuation Pause) 237M->22M(368M) 1,939ms
[434,227s][info][gc] GC(1864) Pause Young (G1 Evacuation Pause) 236M->22M(368M) 1,664ms
[434,486s][info][gc] GC(1865) Pause Young (G1 Evacuation Pause) 237M->22M(368M) 1,828ms
[434,740s][info][gc] GC(1866) Pause Young (G1 Evacuation Pause) 237M->22M(368M) 1,834ms
[434,988s][info][gc] GC(1867) Pause Young (G1 Evacuation Pause) 237M->22M(368M) 1,941ms
[435,220s][info][gc] GC(1868) Pause Young (G1 Evacuation Pause) 237M->22M(368M) 1,239ms
[435,471s][info][gc] GC(1869) Pause Young (G1 Evacuation Pause) 236M->22M(368M) 1,651ms
[435,725s][info][gc] GC(1870) Pause Young (G1 Evacuation Pause) 237M->22M(368M) 1,787ms
[435,979s][info][gc] GC(1871) Pause Young (G1 Evacuation Pause) 237M->22M(368M) 1,721ms
[436,233s][info][gc] GC(1872) Pause Young (G1 Evacuation Pause) 237M->22M(368M) 1,773ms
[436,483s][info][gc] GC(1873) Pause Young (G1 Evacuation Pause) 237M->22M(368M) 2,466ms
[436,717s][info][gc] GC(1874) Pause Young (G1 Evacuation Pause) 236M->22M(368M) 1,074ms
[436,949s][info][gc] GC(1875) Pause Young (G1 Evacuation Pause) 237M->22M(368M) 1,105ms
[437,182s][info][gc] GC(1876) Pause Young (G1 Evacuation Pause) 237M->21M(368M) 1,962ms
[437,414s][info][gc] GC(1877) Pause Young (G1 Evacuation Pause) 236M->22M(368M) 1,298ms
[437,646s][info][gc] GC(1878) Pause Young (G1 Evacuation Pause) 237M->22M(368M) 1,316ms
[437,892s][info][gc] GC(1879) Pause Young (G1 Evacuation Pause) 237M->23M(368M) 1,638ms
[438,124s][info][gc] GC(1880) Pause Young (G1 Evacuation Pause) 237M->22M(368M) 1,118ms
[438,356s][info][gc] GC(1881) Pause Young (G1 Evacuation Pause) 237M->22M(368M) 1,047ms
[438,588s][info][gc] GC(1882) Pause Young (G1 Evacuation Pause) 237M->22M(368M) 1,161ms
[438,820s][info][gc] GC(1883) Pause Young (G1 Evacuation Pause) 237M->22M(368M) 1,237ms
[439,077s][info][gc] GC(1884) Pause Young (G1 Evacuation Pause) 237M->23M(368M) 1,724ms
[439,331s][info][gc] GC(1885) Pause Young (G1 Evacuation Pause) 237M->22M(368M) 1,620ms
[439,564s][info][gc] GC(1886) Pause Young (G1 Evacuation Pause) 237M->22M(368M) 1,073ms
[439,796s][info][gc] GC(1887) Pause Young (G1 Evacuation Pause) 237M->22M(368M) 1,100ms
[440,028s][info][gc] GC(1888) Pause Young (G1 Evacuation Pause) 237M->22M(368M) 1,249ms
[440,260s][info][gc] GC(1889) Pause Young (G1 Evacuation Pause) 237M->22M(368M) 1,284ms
[440,511s][info][gc] GC(1890) Pause Young (G1 Evacuation Pause) 236M->22M(368M) 1,076ms
[440,743s][info][gc] GC(1891) Pause Young (G1 Evacuation Pause) 237M->22M(368M) 1,035ms
[440,991s][info][gc] GC(1892) Pause Young (G1 Evacuation Pause) 237M->22M(368M) 1,687ms
[441,245s][info][gc] GC(1893) Pause Young (G1 Evacuation Pause) 237M->22M(368M) 1,750ms
[441,507s][info][gc] GC(1894) Pause Young (G1 Evacuation Pause) 237M->22M(368M) 1,721ms
[441,755s][info][gc] GC(1895) Pause Young (G1 Evacuation Pause) 237M->23M(368M) 1,581ms
[442,004s][info][gc] GC(1896) Pause Young (G1 Evacuation Pause) 237M->22M(368M) 1,468ms
[442,258s][info][gc] GC(1897) Pause Young (G1 Evacuation Pause) 237M->22M(368M) 1,789ms
[442,517s][info][gc] GC(1898) Pause Young (G1 Evacuation Pause) 237M->22M(368M) 1,687ms
[442,770s][info][gc] GC(1899) Pause Young (G1 Evacuation Pause) 237M->22M(368M) 1,545ms
[443,003s][info][gc] GC(1900) Pause Young (G1 Evacuation Pause) 237M->22M(368M) 1,625ms
[443,237s][info][gc] GC(1901) Pause Young (G1 Evacuation Pause) 236M->21M(368M) 3,339ms
[443,470s][info][gc] GC(1902) Pause Young (G1 Evacuation Pause) 236M->22M(368M) 1,226ms
[443,740s][info][gc] GC(1903) Pause Young (G1 Evacuation Pause) 237M->22M(368M) 1,816ms
[443,998s][info][gc] GC(1904) Pause Young (G1 Evacuation Pause) 237M->22M(368M) 1,747ms
[444,231s][info][gc] GC(1905) Pause Young (G1 Evacuation Pause) 237M->22M(368M) 1,124ms
[444,479s][info][gc] GC(1906) Pause Young (G1 Evacuation Pause) 236M->22M(368M) 1,703ms
[444,717s][info][gc] GC(1907) Pause Young (G1 Evacuation Pause) 237M->22M(368M) 1,628ms
[444,963s][info][gc] GC(1908) Pause Young (G1 Evacuation Pause) 237M->22M(368M) 2,540ms
[445,196s][info][gc] GC(1909) Pause Young (G1 Evacuation Pause) 237M->22M(368M) 1,339ms
[445,458s][info][gc] GC(1910) Pause Young (G1 Evacuation Pause) 237M->22M(368M) 1,535ms
[445,690s][info][gc] GC(1911) Pause Young (G1 Evacuation Pause) 236M->22M(368M) 1,080ms
[445,936s][info][gc] GC(1912) Pause Young (G1 Evacuation Pause) 237M->22M(368M) 2,275ms
[446,173s][info][gc] GC(1913) Pause Young (G1 Evacuation Pause) 237M->22M(368M) 2,561ms
[446,415s][info][gc] GC(1914) Pause Young (G1 Evacuation Pause) 237M->22M(368M) 1,781ms
[446,671s][info][gc] GC(1915) Pause Young (G1 Evacuation Pause) 237M->22M(368M) 3,007ms
[446,931s][info][gc] GC(1916) Pause Young (G1 Evacuation Pause) 236M->22M(368M) 1,469ms
[447,163s][info][gc] GC(1917) Pause Young (G1 Evacuation Pause) 237M->22M(368M) 1,296ms
[447,408s][info][gc] GC(1918) Pause Young (G1 Evacuation Pause) 237M->22M(368M) 2,161ms
[447,643s][info][gc] GC(1919) Pause Young (G1 Evacuation Pause) 237M->22M(368M) 1,352ms
[447,880s][info][gc] GC(1920) Pause Young (G1 Evacuation Pause) 237M->22M(368M) 4,414ms
[448,127s][info][gc] GC(1921) Pause Young (G1 Evacuation Pause) 236M->22M(368M) 1,161ms
[448,359s][info][gc] GC(1922) Pause Young (G1 Evacuation Pause) 237M->22M(368M) 1,144ms
[448,600s][info][gc] GC(1923) Pause Young (G1 Evacuation Pause) 237M->22M(368M) 1,408ms
[448,841s][info][gc] GC(1924) Pause Young (G1 Evacuation Pause) 237M->22M(368M) 4,019ms
[449,085s][info][gc] GC(1925) Pause Young (G1 Evacuation Pause) 237M->22M(368M) 1,162ms
[449,317s][info][gc] GC(1926) Pause Young (G1 Evacuation Pause) 237M->22M(368M) 1,241ms
[449,549s][info][gc] GC(1927) Pause Young (G1 Evacuation Pause) 236M->22M(368M) 1,017ms
[449,781s][info][gc] GC(1928) Pause Young (G1 Evacuation Pause) 237M->22M(368M) 1,056ms
[450,013s][info][gc] GC(1929) Pause Young (G1 Evacuation Pause) 237M->22M(368M) 1,131ms
[450,245s][info][gc] GC(1930) Pause Young (G1 Evacuation Pause) 237M->22M(368M) 1,268ms
[450,499s][info][gc] GC(1931) Pause Young (G1 Evacuation Pause) 237M->22M(368M) 2,407ms
[450,758s][info][gc] GC(1932) Pause Young (G1 Evacuation Pause) 236M->22M(368M) 1,731ms
[451,010s][info][gc] GC(1933) Pause Young (G1 Evacuation Pause) 237M->21M(368M) 2,822ms
[451,243s][info][gc] GC(1934) Pause Young (G1 Evacuation Pause) 236M->22M(368M) 1,467ms
[451,489s][info][gc] GC(1935) Pause Young (G1 Evacuation Pause) 237M->22M(368M) 1,361ms
[451,722s][info][gc] GC(1936) Pause Young (G1 Evacuation Pause) 237M->22M(368M) 1,464ms
[451,970s][info][gc] GC(1937) Pause Young (G1 Evacuation Pause) 236M->22M(368M) 1,655ms
[452,224s][info][gc] GC(1938) Pause Young (G1 Evacuation Pause) 237M->22M(368M) 1,753ms
[452,457s][info][gc] GC(1939) Pause Young (G1 Evacuation Pause) 237M->22M(368M) 1,179ms
[452,690s][info][gc] GC(1940) Pause Young (G1 Evacuation Pause) 237M->22M(368M) 1,805ms
[452,936s][info][gc] GC(1941) Pause Young (G1 Evacuation Pause) 237M->22M(368M) 2,140ms
[453,175s][info][gc] GC(1942) Pause Young (G1 Evacuation Pause) 236M->22M(368M) 1,007ms
[453,418s][info][gc] GC(1943) Pause Young (G1 Evacuation Pause) 237M->22M(368M) 1,751ms
[453,672s][info][gc] GC(1944) Pause Young (G1 Evacuation Pause) 237M->22M(368M) 1,622ms
[453,932s][info][gc] GC(1945) Pause Young (G1 Evacuation Pause) 237M->22M(368M) 1,665ms
[454,169s][info][gc] GC(1946) Pause Young (G1 Evacuation Pause) 237M->22M(368M) 1,957ms
[454,413s][info][gc] GC(1947) Pause Young (G1 Evacuation Pause) 237M->22M(368M) 1,726ms
[454,655s][info][gc] GC(1948) Pause Young (G1 Evacuation Pause) 236M->22M(368M) 4,074ms
[454,919s][info][gc] GC(1949) Pause Young (G1 Evacuation Pause) 237M->22M(368M) 2,315ms
[455,173s][info][gc] GC(1950) Pause Young (G1 Evacuation Pause) 237M->22M(368M) 1,661ms
[455,433s][info][gc] GC(1951) Pause Young (G1 Evacuation Pause) 237M->22M(368M) 1,740ms
[455,687s][info][gc] GC(1952) Pause Young (G1 Evacuation Pause) 236M->21M(368M) 1,574ms
[455,935s][info][gc] GC(1953) Pause Young (G1 Evacuation Pause) 236M->22M(368M) 1,391ms
[456,168s][info][gc] GC(1954) Pause Young (G1 Evacuation Pause) 237M->22M(368M) 1,341ms
[456,412s][info][gc] GC(1955) Pause Young (G1 Evacuation Pause) 237M->22M(368M) 2,325ms
[456,649s][info][gc] GC(1956) Pause Young (G1 Evacuation Pause) 237M->22M(368M) 1,077ms
[456,907s][info][gc] GC(1957) Pause Young (G1 Evacuation Pause) 237M->22M(368M) 1,887ms
[457,161s][info][gc] GC(1958) Pause Young (G1 Evacuation Pause) 236M->22M(368M) 1,717ms
[457,406s][info][gc] GC(1959) Pause Young (G1 Evacuation Pause) 237M->21M(368M) 4,512ms
[457,659s][info][gc] GC(1960) Pause Young (G1 Evacuation Pause) 236M->22M(368M) 1,456ms
[457,900s][info][gc] GC(1961) Pause Young (G1 Evacuation Pause) 237M->22M(368M) 2,265ms
[458,148s][info][gc] GC(1962) Pause Young (G1 Evacuation Pause) 237M->22M(368M) 1,173ms
[458,381s][info][gc] GC(1963) Pause Young (G1 Evacuation Pause) 237M->23M(368M) 1,371ms
[458,613s][info][gc] GC(1964) Pause Young (G1 Evacuation Pause) 237M->22M(368M) 1,346ms
[458,869s][info][gc] GC(1965) Pause Young (G1 Evacuation Pause) 237M->22M(368M) 3,780ms
[459,125s][info][gc] GC(1966) Pause Young (G1 Evacuation Pause) 237M->22M(368M) 1,604ms
[459,382s][info][gc] GC(1967) Pause Young (G1 Evacuation Pause) 237M->22M(368M) 1,104ms
[459,613s][info][gc] GC(1968) Pause Young (G1 Evacuation Pause) 237M->22M(368M) 1,345ms
[459,845s][info][gc] GC(1969) Pause Young (G1 Evacuation Pause) 236M->22M(368M) 1,183ms
[460,103s][info][gc] GC(1970) Pause Young (G1 Evacuation Pause) 237M->22M(368M) 1,612ms
[460,338s][info][gc] GC(1971) Pause Young (G1 Evacuation Pause) 237M->22M(368M) 1,391ms
[460,570s][info][gc] GC(1972) Pause Young (G1 Evacuation Pause) 237M->22M(368M) 1,250ms
[460,802s][info][gc] GC(1973) Pause Young (G1 Evacuation Pause) 237M->22M(368M) 1,277ms
[461,034s][info][gc] GC(1974) Pause Young (G1 Evacuation Pause) 236M->22M(368M) 1,209ms
[461,266s][info][gc] GC(1975) Pause Young (G1 Evacuation Pause) 237M->22M(368M) 1,157ms
[461,498s][info][gc] GC(1976) Pause Young (G1 Evacuation Pause) 237M->22M(368M) 1,331ms
[461,730s][info][gc] GC(1977) Pause Young (G1 Evacuation Pause) 237M->22M(368M) 1,272ms
[461,962s][info][gc] GC(1978) Pause Young (G1 Evacuation Pause) 237M->22M(368M) 1,162ms
[462,194s][info][gc] GC(1979) Pause Young (G1 Evacuation Pause) 236M->22M(368M) 1,255ms
[462,442s][info][gc] GC(1980) Pause Young (G1 Evacuation Pause) 237M->22M(368M) 1,895ms
[462,695s][info][gc] GC(1981) Pause Young (G1 Evacuation Pause) 237M->22M(368M) 1,706ms
[462,963s][info][gc] GC(1982) Pause Young (G1 Evacuation Pause) 237M->22M(368M) 1,740ms
[463,203s][info][gc] GC(1983) Pause Young (G1 Evacuation Pause) 237M->22M(368M) 1,222ms
[463,436s][info][gc] GC(1984) Pause Young (G1 Evacuation Pause) 237M->23M(368M) 1,474ms
[463,670s][info][gc] GC(1985) Pause Young (G1 Evacuation Pause) 237M->22M(368M) 1,483ms
[463,911s][info][gc] GC(1986) Pause Young (G1 Evacuation Pause) 237M->22M(368M) 2,342ms
[464,172s][info][gc] GC(1987) Pause Young (G1 Evacuation Pause) 237M->22M(368M) 1,614ms
[464,432s][info][gc] GC(1988) Pause Young (G1 Evacuation Pause) 237M->22M(368M) 1,822ms
[464,680s][info][gc] GC(1989) Pause Young (G1 Evacuation Pause) 237M->22M(368M) 1,294ms
[464,912s][info][gc] GC(1990) Pause Young (G1 Evacuation Pause) 236M->22M(368M) 1,046ms
[465,144s][info][gc] GC(1991) Pause Young (G1 Evacuation Pause) 237M->22M(368M) 1,278ms
[465,378s][info][gc] GC(1992) Pause Young (G1 Evacuation Pause) 237M->22M(368M) 2,024ms
[465,610s][info][gc] GC(1993) Pause Young (G1 Evacuation Pause) 237M->22M(368M) 1,355ms
[465,843s][info][gc] GC(1994) Pause Young (G1 Evacuation Pause) 236M->21M(368M) 1,137ms
[466,095s][info][gc] GC(1995) Pause Young (G1 Evacuation Pause) 236M->22M(368M) 1,287ms
[466,337s][info][gc] GC(1996) Pause Young (G1 Evacuation Pause) 237M->22M(368M) 1,723ms
[466,589s][info][gc] GC(1997) Pause Young (G1 Evacuation Pause) 237M->22M(368M) 1,509ms
[466,840s][info][gc] GC(1998) Pause Young (G1 Evacuation Pause) 237M->22M(368M) 1,632ms
[467,084s][info][gc] GC(1999) Pause Young (G1 Evacuation Pause) 237M->22M(368M) 1,389ms
[467,318s][info][gc] GC(2000) Pause Young (G1 Evacuation Pause) 236M->21M(368M) 2,487ms
[467,551s][info][gc] GC(2001) Pause Young (G1 Evacuation Pause) 236M->22M(368M) 1,656ms
[467,811s][info][gc] GC(2002) Pause Young (G1 Evacuation Pause) 237M->22M(368M) 1,663ms
[468,064s][info][gc] GC(2003) Pause Young (G1 Evacuation Pause) 237M->22M(368M) 1,175ms
[468,296s][info][gc] GC(2004) Pause Young (G1 Evacuation Pause) 237M->22M(368M) 1,272ms
[468,528s][info][gc] GC(2005) Pause Young (G1 Evacuation Pause) 237M->23M(368M) 1,201ms
[468,760s][info][gc] GC(2006) Pause Young (G1 Evacuation Pause) 237M->22M(368M) 1,119ms
[469,011s][info][gc] GC(2007) Pause Young (G1 Evacuation Pause) 237M->22M(368M) 1,572ms
[469,266s][info][gc] GC(2008) Pause Young (G1 Evacuation Pause) 237M->22M(368M) 3,271ms
[469,513s][info][gc] GC(2009) Pause Young (G1 Evacuation Pause) 237M->22M(368M) 1,240ms
[469,745s][info][gc] GC(2010) Pause Young (G1 Evacuation Pause) 237M->22M(368M) 1,295ms
[469,995s][info][gc] GC(2011) Pause Young (G1 Evacuation Pause) 236M->22M(368M) 1,684ms
[470,249s][info][gc] GC(2012) Pause Young (G1 Evacuation Pause) 237M->22M(368M) 1,735ms
[470,520s][info][gc] GC(2013) Pause Young (G1 Evacuation Pause) 237M->22M(368M) 2,362ms
[470,783s][info][gc] GC(2014) Pause Young (G1 Evacuation Pause) 237M->22M(368M) 1,797ms
[471,037s][info][gc] GC(2015) Pause Young (G1 Evacuation Pause) 237M->22M(368M) 1,857ms
[471,291s][info][gc] GC(2016) Pause Young (G1 Evacuation Pause) 236M->22M(368M) 1,679ms
[471,536s][info][gc] GC(2017) Pause Young (G1 Evacuation Pause) 237M->22M(368M) 1,161ms
[471,768s][info][gc] GC(2018) Pause Young (G1 Evacuation Pause) 237M->22M(368M) 1,250ms
[472,019s][info][gc] GC(2019) Pause Young (G1 Evacuation Pause) 237M->22M(368M) 1,635ms
[472,252s][info][gc] GC(2020) Pause Young (G1 Evacuation Pause) 237M->22M(368M) 1,126ms
[472,492s][info][gc] GC(2021) Pause Young (G1 Evacuation Pause) 236M->22M(368M) 3,071ms
[472,727s][info][gc] GC(2022) Pause Young (G1 Evacuation Pause) 237M->22M(368M) 1,112ms
[472,959s][info][gc] GC(2023) Pause Young (G1 Evacuation Pause) 237M->22M(368M) 1,135ms
[473,191s][info][gc] GC(2024) Pause Young (G1 Evacuation Pause) 237M->22M(368M) 1,079ms
[473,438s][info][gc] GC(2025) Pause Young (G1 Evacuation Pause) 237M->22M(368M) 2,427ms
[473,692s][info][gc] GC(2026) Pause Young (G1 Evacuation Pause) 236M->22M(368M) 1,140ms
[473,924s][info][gc] GC(2027) Pause Young (G1 Evacuation Pause) 237M->22M(368M) 1,138ms
[474,156s][info][gc] GC(2028) Pause Young (G1 Evacuation Pause) 237M->22M(368M) 1,059ms
[474,415s][info][gc] GC(2029) Pause Young (G1 Evacuation Pause) 237M->22M(368M) 1,665ms
[474,669s][info][gc] GC(2030) Pause Young (G1 Evacuation Pause) 237M->22M(368M) 1,653ms
[474,923s][info][gc] GC(2031) Pause Young (G1 Evacuation Pause) 237M->22M(368M) 1,905ms
[475,157s][info][gc] GC(2032) Pause Young (G1 Evacuation Pause) 236M->22M(368M) 1,054ms
[475,390s][info][gc] GC(2033) Pause Young (G1 Evacuation Pause) 237M->22M(368M) 1,898ms
[475,622s][info][gc] GC(2034) Pause Young (G1 Evacuation Pause) 237M->22M(368M) 1,258ms
[475,854s][info][gc] GC(2035) Pause Young (G1 Evacuation Pause) 237M->22M(368M) 1,177ms
[476,113s][info][gc] GC(2036) Pause Young (G1 Evacuation Pause) 237M->22M(368M) 1,785ms
[476,371s][info][gc] GC(2037) Pause Young (G1 Evacuation Pause) 236M->22M(368M) 3,882ms
[476,604s][info][gc] GC(2038) Pause Young (G1 Evacuation Pause) 237M->22M(368M) 1,215ms
[476,836s][info][gc] GC(2039) Pause Young (G1 Evacuation Pause) 237M->22M(368M) 1,092ms
[477,096s][info][gc] GC(2040) Pause Young (G1 Evacuation Pause) 237M->22M(368M) 1,701ms
[477,350s][info][gc] GC(2041) Pause Young (G1 Evacuation Pause) 237M->22M(368M) 1,677ms
[477,604s][info][gc] GC(2042) Pause Young (G1 Evacuation Pause) 236M->22M(368M) 1,018ms
[477,836s][info][gc] GC(2043) Pause Young (G1 Evacuation Pause) 237M->22M(368M) 1,188ms
[478,068s][info][gc] GC(2044) Pause Young (G1 Evacuation Pause) 237M->22M(368M) 1,312ms
[478,300s][info][gc] GC(2045) Pause Young (G1 Evacuation Pause) 237M->22M(368M) 1,205ms
[478,532s][info][gc] GC(2046) Pause Young (G1 Evacuation Pause) 237M->22M(368M) 1,236ms
[478,764s][info][gc] GC(2047) Pause Young (G1 Evacuation Pause) 237M->23M(368M) 1,155ms
[479,013s][info][gc] GC(2048) Pause Young (G1 Evacuation Pause) 237M->22M(368M) 1,285ms
[479,245s][info][gc] GC(2049) Pause Young (G1 Evacuation Pause) 237M->22M(368M) 1,297ms
[479,477s][info][gc] GC(2050) Pause Young (G1 Evacuation Pause) 237M->22M(368M) 1,358ms
[479,709s][info][gc] GC(2051) Pause Young (G1 Evacuation Pause) 237M->22M(368M) 1,183ms
[479,958s][info][gc] GC(2052) Pause Young (G1 Evacuation Pause) 237M->23M(368M) 2,366ms
[480,212s][info][gc] GC(2053) Pause Young (G1 Evacuation Pause) 237M->22M(368M) 3,039ms
[480,476s][info][gc] GC(2054) Pause Young (G1 Evacuation Pause) 237M->22M(368M) 1,452ms
[480,711s][info][gc] GC(2055) Pause Young (G1 Evacuation Pause) 237M->22M(368M) 1,096ms
[480,974s][info][gc] GC(2056) Pause Young (G1 Evacuation Pause) 237M->22M(368M) 1,439ms
[481,207s][info][gc] GC(2057) Pause Young (G1 Evacuation Pause) 236M->22M(368M) 1,529ms
[481,453s][info][gc] GC(2058) Pause Young (G1 Evacuation Pause) 237M->22M(368M) 1,625ms
[481,710s][info][gc] GC(2059) Pause Young (G1 Evacuation Pause) 237M->22M(368M) 1,870ms
[481,960s][info][gc] GC(2060) Pause Young (G1 Evacuation Pause) 237M->22M(368M) 1,691ms
[482,214s][info][gc] GC(2061) Pause Young (G1 Evacuation Pause) 237M->22M(368M) 1,898ms
[482,473s][info][gc] GC(2062) Pause Young (G1 Evacuation Pause) 237M->22M(368M) 1,653ms
[482,727s][info][gc] GC(2063) Pause Young (G1 Evacuation Pause) 236M->22M(368M) 1,548ms
[482,997s][info][gc] GC(2064) Pause Young (G1 Evacuation Pause) 237M->22M(368M) 1,643ms
[483,234s][info][gc] GC(2065) Pause Young (G1 Evacuation Pause) 237M->22M(368M) 1,881ms
[483,466s][info][gc] GC(2066) Pause Young (G1 Evacuation Pause) 237M->22M(368M) 1,298ms
[483,698s][info][gc] GC(2067) Pause Young (G1 Evacuation Pause) 237M->22M(368M) 1,275ms
[483,930s][info][gc] GC(2068) Pause Young (G1 Evacuation Pause) 237M->23M(368M) 1,238ms
[484,162s][info][gc] GC(2069) Pause Young (G1 Evacuation Pause) 237M->22M(368M) 1,214ms
[484,404s][info][gc] GC(2070) Pause Young (G1 Evacuation Pause) 237M->22M(368M) 2,189ms
[484,642s][info][gc] GC(2071) Pause Young (G1 Evacuation Pause) 237M->22M(368M) 1,228ms
[484,874s][info][gc] GC(2072) Pause Young (G1 Evacuation Pause) 237M->22M(368M) 1,266ms
[485,107s][info][gc] GC(2073) Pause Young (G1 Evacuation Pause) 237M->23M(368M) 1,325ms
[485,339s][info][gc] GC(2074) Pause Young (G1 Evacuation Pause) 237M->22M(368M) 1,381ms
[485,572s][info][gc] GC(2075) Pause Young (G1 Evacuation Pause) 237M->22M(368M) 1,318ms
[485,804s][info][gc] GC(2076) Pause Young (G1 Evacuation Pause) 237M->22M(368M) 1,342ms
[486,038s][info][gc] GC(2077) Pause Young (G1 Evacuation Pause) 237M->22M(368M) 1,335ms
[486,270s][info][gc] GC(2078) Pause Young (G1 Evacuation Pause) 237M->22M(368M) 1,269ms
[486,524s][info][gc] GC(2079) Pause Young (G1 Evacuation Pause) 236M->22M(368M) 1,695ms
[486,778s][info][gc] GC(2080) Pause Young (G1 Evacuation Pause) 237M->22M(368M) 1,788ms
[487,042s][info][gc] GC(2081) Pause Young (G1 Evacuation Pause) 237M->22M(368M) 1,638ms
[487,299s][info][gc] GC(2082) Pause Young (G1 Evacuation Pause) 237M->22M(368M) 1,731ms
[487,554s][info][gc] GC(2083) Pause Young (G1 Evacuation Pause) 237M->22M(368M) 2,357ms
[487,787s][info][gc] GC(2084) Pause Young (G1 Evacuation Pause) 236M->22M(368M) 1,536ms
[488,040s][info][gc] GC(2085) Pause Young (G1 Evacuation Pause) 237M->21M(368M) 2,588ms
[488,305s][info][gc] GC(2086) Pause Young (G1 Evacuation Pause) 236M->22M(368M) 2,212ms
[488,571s][info][gc] GC(2087) Pause Young (G1 Evacuation Pause) 237M->22M(368M) 1,230ms
[488,805s][info][gc] GC(2088) Pause Young (G1 Evacuation Pause) 237M->22M(368M) 1,376ms
[489,063s][info][gc] GC(2089) Pause Young (G1 Evacuation Pause) 236M->22M(368M) 2,123ms
[489,322s][info][gc] GC(2090) Pause Young (G1 Evacuation Pause) 237M->22M(368M) 1,796ms
[489,576s][info][gc] GC(2091) Pause Young (G1 Evacuation Pause) 237M->22M(368M) 1,747ms
[489,809s][info][gc] GC(2092) Pause Young (G1 Evacuation Pause) 237M->22M(368M) 1,242ms
[490,071s][info][gc] GC(2093) Pause Young (G1 Evacuation Pause) 237M->22M(368M) 1,644ms
[490,305s][info][gc] GC(2094) Pause Young (G1 Evacuation Pause) 236M->21M(368M) 2,718ms
[490,562s][info][gc] GC(2095) Pause Young (G1 Evacuation Pause) 236M->21M(368M) 3,224ms
[490,796s][info][gc] GC(2096) Pause Young (G1 Evacuation Pause) 236M->21M(368M) 2,751ms
[491,050s][info][gc] GC(2097) Pause Young (G1 Evacuation Pause) 236M->22M(368M) 1,773ms
[491,286s][info][gc] GC(2098) Pause Young (G1 Evacuation Pause) 237M->22M(368M) 1,370ms
[491,545s][info][gc] GC(2099) Pause Young (G1 Evacuation Pause) 237M->22M(368M) 3,231ms
[491,788s][info][gc] GC(2100) Pause Young (G1 Evacuation Pause) 236M->21M(368M) 3,147ms
[492,032s][info][gc] GC(2101) Pause Young (G1 Evacuation Pause) 236M->22M(368M) 1,522ms
[492,265s][info][gc] GC(2102) Pause Young (G1 Evacuation Pause) 237M->22M(368M) 1,345ms
[492,515s][info][gc] GC(2103) Pause Young (G1 Evacuation Pause) 237M->22M(368M) 1,092ms
[492,747s][info][gc] GC(2104) Pause Young (G1 Evacuation Pause) 237M->22M(368M) 1,219ms
[493,004s][info][gc] GC(2105) Pause Young (G1 Evacuation Pause) 236M->21M(368M) 1,306ms
[493,237s][info][gc] GC(2106) Pause Young (G1 Evacuation Pause) 236M->22M(368M) 1,216ms
[493,484s][info][gc] GC(2107) Pause Young (G1 Evacuation Pause) 237M->22M(368M) 2,563ms
[493,717s][info][gc] GC(2108) Pause Young (G1 Evacuation Pause) 237M->22M(368M) 1,581ms
[493,950s][info][gc] GC(2109) Pause Young (G1 Evacuation Pause) 237M->22M(368M) 1,415ms
[494,183s][info][gc] GC(2110) Pause Young (G1 Evacuation Pause) 237M->23M(368M) 1,571ms
[494,430s][info][gc] GC(2111) Pause Young (G1 Evacuation Pause) 237M->22M(368M) 2,193ms
[494,684s][info][gc] GC(2112) Pause Young (G1 Evacuation Pause) 237M->22M(368M) 1,799ms
[494,917s][info][gc] GC(2113) Pause Young (G1 Evacuation Pause) 237M->22M(368M) 1,241ms
[495,189s][info][gc] GC(2114) Pause Young (G1 Evacuation Pause) 237M->22M(368M) 1,754ms
[495,458s][info][gc] GC(2115) Pause Young (G1 Evacuation Pause) 237M->23M(368M) 1,767ms
[495,712s][info][gc] GC(2116) Pause Young (G1 Evacuation Pause) 237M->22M(368M) 1,778ms
[495,966s][info][gc] GC(2117) Pause Young (G1 Evacuation Pause) 237M->22M(368M) 1,675ms
[496,220s][info][gc] GC(2118) Pause Young (G1 Evacuation Pause) 237M->22M(368M) 1,708ms
[496,481s][info][gc] GC(2119) Pause Young (G1 Evacuation Pause) 237M->22M(368M) 1,631ms
[496,713s][info][gc] GC(2120) Pause Young (G1 Evacuation Pause) 237M->22M(368M) 1,227ms
[496,959s][info][gc] GC(2121) Pause Young (G1 Evacuation Pause) 236M->22M(368M) 1,659ms
[497,213s][info][gc] GC(2122) Pause Young (G1 Evacuation Pause) 237M->22M(368M) 1,636ms
[497,457s][info][gc] GC(2123) Pause Young (G1 Evacuation Pause) 237M->22M(368M) 1,336ms
[497,690s][info][gc] GC(2124) Pause Young (G1 Evacuation Pause) 237M->22M(368M) 1,310ms
[497,937s][info][gc] GC(2125) Pause Young (G1 Evacuation Pause) 237M->22M(368M) 2,112ms
[498,176s][info][gc] GC(2126) Pause Young (G1 Evacuation Pause) 236M->22M(368M) 1,171ms
[498,408s][info][gc] GC(2127) Pause Young (G1 Evacuation Pause) 237M->22M(368M) 1,208ms
[498,640s][info][gc] GC(2128) Pause Young (G1 Evacuation Pause) 237M->22M(368M) 1,216ms
[498,877s][info][gc] GC(2129) Pause Young (G1 Evacuation Pause) 237M->22M(368M) 4,033ms
[499,133s][info][gc] GC(2130) Pause Young (G1 Evacuation Pause) 237M->22M(368M) 1,954ms
[499,387s][info][gc] GC(2131) Pause Young (G1 Evacuation Pause) 237M->23M(368M) 1,702ms
[499,636s][info][gc] GC(2132) Pause Young (G1 Evacuation Pause) 237M->22M(368M) 1,051ms
[499,868s][info][gc] GC(2133) Pause Young (G1 Evacuation Pause) 237M->22M(368M) 1,082ms
[500,100s][info][gc] GC(2134) Pause Young (G1 Evacuation Pause) 237M->22M(368M) 1,146ms
[500,332s][info][gc] GC(2135) Pause Young (G1 Evacuation Pause) 237M->22M(368M) 1,308ms
[500,564s][info][gc] GC(2136) Pause Young (G1 Evacuation Pause) 237M->23M(368M) 1,264ms
[500,816s][info][gc] GC(2137) Pause Young (G1 Evacuation Pause) 237M->22M(368M) 1,707ms
[501,076s][info][gc] GC(2138) Pause Young (G1 Evacuation Pause) 237M->22M(368M) 1,668ms
[501,330s][info][gc] GC(2139) Pause Young (G1 Evacuation Pause) 237M->22M(368M) 1,692ms
[501,577s][info][gc] GC(2140) Pause Young (G1 Evacuation Pause) 237M->22M(368M) 2,134ms
[501,810s][info][gc] GC(2141) Pause Young (G1 Evacuation Pause) 236M->22M(368M) 1,409ms
[502,070s][info][gc] GC(2142) Pause Young (G1 Evacuation Pause) 237M->22M(368M) 1,316ms
[502,303s][info][gc] GC(2143) Pause Young (G1 Evacuation Pause) 237M->22M(368M) 1,561ms
[502,536s][info][gc] GC(2144) Pause Young (G1 Evacuation Pause) 237M->22M(368M) 1,496ms
[502,768s][info][gc] GC(2145) Pause Young (G1 Evacuation Pause) 237M->22M(368M) 1,269ms
[503,027s][info][gc] GC(2146) Pause Young (G1 Evacuation Pause) 237M->22M(368M) 3,510ms
[503,261s][info][gc] GC(2147) Pause Young (G1 Evacuation Pause) 236M->21M(368M) 1,670ms
[503,493s][info][gc] GC(2148) Pause Young (G1 Evacuation Pause) 236M->22M(368M) 1,228ms
[503,726s][info][gc] GC(2149) Pause Young (G1 Evacuation Pause) 237M->22M(368M) 1,657ms
[503,976s][info][gc] GC(2150) Pause Young (G1 Evacuation Pause) 237M->22M(368M) 1,770ms
[504,230s][info][gc] GC(2151) Pause Young (G1 Evacuation Pause) 237M->22M(368M) 1,882ms
[504,485s][info][gc] GC(2152) Pause Young (G1 Evacuation Pause) 236M->22M(368M) 1,160ms
[504,717s][info][gc] GC(2153) Pause Young (G1 Evacuation Pause) 237M->22M(368M) 1,105ms
[504,962s][info][gc] GC(2154) Pause Young (G1 Evacuation Pause) 237M->22M(368M) 1,765ms
[505,216s][info][gc] GC(2155) Pause Young (G1 Evacuation Pause) 237M->22M(368M) 1,742ms
[505,449s][info][gc] GC(2156) Pause Young (G1 Evacuation Pause) 237M->22M(368M) 1,277ms
[505,681s][info][gc] GC(2157) Pause Young (G1 Evacuation Pause) 236M->22M(368M) 1,262ms
[505,925s][info][gc] GC(2158) Pause Young (G1 Evacuation Pause) 237M->21M(368M) 2,273ms
[506,179s][info][gc] GC(2159) Pause Young (G1 Evacuation Pause) 236M->22M(368M) 1,694ms
[506,437s][info][gc] GC(2160) Pause Young (G1 Evacuation Pause) 237M->22M(368M) 1,752ms
[506,670s][info][gc] GC(2161) Pause Young (G1 Evacuation Pause) 237M->22M(368M) 1,216ms
[506,913s][info][gc] GC(2162) Pause Young (G1 Evacuation Pause) 237M->23M(368M) 2,431ms
[507,166s][info][gc] GC(2163) Pause Young (G1 Evacuation Pause) 237M->22M(368M) 2,191ms
[507,424s][info][gc] GC(2164) Pause Young (G1 Evacuation Pause) 237M->22M(368M) 1,577ms
[507,677s][info][gc] GC(2165) Pause Young (G1 Evacuation Pause) 237M->22M(368M) 1,918ms
[507,945s][info][gc] GC(2166) Pause Young (G1 Evacuation Pause) 237M->22M(368M) 2,340ms
[508,181s][info][gc] GC(2167) Pause Young (G1 Evacuation Pause) 237M->22M(368M) 1,395ms
[508,426s][info][gc] GC(2168) Pause Young (G1 Evacuation Pause) 236M->21M(368M) 3,939ms
[508,670s][info][gc] GC(2169) Pause Young (G1 Evacuation Pause) 236M->22M(368M) 1,343ms
[508,913s][info][gc] GC(2170) Pause Young (G1 Evacuation Pause) 237M->22M(368M) 1,775ms
[509,147s][info][gc] GC(2171) Pause Young (G1 Evacuation Pause) 237M->22M(368M) 1,540ms
[509,388s][info][gc] GC(2172) Pause Young (G1 Evacuation Pause) 237M->22M(368M) 4,197ms
[509,644s][info][gc] GC(2173) Pause Young (G1 Evacuation Pause) 236M->22M(368M) 1,609ms
[509,901s][info][gc] GC(2174) Pause Young (G1 Evacuation Pause) 237M->22M(368M) 2,315ms
[510,167s][info][gc] GC(2175) Pause Young (G1 Evacuation Pause) 237M->22M(368M) 2,197ms
[510,409s][info][gc] GC(2176) Pause Young (G1 Evacuation Pause) 237M->22M(368M) 2,359ms
[510,643s][info][gc] GC(2177) Pause Young (G1 Evacuation Pause) 237M->22M(368M) 1,273ms
[510,921s][info][gc] GC(2178) Pause Young (G1 Evacuation Pause) 236M->22M(368M) 1,560ms
[511,175s][info][gc] GC(2179) Pause Young (G1 Evacuation Pause) 237M->22M(368M) 1,557ms
[511,436s][info][gc] GC(2180) Pause Young (G1 Evacuation Pause) 237M->22M(368M) 2,071ms
[511,689s][info][gc] GC(2181) Pause Young (G1 Evacuation Pause) 237M->22M(368M) 1,621ms
[511,934s][info][gc] GC(2182) Pause Young (G1 Evacuation Pause) 237M->22M(368M) 1,813ms
[512,190s][info][gc] GC(2183) Pause Young (G1 Evacuation Pause) 237M->22M(368M) 3,470ms
[512,457s][info][gc] GC(2184) Pause Young (G1 Evacuation Pause) 236M->22M(368M) 1,724ms
[512,703s][info][gc] GC(2185) Pause Young (G1 Evacuation Pause) 237M->22M(368M) 1,696ms
[512,958s][info][gc] GC(2186) Pause Young (G1 Evacuation Pause) 237M->22M(368M) 1,364ms
[513,190s][info][gc] GC(2187) Pause Young (G1 Evacuation Pause) 237M->22M(368M) 1,262ms
[513,431s][info][gc] GC(2188) Pause Young (G1 Evacuation Pause) 237M->22M(368M) 1,900ms
[513,684s][info][gc] GC(2189) Pause Young (G1 Evacuation Pause) 236M->22M(368M) 1,512ms
[513,916s][info][gc] GC(2190) Pause Young (G1 Evacuation Pause) 237M->22M(368M) 1,240ms
[514,148s][info][gc] GC(2191) Pause Young (G1 Evacuation Pause) 237M->22M(368M) 1,163ms
[514,401s][info][gc] GC(2192) Pause Young (G1 Evacuation Pause) 237M->22M(368M) 1,104ms
[514,633s][info][gc] GC(2193) Pause Young (G1 Evacuation Pause) 237M->22M(368M) 1,172ms
[514,870s][info][gc] GC(2194) Pause Young (G1 Evacuation Pause) 236M->22M(368M) 3,831ms
[515,129s][info][gc] GC(2195) Pause Young (G1 Evacuation Pause) 237M->22M(368M) 1,681ms
[515,362s][info][gc] GC(2196) Pause Young (G1 Evacuation Pause) 237M->22M(368M) 1,083ms
[515,594s][info][gc] GC(2197) Pause Young (G1 Evacuation Pause) 237M->22M(368M) 1,144ms
[515,827s][info][gc] GC(2198) Pause Young (G1 Evacuation Pause) 237M->22M(368M) 1,952ms
[516,059s][info][gc] GC(2199) Pause Young (G1 Evacuation Pause) 236M->22M(368M) 1,157ms
[516,291s][info][gc] GC(2200) Pause Young (G1 Evacuation Pause) 237M->22M(368M) 1,161ms
[516,531s][info][gc] GC(2201) Pause Young (G1 Evacuation Pause) 237M->22M(368M) 1,058ms
[516,763s][info][gc] GC(2202) Pause Young (G1 Evacuation Pause) 237M->22M(368M) 1,088ms
[517,014s][info][gc] GC(2203) Pause Young (G1 Evacuation Pause) 237M->22M(368M) 1,730ms
[517,268s][info][gc] GC(2204) Pause Young (G1 Evacuation Pause) 237M->23M(368M) 1,833ms
[517,519s][info][gc] GC(2205) Pause Young (G1 Evacuation Pause) 237M->22M(368M) 1,313ms
[517,754s][info][gc] GC(2206) Pause Young (G1 Evacuation Pause) 237M->22M(368M) 2,632ms
[517,999s][info][gc] GC(2207) Pause Young (G1 Evacuation Pause) 237M->22M(368M) 1,372ms
[518,231s][info][gc] GC(2208) Pause Young (G1 Evacuation Pause) 237M->22M(368M) 1,133ms
[518,477s][info][gc] GC(2209) Pause Young (G1 Evacuation Pause) 237M->23M(368M) 1,636ms
[518,710s][info][gc] GC(2210) Pause Young (G1 Evacuation Pause) 237M->22M(368M) 1,464ms
[518,942s][info][gc] GC(2211) Pause Young (G1 Evacuation Pause) 237M->22M(368M) 1,181ms
[519,174s][info][gc] GC(2212) Pause Young (G1 Evacuation Pause) 237M->22M(368M) 1,139ms
[519,417s][info][gc] GC(2213) Pause Young (G1 Evacuation Pause) 237M->22M(368M) 1,815ms
[519,659s][info][gc] GC(2214) Pause Young (G1 Evacuation Pause) 237M->23M(368M) 1,309ms
[519,891s][info][gc] GC(2215) Pause Young (G1 Evacuation Pause) 237M->22M(368M) 1,355ms
[520,124s][info][gc] GC(2216) Pause Young (G1 Evacuation Pause) 237M->22M(368M) 1,309ms
[520,357s][info][gc] GC(2217) Pause Young (G1 Evacuation Pause) 237M->22M(368M) 1,357ms
[520,590s][info][gc] GC(2218) Pause Young (G1 Evacuation Pause) 237M->22M(368M) 1,254ms
[520,822s][info][gc] GC(2219) Pause Young (G1 Evacuation Pause) 237M->22M(368M) 1,299ms
[521,054s][info][gc] GC(2220) Pause Young (G1 Evacuation Pause) 236M->21M(368M) 1,459ms
[521,287s][info][gc] GC(2221) Pause Young (G1 Evacuation Pause) 236M->22M(368M) 1,106ms
[521,520s][info][gc] GC(2222) Pause Young (G1 Evacuation Pause) 237M->22M(368M) 1,805ms
[521,752s][info][gc] GC(2223) Pause Young (G1 Evacuation Pause) 237M->22M(368M) 1,100ms
[522,002s][info][gc] GC(2224) Pause Young (G1 Evacuation Pause) 237M->22M(368M) 1,669ms
[522,256s][info][gc] GC(2225) Pause Young (G1 Evacuation Pause) 237M->23M(368M) 1,918ms
[522,512s][info][gc] GC(2226) Pause Young (G1 Evacuation Pause) 237M->22M(368M) 1,629ms
[522,765s][info][gc] GC(2227) Pause Young (G1 Evacuation Pause) 237M->22M(368M) 1,822ms
[523,026s][info][gc] GC(2228) Pause Young (G1 Evacuation Pause) 237M->22M(368M) 1,703ms
[523,259s][info][gc] GC(2229) Pause Young (G1 Evacuation Pause) 237M->22M(368M) 1,265ms
[523,491s][info][gc] GC(2230) Pause Young (G1 Evacuation Pause) 237M->22M(368M) 1,149ms
[523,723s][info][gc] GC(2231) Pause Young (G1 Evacuation Pause) 236M->22M(368M) 1,063ms
[523,971s][info][gc] GC(2232) Pause Young (G1 Evacuation Pause) 237M->22M(368M) 1,659ms
[524,225s][info][gc] GC(2233) Pause Young (G1 Evacuation Pause) 237M->22M(368M) 1,778ms
[524,484s][info][gc] GC(2234) Pause Young (G1 Evacuation Pause) 237M->22M(368M) 1,597ms
[524,731s][info][gc] GC(2235) Pause Young (G1 Evacuation Pause) 237M->23M(368M) 1,846ms
[524,988s][info][gc] GC(2236) Pause Young (G1 Evacuation Pause) 237M->22M(368M) 1,758ms
[525,242s][info][gc] GC(2237) Pause Young (G1 Evacuation Pause) 237M->22M(368M) 1,740ms
[525,499s][info][gc] GC(2238) Pause Young (G1 Evacuation Pause) 237M->22M(368M) 1,622ms
[525,734s][info][gc] GC(2239) Pause Young (G1 Evacuation Pause) 237M->22M(368M) 2,580ms
[525,990s][info][gc] GC(2240) Pause Young (G1 Evacuation Pause) 237M->22M(368M) 1,754ms
[526,244s][info][gc] GC(2241) Pause Young (G1 Evacuation Pause) 236M->22M(368M) 1,806ms
[526,506s][info][gc] GC(2242) Pause Young (G1 Evacuation Pause) 237M->22M(368M) 1,734ms
[526,760s][info][gc] GC(2243) Pause Young (G1 Evacuation Pause) 237M->22M(368M) 1,862ms
[527,014s][info][gc] GC(2244) Pause Young (G1 Evacuation Pause) 237M->22M(368M) 1,802ms
[527,248s][info][gc] GC(2245) Pause Young (G1 Evacuation Pause) 237M->22M(368M) 1,410ms
[527,481s][info][gc] GC(2246) Pause Young (G1 Evacuation Pause) 236M->22M(368M) 1,325ms
[527,713s][info][gc] GC(2247) Pause Young (G1 Evacuation Pause) 237M->22M(368M) 1,346ms
[527,945s][info][gc] GC(2248) Pause Young (G1 Evacuation Pause) 237M->22M(368M) 1,318ms
[528,188s][info][gc] GC(2249) Pause Young (G1 Evacuation Pause) 237M->22M(368M) 1,356ms
[528,420s][info][gc] GC(2250) Pause Young (G1 Evacuation Pause) 237M->22M(368M) 1,249ms
[528,653s][info][gc] GC(2251) Pause Young (G1 Evacuation Pause) 237M->22M(368M) 1,319ms
[528,885s][info][gc] GC(2252) Pause Young (G1 Evacuation Pause) 236M->22M(368M) 1,178ms
[529,118s][info][gc] GC(2253) Pause Young (G1 Evacuation Pause) 237M->22M(368M) 1,972ms
[529,350s][info][gc] GC(2254) Pause Young (G1 Evacuation Pause) 237M->22M(368M) 1,097ms
[529,608s][info][gc] GC(2255) Pause Young (G1 Evacuation Pause) 237M->22M(368M) 1,182ms
[529,840s][info][gc] GC(2256) Pause Young (G1 Evacuation Pause) 236M->21M(368M) 1,011ms
[530,098s][info][gc] GC(2257) Pause Young (G1 Evacuation Pause) 236M->22M(368M) 1,693ms
[530,339s][info][gc] GC(2258) Pause Young (G1 Evacuation Pause) 237M->22M(368M) 1,199ms
[530,572s][info][gc] GC(2259) Pause Young (G1 Evacuation Pause) 237M->22M(368M) 2,179ms
[530,806s][info][gc] GC(2260) Pause Young (G1 Evacuation Pause) 237M->22M(368M) 1,353ms
[531,039s][info][gc] GC(2261) Pause Young (G1 Evacuation Pause) 237M->22M(368M) 1,433ms
[531,272s][info][gc] GC(2262) Pause Young (G1 Evacuation Pause) 236M->22M(368M) 1,025ms
[531,505s][info][gc] GC(2263) Pause Young (G1 Evacuation Pause) 237M->21M(368M) 1,919ms
[531,737s][info][gc] GC(2264) Pause Young (G1 Evacuation Pause) 236M->22M(368M) 1,073ms
[531,969s][info][gc] GC(2265) Pause Young (G1 Evacuation Pause) 237M->22M(368M) 1,234ms
[532,201s][info][gc] GC(2266) Pause Young (G1 Evacuation Pause) 237M->22M(368M) 1,173ms
[532,470s][info][gc] GC(2267) Pause Young (G1 Evacuation Pause) 237M->22M(368M) 2,042ms
[532,729s][info][gc] GC(2268) Pause Young (G1 Evacuation Pause) 236M->22M(368M) 1,570ms
[532,991s][info][gc] GC(2269) Pause Young (G1 Evacuation Pause) 237M->22M(368M) 1,050ms
[533,235s][info][gc] GC(2270) Pause Young (G1 Evacuation Pause) 237M->22M(368M) 1,149ms
[533,467s][info][gc] GC(2271) Pause Young (G1 Evacuation Pause) 237M->22M(368M) 1,170ms
[533,700s][info][gc] GC(2272) Pause Young (G1 Evacuation Pause) 237M->22M(368M) 2,046ms
[533,932s][info][gc] GC(2273) Pause Young (G1 Evacuation Pause) 236M->22M(368M) 1,187ms
[534,198s][info][gc] GC(2274) Pause Young (G1 Evacuation Pause) 237M->22M(368M) 1,808ms
[534,460s][info][gc] GC(2275) Pause Young (G1 Evacuation Pause) 237M->22M(368M) 2,353ms
[534,704s][info][gc] GC(2276) Pause Young (G1 Evacuation Pause) 237M->22M(368M) 1,144ms
[534,937s][info][gc] GC(2277) Pause Young (G1 Evacuation Pause) 237M->22M(368M) 1,513ms
[535,198s][info][gc] GC(2278) Pause Young (G1 Evacuation Pause) 236M->22M(368M) 1,591ms
[535,460s][info][gc] GC(2279) Pause Young (G1 Evacuation Pause) 237M->22M(368M) 1,397ms
[535,710s][info][gc] GC(2280) Pause Young (G1 Evacuation Pause) 237M->22M(368M) 1,706ms
[535,960s][info][gc] GC(2281) Pause Young (G1 Evacuation Pause) 237M->22M(368M) 1,788ms
[536,193s][info][gc] GC(2282) Pause Young (G1 Evacuation Pause) 237M->22M(368M) 1,534ms
[536,438s][info][gc] GC(2283) Pause Young (G1 Evacuation Pause) 237M->23M(368M) 1,967ms
[536,673s][info][gc] GC(2284) Pause Young (G1 Evacuation Pause) 237M->22M(368M) 1,034ms
[536,932s][info][gc] GC(2285) Pause Young (G1 Evacuation Pause) 237M->22M(368M) 1,828ms
[537,186s][info][gc] GC(2286) Pause Young (G1 Evacuation Pause) 237M->22M(368M) 1,656ms
[537,422s][info][gc] GC(2287) Pause Young (G1 Evacuation Pause) 237M->22M(368M) 1,330ms
[537,661s][info][gc] GC(2288) Pause Young (G1 Evacuation Pause) 237M->23M(368M) 1,433ms
[537,894s][info][gc] GC(2289) Pause Young (G1 Evacuation Pause) 237M->22M(368M) 1,417ms
[538,140s][info][gc] GC(2290) Pause Young (G1 Evacuation Pause) 237M->22M(368M) 1,638ms
[538,373s][info][gc] GC(2291) Pause Young (G1 Evacuation Pause) 237M->22M(368M) 1,481ms
[538,606s][info][gc] GC(2292) Pause Young (G1 Evacuation Pause) 237M->22M(368M) 1,508ms
[538,839s][info][gc] GC(2293) Pause Young (G1 Evacuation Pause) 237M->23M(368M) 1,539ms
[539,087s][info][gc] GC(2294) Pause Young (G1 Evacuation Pause) 237M->22M(368M) 1,177ms
[539,319s][info][gc] GC(2295) Pause Young (G1 Evacuation Pause) 237M->22M(368M) 1,135ms
[539,577s][info][gc] GC(2296) Pause Young (G1 Evacuation Pause) 237M->22M(368M) 1,697ms
[539,831s][info][gc] GC(2297) Pause Young (G1 Evacuation Pause) 237M->22M(368M) 1,258ms
[540,094s][info][gc] GC(2298) Pause Young (G1 Evacuation Pause) 237M->22M(368M) 1,688ms
[540,337s][info][gc] GC(2299) Pause Young (G1 Evacuation Pause) 236M->21M(368M) 1,876ms
[540,598s][info][gc] GC(2300) Pause Young (G1 Evacuation Pause) 236M->22M(368M) 1,346ms
[540,831s][info][gc] GC(2301) Pause Young (G1 Evacuation Pause) 237M->22M(368M) 1,507ms
[541,064s][info][gc] GC(2302) Pause Young (G1 Evacuation Pause) 237M->22M(368M) 1,382ms
[541,297s][info][gc] GC(2303) Pause Young (G1 Evacuation Pause) 237M->22M(368M) 1,407ms
[541,560s][info][gc] GC(2304) Pause Young (G1 Evacuation Pause) 237M->23M(368M) 1,824ms
[541,814s][info][gc] GC(2305) Pause Young (G1 Evacuation Pause) 237M->22M(368M) 1,653ms
[542,075s][info][gc] GC(2306) Pause Young (G1 Evacuation Pause) 237M->22M(368M) 1,597ms
[542,329s][info][gc] GC(2307) Pause Young (G1 Evacuation Pause) 237M->22M(368M) 1,737ms
[542,596s][info][gc] GC(2308) Pause Young (G1 Evacuation Pause) 237M->22M(368M) 1,911ms
[542,850s][info][gc] GC(2309) Pause Young (G1 Evacuation Pause) 237M->23M(368M) 1,729ms
[543,100s][info][gc] GC(2310) Pause Young (G1 Evacuation Pause) 237M->22M(368M) 1,186ms
[543,332s][info][gc] GC(2311) Pause Young (G1 Evacuation Pause) 237M->22M(368M) 1,110ms
[543,601s][info][gc] GC(2312) Pause Young (G1 Evacuation Pause) 237M->22M(368M) 1,808ms
[543,860s][info][gc] GC(2313) Pause Young (G1 Evacuation Pause) 237M->22M(368M) 1,658ms
[544,097s][info][gc] GC(2314) Pause Young (G1 Evacuation Pause) 237M->22M(368M) 1,351ms
[544,329s][info][gc] GC(2315) Pause Young (G1 Evacuation Pause) 236M->22M(368M) 1,090ms
[544,581s][info][gc] GC(2316) Pause Young (G1 Evacuation Pause) 237M->22M(368M) 1,473ms
[544,814s][info][gc] GC(2317) Pause Young (G1 Evacuation Pause) 237M->22M(368M) 1,553ms
[545,061s][info][gc] GC(2318) Pause Young (G1 Evacuation Pause) 237M->22M(368M) 1,191ms
[545,294s][info][gc] GC(2319) Pause Young (G1 Evacuation Pause) 237M->22M(368M) 1,467ms
[545,546s][info][gc] GC(2320) Pause Young (G1 Evacuation Pause) 236M->22M(368M) 1,703ms
[545,800s][info][gc] GC(2321) Pause Young (G1 Evacuation Pause) 237M->22M(368M) 1,669ms
[546,048s][info][gc] GC(2322) Pause Young (G1 Evacuation Pause) 237M->22M(368M) 1,204ms
[546,303s][info][gc] GC(2323) Pause Young (G1 Evacuation Pause) 237M->22M(368M) 2,329ms
[546,568s][info][gc] GC(2324) Pause Young (G1 Evacuation Pause) 237M->22M(368M) 1,665ms
[546,822s][info][gc] GC(2325) Pause Young (G1 Evacuation Pause) 236M->22M(368M) 1,826ms
[547,057s][info][gc] GC(2326) Pause Young (G1 Evacuation Pause) 237M->22M(368M) 1,073ms
[547,289s][info][gc] GC(2327) Pause Young (G1 Evacuation Pause) 237M->22M(368M) 1,285ms
[547,542s][info][gc] GC(2328) Pause Young (G1 Evacuation Pause) 237M->22M(368M) 1,815ms
[547,801s][info][gc] GC(2329) Pause Young (G1 Evacuation Pause) 237M->22M(368M) 1,827ms
[548,059s][info][gc] GC(2330) Pause Young (G1 Evacuation Pause) 237M->23M(368M) 1,245ms
[548,291s][info][gc] GC(2331) Pause Young (G1 Evacuation Pause) 237M->22M(368M) 1,117ms
[548,523s][info][gc] GC(2332) Pause Young (G1 Evacuation Pause) 237M->22M(368M) 1,150ms
[548,756s][info][gc] GC(2333) Pause Young (G1 Evacuation Pause) 237M->22M(368M) 1,468ms
[549,006s][info][gc] GC(2334) Pause Young (G1 Evacuation Pause) 237M->22M(368M) 1,881ms
[549,260s][info][gc] GC(2335) Pause Young (G1 Evacuation Pause) 237M->23M(368M) 1,934ms
[549,519s][info][gc] GC(2336) Pause Young (G1 Evacuation Pause) 237M->22M(368M) 1,568ms
[549,757s][info][gc] GC(2337) Pause Young (G1 Evacuation Pause) 237M->22M(368M) 1,187ms
[550,023s][info][gc] GC(2338) Pause Young (G1 Evacuation Pause) 237M->22M(368M) 1,850ms
[550,283s][info][gc] GC(2339) Pause Young (G1 Evacuation Pause) 237M->22M(368M) 5,598ms
[550,515s][info][gc] GC(2340) Pause Young (G1 Evacuation Pause) 236M->21M(368M) 1,139ms
[550,747s][info][gc] GC(2341) Pause Young (G1 Evacuation Pause) 236M->22M(368M) 1,073ms
[550,993s][info][gc] GC(2342) Pause Young (G1 Evacuation Pause) 237M->22M(368M) 1,483ms
[551,241s][info][gc] GC(2343) Pause Young (G1 Evacuation Pause) 237M->22M(368M) 1,672ms
[551,503s][info][gc] GC(2344) Pause Young (G1 Evacuation Pause) 237M->22M(368M) 2,627ms
[551,764s][info][gc] GC(2345) Pause Young (G1 Evacuation Pause) 237M->22M(368M) 1,817ms
[552,020s][info][gc] GC(2346) Pause Young (G1 Evacuation Pause) 236M->22M(368M) 1,703ms
[552,253s][info][gc] GC(2347) Pause Young (G1 Evacuation Pause) 237M->22M(368M) 1,212ms
[552,508s][info][gc] GC(2348) Pause Young (G1 Evacuation Pause) 237M->21M(368M) 3,604ms
[552,740s][info][gc] GC(2349) Pause Young (G1 Evacuation Pause) 236M->22M(368M) 1,256ms
[553,010s][info][gc] GC(2350) Pause Young (G1 Evacuation Pause) 237M->22M(368M) 1,679ms
[553,242s][info][gc] GC(2351) Pause Young (G1 Evacuation Pause) 236M->22M(368M) 1,385ms
[553,497s][info][gc] GC(2352) Pause Young (G1 Evacuation Pause) 237M->22M(368M) 2,309ms
[553,732s][info][gc] GC(2353) Pause Young (G1 Evacuation Pause) 237M->22M(368M) 1,435ms
[553,984s][info][gc] GC(2354) Pause Young (G1 Evacuation Pause) 237M->22M(368M) 1,875ms
[554,238s][info][gc] GC(2355) Pause Young (G1 Evacuation Pause) 237M->22M(368M) 1,771ms
[554,494s][info][gc] GC(2356) Pause Young (G1 Evacuation Pause) 236M->22M(368M) 1,720ms
[554,746s][info][gc] GC(2357) Pause Young (G1 Evacuation Pause) 237M->21M(368M) 1,126ms
[555,012s][info][gc] GC(2358) Pause Young (G1 Evacuation Pause) 236M->22M(368M) 2,246ms
[555,266s][info][gc] GC(2359) Pause Young (G1 Evacuation Pause) 237M->22M(368M) 1,815ms
[555,526s][info][gc] GC(2360) Pause Young (G1 Evacuation Pause) 237M->22M(368M) 1,836ms
[555,784s][info][gc] GC(2361) Pause Young (G1 Evacuation Pause) 237M->23M(368M) 1,937ms
[556,044s][info][gc] GC(2362) Pause Young (G1 Evacuation Pause) 237M->22M(368M) 1,758ms
[556,277s][info][gc] GC(2363) Pause Young (G1 Evacuation Pause) 237M->22M(368M) 1,084ms
[556,525s][info][gc] GC(2364) Pause Young (G1 Evacuation Pause) 237M->22M(368M) 1,140ms
[556,757s][info][gc] GC(2365) Pause Young (G1 Evacuation Pause) 237M->22M(368M) 1,242ms
[557,014s][info][gc] GC(2366) Pause Young (G1 Evacuation Pause) 237M->22M(368M) 1,851ms
[557,246s][info][gc] GC(2367) Pause Young (G1 Evacuation Pause) 236M->22M(368M) 1,179ms
[557,509s][info][gc] GC(2368) Pause Young (G1 Evacuation Pause) 237M->22M(368M) 1,893ms
[557,745s][info][gc] GC(2369) Pause Young (G1 Evacuation Pause) 237M->22M(368M) 1,182ms
[557,994s][info][gc] GC(2370) Pause Young (G1 Evacuation Pause) 237M->22M(368M) 1,887ms
[558,228s][info][gc] GC(2371) Pause Young (G1 Evacuation Pause) 237M->22M(368M) 1,298ms
[558,460s][info][gc] GC(2372) Pause Young (G1 Evacuation Pause) 236M->22M(368M) 1,214ms
[558,692s][info][gc] GC(2373) Pause Young (G1 Evacuation Pause) 237M->22M(368M) 1,293ms
[558,938s][info][gc] GC(2374) Pause Young (G1 Evacuation Pause) 237M->22M(368M) 1,347ms
[559,171s][info][gc] GC(2375) Pause Young (G1 Evacuation Pause) 237M->22M(368M) 1,624ms
[559,415s][info][gc] GC(2376) Pause Young (G1 Evacuation Pause) 237M->22M(368M) 2,496ms
[559,655s][info][gc] GC(2377) Pause Young (G1 Evacuation Pause) 237M->23M(368M) 4,169ms
[559,899s][info][gc] GC(2378) Pause Young (G1 Evacuation Pause) 237M->22M(368M) 2,310ms
[560,153s][info][gc] GC(2379) Pause Young (G1 Evacuation Pause) 237M->22M(368M) 1,784ms
[560,413s][info][gc] GC(2380) Pause Young (G1 Evacuation Pause) 237M->22M(368M) 2,279ms
[560,660s][info][gc] GC(2381) Pause Young (G1 Evacuation Pause) 237M->22M(368M) 1,613ms
[560,924s][info][gc] GC(2382) Pause Young (G1 Evacuation Pause) 236M->21M(368M) 3,948ms
[561,178s][info][gc] GC(2383) Pause Young (G1 Evacuation Pause) 236M->22M(368M) 1,658ms
[561,436s][info][gc] GC(2384) Pause Young (G1 Evacuation Pause) 237M->22M(368M) 1,739ms
[561,690s][info][gc] GC(2385) Pause Young (G1 Evacuation Pause) 237M->22M(368M) 1,767ms
[561,948s][info][gc] GC(2386) Pause Young (G1 Evacuation Pause) 237M->22M(368M) 1,816ms
[562,199s][info][gc] GC(2387) Pause Young (G1 Evacuation Pause) 236M->21M(368M) 1,717ms
[562,459s][info][gc] GC(2388) Pause Young (G1 Evacuation Pause) 236M->22M(368M) 2,282ms
[562,711s][info][gc] GC(2389) Pause Young (G1 Evacuation Pause) 237M->22M(368M) 1,169ms
[562,943s][info][gc] GC(2390) Pause Young (G1 Evacuation Pause) 237M->22M(368M) 1,336ms
[563,177s][info][gc] GC(2391) Pause Young (G1 Evacuation Pause) 237M->22M(368M) 1,406ms
[563,423s][info][gc] GC(2392) Pause Young (G1 Evacuation Pause) 237M->22M(368M) 2,473ms
[563,682s][info][gc] GC(2393) Pause Young (G1 Evacuation Pause) 236M->22M(368M) 2,221ms
[563,939s][info][gc] GC(2394) Pause Young (G1 Evacuation Pause) 237M->21M(368M) 1,821ms
[564,193s][info][gc] GC(2395) Pause Young (G1 Evacuation Pause) 236M->22M(368M) 1,703ms
[564,438s][info][gc] GC(2396) Pause Young (G1 Evacuation Pause) 237M->22M(368M) 2,121ms
[564,671s][info][gc] GC(2397) Pause Young (G1 Evacuation Pause) 237M->22M(368M) 1,371ms
[564,911s][info][gc] GC(2398) Pause Young (G1 Evacuation Pause) 236M->22M(368M) 1,158ms
[565,144s][info][gc] GC(2399) Pause Young (G1 Evacuation Pause) 237M->22M(368M) 1,059ms
[565,384s][info][gc] GC(2400) Pause Young (G1 Evacuation Pause) 237M->22M(368M) 3,878ms
[565,639s][info][gc] GC(2401) Pause Young (G1 Evacuation Pause) 237M->22M(368M) 1,802ms
[565,899s][info][gc] GC(2402) Pause Young (G1 Evacuation Pause) 237M->22M(368M) 2,422ms
[566,153s][info][gc] GC(2403) Pause Young (G1 Evacuation Pause) 236M->22M(368M) 1,768ms
[566,412s][info][gc] GC(2404) Pause Young (G1 Evacuation Pause) 237M->21M(368M) 1,664ms
[566,669s][info][gc] GC(2405) Pause Young (G1 Evacuation Pause) 236M->22M(368M) 2,537ms
[566,923s][info][gc] GC(2406) Pause Young (G1 Evacuation Pause) 237M->22M(368M) 1,734ms
[567,177s][info][gc] GC(2407) Pause Young (G1 Evacuation Pause) 237M->22M(368M) 5,556ms
[567,435s][info][gc] GC(2408) Pause Young (G1 Evacuation Pause) 237M->23M(368M) 1,906ms
[567,696s][info][gc] GC(2409) Pause Young (G1 Evacuation Pause) 237M->22M(368M) 1,756ms
[567,955s][info][gc] GC(2410) Pause Young (G1 Evacuation Pause) 237M->22M(368M) 1,718ms
[568,194s][info][gc] GC(2411) Pause Young (G1 Evacuation Pause) 237M->22M(368M) 1,235ms
[568,443s][info][gc] GC(2412) Pause Young (G1 Evacuation Pause) 237M->22M(368M) 1,752ms
[568,683s][info][gc] GC(2413) Pause Young (G1 Evacuation Pause) 237M->22M(368M) 1,348ms
[568,945s][info][gc] GC(2414) Pause Young (G1 Evacuation Pause) 236M->22M(368M) 1,634ms
[569,187s][info][gc] GC(2415) Pause Young (G1 Evacuation Pause) 237M->22M(368M) 1,479ms
[569,433s][info][gc] GC(2416) Pause Young (G1 Evacuation Pause) 237M->22M(368M) 1,353ms
[569,666s][info][gc] GC(2417) Pause Young (G1 Evacuation Pause) 237M->22M(368M) 1,547ms
[569,912s][info][gc] GC(2418) Pause Young (G1 Evacuation Pause) 237M->22M(368M) 1,807ms
[570,145s][info][gc] GC(2419) Pause Young (G1 Evacuation Pause) 236M->22M(368M) 1,158ms
[570,386s][info][gc] GC(2420) Pause Young (G1 Evacuation Pause) 237M->22M(368M) 3,782ms
[570,641s][info][gc] GC(2421) Pause Young (G1 Evacuation Pause) 237M->22M(368M) 1,646ms
[570,900s][info][gc] GC(2422) Pause Young (G1 Evacuation Pause) 237M->22M(368M) 2,251ms
[571,154s][info][gc] GC(2423) Pause Young (G1 Evacuation Pause) 237M->22M(368M) 1,754ms
[571,412s][info][gc] GC(2424) Pause Young (G1 Evacuation Pause) 237M->23M(368M) 1,762ms
[571,666s][info][gc] GC(2425) Pause Young (G1 Evacuation Pause) 237M->22M(368M) 1,793ms
[571,923s][info][gc] GC(2426) Pause Young (G1 Evacuation Pause) 237M->22M(368M) 1,683ms
[572,163s][info][gc] GC(2427) Pause Young (G1 Evacuation Pause) 237M->22M(368M) 1,157ms
[572,406s][info][gc] GC(2428) Pause Young (G1 Evacuation Pause) 237M->22M(368M) 2,144ms
[572,644s][info][gc] GC(2429) Pause Young (G1 Evacuation Pause) 237M->23M(368M) 1,711ms
[572,876s][info][gc] GC(2430) Pause Young (G1 Evacuation Pause) 237M->22M(368M) 1,305ms
[573,115s][info][gc] GC(2431) Pause Young (G1 Evacuation Pause) 237M->22M(368M) 1,232ms
[573,347s][info][gc] GC(2432) Pause Young (G1 Evacuation Pause) 237M->22M(368M) 1,260ms
[573,579s][info][gc] GC(2433) Pause Young (G1 Evacuation Pause) 237M->22M(368M) 1,251ms
[573,811s][info][gc] GC(2434) Pause Young (G1 Evacuation Pause) 237M->22M(368M) 1,284ms
[574,043s][info][gc] GC(2435) Pause Young (G1 Evacuation Pause) 236M->22M(368M) 1,110ms
[574,276s][info][gc] GC(2436) Pause Young (G1 Evacuation Pause) 237M->21M(368M) 2,073ms
[574,525s][info][gc] GC(2437) Pause Young (G1 Evacuation Pause) 236M->22M(368M) 1,421ms
[574,784s][info][gc] GC(2438) Pause Young (G1 Evacuation Pause) 237M->22M(368M) 2,275ms
[575,044s][info][gc] GC(2439) Pause Young (G1 Evacuation Pause) 237M->22M(368M) 2,008ms
[575,298s][info][gc] GC(2440) Pause Young (G1 Evacuation Pause) 237M->23M(368M) 2,119ms
[575,566s][info][gc] GC(2441) Pause Young (G1 Evacuation Pause) 237M->22M(368M) 1,653ms
[575,822s][info][gc] GC(2442) Pause Young (G1 Evacuation Pause) 237M->22M(368M) 3,379ms
[576,055s][info][gc] GC(2443) Pause Young (G1 Evacuation Pause) 237M->22M(368M) 1,175ms
[576,287s][info][gc] GC(2444) Pause Young (G1 Evacuation Pause) 237M->22M(368M) 1,284ms
[576,526s][info][gc] GC(2445) Pause Young (G1 Evacuation Pause) 237M->23M(368M) 1,135ms
[576,758s][info][gc] GC(2446) Pause Young (G1 Evacuation Pause) 237M->22M(368M) 1,185ms
[577,016s][info][gc] GC(2447) Pause Young (G1 Evacuation Pause) 237M->22M(368M) 1,775ms
[577,271s][info][gc] GC(2448) Pause Young (G1 Evacuation Pause) 237M->22M(368M) 2,154ms
[577,531s][info][gc] GC(2449) Pause Young (G1 Evacuation Pause) 237M->22M(368M) 1,799ms
[577,788s][info][gc] GC(2450) Pause Young (G1 Evacuation Pause) 237M->22M(368M) 1,888ms
[578,045s][info][gc] GC(2451) Pause Young (G1 Evacuation Pause) 236M->22M(368M) 1,984ms
[578,277s][info][gc] GC(2452) Pause Young (G1 Evacuation Pause) 237M->22M(368M) 1,217ms
[578,509s][info][gc] GC(2453) Pause Young (G1 Evacuation Pause) 237M->22M(368M) 1,319ms
[578,742s][info][gc] GC(2454) Pause Young (G1 Evacuation Pause) 237M->22M(368M) 1,348ms
[578,975s][info][gc] GC(2455) Pause Young (G1 Evacuation Pause) 237M->22M(368M) 1,360ms
[579,208s][info][gc] GC(2456) Pause Young (G1 Evacuation Pause) 236M->22M(368M) 1,250ms
[579,458s][info][gc] GC(2457) Pause Young (G1 Evacuation Pause) 237M->22M(368M) 1,674ms
[579,702s][info][gc] GC(2458) Pause Young (G1 Evacuation Pause) 237M->22M(368M) 1,093ms
[579,949s][info][gc] GC(2459) Pause Young (G1 Evacuation Pause) 237M->22M(368M) 2,306ms
[580,205s][info][gc] GC(2460) Pause Young (G1 Evacuation Pause) 237M->22M(368M) 1,677ms
[580,463s][info][gc] GC(2461) Pause Young (G1 Evacuation Pause) 236M->22M(368M) 1,589ms
[580,695s][info][gc] GC(2462) Pause Young (G1 Evacuation Pause) 237M->22M(368M) 1,106ms
[580,941s][info][gc] GC(2463) Pause Young (G1 Evacuation Pause) 237M->22M(368M) 1,783ms
[581,195s][info][gc] GC(2464) Pause Young (G1 Evacuation Pause) 237M->22M(368M) 1,711ms
[581,454s][info][gc] GC(2465) Pause Young (G1 Evacuation Pause) 237M->22M(368M) 1,834ms
[581,700s][info][gc] GC(2466) Pause Young (G1 Evacuation Pause) 236M->22M(368M) 2,235ms
[581,959s][info][gc] GC(2467) Pause Young (G1 Evacuation Pause) 237M->22M(368M) 1,566ms
[582,213s][info][gc] GC(2468) Pause Young (G1 Evacuation Pause) 237M->22M(368M) 1,866ms
[582,468s][info][gc] GC(2469) Pause Young (G1 Evacuation Pause) 237M->22M(368M) 1,701ms
[582,717s][info][gc] GC(2470) Pause Young (G1 Evacuation Pause) 237M->22M(368M) 1,388ms
[582,950s][info][gc] GC(2471) Pause Young (G1 Evacuation Pause) 237M->22M(368M) 1,432ms
[583,182s][info][gc] GC(2472) Pause Young (G1 Evacuation Pause) 236M->22M(368M) 1,193ms
[583,427s][info][gc] GC(2473) Pause Young (G1 Evacuation Pause) 237M->22M(368M) 1,718ms
[583,666s][info][gc] GC(2474) Pause Young (G1 Evacuation Pause) 237M->22M(368M) 1,236ms
[583,910s][info][gc] GC(2475) Pause Young (G1 Evacuation Pause) 237M->22M(368M) 2,192ms
[584,163s][info][gc] GC(2476) Pause Young (G1 Evacuation Pause) 237M->22M(368M) 1,899ms
[584,421s][info][gc] GC(2477) Pause Young (G1 Evacuation Pause) 236M->22M(368M) 1,710ms
[584,664s][info][gc] GC(2478) Pause Young (G1 Evacuation Pause) 237M->21M(368M) 2,557ms
[584,907s][info][gc] GC(2479) Pause Young (G1 Evacuation Pause) 236M->22M(368M) 2,347ms
[585,161s][info][gc] GC(2480) Pause Young (G1 Evacuation Pause) 237M->22M(368M) 1,911ms
[585,421s][info][gc] GC(2481) Pause Young (G1 Evacuation Pause) 237M->22M(368M) 1,844ms
[585,685s][info][gc] GC(2482) Pause Young (G1 Evacuation Pause) 236M->22M(368M) 2,148ms
[585,944s][info][gc] GC(2483) Pause Young (G1 Evacuation Pause) 237M->22M(368M) 1,790ms
[586,179s][info][gc] GC(2484) Pause Young (G1 Evacuation Pause) 237M->22M(368M) 1,205ms
[586,423s][info][gc] GC(2485) Pause Young (G1 Evacuation Pause) 237M->22M(368M) 2,365ms
[586,690s][info][gc] GC(2486) Pause Young (G1 Evacuation Pause) 237M->22M(368M) 4,095ms
[586,948s][info][gc] GC(2487) Pause Young (G1 Evacuation Pause) 236M->22M(368M) 1,803ms
[587,202s][info][gc] GC(2488) Pause Young (G1 Evacuation Pause) 237M->21M(368M) 1,882ms
[587,456s][info][gc] GC(2489) Pause Young (G1 Evacuation Pause) 236M->22M(368M) 1,720ms
[587,704s][info][gc] GC(2490) Pause Young (G1 Evacuation Pause) 237M->22M(368M) 1,137ms
[587,951s][info][gc] GC(2491) Pause Young (G1 Evacuation Pause) 237M->22M(368M) 1,794ms
[588,191s][info][gc] GC(2492) Pause Young (G1 Evacuation Pause) 237M->22M(368M) 1,197ms
[588,434s][info][gc] GC(2493) Pause Young (G1 Evacuation Pause) 236M->21M(368M) 2,400ms
[588,678s][info][gc] GC(2494) Pause Young (G1 Evacuation Pause) 236M->22M(368M) 1,179ms
[588,911s][info][gc] GC(2495) Pause Young (G1 Evacuation Pause) 237M->22M(368M) 1,852ms
[589,153s][info][gc] GC(2496) Pause Young (G1 Evacuation Pause) 237M->22M(368M) 1,291ms
[589,394s][info][gc] GC(2497) Pause Young (G1 Evacuation Pause) 237M->22M(368M) 2,387ms
[589,642s][info][gc] GC(2498) Pause Young (G1 Evacuation Pause) 236M->22M(368M) 1,061ms
[589,883s][info][gc] GC(2499) Pause Young (G1 Evacuation Pause) 237M->22M(368M) 3,957ms
[590,139s][info][gc] GC(2500) Pause Young (G1 Evacuation Pause) 237M->22M(368M) 1,743ms
[590,393s][info][gc] GC(2501) Pause Young (G1 Evacuation Pause) 237M->22M(368M) 1,794ms
[590,626s][info][gc] GC(2502) Pause Young (G1 Evacuation Pause) 237M->22M(368M) 1,148ms
[590,858s][info][gc] GC(2503) Pause Young (G1 Evacuation Pause) 236M->22M(368M) 1,025ms
[591,123s][info][gc] GC(2504) Pause Young (G1 Evacuation Pause) 237M->22M(368M) 1,818ms
[591,377s][info][gc] GC(2505) Pause Young (G1 Evacuation Pause) 237M->22M(368M) 1,852ms
[591,631s][info][gc] GC(2506) Pause Young (G1 Evacuation Pause) 237M->22M(368M) 1,807ms
[591,869s][info][gc] GC(2507) Pause Young (G1 Evacuation Pause) 237M->22M(368M) 4,164ms
[592,112s][info][gc] GC(2508) Pause Young (G1 Evacuation Pause) 236M->22M(368M) 1,452ms
[592,345s][info][gc] GC(2509) Pause Young (G1 Evacuation Pause) 237M->22M(368M) 1,451ms
[592,594s][info][gc] GC(2510) Pause Young (G1 Evacuation Pause) 237M->22M(368M) 1,063ms
[592,826s][info][gc] GC(2511) Pause Young (G1 Evacuation Pause) 237M->22M(368M) 1,260ms
[593,059s][info][gc] GC(2512) Pause Young (G1 Evacuation Pause) 237M->22M(368M) 2,323ms
[593,293s][info][gc] GC(2513) Pause Young (G1 Evacuation Pause) 236M->21M(368M) 1,969ms
[593,525s][info][gc] GC(2514) Pause Young (G1 Evacuation Pause) 236M->22M(368M) 1,342ms
[593,775s][info][gc] GC(2515) Pause Young (G1 Evacuation Pause) 237M->22M(368M) 1,825ms
[594,029s][info][gc] GC(2516) Pause Young (G1 Evacuation Pause) 237M->22M(368M) 1,820ms
[594,262s][info][gc] GC(2517) Pause Young (G1 Evacuation Pause) 237M->22M(368M) 1,208ms
[594,516s][info][gc] GC(2518) Pause Young (G1 Evacuation Pause) 237M->22M(368M) 1,700ms
[594,770s][info][gc] GC(2519) Pause Young (G1 Evacuation Pause) 236M->22M(368M) 1,665ms
[595,035s][info][gc] GC(2520) Pause Young (G1 Evacuation Pause) 237M->22M(368M) 2,279ms
[595,295s][info][gc] GC(2521) Pause Young (G1 Evacuation Pause) 237M->22M(368M) 2,308ms
[595,554s][info][gc] GC(2522) Pause Young (G1 Evacuation Pause) 237M->22M(368M) 1,881ms
[595,808s][info][gc] GC(2523) Pause Young (G1 Evacuation Pause) 237M->22M(368M) 1,756ms
[596,062s][info][gc] GC(2524) Pause Young (G1 Evacuation Pause) 236M->22M(368M) 1,555ms
[596,315s][info][gc] GC(2525) Pause Young (G1 Evacuation Pause) 237M->22M(368M) 1,641ms
[596,567s][info][gc] GC(2526) Pause Young (G1 Evacuation Pause) 237M->22M(368M) 1,210ms
[596,799s][info][gc] GC(2527) Pause Young (G1 Evacuation Pause) 237M->22M(368M) 1,103ms
[597,069s][info][gc] GC(2528) Pause Young (G1 Evacuation Pause) 237M->22M(368M) 1,729ms
[597,325s][info][gc] GC(2529) Pause Young (G1 Evacuation Pause) 236M->21M(368M) 3,370ms
[597,585s][info][gc] GC(2530) Pause Young (G1 Evacuation Pause) 236M->21M(368M) 6,303ms
[597,817s][info][gc] GC(2531) Pause Young (G1 Evacuation Pause) 236M->22M(368M) 1,079ms
[598,050s][info][gc] GC(2532) Pause Young (G1 Evacuation Pause) 237M->22M(368M) 1,764ms
[598,282s][info][gc] GC(2533) Pause Young (G1 Evacuation Pause) 237M->22M(368M) 1,313ms
[598,519s][info][gc] GC(2534) Pause Young (G1 Evacuation Pause) 237M->23M(368M) 4,183ms
[598,760s][info][gc] GC(2535) Pause Young (G1 Evacuation Pause) 237M->22M(368M) 1,430ms
[599,010s][info][gc] GC(2536) Pause Young (G1 Evacuation Pause) 237M->22M(368M) 1,685ms
[599,263s][info][gc] GC(2537) Pause Young (G1 Evacuation Pause) 237M->22M(368M) 1,805ms
[599,517s][info][gc] GC(2538) Pause Young (G1 Evacuation Pause) 237M->22M(368M) 1,736ms
[599,753s][info][gc] GC(2539) Pause Young (G1 Evacuation Pause) 237M->22M(368M) 1,321ms
[600,005s][info][gc] GC(2540) Pause Young (G1 Evacuation Pause) 236M->22M(368M) 1,679ms
[600,238s][info][gc] GC(2541) Pause Young (G1 Evacuation Pause) 237M->22M(368M) 1,230ms
[600,470s][info][gc] GC(2542) Pause Young (G1 Evacuation Pause) 237M->22M(368M) 1,168ms
[600,702s][info][gc] GC(2543) Pause Young (G1 Evacuation Pause) 237M->22M(368M) 1,159ms
[600,934s][info][gc] GC(2544) Pause Young (G1 Evacuation Pause) 237M->22M(368M) 1,309ms
[601,166s][info][gc] GC(2545) Pause Young (G1 Evacuation Pause) 236M->22M(368M) 1,177ms
[601,434s][info][gc] GC(2546) Pause Young (G1 Evacuation Pause) 237M->22M(368M) 2,457ms
[601,693s][info][gc] GC(2547) Pause Young (G1 Evacuation Pause) 237M->22M(368M) 1,910ms
[601,953s][info][gc] GC(2548) Pause Young (G1 Evacuation Pause) 237M->22M(368M) 1,709ms
[602,188s][info][gc] GC(2549) Pause Young (G1 Evacuation Pause) 237M->22M(368M) 2,716ms
[602,432s][info][gc] GC(2550) Pause Young (G1 Evacuation Pause) 236M->22M(368M) 1,867ms
[602,682s][info][gc] GC(2551) Pause Young (G1 Evacuation Pause) 237M->21M(368M) 1,888ms
[602,914s][info][gc] GC(2552) Pause Young (G1 Evacuation Pause) 236M->22M(368M) 1,216ms
[603,147s][info][gc] GC(2553) Pause Young (G1 Evacuation Pause) 237M->22M(368M) 1,238ms
[603,388s][info][gc] GC(2554) Pause Young (G1 Evacuation Pause) 237M->22M(368M) 3,927ms
[603,626s][info][gc] GC(2555) Pause Young (G1 Evacuation Pause) 236M->22M(368M) 1,409ms
[603,858s][info][gc] GC(2556) Pause Young (G1 Evacuation Pause) 237M->21M(368M) 1,142ms
[604,120s][info][gc] GC(2557) Pause Young (G1 Evacuation Pause) 236M->22M(368M) 1,617ms
[604,367s][info][gc] GC(2558) Pause Young (G1 Evacuation Pause) 237M->22M(368M) 4,016ms
[604,642s][info][gc] GC(2559) Pause Young (G1 Evacuation Pause) 237M->22M(368M) 1,837ms
[604,896s][info][gc] GC(2560) Pause Young (G1 Evacuation Pause) 236M->22M(368M) 1,643ms
[605,136s][info][gc] GC(2561) Pause Young (G1 Evacuation Pause) 237M->21M(368M) 1,779ms
[605,373s][info][gc] GC(2562) Pause Young (G1 Evacuation Pause) 236M->22M(368M) 3,951ms
[605,640s][info][gc] GC(2563) Pause Young (G1 Evacuation Pause) 237M->22M(368M) 1,645ms
[605,908s][info][gc] GC(2564) Pause Young (G1 Evacuation Pause) 237M->22M(368M) 1,867ms
[606,142s][info][gc] GC(2565) Pause Young (G1 Evacuation Pause) 237M->22M(368M) 1,557ms
[606,383s][info][gc] GC(2566) Pause Young (G1 Evacuation Pause) 236M->22M(368M) 3,870ms
[606,637s][info][gc] GC(2567) Pause Young (G1 Evacuation Pause) 237M->22M(368M) 1,733ms
[606,872s][info][gc] GC(2568) Pause Young (G1 Evacuation Pause) 237M->22M(368M) 1,562ms
[607,105s][info][gc] GC(2569) Pause Young (G1 Evacuation Pause) 237M->22M(368M) 1,560ms
[607,337s][info][gc] GC(2570) Pause Young (G1 Evacuation Pause) 237M->22M(368M) 1,166ms
[607,569s][info][gc] GC(2571) Pause Young (G1 Evacuation Pause) 236M->22M(368M) 1,264ms
[607,801s][info][gc] GC(2572) Pause Young (G1 Evacuation Pause) 237M->22M(368M) 1,216ms
[608,033s][info][gc] GC(2573) Pause Young (G1 Evacuation Pause) 237M->22M(368M) 1,211ms
[608,265s][info][gc] GC(2574) Pause Young (G1 Evacuation Pause) 237M->22M(368M) 1,258ms
[608,517s][info][gc] GC(2575) Pause Young (G1 Evacuation Pause) 237M->22M(368M) 3,643ms
[608,751s][info][gc] GC(2576) Pause Young (G1 Evacuation Pause) 237M->23M(368M) 1,459ms
[609,009s][info][gc] GC(2577) Pause Young (G1 Evacuation Pause) 237M->22M(368M) 1,686ms
[609,263s][info][gc] GC(2578) Pause Young (G1 Evacuation Pause) 237M->22M(368M) 1,836ms
[609,523s][info][gc] GC(2579) Pause Young (G1 Evacuation Pause) 237M->22M(368M) 1,693ms
[609,766s][info][gc] GC(2580) Pause Young (G1 Evacuation Pause) 237M->22M(368M) 1,260ms
[610,018s][info][gc] GC(2581) Pause Young (G1 Evacuation Pause) 237M->23M(368M) 1,921ms
[610,272s][info][gc] GC(2582) Pause Young (G1 Evacuation Pause) 237M->22M(368M) 1,650ms
[610,526s][info][gc] GC(2583) Pause Young (G1 Evacuation Pause) 237M->22M(368M) 1,761ms
[610,780s][info][gc] GC(2584) Pause Young (G1 Evacuation Pause) 237M->22M(368M) 1,753ms
[611,040s][info][gc] GC(2585) Pause Young (G1 Evacuation Pause) 237M->22M(368M) 1,727ms
[611,273s][info][gc] GC(2586) Pause Young (G1 Evacuation Pause) 237M->22M(368M) 1,352ms
[611,526s][info][gc] GC(2587) Pause Young (G1 Evacuation Pause) 236M->22M(368M) 1,595ms
[611,780s][info][gc] GC(2588) Pause Young (G1 Evacuation Pause) 237M->22M(368M) 1,748ms
[612,041s][info][gc] GC(2589) Pause Young (G1 Evacuation Pause) 237M->22M(368M) 3,419ms
[612,294s][info][gc] GC(2590) Pause Young (G1 Evacuation Pause) 237M->22M(368M) 1,865ms
[612,549s][info][gc] GC(2591) Pause Young (G1 Evacuation Pause) 237M->22M(368M) 1,123ms
[612,781s][info][gc] GC(2592) Pause Young (G1 Evacuation Pause) 236M->22M(368M) 1,197ms
[613,033s][info][gc] GC(2593) Pause Young (G1 Evacuation Pause) 237M->22M(368M) 1,640ms
[613,273s][info][gc] GC(2594) Pause Young (G1 Evacuation Pause) 237M->22M(368M) 1,852ms
[613,542s][info][gc] GC(2595) Pause Young (G1 Evacuation Pause) 237M->22M(368M) 1,893ms
[613,800s][info][gc] GC(2596) Pause Young (G1 Evacuation Pause) 237M->22M(368M) 1,741ms
[614,034s][info][gc] GC(2597) Pause Young (G1 Evacuation Pause) 237M->23M(368M) 1,473ms
[614,267s][info][gc] GC(2598) Pause Young (G1 Evacuation Pause) 237M->22M(368M) 1,372ms
[614,501s][info][gc] GC(2599) Pause Young (G1 Evacuation Pause) 237M->22M(368M) 2,722ms
[614,734s][info][gc] GC(2600) Pause Young (G1 Evacuation Pause) 237M->22M(368M) 1,571ms
[614,982s][info][gc] GC(2601) Pause Young (G1 Evacuation Pause) 237M->22M(368M) 1,816ms
[615,236s][info][gc] GC(2602) Pause Young (G1 Evacuation Pause) 237M->22M(368M) 1,767ms
[615,495s][info][gc] GC(2603) Pause Young (G1 Evacuation Pause) 236M->22M(368M) 1,692ms
[615,749s][info][gc] GC(2604) Pause Young (G1 Evacuation Pause) 237M->22M(368M) 1,800ms
[615,984s][info][gc] GC(2605) Pause Young (G1 Evacuation Pause) 237M->22M(368M) 2,638ms
[616,227s][info][gc] GC(2606) Pause Young (G1 Evacuation Pause) 237M->22M(368M) 2,260ms
[616,478s][info][gc] GC(2607) Pause Young (G1 Evacuation Pause) 237M->22M(368M) 2,481ms
[616,719s][info][gc] GC(2608) Pause Young (G1 Evacuation Pause) 236M->22M(368M) 1,061ms
[616,965s][info][gc] GC(2609) Pause Young (G1 Evacuation Pause) 237M->22M(368M) 1,506ms
[617,220s][info][gc] GC(2610) Pause Young (G1 Evacuation Pause) 237M->22M(368M) 1,689ms
[617,453s][info][gc] GC(2611) Pause Young (G1 Evacuation Pause) 237M->22M(368M) 1,234ms
[617,685s][info][gc] GC(2612) Pause Young (G1 Evacuation Pause) 237M->22M(368M) 1,294ms
[617,917s][info][gc] GC(2613) Pause Young (G1 Evacuation Pause) 236M->22M(368M) 1,194ms
[618,149s][info][gc] GC(2614) Pause Young (G1 Evacuation Pause) 237M->22M(368M) 1,067ms
[618,390s][info][gc] GC(2615) Pause Young (G1 Evacuation Pause) 237M->22M(368M) 3,840ms
[618,638s][info][gc] GC(2616) Pause Young (G1 Evacuation Pause) 237M->22M(368M) 1,466ms
[618,875s][info][gc] GC(2617) Pause Young (G1 Evacuation Pause) 237M->22M(368M) 4,190ms
[619,153s][info][gc] GC(2618) Pause Young (G1 Evacuation Pause) 236M->22M(368M) 1,768ms
[619,402s][info][gc] GC(2619) Pause Young (G1 Evacuation Pause) 237M->22M(368M) 1,458ms
[619,634s][info][gc] GC(2620) Pause Young (G1 Evacuation Pause) 237M->22M(368M) 1,234ms
[619,866s][info][gc] GC(2621) Pause Young (G1 Evacuation Pause) 237M->22M(368M) 1,227ms
[620,098s][info][gc] GC(2622) Pause Young (G1 Evacuation Pause) 237M->22M(368M) 1,274ms
[620,330s][info][gc] GC(2623) Pause Young (G1 Evacuation Pause) 237M->23M(368M) 1,304ms
[620,584s][info][gc] GC(2624) Pause Young (G1 Evacuation Pause) 237M->22M(368M) 1,024ms
[620,816s][info][gc] GC(2625) Pause Young (G1 Evacuation Pause) 237M->22M(368M) 1,048ms
[621,048s][info][gc] GC(2626) Pause Young (G1 Evacuation Pause) 237M->22M(368M) 1,192ms
[621,280s][info][gc] GC(2627) Pause Young (G1 Evacuation Pause) 237M->22M(368M) 1,274ms
[621,512s][info][gc] GC(2628) Pause Young (G1 Evacuation Pause) 237M->22M(368M) 1,219ms
[621,744s][info][gc] GC(2629) Pause Young (G1 Evacuation Pause) 236M->22M(368M) 1,185ms
[621,993s][info][gc] GC(2630) Pause Young (G1 Evacuation Pause) 237M->22M(368M) 1,756ms
[622,249s][info][gc] GC(2631) Pause Young (G1 Evacuation Pause) 237M->22M(368M) 3,177ms
[622,508s][info][gc] GC(2632) Pause Young (G1 Evacuation Pause) 237M->22M(368M) 1,786ms
[622,762s][info][gc] GC(2633) Pause Young (G1 Evacuation Pause) 237M->22M(368M) 1,828ms
[623,019s][info][gc] GC(2634) Pause Young (G1 Evacuation Pause) 236M->22M(368M) 1,659ms
[623,253s][info][gc] GC(2635) Pause Young (G1 Evacuation Pause) 237M->22M(368M) 1,203ms
[623,502s][info][gc] GC(2636) Pause Young (G1 Evacuation Pause) 237M->22M(368M) 2,082ms
[623,757s][info][gc] GC(2637) Pause Young (G1 Evacuation Pause) 237M->22M(368M) 2,074ms
[624,012s][info][gc] GC(2638) Pause Young (G1 Evacuation Pause) 237M->22M(368M) 2,120ms
[624,269s][info][gc] GC(2639) Pause Young (G1 Evacuation Pause) 237M->23M(368M) 4,124ms
[624,526s][info][gc] GC(2640) Pause Young (G1 Evacuation Pause) 237M->22M(368M) 3,150ms
[624,759s][info][gc] GC(2641) Pause Young (G1 Evacuation Pause) 237M->22M(368M) 1,360ms
[625,019s][info][gc] GC(2642) Pause Young (G1 Evacuation Pause) 237M->22M(368M) 1,652ms
[625,252s][info][gc] GC(2643) Pause Young (G1 Evacuation Pause) 237M->22M(368M) 1,401ms
[625,504s][info][gc] GC(2644) Pause Young (G1 Evacuation Pause) 237M->23M(368M) 1,712ms
[625,758s][info][gc] GC(2645) Pause Young (G1 Evacuation Pause) 237M->22M(368M) 1,589ms
[626,018s][info][gc] GC(2646) Pause Young (G1 Evacuation Pause) 237M->22M(368M) 1,776ms
[626,253s][info][gc] GC(2647) Pause Young (G1 Evacuation Pause) 237M->22M(368M) 2,670ms
[626,504s][info][gc] GC(2648) Pause Young (G1 Evacuation Pause) 237M->22M(368M) 1,903ms
[626,759s][info][gc] GC(2649) Pause Young (G1 Evacuation Pause) 237M->22M(368M) 2,387ms
[627,014s][info][gc] GC(2650) Pause Young (G1 Evacuation Pause) 236M->22M(368M) 2,154ms
[627,269s][info][gc] GC(2651) Pause Young (G1 Evacuation Pause) 237M->22M(368M) 2,099ms
[627,527s][info][gc] GC(2652) Pause Young (G1 Evacuation Pause) 237M->22M(368M) 1,847ms
[627,760s][info][gc] GC(2653) Pause Young (G1 Evacuation Pause) 237M->22M(368M) 1,146ms
[628,007s][info][gc] GC(2654) Pause Young (G1 Evacuation Pause) 237M->22M(368M) 1,292ms
[628,239s][info][gc] GC(2655) Pause Young (G1 Evacuation Pause) 236M->22M(368M) 1,140ms
[628,472s][info][gc] GC(2656) Pause Young (G1 Evacuation Pause) 237M->21M(368M) 1,945ms
[628,710s][info][gc] GC(2657) Pause Young (G1 Evacuation Pause) 236M->22M(368M) 1,221ms
[628,956s][info][gc] GC(2658) Pause Young (G1 Evacuation Pause) 237M->22M(368M) 1,686ms
[629,210s][info][gc] GC(2659) Pause Young (G1 Evacuation Pause) 237M->22M(368M) 1,901ms
[629,464s][info][gc] GC(2660) Pause Young (G1 Evacuation Pause) 237M->23M(368M) 1,185ms
[629,696s][info][gc] GC(2661) Pause Young (G1 Evacuation Pause) 237M->22M(368M) 1,182ms
[629,954s][info][gc] GC(2662) Pause Young (G1 Evacuation Pause) 237M->22M(368M) 1,387ms
[630,186s][info][gc] GC(2663) Pause Young (G1 Evacuation Pause) 237M->22M(368M) 1,258ms
[630,433s][info][gc] GC(2664) Pause Young (G1 Evacuation Pause) 237M->22M(368M) 1,439ms
[630,667s][info][gc] GC(2665) Pause Young (G1 Evacuation Pause) 237M->23M(368M) 1,707ms
[630,913s][info][gc] GC(2666) Pause Young (G1 Evacuation Pause) 237M->21M(368M) 5,413ms
[631,147s][info][gc] GC(2667) Pause Young (G1 Evacuation Pause) 236M->22M(368M) 1,363ms
[631,411s][info][gc] GC(2668) Pause Young (G1 Evacuation Pause) 237M->22M(368M) 1,844ms
[631,664s][info][gc] GC(2669) Pause Young (G1 Evacuation Pause) 237M->22M(368M) 1,651ms
[631,907s][info][gc] GC(2670) Pause Young (G1 Evacuation Pause) 237M->22M(368M) 2,451ms
[632,142s][info][gc] GC(2671) Pause Young (G1 Evacuation Pause) 236M->22M(368M) 1,405ms
[632,381s][info][gc] GC(2672) Pause Young (G1 Evacuation Pause) 237M->22M(368M) 2,527ms
[632,615s][info][gc] GC(2673) Pause Young (G1 Evacuation Pause) 237M->22M(368M) 1,222ms
[632,847s][info][gc] GC(2674) Pause Young (G1 Evacuation Pause) 237M->22M(368M) 1,376ms
[633,079s][info][gc] GC(2675) Pause Young (G1 Evacuation Pause) 237M->22M(368M) 1,312ms
[633,311s][info][gc] GC(2676) Pause Young (G1 Evacuation Pause) 236M->22M(368M) 1,159ms
[633,550s][info][gc] GC(2677) Pause Young (G1 Evacuation Pause) 237M->22M(368M) 1,532ms
[633,783s][info][gc] GC(2678) Pause Young (G1 Evacuation Pause) 237M->22M(368M) 1,563ms
[634,037s][info][gc] GC(2679) Pause Young (G1 Evacuation Pause) 237M->22M(368M) 1,794ms
[634,291s][info][gc] GC(2680) Pause Young (G1 Evacuation Pause) 237M->22M(368M) 1,881ms
[634,554s][info][gc] GC(2681) Pause Young (G1 Evacuation Pause) 236M->22M(368M) 2,255ms
[634,802s][info][gc] GC(2682) Pause Young (G1 Evacuation Pause) 237M->22M(368M) 1,044ms
[635,071s][info][gc] GC(2683) Pause Young (G1 Evacuation Pause) 237M->22M(368M) 1,750ms
[635,327s][info][gc] GC(2684) Pause Young (G1 Evacuation Pause) 237M->22M(368M) 3,425ms
[635,585s][info][gc] GC(2685) Pause Young (G1 Evacuation Pause) 237M->22M(368M) 1,728ms
[635,822s][info][gc] GC(2686) Pause Young (G1 Evacuation Pause) 237M->22M(368M) 1,297ms
[636,054s][info][gc] GC(2687) Pause Young (G1 Evacuation Pause) 236M->22M(368M) 1,062ms
[636,286s][info][gc] GC(2688) Pause Young (G1 Evacuation Pause) 237M->22M(368M) 1,100ms
[636,537s][info][gc] GC(2689) Pause Young (G1 Evacuation Pause) 237M->22M(368M) 1,082ms
[636,769s][info][gc] GC(2690) Pause Young (G1 Evacuation Pause) 237M->22M(368M) 1,258ms
[637,002s][info][gc] GC(2691) Pause Young (G1 Evacuation Pause) 237M->22M(368M) 1,871ms
[637,234s][info][gc] GC(2692) Pause Young (G1 Evacuation Pause) 236M->22M(368M) 1,172ms
[637,487s][info][gc] GC(2693) Pause Young (G1 Evacuation Pause) 237M->22M(368M) 2,266ms
[637,722s][info][gc] GC(2694) Pause Young (G1 Evacuation Pause) 237M->22M(368M) 2,662ms
[637,970s][info][gc] GC(2695) Pause Young (G1 Evacuation Pause) 237M->22M(368M) 1,847ms
[638,208s][info][gc] GC(2696) Pause Young (G1 Evacuation Pause) 237M->22M(368M) 1,202ms
[638,456s][info][gc] GC(2697) Pause Young (G1 Evacuation Pause) 236M->22M(368M) 1,813ms
[638,710s][info][gc] GC(2698) Pause Young (G1 Evacuation Pause) 237M->22M(368M) 1,797ms
[638,971s][info][gc] GC(2699) Pause Young (G1 Evacuation Pause) 237M->22M(368M) 1,694ms
[639,206s][info][gc] GC(2700) Pause Young (G1 Evacuation Pause) 237M->22M(368M) 1,383ms
[639,453s][info][gc] GC(2701) Pause Young (G1 Evacuation Pause) 237M->22M(368M) 1,945ms
[639,697s][info][gc] GC(2702) Pause Young (G1 Evacuation Pause) 236M->22M(368M) 2,114ms
[639,946s][info][gc] GC(2703) Pause Young (G1 Evacuation Pause) 237M->22M(368M) 1,344ms
[640,180s][info][gc] GC(2704) Pause Young (G1 Evacuation Pause) 237M->22M(368M) 1,473ms
[640,427s][info][gc] GC(2705) Pause Young (G1 Evacuation Pause) 237M->22M(368M) 2,438ms
[640,660s][info][gc] GC(2706) Pause Young (G1 Evacuation Pause) 237M->22M(368M) 1,103ms
[640,892s][info][gc] GC(2707) Pause Young (G1 Evacuation Pause) 236M->22M(368M) 1,006ms
[641,124s][info][gc] GC(2708) Pause Young (G1 Evacuation Pause) 237M->22M(368M) 1,222ms
[641,357s][info][gc] GC(2709) Pause Young (G1 Evacuation Pause) 237M->21M(368M) 2,219ms
[641,619s][info][gc] GC(2710) Pause Young (G1 Evacuation Pause) 236M->22M(368M) 1,116ms
[641,852s][info][gc] GC(2711) Pause Young (G1 Evacuation Pause) 237M->22M(368M) 1,524ms
[642,115s][info][gc] GC(2712) Pause Young (G1 Evacuation Pause) 237M->22M(368M) 1,881ms
[642,373s][info][gc] GC(2713) Pause Young (G1 Evacuation Pause) 236M->22M(368M) 3,937ms
[642,629s][info][gc] GC(2714) Pause Young (G1 Evacuation Pause) 237M->22M(368M) 1,786ms
[642,889s][info][gc] GC(2715) Pause Young (G1 Evacuation Pause) 237M->22M(368M) 4,050ms
[643,146s][info][gc] GC(2716) Pause Young (G1 Evacuation Pause) 237M->22M(368M) 1,120ms
[643,378s][info][gc] GC(2717) Pause Young (G1 Evacuation Pause) 237M->22M(368M) 1,135ms
[643,610s][info][gc] GC(2718) Pause Young (G1 Evacuation Pause) 236M->22M(368M) 1,170ms
[643,869s][info][gc] GC(2719) Pause Young (G1 Evacuation Pause) 237M->22M(368M) 3,701ms
[644,132s][info][gc] GC(2720) Pause Young (G1 Evacuation Pause) 237M->22M(368M) 1,770ms
[644,389s][info][gc] GC(2721) Pause Young (G1 Evacuation Pause) 237M->22M(368M) 1,754ms
[644,622s][info][gc] GC(2722) Pause Young (G1 Evacuation Pause) 237M->22M(368M) 1,257ms
[644,854s][info][gc] GC(2723) Pause Young (G1 Evacuation Pause) 236M->21M(368M) 1,043ms
[645,113s][info][gc] GC(2724) Pause Young (G1 Evacuation Pause) 236M->22M(368M) 1,728ms
[645,371s][info][gc] GC(2725) Pause Young (G1 Evacuation Pause) 237M->22M(368M) 4,043ms
[645,629s][info][gc] GC(2726) Pause Young (G1 Evacuation Pause) 237M->22M(368M) 3,282ms
[645,889s][info][gc] GC(2727) Pause Young (G1 Evacuation Pause) 237M->22M(368M) 4,134ms
[646,138s][info][gc] GC(2728) Pause Young (G1 Evacuation Pause) 237M->23M(368M) 2,394ms
[646,398s][info][gc] GC(2729) Pause Young (G1 Evacuation Pause) 237M->22M(368M) 2,263ms
[646,631s][info][gc] GC(2730) Pause Young (G1 Evacuation Pause) 237M->22M(368M) 1,065ms
[646,868s][info][gc] GC(2731) Pause Young (G1 Evacuation Pause) 237M->22M(368M) 3,945ms
[647,138s][info][gc] GC(2732) Pause Young (G1 Evacuation Pause) 237M->22M(368M) 1,909ms
[647,399s][info][gc] GC(2733) Pause Young (G1 Evacuation Pause) 237M->23M(368M) 2,466ms
[647,645s][info][gc] GC(2734) Pause Young (G1 Evacuation Pause) 237M->22M(368M) 1,127ms
[647,877s][info][gc] GC(2735) Pause Young (G1 Evacuation Pause) 237M->22M(368M) 1,238ms
[648,114s][info][gc] GC(2736) Pause Young (G1 Evacuation Pause) 237M->22M(368M) 1,180ms
[648,354s][info][gc] GC(2737) Pause Young (G1 Evacuation Pause) 237M->22M(368M) 3,248ms
[648,586s][info][gc] GC(2738) Pause Young (G1 Evacuation Pause) 236M->21M(368M) 1,133ms
[648,818s][info][gc] GC(2739) Pause Young (G1 Evacuation Pause) 236M->22M(368M) 1,280ms
[649,050s][info][gc] GC(2740) Pause Young (G1 Evacuation Pause) 237M->22M(368M) 1,279ms
[649,282s][info][gc] GC(2741) Pause Young (G1 Evacuation Pause) 237M->22M(368M) 1,249ms
[649,514s][info][gc] GC(2742) Pause Young (G1 Evacuation Pause) 237M->22M(368M) 1,181ms
[649,770s][info][gc] GC(2743) Pause Young (G1 Evacuation Pause) 237M->22M(368M) 2,210ms
[650,030s][info][gc] GC(2744) Pause Young (G1 Evacuation Pause) 236M->22M(368M) 1,736ms
[650,284s][info][gc] GC(2745) Pause Young (G1 Evacuation Pause) 237M->22M(368M) 1,710ms
[650,545s][info][gc] GC(2746) Pause Young (G1 Evacuation Pause) 237M->22M(368M) 1,716ms
[650,802s][info][gc] GC(2747) Pause Young (G1 Evacuation Pause) 237M->22M(368M) 1,729ms
[651,056s][info][gc] GC(2748) Pause Young (G1 Evacuation Pause) 237M->22M(368M) 1,896ms
[651,310s][info][gc] GC(2749) Pause Young (G1 Evacuation Pause) 237M->23M(368M) 1,933ms
[651,564s][info][gc] GC(2750) Pause Young (G1 Evacuation Pause) 237M->22M(368M) 1,674ms
[651,806s][info][gc] GC(2751) Pause Young (G1 Evacuation Pause) 237M->22M(368M) 2,719ms
[652,039s][info][gc] GC(2752) Pause Young (G1 Evacuation Pause) 237M->22M(368M) 1,375ms
[652,272s][info][gc] GC(2753) Pause Young (G1 Evacuation Pause) 237M->22M(368M) 1,553ms
[652,525s][info][gc] GC(2754) Pause Young (G1 Evacuation Pause) 237M->22M(368M) 3,056ms
[652,757s][info][gc] GC(2755) Pause Young (G1 Evacuation Pause) 236M->22M(368M) 1,017ms
[652,989s][info][gc] GC(2756) Pause Young (G1 Evacuation Pause) 237M->22M(368M) 1,249ms
[653,232s][info][gc] GC(2757) Pause Young (G1 Evacuation Pause) 237M->22M(368M) 2,322ms
[653,479s][info][gc] GC(2758) Pause Young (G1 Evacuation Pause) 237M->22M(368M) 1,236ms
[653,711s][info][gc] GC(2759) Pause Young (G1 Evacuation Pause) 237M->22M(368M) 1,126ms
[653,957s][info][gc] GC(2760) Pause Young (G1 Evacuation Pause) 236M->22M(368M) 1,703ms
[654,196s][info][gc] GC(2761) Pause Young (G1 Evacuation Pause) 237M->22M(368M) 1,154ms
[654,429s][info][gc] GC(2762) Pause Young (G1 Evacuation Pause) 237M->22M(368M) 1,479ms
[654,662s][info][gc] GC(2763) Pause Young (G1 Evacuation Pause) 237M->22M(368M) 1,387ms
[654,906s][info][gc] GC(2764) Pause Young (G1 Evacuation Pause) 237M->22M(368M) 1,869ms
[655,150s][info][gc] GC(2765) Pause Young (G1 Evacuation Pause) 236M->22M(368M) 1,221ms
[655,390s][info][gc] GC(2766) Pause Young (G1 Evacuation Pause) 237M->22M(368M) 3,354ms
[655,646s][info][gc] GC(2767) Pause Young (G1 Evacuation Pause) 237M->22M(368M) 1,742ms
[655,910s][info][gc] GC(2768) Pause Young (G1 Evacuation Pause) 237M->22M(368M) 3,829ms
[656,168s][info][gc] GC(2769) Pause Young (G1 Evacuation Pause) 237M->22M(368M) 1,964ms
[656,422s][info][gc] GC(2770) Pause Young (G1 Evacuation Pause) 236M->22M(368M) 1,640ms
[656,658s][info][gc] GC(2771) Pause Young (G1 Evacuation Pause) 237M->22M(368M) 1,041ms
[656,890s][info][gc] GC(2772) Pause Young (G1 Evacuation Pause) 237M->22M(368M) 1,214ms
[657,122s][info][gc] GC(2773) Pause Young (G1 Evacuation Pause) 237M->22M(368M) 1,264ms
[657,354s][info][gc] GC(2774) Pause Young (G1 Evacuation Pause) 237M->22M(368M) 1,122ms
[657,586s][info][gc] GC(2775) Pause Young (G1 Evacuation Pause) 237M->23M(368M) 1,128ms
[657,824s][info][gc] GC(2776) Pause Young (G1 Evacuation Pause) 237M->22M(368M) 1,424ms
[658,083s][info][gc] GC(2777) Pause Young (G1 Evacuation Pause) 237M->22M(368M) 1,689ms
[658,315s][info][gc] GC(2778) Pause Young (G1 Evacuation Pause) 237M->22M(368M) 1,367ms
[658,571s][info][gc] GC(2779) Pause Young (G1 Evacuation Pause) 237M->22M(368M) 1,875ms
[658,804s][info][gc] GC(2780) Pause Young (G1 Evacuation Pause) 237M->22M(368M) 1,271ms
[659,037s][info][gc] GC(2781) Pause Young (G1 Evacuation Pause) 236M->22M(368M) 1,274ms
[659,270s][info][gc] GC(2782) Pause Young (G1 Evacuation Pause) 237M->22M(368M) 1,288ms
[659,525s][info][gc] GC(2783) Pause Young (G1 Evacuation Pause) 237M->22M(368M) 3,160ms
[659,762s][info][gc] GC(2784) Pause Young (G1 Evacuation Pause) 237M->22M(368M) 1,117ms
[659,994s][info][gc] GC(2785) Pause Young (G1 Evacuation Pause) 237M->22M(368M) 1,215ms
[660,227s][info][gc] GC(2786) Pause Young (G1 Evacuation Pause) 237M->23M(368M) 1,410ms
[660,492s][info][gc] GC(2787) Pause Young (G1 Evacuation Pause) 237M->22M(368M) 2,352ms
[660,727s][info][gc] GC(2788) Pause Young (G1 Evacuation Pause) 237M->22M(368M) 1,197ms
[660,959s][info][gc] GC(2789) Pause Young (G1 Evacuation Pause) 237M->22M(368M) 1,095ms
[661,191s][info][gc] GC(2790) Pause Young (G1 Evacuation Pause) 237M->22M(368M) 1,372ms
[661,438s][info][gc] GC(2791) Pause Young (G1 Evacuation Pause) 236M->22M(368M) 2,350ms
[661,692s][info][gc] GC(2792) Pause Young (G1 Evacuation Pause) 237M->22M(368M) 1,710ms
[661,951s][info][gc] GC(2793) Pause Young (G1 Evacuation Pause) 237M->22M(368M) 1,762ms
[662,205s][info][gc] GC(2794) Pause Young (G1 Evacuation Pause) 237M->22M(368M) 1,800ms
[662,459s][info][gc] GC(2795) Pause Young (G1 Evacuation Pause) 237M->22M(368M) 1,832ms
[662,713s][info][gc] GC(2796) Pause Young (G1 Evacuation Pause) 237M->23M(368M) 1,726ms
[662,970s][info][gc] GC(2797) Pause Young (G1 Evacuation Pause) 237M->22M(368M) 1,813ms
[663,204s][info][gc] GC(2798) Pause Young (G1 Evacuation Pause) 237M->22M(368M) 1,188ms
[663,436s][info][gc] GC(2799) Pause Young (G1 Evacuation Pause) 237M->22M(368M) 1,257ms
[663,668s][info][gc] GC(2800) Pause Young (G1 Evacuation Pause) 237M->22M(368M) 1,355ms
[663,911s][info][gc] GC(2801) Pause Young (G1 Evacuation Pause) 237M->22M(368M) 2,022ms
[664,164s][info][gc] GC(2802) Pause Young (G1 Evacuation Pause) 236M->22M(368M) 1,709ms
[664,425s][info][gc] GC(2803) Pause Young (G1 Evacuation Pause) 237M->22M(368M) 2,139ms
[664,663s][info][gc] GC(2804) Pause Young (G1 Evacuation Pause) 237M->22M(368M) 1,082ms
[664,896s][info][gc] GC(2805) Pause Young (G1 Evacuation Pause) 237M->22M(368M) 1,936ms
[665,129s][info][gc] GC(2806) Pause Young (G1 Evacuation Pause) 236M->21M(368M) 1,724ms
[665,361s][info][gc] GC(2807) Pause Young (G1 Evacuation Pause) 236M->22M(368M) 1,025ms
[665,622s][info][gc] GC(2808) Pause Young (G1 Evacuation Pause) 237M->22M(368M) 1,834ms
[665,876s][info][gc] GC(2809) Pause Young (G1 Evacuation Pause) 237M->22M(368M) 1,714ms
[666,130s][info][gc] GC(2810) Pause Young (G1 Evacuation Pause) 237M->22M(368M) 1,867ms
[666,368s][info][gc] GC(2811) Pause Young (G1 Evacuation Pause) 237M->22M(368M) 4,114ms
[666,640s][info][gc] GC(2812) Pause Young (G1 Evacuation Pause) 236M->21M(368M) 3,011ms
[666,880s][info][gc] GC(2813) Pause Young (G1 Evacuation Pause) 236M->22M(368M) 3,377ms
[667,135s][info][gc] GC(2814) Pause Young (G1 Evacuation Pause) 237M->22M(368M) 1,807ms
[667,373s][info][gc] GC(2815) Pause Young (G1 Evacuation Pause) 237M->22M(368M) 3,913ms
[667,631s][info][gc] GC(2816) Pause Young (G1 Evacuation Pause) 237M->22M(368M) 1,826ms
[667,885s][info][gc] GC(2817) Pause Young (G1 Evacuation Pause) 237M->23M(368M) 1,789ms
[668,131s][info][gc] GC(2818) Pause Young (G1 Evacuation Pause) 237M->22M(368M) 1,039ms
[668,368s][info][gc] GC(2819) Pause Young (G1 Evacuation Pause) 237M->22M(368M) 4,042ms
[668,629s][info][gc] GC(2820) Pause Young (G1 Evacuation Pause) 237M->22M(368M) 1,232ms
[668,866s][info][gc] GC(2821) Pause Young (G1 Evacuation Pause) 237M->22M(368M) 3,889ms
[669,126s][info][gc] GC(2822) Pause Young (G1 Evacuation Pause) 237M->22M(368M) 1,952ms
[669,385s][info][gc] GC(2823) Pause Young (G1 Evacuation Pause) 236M->22M(368M) 3,340ms
[669,635s][info][gc] GC(2824) Pause Young (G1 Evacuation Pause) 237M->22M(368M) 1,124ms
[669,872s][info][gc] GC(2825) Pause Young (G1 Evacuation Pause) 237M->22M(368M) 4,140ms
[670,138s][info][gc] GC(2826) Pause Young (G1 Evacuation Pause) 237M->22M(368M) 1,707ms
[670,380s][info][gc] GC(2827) Pause Young (G1 Evacuation Pause) 237M->22M(368M) 3,665ms
[670,637s][info][gc] GC(2828) Pause Young (G1 Evacuation Pause) 236M->21M(368M) 3,324ms
[670,869s][info][gc] GC(2829) Pause Young (G1 Evacuation Pause) 236M->22M(368M) 1,043ms
[671,102s][info][gc] GC(2830) Pause Young (G1 Evacuation Pause) 237M->21M(368M) 2,000ms
[671,334s][info][gc] GC(2831) Pause Young (G1 Evacuation Pause) 236M->22M(368M) 1,212ms
[671,600s][info][gc] GC(2832) Pause Young (G1 Evacuation Pause) 237M->22M(368M) 1,926ms
[671,856s][info][gc] GC(2833) Pause Young (G1 Evacuation Pause) 237M->22M(368M) 3,571ms
[672,089s][info][gc] GC(2834) Pause Young (G1 Evacuation Pause) 236M->22M(368M) 1,173ms
[672,321s][info][gc] GC(2835) Pause Young (G1 Evacuation Pause) 237M->22M(368M) 1,189ms
[672,560s][info][gc] GC(2836) Pause Young (G1 Evacuation Pause) 237M->22M(368M) 1,127ms
[672,792s][info][gc] GC(2837) Pause Young (G1 Evacuation Pause) 237M->22M(368M) 1,253ms
[673,036s][info][gc] GC(2838) Pause Young (G1 Evacuation Pause) 237M->23M(368M) 1,633ms
[673,268s][info][gc] GC(2839) Pause Young (G1 Evacuation Pause) 237M->22M(368M) 1,211ms
[673,521s][info][gc] GC(2840) Pause Young (G1 Evacuation Pause) 237M->22M(368M) 1,728ms
[673,755s][info][gc] GC(2841) Pause Young (G1 Evacuation Pause) 237M->22M(368M) 1,360ms
[674,005s][info][gc] GC(2842) Pause Young (G1 Evacuation Pause) 237M->22M(368M) 1,843ms
[674,259s][info][gc] GC(2843) Pause Young (G1 Evacuation Pause) 237M->22M(368M) 1,849ms
[674,509s][info][gc] GC(2844) Pause Young (G1 Evacuation Pause) 236M->22M(368M) 1,381ms
[674,771s][info][gc] GC(2845) Pause Young (G1 Evacuation Pause) 237M->22M(368M) 1,757ms
[675,006s][info][gc] GC(2846) Pause Young (G1 Evacuation Pause) 237M->22M(368M) 1,529ms
[675,239s][info][gc] GC(2847) Pause Young (G1 Evacuation Pause) 237M->22M(368M) 1,582ms
[675,499s][info][gc] GC(2848) Pause Young (G1 Evacuation Pause) 237M->22M(368M) 1,998ms
[675,752s][info][gc] GC(2849) Pause Young (G1 Evacuation Pause) 236M->22M(368M) 1,762ms
[676,011s][info][gc] GC(2850) Pause Young (G1 Evacuation Pause) 237M->22M(368M) 1,748ms
[676,244s][info][gc] GC(2851) Pause Young (G1 Evacuation Pause) 237M->22M(368M) 1,275ms
[676,493s][info][gc] GC(2852) Pause Young (G1 Evacuation Pause) 237M->22M(368M) 1,353ms
[676,726s][info][gc] GC(2853) Pause Young (G1 Evacuation Pause) 237M->22M(368M) 1,358ms
[676,969s][info][gc] GC(2854) Pause Young (G1 Evacuation Pause) 236M->22M(368M) 1,678ms
[677,202s][info][gc] GC(2855) Pause Young (G1 Evacuation Pause) 237M->22M(368M) 1,206ms
[677,450s][info][gc] GC(2856) Pause Young (G1 Evacuation Pause) 237M->22M(368M) 2,384ms
[677,706s][info][gc] GC(2857) Pause Young (G1 Evacuation Pause) 237M->22M(368M) 1,235ms
[677,939s][info][gc] GC(2858) Pause Young (G1 Evacuation Pause) 237M->22M(368M) 1,434ms
[678,171s][info][gc] GC(2859) Pause Young (G1 Evacuation Pause) 237M->23M(368M) 1,172ms
[678,413s][info][gc] GC(2860) Pause Young (G1 Evacuation Pause) 237M->22M(368M) 1,670ms
[678,647s][info][gc] GC(2861) Pause Young (G1 Evacuation Pause) 237M->22M(368M) 1,358ms
[678,886s][info][gc] GC(2862) Pause Young (G1 Evacuation Pause) 237M->22M(368M) 2,598ms
[679,122s][info][gc] GC(2863) Pause Young (G1 Evacuation Pause) 237M->22M(368M) 2,779ms
[679,354s][info][gc] GC(2864) Pause Young (G1 Evacuation Pause) 236M->21M(368M) 1,285ms
[679,587s][info][gc] GC(2865) Pause Young (G1 Evacuation Pause) 236M->22M(368M) 1,336ms
[679,820s][info][gc] GC(2866) Pause Young (G1 Evacuation Pause) 237M->22M(368M) 1,297ms
[680,085s][info][gc] GC(2867) Pause Young (G1 Evacuation Pause) 237M->22M(368M) 1,749ms
[680,339s][info][gc] GC(2868) Pause Young (G1 Evacuation Pause) 237M->22M(368M) 1,700ms
[680,600s][info][gc] GC(2869) Pause Young (G1 Evacuation Pause) 237M->22M(368M) 1,126ms
[680,832s][info][gc] GC(2870) Pause Young (G1 Evacuation Pause) 236M->22M(368M) 1,151ms
[681,064s][info][gc] GC(2871) Pause Young (G1 Evacuation Pause) 237M->22M(368M) 1,047ms
[681,296s][info][gc] GC(2872) Pause Young (G1 Evacuation Pause) 237M->22M(368M) 1,170ms
[681,542s][info][gc] GC(2873) Pause Young (G1 Evacuation Pause) 237M->22M(368M) 1,607ms
[681,775s][info][gc] GC(2874) Pause Young (G1 Evacuation Pause) 237M->22M(368M) 1,416ms
[682,032s][info][gc] GC(2875) Pause Young (G1 Evacuation Pause) 236M->22M(368M) 1,799ms
[682,286s][info][gc] GC(2876) Pause Young (G1 Evacuation Pause) 237M->22M(368M) 1,740ms
[682,532s][info][gc] GC(2877) Pause Young (G1 Evacuation Pause) 237M->22M(368M) 1,123ms
[682,777s][info][gc] GC(2878) Pause Young (G1 Evacuation Pause) 237M->22M(368M) 1,508ms
[683,030s][info][gc] GC(2879) Pause Young (G1 Evacuation Pause) 237M->22M(368M) 1,912ms
[683,264s][info][gc] GC(2880) Pause Young (G1 Evacuation Pause) 237M->23M(368M) 1,150ms
[683,517s][info][gc] GC(2881) Pause Young (G1 Evacuation Pause) 237M->22M(368M) 2,124ms
[683,772s][info][gc] GC(2882) Pause Young (G1 Evacuation Pause) 237M->22M(368M) 2,030ms
[684,032s][info][gc] GC(2883) Pause Young (G1 Evacuation Pause) 237M->22M(368M) 1,678ms
[684,286s][info][gc] GC(2884) Pause Young (G1 Evacuation Pause) 237M->22M(368M) 1,804ms
[684,540s][info][gc] GC(2885) Pause Young (G1 Evacuation Pause) 237M->23M(368M) 1,205ms
[684,772s][info][gc] GC(2886) Pause Young (G1 Evacuation Pause) 237M->22M(368M) 1,162ms
[685,028s][info][gc] GC(2887) Pause Young (G1 Evacuation Pause) 237M->22M(368M) 1,661ms
[685,264s][info][gc] GC(2888) Pause Young (G1 Evacuation Pause) 237M->22M(368M) 1,960ms
[685,518s][info][gc] GC(2889) Pause Young (G1 Evacuation Pause) 237M->22M(368M) 1,932ms
[685,773s][info][gc] GC(2890) Pause Young (G1 Evacuation Pause) 237M->22M(368M) 1,881ms
[686,031s][info][gc] GC(2891) Pause Young (G1 Evacuation Pause) 236M->22M(368M) 1,800ms
[686,285s][info][gc] GC(2892) Pause Young (G1 Evacuation Pause) 237M->22M(368M) 1,808ms
[686,548s][info][gc] GC(2893) Pause Young (G1 Evacuation Pause) 237M->22M(368M) 1,788ms
[686,781s][info][gc] GC(2894) Pause Young (G1 Evacuation Pause) 237M->22M(368M) 1,087ms
[687,013s][info][gc] GC(2895) Pause Young (G1 Evacuation Pause) 237M->22M(368M) 1,292ms
[687,245s][info][gc] GC(2896) Pause Young (G1 Evacuation Pause) 236M->22M(368M) 1,072ms
[687,495s][info][gc] GC(2897) Pause Young (G1 Evacuation Pause) 237M->22M(368M) 2,574ms
[687,758s][info][gc] GC(2898) Pause Young (G1 Evacuation Pause) 237M->22M(368M) 2,318ms
[688,021s][info][gc] GC(2899) Pause Young (G1 Evacuation Pause) 237M->22M(368M) 2,432ms
[688,255s][info][gc] GC(2900) Pause Young (G1 Evacuation Pause) 237M->22M(368M) 1,128ms
[688,512s][info][gc] GC(2901) Pause Young (G1 Evacuation Pause) 237M->22M(368M) 2,033ms
[688,744s][info][gc] GC(2902) Pause Young (G1 Evacuation Pause) 236M->22M(368M) 1,185ms
[688,976s][info][gc] GC(2903) Pause Young (G1 Evacuation Pause) 237M->22M(368M) 1,257ms
[689,209s][info][gc] GC(2904) Pause Young (G1 Evacuation Pause) 237M->22M(368M) 2,008ms
[689,456s][info][gc] GC(2905) Pause Young (G1 Evacuation Pause) 237M->22M(368M) 1,792ms
[689,699s][info][gc] GC(2906) Pause Young (G1 Evacuation Pause) 237M->23M(368M) 1,161ms
[689,944s][info][gc] GC(2907) Pause Young (G1 Evacuation Pause) 237M->22M(368M) 1,652ms
[690,215s][info][gc] GC(2908) Pause Young (G1 Evacuation Pause) 237M->22M(368M) 1,740ms
[690,465s][info][gc] GC(2909) Pause Young (G1 Evacuation Pause) 237M->22M(368M) 1,095ms
[690,708s][info][gc] GC(2910) Pause Young (G1 Evacuation Pause) 237M->22M(368M) 1,755ms
[690,962s][info][gc] GC(2911) Pause Young (G1 Evacuation Pause) 237M->23M(368M) 1,950ms
[691,216s][info][gc] GC(2912) Pause Young (G1 Evacuation Pause) 237M->22M(368M) 1,804ms
[691,478s][info][gc] GC(2913) Pause Young (G1 Evacuation Pause) 237M->22M(368M) 1,696ms
[691,732s][info][gc] GC(2914) Pause Young (G1 Evacuation Pause) 237M->22M(368M) 1,781ms
[691,990s][info][gc] GC(2915) Pause Young (G1 Evacuation Pause) 237M->22M(368M) 1,803ms
[692,244s][info][gc] GC(2916) Pause Young (G1 Evacuation Pause) 237M->22M(368M) 1,744ms
[692,510s][info][gc] GC(2917) Pause Young (G1 Evacuation Pause) 237M->23M(368M) 8,454ms
[692,742s][info][gc] GC(2918) Pause Young (G1 Evacuation Pause) 237M->22M(368M) 1,173ms
[692,991s][info][gc] GC(2919) Pause Young (G1 Evacuation Pause) 237M->22M(368M) 1,973ms
[693,226s][info][gc] GC(2920) Pause Young (G1 Evacuation Pause) 237M->22M(368M) 1,286ms
[693,463s][info][gc] GC(2921) Pause Young (G1 Evacuation Pause) 237M->22M(368M) 1,249ms
[693,695s][info][gc] GC(2922) Pause Young (G1 Evacuation Pause) 237M->23M(368M) 1,290ms
[693,927s][info][gc] GC(2923) Pause Young (G1 Evacuation Pause) 237M->22M(368M) 1,215ms
[694,160s][info][gc] GC(2924) Pause Young (G1 Evacuation Pause) 237M->22M(368M) 1,800ms
[694,400s][info][gc] GC(2925) Pause Young (G1 Evacuation Pause) 237M->22M(368M) 3,312ms
[694,633s][info][gc] GC(2926) Pause Young (G1 Evacuation Pause) 237M->22M(368M) 1,278ms
[694,896s][info][gc] GC(2927) Pause Young (G1 Evacuation Pause) 237M->22M(368M) 2,477ms
[695,135s][info][gc] GC(2928) Pause Young (G1 Evacuation Pause) 236M->22M(368M) 1,026ms
[695,372s][info][gc] GC(2929) Pause Young (G1 Evacuation Pause) 237M->22M(368M) 3,871ms
[695,639s][info][gc] GC(2930) Pause Young (G1 Evacuation Pause) 237M->22M(368M) 1,886ms
[695,896s][info][gc] GC(2931) Pause Young (G1 Evacuation Pause) 237M->22M(368M) 1,800ms
[696,150s][info][gc] GC(2932) Pause Young (G1 Evacuation Pause) 236M->21M(368M) 1,559ms
[696,411s][info][gc] GC(2933) Pause Young (G1 Evacuation Pause) 236M->22M(368M) 2,284ms
[696,645s][info][gc] GC(2934) Pause Young (G1 Evacuation Pause) 237M->22M(368M) 1,037ms
[696,885s][info][gc] GC(2935) Pause Young (G1 Evacuation Pause) 237M->22M(368M) 3,171ms
[697,119s][info][gc] GC(2936) Pause Young (G1 Evacuation Pause) 237M->22M(368M) 1,380ms
[697,351s][info][gc] GC(2937) Pause Young (G1 Evacuation Pause) 237M->22M(368M) 1,315ms
[697,623s][info][gc] GC(2938) Pause Young (G1 Evacuation Pause) 237M->22M(368M) 3,372ms
[697,856s][info][gc] GC(2939) Pause Young (G1 Evacuation Pause) 236M->22M(368M) 1,633ms
[698,088s][info][gc] GC(2940) Pause Young (G1 Evacuation Pause) 237M->22M(368M) 1,335ms
[698,320s][info][gc] GC(2941) Pause Young (G1 Evacuation Pause) 237M->22M(368M) 1,121ms
[698,552s][info][gc] GC(2942) Pause Young (G1 Evacuation Pause) 237M->22M(368M) 1,320ms
[698,784s][info][gc] GC(2943) Pause Young (G1 Evacuation Pause) 236M->22M(368M) 1,083ms
[699,037s][info][gc] GC(2944) Pause Young (G1 Evacuation Pause) 237M->22M(368M) 1,226ms
[699,269s][info][gc] GC(2945) Pause Young (G1 Evacuation Pause) 237M->22M(368M) 1,248ms
[699,502s][info][gc] GC(2946) Pause Young (G1 Evacuation Pause) 237M->22M(368M) 1,671ms
[699,734s][info][gc] GC(2947) Pause Young (G1 Evacuation Pause) 237M->22M(368M) 1,145ms
[699,983s][info][gc] GC(2948) Pause Young (G1 Evacuation Pause) 236M->22M(368M) 1,691ms
[700,237s][info][gc] GC(2949) Pause Young (G1 Evacuation Pause) 237M->22M(368M) 1,584ms
[700,500s][info][gc] GC(2950) Pause Young (G1 Evacuation Pause) 237M->22M(368M) 1,835ms
[700,739s][info][gc] GC(2951) Pause Young (G1 Evacuation Pause) 237M->22M(368M) 1,958ms
[700,998s][info][gc] GC(2952) Pause Young (G1 Evacuation Pause) 237M->22M(368M) 1,878ms
[701,251s][info][gc] GC(2953) Pause Young (G1 Evacuation Pause) 237M->22M(368M) 1,131ms
[701,500s][info][gc] GC(2954) Pause Young (G1 Evacuation Pause) 236M->22M(368M) 1,384ms
[701,734s][info][gc] GC(2955) Pause Young (G1 Evacuation Pause) 237M->22M(368M) 2,777ms
[701,981s][info][gc] GC(2956) Pause Young (G1 Evacuation Pause) 237M->22M(368M) 1,774ms
[702,237s][info][gc] GC(2957) Pause Young (G1 Evacuation Pause) 237M->22M(368M) 3,385ms
[702,496s][info][gc] GC(2958) Pause Young (G1 Evacuation Pause) 237M->22M(368M) 1,748ms
[702,750s][info][gc] GC(2959) Pause Young (G1 Evacuation Pause) 236M->22M(368M) 1,817ms
[703,007s][info][gc] GC(2960) Pause Young (G1 Evacuation Pause) 237M->22M(368M) 1,667ms
[703,245s][info][gc] GC(2961) Pause Young (G1 Evacuation Pause) 237M->22M(368M) 1,293ms
[703,493s][info][gc] GC(2962) Pause Young (G1 Evacuation Pause) 237M->22M(368M) 1,775ms
[703,733s][info][gc] GC(2963) Pause Young (G1 Evacuation Pause) 237M->22M(368M) 1,264ms
[703,974s][info][gc] GC(2964) Pause Young (G1 Evacuation Pause) 236M->22M(368M) 1,345ms
[704,207s][info][gc] GC(2965) Pause Young (G1 Evacuation Pause) 237M->22M(368M) 1,451ms
[704,440s][info][gc] GC(2966) Pause Young (G1 Evacuation Pause) 237M->22M(368M) 1,476ms
[704,672s][info][gc] GC(2967) Pause Young (G1 Evacuation Pause) 237M->22M(368M) 1,210ms
[704,915s][info][gc] GC(2968) Pause Young (G1 Evacuation Pause) 237M->22M(368M) 2,162ms
[705,172s][info][gc] GC(2969) Pause Young (G1 Evacuation Pause) 237M->23M(368M) 1,854ms
[705,430s][info][gc] GC(2970) Pause Young (G1 Evacuation Pause) 237M->22M(368M) 1,802ms
[705,684s][info][gc] GC(2971) Pause Young (G1 Evacuation Pause) 237M->22M(368M) 1,666ms
[705,942s][info][gc] GC(2972) Pause Young (G1 Evacuation Pause) 237M->22M(368M) 1,766ms
[706,177s][info][gc] GC(2973) Pause Young (G1 Evacuation Pause) 237M->22M(368M) 1,232ms
[706,422s][info][gc] GC(2974) Pause Young (G1 Evacuation Pause) 237M->22M(368M) 2,451ms
[706,677s][info][gc] GC(2975) Pause Young (G1 Evacuation Pause) 236M->21M(368M) 2,304ms
[706,925s][info][gc] GC(2976) Pause Young (G1 Evacuation Pause) 236M->22M(368M) 2,019ms
[707,178s][info][gc] GC(2977) Pause Young (G1 Evacuation Pause) 237M->22M(368M) 1,818ms
[707,432s][info][gc] GC(2978) Pause Young (G1 Evacuation Pause) 237M->22M(368M) 1,672ms
[707,686s][info][gc] GC(2979) Pause Young (G1 Evacuation Pause) 237M->22M(368M) 1,775ms
[707,945s][info][gc] GC(2980) Pause Young (G1 Evacuation Pause) 236M->22M(368M) 1,662ms
[708,186s][info][gc] GC(2981) Pause Young (G1 Evacuation Pause) 237M->22M(368M) 1,229ms
[708,433s][info][gc] GC(2982) Pause Young (G1 Evacuation Pause) 237M->22M(368M) 1,810ms
[708,669s][info][gc] GC(2983) Pause Young (G1 Evacuation Pause) 237M->22M(368M) 1,262ms
[708,901s][info][gc] GC(2984) Pause Young (G1 Evacuation Pause) 237M->22M(368M) 1,204ms
[709,133s][info][gc] GC(2985) Pause Young (G1 Evacuation Pause) 237M->23M(368M) 1,303ms
[709,365s][info][gc] GC(2986) Pause Young (G1 Evacuation Pause) 237M->22M(368M) 1,151ms
[709,598s][info][gc] GC(2987) Pause Young (G1 Evacuation Pause) 237M->22M(368M) 1,363ms
[709,853s][info][gc] GC(2988) Pause Young (G1 Evacuation Pause) 237M->22M(368M) 2,054ms
[710,108s][info][gc] GC(2989) Pause Young (G1 Evacuation Pause) 237M->22M(368M) 3,036ms
[710,341s][info][gc] GC(2990) Pause Young (G1 Evacuation Pause) 237M->23M(368M) 1,157ms
[710,602s][info][gc] GC(2991) Pause Young (G1 Evacuation Pause) 237M->22M(368M) 1,322ms
[710,836s][info][gc] GC(2992) Pause Young (G1 Evacuation Pause) 237M->22M(368M) 2,751ms
[711,085s][info][gc] GC(2993) Pause Young (G1 Evacuation Pause) 237M->22M(368M) 1,265ms
[711,317s][info][gc] GC(2994) Pause Young (G1 Evacuation Pause) 237M->22M(368M) 1,347ms
[711,585s][info][gc] GC(2995) Pause Young (G1 Evacuation Pause) 237M->23M(368M) 2,487ms
[711,844s][info][gc] GC(2996) Pause Young (G1 Evacuation Pause) 237M->22M(368M) 2,114ms
[712,104s][info][gc] GC(2997) Pause Young (G1 Evacuation Pause) 237M->22M(368M) 1,786ms
[712,358s][info][gc] GC(2998) Pause Young (G1 Evacuation Pause) 237M->22M(368M) 1,640ms
[712,601s][info][gc] GC(2999) Pause Young (G1 Evacuation Pause) 237M->22M(368M) 1,089ms
[712,833s][info][gc] GC(3000) Pause Young (G1 Evacuation Pause) 236M->21M(368M) 1,133ms
[713,065s][info][gc] GC(3001) Pause Young (G1 Evacuation Pause) 236M->22M(368M) 1,158ms
[713,311s][info][gc] GC(3002) Pause Young (G1 Evacuation Pause) 237M->22M(368M) 1,731ms
[713,565s][info][gc] GC(3003) Pause Young (G1 Evacuation Pause) 237M->22M(368M) 1,898ms
[713,824s][info][gc] GC(3004) Pause Young (G1 Evacuation Pause) 237M->22M(368M) 1,642ms
[714,084s][info][gc] GC(3005) Pause Young (G1 Evacuation Pause) 237M->22M(368M) 2,339ms
[714,338s][info][gc] GC(3006) Pause Young (G1 Evacuation Pause) 236M->22M(368M) 1,596ms
[714,598s][info][gc] GC(3007) Pause Young (G1 Evacuation Pause) 237M->21M(368M) 1,696ms
[714,853s][info][gc] GC(3008) Pause Young (G1 Evacuation Pause) 236M->22M(368M) 2,114ms
[715,085s][info][gc] GC(3009) Pause Young (G1 Evacuation Pause) 237M->22M(368M) 1,278ms
[715,345s][info][gc] GC(3010) Pause Young (G1 Evacuation Pause) 237M->22M(368M) 1,767ms
[715,579s][info][gc] GC(3011) Pause Young (G1 Evacuation Pause) 237M->23M(368M) 1,547ms
[715,811s][info][gc] GC(3012) Pause Young (G1 Evacuation Pause) 237M->22M(368M) 1,240ms
[716,047s][info][gc] GC(3013) Pause Young (G1 Evacuation Pause) 237M->22M(368M) 1,189ms
[716,279s][info][gc] GC(3014) Pause Young (G1 Evacuation Pause) 237M->22M(368M) 1,190ms
[716,531s][info][gc] GC(3015) Pause Young (G1 Evacuation Pause) 237M->22M(368M) 1,293ms
[716,765s][info][gc] GC(3016) Pause Young (G1 Evacuation Pause) 237M->22M(368M) 1,434ms
[717,038s][info][gc] GC(3017) Pause Young (G1 Evacuation Pause) 236M->22M(368M) 1,603ms
[717,293s][info][gc] GC(3018) Pause Young (G1 Evacuation Pause) 237M->22M(368M) 2,067ms
[717,548s][info][gc] GC(3019) Pause Young (G1 Evacuation Pause) 237M->22M(368M) 2,220ms
[717,811s][info][gc] GC(3020) Pause Young (G1 Evacuation Pause) 237M->22M(368M) 1,892ms
[718,066s][info][gc] GC(3021) Pause Young (G1 Evacuation Pause) 237M->22M(368M) 2,680ms
[718,298s][info][gc] GC(3022) Pause Young (G1 Evacuation Pause) 236M->22M(368M) 1,167ms
[718,553s][info][gc] GC(3023) Pause Young (G1 Evacuation Pause) 237M->22M(368M) 1,734ms
[718,807s][info][gc] GC(3024) Pause Young (G1 Evacuation Pause) 237M->22M(368M) 1,701ms
[719,052s][info][gc] GC(3025) Pause Young (G1 Evacuation Pause) 237M->22M(368M) 1,247ms
[719,284s][info][gc] GC(3026) Pause Young (G1 Evacuation Pause) 237M->22M(368M) 1,302ms
[719,538s][info][gc] GC(3027) Pause Young (G1 Evacuation Pause) 237M->22M(368M) 2,400ms
[719,773s][info][gc] GC(3028) Pause Young (G1 Evacuation Pause) 236M->22M(368M) 1,192ms
[720,005s][info][gc] GC(3029) Pause Young (G1 Evacuation Pause) 237M->22M(368M) 1,083ms
[720,237s][info][gc] GC(3030) Pause Young (G1 Evacuation Pause) 237M->22M(368M) 1,261ms
[720,469s][info][gc] GC(3031) Pause Young (G1 Evacuation Pause) 237M->22M(368M) 1,270ms
[720,701s][info][gc] GC(3032) Pause Young (G1 Evacuation Pause) 237M->23M(368M) 1,171ms
[720,933s][info][gc] GC(3033) Pause Young (G1 Evacuation Pause) 237M->22M(368M) 1,178ms
[721,167s][info][gc] GC(3034) Pause Young (G1 Evacuation Pause) 237M->22M(368M) 1,685ms
[721,405s][info][gc] GC(3035) Pause Young (G1 Evacuation Pause) 237M->22M(368M) 1,489ms
[721,638s][info][gc] GC(3036) Pause Young (G1 Evacuation Pause) 237M->22M(368M) 1,740ms
[721,909s][info][gc] GC(3037) Pause Young (G1 Evacuation Pause) 237M->22M(368M) 3,525ms
[722,163s][info][gc] GC(3038) Pause Young (G1 Evacuation Pause) 236M->22M(368M) 1,656ms
[722,421s][info][gc] GC(3039) Pause Young (G1 Evacuation Pause) 237M->22M(368M) 2,212ms
[722,655s][info][gc] GC(3040) Pause Young (G1 Evacuation Pause) 237M->22M(368M) 1,238ms
[722,887s][info][gc] GC(3041) Pause Young (G1 Evacuation Pause) 237M->22M(368M) 1,167ms
[723,120s][info][gc] GC(3042) Pause Young (G1 Evacuation Pause) 237M->22M(368M) 1,407ms
[723,353s][info][gc] GC(3043) Pause Young (G1 Evacuation Pause) 236M->22M(368M) 1,442ms
[723,585s][info][gc] GC(3044) Pause Young (G1 Evacuation Pause) 237M->22M(368M) 1,288ms
[723,819s][info][gc] GC(3045) Pause Young (G1 Evacuation Pause) 237M->22M(368M) 1,380ms
[724,078s][info][gc] GC(3046) Pause Young (G1 Evacuation Pause) 237M->22M(368M) 1,741ms
[724,332s][info][gc] GC(3047) Pause Young (G1 Evacuation Pause) 237M->22M(368M) 1,819ms
[724,583s][info][gc] GC(3048) Pause Young (G1 Evacuation Pause) 237M->23M(368M) 1,197ms
[724,815s][info][gc] GC(3049) Pause Young (G1 Evacuation Pause) 237M->22M(368M) 1,220ms
[725,047s][info][gc] GC(3050) Pause Young (G1 Evacuation Pause) 237M->22M(368M) 1,273ms
[725,279s][info][gc] GC(3051) Pause Young (G1 Evacuation Pause) 237M->22M(368M) 1,277ms
[725,532s][info][gc] GC(3052) Pause Young (G1 Evacuation Pause) 237M->22M(368M) 1,674ms
[725,765s][info][gc] GC(3053) Pause Young (G1 Evacuation Pause) 237M->23M(368M) 1,314ms
[726,017s][info][gc] GC(3054) Pause Young (G1 Evacuation Pause) 237M->22M(368M) 1,652ms
[726,276s][info][gc] GC(3055) Pause Young (G1 Evacuation Pause) 237M->22M(368M) 1,674ms
[726,532s][info][gc] GC(3056) Pause Young (G1 Evacuation Pause) 237M->22M(368M) 1,901ms
[726,788s][info][gc] GC(3057) Pause Young (G1 Evacuation Pause) 237M->22M(368M) 3,313ms
[727,021s][info][gc] GC(3058) Pause Young (G1 Evacuation Pause) 236M->22M(368M) 1,508ms
[727,253s][info][gc] GC(3059) Pause Young (G1 Evacuation Pause) 237M->22M(368M) 1,218ms
[727,509s][info][gc] GC(3060) Pause Young (G1 Evacuation Pause) 237M->22M(368M) 2,339ms
[727,772s][info][gc] GC(3061) Pause Young (G1 Evacuation Pause) 237M->22M(368M) 1,766ms
[728,021s][info][gc] GC(3062) Pause Young (G1 Evacuation Pause) 237M->22M(368M) 1,381ms
[728,254s][info][gc] GC(3063) Pause Young (G1 Evacuation Pause) 237M->22M(368M) 1,318ms
[728,486s][info][gc] GC(3064) Pause Young (G1 Evacuation Pause) 236M->22M(368M) 1,204ms
[728,718s][info][gc] GC(3065) Pause Young (G1 Evacuation Pause) 237M->22M(368M) 1,219ms
[728,950s][info][gc] GC(3066) Pause Young (G1 Evacuation Pause) 237M->22M(368M) 1,238ms
[729,182s][info][gc] GC(3067) Pause Young (G1 Evacuation Pause) 237M->22M(368M) 1,275ms
[729,415s][info][gc] GC(3068) Pause Young (G1 Evacuation Pause) 237M->22M(368M) 1,377ms
[729,647s][info][gc] GC(3069) Pause Young (G1 Evacuation Pause) 236M->22M(368M) 1,055ms
[729,907s][info][gc] GC(3070) Pause Young (G1 Evacuation Pause) 237M->22M(368M) 3,736ms
[730,165s][info][gc] GC(3071) Pause Young (G1 Evacuation Pause) 237M->22M(368M) 1,879ms
[730,400s][info][gc] GC(3072) Pause Young (G1 Evacuation Pause) 237M->22M(368M) 1,529ms
[730,633s][info][gc] GC(3073) Pause Young (G1 Evacuation Pause) 237M->22M(368M) 1,627ms
[730,866s][info][gc] GC(3074) Pause Young (G1 Evacuation Pause) 236M->22M(368M) 1,392ms
[731,098s][info][gc] GC(3075) Pause Young (G1 Evacuation Pause) 237M->22M(368M) 1,192ms
[731,330s][info][gc] GC(3076) Pause Young (G1 Evacuation Pause) 237M->22M(368M) 1,215ms
[731,590s][info][gc] GC(3077) Pause Young (G1 Evacuation Pause) 237M->22M(368M) 1,850ms
[731,833s][info][gc] GC(3078) Pause Young (G1 Evacuation Pause) 237M->22M(368M) 1,536ms
[732,101s][info][gc] GC(3079) Pause Young (G1 Evacuation Pause) 237M->23M(368M) 2,005ms
[732,354s][info][gc] GC(3080) Pause Young (G1 Evacuation Pause) 237M->22M(368M) 1,696ms
[732,601s][info][gc] GC(3081) Pause Young (G1 Evacuation Pause) 237M->22M(368M) 1,246ms
[732,833s][info][gc] GC(3082) Pause Young (G1 Evacuation Pause) 237M->22M(368M) 1,342ms
[733,070s][info][gc] GC(3083) Pause Young (G1 Evacuation Pause) 237M->22M(368M) 5,206ms
[733,326s][info][gc] GC(3084) Pause Young (G1 Evacuation Pause) 237M->22M(368M) 1,712ms
[733,587s][info][gc] GC(3085) Pause Young (G1 Evacuation Pause) 236M->22M(368M) 1,739ms
[733,826s][info][gc] GC(3086) Pause Young (G1 Evacuation Pause) 237M->22M(368M) 1,338ms
[734,078s][info][gc] GC(3087) Pause Young (G1 Evacuation Pause) 237M->22M(368M) 1,949ms
[734,310s][info][gc] GC(3088) Pause Young (G1 Evacuation Pause) 237M->22M(368M) 1,115ms
[734,571s][info][gc] GC(3089) Pause Young (G1 Evacuation Pause) 237M->22M(368M) 2,714ms
[734,828s][info][gc] GC(3090) Pause Young (G1 Evacuation Pause) 236M->21M(368M) 1,967ms
[735,077s][info][gc] GC(3091) Pause Young (G1 Evacuation Pause) 236M->22M(368M) 1,232ms
[735,326s][info][gc] GC(3092) Pause Young (G1 Evacuation Pause) 237M->22M(368M) 1,659ms
[735,586s][info][gc] GC(3093) Pause Young (G1 Evacuation Pause) 237M->22M(368M) 1,762ms
[735,840s][info][gc] GC(3094) Pause Young (G1 Evacuation Pause) 237M->22M(368M) 1,909ms
[736,106s][info][gc] GC(3095) Pause Young (G1 Evacuation Pause) 236M->22M(368M) 1,644ms
[736,374s][info][gc] GC(3096) Pause Young (G1 Evacuation Pause) 237M->22M(368M) 3,411ms
[736,616s][info][gc] GC(3097) Pause Young (G1 Evacuation Pause) 237M->22M(368M) 1,150ms
[736,848s][info][gc] GC(3098) Pause Young (G1 Evacuation Pause) 237M->22M(368M) 1,294ms
[737,105s][info][gc] GC(3099) Pause Young (G1 Evacuation Pause) 237M->22M(368M) 1,840ms
[737,338s][info][gc] GC(3100) Pause Young (G1 Evacuation Pause) 237M->23M(368M) 1,363ms
[737,598s][info][gc] GC(3101) Pause Young (G1 Evacuation Pause) 237M->22M(368M) 1,746ms
[737,853s][info][gc] GC(3102) Pause Young (G1 Evacuation Pause) 237M->22M(368M) 2,203ms
[738,085s][info][gc] GC(3103) Pause Young (G1 Evacuation Pause) 237M->22M(368M) 1,248ms
[738,317s][info][gc] GC(3104) Pause Young (G1 Evacuation Pause) 237M->22M(368M) 1,265ms
[738,549s][info][gc] GC(3105) Pause Young (G1 Evacuation Pause) 237M->22M(368M) 1,292ms
[738,781s][info][gc] GC(3106) Pause Young (G1 Evacuation Pause) 236M->22M(368M) 1,273ms
[739,035s][info][gc] GC(3107) Pause Young (G1 Evacuation Pause) 237M->22M(368M) 1,834ms
[739,290s][info][gc] GC(3108) Pause Young (G1 Evacuation Pause) 237M->22M(368M) 1,773ms
[739,544s][info][gc] GC(3109) Pause Young (G1 Evacuation Pause) 237M->22M(368M) 1,724ms
[739,780s][info][gc] GC(3110) Pause Young (G1 Evacuation Pause) 237M->22M(368M) 1,223ms
[740,032s][info][gc] GC(3111) Pause Young (G1 Evacuation Pause) 236M->22M(368M) 1,651ms
[740,292s][info][gc] GC(3112) Pause Young (G1 Evacuation Pause) 237M->22M(368M) 2,158ms
[740,552s][info][gc] GC(3113) Pause Young (G1 Evacuation Pause) 237M->21M(368M) 1,801ms
[740,806s][info][gc] GC(3114) Pause Young (G1 Evacuation Pause) 236M->22M(368M) 1,891ms
[741,065s][info][gc] GC(3115) Pause Young (G1 Evacuation Pause) 237M->22M(368M) 1,923ms
[741,319s][info][gc] GC(3116) Pause Young (G1 Evacuation Pause) 236M->22M(368M) 1,570ms
[741,575s][info][gc] GC(3117) Pause Young (G1 Evacuation Pause) 237M->22M(368M) 1,823ms
[741,823s][info][gc] GC(3118) Pause Young (G1 Evacuation Pause) 237M->22M(368M) 1,601ms
[742,079s][info][gc] GC(3119) Pause Young (G1 Evacuation Pause) 237M->22M(368M) 1,735ms
[742,340s][info][gc] GC(3120) Pause Young (G1 Evacuation Pause) 237M->22M(368M) 1,705ms
[742,598s][info][gc] GC(3121) Pause Young (G1 Evacuation Pause) 237M->23M(368M) 1,736ms
[742,831s][info][gc] GC(3122) Pause Young (G1 Evacuation Pause) 237M->22M(368M) 1,027ms
[743,079s][info][gc] GC(3123) Pause Young (G1 Evacuation Pause) 237M->22M(368M) 1,219ms
[743,311s][info][gc] GC(3124) Pause Young (G1 Evacuation Pause) 237M->22M(368M) 1,117ms
[743,569s][info][gc] GC(3125) Pause Young (G1 Evacuation Pause) 237M->22M(368M) 1,671ms
[743,805s][info][gc] GC(3126) Pause Young (G1 Evacuation Pause) 237M->23M(368M) 1,503ms
[744,054s][info][gc] GC(3127) Pause Young (G1 Evacuation Pause) 237M->22M(368M) 1,168ms
[744,286s][info][gc] GC(3128) Pause Young (G1 Evacuation Pause) 237M->22M(368M) 1,383ms
[744,540s][info][gc] GC(3129) Pause Young (G1 Evacuation Pause) 237M->22M(368M) 1,794ms
[744,783s][info][gc] GC(3130) Pause Young (G1 Evacuation Pause) 237M->22M(368M) 1,534ms
[745,041s][info][gc] GC(3131) Pause Young (G1 Evacuation Pause) 237M->22M(368M) 1,768ms
[745,295s][info][gc] GC(3132) Pause Young (G1 Evacuation Pause) 237M->23M(368M) 1,857ms
[745,554s][info][gc] GC(3133) Pause Young (G1 Evacuation Pause) 237M->22M(368M) 1,826ms
[745,814s][info][gc] GC(3134) Pause Young (G1 Evacuation Pause) 237M->22M(368M) 1,779ms
[746,059s][info][gc] GC(3135) Pause Young (G1 Evacuation Pause) 237M->22M(368M) 1,390ms
[746,292s][info][gc] GC(3136) Pause Young (G1 Evacuation Pause) 237M->22M(368M) 1,410ms
[746,545s][info][gc] GC(3137) Pause Young (G1 Evacuation Pause) 236M->22M(368M) 1,792ms
[746,778s][info][gc] GC(3138) Pause Young (G1 Evacuation Pause) 237M->22M(368M) 1,147ms
[747,026s][info][gc] GC(3139) Pause Young (G1 Evacuation Pause) 237M->21M(368M) 1,869ms
[747,259s][info][gc] GC(3140) Pause Young (G1 Evacuation Pause) 236M->22M(368M) 1,946ms
[747,510s][info][gc] GC(3141) Pause Young (G1 Evacuation Pause) 237M->22M(368M) 1,906ms
[747,765s][info][gc] GC(3142) Pause Young (G1 Evacuation Pause) 236M->21M(368M) 3,116ms
[748,011s][info][gc] GC(3143) Pause Young (G1 Evacuation Pause) 236M->22M(368M) 1,574ms
[748,243s][info][gc] GC(3144) Pause Young (G1 Evacuation Pause) 237M->22M(368M) 1,249ms
[748,476s][info][gc] GC(3145) Pause Young (G1 Evacuation Pause) 237M->22M(368M) 1,966ms
[748,708s][info][gc] GC(3146) Pause Young (G1 Evacuation Pause) 237M->22M(368M) 1,285ms
[748,962s][info][gc] GC(3147) Pause Young (G1 Evacuation Pause) 237M->22M(368M) 1,860ms
[749,216s][info][gc] GC(3148) Pause Young (G1 Evacuation Pause) 236M->22M(368M) 1,840ms
[749,453s][info][gc] GC(3149) Pause Young (G1 Evacuation Pause) 237M->22M(368M) 1,338ms
[749,695s][info][gc] GC(3150) Pause Young (G1 Evacuation Pause) 237M->22M(368M) 1,781ms
[749,930s][info][gc] GC(3151) Pause Young (G1 Evacuation Pause) 237M->22M(368M) 1,547ms
[750,175s][info][gc] GC(3152) Pause Young (G1 Evacuation Pause) 237M->22M(368M) 4,095ms
[750,435s][info][gc] GC(3153) Pause Young (G1 Evacuation Pause) 236M->22M(368M) 1,635ms
[750,689s][info][gc] GC(3154) Pause Young (G1 Evacuation Pause) 237M->22M(368M) 1,726ms
[750,936s][info][gc] GC(3155) Pause Young (G1 Evacuation Pause) 237M->22M(368M) 1,928ms
[751,168s][info][gc] GC(3156) Pause Young (G1 Evacuation Pause) 237M->22M(368M) 1,269ms
[751,413s][info][gc] GC(3157) Pause Young (G1 Evacuation Pause) 237M->22M(368M) 2,462ms
[751,674s][info][gc] GC(3158) Pause Young (G1 Evacuation Pause) 236M->21M(368M) 2,389ms
[751,927s][info][gc] GC(3159) Pause Young (G1 Evacuation Pause) 236M->22M(368M) 1,835ms
[752,181s][info][gc] GC(3160) Pause Young (G1 Evacuation Pause) 237M->22M(368M) 1,612ms
[752,440s][info][gc] GC(3161) Pause Young (G1 Evacuation Pause) 237M->22M(368M) 1,715ms
[752,687s][info][gc] GC(3162) Pause Young (G1 Evacuation Pause) 237M->22M(368M) 1,297ms
[752,919s][info][gc] GC(3163) Pause Young (G1 Evacuation Pause) 237M->23M(368M) 1,131ms
[753,167s][info][gc] GC(3164) Pause Young (G1 Evacuation Pause) 237M->22M(368M) 1,180ms
[753,399s][info][gc] GC(3165) Pause Young (G1 Evacuation Pause) 237M->22M(368M) 1,223ms
[753,631s][info][gc] GC(3166) Pause Young (G1 Evacuation Pause) 237M->22M(368M) 1,249ms
[753,868s][info][gc] GC(3167) Pause Young (G1 Evacuation Pause) 237M->22M(368M) 4,122ms
[754,103s][info][gc] GC(3168) Pause Young (G1 Evacuation Pause) 237M->23M(368M) 1,237ms
[754,335s][info][gc] GC(3169) Pause Young (G1 Evacuation Pause) 237M->22M(368M) 1,203ms
[754,570s][info][gc] GC(3170) Pause Young (G1 Evacuation Pause) 237M->22M(368M) 4,222ms
[754,802s][info][gc] GC(3171) Pause Young (G1 Evacuation Pause) 237M->22M(368M) 1,356ms
[755,035s][info][gc] GC(3172) Pause Young (G1 Evacuation Pause) 237M->22M(368M) 1,378ms
[755,268s][info][gc] GC(3173) Pause Young (G1 Evacuation Pause) 237M->22M(368M) 2,154ms
[755,530s][info][gc] GC(3174) Pause Young (G1 Evacuation Pause) 236M->22M(368M) 1,324ms
[755,763s][info][gc] GC(3175) Pause Young (G1 Evacuation Pause) 237M->22M(368M) 1,069ms
[756,012s][info][gc] GC(3176) Pause Young (G1 Evacuation Pause) 237M->22M(368M) 1,773ms
[756,266s][info][gc] GC(3177) Pause Young (G1 Evacuation Pause) 237M->22M(368M) 1,825ms
[756,521s][info][gc] GC(3178) Pause Young (G1 Evacuation Pause) 237M->22M(368M) 1,105ms
[756,756s][info][gc] GC(3179) Pause Young (G1 Evacuation Pause) 236M->22M(368M) 1,307ms
[757,013s][info][gc] GC(3180) Pause Young (G1 Evacuation Pause) 237M->22M(368M) 2,358ms
[757,267s][info][gc] GC(3181) Pause Young (G1 Evacuation Pause) 237M->22M(368M) 1,658ms
[757,531s][info][gc] GC(3182) Pause Young (G1 Evacuation Pause) 237M->22M(368M) 1,703ms
[757,785s][info][gc] GC(3183) Pause Young (G1 Evacuation Pause) 237M->22M(368M) 1,725ms
[758,046s][info][gc] GC(3184) Pause Young (G1 Evacuation Pause) 237M->23M(368M) 4,492ms
[758,279s][info][gc] GC(3185) Pause Young (G1 Evacuation Pause) 237M->22M(368M) 1,208ms
[758,530s][info][gc] GC(3186) Pause Young (G1 Evacuation Pause) 237M->22M(368M) 1,459ms
[758,764s][info][gc] GC(3187) Pause Young (G1 Evacuation Pause) 237M->22M(368M) 2,590ms
[759,028s][info][gc] GC(3188) Pause Young (G1 Evacuation Pause) 237M->22M(368M) 1,883ms
[759,274s][info][gc] GC(3189) Pause Young (G1 Evacuation Pause) 237M->23M(368M) 1,465ms
[759,530s][info][gc] GC(3190) Pause Young (G1 Evacuation Pause) 237M->22M(368M) 2,351ms
[759,769s][info][gc] GC(3191) Pause Young (G1 Evacuation Pause) 237M->22M(368M) 1,281ms
[760,002s][info][gc] GC(3192) Pause Young (G1 Evacuation Pause) 237M->22M(368M) 1,436ms
[760,235s][info][gc] GC(3193) Pause Young (G1 Evacuation Pause) 237M->22M(368M) 1,496ms
[760,484s][info][gc] GC(3194) Pause Young (G1 Evacuation Pause) 237M->22M(368M) 2,503ms
[760,739s][info][gc] GC(3195) Pause Young (G1 Evacuation Pause) 236M->22M(368M) 2,157ms
[760,995s][info][gc] GC(3196) Pause Young (G1 Evacuation Pause) 237M->22M(368M) 1,619ms
[761,238s][info][gc] GC(3197) Pause Young (G1 Evacuation Pause) 237M->22M(368M) 1,266ms
[761,490s][info][gc] GC(3198) Pause Young (G1 Evacuation Pause) 237M->22M(368M) 1,691ms
[761,740s][info][gc] GC(3199) Pause Young (G1 Evacuation Pause) 237M->22M(368M) 1,272ms
[761,986s][info][gc] GC(3200) Pause Young (G1 Evacuation Pause) 237M->23M(368M) 1,603ms
[762,219s][info][gc] GC(3201) Pause Young (G1 Evacuation Pause) 237M->22M(368M) 1,474ms
[762,474s][info][gc] GC(3202) Pause Young (G1 Evacuation Pause) 237M->22M(368M) 1,855ms
[762,728s][info][gc] GC(3203) Pause Young (G1 Evacuation Pause) 237M->22M(368M) 1,892ms
[762,986s][info][gc] GC(3204) Pause Young (G1 Evacuation Pause) 237M->22M(368M) 1,859ms
[763,224s][info][gc] GC(3205) Pause Young (G1 Evacuation Pause) 237M->23M(368M) 1,323ms
[763,490s][info][gc] GC(3206) Pause Young (G1 Evacuation Pause) 237M->22M(368M) 1,615ms
[763,735s][info][gc] GC(3207) Pause Young (G1 Evacuation Pause) 237M->22M(368M) 1,482ms
[764,003s][info][gc] GC(3208) Pause Young (G1 Evacuation Pause) 237M->22M(368M) 1,708ms
[764,248s][info][gc] GC(3209) Pause Young (G1 Evacuation Pause) 237M->22M(368M) 1,269ms
[764,499s][info][gc] GC(3210) Pause Young (G1 Evacuation Pause) 237M->23M(368M) 1,392ms
[764,731s][info][gc] GC(3211) Pause Young (G1 Evacuation Pause) 237M->22M(368M) 1,170ms
[764,979s][info][gc] GC(3212) Pause Young (G1 Evacuation Pause) 237M->22M(368M) 1,619ms
[765,225s][info][gc] GC(3213) Pause Young (G1 Evacuation Pause) 237M->22M(368M) 2,036ms
[765,467s][info][gc] GC(3214) Pause Young (G1 Evacuation Pause) 237M->22M(368M) 1,602ms
[765,702s][info][gc] GC(3215) Pause Young (G1 Evacuation Pause) 237M->22M(368M) 1,713ms
[765,947s][info][gc] GC(3216) Pause Young (G1 Evacuation Pause) 236M->22M(368M) 1,492ms
[766,180s][info][gc] GC(3217) Pause Young (G1 Evacuation Pause) 237M->22M(368M) 1,373ms
[766,412s][info][gc] GC(3218) Pause Young (G1 Evacuation Pause) 237M->22M(368M) 1,252ms
[766,645s][info][gc] GC(3219) Pause Young (G1 Evacuation Pause) 237M->22M(368M) 1,922ms
[766,878s][info][gc] GC(3220) Pause Young (G1 Evacuation Pause) 237M->22M(368M) 1,687ms
[767,109s][info][gc] GC(3221) Pause Young (G1 Evacuation Pause) 236M->22M(368M) 1,154ms
[767,346s][info][gc] GC(3222) Pause Young (G1 Evacuation Pause) 237M->22M(368M) 3,814ms
[767,614s][info][gc] GC(3223) Pause Young (G1 Evacuation Pause) 237M->22M(368M) 1,530ms
[767,848s][info][gc] GC(3224) Pause Young (G1 Evacuation Pause) 237M->22M(368M) 2,602ms
[768,094s][info][gc] GC(3225) Pause Young (G1 Evacuation Pause) 237M->22M(368M) 1,336ms
[768,328s][info][gc] GC(3226) Pause Young (G1 Evacuation Pause) 237M->22M(368M) 2,411ms
[768,586s][info][gc] GC(3227) Pause Young (G1 Evacuation Pause) 236M->22M(368M) 1,197ms
[768,818s][info][gc] GC(3228) Pause Young (G1 Evacuation Pause) 237M->22M(368M) 1,079ms
[769,085s][info][gc] GC(3229) Pause Young (G1 Evacuation Pause) 237M->22M(368M) 1,776ms
[769,338s][info][gc] GC(3230) Pause Young (G1 Evacuation Pause) 237M->22M(368M) 1,195ms
[769,571s][info][gc] GC(3231) Pause Young (G1 Evacuation Pause) 236M->22M(368M) 1,491ms
[769,816s][info][gc] GC(3232) Pause Young (G1 Evacuation Pause) 237M->22M(368M) 1,977ms
[770,078s][info][gc] GC(3233) Pause Young (G1 Evacuation Pause) 237M->22M(368M) 1,851ms
[770,338s][info][gc] GC(3234) Pause Young (G1 Evacuation Pause) 237M->22M(368M) 1,907ms
[770,581s][info][gc] GC(3235) Pause Young (G1 Evacuation Pause) 237M->22M(368M) 1,614ms
[770,813s][info][gc] GC(3236) Pause Young (G1 Evacuation Pause) 237M->22M(368M) 1,354ms
[771,079s][info][gc] GC(3237) Pause Young (G1 Evacuation Pause) 236M->22M(368M) 1,816ms
[771,333s][info][gc] GC(3238) Pause Young (G1 Evacuation Pause) 237M->22M(368M) 1,644ms
[771,589s][info][gc] GC(3239) Pause Young (G1 Evacuation Pause) 237M->22M(368M) 1,495ms
[771,822s][info][gc] GC(3240) Pause Young (G1 Evacuation Pause) 237M->22M(368M) 1,547ms
[772,085s][info][gc] GC(3241) Pause Young (G1 Evacuation Pause) 237M->22M(368M) 1,784ms
[772,339s][info][gc] GC(3242) Pause Young (G1 Evacuation Pause) 236M->22M(368M) 1,703ms
[772,595s][info][gc] GC(3243) Pause Young (G1 Evacuation Pause) 237M->22M(368M) 1,256ms
[772,855s][info][gc] GC(3244) Pause Young (G1 Evacuation Pause) 237M->22M(368M) 1,650ms
[773,107s][info][gc] GC(3245) Pause Young (G1 Evacuation Pause) 237M->22M(368M) 1,256ms
[773,339s][info][gc] GC(3246) Pause Young (G1 Evacuation Pause) 237M->22M(368M) 1,135ms
[773,599s][info][gc] GC(3247) Pause Young (G1 Evacuation Pause) 236M->22M(368M) 1,540ms
[773,832s][info][gc] GC(3248) Pause Young (G1 Evacuation Pause) 237M->22M(368M) 1,456ms
[774,064s][info][gc] GC(3249) Pause Young (G1 Evacuation Pause) 237M->22M(368M) 1,125ms
[774,296s][info][gc] GC(3250) Pause Young (G1 Evacuation Pause) 237M->22M(368M) 1,151ms
[774,556s][info][gc] GC(3251) Pause Young (G1 Evacuation Pause) 237M->22M(368M) 1,883ms
[774,810s][info][gc] GC(3252) Pause Young (G1 Evacuation Pause) 237M->23M(368M) 1,872ms
[775,073s][info][gc] GC(3253) Pause Young (G1 Evacuation Pause) 237M->22M(368M) 1,835ms
[775,344s][info][gc] GC(3254) Pause Young (G1 Evacuation Pause) 237M->22M(368M) 1,816ms
[775,612s][info][gc] GC(3255) Pause Young (G1 Evacuation Pause) 237M->22M(368M) 1,751ms
[775,870s][info][gc] GC(3256) Pause Young (G1 Evacuation Pause) 237M->22M(368M) 3,959ms
[776,133s][info][gc] GC(3257) Pause Young (G1 Evacuation Pause) 237M->22M(368M) 1,806ms
[776,393s][info][gc] GC(3258) Pause Young (G1 Evacuation Pause) 236M->22M(368M) 2,504ms
[776,637s][info][gc] GC(3259) Pause Young (G1 Evacuation Pause) 237M->22M(368M) 1,337ms
[776,916s][info][gc] GC(3260) Pause Young (G1 Evacuation Pause) 237M->22M(368M) 1,852ms
[777,174s][info][gc] GC(3261) Pause Young (G1 Evacuation Pause) 237M->22M(368M) 1,626ms
[777,407s][info][gc] GC(3262) Pause Young (G1 Evacuation Pause) 237M->22M(368M) 1,598ms
[777,651s][info][gc] GC(3263) Pause Young (G1 Evacuation Pause) 236M->22M(368M) 1,728ms
[777,910s][info][gc] GC(3264) Pause Young (G1 Evacuation Pause) 237M->22M(368M) 2,452ms
[778,154s][info][gc] GC(3265) Pause Young (G1 Evacuation Pause) 237M->22M(368M) 1,201ms
[778,398s][info][gc] GC(3266) Pause Young (G1 Evacuation Pause) 237M->22M(368M) 2,521ms
[778,632s][info][gc] GC(3267) Pause Young (G1 Evacuation Pause) 237M->22M(368M) 1,666ms
[778,865s][info][gc] GC(3268) Pause Young (G1 Evacuation Pause) 237M->23M(368M) 1,619ms
[779,097s][info][gc] GC(3269) Pause Young (G1 Evacuation Pause) 237M->22M(368M) 1,040ms
[779,334s][info][gc] GC(3270) Pause Young (G1 Evacuation Pause) 237M->22M(368M) 3,744ms
[779,593s][info][gc] GC(3271) Pause Young (G1 Evacuation Pause) 237M->22M(368M) 1,737ms
[779,847s][info][gc] GC(3272) Pause Young (G1 Evacuation Pause) 237M->22M(368M) 1,823ms
[780,107s][info][gc] GC(3273) Pause Young (G1 Evacuation Pause) 237M->23M(368M) 1,852ms
[780,365s][info][gc] GC(3274) Pause Young (G1 Evacuation Pause) 237M->22M(368M) 1,813ms
[780,610s][info][gc] GC(3275) Pause Young (G1 Evacuation Pause) 237M->22M(368M) 1,326ms
[780,842s][info][gc] GC(3276) Pause Young (G1 Evacuation Pause) 237M->22M(368M) 1,097ms
[781,075s][info][gc] GC(3277) Pause Young (G1 Evacuation Pause) 237M->22M(368M) 1,721ms
[781,307s][info][gc] GC(3278) Pause Young (G1 Evacuation Pause) 237M->23M(368M) 1,254ms
[781,566s][info][gc] GC(3279) Pause Young (G1 Evacuation Pause) 237M->22M(368M) 1,714ms
[781,820s][info][gc] GC(3280) Pause Young (G1 Evacuation Pause) 237M->22M(368M) 1,810ms
[782,081s][info][gc] GC(3281) Pause Young (G1 Evacuation Pause) 237M->22M(368M) 1,824ms
[782,335s][info][gc] GC(3282) Pause Young (G1 Evacuation Pause) 237M->22M(368M) 1,739ms
[782,585s][info][gc] GC(3283) Pause Young (G1 Evacuation Pause) 237M->22M(368M) 2,049ms
[782,817s][info][gc] GC(3284) Pause Young (G1 Evacuation Pause) 236M->22M(368M) 1,238ms
[783,065s][info][gc] GC(3285) Pause Young (G1 Evacuation Pause) 237M->21M(368M) 2,785ms
[783,297s][info][gc] GC(3286) Pause Young (G1 Evacuation Pause) 236M->22M(368M) 1,227ms
[783,553s][info][gc] GC(3287) Pause Young (G1 Evacuation Pause) 237M->22M(368M) 1,646ms
[783,807s][info][gc] GC(3288) Pause Young (G1 Evacuation Pause) 237M->22M(368M) 1,778ms
[784,056s][info][gc] GC(3289) Pause Young (G1 Evacuation Pause) 236M->22M(368M) 1,255ms
[784,288s][info][gc] GC(3290) Pause Young (G1 Evacuation Pause) 237M->22M(368M) 1,268ms
[784,522s][info][gc] GC(3291) Pause Young (G1 Evacuation Pause) 237M->22M(368M) 2,420ms
[784,754s][info][gc] GC(3292) Pause Young (G1 Evacuation Pause) 237M->22M(368M) 1,327ms
[784,988s][info][gc] GC(3293) Pause Young (G1 Evacuation Pause) 237M->22M(368M) 1,425ms
[785,223s][info][gc] GC(3294) Pause Young (G1 Evacuation Pause) 237M->23M(368M) 1,306ms
[785,471s][info][gc] GC(3295) Pause Young (G1 Evacuation Pause) 237M->22M(368M) 1,662ms
[785,725s][info][gc] GC(3296) Pause Young (G1 Evacuation Pause) 237M->22M(368M) 1,752ms
[785,977s][info][gc] GC(3297) Pause Young (G1 Evacuation Pause) 237M->22M(368M) 1,153ms
[786,209s][info][gc] GC(3298) Pause Young (G1 Evacuation Pause) 237M->22M(368M) 1,252ms
[786,486s][info][gc] GC(3299) Pause Young (G1 Evacuation Pause) 237M->23M(368M) 1,912ms
[786,725s][info][gc] GC(3300) Pause Young (G1 Evacuation Pause) 237M->22M(368M) 1,386ms
[786,958s][info][gc] GC(3301) Pause Young (G1 Evacuation Pause) 237M->22M(368M) 1,354ms
[787,218s][info][gc] GC(3302) Pause Young (G1 Evacuation Pause) 237M->22M(368M) 1,678ms
[787,477s][info][gc] GC(3303) Pause Young (G1 Evacuation Pause) 237M->22M(368M) 1,924ms
[787,723s][info][gc] GC(3304) Pause Young (G1 Evacuation Pause) 237M->22M(368M) 1,175ms
[787,971s][info][gc] GC(3305) Pause Young (G1 Evacuation Pause) 236M->22M(368M) 1,564ms
[788,210s][info][gc] GC(3306) Pause Young (G1 Evacuation Pause) 237M->22M(368M) 1,257ms
[788,458s][info][gc] GC(3307) Pause Young (G1 Evacuation Pause) 237M->22M(368M) 1,732ms
[788,692s][info][gc] GC(3308) Pause Young (G1 Evacuation Pause) 237M->22M(368M) 1,089ms
[788,939s][info][gc] GC(3309) Pause Young (G1 Evacuation Pause) 237M->22M(368M) 2,572ms
[789,192s][info][gc] GC(3310) Pause Young (G1 Evacuation Pause) 237M->23M(368M) 1,753ms
[789,453s][info][gc] GC(3311) Pause Young (G1 Evacuation Pause) 237M->22M(368M) 3,146ms
[789,695s][info][gc] GC(3312) Pause Young (G1 Evacuation Pause) 237M->22M(368M) 1,214ms
[789,940s][info][gc] GC(3313) Pause Young (G1 Evacuation Pause) 237M->22M(368M) 1,714ms
[790,173s][info][gc] GC(3314) Pause Young (G1 Evacuation Pause) 237M->22M(368M) 1,537ms
[790,421s][info][gc] GC(3315) Pause Young (G1 Evacuation Pause) 236M->22M(368M) 1,548ms
[790,654s][info][gc] GC(3316) Pause Young (G1 Evacuation Pause) 237M->22M(368M) 1,062ms
[790,899s][info][gc] GC(3317) Pause Young (G1 Evacuation Pause) 237M->22M(368M) 4,026ms
[791,141s][info][gc] GC(3318) Pause Young (G1 Evacuation Pause) 237M->22M(368M) 1,382ms
[791,374s][info][gc] GC(3319) Pause Young (G1 Evacuation Pause) 237M->22M(368M) 1,458ms
[791,606s][info][gc] GC(3320) Pause Young (G1 Evacuation Pause) 237M->23M(368M) 1,258ms
[791,870s][info][gc] GC(3321) Pause Young (G1 Evacuation Pause) 237M->22M(368M) 4,095ms
[792,125s][info][gc] GC(3322) Pause Young (G1 Evacuation Pause) 237M->22M(368M) 1,844ms
[792,386s][info][gc] GC(3323) Pause Young (G1 Evacuation Pause) 237M->22M(368M) 3,646ms
[792,627s][info][gc] GC(3324) Pause Young (G1 Evacuation Pause) 237M->22M(368M) 1,238ms
[792,859s][info][gc] GC(3325) Pause Young (G1 Evacuation Pause) 237M->23M(368M) 1,193ms
[793,091s][info][gc] GC(3326) Pause Young (G1 Evacuation Pause) 237M->21M(368M) 1,216ms
[793,323s][info][gc] GC(3327) Pause Young (G1 Evacuation Pause) 236M->22M(368M) 1,309ms
[793,560s][info][gc] GC(3328) Pause Young (G1 Evacuation Pause) 237M->21M(368M) 4,128ms
[793,815s][info][gc] GC(3329) Pause Young (G1 Evacuation Pause) 236M->22M(368M) 2,235ms
[794,070s][info][gc] GC(3330) Pause Young (G1 Evacuation Pause) 237M->22M(368M) 2,241ms
[794,325s][info][gc] GC(3331) Pause Young (G1 Evacuation Pause) 237M->23M(368M) 2,248ms
[794,584s][info][gc] GC(3332) Pause Young (G1 Evacuation Pause) 237M->22M(368M) 1,741ms
[794,824s][info][gc] GC(3333) Pause Young (G1 Evacuation Pause) 237M->22M(368M) 1,252ms
[795,092s][info][gc] GC(3334) Pause Young (G1 Evacuation Pause) 237M->22M(368M) 1,862ms
[795,346s][info][gc] GC(3335) Pause Young (G1 Evacuation Pause) 237M->22M(368M) 1,808ms
[795,602s][info][gc] GC(3336) Pause Young (G1 Evacuation Pause) 237M->23M(368M) 3,409ms
[795,873s][info][gc] GC(3337) Pause Young (G1 Evacuation Pause) 237M->22M(368M) 3,788ms
[796,110s][info][gc] GC(3338) Pause Young (G1 Evacuation Pause) 237M->22M(368M) 1,471ms
[796,342s][info][gc] GC(3339) Pause Young (G1 Evacuation Pause) 237M->22M(368M) 1,403ms
[796,592s][info][gc] GC(3340) Pause Young (G1 Evacuation Pause) 237M->22M(368M) 1,103ms
[796,838s][info][gc] GC(3341) Pause Young (G1 Evacuation Pause) 237M->23M(368M) 1,857ms
[797,094s][info][gc] GC(3342) Pause Young (G1 Evacuation Pause) 237M->22M(368M) 1,581ms
[797,347s][info][gc] GC(3343) Pause Young (G1 Evacuation Pause) 237M->22M(368M) 1,770ms
[797,601s][info][gc] GC(3344) Pause Young (G1 Evacuation Pause) 237M->22M(368M) 1,876ms
[797,855s][info][gc] GC(3345) Pause Young (G1 Evacuation Pause) 237M->22M(368M) 1,669ms
[798,112s][info][gc] GC(3346) Pause Young (G1 Evacuation Pause) 237M->22M(368M) 1,340ms
[798,344s][info][gc] GC(3347) Pause Young (G1 Evacuation Pause) 236M->22M(368M) 1,149ms
[798,587s][info][gc] GC(3348) Pause Young (G1 Evacuation Pause) 237M->22M(368M) 1,346ms
[798,819s][info][gc] GC(3349) Pause Young (G1 Evacuation Pause) 237M->22M(368M) 1,240ms
[799,061s][info][gc] GC(3350) Pause Young (G1 Evacuation Pause) 237M->22M(368M) 1,473ms
[799,294s][info][gc] GC(3351) Pause Young (G1 Evacuation Pause) 237M->22M(368M) 1,428ms
[799,550s][info][gc] GC(3352) Pause Young (G1 Evacuation Pause) 237M->22M(368M) 1,868ms
[799,803s][info][gc] GC(3353) Pause Young (G1 Evacuation Pause) 236M->22M(368M) 1,754ms
[800,065s][info][gc] GC(3354) Pause Young (G1 Evacuation Pause) 237M->22M(368M) 1,787ms
[800,304s][info][gc] GC(3355) Pause Young (G1 Evacuation Pause) 237M->22M(368M) 1,372ms
[800,538s][info][gc] GC(3356) Pause Young (G1 Evacuation Pause) 237M->22M(368M) 2,358ms
[800,771s][info][gc] GC(3357) Pause Young (G1 Evacuation Pause) 236M->22M(368M) 1,180ms
[801,027s][info][gc] GC(3358) Pause Young (G1 Evacuation Pause) 237M->22M(368M) 2,363ms
[801,293s][info][gc] GC(3359) Pause Young (G1 Evacuation Pause) 237M->22M(368M) 1,662ms
[801,550s][info][gc] GC(3360) Pause Young (G1 Evacuation Pause) 237M->22M(368M) 1,726ms
[801,804s][info][gc] GC(3361) Pause Young (G1 Evacuation Pause) 237M->22M(368M) 1,757ms
[802,058s][info][gc] GC(3362) Pause Young (G1 Evacuation Pause) 236M->22M(368M) 1,699ms
[802,317s][info][gc] GC(3363) Pause Young (G1 Evacuation Pause) 237M->22M(368M) 1,581ms
[802,576s][info][gc] GC(3364) Pause Young (G1 Evacuation Pause) 237M->22M(368M) 1,673ms
[802,823s][info][gc] GC(3365) Pause Young (G1 Evacuation Pause) 237M->22M(368M) 2,366ms
[803,079s][info][gc] GC(3366) Pause Young (G1 Evacuation Pause) 237M->22M(368M) 2,122ms
[803,311s][info][gc] GC(3367) Pause Young (G1 Evacuation Pause) 237M->23M(368M) 1,240ms
[803,543s][info][gc] GC(3368) Pause Young (G1 Evacuation Pause) 237M->22M(368M) 1,187ms
[803,789s][info][gc] GC(3369) Pause Young (G1 Evacuation Pause) 237M->22M(368M) 1,358ms
[804,045s][info][gc] GC(3370) Pause Young (G1 Evacuation Pause) 237M->22M(368M) 1,845ms
[804,299s][info][gc] GC(3371) Pause Young (G1 Evacuation Pause) 237M->22M(368M) 1,836ms
[804,552s][info][gc] GC(3372) Pause Young (G1 Evacuation Pause) 237M->22M(368M) 1,233ms
[804,784s][info][gc] GC(3373) Pause Young (G1 Evacuation Pause) 236M->22M(368M) 1,028ms
[805,043s][info][gc] GC(3374) Pause Young (G1 Evacuation Pause) 237M->22M(368M) 1,720ms
[805,289s][info][gc] GC(3375) Pause Young (G1 Evacuation Pause) 237M->22M(368M) 1,134ms
[805,549s][info][gc] GC(3376) Pause Young (G1 Evacuation Pause) 237M->22M(368M) 1,905ms
[805,803s][info][gc] GC(3377) Pause Young (G1 Evacuation Pause) 237M->22M(368M) 1,928ms
[806,064s][info][gc] GC(3378) Pause Young (G1 Evacuation Pause) 237M->23M(368M) 1,970ms
[806,317s][info][gc] GC(3379) Pause Young (G1 Evacuation Pause) 237M->22M(368M) 1,605ms
[806,578s][info][gc] GC(3380) Pause Young (G1 Evacuation Pause) 237M->22M(368M) 1,834ms
[806,811s][info][gc] GC(3381) Pause Young (G1 Evacuation Pause) 237M->22M(368M) 1,254ms
[807,071s][info][gc] GC(3382) Pause Young (G1 Evacuation Pause) 237M->22M(368M) 2,163ms
[807,314s][info][gc] GC(3383) Pause Young (G1 Evacuation Pause) 237M->23M(368M) 1,495ms
[807,573s][info][gc] GC(3384) Pause Young (G1 Evacuation Pause) 237M->22M(368M) 1,584ms
[807,828s][info][gc] GC(3385) Pause Young (G1 Evacuation Pause) 237M->22M(368M) 3,326ms
[808,082s][info][gc] GC(3386) Pause Young (G1 Evacuation Pause) 237M->22M(368M) 1,230ms
[808,323s][info][gc] GC(3387) Pause Young (G1 Evacuation Pause) 237M->22M(368M) 4,132ms
[808,578s][info][gc] GC(3388) Pause Young (G1 Evacuation Pause) 237M->23M(368M) 1,138ms
[808,843s][info][gc] GC(3389) Pause Young (G1 Evacuation Pause) 237M->22M(368M) 1,781ms
[809,107s][info][gc] GC(3390) Pause Young (G1 Evacuation Pause) 237M->22M(368M) 1,584ms
[809,360s][info][gc] GC(3391) Pause Young (G1 Evacuation Pause) 237M->22M(368M) 1,683ms
[809,614s][info][gc] GC(3392) Pause Young (G1 Evacuation Pause) 237M->22M(368M) 1,841ms
[809,860s][info][gc] GC(3393) Pause Young (G1 Evacuation Pause) 237M->22M(368M) 2,224ms
[810,097s][info][gc] GC(3394) Pause Young (G1 Evacuation Pause) 236M->22M(368M) 1,338ms
[810,329s][info][gc] GC(3395) Pause Young (G1 Evacuation Pause) 237M->22M(368M) 1,257ms
[810,592s][info][gc] GC(3396) Pause Young (G1 Evacuation Pause) 237M->22M(368M) 1,858ms
[810,829s][info][gc] GC(3397) Pause Young (G1 Evacuation Pause) 237M->22M(368M) 1,394ms
[811,079s][info][gc] GC(3398) Pause Young (G1 Evacuation Pause) 237M->22M(368M) 1,410ms
[811,312s][info][gc] GC(3399) Pause Young (G1 Evacuation Pause) 236M->22M(368M) 1,464ms
[811,569s][info][gc] GC(3400) Pause Young (G1 Evacuation Pause) 237M->22M(368M) 1,846ms
[811,828s][info][gc] GC(3401) Pause Young (G1 Evacuation Pause) 237M->22M(368M) 1,881ms
[812,061s][info][gc] GC(3402) Pause Young (G1 Evacuation Pause) 237M->22M(368M) 1,401ms
[812,295s][info][gc] GC(3403) Pause Young (G1 Evacuation Pause) 237M->22M(368M) 1,542ms
[812,540s][info][gc] GC(3404) Pause Young (G1 Evacuation Pause) 237M->23M(368M) 1,149ms
[812,772s][info][gc] GC(3405) Pause Young (G1 Evacuation Pause) 237M->22M(368M) 1,115ms
[813,020s][info][gc] GC(3406) Pause Young (G1 Evacuation Pause) 237M->22M(368M) 1,242ms
[813,252s][info][gc] GC(3407) Pause Young (G1 Evacuation Pause) 237M->22M(368M) 1,245ms
[813,484s][info][gc] GC(3408) Pause Young (G1 Evacuation Pause) 237M->22M(368M) 1,283ms
[813,716s][info][gc] GC(3409) Pause Young (G1 Evacuation Pause) 237M->22M(368M) 1,303ms
[813,948s][info][gc] GC(3410) Pause Young (G1 Evacuation Pause) 236M->22M(368M) 1,176ms
[814,180s][info][gc] GC(3411) Pause Young (G1 Evacuation Pause) 237M->22M(368M) 1,224ms
[814,427s][info][gc] GC(3412) Pause Young (G1 Evacuation Pause) 237M->22M(368M) 4,118ms
[814,664s][info][gc] GC(3413) Pause Young (G1 Evacuation Pause) 237M->22M(368M) 4,003ms
[814,923s][info][gc] GC(3414) Pause Young (G1 Evacuation Pause) 237M->22M(368M) 1,925ms
[815,156s][info][gc] GC(3415) Pause Young (G1 Evacuation Pause) 236M->22M(368M) 1,053ms
[815,398s][info][gc] GC(3416) Pause Young (G1 Evacuation Pause) 237M->22M(368M) 2,399ms
[815,663s][info][gc] GC(3417) Pause Young (G1 Evacuation Pause) 237M->22M(368M) 1,662ms
[815,912s][info][gc] GC(3418) Pause Young (G1 Evacuation Pause) 237M->22M(368M) 1,552ms
[816,157s][info][gc] GC(3419) Pause Young (G1 Evacuation Pause) 237M->22M(368M) 1,673ms
[816,408s][info][gc] GC(3420) Pause Young (G1 Evacuation Pause) 236M->22M(368M) 1,457ms
[816,645s][info][gc] GC(3421) Pause Young (G1 Evacuation Pause) 237M->22M(368M) 1,185ms
[816,885s][info][gc] GC(3422) Pause Young (G1 Evacuation Pause) 237M->22M(368M) 3,694ms
[817,121s][info][gc] GC(3423) Pause Young (G1 Evacuation Pause) 237M->22M(368M) 1,367ms
[817,354s][info][gc] GC(3424) Pause Young (G1 Evacuation Pause) 237M->22M(368M) 1,256ms
[817,615s][info][gc] GC(3425) Pause Young (G1 Evacuation Pause) 237M->23M(368M) 1,941ms
[817,868s][info][gc] GC(3426) Pause Young (G1 Evacuation Pause) 237M->22M(368M) 1,766ms
[818,116s][info][gc] GC(3427) Pause Young (G1 Evacuation Pause) 237M->22M(368M) 1,095ms
[818,348s][info][gc] GC(3428) Pause Young (G1 Evacuation Pause) 237M->22M(368M) 1,215ms
[818,581s][info][gc] GC(3429) Pause Young (G1 Evacuation Pause) 237M->22M(368M) 1,878ms
[818,813s][info][gc] GC(3430) Pause Young (G1 Evacuation Pause) 236M->22M(368M) 1,168ms
[819,046s][info][gc] GC(3431) Pause Young (G1 Evacuation Pause) 237M->21M(368M) 1,794ms
[819,278s][info][gc] GC(3432) Pause Young (G1 Evacuation Pause) 236M->22M(368M) 1,073ms
[819,526s][info][gc] GC(3433) Pause Young (G1 Evacuation Pause) 237M->22M(368M) 1,459ms
[819,758s][info][gc] GC(3434) Pause Young (G1 Evacuation Pause) 237M->22M(368M) 1,307ms
[820,004s][info][gc] GC(3435) Pause Young (G1 Evacuation Pause) 237M->22M(368M) 1,409ms
[820,237s][info][gc] GC(3436) Pause Young (G1 Evacuation Pause) 236M->22M(368M) 1,404ms
[820,488s][info][gc] GC(3437) Pause Young (G1 Evacuation Pause) 237M->21M(368M) 2,639ms
[820,720s][info][gc] GC(3438) Pause Young (G1 Evacuation Pause) 236M->22M(368M) 1,254ms
[820,961s][info][gc] GC(3439) Pause Young (G1 Evacuation Pause) 237M->22M(368M) 1,247ms
[821,194s][info][gc] GC(3440) Pause Young (G1 Evacuation Pause) 237M->22M(368M) 1,279ms
[821,440s][info][gc] GC(3441) Pause Young (G1 Evacuation Pause) 236M->22M(368M) 1,646ms
[821,694s][info][gc] GC(3442) Pause Young (G1 Evacuation Pause) 237M->22M(368M) 1,746ms
[821,938s][info][gc] GC(3443) Pause Young (G1 Evacuation Pause) 237M->22M(368M) 1,855ms
[822,170s][info][gc] GC(3444) Pause Young (G1 Evacuation Pause) 237M->22M(368M) 1,346ms
[822,402s][info][gc] GC(3445) Pause Young (G1 Evacuation Pause) 237M->22M(368M) 1,177ms
[822,661s][info][gc] GC(3446) Pause Young (G1 Evacuation Pause) 237M->22M(368M) 2,452ms
[822,904s][info][gc] GC(3447) Pause Young (G1 Evacuation Pause) 236M->22M(368M) 1,078ms
[823,136s][info][gc] GC(3448) Pause Young (G1 Evacuation Pause) 237M->22M(368M) 1,101ms
[823,386s][info][gc] GC(3449) Pause Young (G1 Evacuation Pause) 237M->22M(368M) 1,889ms
[823,642s][info][gc] GC(3450) Pause Young (G1 Evacuation Pause) 237M->22M(368M) 3,870ms
[823,889s][info][gc] GC(3451) Pause Young (G1 Evacuation Pause) 236M->22M(368M) 3,886ms
[824,144s][info][gc] GC(3452) Pause Young (G1 Evacuation Pause) 237M->22M(368M) 1,648ms
[824,402s][info][gc] GC(3453) Pause Young (G1 Evacuation Pause) 237M->22M(368M) 2,416ms
[824,635s][info][gc] GC(3454) Pause Young (G1 Evacuation Pause) 237M->22M(368M) 1,102ms
[824,867s][info][gc] GC(3455) Pause Young (G1 Evacuation Pause) 237M->22M(368M) 1,240ms
[825,100s][info][gc] GC(3456) Pause Young (G1 Evacuation Pause) 237M->22M(368M) 1,886ms
[825,332s][info][gc] GC(3457) Pause Young (G1 Evacuation Pause) 236M->22M(368M) 1,255ms
[825,589s][info][gc] GC(3458) Pause Young (G1 Evacuation Pause) 237M->22M(368M) 1,835ms
[825,843s][info][gc] GC(3459) Pause Young (G1 Evacuation Pause) 237M->22M(368M) 1,769ms
[826,094s][info][gc] GC(3460) Pause Young (G1 Evacuation Pause) 237M->22M(368M) 1,263ms
[826,326s][info][gc] GC(3461) Pause Young (G1 Evacuation Pause) 237M->22M(368M) 1,295ms
[826,560s][info][gc] GC(3462) Pause Young (G1 Evacuation Pause) 237M->23M(368M) 1,425ms
[826,792s][info][gc] GC(3463) Pause Young (G1 Evacuation Pause) 237M->22M(368M) 1,312ms
[827,049s][info][gc] GC(3464) Pause Young (G1 Evacuation Pause) 237M->22M(368M) 3,648ms
[827,303s][info][gc] GC(3465) Pause Young (G1 Evacuation Pause) 237M->22M(368M) 1,883ms
[827,562s][info][gc] GC(3466) Pause Young (G1 Evacuation Pause) 237M->22M(368M) 1,712ms
[827,816s][info][gc] GC(3467) Pause Young (G1 Evacuation Pause) 237M->23M(368M) 1,810ms
[828,075s][info][gc] GC(3468) Pause Young (G1 Evacuation Pause) 237M->22M(368M) 2,520ms
[828,307s][info][gc] GC(3469) Pause Young (G1 Evacuation Pause) 237M->22M(368M) 1,239ms
[828,554s][info][gc] GC(3470) Pause Young (G1 Evacuation Pause) 237M->22M(368M) 1,210ms
[828,786s][info][gc] GC(3471) Pause Young (G1 Evacuation Pause) 237M->22M(368M) 1,120ms
[829,028s][info][gc] GC(3472) Pause Young (G1 Evacuation Pause) 237M->23M(368M) 1,504ms
[829,260s][info][gc] GC(3473) Pause Young (G1 Evacuation Pause) 237M->22M(368M) 1,075ms
[829,517s][info][gc] GC(3474) Pause Young (G1 Evacuation Pause) 237M->22M(368M) 1,680ms
[829,771s][info][gc] GC(3475) Pause Young (G1 Evacuation Pause) 237M->22M(368M) 1,868ms
[830,031s][info][gc] GC(3476) Pause Young (G1 Evacuation Pause) 237M->22M(368M) 1,732ms
[830,285s][info][gc] GC(3477) Pause Young (G1 Evacuation Pause) 237M->22M(368M) 1,844ms
[830,545s][info][gc] GC(3478) Pause Young (G1 Evacuation Pause) 236M->22M(368M) 1,717ms
[830,799s][info][gc] GC(3479) Pause Young (G1 Evacuation Pause) 237M->22M(368M) 1,806ms
[831,046s][info][gc] GC(3480) Pause Young (G1 Evacuation Pause) 237M->22M(368M) 1,155ms
[831,279s][info][gc] GC(3481) Pause Young (G1 Evacuation Pause) 237M->22M(368M) 2,073ms
[831,532s][info][gc] GC(3482) Pause Young (G1 Evacuation Pause) 236M->21M(368M) 1,383ms
[831,766s][info][gc] GC(3483) Pause Young (G1 Evacuation Pause) 236M->21M(368M) 1,638ms
[832,018s][info][gc] GC(3484) Pause Young (G1 Evacuation Pause) 236M->22M(368M) 1,742ms
[832,272s][info][gc] GC(3485) Pause Young (G1 Evacuation Pause) 237M->22M(368M) 1,783ms
[832,532s][info][gc] GC(3486) Pause Young (G1 Evacuation Pause) 237M->22M(368M) 2,270ms
[832,766s][info][gc] GC(3487) Pause Young (G1 Evacuation Pause) 237M->22M(368M) 1,394ms
[833,018s][info][gc] GC(3488) Pause Young (G1 Evacuation Pause) 237M->23M(368M) 1,964ms
[833,254s][info][gc] GC(3489) Pause Young (G1 Evacuation Pause) 237M->22M(368M) 1,440ms
[833,506s][info][gc] GC(3490) Pause Young (G1 Evacuation Pause) 237M->22M(368M) 1,980ms
[833,760s][info][gc] GC(3491) Pause Young (G1 Evacuation Pause) 237M->22M(368M) 1,643ms
[834,014s][info][gc] GC(3492) Pause Young (G1 Evacuation Pause) 237M->22M(368M) 1,813ms
[834,268s][info][gc] GC(3493) Pause Young (G1 Evacuation Pause) 237M->23M(368M) 1,854ms
[834,524s][info][gc] GC(3494) Pause Young (G1 Evacuation Pause) 237M->22M(368M) 1,810ms
[834,760s][info][gc] GC(3495) Pause Young (G1 Evacuation Pause) 237M->22M(368M) 1,571ms
[834,993s][info][gc] GC(3496) Pause Young (G1 Evacuation Pause) 237M->22M(368M) 1,468ms
[835,226s][info][gc] GC(3497) Pause Young (G1 Evacuation Pause) 237M->22M(368M) 1,402ms
[835,476s][info][gc] GC(3498) Pause Young (G1 Evacuation Pause) 237M->22M(368M) 1,831ms
[835,730s][info][gc] GC(3499) Pause Young (G1 Evacuation Pause) 236M->22M(368M) 1,799ms
[835,989s][info][gc] GC(3500) Pause Young (G1 Evacuation Pause) 237M->22M(368M) 1,662ms
[836,249s][info][gc] GC(3501) Pause Young (G1 Evacuation Pause) 237M->22M(368M) 1,767ms
[836,514s][info][gc] GC(3502) Pause Young (G1 Evacuation Pause) 237M->22M(368M) 5,473ms
[836,746s][info][gc] GC(3503) Pause Young (G1 Evacuation Pause) 237M->23M(368M) 1,146ms
[836,994s][info][gc] GC(3504) Pause Young (G1 Evacuation Pause) 237M->22M(368M) 1,587ms
[837,248s][info][gc] GC(3505) Pause Young (G1 Evacuation Pause) 237M->22M(368M) 1,680ms
[837,509s][info][gc] GC(3506) Pause Young (G1 Evacuation Pause) 237M->22M(368M) 2,465ms
[837,743s][info][gc] GC(3507) Pause Young (G1 Evacuation Pause) 237M->22M(368M) 1,157ms
[837,994s][info][gc] GC(3508) Pause Young (G1 Evacuation Pause) 237M->22M(368M) 1,828ms
[838,234s][info][gc] GC(3509) Pause Young (G1 Evacuation Pause) 237M->23M(368M) 1,269ms
[838,466s][info][gc] GC(3510) Pause Young (G1 Evacuation Pause) 237M->22M(368M) 1,209ms
[838,698s][info][gc] GC(3511) Pause Young (G1 Evacuation Pause) 237M->22M(368M) 1,432ms
[838,946s][info][gc] GC(3512) Pause Young (G1 Evacuation Pause) 237M->22M(368M) 1,886ms
[839,200s][info][gc] GC(3513) Pause Young (G1 Evacuation Pause) 237M->22M(368M) 1,672ms
[839,462s][info][gc] GC(3514) Pause Young (G1 Evacuation Pause) 237M->23M(368M) 2,522ms
[839,705s][info][gc] GC(3515) Pause Young (G1 Evacuation Pause) 237M->22M(368M) 1,028ms
[839,937s][info][gc] GC(3516) Pause Young (G1 Evacuation Pause) 237M->22M(368M) 1,071ms
[840,170s][info][gc] GC(3517) Pause Young (G1 Evacuation Pause) 237M->22M(368M) 1,306ms
[840,416s][info][gc] GC(3518) Pause Young (G1 Evacuation Pause) 237M->22M(368M) 3,151ms
[840,653s][info][gc] GC(3519) Pause Young (G1 Evacuation Pause) 237M->23M(368M) 2,348ms
[840,897s][info][gc] GC(3520) Pause Young (G1 Evacuation Pause) 237M->21M(368M) 2,226ms
[841,154s][info][gc] GC(3521) Pause Young (G1 Evacuation Pause) 236M->22M(368M) 1,814ms
[841,412s][info][gc] GC(3522) Pause Young (G1 Evacuation Pause) 237M->22M(368M) 2,406ms
[841,667s][info][gc] GC(3523) Pause Young (G1 Evacuation Pause) 237M->22M(368M) 2,000ms
[841,920s][info][gc] GC(3524) Pause Young (G1 Evacuation Pause) 237M->22M(368M) 1,850ms
[842,174s][info][gc] GC(3525) Pause Young (G1 Evacuation Pause) 236M->22M(368M) 1,784ms
[842,436s][info][gc] GC(3526) Pause Young (G1 Evacuation Pause) 237M->22M(368M) 2,341ms
[842,686s][info][gc] GC(3527) Pause Young (G1 Evacuation Pause) 237M->22M(368M) 1,271ms
[842,938s][info][gc] GC(3528) Pause Young (G1 Evacuation Pause) 237M->22M(368M) 5,381ms
[843,170s][info][gc] GC(3529) Pause Young (G1 Evacuation Pause) 237M->22M(368M) 1,276ms
[843,402s][info][gc] GC(3530) Pause Young (G1 Evacuation Pause) 237M->23M(368M) 1,334ms
[843,634s][info][gc] GC(3531) Pause Young (G1 Evacuation Pause) 237M->22M(368M) 1,224ms
[843,871s][info][gc] GC(3532) Pause Young (G1 Evacuation Pause) 237M->22M(368M) 3,855ms
[844,132s][info][gc] GC(3533) Pause Young (G1 Evacuation Pause) 237M->22M(368M) 1,874ms
[844,386s][info][gc] GC(3534) Pause Young (G1 Evacuation Pause) 237M->22M(368M) 1,866ms
[844,641s][info][gc] GC(3535) Pause Young (G1 Evacuation Pause) 237M->22M(368M) 3,319ms
[844,892s][info][gc] GC(3536) Pause Young (G1 Evacuation Pause) 236M->22M(368M) 1,983ms
[845,130s][info][gc] GC(3537) Pause Young (G1 Evacuation Pause) 237M->22M(368M) 1,139ms
[845,362s][info][gc] GC(3538) Pause Young (G1 Evacuation Pause) 237M->22M(368M) 1,296ms
[845,608s][info][gc] GC(3539) Pause Young (G1 Evacuation Pause) 237M->22M(368M) 1,572ms
[845,840s][info][gc] GC(3540) Pause Young (G1 Evacuation Pause) 237M->22M(368M) 1,324ms
[846,102s][info][gc] GC(3541) Pause Young (G1 Evacuation Pause) 236M->21M(368M) 2,684ms
[846,356s][info][gc] GC(3542) Pause Young (G1 Evacuation Pause) 236M->22M(368M) 1,642ms
[846,617s][info][gc] GC(3543) Pause Young (G1 Evacuation Pause) 237M->22M(368M) 1,777ms
[846,883s][info][gc] GC(3544) Pause Young (G1 Evacuation Pause) 237M->22M(368M) 2,566ms
[847,137s][info][gc] GC(3545) Pause Young (G1 Evacuation Pause) 237M->22M(368M) 1,800ms
[847,391s][info][gc] GC(3546) Pause Young (G1 Evacuation Pause) 236M->22M(368M) 1,632ms
[847,645s][info][gc] GC(3547) Pause Young (G1 Evacuation Pause) 237M->22M(368M) 1,829ms
[847,904s][info][gc] GC(3548) Pause Young (G1 Evacuation Pause) 237M->22M(368M) 2,371ms
[848,152s][info][gc] GC(3549) Pause Young (G1 Evacuation Pause) 237M->22M(368M) 1,770ms
[848,412s][info][gc] GC(3550) Pause Young (G1 Evacuation Pause) 237M->22M(368M) 1,882ms
[848,654s][info][gc] GC(3551) Pause Young (G1 Evacuation Pause) 236M->22M(368M) 1,181ms
[848,897s][info][gc] GC(3552) Pause Young (G1 Evacuation Pause) 237M->22M(368M) 2,332ms
[849,158s][info][gc] GC(3553) Pause Young (G1 Evacuation Pause) 237M->22M(368M) 1,708ms
[849,414s][info][gc] GC(3554) Pause Young (G1 Evacuation Pause) 237M->22M(368M) 1,114ms
[849,646s][info][gc] GC(3555) Pause Young (G1 Evacuation Pause) 237M->22M(368M) 1,165ms
[849,887s][info][gc] GC(3556) Pause Young (G1 Evacuation Pause) 237M->23M(368M) 4,229ms
[850,143s][info][gc] GC(3557) Pause Young (G1 Evacuation Pause) 237M->22M(368M) 1,695ms
[850,398s][info][gc] GC(3558) Pause Young (G1 Evacuation Pause) 237M->22M(368M) 2,938ms
[850,650s][info][gc] GC(3559) Pause Young (G1 Evacuation Pause) 237M->22M(368M) 1,907ms
[850,910s][info][gc] GC(3560) Pause Young (G1 Evacuation Pause) 237M->22M(368M) 2,165ms
[851,144s][info][gc] GC(3561) Pause Young (G1 Evacuation Pause) 237M->23M(368M) 1,295ms
[851,385s][info][gc] GC(3562) Pause Young (G1 Evacuation Pause) 237M->22M(368M) 3,977ms
[851,640s][info][gc] GC(3563) Pause Young (G1 Evacuation Pause) 237M->22M(368M) 1,784ms
[851,885s][info][gc] GC(3564) Pause Young (G1 Evacuation Pause) 237M->22M(368M) 3,882ms
[852,141s][info][gc] GC(3565) Pause Young (G1 Evacuation Pause) 237M->22M(368M) 3,307ms
[852,400s][info][gc] GC(3566) Pause Young (G1 Evacuation Pause) 237M->22M(368M) 2,188ms
[852,640s][info][gc] GC(3567) Pause Young (G1 Evacuation Pause) 236M->22M(368M) 1,282ms
[852,872s][info][gc] GC(3568) Pause Young (G1 Evacuation Pause) 237M->22M(368M) 1,333ms
[853,105s][info][gc] GC(3569) Pause Young (G1 Evacuation Pause) 237M->22M(368M) 1,086ms
[853,337s][info][gc] GC(3570) Pause Young (G1 Evacuation Pause) 237M->22M(368M) 1,254ms
[853,600s][info][gc] GC(3571) Pause Young (G1 Evacuation Pause) 237M->22M(368M) 1,891ms
[853,854s][info][gc] GC(3572) Pause Young (G1 Evacuation Pause) 236M->22M(368M) 1,657ms
[854,115s][info][gc] GC(3573) Pause Young (G1 Evacuation Pause) 237M->22M(368M) 1,809ms
[854,373s][info][gc] GC(3574) Pause Young (G1 Evacuation Pause) 237M->22M(368M) 3,869ms
[854,628s][info][gc] GC(3575) Pause Young (G1 Evacuation Pause) 237M->22M(368M) 1,817ms
[854,866s][info][gc] GC(3576) Pause Young (G1 Evacuation Pause) 237M->22M(368M) 3,929ms
[855,121s][info][gc] GC(3577) Pause Young (G1 Evacuation Pause) 237M->23M(368M) 1,876ms
[855,378s][info][gc] GC(3578) Pause Young (G1 Evacuation Pause) 237M->22M(368M) 2,379ms
[855,632s][info][gc] GC(3579) Pause Young (G1 Evacuation Pause) 237M->22M(368M) 1,686ms
[855,884s][info][gc] GC(3580) Pause Young (G1 Evacuation Pause) 237M->22M(368M) 4,211ms
[856,118s][info][gc] GC(3581) Pause Young (G1 Evacuation Pause) 237M->22M(368M) 1,410ms
[856,351s][info][gc] GC(3582) Pause Young (G1 Evacuation Pause) 237M->23M(368M) 1,393ms
[856,598s][info][gc] GC(3583) Pause Young (G1 Evacuation Pause) 237M->22M(368M) 1,186ms
[856,860s][info][gc] GC(3584) Pause Young (G1 Evacuation Pause) 237M->22M(368M) 1,769ms
[857,114s][info][gc] GC(3585) Pause Young (G1 Evacuation Pause) 237M->22M(368M) 1,780ms
[857,371s][info][gc] GC(3586) Pause Young (G1 Evacuation Pause) 237M->22M(368M) 3,116ms
[857,628s][info][gc] GC(3587) Pause Young (G1 Evacuation Pause) 237M->22M(368M) 1,827ms
[857,882s][info][gc] GC(3588) Pause Young (G1 Evacuation Pause) 236M->22M(368M) 1,598ms
[858,118s][info][gc] GC(3589) Pause Young (G1 Evacuation Pause) 237M->22M(368M) 1,187ms
[858,350s][info][gc] GC(3590) Pause Young (G1 Evacuation Pause) 237M->22M(368M) 1,199ms
[858,582s][info][gc] GC(3591) Pause Young (G1 Evacuation Pause) 237M->22M(368M) 1,344ms
[858,814s][info][gc] GC(3592) Pause Young (G1 Evacuation Pause) 237M->22M(368M) 1,202ms
[859,070s][info][gc] GC(3593) Pause Young (G1 Evacuation Pause) 236M->22M(368M) 1,667ms
[859,324s][info][gc] GC(3594) Pause Young (G1 Evacuation Pause) 237M->22M(368M) 1,624ms
[859,576s][info][gc] GC(3595) Pause Young (G1 Evacuation Pause) 237M->22M(368M) 1,930ms
[859,808s][info][gc] GC(3596) Pause Young (G1 Evacuation Pause) 237M->22M(368M) 1,266ms
[860,070s][info][gc] GC(3597) Pause Young (G1 Evacuation Pause) 237M->22M(368M) 1,924ms
[860,324s][info][gc] GC(3598) Pause Young (G1 Evacuation Pause) 236M->22M(368M) 1,620ms
[860,573s][info][gc] GC(3599) Pause Young (G1 Evacuation Pause) 237M->22M(368M) 1,038ms
[860,822s][info][gc] GC(3600) Pause Young (G1 Evacuation Pause) 237M->22M(368M) 1,399ms
[861,084s][info][gc] GC(3601) Pause Young (G1 Evacuation Pause) 237M->22M(368M) 1,772ms
[861,338s][info][gc] GC(3602) Pause Young (G1 Evacuation Pause) 237M->22M(368M) 1,856ms
[861,592s][info][gc] GC(3603) Pause Young (G1 Evacuation Pause) 237M->23M(368M) 1,687ms
[861,846s][info][gc] GC(3604) Pause Young (G1 Evacuation Pause) 237M->22M(368M) 1,771ms
[862,079s][info][gc] GC(3605) Pause Young (G1 Evacuation Pause) 237M->22M(368M) 1,064ms
[862,312s][info][gc] GC(3606) Pause Young (G1 Evacuation Pause) 237M->22M(368M) 1,437ms
[862,575s][info][gc] GC(3607) Pause Young (G1 Evacuation Pause) 237M->22M(368M) 2,300ms
[862,831s][info][gc] GC(3608) Pause Young (G1 Evacuation Pause) 237M->22M(368M) 3,361ms
[863,086s][info][gc] GC(3609) Pause Young (G1 Evacuation Pause) 236M->22M(368M) 1,120ms
[863,318s][info][gc] GC(3610) Pause Young (G1 Evacuation Pause) 237M->22M(368M) 1,089ms
[863,578s][info][gc] GC(3611) Pause Young (G1 Evacuation Pause) 237M->22M(368M) 3,298ms
[863,812s][info][gc] GC(3612) Pause Young (G1 Evacuation Pause) 237M->22M(368M) 1,259ms
[864,044s][info][gc] GC(3613) Pause Young (G1 Evacuation Pause) 237M->22M(368M) 1,248ms
[864,276s][info][gc] GC(3614) Pause Young (G1 Evacuation Pause) 236M->22M(368M) 1,042ms
[864,529s][info][gc] GC(3615) Pause Young (G1 Evacuation Pause) 237M->22M(368M) 1,050ms
[864,782s][info][gc] GC(3616) Pause Young (G1 Evacuation Pause) 237M->22M(368M) 2,248ms
[865,037s][info][gc] GC(3617) Pause Young (G1 Evacuation Pause) 237M->22M(368M) 1,509ms
[865,270s][info][gc] GC(3618) Pause Young (G1 Evacuation Pause) 237M->22M(368M) 1,488ms
[865,518s][info][gc] GC(3619) Pause Young (G1 Evacuation Pause) 236M->22M(368M) 1,078ms
[865,750s][info][gc] GC(3620) Pause Young (G1 Evacuation Pause) 237M->22M(368M) 1,240ms
[866,000s][info][gc] GC(3621) Pause Young (G1 Evacuation Pause) 237M->22M(368M) 1,666ms
[866,254s][info][gc] GC(3622) Pause Young (G1 Evacuation Pause) 237M->22M(368M) 1,790ms
[866,512s][info][gc] GC(3623) Pause Young (G1 Evacuation Pause) 237M->22M(368M) 2,035ms
[866,764s][info][gc] GC(3624) Pause Young (G1 Evacuation Pause) 236M->22M(368M) 1,470ms
[867,019s][info][gc] GC(3625) Pause Young (G1 Evacuation Pause) 237M->22M(368M) 1,653ms
[867,273s][info][gc] GC(3626) Pause Young (G1 Evacuation Pause) 237M->22M(368M) 1,621ms
[867,530s][info][gc] GC(3627) Pause Young (G1 Evacuation Pause) 237M->22M(368M) 1,735ms
[867,784s][info][gc] GC(3628) Pause Young (G1 Evacuation Pause) 237M->22M(368M) 1,715ms
[868,043s][info][gc] GC(3629) Pause Young (G1 Evacuation Pause) 237M->22M(368M) 1,789ms
[868,276s][info][gc] GC(3630) Pause Young (G1 Evacuation Pause) 236M->22M(368M) 1,229ms
[868,526s][info][gc] GC(3631) Pause Young (G1 Evacuation Pause) 237M->22M(368M) 2,549ms
[868,773s][info][gc] GC(3632) Pause Young (G1 Evacuation Pause) 237M->22M(368M) 1,730ms
[869,036s][info][gc] GC(3633) Pause Young (G1 Evacuation Pause) 237M->22M(368M) 1,745ms
[869,290s][info][gc] GC(3634) Pause Young (G1 Evacuation Pause) 237M->22M(368M) 1,926ms
[869,551s][info][gc] GC(3635) Pause Young (G1 Evacuation Pause) 236M->22M(368M) 1,699ms
[869,805s][info][gc] GC(3636) Pause Young (G1 Evacuation Pause) 237M->22M(368M) 1,766ms
[870,066s][info][gc] GC(3637) Pause Young (G1 Evacuation Pause) 237M->22M(368M) 1,631ms
[870,319s][info][gc] GC(3638) Pause Young (G1 Evacuation Pause) 237M->22M(368M) 1,728ms
[870,552s][info][gc] GC(3639) Pause Young (G1 Evacuation Pause) 237M->22M(368M) 1,259ms
[870,784s][info][gc] GC(3640) Pause Young (G1 Evacuation Pause) 236M->22M(368M) 1,154ms
[871,044s][info][gc] GC(3641) Pause Young (G1 Evacuation Pause) 237M->22M(368M) 2,408ms
[871,301s][info][gc] GC(3642) Pause Young (G1 Evacuation Pause) 237M->22M(368M) 1,774ms
[871,561s][info][gc] GC(3643) Pause Young (G1 Evacuation Pause) 237M->22M(368M) 1,866ms
[871,815s][info][gc] GC(3644) Pause Young (G1 Evacuation Pause) 237M->22M(368M) 1,903ms
[872,069s][info][gc] GC(3645) Pause Young (G1 Evacuation Pause) 237M->23M(368M) 1,919ms
[872,302s][info][gc] GC(3646) Pause Young (G1 Evacuation Pause) 237M->22M(368M) 1,046ms
[872,558s][info][gc] GC(3647) Pause Young (G1 Evacuation Pause) 237M->22M(368M) 1,201ms
[872,810s][info][gc] GC(3648) Pause Young (G1 Evacuation Pause) 237M->22M(368M) 3,158ms
[873,066s][info][gc] GC(3649) Pause Young (G1 Evacuation Pause) 237M->22M(368M) 2,070ms
[873,298s][info][gc] GC(3650) Pause Young (G1 Evacuation Pause) 236M->22M(368M) 1,194ms
[873,530s][info][gc] GC(3651) Pause Young (G1 Evacuation Pause) 237M->22M(368M) 1,159ms
[873,771s][info][gc] GC(3652) Pause Young (G1 Evacuation Pause) 237M->22M(368M) 1,393ms
[874,025s][info][gc] GC(3653) Pause Young (G1 Evacuation Pause) 237M->22M(368M) 1,646ms
[874,279s][info][gc] GC(3654) Pause Young (G1 Evacuation Pause) 237M->22M(368M) 1,413ms
[874,534s][info][gc] GC(3655) Pause Young (G1 Evacuation Pause) 237M->22M(368M) 2,670ms
[874,767s][info][gc] GC(3656) Pause Young (G1 Evacuation Pause) 236M->22M(368M) 1,101ms
[874,999s][info][gc] GC(3657) Pause Young (G1 Evacuation Pause) 237M->22M(368M) 1,201ms
[875,257s][info][gc] GC(3658) Pause Young (G1 Evacuation Pause) 237M->22M(368M) 1,837ms
[875,511s][info][gc] GC(3659) Pause Young (G1 Evacuation Pause) 237M->22M(368M) 1,761ms
[875,761s][info][gc] GC(3660) Pause Young (G1 Evacuation Pause) 237M->22M(368M) 1,552ms
[876,009s][info][gc] GC(3661) Pause Young (G1 Evacuation Pause) 237M->23M(368M) 1,874ms
[876,263s][info][gc] GC(3662) Pause Young (G1 Evacuation Pause) 237M->22M(368M) 1,755ms
[876,519s][info][gc] GC(3663) Pause Young (G1 Evacuation Pause) 237M->22M(368M) 3,998ms
[876,780s][info][gc] GC(3664) Pause Young (G1 Evacuation Pause) 237M->22M(368M) 2,427ms
[877,047s][info][gc] GC(3665) Pause Young (G1 Evacuation Pause) 237M->22M(368M) 1,553ms
[877,280s][info][gc] GC(3666) Pause Young (G1 Evacuation Pause) 237M->23M(368M) 1,630ms
[877,544s][info][gc] GC(3667) Pause Young (G1 Evacuation Pause) 237M->22M(368M) 1,705ms
[877,798s][info][gc] GC(3668) Pause Young (G1 Evacuation Pause) 237M->22M(368M) 1,700ms
[878,032s][info][gc] GC(3669) Pause Young (G1 Evacuation Pause) 237M->22M(368M) 1,593ms
[878,264s][info][gc] GC(3670) Pause Young (G1 Evacuation Pause) 237M->22M(368M) 1,327ms
[878,519s][info][gc] GC(3671) Pause Young (G1 Evacuation Pause) 237M->23M(368M) 1,865ms
[878,773s][info][gc] GC(3672) Pause Young (G1 Evacuation Pause) 237M->22M(368M) 1,734ms
[879,029s][info][gc] GC(3673) Pause Young (G1 Evacuation Pause) 237M->22M(368M) 1,837ms
[879,283s][info][gc] GC(3674) Pause Young (G1 Evacuation Pause) 237M->22M(368M) 1,788ms
[879,540s][info][gc] GC(3675) Pause Young (G1 Evacuation Pause) 237M->22M(368M) 1,672ms
[879,800s][info][gc] GC(3676) Pause Young (G1 Evacuation Pause) 237M->22M(368M) 1,718ms
[880,058s][info][gc] GC(3677) Pause Young (G1 Evacuation Pause) 236M->22M(368M) 1,799ms
[880,294s][info][gc] GC(3678) Pause Young (G1 Evacuation Pause) 237M->22M(368M) 1,200ms
[880,536s][info][gc] GC(3679) Pause Young (G1 Evacuation Pause) 237M->22M(368M) 1,213ms
[880,768s][info][gc] GC(3680) Pause Young (G1 Evacuation Pause) 237M->22M(368M) 1,274ms
[881,000s][info][gc] GC(3681) Pause Young (G1 Evacuation Pause) 237M->22M(368M) 1,138ms
[881,232s][info][gc] GC(3682) Pause Young (G1 Evacuation Pause) 236M->22M(368M) 1,030ms
[881,464s][info][gc] GC(3683) Pause Young (G1 Evacuation Pause) 237M->22M(368M) 1,175ms
[881,696s][info][gc] GC(3684) Pause Young (G1 Evacuation Pause) 237M->22M(368M) 1,127ms
[881,942s][info][gc] GC(3685) Pause Young (G1 Evacuation Pause) 237M->22M(368M) 1,479ms
[882,174s][info][gc] GC(3686) Pause Young (G1 Evacuation Pause) 237M->22M(368M) 1,313ms
[882,418s][info][gc] GC(3687) Pause Young (G1 Evacuation Pause) 237M->23M(368M) 1,873ms
[882,652s][info][gc] GC(3688) Pause Young (G1 Evacuation Pause) 237M->22M(368M) 1,324ms
[882,893s][info][gc] GC(3689) Pause Young (G1 Evacuation Pause) 237M->22M(368M) 2,203ms
[883,141s][info][gc] GC(3690) Pause Young (G1 Evacuation Pause) 237M->22M(368M) 1,090ms
[883,378s][info][gc] GC(3691) Pause Young (G1 Evacuation Pause) 237M->22M(368M) 4,227ms
[883,636s][info][gc] GC(3692) Pause Young (G1 Evacuation Pause) 237M->23M(368M) 1,760ms
[883,890s][info][gc] GC(3693) Pause Young (G1 Evacuation Pause) 237M->22M(368M) 1,936ms
[884,141s][info][gc] GC(3694) Pause Young (G1 Evacuation Pause) 237M->22M(368M) 1,234ms
[884,373s][info][gc] GC(3695) Pause Young (G1 Evacuation Pause) 237M->22M(368M) 1,276ms
[884,605s][info][gc] GC(3696) Pause Young (G1 Evacuation Pause) 237M->22M(368M) 1,347ms
[884,838s][info][gc] GC(3697) Pause Young (G1 Evacuation Pause) 237M->22M(368M) 1,472ms
[885,097s][info][gc] GC(3698) Pause Young (G1 Evacuation Pause) 236M->22M(368M) 1,762ms
[885,330s][info][gc] GC(3699) Pause Young (G1 Evacuation Pause) 237M->22M(368M) 1,104ms
[885,593s][info][gc] GC(3700) Pause Young (G1 Evacuation Pause) 237M->22M(368M) 1,736ms
[885,826s][info][gc] GC(3701) Pause Young (G1 Evacuation Pause) 237M->22M(368M) 1,128ms
[886,091s][info][gc] GC(3702) Pause Young (G1 Evacuation Pause) 237M->22M(368M) 1,761ms
[886,326s][info][gc] GC(3703) Pause Young (G1 Evacuation Pause) 236M->22M(368M) 1,425ms
[886,583s][info][gc] GC(3704) Pause Young (G1 Evacuation Pause) 237M->22M(368M) 1,688ms
[886,837s][info][gc] GC(3705) Pause Young (G1 Evacuation Pause) 237M->22M(368M) 1,771ms
[887,091s][info][gc] GC(3706) Pause Young (G1 Evacuation Pause) 237M->22M(368M) 1,655ms
[887,345s][info][gc] GC(3707) Pause Young (G1 Evacuation Pause) 237M->22M(368M) 1,925ms
[887,607s][info][gc] GC(3708) Pause Young (G1 Evacuation Pause) 237M->23M(368M) 1,610ms
[887,867s][info][gc] GC(3709) Pause Young (G1 Evacuation Pause) 237M->22M(368M) 2,048ms
[888,122s][info][gc] GC(3710) Pause Young (G1 Evacuation Pause) 237M->22M(368M) 1,211ms
[888,359s][info][gc] GC(3711) Pause Young (G1 Evacuation Pause) 237M->22M(368M) 3,859ms
[888,610s][info][gc] GC(3712) Pause Young (G1 Evacuation Pause) 237M->22M(368M) 2,219ms
[888,844s][info][gc] GC(3713) Pause Young (G1 Evacuation Pause) 237M->22M(368M) 2,244ms
[889,076s][info][gc] GC(3714) Pause Young (G1 Evacuation Pause) 236M->22M(368M) 1,325ms
[889,310s][info][gc] GC(3715) Pause Young (G1 Evacuation Pause) 237M->22M(368M) 1,406ms
[889,565s][info][gc] GC(3716) Pause Young (G1 Evacuation Pause) 237M->22M(368M) 1,857ms
[889,805s][info][gc] GC(3717) Pause Young (G1 Evacuation Pause) 237M->22M(368M) 2,873ms
[890,038s][info][gc] GC(3718) Pause Young (G1 Evacuation Pause) 237M->23M(368M) 1,135ms
[890,270s][info][gc] GC(3719) Pause Young (G1 Evacuation Pause) 237M->22M(368M) 1,163ms
[890,524s][info][gc] GC(3720) Pause Young (G1 Evacuation Pause) 237M->22M(368M) 1,861ms
[890,757s][info][gc] GC(3721) Pause Young (G1 Evacuation Pause) 237M->22M(368M) 1,237ms
[891,009s][info][gc] GC(3722) Pause Young (G1 Evacuation Pause) 236M->21M(368M) 1,375ms
[891,242s][info][gc] GC(3723) Pause Young (G1 Evacuation Pause) 237M->22M(368M) 1,509ms
[891,495s][info][gc] GC(3724) Pause Young (G1 Evacuation Pause) 236M->22M(368M) 1,658ms
[891,755s][info][gc] GC(3725) Pause Young (G1 Evacuation Pause) 237M->22M(368M) 1,588ms
[892,009s][info][gc] GC(3726) Pause Young (G1 Evacuation Pause) 237M->22M(368M) 1,882ms
[892,263s][info][gc] GC(3727) Pause Young (G1 Evacuation Pause) 237M->22M(368M) 1,713ms
[892,519s][info][gc] GC(3728) Pause Young (G1 Evacuation Pause) 237M->22M(368M) 1,993ms
[892,751s][info][gc] GC(3729) Pause Young (G1 Evacuation Pause) 236M->22M(368M) 1,147ms
[893,001s][info][gc] GC(3730) Pause Young (G1 Evacuation Pause) 237M->22M(368M) 1,729ms
[893,238s][info][gc] GC(3731) Pause Young (G1 Evacuation Pause) 237M->22M(368M) 1,069ms
[893,487s][info][gc] GC(3732) Pause Young (G1 Evacuation Pause) 237M->22M(368M) 1,648ms
[893,741s][info][gc] GC(3733) Pause Young (G1 Evacuation Pause) 237M->22M(368M) 1,913ms
[893,974s][info][gc] GC(3734) Pause Young (G1 Evacuation Pause) 237M->23M(368M) 1,352ms
[894,206s][info][gc] GC(3735) Pause Young (G1 Evacuation Pause) 237M->22M(368M) 1,094ms
[894,481s][info][gc] GC(3736) Pause Young (G1 Evacuation Pause) 237M->22M(368M) 1,886ms
[894,735s][info][gc] GC(3737) Pause Young (G1 Evacuation Pause) 237M->22M(368M) 1,728ms
[894,997s][info][gc] GC(3738) Pause Young (G1 Evacuation Pause) 237M->22M(368M) 1,777ms
[895,253s][info][gc] GC(3739) Pause Young (G1 Evacuation Pause) 237M->22M(368M) 3,597ms
[895,507s][info][gc] GC(3740) Pause Young (G1 Evacuation Pause) 236M->22M(368M) 1,656ms
[895,763s][info][gc] GC(3741) Pause Young (G1 Evacuation Pause) 237M->22M(368M) 1,100ms
[896,030s][info][gc] GC(3742) Pause Young (G1 Evacuation Pause) 237M->22M(368M) 3,261ms
[896,283s][info][gc] GC(3743) Pause Young (G1 Evacuation Pause) 237M->22M(368M) 1,858ms
[896,549s][info][gc] GC(3744) Pause Young (G1 Evacuation Pause) 237M->22M(368M) 1,311ms
[896,782s][info][gc] GC(3745) Pause Young (G1 Evacuation Pause) 236M->22M(368M) 1,318ms
[897,048s][info][gc] GC(3746) Pause Young (G1 Evacuation Pause) 237M->22M(368M) 2,432ms
[897,299s][info][gc] GC(3747) Pause Young (G1 Evacuation Pause) 237M->22M(368M) 1,382ms
[897,556s][info][gc] GC(3748) Pause Young (G1 Evacuation Pause) 237M->22M(368M) 1,692ms
[897,792s][info][gc] GC(3749) Pause Young (G1 Evacuation Pause) 237M->22M(368M) 1,250ms
[898,047s][info][gc] GC(3750) Pause Young (G1 Evacuation Pause) 236M->22M(368M) 1,650ms
[898,280s][info][gc] GC(3751) Pause Young (G1 Evacuation Pause) 237M->22M(368M) 1,341ms
[898,514s][info][gc] GC(3752) Pause Young (G1 Evacuation Pause) 237M->21M(368M) 2,971ms
[898,747s][info][gc] GC(3753) Pause Young (G1 Evacuation Pause) 236M->22M(368M) 1,463ms
[899,006s][info][gc] GC(3754) Pause Young (G1 Evacuation Pause) 237M->22M(368M) 2,490ms
[899,264s][info][gc] GC(3755) Pause Young (G1 Evacuation Pause) 236M->22M(368M) 1,559ms
[899,524s][info][gc] GC(3756) Pause Young (G1 Evacuation Pause) 237M->22M(368M) 2,398ms
[899,778s][info][gc] GC(3757) Pause Young (G1 Evacuation Pause) 237M->22M(368M) 1,756ms
[900,036s][info][gc] GC(3758) Pause Young (G1 Evacuation Pause) 237M->22M(368M) 1,703ms
[900,290s][info][gc] GC(3759) Pause Young (G1 Evacuation Pause) 237M->22M(368M) 1,766ms
[900,546s][info][gc] GC(3760) Pause Young (G1 Evacuation Pause) 236M->21M(368M) 1,030ms
[900,778s][info][gc] GC(3761) Pause Young (G1 Evacuation Pause) 236M->22M(368M) 1,079ms
[901,031s][info][gc] GC(3762) Pause Young (G1 Evacuation Pause) 237M->22M(368M) 2,185ms
[901,289s][info][gc] GC(3763) Pause Young (G1 Evacuation Pause) 237M->22M(368M) 1,626ms
[901,551s][info][gc] GC(3764) Pause Young (G1 Evacuation Pause) 237M->22M(368M) 1,761ms
[901,791s][info][gc] GC(3765) Pause Young (G1 Evacuation Pause) 236M->21M(368M) 1,048ms
[902,045s][info][gc] GC(3766) Pause Young (G1 Evacuation Pause) 236M->22M(368M) 1,724ms
[902,299s][info][gc] GC(3767) Pause Young (G1 Evacuation Pause) 237M->22M(368M) 1,704ms
[902,553s][info][gc] GC(3768) Pause Young (G1 Evacuation Pause) 237M->22M(368M) 1,840ms
[902,801s][info][gc] GC(3769) Pause Young (G1 Evacuation Pause) 237M->22M(368M) 1,145ms
[903,061s][info][gc] GC(3770) Pause Young (G1 Evacuation Pause) 237M->22M(368M) 2,982ms
[903,312s][info][gc] GC(3771) Pause Young (G1 Evacuation Pause) 236M->22M(368M) 1,615ms
[903,546s][info][gc] GC(3772) Pause Young (G1 Evacuation Pause) 237M->22M(368M) 1,374ms
[903,802s][info][gc] GC(3773) Pause Young (G1 Evacuation Pause) 237M->22M(368M) 1,348ms
[904,059s][info][gc] GC(3774) Pause Young (G1 Evacuation Pause) 237M->22M(368M) 1,802ms
[904,306s][info][gc] GC(3775) Pause Young (G1 Evacuation Pause) 237M->22M(368M) 1,207ms
[904,538s][info][gc] GC(3776) Pause Young (G1 Evacuation Pause) 237M->23M(368M) 1,256ms
[904,770s][info][gc] GC(3777) Pause Young (G1 Evacuation Pause) 237M->22M(368M) 1,170ms
[905,002s][info][gc] GC(3778) Pause Young (G1 Evacuation Pause) 237M->22M(368M) 1,258ms
[905,235s][info][gc] GC(3779) Pause Young (G1 Evacuation Pause) 237M->22M(368M) 1,472ms
[905,484s][info][gc] GC(3780) Pause Young (G1 Evacuation Pause) 237M->22M(368M) 1,715ms
[905,738s][info][gc] GC(3781) Pause Young (G1 Evacuation Pause) 237M->23M(368M) 1,873ms
[905,990s][info][gc] GC(3782) Pause Young (G1 Evacuation Pause) 237M->22M(368M) 1,314ms
[906,223s][info][gc] GC(3783) Pause Young (G1 Evacuation Pause) 237M->22M(368M) 1,152ms
[906,469s][info][gc] GC(3784) Pause Young (G1 Evacuation Pause) 237M->22M(368M) 1,642ms
[906,716s][info][gc] GC(3785) Pause Young (G1 Evacuation Pause) 237M->22M(368M) 1,225ms
[906,949s][info][gc] GC(3786) Pause Young (G1 Evacuation Pause) 237M->22M(368M) 1,862ms
[907,194s][info][gc] GC(3787) Pause Young (G1 Evacuation Pause) 236M->22M(368M) 2,299ms
[907,454s][info][gc] GC(3788) Pause Young (G1 Evacuation Pause) 237M->22M(368M) 1,798ms
[907,708s][info][gc] GC(3789) Pause Young (G1 Evacuation Pause) 237M->22M(368M) 1,766ms
[907,967s][info][gc] GC(3790) Pause Young (G1 Evacuation Pause) 237M->22M(368M) 1,816ms
[908,212s][info][gc] GC(3791) Pause Young (G1 Evacuation Pause) 237M->22M(368M) 1,266ms
[908,445s][info][gc] GC(3792) Pause Young (G1 Evacuation Pause) 236M->21M(368M) 1,925ms
[908,678s][info][gc] GC(3793) Pause Young (G1 Evacuation Pause) 236M->21M(368M) 1,957ms
[908,911s][info][gc] GC(3794) Pause Young (G1 Evacuation Pause) 236M->22M(368M) 1,322ms
[909,144s][info][gc] GC(3795) Pause Young (G1 Evacuation Pause) 237M->22M(368M) 1,551ms
[909,384s][info][gc] GC(3796) Pause Young (G1 Evacuation Pause) 236M->21M(368M) 3,657ms
[909,634s][info][gc] GC(3797) Pause Young (G1 Evacuation Pause) 236M->21M(368M) 1,181ms
[909,871s][info][gc] GC(3798) Pause Young (G1 Evacuation Pause) 236M->22M(368M) 4,030ms
[910,127s][info][gc] GC(3799) Pause Young (G1 Evacuation Pause) 237M->22M(368M) 1,777ms
[910,386s][info][gc] GC(3800) Pause Young (G1 Evacuation Pause) 237M->22M(368M) 2,410ms
[910,622s][info][gc] GC(3801) Pause Young (G1 Evacuation Pause) 237M->22M(368M) 2,469ms
[910,854s][info][gc] GC(3802) Pause Young (G1 Evacuation Pause) 236M->22M(368M) 1,142ms
[911,096s][info][gc] GC(3803) Pause Young (G1 Evacuation Pause) 237M->22M(368M) 1,737ms
[911,350s][info][gc] GC(3804) Pause Young (G1 Evacuation Pause) 237M->22M(368M) 1,850ms
[911,589s][info][gc] GC(3805) Pause Young (G1 Evacuation Pause) 237M->22M(368M) 1,367ms
[911,822s][info][gc] GC(3806) Pause Young (G1 Evacuation Pause) 237M->22M(368M) 1,400ms
[912,083s][info][gc] GC(3807) Pause Young (G1 Evacuation Pause) 237M->22M(368M) 2,508ms
[912,339s][info][gc] GC(3808) Pause Young (G1 Evacuation Pause) 236M->22M(368M) 1,790ms
[912,586s][info][gc] GC(3809) Pause Young (G1 Evacuation Pause) 237M->22M(368M) 1,049ms
[912,818s][info][gc] GC(3810) Pause Young (G1 Evacuation Pause) 237M->22M(368M) 1,390ms
[913,074s][info][gc] GC(3811) Pause Young (G1 Evacuation Pause) 237M->22M(368M) 2,104ms
[913,306s][info][gc] GC(3812) Pause Young (G1 Evacuation Pause) 237M->22M(368M) 1,301ms
[913,564s][info][gc] GC(3813) Pause Young (G1 Evacuation Pause) 237M->23M(368M) 1,809ms
[913,805s][info][gc] GC(3814) Pause Young (G1 Evacuation Pause) 237M->22M(368M) 1,537ms
[914,038s][info][gc] GC(3815) Pause Young (G1 Evacuation Pause) 237M->22M(368M) 1,497ms
[914,271s][info][gc] GC(3816) Pause Young (G1 Evacuation Pause) 237M->22M(368M) 1,568ms
[914,522s][info][gc] GC(3817) Pause Young (G1 Evacuation Pause) 237M->22M(368M) 1,840ms
[914,778s][info][gc] GC(3818) Pause Young (G1 Evacuation Pause) 237M->22M(368M) 3,518ms
[915,034s][info][gc] GC(3819) Pause Young (G1 Evacuation Pause) 236M->22M(368M) 1,741ms
[915,288s][info][gc] GC(3820) Pause Young (G1 Evacuation Pause) 237M->22M(368M) 1,761ms
[915,549s][info][gc] GC(3821) Pause Young (G1 Evacuation Pause) 237M->22M(368M) 1,844ms
[915,804s][info][gc] GC(3822) Pause Young (G1 Evacuation Pause) 237M->22M(368M) 1,921ms
[916,064s][info][gc] GC(3823) Pause Young (G1 Evacuation Pause) 237M->23M(368M) 1,733ms
[916,318s][info][gc] GC(3824) Pause Young (G1 Evacuation Pause) 237M->22M(368M) 1,715ms
[916,574s][info][gc] GC(3825) Pause Young (G1 Evacuation Pause) 237M->22M(368M) 1,200ms
[916,808s][info][gc] GC(3826) Pause Young (G1 Evacuation Pause) 237M->22M(368M) 1,432ms
[917,069s][info][gc] GC(3827) Pause Young (G1 Evacuation Pause) 237M->22M(368M) 1,798ms
[917,323s][info][gc] GC(3828) Pause Young (G1 Evacuation Pause) 237M->22M(368M) 1,769ms
[917,580s][info][gc] GC(3829) Pause Young (G1 Evacuation Pause) 236M->22M(368M) 1,640ms
[917,834s][info][gc] GC(3830) Pause Young (G1 Evacuation Pause) 237M->22M(368M) 1,790ms
[918,083s][info][gc] GC(3831) Pause Young (G1 Evacuation Pause) 237M->22M(368M) 1,234ms
[918,315s][info][gc] GC(3832) Pause Young (G1 Evacuation Pause) 237M->22M(368M) 1,281ms
[918,547s][info][gc] GC(3833) Pause Young (G1 Evacuation Pause) 237M->22M(368M) 1,316ms
[918,779s][info][gc] GC(3834) Pause Young (G1 Evacuation Pause) 236M->22M(368M) 1,063ms
[919,038s][info][gc] GC(3835) Pause Young (G1 Evacuation Pause) 237M->22M(368M) 1,418ms
[919,271s][info][gc] GC(3836) Pause Young (G1 Evacuation Pause) 237M->22M(368M) 1,490ms
[919,526s][info][gc] GC(3837) Pause Young (G1 Evacuation Pause) 237M->22M(368M) 1,838ms
[919,763s][info][gc] GC(3838) Pause Young (G1 Evacuation Pause) 237M->22M(368M) 1,269ms
[920,025s][info][gc] GC(3839) Pause Young (G1 Evacuation Pause) 237M->23M(368M) 1,853ms
[920,276s][info][gc] GC(3840) Pause Young (G1 Evacuation Pause) 237M->22M(368M) 1,227ms
[920,529s][info][gc] GC(3841) Pause Young (G1 Evacuation Pause) 237M->22M(368M) 2,077ms
[920,774s][info][gc] GC(3842) Pause Young (G1 Evacuation Pause) 237M->22M(368M) 2,300ms
[921,029s][info][gc] GC(3843) Pause Young (G1 Evacuation Pause) 237M->22M(368M) 1,927ms
[921,283s][info][gc] GC(3844) Pause Young (G1 Evacuation Pause) 237M->22M(368M) 1,984ms
[921,523s][info][gc] GC(3845) Pause Young (G1 Evacuation Pause) 236M->22M(368M) 1,218ms
[921,767s][info][gc] GC(3846) Pause Young (G1 Evacuation Pause) 237M->22M(368M) 1,615ms
[922,031s][info][gc] GC(3847) Pause Young (G1 Evacuation Pause) 237M->22M(368M) 2,263ms
[922,294s][info][gc] GC(3848) Pause Young (G1 Evacuation Pause) 237M->22M(368M) 1,915ms
[922,561s][info][gc] GC(3849) Pause Young (G1 Evacuation Pause) 236M->21M(368M) 2,278ms
[922,820s][info][gc] GC(3850) Pause Young (G1 Evacuation Pause) 236M->22M(368M) 1,873ms
[923,068s][info][gc] GC(3851) Pause Young (G1 Evacuation Pause) 237M->21M(368M) 2,106ms
[923,300s][info][gc] GC(3852) Pause Young (G1 Evacuation Pause) 236M->22M(368M) 1,274ms
[923,549s][info][gc] GC(3853) Pause Young (G1 Evacuation Pause) 237M->22M(368M) 1,612ms
[923,782s][info][gc] GC(3854) Pause Young (G1 Evacuation Pause) 237M->22M(368M) 1,651ms
[924,015s][info][gc] GC(3855) Pause Young (G1 Evacuation Pause) 236M->22M(368M) 1,547ms
[924,248s][info][gc] GC(3856) Pause Young (G1 Evacuation Pause) 237M->22M(368M) 1,617ms
[924,500s][info][gc] GC(3857) Pause Young (G1 Evacuation Pause) 237M->22M(368M) 3,311ms
[924,734s][info][gc] GC(3858) Pause Young (G1 Evacuation Pause) 237M->22M(368M) 1,259ms
[924,983s][info][gc] GC(3859) Pause Young (G1 Evacuation Pause) 237M->22M(368M) 1,666ms
[925,238s][info][gc] GC(3860) Pause Young (G1 Evacuation Pause) 237M->22M(368M) 2,636ms
[925,470s][info][gc] GC(3861) Pause Young (G1 Evacuation Pause) 236M->22M(368M) 1,187ms
[925,702s][info][gc] GC(3862) Pause Young (G1 Evacuation Pause) 237M->22M(368M) 1,068ms
[925,950s][info][gc] GC(3863) Pause Young (G1 Evacuation Pause) 237M->22M(368M) 1,794ms
[926,183s][info][gc] GC(3864) Pause Young (G1 Evacuation Pause) 237M->22M(368M) 1,176ms
[926,427s][info][gc] GC(3865) Pause Young (G1 Evacuation Pause) 237M->23M(368M) 1,777ms
[926,661s][info][gc] GC(3866) Pause Young (G1 Evacuation Pause) 237M->22M(368M) 1,403ms
[926,905s][info][gc] GC(3867) Pause Young (G1 Evacuation Pause) 237M->22M(368M) 1,980ms
[927,158s][info][gc] GC(3868) Pause Young (G1 Evacuation Pause) 237M->22M(368M) 1,714ms
[927,413s][info][gc] GC(3869) Pause Young (G1 Evacuation Pause) 237M->22M(368M) 1,406ms
[927,646s][info][gc] GC(3870) Pause Young (G1 Evacuation Pause) 237M->23M(368M) 1,671ms
[927,887s][info][gc] GC(3871) Pause Young (G1 Evacuation Pause) 237M->22M(368M) 4,102ms
[928,123s][info][gc] GC(3872) Pause Young (G1 Evacuation Pause) 237M->22M(368M) 1,074ms
[928,355s][info][gc] GC(3873) Pause Young (G1 Evacuation Pause) 237M->22M(368M) 1,082ms
[928,606s][info][gc] GC(3874) Pause Young (G1 Evacuation Pause) 237M->22M(368M) 1,260ms
[928,838s][info][gc] GC(3875) Pause Young (G1 Evacuation Pause) 237M->22M(368M) 1,171ms
[929,086s][info][gc] GC(3876) Pause Young (G1 Evacuation Pause) 236M->22M(368M) 1,176ms
[929,318s][info][gc] GC(3877) Pause Young (G1 Evacuation Pause) 237M->22M(368M) 1,206ms
[929,560s][info][gc] GC(3878) Pause Young (G1 Evacuation Pause) 237M->22M(368M) 1,511ms
[929,792s][info][gc] GC(3879) Pause Young (G1 Evacuation Pause) 237M->22M(368M) 1,113ms
[930,045s][info][gc] GC(3880) Pause Young (G1 Evacuation Pause) 237M->22M(368M) 1,823ms
[930,299s][info][gc] GC(3881) Pause Young (G1 Evacuation Pause) 237M->23M(368M) 1,772ms
[930,564s][info][gc] GC(3882) Pause Young (G1 Evacuation Pause) 237M->22M(368M) 2,206ms
[930,798s][info][gc] GC(3883) Pause Young (G1 Evacuation Pause) 237M->22M(368M) 1,242ms
[931,051s][info][gc] GC(3884) Pause Young (G1 Evacuation Pause) 237M->22M(368M) 1,773ms
[931,311s][info][gc] GC(3885) Pause Young (G1 Evacuation Pause) 237M->22M(368M) 1,680ms
[931,572s][info][gc] GC(3886) Pause Young (G1 Evacuation Pause) 237M->23M(368M) 1,702ms
[931,826s][info][gc] GC(3887) Pause Young (G1 Evacuation Pause) 237M->22M(368M) 1,750ms
[932,088s][info][gc] GC(3888) Pause Young (G1 Evacuation Pause) 237M->22M(368M) 1,730ms
[932,342s][info][gc] GC(3889) Pause Young (G1 Evacuation Pause) 237M->22M(368M) 1,839ms
[932,594s][info][gc] GC(3890) Pause Young (G1 Evacuation Pause) 237M->22M(368M) 1,179ms
[932,826s][info][gc] GC(3891) Pause Young (G1 Evacuation Pause) 237M->23M(368M) 1,268ms
[933,080s][info][gc] GC(3892) Pause Young (G1 Evacuation Pause) 237M->22M(368M) 1,457ms
[933,313s][info][gc] GC(3893) Pause Young (G1 Evacuation Pause) 237M->22M(368M) 1,113ms
[933,558s][info][gc] GC(3894) Pause Young (G1 Evacuation Pause) 237M->22M(368M) 2,153ms
[933,813s][info][gc] GC(3895) Pause Young (G1 Evacuation Pause) 237M->22M(368M) 2,165ms
[934,085s][info][gc] GC(3896) Pause Young (G1 Evacuation Pause) 237M->22M(368M) 3,225ms
[934,350s][info][gc] GC(3897) Pause Young (G1 Evacuation Pause) 236M->21M(368M) 3,248ms
[934,592s][info][gc] GC(3898) Pause Young (G1 Evacuation Pause) 236M->22M(368M) 1,380ms
[934,838s][info][gc] GC(3899) Pause Young (G1 Evacuation Pause) 237M->22M(368M) 1,765ms
[935,100s][info][gc] GC(3900) Pause Young (G1 Evacuation Pause) 237M->22M(368M) 1,710ms
[935,354s][info][gc] GC(3901) Pause Young (G1 Evacuation Pause) 237M->22M(368M) 1,649ms
[935,587s][info][gc] GC(3902) Pause Young (G1 Evacuation Pause) 236M->22M(368M) 1,054ms
[935,840s][info][gc] GC(3903) Pause Young (G1 Evacuation Pause) 237M->22M(368M) 1,467ms
[936,073s][info][gc] GC(3904) Pause Young (G1 Evacuation Pause) 237M->22M(368M) 1,347ms
[936,319s][info][gc] GC(3905) Pause Young (G1 Evacuation Pause) 237M->22M(368M) 1,680ms
[936,570s][info][gc] GC(3906) Pause Young (G1 Evacuation Pause) 237M->22M(368M) 1,268ms
[936,802s][info][gc] GC(3907) Pause Young (G1 Evacuation Pause) 237M->23M(368M) 1,306ms
[937,059s][info][gc] GC(3908) Pause Young (G1 Evacuation Pause) 237M->22M(368M) 1,795ms
[937,314s][info][gc] GC(3909) Pause Young (G1 Evacuation Pause) 237M->22M(368M) 2,917ms
[937,574s][info][gc] GC(3910) Pause Young (G1 Evacuation Pause) 237M->22M(368M) 1,841ms
[937,830s][info][gc] GC(3911) Pause Young (G1 Evacuation Pause) 237M->22M(368M) 1,708ms
[938,090s][info][gc] GC(3912) Pause Young (G1 Evacuation Pause) 237M->23M(368M) 1,301ms
[938,335s][info][gc] GC(3913) Pause Young (G1 Evacuation Pause) 237M->22M(368M) 1,463ms
[938,594s][info][gc] GC(3914) Pause Young (G1 Evacuation Pause) 237M->22M(368M) 1,627ms
[938,848s][info][gc] GC(3915) Pause Young (G1 Evacuation Pause) 237M->22M(368M) 1,713ms
[939,107s][info][gc] GC(3916) Pause Young (G1 Evacuation Pause) 237M->22M(368M) 1,724ms
[939,340s][info][gc] GC(3917) Pause Young (G1 Evacuation Pause) 237M->22M(368M) 1,372ms
[939,602s][info][gc] GC(3918) Pause Young (G1 Evacuation Pause) 236M->22M(368M) 3,434ms
[939,834s][info][gc] GC(3919) Pause Young (G1 Evacuation Pause) 237M->22M(368M) 1,319ms
[940,090s][info][gc] GC(3920) Pause Young (G1 Evacuation Pause) 237M->22M(368M) 1,708ms
[940,323s][info][gc] GC(3921) Pause Young (G1 Evacuation Pause) 237M->22M(368M) 1,245ms
[940,555s][info][gc] GC(3922) Pause Young (G1 Evacuation Pause) 237M->22M(368M) 1,112ms
[940,787s][info][gc] GC(3923) Pause Young (G1 Evacuation Pause) 236M->22M(368M) 1,026ms
[941,040s][info][gc] GC(3924) Pause Young (G1 Evacuation Pause) 237M->21M(368M) 1,140ms
[941,272s][info][gc] GC(3925) Pause Young (G1 Evacuation Pause) 236M->22M(368M) 1,388ms
[941,510s][info][gc] GC(3926) Pause Young (G1 Evacuation Pause) 237M->22M(368M) 4,140ms
[941,766s][info][gc] GC(3927) Pause Young (G1 Evacuation Pause) 237M->22M(368M) 1,745ms
[942,024s][info][gc] GC(3928) Pause Young (G1 Evacuation Pause) 236M->22M(368M) 1,793ms
[942,264s][info][gc] GC(3929) Pause Young (G1 Evacuation Pause) 237M->22M(368M) 1,215ms
[942,516s][info][gc] GC(3930) Pause Young (G1 Evacuation Pause) 237M->22M(368M) 1,605ms
[942,758s][info][gc] GC(3931) Pause Young (G1 Evacuation Pause) 237M->22M(368M) 1,139ms
[942,990s][info][gc] GC(3932) Pause Young (G1 Evacuation Pause) 237M->22M(368M) 1,158ms
[943,236s][info][gc] GC(3933) Pause Young (G1 Evacuation Pause) 237M->23M(368M) 1,277ms
[943,468s][info][gc] GC(3934) Pause Young (G1 Evacuation Pause) 237M->22M(368M) 1,337ms
[943,701s][info][gc] GC(3935) Pause Young (G1 Evacuation Pause) 237M->22M(368M) 1,236ms
[943,946s][info][gc] GC(3936) Pause Young (G1 Evacuation Pause) 237M->22M(368M) 1,261ms
[944,178s][info][gc] GC(3937) Pause Young (G1 Evacuation Pause) 237M->22M(368M) 1,185ms
[944,410s][info][gc] GC(3938) Pause Young (G1 Evacuation Pause) 237M->22M(368M) 1,316ms
[944,642s][info][gc] GC(3939) Pause Young (G1 Evacuation Pause) 236M->22M(368M) 1,175ms
[944,884s][info][gc] GC(3940) Pause Young (G1 Evacuation Pause) 237M->21M(368M) 4,956ms
[945,128s][info][gc] GC(3941) Pause Young (G1 Evacuation Pause) 236M->22M(368M) 1,120ms
[945,365s][info][gc] GC(3942) Pause Young (G1 Evacuation Pause) 237M->22M(368M) 4,002ms
[945,611s][info][gc] GC(3943) Pause Young (G1 Evacuation Pause) 237M->22M(368M) 1,999ms
[945,844s][info][gc] GC(3944) Pause Young (G1 Evacuation Pause) 236M->22M(368M) 1,447ms
[946,107s][info][gc] GC(3945) Pause Young (G1 Evacuation Pause) 237M->22M(368M) 1,649ms
[946,351s][info][gc] GC(3946) Pause Young (G1 Evacuation Pause) 237M->22M(368M) 1,570ms
[946,595s][info][gc] GC(3947) Pause Young (G1 Evacuation Pause) 237M->22M(368M) 1,400ms
[946,858s][info][gc] GC(3948) Pause Young (G1 Evacuation Pause) 237M->22M(368M) 2,307ms
[947,112s][info][gc] GC(3949) Pause Young (G1 Evacuation Pause) 237M->23M(368M) 1,754ms
[947,366s][info][gc] GC(3950) Pause Young (G1 Evacuation Pause) 237M->22M(368M) 1,814ms
[947,620s][info][gc] GC(3951) Pause Young (G1 Evacuation Pause) 237M->22M(368M) 1,714ms
[947,877s][info][gc] GC(3952) Pause Young (G1 Evacuation Pause) 237M->22M(368M) 2,234ms
[948,114s][info][gc] GC(3953) Pause Young (G1 Evacuation Pause) 237M->22M(368M) 1,131ms
[948,347s][info][gc] GC(3954) Pause Young (G1 Evacuation Pause) 237M->22M(368M) 1,828ms
[948,579s][info][gc] GC(3955) Pause Young (G1 Evacuation Pause) 236M->22M(368M) 1,045ms
[948,811s][info][gc] GC(3956) Pause Young (G1 Evacuation Pause) 237M->22M(368M) 1,079ms
[949,069s][info][gc] GC(3957) Pause Young (G1 Evacuation Pause) 237M->22M(368M) 1,662ms
[949,302s][info][gc] GC(3958) Pause Young (G1 Evacuation Pause) 237M->22M(368M) 1,259ms
[949,534s][info][gc] GC(3959) Pause Young (G1 Evacuation Pause) 237M->22M(368M) 1,159ms
[949,766s][info][gc] GC(3960) Pause Young (G1 Evacuation Pause) 236M->22M(368M) 1,179ms
[950,020s][info][gc] GC(3961) Pause Young (G1 Evacuation Pause) 237M->22M(368M) 1,743ms
[950,274s][info][gc] GC(3962) Pause Young (G1 Evacuation Pause) 237M->22M(368M) 1,821ms
[950,534s][info][gc] GC(3963) Pause Young (G1 Evacuation Pause) 237M->22M(368M) 1,893ms
[950,792s][info][gc] GC(3964) Pause Young (G1 Evacuation Pause) 237M->22M(368M) 1,660ms
[951,052s][info][gc] GC(3965) Pause Young (G1 Evacuation Pause) 236M->22M(368M) 1,809ms
[951,306s][info][gc] GC(3966) Pause Young (G1 Evacuation Pause) 237M->22M(368M) 1,719ms
[951,558s][info][gc] GC(3967) Pause Young (G1 Evacuation Pause) 237M->22M(368M) 2,569ms
[951,804s][info][gc] GC(3968) Pause Young (G1 Evacuation Pause) 237M->22M(368M) 1,354ms
[952,061s][info][gc] GC(3969) Pause Young (G1 Evacuation Pause) 237M->22M(368M) 1,915ms
[952,315s][info][gc] GC(3970) Pause Young (G1 Evacuation Pause) 237M->23M(368M) 1,919ms
[952,561s][info][gc] GC(3971) Pause Young (G1 Evacuation Pause) 237M->22M(368M) 1,941ms
[952,793s][info][gc] GC(3972) Pause Young (G1 Evacuation Pause) 237M->22M(368M) 1,202ms
[953,025s][info][gc] GC(3973) Pause Young (G1 Evacuation Pause) 237M->22M(368M) 1,229ms
[953,271s][info][gc] GC(3974) Pause Young (G1 Evacuation Pause) 237M->22M(368M) 2,248ms
[953,525s][info][gc] GC(3975) Pause Young (G1 Evacuation Pause) 237M->23M(368M) 1,947ms
[953,779s][info][gc] GC(3976) Pause Young (G1 Evacuation Pause) 237M->22M(368M) 1,563ms
[954,038s][info][gc] GC(3977) Pause Young (G1 Evacuation Pause) 237M->22M(368M) 1,620ms
[954,292s][info][gc] GC(3978) Pause Young (G1 Evacuation Pause) 237M->22M(368M) 1,763ms
[954,551s][info][gc] GC(3979) Pause Young (G1 Evacuation Pause) 237M->22M(368M) 1,717ms
[954,813s][info][gc] GC(3980) Pause Young (G1 Evacuation Pause) 237M->22M(368M) 2,318ms
[955,077s][info][gc] GC(3981) Pause Young (G1 Evacuation Pause) 236M->22M(368M) 2,281ms
[955,337s][info][gc] GC(3982) Pause Young (G1 Evacuation Pause) 237M->22M(368M) 1,633ms
[955,594s][info][gc] GC(3983) Pause Young (G1 Evacuation Pause) 237M->22M(368M) 1,794ms
[955,848s][info][gc] GC(3984) Pause Young (G1 Evacuation Pause) 237M->22M(368M) 1,782ms
[956,107s][info][gc] GC(3985) Pause Young (G1 Evacuation Pause) 237M->22M(368M) 2,102ms
[956,360s][info][gc] GC(3986) Pause Young (G1 Evacuation Pause) 236M->22M(368M) 1,656ms
[956,604s][info][gc] GC(3987) Pause Young (G1 Evacuation Pause) 237M->22M(368M) 1,069ms
[956,836s][info][gc] GC(3988) Pause Young (G1 Evacuation Pause) 237M->22M(368M) 1,116ms
[957,068s][info][gc] GC(3989) Pause Young (G1 Evacuation Pause) 237M->22M(368M) 1,192ms
[957,301s][info][gc] GC(3990) Pause Young (G1 Evacuation Pause) 236M->21M(368M) 1,770ms
[957,558s][info][gc] GC(3991) Pause Young (G1 Evacuation Pause) 237M->22M(368M) 1,781ms
[957,812s][info][gc] GC(3992) Pause Young (G1 Evacuation Pause) 236M->22M(368M) 1,809ms
[958,073s][info][gc] GC(3993) Pause Young (G1 Evacuation Pause) 237M->22M(368M) 2,056ms
[958,305s][info][gc] GC(3994) Pause Young (G1 Evacuation Pause) 237M->22M(368M) 1,236ms
[958,548s][info][gc] GC(3995) Pause Young (G1 Evacuation Pause) 237M->22M(368M) 1,494ms
[958,781s][info][gc] GC(3996) Pause Young (G1 Evacuation Pause) 237M->23M(368M) 1,569ms
[959,035s][info][gc] GC(3997) Pause Young (G1 Evacuation Pause) 237M->22M(368M) 1,708ms
[959,292s][info][gc] GC(3998) Pause Young (G1 Evacuation Pause) 237M->22M(368M) 1,345ms
[959,547s][info][gc] GC(3999) Pause Young (G1 Evacuation Pause) 237M->22M(368M) 1,795ms
[959,783s][info][gc] GC(4000) Pause Young (G1 Evacuation Pause) 237M->22M(368M) 1,125ms
[960,038s][info][gc] GC(4001) Pause Young (G1 Evacuation Pause) 237M->22M(368M) 1,849ms
[960,287s][info][gc] GC(4002) Pause Young (G1 Evacuation Pause) 236M->22M(368M) 1,219ms
[960,544s][info][gc] GC(4003) Pause Young (G1 Evacuation Pause) 237M->22M(368M) 1,341ms
[960,776s][info][gc] GC(4004) Pause Young (G1 Evacuation Pause) 237M->22M(368M) 1,268ms
[961,030s][info][gc] GC(4005) Pause Young (G1 Evacuation Pause) 237M->22M(368M) 2,510ms
[961,295s][info][gc] GC(4006) Pause Young (G1 Evacuation Pause) 237M->22M(368M) 2,450ms
[961,558s][info][gc] GC(4007) Pause Young (G1 Evacuation Pause) 236M->22M(368M) 1,874ms
[961,812s][info][gc] GC(4008) Pause Young (G1 Evacuation Pause) 237M->22M(368M) 1,674ms
[962,070s][info][gc] GC(4009) Pause Young (G1 Evacuation Pause) 237M->22M(368M) 1,710ms
[962,305s][info][gc] GC(4010) Pause Young (G1 Evacuation Pause) 237M->22M(368M) 1,220ms
[962,564s][info][gc] GC(4011) Pause Young (G1 Evacuation Pause) 237M->22M(368M) 1,748ms
[962,818s][info][gc] GC(4012) Pause Young (G1 Evacuation Pause) 237M->23M(368M) 1,805ms
[963,072s][info][gc] GC(4013) Pause Young (G1 Evacuation Pause) 237M->22M(368M) 1,875ms
[963,304s][info][gc] GC(4014) Pause Young (G1 Evacuation Pause) 237M->22M(368M) 1,091ms
[963,536s][info][gc] GC(4015) Pause Young (G1 Evacuation Pause) 237M->22M(368M) 1,250ms
[963,770s][info][gc] GC(4016) Pause Young (G1 Evacuation Pause) 237M->22M(368M) 1,409ms
[964,002s][info][gc] GC(4017) Pause Young (G1 Evacuation Pause) 236M->22M(368M) 1,350ms
[964,234s][info][gc] GC(4018) Pause Young (G1 Evacuation Pause) 237M->22M(368M) 1,227ms
[964,467s][info][gc] GC(4019) Pause Young (G1 Evacuation Pause) 237M->22M(368M) 1,317ms
[964,700s][info][gc] GC(4020) Pause Young (G1 Evacuation Pause) 237M->22M(368M) 2,124ms
[964,953s][info][gc] GC(4021) Pause Young (G1 Evacuation Pause) 237M->22M(368M) 1,894ms
[965,189s][info][gc] GC(4022) Pause Young (G1 Evacuation Pause) 237M->22M(368M) 1,148ms
[965,455s][info][gc] GC(4023) Pause Young (G1 Evacuation Pause) 236M->22M(368M) 1,732ms
[965,715s][info][gc] GC(4024) Pause Young (G1 Evacuation Pause) 237M->22M(368M) 1,597ms
[965,976s][info][gc] GC(4025) Pause Young (G1 Evacuation Pause) 237M->22M(368M) 2,142ms
[966,208s][info][gc] GC(4026) Pause Young (G1 Evacuation Pause) 237M->22M(368M) 1,179ms
[966,456s][info][gc] GC(4027) Pause Young (G1 Evacuation Pause) 237M->22M(368M) 1,724ms
[966,689s][info][gc] GC(4028) Pause Young (G1 Evacuation Pause) 236M->22M(368M) 1,238ms
[966,922s][info][gc] GC(4029) Pause Young (G1 Evacuation Pause) 237M->22M(368M) 1,268ms
[967,174s][info][gc] GC(4030) Pause Young (G1 Evacuation Pause) 237M->22M(368M) 1,494ms
[967,408s][info][gc] GC(4031) Pause Young (G1 Evacuation Pause) 237M->22M(368M) 2,573ms
[967,641s][info][gc] GC(4032) Pause Young (G1 Evacuation Pause) 237M->22M(368M) 1,454ms
[967,873s][info][gc] GC(4033) Pause Young (G1 Evacuation Pause) 236M->22M(368M) 1,328ms
[968,129s][info][gc] GC(4034) Pause Young (G1 Evacuation Pause) 237M->22M(368M) 1,187ms
[968,361s][info][gc] GC(4035) Pause Young (G1 Evacuation Pause) 237M->22M(368M) 1,229ms
[968,604s][info][gc] GC(4036) Pause Young (G1 Evacuation Pause) 237M->22M(368M) 1,366ms
[968,837s][info][gc] GC(4037) Pause Young (G1 Evacuation Pause) 237M->22M(368M) 1,401ms
[969,097s][info][gc] GC(4038) Pause Young (G1 Evacuation Pause) 237M->23M(368M) 1,935ms
[969,335s][info][gc] GC(4039) Pause Young (G1 Evacuation Pause) 237M->22M(368M) 1,171ms
[969,612s][info][gc] GC(4040) Pause Young (G1 Evacuation Pause) 237M->22M(368M) 1,736ms
[969,870s][info][gc] GC(4041) Pause Young (G1 Evacuation Pause) 237M->22M(368M) 3,652ms
[970,135s][info][gc] GC(4042) Pause Young (G1 Evacuation Pause) 237M->22M(368M) 1,747ms
[970,395s][info][gc] GC(4043) Pause Young (G1 Evacuation Pause) 237M->23M(368M) 2,574ms
[970,630s][info][gc] GC(4044) Pause Young (G1 Evacuation Pause) 237M->22M(368M) 1,464ms
[970,884s][info][gc] GC(4045) Pause Young (G1 Evacuation Pause) 237M->22M(368M) 3,865ms
[971,138s][info][gc] GC(4046) Pause Young (G1 Evacuation Pause) 237M->22M(368M) 1,712ms
[971,376s][info][gc] GC(4047) Pause Young (G1 Evacuation Pause) 237M->22M(368M) 4,223ms
[971,633s][info][gc] GC(4048) Pause Young (G1 Evacuation Pause) 236M->21M(368M) 1,674ms
[971,890s][info][gc] GC(4049) Pause Young (G1 Evacuation Pause) 236M->22M(368M) 2,329ms
[972,130s][info][gc] GC(4050) Pause Young (G1 Evacuation Pause) 237M->21M(368M) 1,240ms
[972,362s][info][gc] GC(4051) Pause Young (G1 Evacuation Pause) 236M->22M(368M) 1,132ms
[972,609s][info][gc] GC(4052) Pause Young (G1 Evacuation Pause) 237M->22M(368M) 1,227ms
[972,841s][info][gc] GC(4053) Pause Young (G1 Evacuation Pause) 237M->22M(368M) 1,276ms
[973,096s][info][gc] GC(4054) Pause Young (G1 Evacuation Pause) 236M->22M(368M) 1,047ms
[973,328s][info][gc] GC(4055) Pause Young (G1 Evacuation Pause) 237M->22M(368M) 1,078ms
[973,585s][info][gc] GC(4056) Pause Young (G1 Evacuation Pause) 237M->22M(368M) 1,746ms
[973,839s][info][gc] GC(4057) Pause Young (G1 Evacuation Pause) 237M->22M(368M) 1,694ms
[974,097s][info][gc] GC(4058) Pause Young (G1 Evacuation Pause) 237M->22M(368M) 1,829ms
[974,346s][info][gc] GC(4059) Pause Young (G1 Evacuation Pause) 236M->21M(368M) 3,916ms
[974,603s][info][gc] GC(4060) Pause Young (G1 Evacuation Pause) 236M->22M(368M) 1,627ms
[974,857s][info][gc] GC(4061) Pause Young (G1 Evacuation Pause) 237M->22M(368M) 1,643ms
[975,098s][info][gc] GC(4062) Pause Young (G1 Evacuation Pause) 237M->22M(368M) 1,528ms
[975,331s][info][gc] GC(4063) Pause Young (G1 Evacuation Pause) 237M->22M(368M) 1,561ms
[975,588s][info][gc] GC(4064) Pause Young (G1 Evacuation Pause) 237M->22M(368M) 1,866ms
[975,821s][info][gc] GC(4065) Pause Young (G1 Evacuation Pause) 236M->22M(368M) 1,188ms
[976,053s][info][gc] GC(4066) Pause Young (G1 Evacuation Pause) 237M->22M(368M) 1,193ms
[976,285s][info][gc] GC(4067) Pause Young (G1 Evacuation Pause) 237M->22M(368M) 1,089ms
[976,535s][info][gc] GC(4068) Pause Young (G1 Evacuation Pause) 237M->22M(368M) 1,091ms
[976,767s][info][gc] GC(4069) Pause Young (G1 Evacuation Pause) 237M->23M(368M) 1,246ms
[977,022s][info][gc] GC(4070) Pause Young (G1 Evacuation Pause) 237M->22M(368M) 2,097ms
[977,276s][info][gc] GC(4071) Pause Young (G1 Evacuation Pause) 237M->22M(368M) 1,769ms
[977,537s][info][gc] GC(4072) Pause Young (G1 Evacuation Pause) 237M->22M(368M) 1,803ms
[977,770s][info][gc] GC(4073) Pause Young (G1 Evacuation Pause) 237M->22M(368M) 1,220ms
[978,027s][info][gc] GC(4074) Pause Young (G1 Evacuation Pause) 237M->22M(368M) 1,756ms
[978,264s][info][gc] GC(4075) Pause Young (G1 Evacuation Pause) 237M->23M(368M) 1,419ms
[978,507s][info][gc] GC(4076) Pause Young (G1 Evacuation Pause) 237M->22M(368M) 1,378ms
[978,740s][info][gc] GC(4077) Pause Young (G1 Evacuation Pause) 237M->22M(368M) 1,448ms
[978,982s][info][gc] GC(4078) Pause Young (G1 Evacuation Pause) 237M->22M(368M) 1,146ms
[979,214s][info][gc] GC(4079) Pause Young (G1 Evacuation Pause) 237M->22M(368M) 1,318ms
[979,470s][info][gc] GC(4080) Pause Young (G1 Evacuation Pause) 237M->23M(368M) 2,364ms
[979,724s][info][gc] GC(4081) Pause Young (G1 Evacuation Pause) 237M->22M(368M) 1,802ms
[979,983s][info][gc] GC(4082) Pause Young (G1 Evacuation Pause) 237M->22M(368M) 1,731ms
[980,237s][info][gc] GC(4083) Pause Young (G1 Evacuation Pause) 237M->22M(368M) 1,811ms
[980,481s][info][gc] GC(4084) Pause Young (G1 Evacuation Pause) 237M->22M(368M) 2,944ms
[980,714s][info][gc] GC(4085) Pause Young (G1 Evacuation Pause) 237M->23M(368M) 1,145ms
[980,946s][info][gc] GC(4086) Pause Young (G1 Evacuation Pause) 237M->22M(368M) 1,284ms
[981,180s][info][gc] GC(4087) Pause Young (G1 Evacuation Pause) 237M->22M(368M) 2,081ms
[981,420s][info][gc] GC(4088) Pause Young (G1 Evacuation Pause) 237M->22M(368M) 3,474ms
[981,656s][info][gc] GC(4089) Pause Young (G1 Evacuation Pause) 237M->22M(368M) 1,519ms
[981,900s][info][gc] GC(4090) Pause Young (G1 Evacuation Pause) 237M->22M(368M) 4,315ms
[982,138s][info][gc] GC(4091) Pause Young (G1 Evacuation Pause) 236M->22M(368M) 1,339ms
[982,372s][info][gc] GC(4092) Pause Young (G1 Evacuation Pause) 237M->22M(368M) 1,560ms
[982,606s][info][gc] GC(4093) Pause Young (G1 Evacuation Pause) 237M->22M(368M) 2,777ms
[982,839s][info][gc] GC(4094) Pause Young (G1 Evacuation Pause) 237M->22M(368M) 1,456ms
[983,096s][info][gc] GC(4095) Pause Young (G1 Evacuation Pause) 237M->22M(368M) 1,249ms
[983,328s][info][gc] GC(4096) Pause Young (G1 Evacuation Pause) 237M->23M(368M) 1,327ms
[983,594s][info][gc] GC(4097) Pause Young (G1 Evacuation Pause) 237M->22M(368M) 2,555ms
[983,858s][info][gc] GC(4098) Pause Young (G1 Evacuation Pause) 237M->22M(368M) 1,628ms
[984,114s][info][gc] GC(4099) Pause Young (G1 Evacuation Pause) 237M->22M(368M) 3,268ms
[984,347s][info][gc] GC(4100) Pause Young (G1 Evacuation Pause) 237M->22M(368M) 1,568ms
[984,579s][info][gc] GC(4101) Pause Young (G1 Evacuation Pause) 237M->22M(368M) 1,180ms
[984,812s][info][gc] GC(4102) Pause Young (G1 Evacuation Pause) 236M->22M(368M) 1,944ms
[985,044s][info][gc] GC(4103) Pause Young (G1 Evacuation Pause) 237M->22M(368M) 1,244ms
[985,276s][info][gc] GC(4104) Pause Young (G1 Evacuation Pause) 237M->22M(368M) 1,369ms
[985,530s][info][gc] GC(4105) Pause Young (G1 Evacuation Pause) 237M->22M(368M) 1,907ms
[985,763s][info][gc] GC(4106) Pause Young (G1 Evacuation Pause) 237M->22M(368M) 1,156ms
[986,028s][info][gc] GC(4107) Pause Young (G1 Evacuation Pause) 236M->22M(368M) 1,739ms
[986,282s][info][gc] GC(4108) Pause Young (G1 Evacuation Pause) 237M->22M(368M) 1,699ms
[986,540s][info][gc] GC(4109) Pause Young (G1 Evacuation Pause) 237M->22M(368M) 1,729ms
[986,776s][info][gc] GC(4110) Pause Young (G1 Evacuation Pause) 237M->22M(368M) 1,311ms
[987,031s][info][gc] GC(4111) Pause Young (G1 Evacuation Pause) 237M->22M(368M) 1,765ms
[987,285s][info][gc] GC(4112) Pause Young (G1 Evacuation Pause) 236M->22M(368M) 1,563ms
[987,543s][info][gc] GC(4113) Pause Young (G1 Evacuation Pause) 237M->22M(368M) 1,826ms
[987,797s][info][gc] GC(4114) Pause Young (G1 Evacuation Pause) 237M->22M(368M) 1,693ms
[988,057s][info][gc] GC(4115) Pause Young (G1 Evacuation Pause) 237M->22M(368M) 1,737ms
[988,290s][info][gc] GC(4116) Pause Young (G1 Evacuation Pause) 237M->22M(368M) 1,302ms
[988,544s][info][gc] GC(4117) Pause Young (G1 Evacuation Pause) 236M->22M(368M) 1,212ms
[988,776s][info][gc] GC(4118) Pause Young (G1 Evacuation Pause) 237M->22M(368M) 1,318ms
[989,010s][info][gc] GC(4119) Pause Young (G1 Evacuation Pause) 237M->22M(368M) 1,379ms
[989,254s][info][gc] GC(4120) Pause Young (G1 Evacuation Pause) 237M->22M(368M) 2,380ms
[989,508s][info][gc] GC(4121) Pause Young (G1 Evacuation Pause) 237M->22M(368M) 1,738ms
[989,747s][info][gc] GC(4122) Pause Young (G1 Evacuation Pause) 237M->23M(368M) 1,167ms
[989,979s][info][gc] GC(4123) Pause Young (G1 Evacuation Pause) 237M->22M(368M) 1,200ms
[990,211s][info][gc] GC(4124) Pause Young (G1 Evacuation Pause) 237M->22M(368M) 1,175ms
[990,456s][info][gc] GC(4125) Pause Young (G1 Evacuation Pause) 237M->22M(368M) 1,766ms
[990,716s][info][gc] GC(4126) Pause Young (G1 Evacuation Pause) 237M->22M(368M) 1,863ms
[990,965s][info][gc] GC(4127) Pause Young (G1 Evacuation Pause) 237M->23M(368M) 2,617ms
[991,232s][info][gc] GC(4128) Pause Young (G1 Evacuation Pause) 237M->22M(368M) 2,268ms
[991,494s][info][gc] GC(4129) Pause Young (G1 Evacuation Pause) 237M->22M(368M) 1,756ms
[991,748s][info][gc] GC(4130) Pause Young (G1 Evacuation Pause) 237M->22M(368M) 1,721ms
[992,002s][info][gc] GC(4131) Pause Young (G1 Evacuation Pause) 237M->22M(368M) 1,959ms
[992,256s][info][gc] GC(4132) Pause Young (G1 Evacuation Pause) 237M->22M(368M) 1,835ms
[992,515s][info][gc] GC(4133) Pause Young (G1 Evacuation Pause) 236M->21M(368M) 2,612ms
[992,747s][info][gc] GC(4134) Pause Young (G1 Evacuation Pause) 236M->22M(368M) 1,072ms
[992,999s][info][gc] GC(4135) Pause Young (G1 Evacuation Pause) 237M->22M(368M) 1,737ms
[993,238s][info][gc] GC(4136) Pause Young (G1 Evacuation Pause) 237M->22M(368M) 1,904ms
[993,470s][info][gc] GC(4137) Pause Young (G1 Evacuation Pause) 237M->22M(368M) 1,320ms
[993,702s][info][gc] GC(4138) Pause Young (G1 Evacuation Pause) 236M->21M(368M) 1,323ms
[993,936s][info][gc] GC(4139) Pause Young (G1 Evacuation Pause) 236M->22M(368M) 1,525ms
[994,169s][info][gc] GC(4140) Pause Young (G1 Evacuation Pause) 237M->22M(368M) 1,524ms
[994,414s][info][gc] GC(4141) Pause Young (G1 Evacuation Pause) 237M->22M(368M) 2,475ms
[994,655s][info][gc] GC(4142) Pause Young (G1 Evacuation Pause) 237M->22M(368M) 3,899ms
[994,909s][info][gc] GC(4143) Pause Young (G1 Evacuation Pause) 237M->23M(368M) 4,084ms
[995,169s][info][gc] GC(4144) Pause Young (G1 Evacuation Pause) 237M->22M(368M) 1,747ms
[995,429s][info][gc] GC(4145) Pause Young (G1 Evacuation Pause) 237M->22M(368M) 3,431ms
[995,661s][info][gc] GC(4146) Pause Young (G1 Evacuation Pause) 237M->22M(368M) 1,324ms
[995,894s][info][gc] GC(4147) Pause Young (G1 Evacuation Pause) 237M->22M(368M) 1,331ms
[996,128s][info][gc] GC(4148) Pause Young (G1 Evacuation Pause) 237M->23M(368M) 1,429ms
[996,360s][info][gc] GC(4149) Pause Young (G1 Evacuation Pause) 237M->22M(368M) 1,235ms
[996,608s][info][gc] GC(4150) Pause Young (G1 Evacuation Pause) 237M->22M(368M) 1,050ms
[996,840s][info][gc] GC(4151) Pause Young (G1 Evacuation Pause) 237M->22M(368M) 1,218ms
[997,101s][info][gc] GC(4152) Pause Young (G1 Evacuation Pause) 237M->22M(368M) 1,735ms
[997,349s][info][gc] GC(4153) Pause Young (G1 Evacuation Pause) 237M->22M(368M) 1,509ms
[997,614s][info][gc] GC(4154) Pause Young (G1 Evacuation Pause) 236M->22M(368M) 1,735ms
[997,880s][info][gc] GC(4155) Pause Young (G1 Evacuation Pause) 237M->22M(368M) 1,761ms
[998,128s][info][gc] GC(4156) Pause Young (G1 Evacuation Pause) 237M->22M(368M) 1,214ms
[998,373s][info][gc] GC(4157) Pause Young (G1 Evacuation Pause) 237M->22M(368M) 1,382ms
[998,606s][info][gc] GC(4158) Pause Young (G1 Evacuation Pause) 237M->22M(368M) 1,623ms
[998,838s][info][gc] GC(4159) Pause Young (G1 Evacuation Pause) 236M->22M(368M) 1,183ms
[999,070s][info][gc] GC(4160) Pause Young (G1 Evacuation Pause) 237M->22M(368M) 1,138ms
[999,303s][info][gc] GC(4161) Pause Young (G1 Evacuation Pause) 237M->21M(368M) 2,085ms
[999,535s][info][gc] GC(4162) Pause Young (G1 Evacuation Pause) 236M->22M(368M) 1,189ms
[999,767s][info][gc] GC(4163) Pause Young (G1 Evacuation Pause) 237M->22M(368M) 1,166ms
[1000,020s][info][gc] GC(4164) Pause Young (G1 Evacuation Pause) 236M->22M(368M) 2,323ms
[1000,279s][info][gc] GC(4165) Pause Young (G1 Evacuation Pause) 237M->22M(368M) 1,586ms
[1000,539s][info][gc] GC(4166) Pause Young (G1 Evacuation Pause) 237M->22M(368M) 2,080ms
[1000,771s][info][gc] GC(4167) Pause Young (G1 Evacuation Pause) 237M->22M(368M) 1,226ms
[1001,003s][info][gc] GC(4168) Pause Young (G1 Evacuation Pause) 237M->22M(368M) 1,202ms
[1001,235s][info][gc] GC(4169) Pause Young (G1 Evacuation Pause) 236M->22M(368M) 1,164ms
[1001,483s][info][gc] GC(4170) Pause Young (G1 Evacuation Pause) 237M->22M(368M) 1,657ms
[1001,741s][info][gc] GC(4171) Pause Young (G1 Evacuation Pause) 237M->22M(368M) 1,751ms
[1001,995s][info][gc] GC(4172) Pause Young (G1 Evacuation Pause) 237M->22M(368M) 1,885ms
[1002,234s][info][gc] GC(4173) Pause Young (G1 Evacuation Pause) 237M->22M(368M) 1,372ms
[1002,468s][info][gc] GC(4174) Pause Young (G1 Evacuation Pause) 237M->23M(368M) 1,386ms
[1002,700s][info][gc] GC(4175) Pause Young (G1 Evacuation Pause) 237M->22M(368M) 1,274ms
[1002,933s][info][gc] GC(4176) Pause Young (G1 Evacuation Pause) 237M->22M(368M) 1,314ms
[1003,166s][info][gc] GC(4177) Pause Young (G1 Evacuation Pause) 237M->22M(368M) 1,248ms
[1003,412s][info][gc] GC(4178) Pause Young (G1 Evacuation Pause) 237M->22M(368M) 1,867ms
[1003,659s][info][gc] GC(4179) Pause Young (G1 Evacuation Pause) 237M->22M(368M) 1,250ms
[1003,900s][info][gc] GC(4180) Pause Young (G1 Evacuation Pause) 236M->22M(368M) 2,263ms
[1004,154s][info][gc] GC(4181) Pause Young (G1 Evacuation Pause) 237M->22M(368M) 1,844ms
[1004,398s][info][gc] GC(4182) Pause Young (G1 Evacuation Pause) 237M->22M(368M) 2,507ms
[1004,643s][info][gc] GC(4183) Pause Young (G1 Evacuation Pause) 237M->22M(368M) 1,093ms
[1004,886s][info][gc] GC(4184) Pause Young (G1 Evacuation Pause) 237M->22M(368M) 5,683ms
[1005,118s][info][gc] GC(4185) Pause Young (G1 Evacuation Pause) 236M->22M(368M) 1,169ms
[1005,350s][info][gc] GC(4186) Pause Young (G1 Evacuation Pause) 237M->22M(368M) 1,105ms
[1005,612s][info][gc] GC(4187) Pause Young (G1 Evacuation Pause) 237M->22M(368M) 1,758ms
[1005,847s][info][gc] GC(4188) Pause Young (G1 Evacuation Pause) 237M->22M(368M) 1,206ms
[1006,110s][info][gc] GC(4189) Pause Young (G1 Evacuation Pause) 237M->22M(368M) 1,916ms
[1006,364s][info][gc] GC(4190) Pause Young (G1 Evacuation Pause) 237M->23M(368M) 1,826ms
[1006,618s][info][gc] GC(4191) Pause Young (G1 Evacuation Pause) 237M->22M(368M) 1,683ms
[1006,876s][info][gc] GC(4192) Pause Young (G1 Evacuation Pause) 237M->22M(368M) 3,859ms
[1007,131s][info][gc] GC(4193) Pause Young (G1 Evacuation Pause) 237M->22M(368M) 1,734ms
[1007,392s][info][gc] GC(4194) Pause Young (G1 Evacuation Pause) 237M->22M(368M) 1,905ms
[1007,646s][info][gc] GC(4195) Pause Young (G1 Evacuation Pause) 237M->22M(368M) 1,713ms
[1007,900s][info][gc] GC(4196) Pause Young (G1 Evacuation Pause) 236M->22M(368M) 1,634ms
[1008,133s][info][gc] GC(4197) Pause Young (G1 Evacuation Pause) 237M->22M(368M) 1,195ms
[1008,370s][info][gc] GC(4198) Pause Young (G1 Evacuation Pause) 237M->22M(368M) 4,169ms
[1008,616s][info][gc] GC(4199) Pause Young (G1 Evacuation Pause) 237M->22M(368M) 1,231ms
[1008,848s][info][gc] GC(4200) Pause Young (G1 Evacuation Pause) 237M->22M(368M) 1,257ms
[1009,115s][info][gc] GC(4201) Pause Young (G1 Evacuation Pause) 236M->22M(368M) 1,636ms
[1009,384s][info][gc] GC(4202) Pause Young (G1 Evacuation Pause) 237M->22M(368M) 2,291ms
[1009,642s][info][gc] GC(4203) Pause Young (G1 Evacuation Pause) 237M->22M(368M) 1,650ms
[1009,908s][info][gc] GC(4204) Pause Young (G1 Evacuation Pause) 237M->22M(368M) 5,994ms
[1010,143s][info][gc] GC(4205) Pause Young (G1 Evacuation Pause) 237M->22M(368M) 1,558ms
[1010,377s][info][gc] GC(4206) Pause Young (G1 Evacuation Pause) 236M->22M(368M) 1,996ms
[1010,612s][info][gc] GC(4207) Pause Young (G1 Evacuation Pause) 237M->22M(368M) 1,371ms
[1010,875s][info][gc] GC(4208) Pause Young (G1 Evacuation Pause) 237M->21M(368M) 5,409ms
[1011,143s][info][gc] GC(4209) Pause Young (G1 Evacuation Pause) 236M->22M(368M) 1,783ms
[1011,402s][info][gc] GC(4210) Pause Young (G1 Evacuation Pause) 237M->22M(368M) 2,641ms
[1011,657s][info][gc] GC(4211) Pause Young (G1 Evacuation Pause) 236M->22M(368M) 1,365ms
[1011,890s][info][gc] GC(4212) Pause Young (G1 Evacuation Pause) 237M->21M(368M) 1,380ms
[1012,124s][info][gc] GC(4213) Pause Young (G1 Evacuation Pause) 236M->22M(368M) 1,430ms
[1012,357s][info][gc] GC(4214) Pause Young (G1 Evacuation Pause) 237M->22M(368M) 2,089ms
[1012,608s][info][gc] GC(4215) Pause Young (G1 Evacuation Pause) 237M->22M(368M) 1,836ms
[1012,842s][info][gc] GC(4216) Pause Young (G1 Evacuation Pause) 237M->22M(368M) 1,473ms
[1013,099s][info][gc] GC(4217) Pause Young (G1 Evacuation Pause) 236M->22M(368M) 1,188ms
[1013,353s][info][gc] GC(4218) Pause Young (G1 Evacuation Pause) 237M->22M(368M) 2,426ms
[1013,606s][info][gc] GC(4219) Pause Young (G1 Evacuation Pause) 237M->22M(368M) 1,891ms
[1013,860s][info][gc] GC(4220) Pause Young (G1 Evacuation Pause) 237M->22M(368M) 1,637ms
[1014,092s][info][gc] GC(4221) Pause Young (G1 Evacuation Pause) 237M->22M(368M) 1,243ms
[1014,353s][info][gc] GC(4222) Pause Young (G1 Evacuation Pause) 236M->22M(368M) 1,867ms
[1014,607s][info][gc] GC(4223) Pause Young (G1 Evacuation Pause) 237M->22M(368M) 1,585ms
[1014,861s][info][gc] GC(4224) Pause Young (G1 Evacuation Pause) 237M->22M(368M) 1,665ms
[1015,115s][info][gc] GC(4225) Pause Young (G1 Evacuation Pause) 237M->22M(368M) 1,727ms
[1015,368s][info][gc] GC(4226) Pause Young (G1 Evacuation Pause) 237M->22M(368M) 1,715ms
[1015,634s][info][gc] GC(4227) Pause Young (G1 Evacuation Pause) 236M->22M(368M) 1,724ms
[1015,871s][info][gc] GC(4228) Pause Young (G1 Evacuation Pause) 237M->22M(368M) 3,769ms
[1016,106s][info][gc] GC(4229) Pause Young (G1 Evacuation Pause) 237M->22M(368M) 1,283ms
[1016,339s][info][gc] GC(4230) Pause Young (G1 Evacuation Pause) 237M->22M(368M) 1,186ms
[1016,591s][info][gc] GC(4231) Pause Young (G1 Evacuation Pause) 237M->22M(368M) 1,554ms
[1016,824s][info][gc] GC(4232) Pause Young (G1 Evacuation Pause) 237M->23M(368M) 1,640ms
[1017,079s][info][gc] GC(4233) Pause Young (G1 Evacuation Pause) 237M->22M(368M) 1,664ms
[1017,320s][info][gc] GC(4234) Pause Young (G1 Evacuation Pause) 237M->22M(368M) 1,219ms
[1017,580s][info][gc] GC(4235) Pause Young (G1 Evacuation Pause) 237M->22M(368M) 1,862ms
[1017,851s][info][gc] GC(4236) Pause Young (G1 Evacuation Pause) 237M->22M(368M) 1,710ms
[1018,106s][info][gc] GC(4237) Pause Young (G1 Evacuation Pause) 237M->22M(368M) 1,318ms
[1018,366s][info][gc] GC(4238) Pause Young (G1 Evacuation Pause) 236M->22M(368M) 3,458ms
[1018,633s][info][gc] GC(4239) Pause Young (G1 Evacuation Pause) 237M->22M(368M) 3,212ms
[1018,866s][info][gc] GC(4240) Pause Young (G1 Evacuation Pause) 237M->22M(368M) 1,138ms
[1019,098s][info][gc] GC(4241) Pause Young (G1 Evacuation Pause) 237M->22M(368M) 1,159ms
[1019,342s][info][gc] GC(4242) Pause Young (G1 Evacuation Pause) 237M->22M(368M) 1,648ms
[1019,575s][info][gc] GC(4243) Pause Young (G1 Evacuation Pause) 236M->22M(368M) 1,480ms
[1019,808s][info][gc] GC(4244) Pause Young (G1 Evacuation Pause) 237M->22M(368M) 1,470ms
[1020,070s][info][gc] GC(4245) Pause Young (G1 Evacuation Pause) 237M->22M(368M) 2,429ms
[1020,324s][info][gc] GC(4246) Pause Young (G1 Evacuation Pause) 237M->22M(368M) 1,738ms
[1020,577s][info][gc] GC(4247) Pause Young (G1 Evacuation Pause) 237M->22M(368M) 1,807ms
[1020,824s][info][gc] GC(4248) Pause Young (G1 Evacuation Pause) 236M->22M(368M) 1,198ms
[1021,056s][info][gc] GC(4249) Pause Young (G1 Evacuation Pause) 237M->22M(368M) 1,162ms
[1021,288s][info][gc] GC(4250) Pause Young (G1 Evacuation Pause) 237M->22M(368M) 1,228ms
[1021,544s][info][gc] GC(4251) Pause Young (G1 Evacuation Pause) 237M->22M(368M) 1,813ms
[1021,788s][info][gc] GC(4252) Pause Young (G1 Evacuation Pause) 237M->22M(368M) 1,284ms
[1022,044s][info][gc] GC(4253) Pause Young (G1 Evacuation Pause) 237M->23M(368M) 1,843ms
[1022,304s][info][gc] GC(4254) Pause Young (G1 Evacuation Pause) 237M->22M(368M) 1,645ms
[1022,570s][info][gc] GC(4255) Pause Young (G1 Evacuation Pause) 237M->22M(368M) 2,361ms
[1022,824s][info][gc] GC(4256) Pause Young (G1 Evacuation Pause) 237M->22M(368M) 1,881ms
[1023,078s][info][gc] GC(4257) Pause Young (G1 Evacuation Pause) 237M->22M(368M) 1,945ms
[1023,310s][info][gc] GC(4258) Pause Young (G1 Evacuation Pause) 237M->23M(368M) 1,167ms
[1023,566s][info][gc] GC(4259) Pause Young (G1 Evacuation Pause) 237M->21M(368M) 1,945ms
[1023,820s][info][gc] GC(4260) Pause Young (G1 Evacuation Pause) 236M->22M(368M) 1,833ms
[1024,081s][info][gc] GC(4261) Pause Young (G1 Evacuation Pause) 237M->22M(368M) 1,709ms
[1024,314s][info][gc] GC(4262) Pause Young (G1 Evacuation Pause) 237M->22M(368M) 1,272ms
[1024,553s][info][gc] GC(4263) Pause Young (G1 Evacuation Pause) 237M->22M(368M) 1,134ms
[1024,786s][info][gc] GC(4264) Pause Young (G1 Evacuation Pause) 236M->22M(368M) 1,747ms
[1025,042s][info][gc] GC(4265) Pause Young (G1 Evacuation Pause) 237M->22M(368M) 1,744ms
[1025,296s][info][gc] GC(4266) Pause Young (G1 Evacuation Pause) 237M->22M(368M) 1,683ms
[1025,549s][info][gc] GC(4267) Pause Young (G1 Evacuation Pause) 237M->22M(368M) 1,730ms
[1025,808s][info][gc] GC(4268) Pause Young (G1 Evacuation Pause) 237M->22M(368M) 1,816ms
[1026,069s][info][gc] GC(4269) Pause Young (G1 Evacuation Pause) 236M->22M(368M) 1,693ms
[1026,323s][info][gc] GC(4270) Pause Young (G1 Evacuation Pause) 237M->22M(368M) 1,728ms
[1026,577s][info][gc] GC(4271) Pause Young (G1 Evacuation Pause) 237M->22M(368M) 1,679ms
[1026,830s][info][gc] GC(4272) Pause Young (G1 Evacuation Pause) 237M->22M(368M) 1,800ms
[1027,087s][info][gc] GC(4273) Pause Young (G1 Evacuation Pause) 237M->22M(368M) 1,933ms
[1027,320s][info][gc] GC(4274) Pause Young (G1 Evacuation Pause) 237M->23M(368M) 1,329ms
[1027,553s][info][gc] GC(4275) Pause Young (G1 Evacuation Pause) 237M->22M(368M) 2,233ms
[1027,785s][info][gc] GC(4276) Pause Young (G1 Evacuation Pause) 237M->22M(368M) 1,139ms
[1028,048s][info][gc] GC(4277) Pause Young (G1 Evacuation Pause) 237M->22M(368M) 2,282ms
[1028,309s][info][gc] GC(4278) Pause Young (G1 Evacuation Pause) 237M->22M(368M) 2,526ms
[1028,566s][info][gc] GC(4279) Pause Young (G1 Evacuation Pause) 237M->23M(368M) 1,527ms
[1028,804s][info][gc] GC(4280) Pause Young (G1 Evacuation Pause) 237M->22M(368M) 1,418ms
[1029,049s][info][gc] GC(4281) Pause Young (G1 Evacuation Pause) 237M->22M(368M) 1,642ms
[1029,289s][info][gc] GC(4282) Pause Young (G1 Evacuation Pause) 237M->22M(368M) 1,221ms
[1029,543s][info][gc] GC(4283) Pause Young (G1 Evacuation Pause) 237M->22M(368M) 1,814ms
[1029,797s][info][gc] GC(4284) Pause Young (G1 Evacuation Pause) 237M->22M(368M) 1,843ms
[1030,071s][info][gc] GC(4285) Pause Young (G1 Evacuation Pause) 236M->22M(368M) 2,267ms
[1030,323s][info][gc] GC(4286) Pause Young (G1 Evacuation Pause) 237M->22M(368M) 1,598ms
[1030,579s][info][gc] GC(4287) Pause Young (G1 Evacuation Pause) 237M->22M(368M) 1,642ms
[1030,833s][info][gc] GC(4288) Pause Young (G1 Evacuation Pause) 237M->22M(368M) 1,794ms
[1031,078s][info][gc] GC(4289) Pause Young (G1 Evacuation Pause) 237M->22M(368M) 1,609ms
[1031,315s][info][gc] GC(4290) Pause Young (G1 Evacuation Pause) 236M->22M(368M) 3,902ms
[1031,577s][info][gc] GC(4291) Pause Young (G1 Evacuation Pause) 237M->22M(368M) 1,746ms
[1031,817s][info][gc] GC(4292) Pause Young (G1 Evacuation Pause) 237M->22M(368M) 1,354ms
[1032,076s][info][gc] GC(4293) Pause Young (G1 Evacuation Pause) 237M->22M(368M) 1,804ms
[1032,330s][info][gc] GC(4294) Pause Young (G1 Evacuation Pause) 237M->22M(368M) 1,790ms
[1032,583s][info][gc] GC(4295) Pause Young (G1 Evacuation Pause) 236M->22M(368M) 1,135ms
[1032,827s][info][gc] GC(4296) Pause Young (G1 Evacuation Pause) 237M->22M(368M) 2,154ms
[1033,093s][info][gc] GC(4297) Pause Young (G1 Evacuation Pause) 237M->21M(368M) 2,806ms
[1033,325s][info][gc] GC(4298) Pause Young (G1 Evacuation Pause) 236M->22M(368M) 1,170ms
[1033,583s][info][gc] GC(4299) Pause Young (G1 Evacuation Pause) 237M->22M(368M) 1,843ms
[1033,827s][info][gc] GC(4300) Pause Young (G1 Evacuation Pause) 237M->23M(368M) 1,770ms
[1034,085s][info][gc] GC(4301) Pause Young (G1 Evacuation Pause) 237M->22M(368M) 2,100ms
[1034,336s][info][gc] GC(4302) Pause Young (G1 Evacuation Pause) 237M->22M(368M) 1,656ms
[1034,590s][info][gc] GC(4303) Pause Young (G1 Evacuation Pause) 237M->22M(368M) 1,506ms
[1034,836s][info][gc] GC(4304) Pause Young (G1 Evacuation Pause) 237M->22M(368M) 1,984ms
[1035,092s][info][gc] GC(4305) Pause Young (G1 Evacuation Pause) 237M->22M(368M) 2,024ms
[1035,324s][info][gc] GC(4306) Pause Young (G1 Evacuation Pause) 236M->22M(368M) 1,169ms
[1035,588s][info][gc] GC(4307) Pause Young (G1 Evacuation Pause) 237M->22M(368M) 1,828ms
[1035,842s][info][gc] GC(4308) Pause Young (G1 Evacuation Pause) 237M->22M(368M) 1,662ms
[1036,101s][info][gc] GC(4309) Pause Young (G1 Evacuation Pause) 237M->22M(368M) 1,629ms
[1036,355s][info][gc] GC(4310) Pause Young (G1 Evacuation Pause) 237M->22M(368M) 1,757ms
[1036,602s][info][gc] GC(4311) Pause Young (G1 Evacuation Pause) 236M->22M(368M) 1,169ms
[1036,861s][info][gc] GC(4312) Pause Young (G1 Evacuation Pause) 237M->22M(368M) 1,626ms
[1037,114s][info][gc] GC(4313) Pause Young (G1 Evacuation Pause) 237M->22M(368M) 1,857ms
[1037,372s][info][gc] GC(4314) Pause Young (G1 Evacuation Pause) 237M->22M(368M) 3,593ms
[1037,631s][info][gc] GC(4315) Pause Young (G1 Evacuation Pause) 237M->22M(368M) 1,825ms
[1037,871s][info][gc] GC(4316) Pause Young (G1 Evacuation Pause) 237M->23M(368M) 4,090ms
[1038,137s][info][gc] GC(4317) Pause Young (G1 Evacuation Pause) 237M->22M(368M) 1,168ms
[1038,376s][info][gc] GC(4318) Pause Young (G1 Evacuation Pause) 237M->22M(368M) 1,848ms
[1038,610s][info][gc] GC(4319) Pause Young (G1 Evacuation Pause) 237M->22M(368M) 1,610ms
[1038,843s][info][gc] GC(4320) Pause Young (G1 Evacuation Pause) 237M->22M(368M) 1,555ms
[1039,110s][info][gc] GC(4321) Pause Young (G1 Evacuation Pause) 236M->22M(368M) 2,154ms
[1039,359s][info][gc] GC(4322) Pause Young (G1 Evacuation Pause) 237M->22M(368M) 1,237ms
[1039,592s][info][gc] GC(4323) Pause Young (G1 Evacuation Pause) 237M->22M(368M) 1,875ms
[1039,824s][info][gc] GC(4324) Pause Young (G1 Evacuation Pause) 237M->22M(368M) 1,110ms
[1040,080s][info][gc] GC(4325) Pause Young (G1 Evacuation Pause) 237M->22M(368M) 1,788ms
[1040,334s][info][gc] GC(4326) Pause Young (G1 Evacuation Pause) 237M->22M(368M) 1,988ms
[1040,582s][info][gc] GC(4327) Pause Young (G1 Evacuation Pause) 236M->22M(368M) 1,164ms
[1040,814s][info][gc] GC(4328) Pause Young (G1 Evacuation Pause) 237M->22M(368M) 1,167ms
[1041,046s][info][gc] GC(4329) Pause Young (G1 Evacuation Pause) 237M->22M(368M) 1,274ms
[1041,278s][info][gc] GC(4330) Pause Young (G1 Evacuation Pause) 237M->22M(368M) 1,282ms
[1041,532s][info][gc] GC(4331) Pause Young (G1 Evacuation Pause) 237M->22M(368M) 1,817ms
[1041,786s][info][gc] GC(4332) Pause Young (G1 Evacuation Pause) 236M->22M(368M) 1,590ms
[1042,040s][info][gc] GC(4333) Pause Young (G1 Evacuation Pause) 237M->22M(368M) 1,746ms
[1042,293s][info][gc] GC(4334) Pause Young (G1 Evacuation Pause) 237M->22M(368M) 1,164ms
[1042,550s][info][gc] GC(4335) Pause Young (G1 Evacuation Pause) 237M->22M(368M) 1,906ms
[1042,804s][info][gc] GC(4336) Pause Young (G1 Evacuation Pause) 237M->22M(368M) 1,972ms
[1043,067s][info][gc] GC(4337) Pause Young (G1 Evacuation Pause) 236M->21M(368M) 4,980ms
[1043,299s][info][gc] GC(4338) Pause Young (G1 Evacuation Pause) 236M->22M(368M) 1,113ms
[1043,531s][info][gc] GC(4339) Pause Young (G1 Evacuation Pause) 237M->22M(368M) 1,321ms
[1043,783s][info][gc] GC(4340) Pause Young (G1 Evacuation Pause) 237M->22M(368M) 1,700ms
[1044,049s][info][gc] GC(4341) Pause Young (G1 Evacuation Pause) 237M->22M(368M) 2,340ms
[1044,314s][info][gc] GC(4342) Pause Young (G1 Evacuation Pause) 237M->23M(368M) 2,471ms
[1044,571s][info][gc] GC(4343) Pause Young (G1 Evacuation Pause) 237M->22M(368M) 1,175ms
[1044,803s][info][gc] GC(4344) Pause Young (G1 Evacuation Pause) 237M->22M(368M) 1,059ms
[1045,035s][info][gc] GC(4345) Pause Young (G1 Evacuation Pause) 237M->22M(368M) 1,122ms
[1045,284s][info][gc] GC(4346) Pause Young (G1 Evacuation Pause) 237M->22M(368M) 1,816ms
[1045,541s][info][gc] GC(4347) Pause Young (G1 Evacuation Pause) 237M->23M(368M) 1,870ms
[1045,795s][info][gc] GC(4348) Pause Young (G1 Evacuation Pause) 237M->22M(368M) 1,706ms
[1046,053s][info][gc] GC(4349) Pause Young (G1 Evacuation Pause) 237M->22M(368M) 1,753ms
[1046,293s][info][gc] GC(4350) Pause Young (G1 Evacuation Pause) 237M->22M(368M) 1,269ms
[1046,550s][info][gc] GC(4351) Pause Young (G1 Evacuation Pause) 237M->22M(368M) 3,249ms
[1046,793s][info][gc] GC(4352) Pause Young (G1 Evacuation Pause) 237M->23M(368M) 1,267ms
[1047,038s][info][gc] GC(4353) Pause Young (G1 Evacuation Pause) 237M->22M(368M) 1,320ms
[1047,272s][info][gc] GC(4354) Pause Young (G1 Evacuation Pause) 237M->22M(368M) 1,539ms
[1047,524s][info][gc] GC(4355) Pause Young (G1 Evacuation Pause) 237M->22M(368M) 1,762ms
[1047,778s][info][gc] GC(4356) Pause Young (G1 Evacuation Pause) 237M->22M(368M) 1,694ms
[1048,035s][info][gc] GC(4357) Pause Young (G1 Evacuation Pause) 237M->22M(368M) 1,828ms
[1048,270s][info][gc] GC(4358) Pause Young (G1 Evacuation Pause) 236M->22M(368M) 1,176ms
[1048,507s][info][gc] GC(4359) Pause Young (G1 Evacuation Pause) 237M->22M(368M) 4,143ms
[1048,747s][info][gc] GC(4360) Pause Young (G1 Evacuation Pause) 237M->22M(368M) 1,089ms
[1048,996s][info][gc] GC(4361) Pause Young (G1 Evacuation Pause) 237M->22M(368M) 1,827ms
[1049,250s][info][gc] GC(4362) Pause Young (G1 Evacuation Pause) 237M->22M(368M) 1,714ms
[1049,484s][info][gc] GC(4363) Pause Young (G1 Evacuation Pause) 236M->22M(368M) 1,527ms
[1049,727s][info][gc] GC(4364) Pause Young (G1 Evacuation Pause) 237M->22M(368M) 1,194ms
[1049,979s][info][gc] GC(4365) Pause Young (G1 Evacuation Pause) 237M->22M(368M) 2,463ms
[1050,233s][info][gc] GC(4366) Pause Young (G1 Evacuation Pause) 237M->22M(368M) 1,812ms
[1050,496s][info][gc] GC(4367) Pause Young (G1 Evacuation Pause) 237M->22M(368M) 2,523ms
[1050,753s][info][gc] GC(4368) Pause Young (G1 Evacuation Pause) 236M->22M(368M) 1,731ms
[1051,008s][info][gc] GC(4369) Pause Young (G1 Evacuation Pause) 237M->22M(368M) 1,799ms
[1051,262s][info][gc] GC(4370) Pause Young (G1 Evacuation Pause) 237M->22M(368M) 1,702ms
[1051,515s][info][gc] GC(4371) Pause Young (G1 Evacuation Pause) 237M->22M(368M) 1,639ms
[1051,768s][info][gc] GC(4372) Pause Young (G1 Evacuation Pause) 237M->22M(368M) 1,243ms
[1052,001s][info][gc] GC(4373) Pause Young (G1 Evacuation Pause) 237M->22M(368M) 2,236ms
[1052,234s][info][gc] GC(4374) Pause Young (G1 Evacuation Pause) 236M->22M(368M) 1,199ms
[1052,490s][info][gc] GC(4375) Pause Young (G1 Evacuation Pause) 237M->21M(368M) 6,617ms
[1052,722s][info][gc] GC(4376) Pause Young (G1 Evacuation Pause) 236M->22M(368M) 1,084ms
[1052,975s][info][gc] GC(4377) Pause Young (G1 Evacuation Pause) 237M->22M(368M) 2,360ms
[1053,215s][info][gc] GC(4378) Pause Young (G1 Evacuation Pause) 237M->22M(368M) 1,292ms
[1053,447s][info][gc] GC(4379) Pause Young (G1 Evacuation Pause) 236M->22M(368M) 1,204ms
[1053,679s][info][gc] GC(4380) Pause Young (G1 Evacuation Pause) 237M->22M(368M) 1,214ms
[1053,925s][info][gc] GC(4381) Pause Young (G1 Evacuation Pause) 237M->22M(368M) 1,849ms
[1054,159s][info][gc] GC(4382) Pause Young (G1 Evacuation Pause) 237M->22M(368M) 1,485ms
[1054,400s][info][gc] GC(4383) Pause Young (G1 Evacuation Pause) 237M->22M(368M) 2,311ms
[1054,655s][info][gc] GC(4384) Pause Young (G1 Evacuation Pause) 237M->23M(368M) 1,966ms
[1054,908s][info][gc] GC(4385) Pause Young (G1 Evacuation Pause) 237M->22M(368M) 1,586ms
[1055,165s][info][gc] GC(4386) Pause Young (G1 Evacuation Pause) 237M->22M(368M) 1,700ms
[1055,411s][info][gc] GC(4387) Pause Young (G1 Evacuation Pause) 237M->22M(368M) 2,320ms
[1055,665s][info][gc] GC(4388) Pause Young (G1 Evacuation Pause) 237M->22M(368M) 1,876ms
[1055,919s][info][gc] GC(4389) Pause Young (G1 Evacuation Pause) 237M->22M(368M) 1,810ms
[1056,173s][info][gc] GC(4390) Pause Young (G1 Evacuation Pause) 236M->22M(368M) 1,830ms
[1056,433s][info][gc] GC(4391) Pause Young (G1 Evacuation Pause) 237M->22M(368M) 2,274ms
[1056,674s][info][gc] GC(4392) Pause Young (G1 Evacuation Pause) 237M->22M(368M) 1,215ms
[1056,942s][info][gc] GC(4393) Pause Young (G1 Evacuation Pause) 237M->22M(368M) 2,329ms
[1057,185s][info][gc] GC(4394) Pause Young (G1 Evacuation Pause) 237M->22M(368M) 1,550ms
[1057,429s][info][gc] GC(4395) Pause Young (G1 Evacuation Pause) 236M->22M(368M) 1,717ms
[1057,683s][info][gc] GC(4396) Pause Young (G1 Evacuation Pause) 237M->22M(368M) 1,696ms
[1057,944s][info][gc] GC(4397) Pause Young (G1 Evacuation Pause) 237M->22M(368M) 1,634ms
[1058,202s][info][gc] GC(4398) Pause Young (G1 Evacuation Pause) 237M->22M(368M) 1,885ms
[1058,456s][info][gc] GC(4399) Pause Young (G1 Evacuation Pause) 237M->22M(368M) 1,955ms
[1058,705s][info][gc] GC(4400) Pause Young (G1 Evacuation Pause) 236M->22M(368M) 1,489ms
[1058,937s][info][gc] GC(4401) Pause Young (G1 Evacuation Pause) 237M->22M(368M) 1,141ms
[1059,169s][info][gc] GC(4402) Pause Young (G1 Evacuation Pause) 237M->22M(368M) 1,252ms
[1059,412s][info][gc] GC(4403) Pause Young (G1 Evacuation Pause) 237M->22M(368M) 2,219ms
[1059,659s][info][gc] GC(4404) Pause Young (G1 Evacuation Pause) 237M->22M(368M) 1,151ms
[1059,900s][info][gc] GC(4405) Pause Young (G1 Evacuation Pause) 236M->22M(368M) 2,275ms
[1060,154s][info][gc] GC(4406) Pause Young (G1 Evacuation Pause) 237M->22M(368M) 1,746ms
[1060,414s][info][gc] GC(4407) Pause Young (G1 Evacuation Pause) 237M->21M(368M) 3,712ms
[1060,647s][info][gc] GC(4408) Pause Young (G1 Evacuation Pause) 236M->22M(368M) 1,202ms
[1060,880s][info][gc] GC(4409) Pause Young (G1 Evacuation Pause) 237M->22M(368M) 1,952ms
[1061,112s][info][gc] GC(4410) Pause Young (G1 Evacuation Pause) 236M->22M(368M) 1,159ms
[1061,344s][info][gc] GC(4411) Pause Young (G1 Evacuation Pause) 237M->22M(368M) 1,084ms
[1061,618s][info][gc] GC(4412) Pause Young (G1 Evacuation Pause) 237M->22M(368M) 1,776ms
[1061,876s][info][gc] GC(4413) Pause Young (G1 Evacuation Pause) 237M->22M(368M) 4,050ms
[1062,112s][info][gc] GC(4414) Pause Young (G1 Evacuation Pause) 237M->22M(368M) 1,615ms
[1062,345s][info][gc] GC(4415) Pause Young (G1 Evacuation Pause) 237M->23M(368M) 1,535ms
[1062,604s][info][gc] GC(4416) Pause Young (G1 Evacuation Pause) 237M->22M(368M) 1,705ms
[1062,861s][info][gc] GC(4417) Pause Young (G1 Evacuation Pause) 237M->22M(368M) 1,656ms
[1063,111s][info][gc] GC(4418) Pause Young (G1 Evacuation Pause) 237M->22M(368M) 1,141ms
[1063,343s][info][gc] GC(4419) Pause Young (G1 Evacuation Pause) 237M->22M(368M) 1,275ms
[1063,575s][info][gc] GC(4420) Pause Young (G1 Evacuation Pause) 237M->22M(368M) 1,315ms
[1063,815s][info][gc] GC(4421) Pause Young (G1 Evacuation Pause) 237M->23M(368M) 2,492ms
[1064,073s][info][gc] GC(4422) Pause Young (G1 Evacuation Pause) 237M->22M(368M) 1,730ms
[1064,327s][info][gc] GC(4423) Pause Young (G1 Evacuation Pause) 237M->22M(368M) 1,755ms
[1064,576s][info][gc] GC(4424) Pause Young (G1 Evacuation Pause) 237M->22M(368M) 1,110ms
[1064,808s][info][gc] GC(4425) Pause Young (G1 Evacuation Pause) 237M->22M(368M) 1,252ms
[1065,040s][info][gc] GC(4426) Pause Young (G1 Evacuation Pause) 237M->23M(368M) 1,186ms
[1065,277s][info][gc] GC(4427) Pause Young (G1 Evacuation Pause) 237M->22M(368M) 3,931ms
[1065,548s][info][gc] GC(4428) Pause Young (G1 Evacuation Pause) 237M->22M(368M) 1,825ms
[1065,802s][info][gc] GC(4429) Pause Young (G1 Evacuation Pause) 237M->22M(368M) 1,898ms
[1066,048s][info][gc] GC(4430) Pause Young (G1 Evacuation Pause) 237M->22M(368M) 1,337ms
[1066,280s][info][gc] GC(4431) Pause Young (G1 Evacuation Pause) 237M->23M(368M) 1,151ms
[1066,532s][info][gc] GC(4432) Pause Young (G1 Evacuation Pause) 237M->22M(368M) 1,759ms
[1066,786s][info][gc] GC(4433) Pause Young (G1 Evacuation Pause) 237M->22M(368M) 1,961ms
[1067,044s][info][gc] GC(4434) Pause Young (G1 Evacuation Pause) 237M->22M(368M) 1,860ms
[1067,298s][info][gc] GC(4435) Pause Young (G1 Evacuation Pause) 237M->22M(368M) 1,816ms
[1067,549s][info][gc] GC(4436) Pause Young (G1 Evacuation Pause) 237M->23M(368M) 1,607ms
[1067,793s][info][gc] GC(4437) Pause Young (G1 Evacuation Pause) 237M->22M(368M) 1,144ms
[1068,048s][info][gc] GC(4438) Pause Young (G1 Evacuation Pause) 237M->22M(368M) 1,730ms
[1068,283s][info][gc] GC(4439) Pause Young (G1 Evacuation Pause) 237M->22M(368M) 1,370ms
[1068,537s][info][gc] GC(4440) Pause Young (G1 Evacuation Pause) 237M->22M(368M) 2,269ms
[1068,769s][info][gc] GC(4441) Pause Young (G1 Evacuation Pause) 237M->22M(368M) 1,261ms
[1069,002s][info][gc] GC(4442) Pause Young (G1 Evacuation Pause) 236M->22M(368M) 1,381ms
[1069,235s][info][gc] GC(4443) Pause Young (G1 Evacuation Pause) 237M->22M(368M) 1,487ms
[1069,483s][info][gc] GC(4444) Pause Young (G1 Evacuation Pause) 237M->22M(368M) 1,810ms
[1069,741s][info][gc] GC(4445) Pause Young (G1 Evacuation Pause) 237M->22M(368M) 1,685ms
[1070,002s][info][gc] GC(4446) Pause Young (G1 Evacuation Pause) 237M->22M(368M) 2,252ms
[1070,262s][info][gc] GC(4447) Pause Young (G1 Evacuation Pause) 237M->23M(368M) 1,859ms
[1070,526s][info][gc] GC(4448) Pause Young (G1 Evacuation Pause) 237M->22M(368M) 2,181ms
[1070,788s][info][gc] GC(4449) Pause Young (G1 Evacuation Pause) 237M->22M(368M) 1,683ms
[1071,054s][info][gc] GC(4450) Pause Young (G1 Evacuation Pause) 237M->22M(368M) 1,741ms
[1071,308s][info][gc] GC(4451) Pause Young (G1 Evacuation Pause) 237M->22M(368M) 1,821ms
[1071,568s][info][gc] GC(4452) Pause Young (G1 Evacuation Pause) 237M->23M(368M) 1,935ms
[1071,822s][info][gc] GC(4453) Pause Young (G1 Evacuation Pause) 237M->22M(368M) 1,749ms
[1072,078s][info][gc] GC(4454) Pause Young (G1 Evacuation Pause) 237M->22M(368M) 1,710ms
[1072,332s][info][gc] GC(4455) Pause Young (G1 Evacuation Pause) 237M->22M(368M) 1,779ms
[1072,581s][info][gc] GC(4456) Pause Young (G1 Evacuation Pause) 237M->22M(368M) 1,106ms
[1072,813s][info][gc] GC(4457) Pause Young (G1 Evacuation Pause) 237M->23M(368M) 1,132ms
[1073,045s][info][gc] GC(4458) Pause Young (G1 Evacuation Pause) 237M->22M(368M) 1,015ms
[1073,277s][info][gc] GC(4459) Pause Young (G1 Evacuation Pause) 237M->22M(368M) 1,196ms
[1073,532s][info][gc] GC(4460) Pause Young (G1 Evacuation Pause) 237M->22M(368M) 1,702ms
[1073,777s][info][gc] GC(4461) Pause Young (G1 Evacuation Pause) 237M->22M(368M) 1,119ms
[1074,009s][info][gc] GC(4462) Pause Young (G1 Evacuation Pause) 237M->22M(368M) 1,140ms
[1074,267s][info][gc] GC(4463) Pause Young (G1 Evacuation Pause) 236M->22M(368M) 1,717ms
[1074,528s][info][gc] GC(4464) Pause Young (G1 Evacuation Pause) 237M->22M(368M) 1,774ms
[1074,777s][info][gc] GC(4465) Pause Young (G1 Evacuation Pause) 237M->22M(368M) 1,788ms
[1075,035s][info][gc] GC(4466) Pause Young (G1 Evacuation Pause) 237M->22M(368M) 1,731ms
[1075,293s][info][gc] GC(4467) Pause Young (G1 Evacuation Pause) 237M->22M(368M) 2,213ms
[1075,547s][info][gc] GC(4468) Pause Young (G1 Evacuation Pause) 236M->22M(368M) 1,676ms
[1075,805s][info][gc] GC(4469) Pause Young (G1 Evacuation Pause) 237M->22M(368M) 1,587ms
[1076,044s][info][gc] GC(4470) Pause Young (G1 Evacuation Pause) 237M->22M(368M) 1,339ms
[1076,276s][info][gc] GC(4471) Pause Young (G1 Evacuation Pause) 237M->22M(368M) 1,241ms
[1076,540s][info][gc] GC(4472) Pause Young (G1 Evacuation Pause) 237M->22M(368M) 2,056ms
[1076,772s][info][gc] GC(4473) Pause Young (G1 Evacuation Pause) 236M->22M(368M) 1,156ms
[1077,006s][info][gc] GC(4474) Pause Young (G1 Evacuation Pause) 237M->21M(368M) 3,190ms
[1077,238s][info][gc] GC(4475) Pause Young (G1 Evacuation Pause) 236M->22M(368M) 1,262ms
[1077,470s][info][gc] GC(4476) Pause Young (G1 Evacuation Pause) 237M->22M(368M) 1,142ms
[1077,702s][info][gc] GC(4477) Pause Young (G1 Evacuation Pause) 237M->22M(368M) 1,157ms
[1077,952s][info][gc] GC(4478) Pause Young (G1 Evacuation Pause) 237M->22M(368M) 2,340ms
[1078,194s][info][gc] GC(4479) Pause Young (G1 Evacuation Pause) 236M->22M(368M) 1,203ms
[1078,426s][info][gc] GC(4480) Pause Young (G1 Evacuation Pause) 237M->22M(368M) 1,346ms
[1078,663s][info][gc] GC(4481) Pause Young (G1 Evacuation Pause) 237M->22M(368M) 3,383ms
[1078,924s][info][gc] GC(4482) Pause Young (G1 Evacuation Pause) 237M->22M(368M) 1,672ms
[1079,178s][info][gc] GC(4483) Pause Young (G1 Evacuation Pause) 237M->22M(368M) 1,955ms
[1079,437s][info][gc] GC(4484) Pause Young (G1 Evacuation Pause) 236M->22M(368M) 1,661ms
[1079,682s][info][gc] GC(4485) Pause Young (G1 Evacuation Pause) 237M->22M(368M) 1,228ms
[1079,927s][info][gc] GC(4486) Pause Young (G1 Evacuation Pause) 237M->22M(368M) 1,784ms
[1080,181s][info][gc] GC(4487) Pause Young (G1 Evacuation Pause) 237M->22M(368M) 1,713ms
[1080,439s][info][gc] GC(4488) Pause Young (G1 Evacuation Pause) 237M->22M(368M) 2,382ms
[1080,676s][info][gc] GC(4489) Pause Young (G1 Evacuation Pause) 237M->23M(368M) 1,231ms
[1080,924s][info][gc] GC(4490) Pause Young (G1 Evacuation Pause) 237M->22M(368M) 2,137ms
[1081,159s][info][gc] GC(4491) Pause Young (G1 Evacuation Pause) 237M->22M(368M) 1,516ms
[1081,392s][info][gc] GC(4492) Pause Young (G1 Evacuation Pause) 237M->22M(368M) 1,611ms
[1081,625s][info][gc] GC(4493) Pause Young (G1 Evacuation Pause) 237M->22M(368M) 1,449ms
[1081,858s][info][gc] GC(4494) Pause Young (G1 Evacuation Pause) 236M->21M(368M) 1,930ms
[1082,119s][info][gc] GC(4495) Pause Young (G1 Evacuation Pause) 236M->21M(368M) 3,177ms
[1082,374s][info][gc] GC(4496) Pause Young (G1 Evacuation Pause) 236M->21M(368M) 3,193ms
[1082,629s][info][gc] GC(4497) Pause Young (G1 Evacuation Pause) 236M->22M(368M) 3,284ms
[1082,886s][info][gc] GC(4498) Pause Young (G1 Evacuation Pause) 237M->22M(368M) 2,383ms
[1083,134s][info][gc] GC(4499) Pause Young (G1 Evacuation Pause) 237M->23M(368M) 1,170ms
[1083,373s][info][gc] GC(4500) Pause Young (G1 Evacuation Pause) 237M->22M(368M) 2,035ms
[1083,629s][info][gc] GC(4501) Pause Young (G1 Evacuation Pause) 237M->22M(368M) 1,742ms
[1083,890s][info][gc] GC(4502) Pause Young (G1 Evacuation Pause) 237M->22M(368M) 3,990ms
[1084,165s][info][gc] GC(4503) Pause Young (G1 Evacuation Pause) 237M->22M(368M) 1,826ms
[1084,419s][info][gc] GC(4504) Pause Young (G1 Evacuation Pause) 237M->22M(368M) 1,831ms
[1084,658s][info][gc] GC(4505) Pause Young (G1 Evacuation Pause) 236M->22M(368M) 1,181ms
[1084,898s][info][gc] GC(4506) Pause Young (G1 Evacuation Pause) 237M->22M(368M) 3,394ms
[1085,152s][info][gc] GC(4507) Pause Young (G1 Evacuation Pause) 237M->22M(368M) 1,829ms
[1085,410s][info][gc] GC(4508) Pause Young (G1 Evacuation Pause) 237M->22M(368M) 1,772ms
[1085,664s][info][gc] GC(4509) Pause Young (G1 Evacuation Pause) 237M->22M(368M) 1,921ms
[1085,921s][info][gc] GC(4510) Pause Young (G1 Evacuation Pause) 236M->22M(368M) 1,127ms
[1086,153s][info][gc] GC(4511) Pause Young (G1 Evacuation Pause) 237M->22M(368M) 1,297ms
[1086,386s][info][gc] GC(4512) Pause Young (G1 Evacuation Pause) 237M->22M(368M) 1,431ms
[1086,619s][info][gc] GC(4513) Pause Young (G1 Evacuation Pause) 237M->22M(368M) 1,481ms
[1086,852s][info][gc] GC(4514) Pause Young (G1 Evacuation Pause) 237M->22M(368M) 1,694ms
[1087,112s][info][gc] GC(4515) Pause Young (G1 Evacuation Pause) 237M->23M(368M) 1,799ms
[1087,369s][info][gc] GC(4516) Pause Young (G1 Evacuation Pause) 237M->22M(368M) 2,813ms
[1087,623s][info][gc] GC(4517) Pause Young (G1 Evacuation Pause) 237M->22M(368M) 1,673ms
[1087,881s][info][gc] GC(4518) Pause Young (G1 Evacuation Pause) 237M->22M(368M) 2,401ms
[1088,114s][info][gc] GC(4519) Pause Young (G1 Evacuation Pause) 237M->22M(368M) 1,271ms
[1088,346s][info][gc] GC(4520) Pause Young (G1 Evacuation Pause) 237M->23M(368M) 1,331ms
[1088,585s][info][gc] GC(4521) Pause Young (G1 Evacuation Pause) 237M->22M(368M) 1,162ms
[1088,818s][info][gc] GC(4522) Pause Young (G1 Evacuation Pause) 237M->22M(368M) 1,687ms
[1089,074s][info][gc] GC(4523) Pause Young (G1 Evacuation Pause) 237M->22M(368M) 1,839ms
[1089,328s][info][gc] GC(4524) Pause Young (G1 Evacuation Pause) 237M->22M(368M) 1,880ms
[1089,588s][info][gc] GC(4525) Pause Young (G1 Evacuation Pause) 237M->22M(368M) 1,979ms
[1089,820s][info][gc] GC(4526) Pause Young (G1 Evacuation Pause) 236M->22M(368M) 1,114ms
[1090,079s][info][gc] GC(4527) Pause Young (G1 Evacuation Pause) 237M->22M(368M) 1,784ms
[1090,333s][info][gc] GC(4528) Pause Young (G1 Evacuation Pause) 237M->22M(368M) 1,871ms
[1090,587s][info][gc] GC(4529) Pause Young (G1 Evacuation Pause) 237M->22M(368M) 1,876ms
[1090,841s][info][gc] GC(4530) Pause Young (G1 Evacuation Pause) 237M->22M(368M) 1,896ms
[1091,076s][info][gc] GC(4531) Pause Young (G1 Evacuation Pause) 236M->22M(368M) 1,138ms
[1091,308s][info][gc] GC(4532) Pause Young (G1 Evacuation Pause) 237M->21M(368M) 1,292ms
[1091,567s][info][gc] GC(4533) Pause Young (G1 Evacuation Pause) 236M->22M(368M) 1,703ms
[1091,808s][info][gc] GC(4534) Pause Young (G1 Evacuation Pause) 237M->22M(368M) 1,452ms
[1092,042s][info][gc] GC(4535) Pause Young (G1 Evacuation Pause) 237M->22M(368M) 2,801ms
[1092,274s][info][gc] GC(4536) Pause Young (G1 Evacuation Pause) 236M->22M(368M) 1,259ms
[1092,528s][info][gc] GC(4537) Pause Young (G1 Evacuation Pause) 237M->21M(368M) 2,726ms
[1092,775s][info][gc] GC(4538) Pause Young (G1 Evacuation Pause) 236M->22M(368M) 2,966ms
[1093,030s][info][gc] GC(4539) Pause Young (G1 Evacuation Pause) 237M->22M(368M) 1,900ms
[1093,268s][info][gc] GC(4540) Pause Young (G1 Evacuation Pause) 237M->22M(368M) 1,227ms
[1093,534s][info][gc] GC(4541) Pause Young (G1 Evacuation Pause) 236M->22M(368M) 1,673ms
[1093,788s][info][gc] GC(4542) Pause Young (G1 Evacuation Pause) 237M->22M(368M) 1,719ms
[1094,042s][info][gc] GC(4543) Pause Young (G1 Evacuation Pause) 237M->22M(368M) 1,836ms
[1094,296s][info][gc] GC(4544) Pause Young (G1 Evacuation Pause) 237M->22M(368M) 1,781ms
[1094,550s][info][gc] GC(4545) Pause Young (G1 Evacuation Pause) 237M->22M(368M) 1,874ms
[1094,783s][info][gc] GC(4546) Pause Young (G1 Evacuation Pause) 237M->22M(368M) 1,297ms
[1095,040s][info][gc] GC(4547) Pause Young (G1 Evacuation Pause) 236M->22M(368M) 1,575ms
[1095,293s][info][gc] GC(4548) Pause Young (G1 Evacuation Pause) 237M->22M(368M) 1,610ms
[1095,547s][info][gc] GC(4549) Pause Young (G1 Evacuation Pause) 237M->22M(368M) 1,702ms
[1095,800s][info][gc] GC(4550) Pause Young (G1 Evacuation Pause) 237M->22M(368M) 1,713ms
[1096,063s][info][gc] GC(4551) Pause Young (G1 Evacuation Pause) 237M->22M(368M) 1,928ms
[1096,317s][info][gc] GC(4552) Pause Young (G1 Evacuation Pause) 236M->22M(368M) 1,722ms
[1096,567s][info][gc] GC(4553) Pause Young (G1 Evacuation Pause) 237M->22M(368M) 1,150ms
[1096,826s][info][gc] GC(4554) Pause Young (G1 Evacuation Pause) 237M->22M(368M) 1,967ms
[1097,075s][info][gc] GC(4555) Pause Young (G1 Evacuation Pause) 237M->22M(368M) 1,347ms
[1097,307s][info][gc] GC(4556) Pause Young (G1 Evacuation Pause) 237M->22M(368M) 1,403ms
[1097,570s][info][gc] GC(4557) Pause Young (G1 Evacuation Pause) 236M->22M(368M) 1,892ms
[1097,830s][info][gc] GC(4558) Pause Young (G1 Evacuation Pause) 237M->22M(368M) 1,983ms
[1098,084s][info][gc] GC(4559) Pause Young (G1 Evacuation Pause) 237M->22M(368M) 2,753ms
[1098,345s][info][gc] GC(4560) Pause Young (G1 Evacuation Pause) 237M->22M(368M) 1,583ms
[1098,577s][info][gc] GC(4561) Pause Young (G1 Evacuation Pause) 237M->22M(368M) 1,154ms
[1098,809s][info][gc] GC(4562) Pause Young (G1 Evacuation Pause) 237M->23M(368M) 1,285ms
[1099,041s][info][gc] GC(4563) Pause Young (G1 Evacuation Pause) 237M->22M(368M) 1,192ms
[1099,273s][info][gc] GC(4564) Pause Young (G1 Evacuation Pause) 237M->22M(368M) 1,358ms
[1099,531s][info][gc] GC(4565) Pause Young (G1 Evacuation Pause) 237M->22M(368M) 3,450ms
[1099,763s][info][gc] GC(4566) Pause Young (G1 Evacuation Pause) 237M->22M(368M) 1,263ms
[1100,015s][info][gc] GC(4567) Pause Young (G1 Evacuation Pause) 237M->23M(368M) 1,967ms
[1100,268s][info][gc] GC(4568) Pause Young (G1 Evacuation Pause) 237M->22M(368M) 1,822ms
[1100,523s][info][gc] GC(4569) Pause Young (G1 Evacuation Pause) 237M->22M(368M) 2,142ms
[1100,755s][info][gc] GC(4570) Pause Young (G1 Evacuation Pause) 237M->22M(368M) 1,160ms
[1100,987s][info][gc] GC(4571) Pause Young (G1 Evacuation Pause) 237M->22M(368M) 1,259ms
[1101,220s][info][gc] GC(4572) Pause Young (G1 Evacuation Pause) 237M->22M(368M) 1,494ms
[1101,476s][info][gc] GC(4573) Pause Young (G1 Evacuation Pause) 236M->22M(368M) 2,270ms
[1101,736s][info][gc] GC(4574) Pause Young (G1 Evacuation Pause) 237M->22M(368M) 1,200ms
[1101,968s][info][gc] GC(4575) Pause Young (G1 Evacuation Pause) 237M->22M(368M) 1,305ms
[1102,230s][info][gc] GC(4576) Pause Young (G1 Evacuation Pause) 237M->22M(368M) 1,749ms
[1102,487s][info][gc] GC(4577) Pause Young (G1 Evacuation Pause) 237M->22M(368M) 1,823ms
[1102,741s][info][gc] GC(4578) Pause Young (G1 Evacuation Pause) 236M->22M(368M) 1,669ms
[1103,001s][info][gc] GC(4579) Pause Young (G1 Evacuation Pause) 237M->22M(368M) 1,808ms
[1103,240s][info][gc] GC(4580) Pause Young (G1 Evacuation Pause) 237M->22M(368M) 1,158ms
[1103,493s][info][gc] GC(4581) Pause Young (G1 Evacuation Pause) 237M->22M(368M) 2,360ms
[1103,756s][info][gc] GC(4582) Pause Young (G1 Evacuation Pause) 237M->22M(368M) 1,680ms
[1104,016s][info][gc] GC(4583) Pause Young (G1 Evacuation Pause) 237M->23M(368M) 1,864ms
[1104,270s][info][gc] GC(4584) Pause Young (G1 Evacuation Pause) 237M->22M(368M) 1,671ms
[1104,523s][info][gc] GC(4585) Pause Young (G1 Evacuation Pause) 237M->22M(368M) 2,712ms
[1104,755s][info][gc] GC(4586) Pause Young (G1 Evacuation Pause) 237M->22M(368M) 1,214ms
[1105,008s][info][gc] GC(4587) Pause Young (G1 Evacuation Pause) 237M->22M(368M) 1,818ms
[1105,257s][info][gc] GC(4588) Pause Young (G1 Evacuation Pause) 237M->23M(368M) 1,276ms
[1105,507s][info][gc] GC(4589) Pause Young (G1 Evacuation Pause) 237M->22M(368M) 1,644ms
[1105,761s][info][gc] GC(4590) Pause Young (G1 Evacuation Pause) 237M->22M(368M) 1,821ms
[1106,015s][info][gc] GC(4591) Pause Young (G1 Evacuation Pause) 237M->22M(368M) 1,870ms
[1106,268s][info][gc] GC(4592) Pause Young (G1 Evacuation Pause) 237M->22M(368M) 1,306ms
[1106,524s][info][gc] GC(4593) Pause Young (G1 Evacuation Pause) 236M->21M(368M) 1,801ms
[1106,778s][info][gc] GC(4594) Pause Young (G1 Evacuation Pause) 236M->21M(368M) 1,883ms
[1107,035s][info][gc] GC(4595) Pause Young (G1 Evacuation Pause) 236M->22M(368M) 1,682ms
[1107,289s][info][gc] GC(4596) Pause Young (G1 Evacuation Pause) 237M->22M(368M) 1,763ms
[1107,547s][info][gc] GC(4597) Pause Young (G1 Evacuation Pause) 237M->22M(368M) 1,855ms
[1107,787s][info][gc] GC(4598) Pause Young (G1 Evacuation Pause) 237M->22M(368M) 1,323ms
[1108,037s][info][gc] GC(4599) Pause Young (G1 Evacuation Pause) 236M->22M(368M) 1,020ms
[1108,278s][info][gc] GC(4600) Pause Young (G1 Evacuation Pause) 237M->22M(368M) 4,230ms
[1108,537s][info][gc] GC(4601) Pause Young (G1 Evacuation Pause) 237M->21M(368M) 2,009ms
[1108,769s][info][gc] GC(4602) Pause Young (G1 Evacuation Pause) 236M->22M(368M) 1,235ms
[1109,001s][info][gc] GC(4603) Pause Young (G1 Evacuation Pause) 237M->22M(368M) 1,125ms
[1109,233s][info][gc] GC(4604) Pause Young (G1 Evacuation Pause) 236M->22M(368M) 1,030ms
[1109,482s][info][gc] GC(4605) Pause Young (G1 Evacuation Pause) 237M->21M(368M) 2,448ms
[1109,717s][info][gc] GC(4606) Pause Young (G1 Evacuation Pause) 236M->22M(368M) 1,272ms
[1109,965s][info][gc] GC(4607) Pause Young (G1 Evacuation Pause) 237M->22M(368M) 1,732ms
[1110,221s][info][gc] GC(4608) Pause Young (G1 Evacuation Pause) 237M->22M(368M) 3,495ms
[1110,477s][info][gc] GC(4609) Pause Young (G1 Evacuation Pause) 237M->23M(368M) 1,903ms
[1110,731s][info][gc] GC(4610) Pause Young (G1 Evacuation Pause) 237M->22M(368M) 1,644ms
[1110,995s][info][gc] GC(4611) Pause Young (G1 Evacuation Pause) 237M->22M(368M) 1,707ms
[1111,249s][info][gc] GC(4612) Pause Young (G1 Evacuation Pause) 237M->22M(368M) 1,710ms
[1111,509s][info][gc] GC(4613) Pause Young (G1 Evacuation Pause) 237M->22M(368M) 1,913ms
[1111,763s][info][gc] GC(4614) Pause Young (G1 Evacuation Pause) 237M->22M(368M) 1,817ms
[1112,022s][info][gc] GC(4615) Pause Young (G1 Evacuation Pause) 236M->22M(368M) 1,194ms
[1112,254s][info][gc] GC(4616) Pause Young (G1 Evacuation Pause) 237M->22M(368M) 1,171ms
[1112,507s][info][gc] GC(4617) Pause Young (G1 Evacuation Pause) 237M->22M(368M) 1,637ms
[1112,739s][info][gc] GC(4618) Pause Young (G1 Evacuation Pause) 237M->22M(368M) 1,101ms
[1112,990s][info][gc] GC(4619) Pause Young (G1 Evacuation Pause) 237M->22M(368M) 1,691ms
[1113,231s][info][gc] GC(4620) Pause Young (G1 Evacuation Pause) 237M->23M(368M) 1,360ms
[1113,477s][info][gc] GC(4621) Pause Young (G1 Evacuation Pause) 237M->22M(368M) 1,654ms
[1113,731s][info][gc] GC(4622) Pause Young (G1 Evacuation Pause) 237M->22M(368M) 1,762ms
[1113,988s][info][gc] GC(4623) Pause Young (G1 Evacuation Pause) 237M->22M(368M) 1,782ms
[1114,242s][info][gc] GC(4624) Pause Young (G1 Evacuation Pause) 237M->22M(368M) 1,768ms
[1114,499s][info][gc] GC(4625) Pause Young (G1 Evacuation Pause) 237M->23M(368M) 1,805ms
[1114,758s][info][gc] GC(4626) Pause Young (G1 Evacuation Pause) 237M->22M(368M) 1,674ms
[1114,991s][info][gc] GC(4627) Pause Young (G1 Evacuation Pause) 237M->22M(368M) 1,197ms
[1115,223s][info][gc] GC(4628) Pause Young (G1 Evacuation Pause) 237M->22M(368M) 1,140ms
[1115,480s][info][gc] GC(4629) Pause Young (G1 Evacuation Pause) 237M->22M(368M) 2,227ms
[1115,735s][info][gc] GC(4630) Pause Young (G1 Evacuation Pause) 237M->23M(368M) 1,876ms
[1115,989s][info][gc] GC(4631) Pause Young (G1 Evacuation Pause) 237M->22M(368M) 1,411ms
[1116,222s][info][gc] GC(4632) Pause Young (G1 Evacuation Pause) 237M->22M(368M) 1,519ms
[1116,468s][info][gc] GC(4633) Pause Young (G1 Evacuation Pause) 237M->22M(368M) 1,738ms
[1116,732s][info][gc] GC(4634) Pause Young (G1 Evacuation Pause) 237M->22M(368M) 1,745ms
[1116,986s][info][gc] GC(4635) Pause Young (G1 Evacuation Pause) 237M->22M(368M) 1,924ms
[1117,240s][info][gc] GC(4636) Pause Young (G1 Evacuation Pause) 236M->22M(368M) 1,590ms
[1117,488s][info][gc] GC(4637) Pause Young (G1 Evacuation Pause) 237M->22M(368M) 1,848ms
[1117,742s][info][gc] GC(4638) Pause Young (G1 Evacuation Pause) 237M->22M(368M) 1,636ms
[1117,994s][info][gc] GC(4639) Pause Young (G1 Evacuation Pause) 237M->22M(368M) 2,576ms
[1118,227s][info][gc] GC(4640) Pause Young (G1 Evacuation Pause) 236M->21M(368M) 1,142ms
[1118,489s][info][gc] GC(4641) Pause Young (G1 Evacuation Pause) 236M->22M(368M) 1,645ms
[1118,743s][info][gc] GC(4642) Pause Young (G1 Evacuation Pause) 237M->22M(368M) 1,665ms
[1119,001s][info][gc] GC(4643) Pause Young (G1 Evacuation Pause) 237M->22M(368M) 1,831ms
[1119,255s][info][gc] GC(4644) Pause Young (G1 Evacuation Pause) 237M->22M(368M) 1,648ms
[1119,510s][info][gc] GC(4645) Pause Young (G1 Evacuation Pause) 237M->22M(368M) 2,269ms
[1119,749s][info][gc] GC(4646) Pause Young (G1 Evacuation Pause) 236M->22M(368M) 1,173ms
[1120,000s][info][gc] GC(4647) Pause Young (G1 Evacuation Pause) 237M->22M(368M) 1,670ms
[1120,252s][info][gc] GC(4648) Pause Young (G1 Evacuation Pause) 237M->21M(368M) 2,124ms
[1120,504s][info][gc] GC(4649) Pause Young (G1 Evacuation Pause) 236M->22M(368M) 1,533ms
[1120,736s][info][gc] GC(4650) Pause Young (G1 Evacuation Pause) 237M->22M(368M) 1,242ms
[1120,969s][info][gc] GC(4651) Pause Young (G1 Evacuation Pause) 237M->22M(368M) 2,194ms
[1121,229s][info][gc] GC(4652) Pause Young (G1 Evacuation Pause) 236M->22M(368M) 1,678ms
[1121,488s][info][gc] GC(4653) Pause Young (G1 Evacuation Pause) 237M->22M(368M) 1,761ms
[1121,742s][info][gc] GC(4654) Pause Young (G1 Evacuation Pause) 237M->22M(368M) 1,725ms
[1121,996s][info][gc] GC(4655) Pause Young (G1 Evacuation Pause) 237M->22M(368M) 1,768ms
[1122,250s][info][gc] GC(4656) Pause Young (G1 Evacuation Pause) 237M->22M(368M) 1,876ms
[1122,512s][info][gc] GC(4657) Pause Young (G1 Evacuation Pause) 236M->22M(368M) 1,803ms
[1122,758s][info][gc] GC(4658) Pause Young (G1 Evacuation Pause) 237M->22M(368M) 1,352ms
[1122,991s][info][gc] GC(4659) Pause Young (G1 Evacuation Pause) 237M->22M(368M) 1,586ms
[1123,227s][info][gc] GC(4660) Pause Young (G1 Evacuation Pause) 237M->22M(368M) 1,276ms
[1123,480s][info][gc] GC(4661) Pause Young (G1 Evacuation Pause) 237M->22M(368M) 1,502ms
[1123,713s][info][gc] GC(4662) Pause Young (G1 Evacuation Pause) 237M->23M(368M) 1,603ms
[1123,958s][info][gc] GC(4663) Pause Young (G1 Evacuation Pause) 237M->22M(368M) 1,402ms
[1124,191s][info][gc] GC(4664) Pause Young (G1 Evacuation Pause) 237M->22M(368M) 1,540ms
[1124,460s][info][gc] GC(4665) Pause Young (G1 Evacuation Pause) 237M->22M(368M) 1,809ms
[1124,698s][info][gc] GC(4666) Pause Young (G1 Evacuation Pause) 237M->22M(368M) 1,134ms
[1124,943s][info][gc] GC(4667) Pause Young (G1 Evacuation Pause) 236M->21M(368M) 1,740ms
[1125,176s][info][gc] GC(4668) Pause Young (G1 Evacuation Pause) 236M->21M(368M) 2,060ms
[1125,420s][info][gc] GC(4669) Pause Young (G1 Evacuation Pause) 236M->22M(368M) 1,703ms
[1125,674s][info][gc] GC(4670) Pause Young (G1 Evacuation Pause) 237M->22M(368M) 1,808ms
[1125,934s][info][gc] GC(4671) Pause Young (G1 Evacuation Pause) 237M->22M(368M) 1,826ms
[1126,169s][info][gc] GC(4672) Pause Young (G1 Evacuation Pause) 237M->23M(368M) 1,217ms
[1126,435s][info][gc] GC(4673) Pause Young (G1 Evacuation Pause) 237M->22M(368M) 1,721ms
[1126,695s][info][gc] GC(4674) Pause Young (G1 Evacuation Pause) 237M->22M(368M) 2,372ms
[1126,961s][info][gc] GC(4675) Pause Young (G1 Evacuation Pause) 237M->22M(368M) 2,311ms
[1127,206s][info][gc] GC(4676) Pause Young (G1 Evacuation Pause) 237M->22M(368M) 1,535ms
[1127,439s][info][gc] GC(4677) Pause Young (G1 Evacuation Pause) 236M->21M(368M) 1,373ms
[1127,672s][info][gc] GC(4678) Pause Young (G1 Evacuation Pause) 236M->22M(368M) 1,461ms
[1127,918s][info][gc] GC(4679) Pause Young (G1 Evacuation Pause) 237M->21M(368M) 1,813ms
[1128,151s][info][gc] GC(4680) Pause Young (G1 Evacuation Pause) 236M->22M(368M) 1,114ms
[1128,388s][info][gc] GC(4681) Pause Young (G1 Evacuation Pause) 237M->22M(368M) 1,503ms
[1128,620s][info][gc] GC(4682) Pause Young (G1 Evacuation Pause) 237M->22M(368M) 1,228ms
[1128,852s][info][gc] GC(4683) Pause Young (G1 Evacuation Pause) 236M->22M(368M) 1,339ms
[1129,085s][info][gc] GC(4684) Pause Young (G1 Evacuation Pause) 237M->22M(368M) 1,321ms
[1129,318s][info][gc] GC(4685) Pause Young (G1 Evacuation Pause) 237M->22M(368M) 1,340ms
[1129,570s][info][gc] GC(4686) Pause Young (G1 Evacuation Pause) 237M->22M(368M) 1,357ms
[1129,803s][info][gc] GC(4687) Pause Young (G1 Evacuation Pause) 237M->22M(368M) 1,149ms
[1130,067s][info][gc] GC(4688) Pause Young (G1 Evacuation Pause) 236M->22M(368M) 1,779ms
[1130,321s][info][gc] GC(4689) Pause Young (G1 Evacuation Pause) 237M->22M(368M) 1,755ms
[1130,556s][info][gc] GC(4690) Pause Young (G1 Evacuation Pause) 237M->22M(368M) 1,140ms
[1130,807s][info][gc] GC(4691) Pause Young (G1 Evacuation Pause) 237M->22M(368M) 1,081ms
[1131,069s][info][gc] GC(4692) Pause Young (G1 Evacuation Pause) 237M->22M(368M) 1,738ms
[1131,323s][info][gc] GC(4693) Pause Young (G1 Evacuation Pause) 237M->23M(368M) 1,873ms
[1131,581s][info][gc] GC(4694) Pause Young (G1 Evacuation Pause) 237M->22M(368M) 1,663ms
[1131,839s][info][gc] GC(4695) Pause Young (G1 Evacuation Pause) 237M->22M(368M) 1,686ms
[1132,112s][info][gc] GC(4696) Pause Young (G1 Evacuation Pause) 237M->22M(368M) 3,955ms
[1132,377s][info][gc] GC(4697) Pause Young (G1 Evacuation Pause) 237M->22M(368M) 2,303ms
[1132,610s][info][gc] GC(4698) Pause Young (G1 Evacuation Pause) 237M->23M(368M) 1,262ms
[1132,842s][info][gc] GC(4699) Pause Young (G1 Evacuation Pause) 237M->22M(368M) 1,311ms
[1133,106s][info][gc] GC(4700) Pause Young (G1 Evacuation Pause) 237M->22M(368M) 2,130ms
[1133,338s][info][gc] GC(4701) Pause Young (G1 Evacuation Pause) 237M->22M(368M) 1,272ms
[1133,570s][info][gc] GC(4702) Pause Young (G1 Evacuation Pause) 237M->22M(368M) 1,175ms
[1133,802s][info][gc] GC(4703) Pause Young (G1 Evacuation Pause) 237M->22M(368M) 1,343ms
[1134,056s][info][gc] GC(4704) Pause Young (G1 Evacuation Pause) 236M->22M(368M) 1,699ms
[1134,309s][info][gc] GC(4705) Pause Young (G1 Evacuation Pause) 237M->22M(368M) 1,604ms
[1134,557s][info][gc] GC(4706) Pause Young (G1 Evacuation Pause) 237M->22M(368M) 1,529ms
[1134,789s][info][gc] GC(4707) Pause Young (G1 Evacuation Pause) 237M->22M(368M) 1,140ms
[1135,047s][info][gc] GC(4708) Pause Young (G1 Evacuation Pause) 237M->22M(368M) 1,852ms
[1135,301s][info][gc] GC(4709) Pause Young (G1 Evacuation Pause) 237M->23M(368M) 1,768ms
[1135,559s][info][gc] GC(4710) Pause Young (G1 Evacuation Pause) 237M->22M(368M) 1,821ms
[1135,813s][info][gc] GC(4711) Pause Young (G1 Evacuation Pause) 237M->22M(368M) 1,849ms
[1136,067s][info][gc] GC(4712) Pause Young (G1 Evacuation Pause) 237M->22M(368M) 1,788ms
[1136,321s][info][gc] GC(4713) Pause Young (G1 Evacuation Pause) 237M->22M(368M) 1,827ms
[1136,573s][info][gc] GC(4714) Pause Young (G1 Evacuation Pause) 237M->23M(368M) 1,143ms
[1136,805s][info][gc] GC(4715) Pause Young (G1 Evacuation Pause) 237M->22M(368M) 1,195ms
[1137,037s][info][gc] GC(4716) Pause Young (G1 Evacuation Pause) 237M->22M(368M) 1,229ms
[1137,269s][info][gc] GC(4717) Pause Young (G1 Evacuation Pause) 237M->22M(368M) 1,395ms
[1137,503s][info][gc] GC(4718) Pause Young (G1 Evacuation Pause) 237M->22M(368M) 1,464ms
[1137,736s][info][gc] GC(4719) Pause Young (G1 Evacuation Pause) 237M->23M(368M) 1,375ms
[1137,984s][info][gc] GC(4720) Pause Young (G1 Evacuation Pause) 237M->22M(368M) 1,727ms
[1138,224s][info][gc] GC(4721) Pause Young (G1 Evacuation Pause) 237M->22M(368M) 1,233ms
[1138,474s][info][gc] GC(4722) Pause Young (G1 Evacuation Pause) 237M->22M(368M) 1,827ms
[1138,728s][info][gc] GC(4723) Pause Young (G1 Evacuation Pause) 237M->22M(368M) 1,730ms
[1138,961s][info][gc] GC(4724) Pause Young (G1 Evacuation Pause) 237M->22M(368M) 1,422ms
[1139,193s][info][gc] GC(4725) Pause Young (G1 Evacuation Pause) 236M->22M(368M) 1,026ms
[1139,438s][info][gc] GC(4726) Pause Young (G1 Evacuation Pause) 237M->22M(368M) 1,843ms
[1139,683s][info][gc] GC(4727) Pause Young (G1 Evacuation Pause) 237M->22M(368M) 1,145ms
[1139,915s][info][gc] GC(4728) Pause Young (G1 Evacuation Pause) 237M->22M(368M) 1,133ms
[1140,147s][info][gc] GC(4729) Pause Young (G1 Evacuation Pause) 237M->22M(368M) 1,339ms
[1140,389s][info][gc] GC(4730) Pause Young (G1 Evacuation Pause) 236M->22M(368M) 3,948ms
[1140,630s][info][gc] GC(4731) Pause Young (G1 Evacuation Pause) 237M->22M(368M) 1,038ms
[1140,862s][info][gc] GC(4732) Pause Young (G1 Evacuation Pause) 237M->22M(368M) 1,091ms
[1141,095s][info][gc] GC(4733) Pause Young (G1 Evacuation Pause) 237M->22M(368M) 1,432ms
[1141,328s][info][gc] GC(4734) Pause Young (G1 Evacuation Pause) 237M->22M(368M) 1,561ms
[1141,595s][info][gc] GC(4735) Pause Young (G1 Evacuation Pause) 237M->23M(368M) 1,993ms
[1141,848s][info][gc] GC(4736) Pause Young (G1 Evacuation Pause) 237M->22M(368M) 1,725ms
[1142,107s][info][gc] GC(4737) Pause Young (G1 Evacuation Pause) 237M->22M(368M) 1,721ms
[1142,346s][info][gc] GC(4738) Pause Young (G1 Evacuation Pause) 237M->22M(368M) 1,421ms
[1142,613s][info][gc] GC(4739) Pause Young (G1 Evacuation Pause) 237M->22M(368M) 1,760ms
[1142,871s][info][gc] GC(4740) Pause Young (G1 Evacuation Pause) 237M->23M(368M) 1,722ms
[1143,120s][info][gc] GC(4741) Pause Young (G1 Evacuation Pause) 237M->22M(368M) 1,063ms
[1143,353s][info][gc] GC(4742) Pause Young (G1 Evacuation Pause) 237M->22M(368M) 1,955ms
[1143,586s][info][gc] GC(4743) Pause Young (G1 Evacuation Pause) 237M->22M(368M) 1,408ms
[1143,819s][info][gc] GC(4744) Pause Young (G1 Evacuation Pause) 237M->22M(368M) 1,408ms
[1144,052s][info][gc] GC(4745) Pause Young (G1 Evacuation Pause) 237M->22M(368M) 1,366ms
[1144,284s][info][gc] GC(4746) Pause Young (G1 Evacuation Pause) 236M->22M(368M) 1,334ms
[1144,536s][info][gc] GC(4747) Pause Young (G1 Evacuation Pause) 237M->22M(368M) 1,133ms
[1144,768s][info][gc] GC(4748) Pause Young (G1 Evacuation Pause) 237M->22M(368M) 1,214ms
[1145,022s][info][gc] GC(4749) Pause Young (G1 Evacuation Pause) 237M->22M(368M) 2,344ms
[1145,277s][info][gc] GC(4750) Pause Young (G1 Evacuation Pause) 237M->22M(368M) 2,144ms
[1145,537s][info][gc] GC(4751) Pause Young (G1 Evacuation Pause) 236M->22M(368M) 1,706ms
[1145,774s][info][gc] GC(4752) Pause Young (G1 Evacuation Pause) 237M->22M(368M) 1,165ms
[1146,024s][info][gc] GC(4753) Pause Young (G1 Evacuation Pause) 237M->22M(368M) 1,524ms
[1146,257s][info][gc] GC(4754) Pause Young (G1 Evacuation Pause) 237M->22M(368M) 1,571ms
[1146,510s][info][gc] GC(4755) Pause Young (G1 Evacuation Pause) 237M->22M(368M) 2,330ms
[1146,749s][info][gc] GC(4756) Pause Young (G1 Evacuation Pause) 237M->23M(368M) 3,984ms
[1147,011s][info][gc] GC(4757) Pause Young (G1 Evacuation Pause) 237M->22M(368M) 1,345ms
[1147,244s][info][gc] GC(4758) Pause Young (G1 Evacuation Pause) 237M->22M(368M) 1,347ms
[1147,493s][info][gc] GC(4759) Pause Young (G1 Evacuation Pause) 237M->22M(368M) 1,744ms
[1147,726s][info][gc] GC(4760) Pause Young (G1 Evacuation Pause) 237M->22M(368M) 1,224ms
[1147,975s][info][gc] GC(4761) Pause Young (G1 Evacuation Pause) 237M->22M(368M) 2,600ms
[1148,222s][info][gc] GC(4762) Pause Young (G1 Evacuation Pause) 236M->22M(368M) 1,098ms
[1148,475s][info][gc] GC(4763) Pause Young (G1 Evacuation Pause) 237M->22M(368M) 2,280ms
[1148,710s][info][gc] GC(4764) Pause Young (G1 Evacuation Pause) 237M->22M(368M) 1,237ms
[1148,943s][info][gc] GC(4765) Pause Young (G1 Evacuation Pause) 237M->22M(368M) 1,434ms
[1149,176s][info][gc] GC(4766) Pause Young (G1 Evacuation Pause) 237M->22M(368M) 2,332ms
[1149,408s][info][gc] GC(4767) Pause Young (G1 Evacuation Pause) 236M->22M(368M) 1,365ms
[1149,640s][info][gc] GC(4768) Pause Young (G1 Evacuation Pause) 237M->22M(368M) 1,306ms
[1149,877s][info][gc] GC(4769) Pause Young (G1 Evacuation Pause) 237M->22M(368M) 3,911ms
[1150,138s][info][gc] GC(4770) Pause Young (G1 Evacuation Pause) 237M->22M(368M) 1,849ms
[1150,398s][info][gc] GC(4771) Pause Young (G1 Evacuation Pause) 237M->22M(368M) 2,452ms
[1150,631s][info][gc] GC(4772) Pause Young (G1 Evacuation Pause) 236M->22M(368M) 1,044ms
[1150,863s][info][gc] GC(4773) Pause Young (G1 Evacuation Pause) 237M->22M(368M) 1,112ms
[1151,095s][info][gc] GC(4774) Pause Young (G1 Evacuation Pause) 237M->22M(368M) 1,130ms
[1151,327s][info][gc] GC(4775) Pause Young (G1 Evacuation Pause) 237M->22M(368M) 1,208ms
[1151,584s][info][gc] GC(4776) Pause Young (G1 Evacuation Pause) 237M->22M(368M) 1,814ms
[1151,821s][info][gc] GC(4777) Pause Young (G1 Evacuation Pause) 237M->23M(368M) 1,355ms
[1152,087s][info][gc] GC(4778) Pause Young (G1 Evacuation Pause) 237M->22M(368M) 1,579ms
[1152,341s][info][gc] GC(4779) Pause Young (G1 Evacuation Pause) 237M->22M(368M) 1,750ms
[1152,594s][info][gc] GC(4780) Pause Young (G1 Evacuation Pause) 237M->22M(368M) 1,097ms
[1152,826s][info][gc] GC(4781) Pause Young (G1 Evacuation Pause) 237M->22M(368M) 1,240ms
[1153,059s][info][gc] GC(4782) Pause Young (G1 Evacuation Pause) 237M->23M(368M) 1,494ms
[1153,309s][info][gc] GC(4783) Pause Young (G1 Evacuation Pause) 237M->22M(368M) 1,699ms
[1153,584s][info][gc] GC(4784) Pause Young (G1 Evacuation Pause) 237M->22M(368M) 2,192ms
[1153,837s][info][gc] GC(4785) Pause Young (G1 Evacuation Pause) 237M->22M(368M) 1,769ms
[1154,101s][info][gc] GC(4786) Pause Young (G1 Evacuation Pause) 237M->22M(368M) 1,747ms
[1154,356s][info][gc] GC(4787) Pause Young (G1 Evacuation Pause) 236M->21M(368M) 3,087ms
[1154,610s][info][gc] GC(4788) Pause Young (G1 Evacuation Pause) 236M->21M(368M) 1,598ms
[1154,860s][info][gc] GC(4789) Pause Young (G1 Evacuation Pause) 236M->22M(368M) 1,318ms
[1155,093s][info][gc] GC(4790) Pause Young (G1 Evacuation Pause) 237M->22M(368M) 1,582ms
[1155,325s][info][gc] GC(4791) Pause Young (G1 Evacuation Pause) 237M->22M(368M) 1,215ms
[1155,583s][info][gc] GC(4792) Pause Young (G1 Evacuation Pause) 237M->22M(368M) 1,979ms
[1155,833s][info][gc] GC(4793) Pause Young (G1 Evacuation Pause) 236M->22M(368M) 1,261ms
[1156,103s][info][gc] GC(4794) Pause Young (G1 Evacuation Pause) 237M->22M(368M) 2,603ms
[1156,365s][info][gc] GC(4795) Pause Young (G1 Evacuation Pause) 237M->22M(368M) 2,154ms
[1156,612s][info][gc] GC(4796) Pause Young (G1 Evacuation Pause) 237M->22M(368M) 1,194ms
[1156,845s][info][gc] GC(4797) Pause Young (G1 Evacuation Pause) 237M->22M(368M) 1,489ms
[1157,107s][info][gc] GC(4798) Pause Young (G1 Evacuation Pause) 236M->21M(368M) 3,135ms
[1157,382s][info][gc] GC(4799) Pause Young (G1 Evacuation Pause) 236M->22M(368M) 2,316ms
[1157,636s][info][gc] GC(4800) Pause Young (G1 Evacuation Pause) 237M->22M(368M) 1,784ms
[1157,894s][info][gc] GC(4801) Pause Young (G1 Evacuation Pause) 237M->22M(368M) 2,343ms
[1158,127s][info][gc] GC(4802) Pause Young (G1 Evacuation Pause) 237M->22M(368M) 1,198ms
[1158,359s][info][gc] GC(4803) Pause Young (G1 Evacuation Pause) 237M->23M(368M) 1,272ms
[1158,591s][info][gc] GC(4804) Pause Young (G1 Evacuation Pause) 237M->22M(368M) 1,172ms
[1158,823s][info][gc] GC(4805) Pause Young (G1 Evacuation Pause) 237M->22M(368M) 1,075ms
[1159,056s][info][gc] GC(4806) Pause Young (G1 Evacuation Pause) 237M->22M(368M) 1,914ms
[1159,288s][info][gc] GC(4807) Pause Young (G1 Evacuation Pause) 237M->22M(368M) 1,255ms
[1159,543s][info][gc] GC(4808) Pause Young (G1 Evacuation Pause) 237M->22M(368M) 1,924ms
[1159,779s][info][gc] GC(4809) Pause Young (G1 Evacuation Pause) 236M->22M(368M) 1,289ms
[1160,033s][info][gc] GC(4810) Pause Young (G1 Evacuation Pause) 237M->22M(368M) 1,759ms
[1160,287s][info][gc] GC(4811) Pause Young (G1 Evacuation Pause) 237M->22M(368M) 1,775ms
[1160,538s][info][gc] GC(4812) Pause Young (G1 Evacuation Pause) 237M->22M(368M) 1,232ms
[1160,770s][info][gc] GC(4813) Pause Young (G1 Evacuation Pause) 237M->22M(368M) 1,379ms
[1161,025s][info][gc] GC(4814) Pause Young (G1 Evacuation Pause) 236M->22M(368M) 1,718ms
[1161,283s][info][gc] GC(4815) Pause Young (G1 Evacuation Pause) 237M->22M(368M) 1,740ms
[1161,524s][info][gc] GC(4816) Pause Young (G1 Evacuation Pause) 237M->22M(368M) 3,039ms
[1161,757s][info][gc] GC(4817) Pause Young (G1 Evacuation Pause) 237M->22M(368M) 1,379ms
[1162,007s][info][gc] GC(4818) Pause Young (G1 Evacuation Pause) 237M->22M(368M) 1,979ms
[1162,261s][info][gc] GC(4819) Pause Young (G1 Evacuation Pause) 237M->23M(368M) 1,916ms
[1162,514s][info][gc] GC(4820) Pause Young (G1 Evacuation Pause) 237M->21M(368M) 2,943ms
[1162,769s][info][gc] GC(4821) Pause Young (G1 Evacuation Pause) 236M->22M(368M) 2,924ms
[1163,031s][info][gc] GC(4822) Pause Young (G1 Evacuation Pause) 237M->22M(368M) 1,970ms
[1163,270s][info][gc] GC(4823) Pause Young (G1 Evacuation Pause) 237M->22M(368M) 1,229ms
[1163,503s][info][gc] GC(4824) Pause Young (G1 Evacuation Pause) 237M->23M(368M) 1,979ms
[1163,735s][info][gc] GC(4825) Pause Young (G1 Evacuation Pause) 237M->22M(368M) 1,195ms
[1163,986s][info][gc] GC(4826) Pause Young (G1 Evacuation Pause) 237M->22M(368M) 1,703ms
[1164,220s][info][gc] GC(4827) Pause Young (G1 Evacuation Pause) 237M->22M(368M) 1,983ms
[1164,478s][info][gc] GC(4828) Pause Young (G1 Evacuation Pause) 237M->22M(368M) 1,876ms
[1164,712s][info][gc] GC(4829) Pause Young (G1 Evacuation Pause) 237M->22M(368M) 1,301ms
[1164,944s][info][gc] GC(4830) Pause Young (G1 Evacuation Pause) 236M->22M(368M) 1,053ms
[1165,176s][info][gc] GC(4831) Pause Young (G1 Evacuation Pause) 237M->22M(368M) 1,293ms
[1165,419s][info][gc] GC(4832) Pause Young (G1 Evacuation Pause) 237M->22M(368M) 1,856ms
[1165,653s][info][gc] GC(4833) Pause Young (G1 Evacuation Pause) 237M->22M(368M) 1,472ms
[1165,896s][info][gc] GC(4834) Pause Young (G1 Evacuation Pause) 237M->23M(368M) 2,400ms
[1166,166s][info][gc] GC(4835) Pause Young (G1 Evacuation Pause) 237M->22M(368M) 1,033ms
[1166,398s][info][gc] GC(4836) Pause Young (G1 Evacuation Pause) 237M->22M(368M) 1,068ms
[1166,630s][info][gc] GC(4837) Pause Young (G1 Evacuation Pause) 237M->22M(368M) 1,079ms
[1166,867s][info][gc] GC(4838) Pause Young (G1 Evacuation Pause) 237M->22M(368M) 4,042ms
[1167,124s][info][gc] GC(4839) Pause Young (G1 Evacuation Pause) 237M->22M(368M) 1,884ms
[1167,374s][info][gc] GC(4840) Pause Young (G1 Evacuation Pause) 237M->23M(368M) 4,441ms
[1167,632s][info][gc] GC(4841) Pause Young (G1 Evacuation Pause) 237M->22M(368M) 1,829ms
[1167,891s][info][gc] GC(4842) Pause Young (G1 Evacuation Pause) 237M->22M(368M) 1,751ms
[1168,124s][info][gc] GC(4843) Pause Young (G1 Evacuation Pause) 237M->22M(368M) 1,173ms
[1168,356s][info][gc] GC(4844) Pause Young (G1 Evacuation Pause) 237M->22M(368M) 1,260ms
[1168,599s][info][gc] GC(4845) Pause Young (G1 Evacuation Pause) 236M->22M(368M) 1,143ms
[1168,831s][info][gc] GC(4846) Pause Young (G1 Evacuation Pause) 237M->22M(368M) 1,169ms
[1169,090s][info][gc] GC(4847) Pause Young (G1 Evacuation Pause) 237M->22M(368M) 1,963ms
[1169,344s][info][gc] GC(4848) Pause Young (G1 Evacuation Pause) 237M->22M(368M) 1,870ms
[1169,601s][info][gc] GC(4849) Pause Young (G1 Evacuation Pause) 237M->22M(368M) 1,110ms
[1169,833s][info][gc] GC(4850) Pause Young (G1 Evacuation Pause) 237M->22M(368M) 1,282ms
[1170,093s][info][gc] GC(4851) Pause Young (G1 Evacuation Pause) 236M->22M(368M) 1,707ms
[1170,347s][info][gc] GC(4852) Pause Young (G1 Evacuation Pause) 237M->22M(368M) 1,707ms
[1170,604s][info][gc] GC(4853) Pause Young (G1 Evacuation Pause) 237M->22M(368M) 1,726ms
[1170,861s][info][gc] GC(4854) Pause Young (G1 Evacuation Pause) 237M->22M(368M) 1,643ms
[1171,099s][info][gc] GC(4855) Pause Young (G1 Evacuation Pause) 237M->22M(368M) 1,210ms
[1171,331s][info][gc] GC(4856) Pause Young (G1 Evacuation Pause) 236M->22M(368M) 1,077ms
[1171,590s][info][gc] GC(4857) Pause Young (G1 Evacuation Pause) 237M->22M(368M) 1,777ms
[1171,844s][info][gc] GC(4858) Pause Young (G1 Evacuation Pause) 237M->22M(368M) 1,846ms
[1172,105s][info][gc] GC(4859) Pause Young (G1 Evacuation Pause) 237M->22M(368M) 1,894ms
[1172,358s][info][gc] GC(4860) Pause Young (G1 Evacuation Pause) 237M->22M(368M) 1,398ms
[1172,606s][info][gc] GC(4861) Pause Young (G1 Evacuation Pause) 237M->23M(368M) 1,277ms
[1172,838s][info][gc] GC(4862) Pause Young (G1 Evacuation Pause) 237M->22M(368M) 1,067ms
[1173,103s][info][gc] GC(4863) Pause Young (G1 Evacuation Pause) 237M->22M(368M) 3,574ms
[1173,335s][info][gc] GC(4864) Pause Young (G1 Evacuation Pause) 237M->22M(368M) 1,183ms
[1173,574s][info][gc] GC(4865) Pause Young (G1 Evacuation Pause) 237M->22M(368M) 1,432ms
[1173,832s][info][gc] GC(4866) Pause Young (G1 Evacuation Pause) 237M->23M(368M) 1,945ms
[1174,092s][info][gc] GC(4867) Pause Young (G1 Evacuation Pause) 237M->22M(368M) 1,718ms
[1174,325s][info][gc] GC(4868) Pause Young (G1 Evacuation Pause) 237M->22M(368M) 1,206ms
[1174,558s][info][gc] GC(4869) Pause Young (G1 Evacuation Pause) 237M->22M(368M) 1,113ms
[1174,790s][info][gc] GC(4870) Pause Young (G1 Evacuation Pause) 237M->22M(368M) 1,138ms
[1175,022s][info][gc] GC(4871) Pause Young (G1 Evacuation Pause) 237M->23M(368M) 1,188ms
[1175,254s][info][gc] GC(4872) Pause Young (G1 Evacuation Pause) 237M->22M(368M) 1,045ms
[1175,498s][info][gc] GC(4873) Pause Young (G1 Evacuation Pause) 237M->22M(368M) 1,419ms
[1175,731s][info][gc] GC(4874) Pause Young (G1 Evacuation Pause) 237M->22M(368M) 1,379ms
[1175,985s][info][gc] GC(4875) Pause Young (G1 Evacuation Pause) 237M->22M(368M) 1,785ms
[1176,239s][info][gc] GC(4876) Pause Young (G1 Evacuation Pause) 237M->22M(368M) 1,835ms
[1176,496s][info][gc] GC(4877) Pause Young (G1 Evacuation Pause) 236M->22M(368M) 1,978ms
[1176,741s][info][gc] GC(4878) Pause Young (G1 Evacuation Pause) 237M->22M(368M) 1,060ms
[1176,992s][info][gc] GC(4879) Pause Young (G1 Evacuation Pause) 237M->22M(368M) 1,804ms
[1177,246s][info][gc] GC(4880) Pause Young (G1 Evacuation Pause) 237M->22M(368M) 1,896ms
[1177,500s][info][gc] GC(4881) Pause Young (G1 Evacuation Pause) 237M->22M(368M) 1,934ms
[1177,754s][info][gc] GC(4882) Pause Young (G1 Evacuation Pause) 236M->22M(368M) 1,667ms
[1178,013s][info][gc] GC(4883) Pause Young (G1 Evacuation Pause) 237M->22M(368M) 1,731ms
[1178,251s][info][gc] GC(4884) Pause Young (G1 Evacuation Pause) 237M->22M(368M) 1,222ms
[1178,485s][info][gc] GC(4885) Pause Young (G1 Evacuation Pause) 237M->22M(368M) 2,416ms
[1178,718s][info][gc] GC(4886) Pause Young (G1 Evacuation Pause) 237M->22M(368M) 1,380ms
[1178,968s][info][gc] GC(4887) Pause Young (G1 Evacuation Pause) 236M->22M(368M) 1,594ms
[1179,202s][info][gc] GC(4888) Pause Young (G1 Evacuation Pause) 237M->22M(368M) 1,454ms
[1179,443s][info][gc] GC(4889) Pause Young (G1 Evacuation Pause) 237M->22M(368M) 1,490ms
[1179,676s][info][gc] GC(4890) Pause Young (G1 Evacuation Pause) 237M->22M(368M) 1,839ms
[1179,920s][info][gc] GC(4891) Pause Young (G1 Evacuation Pause) 237M->22M(368M) 1,507ms
[1180,153s][info][gc] GC(4892) Pause Young (G1 Evacuation Pause) 237M->23M(368M) 1,439ms
[1180,396s][info][gc] GC(4893) Pause Young (G1 Evacuation Pause) 237M->22M(368M) 2,882ms
[1180,630s][info][gc] GC(4894) Pause Young (G1 Evacuation Pause) 237M->22M(368M) 1,232ms
[1180,867s][info][gc] GC(4895) Pause Young (G1 Evacuation Pause) 237M->22M(368M) 3,803ms
[1181,125s][info][gc] GC(4896) Pause Young (G1 Evacuation Pause) 237M->22M(368M) 3,155ms
[1181,358s][info][gc] GC(4897) Pause Young (G1 Evacuation Pause) 237M->22M(368M) 1,413ms
[1181,616s][info][gc] GC(4898) Pause Young (G1 Evacuation Pause) 236M->22M(368M) 1,809ms
[1181,874s][info][gc] GC(4899) Pause Young (G1 Evacuation Pause) 237M->22M(368M) 4,147ms
[1182,108s][info][gc] GC(4900) Pause Young (G1 Evacuation Pause) 237M->22M(368M) 1,990ms
[1182,340s][info][gc] GC(4901) Pause Young (G1 Evacuation Pause) 237M->22M(368M) 1,177ms
[1182,596s][info][gc] GC(4902) Pause Young (G1 Evacuation Pause) 237M->22M(368M) 1,322ms
[1182,828s][info][gc] GC(4903) Pause Young (G1 Evacuation Pause) 236M->22M(368M) 1,281ms
[1183,060s][info][gc] GC(4904) Pause Young (G1 Evacuation Pause) 237M->22M(368M) 1,105ms
[1183,292s][info][gc] GC(4905) Pause Young (G1 Evacuation Pause) 237M->22M(368M) 1,109ms
[1183,542s][info][gc] GC(4906) Pause Young (G1 Evacuation Pause) 237M->22M(368M) 1,541ms
[1183,774s][info][gc] GC(4907) Pause Young (G1 Evacuation Pause) 237M->22M(368M) 1,169ms
[1184,006s][info][gc] GC(4908) Pause Young (G1 Evacuation Pause) 237M->23M(368M) 1,198ms
[1184,238s][info][gc] GC(4909) Pause Young (G1 Evacuation Pause) 237M->22M(368M) 1,177ms
[1184,472s][info][gc] GC(4910) Pause Young (G1 Evacuation Pause) 237M->22M(368M) 1,677ms
[1184,709s][info][gc] GC(4911) Pause Young (G1 Evacuation Pause) 237M->22M(368M) 1,246ms
[1184,959s][info][gc] GC(4912) Pause Young (G1 Evacuation Pause) 237M->22M(368M) 1,876ms
[1185,193s][info][gc] GC(4913) Pause Young (G1 Evacuation Pause) 237M->23M(368M) 1,652ms
[1185,437s][info][gc] GC(4914) Pause Young (G1 Evacuation Pause) 237M->22M(368M) 1,332ms
[1185,690s][info][gc] GC(4915) Pause Young (G1 Evacuation Pause) 237M->22M(368M) 1,194ms
[1185,936s][info][gc] GC(4916) Pause Young (G1 Evacuation Pause) 237M->22M(368M) 2,464ms
[1186,191s][info][gc] GC(4917) Pause Young (G1 Evacuation Pause) 237M->22M(368M) 1,655ms
[1186,425s][info][gc] GC(4918) Pause Young (G1 Evacuation Pause) 237M->23M(368M) 1,261ms
[1186,658s][info][gc] GC(4919) Pause Young (G1 Evacuation Pause) 237M->21M(368M) 2,072ms
[1186,902s][info][gc] GC(4920) Pause Young (G1 Evacuation Pause) 236M->22M(368M) 2,824ms
[1187,137s][info][gc] GC(4921) Pause Young (G1 Evacuation Pause) 237M->22M(368M) 1,495ms
[1187,369s][info][gc] GC(4922) Pause Young (G1 Evacuation Pause) 237M->22M(368M) 1,186ms
[1187,601s][info][gc] GC(4923) Pause Young (G1 Evacuation Pause) 237M->22M(368M) 1,340ms
[1187,833s][info][gc] GC(4924) Pause Young (G1 Evacuation Pause) 236M->22M(368M) 1,214ms
[1188,065s][info][gc] GC(4925) Pause Young (G1 Evacuation Pause) 237M->22M(368M) 1,326ms
[1188,297s][info][gc] GC(4926) Pause Young (G1 Evacuation Pause) 237M->22M(368M) 1,228ms
[1188,547s][info][gc] GC(4927) Pause Young (G1 Evacuation Pause) 237M->22M(368M) 1,132ms
[1188,779s][info][gc] GC(4928) Pause Young (G1 Evacuation Pause) 237M->22M(368M) 1,186ms
[1189,012s][info][gc] GC(4929) Pause Young (G1 Evacuation Pause) 236M->21M(368M) 2,122ms
[1189,272s][info][gc] GC(4930) Pause Young (G1 Evacuation Pause) 236M->21M(368M) 3,255ms
[1189,529s][info][gc] GC(4931) Pause Young (G1 Evacuation Pause) 236M->22M(368M) 1,767ms
[1189,762s][info][gc] GC(4932) Pause Young (G1 Evacuation Pause) 237M->22M(368M) 1,105ms
[1190,016s][info][gc] GC(4933) Pause Young (G1 Evacuation Pause) 237M->22M(368M) 1,703ms
[1190,249s][info][gc] GC(4934) Pause Young (G1 Evacuation Pause) 237M->23M(368M) 1,185ms
[1190,492s][info][gc] GC(4935) Pause Young (G1 Evacuation Pause) 237M->22M(368M) 1,456ms
[1190,725s][info][gc] GC(4936) Pause Young (G1 Evacuation Pause) 237M->22M(368M) 1,490ms
[1190,970s][info][gc] GC(4937) Pause Young (G1 Evacuation Pause) 237M->22M(368M) 1,371ms
[1191,203s][info][gc] GC(4938) Pause Young (G1 Evacuation Pause) 237M->22M(368M) 1,535ms
[1191,449s][info][gc] GC(4939) Pause Young (G1 Evacuation Pause) 237M->23M(368M) 1,841ms
[1191,703s][info][gc] GC(4940) Pause Young (G1 Evacuation Pause) 237M->22M(368M) 1,702ms
[1191,957s][info][gc] GC(4941) Pause Young (G1 Evacuation Pause) 237M->22M(368M) 1,835ms
[1192,190s][info][gc] GC(4942) Pause Young (G1 Evacuation Pause) 237M->22M(368M) 1,122ms
[1192,431s][info][gc] GC(4943) Pause Young (G1 Evacuation Pause) 237M->22M(368M) 3,536ms
[1192,669s][info][gc] GC(4944) Pause Young (G1 Evacuation Pause) 237M->22M(368M) 1,300ms
[1192,902s][info][gc] GC(4945) Pause Young (G1 Evacuation Pause) 237M->22M(368M) 2,000ms
[1193,134s][info][gc] GC(4946) Pause Young (G1 Evacuation Pause) 236M->22M(368M) 1,135ms
[1193,366s][info][gc] GC(4947) Pause Young (G1 Evacuation Pause) 237M->22M(368M) 1,239ms
[1193,598s][info][gc] GC(4948) Pause Young (G1 Evacuation Pause) 237M->22M(368M) 1,156ms
[1193,830s][info][gc] GC(4949) Pause Young (G1 Evacuation Pause) 237M->22M(368M) 1,284ms
[1194,097s][info][gc] GC(4950) Pause Young (G1 Evacuation Pause) 237M->23M(368M) 1,885ms
[1194,351s][info][gc] GC(4951) Pause Young (G1 Evacuation Pause) 237M->22M(368M) 1,745ms
[1194,612s][info][gc] GC(4952) Pause Young (G1 Evacuation Pause) 237M->22M(368M) 1,762ms
[1194,847s][info][gc] GC(4953) Pause Young (G1 Evacuation Pause) 237M->22M(368M) 1,104ms
[1195,106s][info][gc] GC(4954) Pause Young (G1 Evacuation Pause) 237M->22M(368M) 1,622ms
[1195,340s][info][gc] GC(4955) Pause Young (G1 Evacuation Pause) 237M->22M(368M) 2,836ms
[1195,601s][info][gc] GC(4956) Pause Young (G1 Evacuation Pause) 236M->22M(368M) 1,705ms
[1195,834s][info][gc] GC(4957) Pause Young (G1 Evacuation Pause) 237M->22M(368M) 1,185ms
[1196,092s][info][gc] GC(4958) Pause Young (G1 Evacuation Pause) 237M->22M(368M) 1,769ms
[1196,346s][info][gc] GC(4959) Pause Young (G1 Evacuation Pause) 237M->22M(368M) 1,900ms
[1196,595s][info][gc] GC(4960) Pause Young (G1 Evacuation Pause) 237M->23M(368M) 1,210ms
[1196,828s][info][gc] GC(4961) Pause Young (G1 Evacuation Pause) 237M->22M(368M) 1,889ms
[1197,061s][info][gc] GC(4962) Pause Young (G1 Evacuation Pause) 237M->22M(368M) 1,911ms
[1197,293s][info][gc] GC(4963) Pause Young (G1 Evacuation Pause) 237M->22M(368M) 1,204ms
[1197,547s][info][gc] GC(4964) Pause Young (G1 Evacuation Pause) 237M->22M(368M) 1,792ms
[1197,801s][info][gc] GC(4965) Pause Young (G1 Evacuation Pause) 237M->22M(368M) 1,762ms
[1198,055s][info][gc] GC(4966) Pause Young (G1 Evacuation Pause) 236M->22M(368M) 1,749ms
[1198,289s][info][gc] GC(4967) Pause Young (G1 Evacuation Pause) 237M->22M(368M) 1,285ms
[1198,545s][info][gc] GC(4968) Pause Young (G1 Evacuation Pause) 237M->22M(368M) 1,848ms
[1198,799s][info][gc] GC(4969) Pause Young (G1 Evacuation Pause) 237M->22M(368M) 1,729ms
[1199,064s][info][gc] GC(4970) Pause Young (G1 Evacuation Pause) 237M->22M(368M) 1,884ms
[1199,309s][info][gc] GC(4971) Pause Young (G1 Evacuation Pause) 236M->22M(368M) 1,263ms
[1199,567s][info][gc] GC(4972) Pause Young (G1 Evacuation Pause) 237M->22M(368M) 1,841ms
[1199,821s][info][gc] GC(4973) Pause Young (G1 Evacuation Pause) 237M->22M(368M) 1,788ms
[1200,089s][info][gc] GC(4974) Pause Young (G1 Evacuation Pause) 237M->22M(368M) 1,911ms
[1200,343s][info][gc] GC(4975) Pause Young (G1 Evacuation Pause) 237M->22M(368M) 1,810ms
[1200,603s][info][gc] GC(4976) Pause Young (G1 Evacuation Pause) 237M->23M(368M) 1,328ms
[1200,840s][info][gc] GC(4977) Pause Young (G1 Evacuation Pause) 237M->22M(368M) 3,811ms
[1201,095s][info][gc] GC(4978) Pause Young (G1 Evacuation Pause) 237M->22M(368M) 1,099ms
[1201,327s][info][gc] GC(4979) Pause Young (G1 Evacuation Pause) 237M->22M(368M) 1,256ms
[1201,559s][info][gc] GC(4980) Pause Young (G1 Evacuation Pause) 237M->22M(368M) 1,182ms
[1201,791s][info][gc] GC(4981) Pause Young (G1 Evacuation Pause) 237M->22M(368M) 1,284ms
[1202,051s][info][gc] GC(4982) Pause Young (G1 Evacuation Pause) 236M->22M(368M) 1,765ms
[1202,305s][info][gc] GC(4983) Pause Young (G1 Evacuation Pause) 237M->22M(368M) 1,613ms
[1202,574s][info][gc] GC(4984) Pause Young (G1 Evacuation Pause) 237M->22M(368M) 1,852ms
[1202,828s][info][gc] GC(4985) Pause Young (G1 Evacuation Pause) 237M->22M(368M) 1,737ms
[1203,076s][info][gc] GC(4986) Pause Young (G1 Evacuation Pause) 237M->22M(368M) 3,310ms
[1203,308s][info][gc] GC(4987) Pause Young (G1 Evacuation Pause) 236M->22M(368M) 1,127ms
[1203,540s][info][gc] GC(4988) Pause Young (G1 Evacuation Pause) 237M->22M(368M) 1,333ms
[1203,772s][info][gc] GC(4989) Pause Young (G1 Evacuation Pause) 237M->22M(368M) 1,376ms
[1204,024s][info][gc] GC(4990) Pause Young (G1 Evacuation Pause) 237M->22M(368M) 1,737ms
[1204,257s][info][gc] GC(4991) Pause Young (G1 Evacuation Pause) 237M->22M(368M) 1,308ms
[1204,509s][info][gc] GC(4992) Pause Young (G1 Evacuation Pause) 237M->23M(368M) 1,698ms
[1204,745s][info][gc] GC(4993) Pause Young (G1 Evacuation Pause) 237M->22M(368M) 1,186ms
[1204,989s][info][gc] GC(4994) Pause Young (G1 Evacuation Pause) 237M->22M(368M) 1,755ms
[1205,243s][info][gc] GC(4995) Pause Young (G1 Evacuation Pause) 237M->22M(368M) 1,685ms
[1205,492s][info][gc] GC(4996) Pause Young (G1 Evacuation Pause) 237M->22M(368M) 1,841ms
[1205,747s][info][gc] GC(4997) Pause Young (G1 Evacuation Pause) 237M->23M(368M) 2,070ms
[1205,979s][info][gc] GC(4998) Pause Young (G1 Evacuation Pause) 237M->22M(368M) 1,098ms
[1206,211s][info][gc] GC(4999) Pause Young (G1 Evacuation Pause) 237M->22M(368M) 1,292ms
[1206,464s][info][gc] GC(5000) Pause Young (G1 Evacuation Pause) 237M->22M(368M) 1,928ms
[1206,718s][info][gc] GC(5001) Pause Young (G1 Evacuation Pause) 237M->22M(368M) 1,889ms
[1206,972s][info][gc] GC(5002) Pause Young (G1 Evacuation Pause) 236M->22M(368M) 1,758ms
[1207,229s][info][gc] GC(5003) Pause Young (G1 Evacuation Pause) 237M->22M(368M) 1,818ms
[1207,483s][info][gc] GC(5004) Pause Young (G1 Evacuation Pause) 237M->22M(368M) 1,802ms
[1207,741s][info][gc] GC(5005) Pause Young (G1 Evacuation Pause) 237M->22M(368M) 1,677ms
[1207,995s][info][gc] GC(5006) Pause Young (G1 Evacuation Pause) 237M->22M(368M) 1,853ms
[1208,234s][info][gc] GC(5007) Pause Young (G1 Evacuation Pause) 237M->22M(368M) 1,167ms
[1208,487s][info][gc] GC(5008) Pause Young (G1 Evacuation Pause) 236M->22M(368M) 2,331ms
[1208,720s][info][gc] GC(5009) Pause Young (G1 Evacuation Pause) 237M->22M(368M) 1,034ms
[1208,953s][info][gc] GC(5010) Pause Young (G1 Evacuation Pause) 237M->22M(368M) 1,798ms
[1209,185s][info][gc] GC(5011) Pause Young (G1 Evacuation Pause) 237M->22M(368M) 1,319ms
[1209,432s][info][gc] GC(5012) Pause Young (G1 Evacuation Pause) 237M->22M(368M) 1,843ms
[1209,686s][info][gc] GC(5013) Pause Young (G1 Evacuation Pause) 237M->23M(368M) 1,768ms
[1209,953s][info][gc] GC(5014) Pause Young (G1 Evacuation Pause) 237M->22M(368M) 1,782ms
[1210,205s][info][gc] GC(5015) Pause Young (G1 Evacuation Pause) 237M->22M(368M) 1,921ms
[1210,452s][info][gc] GC(5016) Pause Young (G1 Evacuation Pause) 237M->22M(368M) 1,726ms
[1210,706s][info][gc] GC(5017) Pause Young (G1 Evacuation Pause) 237M->22M(368M) 1,841ms
[1210,965s][info][gc] GC(5018) Pause Young (G1 Evacuation Pause) 236M->22M(368M) 1,728ms
[1211,219s][info][gc] GC(5019) Pause Young (G1 Evacuation Pause) 237M->22M(368M) 1,988ms
[1211,479s][info][gc] GC(5020) Pause Young (G1 Evacuation Pause) 237M->22M(368M) 1,606ms
[1211,733s][info][gc] GC(5021) Pause Young (G1 Evacuation Pause) 237M->22M(368M) 1,726ms
[1211,995s][info][gc] GC(5022) Pause Young (G1 Evacuation Pause) 237M->22M(368M) 1,892ms
[1212,249s][info][gc] GC(5023) Pause Young (G1 Evacuation Pause) 237M->23M(368M) 1,903ms
[1212,491s][info][gc] GC(5024) Pause Young (G1 Evacuation Pause) 237M->22M(368M) 1,864ms
[1212,723s][info][gc] GC(5025) Pause Young (G1 Evacuation Pause) 237M->22M(368M) 1,105ms
[1212,969s][info][gc] GC(5026) Pause Young (G1 Evacuation Pause) 237M->22M(368M) 1,457ms
[1213,218s][info][gc] GC(5027) Pause Young (G1 Evacuation Pause) 237M->22M(368M) 1,975ms
[1213,476s][info][gc] GC(5028) Pause Young (G1 Evacuation Pause) 237M->22M(368M) 1,934ms
[1213,730s][info][gc] GC(5029) Pause Young (G1 Evacuation Pause) 236M->22M(368M) 1,781ms
[1213,984s][info][gc] GC(5030) Pause Young (G1 Evacuation Pause) 237M->22M(368M) 1,683ms
[1214,238s][info][gc] GC(5031) Pause Young (G1 Evacuation Pause) 237M->22M(368M) 1,777ms
[1214,498s][info][gc] GC(5032) Pause Young (G1 Evacuation Pause) 237M->22M(368M) 1,816ms
[1214,753s][info][gc] GC(5033) Pause Young (G1 Evacuation Pause) 237M->22M(368M) 1,865ms
[1215,021s][info][gc] GC(5034) Pause Young (G1 Evacuation Pause) 236M->22M(368M) 2,323ms
[1215,277s][info][gc] GC(5035) Pause Young (G1 Evacuation Pause) 237M->21M(368M) 3,222ms
[1215,533s][info][gc] GC(5036) Pause Young (G1 Evacuation Pause) 236M->22M(368M) 1,796ms
[1215,787s][info][gc] GC(5037) Pause Young (G1 Evacuation Pause) 237M->22M(368M) 1,823ms
[1216,044s][info][gc] GC(5038) Pause Young (G1 Evacuation Pause) 237M->22M(368M) 1,819ms
[1216,298s][info][gc] GC(5039) Pause Young (G1 Evacuation Pause) 237M->23M(368M) 1,864ms
[1216,557s][info][gc] GC(5040) Pause Young (G1 Evacuation Pause) 237M->22M(368M) 3,349ms
[1216,789s][info][gc] GC(5041) Pause Young (G1 Evacuation Pause) 237M->22M(368M) 1,207ms
[1217,021s][info][gc] GC(5042) Pause Young (G1 Evacuation Pause) 237M->22M(368M) 1,294ms
[1217,254s][info][gc] GC(5043) Pause Young (G1 Evacuation Pause) 237M->22M(368M) 1,183ms
[1217,500s][info][gc] GC(5044) Pause Young (G1 Evacuation Pause) 237M->23M(368M) 1,574ms
[1217,733s][info][gc] GC(5045) Pause Young (G1 Evacuation Pause) 237M->22M(368M) 1,485ms
[1217,984s][info][gc] GC(5046) Pause Young (G1 Evacuation Pause) 237M->22M(368M) 2,247ms
[1218,227s][info][gc] GC(5047) Pause Young (G1 Evacuation Pause) 237M->22M(368M) 1,202ms
[1218,474s][info][gc] GC(5048) Pause Young (G1 Evacuation Pause) 237M->22M(368M) 1,809ms
[1218,728s][info][gc] GC(5049) Pause Young (G1 Evacuation Pause) 237M->22M(368M) 1,676ms
[1218,975s][info][gc] GC(5050) Pause Young (G1 Evacuation Pause) 236M->22M(368M) 1,803ms
[1219,229s][info][gc] GC(5051) Pause Young (G1 Evacuation Pause) 237M->22M(368M) 1,585ms
[1219,483s][info][gc] GC(5052) Pause Young (G1 Evacuation Pause) 237M->22M(368M) 1,127ms
[1219,715s][info][gc] GC(5053) Pause Young (G1 Evacuation Pause) 237M->22M(368M) 1,315ms
[1219,948s][info][gc] GC(5054) Pause Young (G1 Evacuation Pause) 237M->22M(368M) 2,058ms
[1220,180s][info][gc] GC(5055) Pause Young (G1 Evacuation Pause) 236M->22M(368M) 1,323ms
[1220,412s][info][gc] GC(5056) Pause Young (G1 Evacuation Pause) 237M->22M(368M) 1,090ms
[1220,649s][info][gc] GC(5057) Pause Young (G1 Evacuation Pause) 237M->22M(368M) 1,074ms
[1220,881s][info][gc] GC(5058) Pause Young (G1 Evacuation Pause) 237M->22M(368M) 1,171ms
[1221,113s][info][gc] GC(5059) Pause Young (G1 Evacuation Pause) 237M->22M(368M) 1,127ms
[1221,368s][info][gc] GC(5060) Pause Young (G1 Evacuation Pause) 236M->22M(368M) 1,781ms
[1221,622s][info][gc] GC(5061) Pause Young (G1 Evacuation Pause) 237M->22M(368M) 1,854ms
[1221,880s][info][gc] GC(5062) Pause Young (G1 Evacuation Pause) 237M->22M(368M) 1,691ms
[1222,134s][info][gc] GC(5063) Pause Young (G1 Evacuation Pause) 237M->22M(368M) 1,904ms
[1222,395s][info][gc] GC(5064) Pause Young (G1 Evacuation Pause) 237M->22M(368M) 1,869ms
[1222,648s][info][gc] GC(5065) Pause Young (G1 Evacuation Pause) 237M->23M(368M) 1,784ms
[1222,889s][info][gc] GC(5066) Pause Young (G1 Evacuation Pause) 237M->22M(368M) 3,161ms
[1223,137s][info][gc] GC(5067) Pause Young (G1 Evacuation Pause) 237M->22M(368M) 1,084ms
[1223,369s][info][gc] GC(5068) Pause Young (G1 Evacuation Pause) 237M->22M(368M) 1,213ms
[1223,628s][info][gc] GC(5069) Pause Young (G1 Evacuation Pause) 237M->22M(368M) 1,885ms
[1223,889s][info][gc] GC(5070) Pause Young (G1 Evacuation Pause) 237M->22M(368M) 3,649ms
[1224,143s][info][gc] GC(5071) Pause Young (G1 Evacuation Pause) 236M->22M(368M) 1,822ms
[1224,402s][info][gc] GC(5072) Pause Young (G1 Evacuation Pause) 237M->22M(368M) 1,795ms
[1224,635s][info][gc] GC(5073) Pause Young (G1 Evacuation Pause) 237M->22M(368M) 1,191ms
[1224,870s][info][gc] GC(5074) Pause Young (G1 Evacuation Pause) 237M->22M(368M) 4,016ms
[1225,102s][info][gc] GC(5075) Pause Young (G1 Evacuation Pause) 237M->22M(368M) 1,154ms
[1225,334s][info][gc] GC(5076) Pause Young (G1 Evacuation Pause) 237M->23M(368M) 1,308ms
[1225,595s][info][gc] GC(5077) Pause Young (G1 Evacuation Pause) 237M->22M(368M) 1,711ms
[1225,849s][info][gc] GC(5078) Pause Young (G1 Evacuation Pause) 237M->22M(368M) 1,767ms
[1226,108s][info][gc] GC(5079) Pause Young (G1 Evacuation Pause) 237M->22M(368M) 1,834ms
[1226,341s][info][gc] GC(5080) Pause Young (G1 Evacuation Pause) 237M->22M(368M) 1,269ms
[1226,602s][info][gc] GC(5081) Pause Young (G1 Evacuation Pause) 236M->22M(368M) 1,656ms
[1226,856s][info][gc] GC(5082) Pause Young (G1 Evacuation Pause) 237M->22M(368M) 1,633ms
[1227,112s][info][gc] GC(5083) Pause Young (G1 Evacuation Pause) 237M->22M(368M) 1,844ms
[1227,366s][info][gc] GC(5084) Pause Young (G1 Evacuation Pause) 237M->22M(368M) 1,505ms
[1227,599s][info][gc] GC(5085) Pause Young (G1 Evacuation Pause) 237M->22M(368M) 1,532ms
[1227,832s][info][gc] GC(5086) Pause Young (G1 Evacuation Pause) 237M->23M(368M) 1,554ms
[1228,094s][info][gc] GC(5087) Pause Young (G1 Evacuation Pause) 237M->21M(368M) 4,818ms
[1228,326s][info][gc] GC(5088) Pause Young (G1 Evacuation Pause) 236M->22M(368M) 1,246ms
[1228,558s][info][gc] GC(5089) Pause Young (G1 Evacuation Pause) 237M->22M(368M) 1,257ms
[1228,790s][info][gc] GC(5090) Pause Young (G1 Evacuation Pause) 237M->22M(368M) 1,406ms
[1229,050s][info][gc] GC(5091) Pause Young (G1 Evacuation Pause) 237M->23M(368M) 2,427ms
[1229,316s][info][gc] GC(5092) Pause Young (G1 Evacuation Pause) 237M->22M(368M) 4,029ms
[1229,577s][info][gc] GC(5093) Pause Young (G1 Evacuation Pause) 237M->22M(368M) 1,746ms
[1229,831s][info][gc] GC(5094) Pause Young (G1 Evacuation Pause) 237M->22M(368M) 1,734ms
[1230,085s][info][gc] GC(5095) Pause Young (G1 Evacuation Pause) 237M->22M(368M) 1,664ms
[1230,339s][info][gc] GC(5096) Pause Young (G1 Evacuation Pause) 237M->22M(368M) 1,820ms
[1230,598s][info][gc] GC(5097) Pause Young (G1 Evacuation Pause) 236M->22M(368M) 1,876ms
[1230,841s][info][gc] GC(5098) Pause Young (G1 Evacuation Pause) 237M->22M(368M) 1,501ms
[1231,074s][info][gc] GC(5099) Pause Young (G1 Evacuation Pause) 237M->22M(368M) 1,462ms
[1231,315s][info][gc] GC(5100) Pause Young (G1 Evacuation Pause) 237M->22M(368M) 2,557ms
[1231,578s][info][gc] GC(5101) Pause Young (G1 Evacuation Pause) 237M->22M(368M) 1,849ms
[1231,836s][info][gc] GC(5102) Pause Young (G1 Evacuation Pause) 236M->22M(368M) 1,555ms
[1232,068s][info][gc] GC(5103) Pause Young (G1 Evacuation Pause) 237M->22M(368M) 1,164ms
[1232,300s][info][gc] GC(5104) Pause Young (G1 Evacuation Pause) 237M->22M(368M) 1,278ms
[1232,549s][info][gc] GC(5105) Pause Young (G1 Evacuation Pause) 237M->22M(368M) 1,220ms
[1232,781s][info][gc] GC(5106) Pause Young (G1 Evacuation Pause) 237M->22M(368M) 1,120ms
[1233,013s][info][gc] GC(5107) Pause Young (G1 Evacuation Pause) 236M->22M(368M) 1,018ms
[1233,258s][info][gc] GC(5108) Pause Young (G1 Evacuation Pause) 237M->22M(368M) 1,548ms
[1233,491s][info][gc] GC(5109) Pause Young (G1 Evacuation Pause) 237M->22M(368M) 1,587ms
[1233,724s][info][gc] GC(5110) Pause Young (G1 Evacuation Pause) 237M->22M(368M) 1,442ms
[1233,957s][info][gc] GC(5111) Pause Young (G1 Evacuation Pause) 237M->22M(368M) 1,583ms
[1234,195s][info][gc] GC(5112) Pause Young (G1 Evacuation Pause) 237M->23M(368M) 2,331ms
[1234,450s][info][gc] GC(5113) Pause Young (G1 Evacuation Pause) 237M->22M(368M) 2,055ms
[1234,704s][info][gc] GC(5114) Pause Young (G1 Evacuation Pause) 237M->22M(368M) 2,032ms
[1234,945s][info][gc] GC(5115) Pause Young (G1 Evacuation Pause) 237M->22M(368M) 1,361ms
[1235,178s][info][gc] GC(5116) Pause Young (G1 Evacuation Pause) 237M->22M(368M) 1,278ms
[1235,430s][info][gc] GC(5117) Pause Young (G1 Evacuation Pause) 237M->22M(368M) 4,218ms
[1235,694s][info][gc] GC(5118) Pause Young (G1 Evacuation Pause) 236M->21M(368M) 2,578ms
[1235,956s][info][gc] GC(5119) Pause Young (G1 Evacuation Pause) 236M->22M(368M) 1,842ms
[1236,215s][info][gc] GC(5120) Pause Young (G1 Evacuation Pause) 237M->22M(368M) 1,978ms
[1236,473s][info][gc] GC(5121) Pause Young (G1 Evacuation Pause) 237M->22M(368M) 1,734ms
[1236,709s][info][gc] GC(5122) Pause Young (G1 Evacuation Pause) 237M->22M(368M) 1,418ms
[1236,942s][info][gc] GC(5123) Pause Young (G1 Evacuation Pause) 237M->23M(368M) 1,566ms
[1237,175s][info][gc] GC(5124) Pause Young (G1 Evacuation Pause) 237M->22M(368M) 1,460ms
[1237,420s][info][gc] GC(5125) Pause Young (G1 Evacuation Pause) 237M->22M(368M) 2,291ms
[1237,682s][info][gc] GC(5126) Pause Young (G1 Evacuation Pause) 237M->22M(368M) 2,245ms
[1237,949s][info][gc] GC(5127) Pause Young (G1 Evacuation Pause) 237M->22M(368M) 1,837ms
[1238,192s][info][gc] GC(5128) Pause Young (G1 Evacuation Pause) 236M->22M(368M) 1,175ms
[1238,445s][info][gc] GC(5129) Pause Young (G1 Evacuation Pause) 237M->22M(368M) 1,757ms
[1238,681s][info][gc] GC(5130) Pause Young (G1 Evacuation Pause) 237M->22M(368M) 2,757ms
[1238,926s][info][gc] GC(5131) Pause Young (G1 Evacuation Pause) 237M->22M(368M) 2,510ms
[1239,166s][info][gc] GC(5132) Pause Young (G1 Evacuation Pause) 237M->22M(368M) 1,201ms
[1239,398s][info][gc] GC(5133) Pause Young (G1 Evacuation Pause) 237M->23M(368M) 1,342ms
[1239,631s][info][gc] GC(5134) Pause Young (G1 Evacuation Pause) 237M->22M(368M) 1,160ms
[1239,863s][info][gc] GC(5135) Pause Young (G1 Evacuation Pause) 237M->22M(368M) 1,207ms
[1240,095s][info][gc] GC(5136) Pause Young (G1 Evacuation Pause) 237M->22M(368M) 1,098ms
[1240,327s][info][gc] GC(5137) Pause Young (G1 Evacuation Pause) 237M->22M(368M) 1,226ms
[1240,584s][info][gc] GC(5138) Pause Young (G1 Evacuation Pause) 237M->22M(368M) 1,130ms
[1240,816s][info][gc] GC(5139) Pause Young (G1 Evacuation Pause) 236M->22M(368M) 1,022ms
[1241,078s][info][gc] GC(5140) Pause Young (G1 Evacuation Pause) 237M->22M(368M) 1,660ms
[1241,332s][info][gc] GC(5141) Pause Young (G1 Evacuation Pause) 237M->22M(368M) 1,785ms
[1241,586s][info][gc] GC(5142) Pause Young (G1 Evacuation Pause) 237M->22M(368M) 1,837ms
[1241,824s][info][gc] GC(5143) Pause Young (G1 Evacuation Pause) 237M->22M(368M) 2,132ms
[1242,086s][info][gc] GC(5144) Pause Young (G1 Evacuation Pause) 236M->22M(368M) 1,585ms
[1242,340s][info][gc] GC(5145) Pause Young (G1 Evacuation Pause) 237M->22M(368M) 1,810ms
[1242,598s][info][gc] GC(5146) Pause Young (G1 Evacuation Pause) 237M->22M(368M) 1,796ms
[1242,858s][info][gc] GC(5147) Pause Young (G1 Evacuation Pause) 237M->22M(368M) 1,679ms
[1243,109s][info][gc] GC(5148) Pause Young (G1 Evacuation Pause) 237M->22M(368M) 1,283ms
[1243,341s][info][gc] GC(5149) Pause Young (G1 Evacuation Pause) 236M->22M(368M) 1,186ms
[1243,599s][info][gc] GC(5150) Pause Young (G1 Evacuation Pause) 237M->22M(368M) 1,836ms
[1243,840s][info][gc] GC(5151) Pause Young (G1 Evacuation Pause) 237M->22M(368M) 1,232ms
[1244,101s][info][gc] GC(5152) Pause Young (G1 Evacuation Pause) 237M->22M(368M) 3,278ms
[1244,354s][info][gc] GC(5153) Pause Young (G1 Evacuation Pause) 237M->22M(368M) 1,816ms
[1244,593s][info][gc] GC(5154) Pause Young (G1 Evacuation Pause) 236M->21M(368M) 1,063ms
[1244,825s][info][gc] GC(5155) Pause Young (G1 Evacuation Pause) 236M->22M(368M) 1,171ms
[1245,057s][info][gc] GC(5156) Pause Young (G1 Evacuation Pause) 237M->22M(368M) 1,062ms
[1245,289s][info][gc] GC(5157) Pause Young (G1 Evacuation Pause) 237M->22M(368M) 1,129ms
[1245,521s][info][gc] GC(5158) Pause Young (G1 Evacuation Pause) 237M->22M(368M) 1,350ms
[1245,755s][info][gc] GC(5159) Pause Young (G1 Evacuation Pause) 237M->23M(368M) 1,380ms
[1246,004s][info][gc] GC(5160) Pause Young (G1 Evacuation Pause) 237M->22M(368M) 1,038ms
[1246,236s][info][gc] GC(5161) Pause Young (G1 Evacuation Pause) 237M->22M(368M) 1,067ms
[1246,490s][info][gc] GC(5162) Pause Young (G1 Evacuation Pause) 237M->22M(368M) 1,893ms
[1246,744s][info][gc] GC(5163) Pause Young (G1 Evacuation Pause) 237M->22M(368M) 1,950ms
[1247,002s][info][gc] GC(5164) Pause Young (G1 Evacuation Pause) 237M->22M(368M) 2,029ms
[1247,235s][info][gc] GC(5165) Pause Young (G1 Evacuation Pause) 236M->22M(368M) 1,073ms
[1247,490s][info][gc] GC(5166) Pause Young (G1 Evacuation Pause) 237M->21M(368M) 1,777ms
[1247,744s][info][gc] GC(5167) Pause Young (G1 Evacuation Pause) 236M->22M(368M) 1,672ms
[1247,998s][info][gc] GC(5168) Pause Young (G1 Evacuation Pause) 237M->22M(368M) 1,733ms
[1248,231s][info][gc] GC(5169) Pause Young (G1 Evacuation Pause) 237M->22M(368M) 1,154ms
[1248,463s][info][gc] GC(5170) Pause Young (G1 Evacuation Pause) 237M->23M(368M) 1,374ms
[1248,706s][info][gc] GC(5171) Pause Young (G1 Evacuation Pause) 237M->22M(368M) 1,105ms
[1248,938s][info][gc] GC(5172) Pause Young (G1 Evacuation Pause) 237M->22M(368M) 1,091ms
[1249,171s][info][gc] GC(5173) Pause Young (G1 Evacuation Pause) 237M->22M(368M) 1,867ms
[1249,415s][info][gc] GC(5174) Pause Young (G1 Evacuation Pause) 237M->22M(368M) 1,993ms
[1249,672s][info][gc] GC(5175) Pause Young (G1 Evacuation Pause) 237M->23M(368M) 2,464ms
[1249,934s][info][gc] GC(5176) Pause Young (G1 Evacuation Pause) 237M->22M(368M) 2,276ms
[1250,188s][info][gc] GC(5177) Pause Young (G1 Evacuation Pause) 237M->22M(368M) 1,704ms
[1250,447s][info][gc] GC(5178) Pause Young (G1 Evacuation Pause) 237M->22M(368M) 1,640ms
[1250,680s][info][gc] GC(5179) Pause Young (G1 Evacuation Pause) 237M->22M(368M) 1,514ms
[1250,921s][info][gc] GC(5180) Pause Young (G1 Evacuation Pause) 237M->22M(368M) 1,816ms
[1251,175s][info][gc] GC(5181) Pause Young (G1 Evacuation Pause) 236M->22M(368M) 1,649ms
[1251,429s][info][gc] GC(5182) Pause Young (G1 Evacuation Pause) 237M->22M(368M) 1,668ms
[1251,679s][info][gc] GC(5183) Pause Young (G1 Evacuation Pause) 237M->22M(368M) 1,249ms
[1251,912s][info][gc] GC(5184) Pause Young (G1 Evacuation Pause) 237M->22M(368M) 1,459ms
[1252,180s][info][gc] GC(5185) Pause Young (G1 Evacuation Pause) 237M->22M(368M) 1,904ms
[1252,434s][info][gc] GC(5186) Pause Young (G1 Evacuation Pause) 236M->22M(368M) 1,804ms
[1252,676s][info][gc] GC(5187) Pause Young (G1 Evacuation Pause) 237M->22M(368M) 1,038ms
[1252,922s][info][gc] GC(5188) Pause Young (G1 Evacuation Pause) 237M->22M(368M) 1,144ms
[1253,154s][info][gc] GC(5189) Pause Young (G1 Evacuation Pause) 237M->22M(368M) 1,259ms
[1253,423s][info][gc] GC(5190) Pause Young (G1 Evacuation Pause) 237M->22M(368M) 2,484ms
[1253,677s][info][gc] GC(5191) Pause Young (G1 Evacuation Pause) 237M->23M(368M) 1,946ms
[1253,921s][info][gc] GC(5192) Pause Young (G1 Evacuation Pause) 237M->22M(368M) 1,835ms
[1254,175s][info][gc] GC(5193) Pause Young (G1 Evacuation Pause) 237M->22M(368M) 1,667ms
[1254,428s][info][gc] GC(5194) Pause Young (G1 Evacuation Pause) 237M->22M(368M) 1,784ms
[1254,682s][info][gc] GC(5195) Pause Young (G1 Evacuation Pause) 237M->22M(368M) 1,865ms
[1254,936s][info][gc] GC(5196) Pause Young (G1 Evacuation Pause) 237M->23M(368M) 1,871ms
[1255,188s][info][gc] GC(5197) Pause Young (G1 Evacuation Pause) 237M->22M(368M) 1,182ms
[1255,433s][info][gc] GC(5198) Pause Young (G1 Evacuation Pause) 237M->22M(368M) 1,650ms
[1255,667s][info][gc] GC(5199) Pause Young (G1 Evacuation Pause) 237M->22M(368M) 1,207ms
[1255,910s][info][gc] GC(5200) Pause Young (G1 Evacuation Pause) 237M->22M(368M) 2,512ms
[1256,170s][info][gc] GC(5201) Pause Young (G1 Evacuation Pause) 236M->21M(368M) 1,609ms
[1256,403s][info][gc] GC(5202) Pause Young (G1 Evacuation Pause) 236M->22M(368M) 1,076ms
[1256,651s][info][gc] GC(5203) Pause Young (G1 Evacuation Pause) 237M->22M(368M) 1,087ms
[1256,916s][info][gc] GC(5204) Pause Young (G1 Evacuation Pause) 237M->22M(368M) 1,728ms
[1257,171s][info][gc] GC(5205) Pause Young (G1 Evacuation Pause) 237M->22M(368M) 2,099ms
[1257,404s][info][gc] GC(5206) Pause Young (G1 Evacuation Pause) 236M->21M(368M) 1,426ms
[1257,636s][info][gc] GC(5207) Pause Young (G1 Evacuation Pause) 236M->22M(368M) 1,227ms
[1257,898s][info][gc] GC(5208) Pause Young (G1 Evacuation Pause) 237M->21M(368M) 2,926ms
[1258,146s][info][gc] GC(5209) Pause Young (G1 Evacuation Pause) 236M->22M(368M) 1,238ms
[1258,387s][info][gc] GC(5210) Pause Young (G1 Evacuation Pause) 237M->22M(368M) 4,131ms
[1258,642s][info][gc] GC(5211) Pause Young (G1 Evacuation Pause) 237M->22M(368M) 1,820ms
[1258,898s][info][gc] GC(5212) Pause Young (G1 Evacuation Pause) 237M->22M(368M) 3,499ms
[1259,130s][info][gc] GC(5213) Pause Young (G1 Evacuation Pause) 236M->22M(368M) 1,192ms
[1259,362s][info][gc] GC(5214) Pause Young (G1 Evacuation Pause) 237M->22M(368M) 1,277ms
[1259,627s][info][gc] GC(5215) Pause Young (G1 Evacuation Pause) 237M->22M(368M) 1,723ms
[1259,861s][info][gc] GC(5216) Pause Young (G1 Evacuation Pause) 237M->22M(368M) 1,441ms
[1260,093s][info][gc] GC(5217) Pause Young (G1 Evacuation Pause) 237M->23M(368M) 1,279ms
[1260,326s][info][gc] GC(5218) Pause Young (G1 Evacuation Pause) 237M->22M(368M) 1,289ms
[1260,577s][info][gc] GC(5219) Pause Young (G1 Evacuation Pause) 237M->22M(368M) 1,191ms
[1260,809s][info][gc] GC(5220) Pause Young (G1 Evacuation Pause) 237M->22M(368M) 1,149ms
[1261,063s][info][gc] GC(5221) Pause Young (G1 Evacuation Pause) 237M->22M(368M) 1,237ms
[1261,296s][info][gc] GC(5222) Pause Young (G1 Evacuation Pause) 237M->22M(368M) 1,988ms
[1261,552s][info][gc] GC(5223) Pause Young (G1 Evacuation Pause) 236M->22M(368M) 1,750ms
[1261,806s][info][gc] GC(5224) Pause Young (G1 Evacuation Pause) 237M->22M(368M) 1,753ms
[1262,064s][info][gc] GC(5225) Pause Young (G1 Evacuation Pause) 237M->22M(368M) 1,861ms
[1262,318s][info][gc] GC(5226) Pause Young (G1 Evacuation Pause) 237M->22M(368M) 1,903ms
[1262,580s][info][gc] GC(5227) Pause Young (G1 Evacuation Pause) 237M->22M(368M) 1,759ms
[1262,834s][info][gc] GC(5228) Pause Young (G1 Evacuation Pause) 236M->22M(368M) 1,666ms
[1263,097s][info][gc] GC(5229) Pause Young (G1 Evacuation Pause) 237M->21M(368M) 1,962ms
[1263,329s][info][gc] GC(5230) Pause Young (G1 Evacuation Pause) 236M->22M(368M) 1,268ms
[1263,561s][info][gc] GC(5231) Pause Young (G1 Evacuation Pause) 237M->22M(368M) 1,276ms
[1263,806s][info][gc] GC(5232) Pause Young (G1 Evacuation Pause) 237M->22M(368M) 1,492ms
[1264,039s][info][gc] GC(5233) Pause Young (G1 Evacuation Pause) 237M->22M(368M) 2,329ms
[1264,272s][info][gc] GC(5234) Pause Young (G1 Evacuation Pause) 236M->22M(368M) 1,274ms
[1264,504s][info][gc] GC(5235) Pause Young (G1 Evacuation Pause) 237M->22M(368M) 1,204ms
[1264,737s][info][gc] GC(5236) Pause Young (G1 Evacuation Pause) 237M->22M(368M) 2,133ms
[1264,986s][info][gc] GC(5237) Pause Young (G1 Evacuation Pause) 237M->22M(368M) 1,827ms
[1265,221s][info][gc] GC(5238) Pause Young (G1 Evacuation Pause) 237M->23M(368M) 1,210ms
[1265,467s][info][gc] GC(5239) Pause Young (G1 Evacuation Pause) 237M->22M(368M) 1,467ms
[1265,699s][info][gc] GC(5240) Pause Young (G1 Evacuation Pause) 237M->22M(368M) 1,148ms
[1265,945s][info][gc] GC(5241) Pause Young (G1 Evacuation Pause) 237M->22M(368M) 1,787ms
[1266,181s][info][gc] GC(5242) Pause Young (G1 Evacuation Pause) 237M->22M(368M) 1,188ms
[1266,413s][info][gc] GC(5243) Pause Young (G1 Evacuation Pause) 237M->22M(368M) 1,257ms
[1266,645s][info][gc] GC(5244) Pause Young (G1 Evacuation Pause) 236M->22M(368M) 1,267ms
[1266,885s][info][gc] GC(5245) Pause Young (G1 Evacuation Pause) 237M->22M(368M) 3,273ms
[1267,127s][info][gc] GC(5246) Pause Young (G1 Evacuation Pause) 237M->22M(368M) 1,187ms
[1267,360s][info][gc] GC(5247) Pause Young (G1 Evacuation Pause) 237M->22M(368M) 1,432ms
[1267,593s][info][gc] GC(5248) Pause Young (G1 Evacuation Pause) 237M->22M(368M) 1,482ms
[1267,826s][info][gc] GC(5249) Pause Young (G1 Evacuation Pause) 236M->22M(368M) 1,428ms
[1268,058s][info][gc] GC(5250) Pause Young (G1 Evacuation Pause) 237M->22M(368M) 1,121ms
[1268,298s][info][gc] GC(5251) Pause Young (G1 Evacuation Pause) 237M->22M(368M) 1,320ms
[1268,556s][info][gc] GC(5252) Pause Young (G1 Evacuation Pause) 237M->22M(368M) 3,959ms
[1268,788s][info][gc] GC(5253) Pause Young (G1 Evacuation Pause) 237M->22M(368M) 1,267ms
[1269,021s][info][gc] GC(5254) Pause Young (G1 Evacuation Pause) 237M->23M(368M) 1,406ms
[1269,253s][info][gc] GC(5255) Pause Young (G1 Evacuation Pause) 237M->22M(368M) 1,152ms
[1269,503s][info][gc] GC(5256) Pause Young (G1 Evacuation Pause) 237M->22M(368M) 1,709ms
[1269,757s][info][gc] GC(5257) Pause Young (G1 Evacuation Pause) 237M->22M(368M) 1,853ms
[1270,012s][info][gc] GC(5258) Pause Young (G1 Evacuation Pause) 237M->22M(368M) 2,137ms
[1270,267s][info][gc] GC(5259) Pause Young (G1 Evacuation Pause) 237M->23M(368M) 2,284ms
[1270,525s][info][gc] GC(5260) Pause Young (G1 Evacuation Pause) 237M->22M(368M) 1,649ms
[1270,766s][info][gc] GC(5261) Pause Young (G1 Evacuation Pause) 237M->22M(368M) 1,414ms
[1270,999s][info][gc] GC(5262) Pause Young (G1 Evacuation Pause) 237M->22M(368M) 1,581ms
[1271,232s][info][gc] GC(5263) Pause Young (G1 Evacuation Pause) 237M->22M(368M) 1,580ms
[1271,483s][info][gc] GC(5264) Pause Young (G1 Evacuation Pause) 237M->23M(368M) 1,836ms
[1271,728s][info][gc] GC(5265) Pause Young (G1 Evacuation Pause) 237M->22M(368M) 1,077ms
[1271,977s][info][gc] GC(5266) Pause Young (G1 Evacuation Pause) 237M->22M(368M) 2,232ms
[1272,232s][info][gc] GC(5267) Pause Young (G1 Evacuation Pause) 237M->22M(368M) 2,182ms
[1272,490s][info][gc] GC(5268) Pause Young (G1 Evacuation Pause) 237M->22M(368M) 1,714ms
[1272,735s][info][gc] GC(5269) Pause Young (G1 Evacuation Pause) 237M->22M(368M) 1,781ms
[1272,994s][info][gc] GC(5270) Pause Young (G1 Evacuation Pause) 236M->22M(368M) 1,742ms
[1273,234s][info][gc] GC(5271) Pause Young (G1 Evacuation Pause) 237M->22M(368M) 1,354ms
[1273,484s][info][gc] GC(5272) Pause Young (G1 Evacuation Pause) 237M->22M(368M) 1,632ms
[1273,737s][info][gc] GC(5273) Pause Young (G1 Evacuation Pause) 237M->22M(368M) 1,915ms
[1274,006s][info][gc] GC(5274) Pause Young (G1 Evacuation Pause) 237M->22M(368M) 1,927ms
[1274,260s][info][gc] GC(5275) Pause Young (G1 Evacuation Pause) 236M->22M(368M) 1,796ms
[1274,524s][info][gc] GC(5276) Pause Young (G1 Evacuation Pause) 237M->22M(368M) 1,755ms
[1274,778s][info][gc] GC(5277) Pause Young (G1 Evacuation Pause) 237M->22M(368M) 1,786ms
[1275,032s][info][gc] GC(5278) Pause Young (G1 Evacuation Pause) 237M->22M(368M) 1,648ms
[1275,286s][info][gc] GC(5279) Pause Young (G1 Evacuation Pause) 237M->22M(368M) 1,916ms
[1275,548s][info][gc] GC(5280) Pause Young (G1 Evacuation Pause) 237M->23M(368M) 1,920ms
[1275,792s][info][gc] GC(5281) Pause Young (G1 Evacuation Pause) 237M->22M(368M) 1,411ms
[1276,047s][info][gc] GC(5282) Pause Young (G1 Evacuation Pause) 237M->22M(368M) 1,638ms
[1276,301s][info][gc] GC(5283) Pause Young (G1 Evacuation Pause) 237M->22M(368M) 1,780ms
[1276,551s][info][gc] GC(5284) Pause Young (G1 Evacuation Pause) 237M->22M(368M) 2,036ms
[1276,784s][info][gc] GC(5285) Pause Young (G1 Evacuation Pause) 236M->21M(368M) 1,718ms
[1277,016s][info][gc] GC(5286) Pause Young (G1 Evacuation Pause) 236M->22M(368M) 1,022ms
[1277,248s][info][gc] GC(5287) Pause Young (G1 Evacuation Pause) 237M->22M(368M) 1,210ms
[1277,505s][info][gc] GC(5288) Pause Young (G1 Evacuation Pause) 237M->22M(368M) 1,636ms
[1277,764s][info][gc] GC(5289) Pause Young (G1 Evacuation Pause) 237M->22M(368M) 1,914ms
[1278,017s][info][gc] GC(5290) Pause Young (G1 Evacuation Pause) 237M->23M(368M) 1,175ms
[1278,273s][info][gc] GC(5291) Pause Young (G1 Evacuation Pause) 237M->22M(368M) 2,274ms
[1278,517s][info][gc] GC(5292) Pause Young (G1 Evacuation Pause) 237M->22M(368M) 1,383ms
[1278,749s][info][gc] GC(5293) Pause Young (G1 Evacuation Pause) 237M->22M(368M) 1,233ms
[1278,981s][info][gc] GC(5294) Pause Young (G1 Evacuation Pause) 237M->22M(368M) 1,392ms
[1279,215s][info][gc] GC(5295) Pause Young (G1 Evacuation Pause) 237M->22M(368M) 1,365ms
[1279,460s][info][gc] GC(5296) Pause Young (G1 Evacuation Pause) 236M->22M(368M) 1,690ms
[1279,703s][info][gc] GC(5297) Pause Young (G1 Evacuation Pause) 237M->22M(368M) 1,056ms
[1279,935s][info][gc] GC(5298) Pause Young (G1 Evacuation Pause) 237M->22M(368M) 1,142ms
[1280,167s][info][gc] GC(5299) Pause Young (G1 Evacuation Pause) 237M->22M(368M) 1,359ms
[1280,432s][info][gc] GC(5300) Pause Young (G1 Evacuation Pause) 237M->22M(368M) 1,850ms
[1280,667s][info][gc] GC(5301) Pause Young (G1 Evacuation Pause) 237M->23M(368M) 1,162ms
[1280,899s][info][gc] GC(5302) Pause Young (G1 Evacuation Pause) 237M->22M(368M) 1,056ms
[1281,132s][info][gc] GC(5303) Pause Young (G1 Evacuation Pause) 237M->22M(368M) 2,264ms
[1281,369s][info][gc] GC(5304) Pause Young (G1 Evacuation Pause) 237M->22M(368M) 3,909ms
[1281,632s][info][gc] GC(5305) Pause Young (G1 Evacuation Pause) 237M->22M(368M) 1,882ms
[1281,896s][info][gc] GC(5306) Pause Young (G1 Evacuation Pause) 237M->23M(368M) 1,863ms
[1282,149s][info][gc] GC(5307) Pause Young (G1 Evacuation Pause) 237M->22M(368M) 1,713ms
[1282,390s][info][gc] GC(5308) Pause Young (G1 Evacuation Pause) 237M->22M(368M) 3,197ms
[1282,644s][info][gc] GC(5309) Pause Young (G1 Evacuation Pause) 237M->22M(368M) 1,735ms
[1282,902s][info][gc] GC(5310) Pause Young (G1 Evacuation Pause) 237M->22M(368M) 2,454ms
[1283,140s][info][gc] GC(5311) Pause Young (G1 Evacuation Pause) 237M->23M(368M) 1,298ms
[1283,380s][info][gc] GC(5312) Pause Young (G1 Evacuation Pause) 237M->22M(368M) 3,327ms
[1283,640s][info][gc] GC(5313) Pause Young (G1 Evacuation Pause) 237M->22M(368M) 1,597ms
[1283,899s][info][gc] GC(5314) Pause Young (G1 Evacuation Pause) 237M->22M(368M) 2,362ms
[1284,153s][info][gc] GC(5315) Pause Young (G1 Evacuation Pause) 237M->22M(368M) 1,843ms
[1284,395s][info][gc] GC(5316) Pause Young (G1 Evacuation Pause) 237M->22M(368M) 3,816ms
[1284,637s][info][gc] GC(5317) Pause Young (G1 Evacuation Pause) 236M->22M(368M) 1,086ms
[1284,913s][info][gc] GC(5318) Pause Young (G1 Evacuation Pause) 237M->22M(368M) 3,831ms
[1285,170s][info][gc] GC(5319) Pause Young (G1 Evacuation Pause) 237M->22M(368M) 3,107ms
[1285,414s][info][gc] GC(5320) Pause Young (G1 Evacuation Pause) 237M->22M(368M) 2,434ms
[1285,668s][info][gc] GC(5321) Pause Young (G1 Evacuation Pause) 237M->22M(368M) 1,930ms
[1285,928s][info][gc] GC(5322) Pause Young (G1 Evacuation Pause) 237M->23M(368M) 1,930ms
[1286,178s][info][gc] GC(5323) Pause Young (G1 Evacuation Pause) 237M->22M(368M) 1,333ms
[1286,422s][info][gc] GC(5324) Pause Young (G1 Evacuation Pause) 237M->22M(368M) 1,831ms
[1286,656s][info][gc] GC(5325) Pause Young (G1 Evacuation Pause) 237M->22M(368M) 1,436ms
[1286,900s][info][gc] GC(5326) Pause Young (G1 Evacuation Pause) 237M->22M(368M) 3,275ms
[1287,133s][info][gc] GC(5327) Pause Young (G1 Evacuation Pause) 237M->23M(368M) 1,293ms
[1287,365s][info][gc] GC(5328) Pause Young (G1 Evacuation Pause) 237M->22M(368M) 1,315ms
[1287,597s][info][gc] GC(5329) Pause Young (G1 Evacuation Pause) 237M->22M(368M) 1,369ms
[1287,830s][info][gc] GC(5330) Pause Young (G1 Evacuation Pause) 237M->22M(368M) 1,368ms
[1288,063s][info][gc] GC(5331) Pause Young (G1 Evacuation Pause) 237M->22M(368M) 1,256ms
[1288,308s][info][gc] GC(5332) Pause Young (G1 Evacuation Pause) 237M->23M(368M) 1,936ms
[1288,566s][info][gc] GC(5333) Pause Young (G1 Evacuation Pause) 237M->22M(368M) 1,053ms
[1288,799s][info][gc] GC(5334) Pause Young (G1 Evacuation Pause) 237M->22M(368M) 1,344ms
[1289,032s][info][gc] GC(5335) Pause Young (G1 Evacuation Pause) 237M->22M(368M) 1,393ms
[1289,265s][info][gc] GC(5336) Pause Young (G1 Evacuation Pause) 237M->22M(368M) 1,213ms
[1289,532s][info][gc] GC(5337) Pause Young (G1 Evacuation Pause) 237M->22M(368M) 1,745ms
[1289,766s][info][gc] GC(5338) Pause Young (G1 Evacuation Pause) 236M->22M(368M) 1,475ms
[1290,023s][info][gc] GC(5339) Pause Young (G1 Evacuation Pause) 237M->22M(368M) 1,621ms
[1290,293s][info][gc] GC(5340) Pause Young (G1 Evacuation Pause) 237M->21M(368M) 3,487ms
[1290,536s][info][gc] GC(5341) Pause Young (G1 Evacuation Pause) 236M->22M(368M) 2,469ms
[1290,790s][info][gc] GC(5342) Pause Young (G1 Evacuation Pause) 237M->22M(368M) 1,755ms
[1291,044s][info][gc] GC(5343) Pause Young (G1 Evacuation Pause) 236M->22M(368M) 1,779ms
[1291,277s][info][gc] GC(5344) Pause Young (G1 Evacuation Pause) 237M->22M(368M) 1,156ms
[1291,530s][info][gc] GC(5345) Pause Young (G1 Evacuation Pause) 237M->22M(368M) 1,641ms
[1291,784s][info][gc] GC(5346) Pause Young (G1 Evacuation Pause) 237M->22M(368M) 1,786ms
[1292,044s][info][gc] GC(5347) Pause Young (G1 Evacuation Pause) 237M->22M(368M) 1,979ms
[1292,301s][info][gc] GC(5348) Pause Young (G1 Evacuation Pause) 237M->23M(368M) 2,827ms
[1292,550s][info][gc] GC(5349) Pause Young (G1 Evacuation Pause) 237M->22M(368M) 1,038ms
[1292,802s][info][gc] GC(5350) Pause Young (G1 Evacuation Pause) 237M->22M(368M) 1,658ms
[1293,059s][info][gc] GC(5351) Pause Young (G1 Evacuation Pause) 237M->22M(368M) 1,838ms
[1293,294s][info][gc] GC(5352) Pause Young (G1 Evacuation Pause) 237M->22M(368M) 1,141ms
[1293,547s][info][gc] GC(5353) Pause Young (G1 Evacuation Pause) 237M->23M(368M) 1,958ms
[1293,800s][info][gc] GC(5354) Pause Young (G1 Evacuation Pause) 237M->22M(368M) 1,642ms
[1294,066s][info][gc] GC(5355) Pause Young (G1 Evacuation Pause) 237M->22M(368M) 2,343ms
[1294,320s][info][gc] GC(5356) Pause Young (G1 Evacuation Pause) 237M->22M(368M) 1,778ms
[1294,581s][info][gc] GC(5357) Pause Young (G1 Evacuation Pause) 237M->22M(368M) 1,900ms
[1294,835s][info][gc] GC(5358) Pause Young (G1 Evacuation Pause) 237M->22M(368M) 1,951ms
[1295,068s][info][gc] GC(5359) Pause Young (G1 Evacuation Pause) 236M->22M(368M) 1,045ms
[1295,300s][info][gc] GC(5360) Pause Young (G1 Evacuation Pause) 237M->22M(368M) 1,320ms
[1295,547s][info][gc] GC(5361) Pause Young (G1 Evacuation Pause) 237M->22M(368M) 1,485ms
[1295,780s][info][gc] GC(5362) Pause Young (G1 Evacuation Pause) 237M->22M(368M) 1,385ms
[1296,030s][info][gc] GC(5363) Pause Young (G1 Evacuation Pause) 237M->22M(368M) 1,569ms
[1296,263s][info][gc] GC(5364) Pause Young (G1 Evacuation Pause) 237M->23M(368M) 1,542ms
[1296,513s][info][gc] GC(5365) Pause Young (G1 Evacuation Pause) 237M->22M(368M) 3,951ms
[1296,754s][info][gc] GC(5366) Pause Young (G1 Evacuation Pause) 237M->22M(368M) 5,042ms
[1296,988s][info][gc] GC(5367) Pause Young (G1 Evacuation Pause) 237M->22M(368M) 1,581ms
[1297,237s][info][gc] GC(5368) Pause Young (G1 Evacuation Pause) 237M->22M(368M) 2,443ms
[1297,498s][info][gc] GC(5369) Pause Young (G1 Evacuation Pause) 237M->23M(368M) 1,861ms
[1297,731s][info][gc] GC(5370) Pause Young (G1 Evacuation Pause) 237M->22M(368M) 1,334ms
[1297,965s][info][gc] GC(5371) Pause Young (G1 Evacuation Pause) 237M->22M(368M) 1,483ms
[1298,197s][info][gc] GC(5372) Pause Young (G1 Evacuation Pause) 237M->22M(368M) 1,165ms
[1298,442s][info][gc] GC(5373) Pause Young (G1 Evacuation Pause) 237M->22M(368M) 1,917ms
[1298,678s][info][gc] GC(5374) Pause Young (G1 Evacuation Pause) 237M->22M(368M) 3,821ms
[1298,910s][info][gc] GC(5375) Pause Young (G1 Evacuation Pause) 236M->22M(368M) 1,129ms
[1299,142s][info][gc] GC(5376) Pause Young (G1 Evacuation Pause) 237M->22M(368M) 1,102ms
[1299,383s][info][gc] GC(5377) Pause Young (G1 Evacuation Pause) 237M->22M(368M) 4,132ms
[1299,619s][info][gc] GC(5378) Pause Young (G1 Evacuation Pause) 237M->22M(368M) 1,105ms
[1299,852s][info][gc] GC(5379) Pause Young (G1 Evacuation Pause) 237M->22M(368M) 1,974ms
[1300,084s][info][gc] GC(5380) Pause Young (G1 Evacuation Pause) 236M->22M(368M) 1,202ms
[1300,333s][info][gc] GC(5381) Pause Young (G1 Evacuation Pause) 237M->22M(368M) 1,755ms
[1300,572s][info][gc] GC(5382) Pause Young (G1 Evacuation Pause) 237M->22M(368M) 1,204ms
[1300,804s][info][gc] GC(5383) Pause Young (G1 Evacuation Pause) 237M->22M(368M) 1,332ms
[1301,038s][info][gc] GC(5384) Pause Young (G1 Evacuation Pause) 237M->22M(368M) 1,383ms
[1301,270s][info][gc] GC(5385) Pause Young (G1 Evacuation Pause) 236M->22M(368M) 1,281ms
[1301,523s][info][gc] GC(5386) Pause Young (G1 Evacuation Pause) 237M->22M(368M) 1,596ms
[1301,777s][info][gc] GC(5387) Pause Young (G1 Evacuation Pause) 237M->22M(368M) 1,711ms
[1302,038s][info][gc] GC(5388) Pause Young (G1 Evacuation Pause) 237M->22M(368M) 1,779ms
[1302,272s][info][gc] GC(5389) Pause Young (G1 Evacuation Pause) 237M->22M(368M) 1,501ms
[1302,504s][info][gc] GC(5390) Pause Young (G1 Evacuation Pause) 237M->23M(368M) 1,379ms
[1302,736s][info][gc] GC(5391) Pause Young (G1 Evacuation Pause) 237M->22M(368M) 1,200ms
[1302,968s][info][gc] GC(5392) Pause Young (G1 Evacuation Pause) 237M->22M(368M) 1,285ms
[1303,200s][info][gc] GC(5393) Pause Young (G1 Evacuation Pause) 237M->22M(368M) 1,097ms
[1303,446s][info][gc] GC(5394) Pause Young (G1 Evacuation Pause) 237M->22M(368M) 1,843ms
[1303,704s][info][gc] GC(5395) Pause Young (G1 Evacuation Pause) 236M->22M(368M) 1,615ms
[1303,946s][info][gc] GC(5396) Pause Young (G1 Evacuation Pause) 237M->22M(368M) 1,473ms
[1304,178s][info][gc] GC(5397) Pause Young (G1 Evacuation Pause) 237M->22M(368M) 1,213ms
[1304,422s][info][gc] GC(5398) Pause Young (G1 Evacuation Pause) 237M->22M(368M) 1,739ms
[1304,655s][info][gc] GC(5399) Pause Young (G1 Evacuation Pause) 237M->22M(368M) 1,161ms
[1304,887s][info][gc] GC(5400) Pause Young (G1 Evacuation Pause) 237M->22M(368M) 1,308ms
[1305,120s][info][gc] GC(5401) Pause Young (G1 Evacuation Pause) 236M->22M(368M) 1,454ms
[1305,353s][info][gc] GC(5402) Pause Young (G1 Evacuation Pause) 237M->22M(368M) 1,597ms
[1305,625s][info][gc] GC(5403) Pause Young (G1 Evacuation Pause) 237M->22M(368M) 2,816ms
[1305,880s][info][gc] GC(5404) Pause Young (G1 Evacuation Pause) 237M->22M(368M) 1,724ms
[1306,120s][info][gc] GC(5405) Pause Young (G1 Evacuation Pause) 237M->22M(368M) 1,291ms
[1306,372s][info][gc] GC(5406) Pause Young (G1 Evacuation Pause) 236M->22M(368M) 3,881ms
[1306,638s][info][gc] GC(5407) Pause Young (G1 Evacuation Pause) 237M->21M(368M) 2,824ms
[1306,873s][info][gc] GC(5408) Pause Young (G1 Evacuation Pause) 236M->22M(368M) 2,548ms
[1307,105s][info][gc] GC(5409) Pause Young (G1 Evacuation Pause) 237M->22M(368M) 1,364ms
[1307,339s][info][gc] GC(5410) Pause Young (G1 Evacuation Pause) 237M->22M(368M) 1,409ms
[1307,596s][info][gc] GC(5411) Pause Young (G1 Evacuation Pause) 236M->21M(368M) 1,741ms
[1307,854s][info][gc] GC(5412) Pause Young (G1 Evacuation Pause) 236M->22M(368M) 1,617ms
[1308,107s][info][gc] GC(5413) Pause Young (G1 Evacuation Pause) 237M->22M(368M) 1,500ms
[1308,339s][info][gc] GC(5414) Pause Young (G1 Evacuation Pause) 237M->22M(368M) 1,153ms
[1308,571s][info][gc] GC(5415) Pause Young (G1 Evacuation Pause) 237M->22M(368M) 1,228ms
[1308,803s][info][gc] GC(5416) Pause Young (G1 Evacuation Pause) 237M->23M(368M) 1,299ms
[1309,035s][info][gc] GC(5417) Pause Young (G1 Evacuation Pause) 237M->22M(368M) 1,309ms
[1309,268s][info][gc] GC(5418) Pause Young (G1 Evacuation Pause) 237M->22M(368M) 1,196ms
[1309,509s][info][gc] GC(5419) Pause Young (G1 Evacuation Pause) 237M->22M(368M) 1,078ms
[1309,741s][info][gc] GC(5420) Pause Young (G1 Evacuation Pause) 237M->22M(368M) 1,240ms
[1310,008s][info][gc] GC(5421) Pause Young (G1 Evacuation Pause) 237M->23M(368M) 1,824ms
[1310,241s][info][gc] GC(5422) Pause Young (G1 Evacuation Pause) 237M->22M(368M) 1,173ms
[1310,492s][info][gc] GC(5423) Pause Young (G1 Evacuation Pause) 237M->22M(368M) 1,631ms
[1310,746s][info][gc] GC(5424) Pause Young (G1 Evacuation Pause) 237M->22M(368M) 1,694ms
[1311,000s][info][gc] GC(5425) Pause Young (G1 Evacuation Pause) 237M->22M(368M) 1,204ms
[1311,232s][info][gc] GC(5426) Pause Young (G1 Evacuation Pause) 237M->22M(368M) 1,367ms
[1311,482s][info][gc] GC(5427) Pause Young (G1 Evacuation Pause) 236M->21M(368M) 2,994ms
[1311,740s][info][gc] GC(5428) Pause Young (G1 Evacuation Pause) 236M->22M(368M) 1,651ms
[1311,987s][info][gc] GC(5429) Pause Young (G1 Evacuation Pause) 237M->22M(368M) 1,258ms
[1312,219s][info][gc] GC(5430) Pause Young (G1 Evacuation Pause) 237M->22M(368M) 1,338ms
[1312,452s][info][gc] GC(5431) Pause Young (G1 Evacuation Pause) 237M->22M(368M) 1,355ms
[1312,696s][info][gc] GC(5432) Pause Young (G1 Evacuation Pause) 237M->23M(368M) 1,322ms
[1312,941s][info][gc] GC(5433) Pause Young (G1 Evacuation Pause) 237M->22M(368M) 1,713ms
[1313,199s][info][gc] GC(5434) Pause Young (G1 Evacuation Pause) 237M->22M(368M) 1,385ms
[1313,431s][info][gc] GC(5435) Pause Young (G1 Evacuation Pause) 237M->22M(368M) 1,261ms
[1313,664s][info][gc] GC(5436) Pause Young (G1 Evacuation Pause) 237M->22M(368M) 2,171ms
[1313,907s][info][gc] GC(5437) Pause Young (G1 Evacuation Pause) 236M->22M(368M) 2,292ms
[1314,144s][info][gc] GC(5438) Pause Young (G1 Evacuation Pause) 237M->22M(368M) 1,153ms
[1314,385s][info][gc] GC(5439) Pause Young (G1 Evacuation Pause) 237M->22M(368M) 3,918ms
[1314,645s][info][gc] GC(5440) Pause Young (G1 Evacuation Pause) 237M->22M(368M) 1,847ms
[1314,903s][info][gc] GC(5441) Pause Young (G1 Evacuation Pause) 237M->22M(368M) 2,433ms
[1315,151s][info][gc] GC(5442) Pause Young (G1 Evacuation Pause) 237M->23M(368M) 1,456ms
[1315,393s][info][gc] GC(5443) Pause Young (G1 Evacuation Pause) 237M->22M(368M) 2,213ms
[1315,647s][info][gc] GC(5444) Pause Young (G1 Evacuation Pause) 237M->22M(368M) 1,401ms
[1315,887s][info][gc] GC(5445) Pause Young (G1 Evacuation Pause) 237M->22M(368M) 2,726ms
[1316,154s][info][gc] GC(5446) Pause Young (G1 Evacuation Pause) 237M->22M(368M) 1,685ms
[1316,412s][info][gc] GC(5447) Pause Young (G1 Evacuation Pause) 237M->22M(368M) 1,728ms
[1316,652s][info][gc] GC(5448) Pause Young (G1 Evacuation Pause) 236M->22M(368M) 1,028ms
[1316,893s][info][gc] GC(5449) Pause Young (G1 Evacuation Pause) 237M->22M(368M) 2,295ms
[1317,147s][info][gc] GC(5450) Pause Young (G1 Evacuation Pause) 237M->22M(368M) 1,714ms
[1317,406s][info][gc] GC(5451) Pause Young (G1 Evacuation Pause) 237M->22M(368M) 1,935ms
[1317,663s][info][gc] GC(5452) Pause Young (G1 Evacuation Pause) 237M->22M(368M) 1,897ms
[1317,909s][info][gc] GC(5453) Pause Young (G1 Evacuation Pause) 237M->23M(368M) 2,365ms
[1318,144s][info][gc] GC(5454) Pause Young (G1 Evacuation Pause) 237M->22M(368M) 1,196ms
[1318,422s][info][gc] GC(5455) Pause Young (G1 Evacuation Pause) 237M->22M(368M) 2,266ms
[1318,676s][info][gc] GC(5456) Pause Young (G1 Evacuation Pause) 237M->22M(368M) 1,876ms
[1318,921s][info][gc] GC(5457) Pause Young (G1 Evacuation Pause) 237M->22M(368M) 1,907ms
[1319,175s][info][gc] GC(5458) Pause Young (G1 Evacuation Pause) 237M->23M(368M) 1,695ms
[1319,413s][info][gc] GC(5459) Pause Young (G1 Evacuation Pause) 237M->22M(368M) 1,450ms
[1319,646s][info][gc] GC(5460) Pause Young (G1 Evacuation Pause) 237M->22M(368M) 1,493ms
[1319,885s][info][gc] GC(5461) Pause Young (G1 Evacuation Pause) 237M->22M(368M) 3,521ms
[1320,140s][info][gc] GC(5462) Pause Young (G1 Evacuation Pause) 237M->22M(368M) 1,667ms
[1320,399s][info][gc] GC(5463) Pause Young (G1 Evacuation Pause) 237M->23M(368M) 2,391ms
[1320,645s][info][gc] GC(5464) Pause Young (G1 Evacuation Pause) 237M->22M(368M) 1,139ms
[1320,877s][info][gc] GC(5465) Pause Young (G1 Evacuation Pause) 237M->22M(368M) 1,214ms
[1321,109s][info][gc] GC(5466) Pause Young (G1 Evacuation Pause) 237M->22M(368M) 1,122ms
[1321,341s][info][gc] GC(5467) Pause Young (G1 Evacuation Pause) 237M->22M(368M) 1,189ms
[1321,602s][info][gc] GC(5468) Pause Young (G1 Evacuation Pause) 237M->22M(368M) 1,834ms
[1321,835s][info][gc] GC(5469) Pause Young (G1 Evacuation Pause) 237M->23M(368M) 1,174ms
[1322,092s][info][gc] GC(5470) Pause Young (G1 Evacuation Pause) 237M->22M(368M) 1,595ms
[1322,345s][info][gc] GC(5471) Pause Young (G1 Evacuation Pause) 237M->22M(368M) 1,823ms
[1322,600s][info][gc] GC(5472) Pause Young (G1 Evacuation Pause) 237M->22M(368M) 1,669ms
[1322,869s][info][gc] GC(5473) Pause Young (G1 Evacuation Pause) 237M->22M(368M) 4,232ms
[1323,126s][info][gc] GC(5474) Pause Young (G1 Evacuation Pause) 236M->22M(368M) 1,302ms
[1323,358s][info][gc] GC(5475) Pause Young (G1 Evacuation Pause) 237M->22M(368M) 1,147ms
[1323,623s][info][gc] GC(5476) Pause Young (G1 Evacuation Pause) 237M->22M(368M) 1,624ms
[1323,864s][info][gc] GC(5477) Pause Young (G1 Evacuation Pause) 237M->22M(368M) 1,522ms
[1324,097s][info][gc] GC(5478) Pause Young (G1 Evacuation Pause) 237M->22M(368M) 1,400ms
[1324,330s][info][gc] GC(5479) Pause Young (G1 Evacuation Pause) 237M->22M(368M) 1,945ms
[1324,566s][info][gc] GC(5480) Pause Young (G1 Evacuation Pause) 236M->22M(368M) 1,173ms
[1324,798s][info][gc] GC(5481) Pause Young (G1 Evacuation Pause) 237M->22M(368M) 1,090ms
[1325,030s][info][gc] GC(5482) Pause Young (G1 Evacuation Pause) 237M->22M(368M) 1,266ms
[1325,262s][info][gc] GC(5483) Pause Young (G1 Evacuation Pause) 237M->22M(368M) 1,264ms
[1325,518s][info][gc] GC(5484) Pause Young (G1 Evacuation Pause) 237M->23M(368M) 2,472ms
[1325,772s][info][gc] GC(5485) Pause Young (G1 Evacuation Pause) 237M->22M(368M) 1,729ms
[1326,026s][info][gc] GC(5486) Pause Young (G1 Evacuation Pause) 237M->22M(368M) 1,754ms
[1326,280s][info][gc] GC(5487) Pause Young (G1 Evacuation Pause) 237M->22M(368M) 1,798ms
[1326,534s][info][gc] GC(5488) Pause Young (G1 Evacuation Pause) 237M->22M(368M) 1,695ms
[1326,788s][info][gc] GC(5489) Pause Young (G1 Evacuation Pause) 237M->22M(368M) 1,768ms
[1327,042s][info][gc] GC(5490) Pause Young (G1 Evacuation Pause) 236M->22M(368M) 1,719ms
[1327,296s][info][gc] GC(5491) Pause Young (G1 Evacuation Pause) 237M->22M(368M) 1,759ms
[1327,540s][info][gc] GC(5492) Pause Young (G1 Evacuation Pause) 237M->22M(368M) 1,368ms
[1327,792s][info][gc] GC(5493) Pause Young (G1 Evacuation Pause) 237M->22M(368M) 1,883ms
[1328,046s][info][gc] GC(5494) Pause Young (G1 Evacuation Pause) 237M->22M(368M) 1,785ms
[1328,282s][info][gc] GC(5495) Pause Young (G1 Evacuation Pause) 237M->23M(368M) 1,329ms
[1328,519s][info][gc] GC(5496) Pause Young (G1 Evacuation Pause) 237M->22M(368M) 4,051ms
[1328,758s][info][gc] GC(5497) Pause Young (G1 Evacuation Pause) 237M->22M(368M) 1,224ms
[1328,990s][info][gc] GC(5498) Pause Young (G1 Evacuation Pause) 237M->22M(368M) 1,113ms
[1329,222s][info][gc] GC(5499) Pause Young (G1 Evacuation Pause) 237M->22M(368M) 1,271ms
[1329,470s][info][gc] GC(5500) Pause Young (G1 Evacuation Pause) 237M->23M(368M) 1,900ms
[1329,712s][info][gc] GC(5501) Pause Young (G1 Evacuation Pause) 237M->22M(368M) 1,163ms
[1329,958s][info][gc] GC(5502) Pause Young (G1 Evacuation Pause) 237M->22M(368M) 2,291ms
[1330,222s][info][gc] GC(5503) Pause Young (G1 Evacuation Pause) 237M->22M(368M) 1,744ms
[1330,479s][info][gc] GC(5504) Pause Young (G1 Evacuation Pause) 237M->22M(368M) 1,616ms
[1330,712s][info][gc] GC(5505) Pause Young (G1 Evacuation Pause) 237M->22M(368M) 1,995ms
[1330,959s][info][gc] GC(5506) Pause Young (G1 Evacuation Pause) 236M->22M(368M) 2,271ms
[1331,194s][info][gc] GC(5507) Pause Young (G1 Evacuation Pause) 237M->22M(368M) 1,085ms
[1331,426s][info][gc] GC(5508) Pause Young (G1 Evacuation Pause) 237M->22M(368M) 1,139ms
[1331,658s][info][gc] GC(5509) Pause Young (G1 Evacuation Pause) 237M->22M(368M) 1,197ms
[1331,903s][info][gc] GC(5510) Pause Young (G1 Evacuation Pause) 237M->22M(368M) 4,002ms
[1332,161s][info][gc] GC(5511) Pause Young (G1 Evacuation Pause) 236M->22M(368M) 1,641ms
[1332,419s][info][gc] GC(5512) Pause Young (G1 Evacuation Pause) 237M->22M(368M) 1,762ms
[1332,659s][info][gc] GC(5513) Pause Young (G1 Evacuation Pause) 237M->22M(368M) 1,154ms
[1332,891s][info][gc] GC(5514) Pause Young (G1 Evacuation Pause) 237M->22M(368M) 1,101ms
[1333,139s][info][gc] GC(5515) Pause Young (G1 Evacuation Pause) 237M->22M(368M) 1,138ms
[1333,371s][info][gc] GC(5516) Pause Young (G1 Evacuation Pause) 237M->23M(368M) 1,236ms
[1333,603s][info][gc] GC(5517) Pause Young (G1 Evacuation Pause) 237M->22M(368M) 1,193ms
[1333,835s][info][gc] GC(5518) Pause Young (G1 Evacuation Pause) 237M->22M(368M) 1,221ms
[1334,067s][info][gc] GC(5519) Pause Young (G1 Evacuation Pause) 237M->22M(368M) 1,227ms
[1334,299s][info][gc] GC(5520) Pause Young (G1 Evacuation Pause) 237M->22M(368M) 1,282ms
[1334,536s][info][gc] GC(5521) Pause Young (G1 Evacuation Pause) 236M->22M(368M) 3,847ms
[1334,791s][info][gc] GC(5522) Pause Young (G1 Evacuation Pause) 237M->22M(368M) 1,623ms
[1335,051s][info][gc] GC(5523) Pause Young (G1 Evacuation Pause) 237M->22M(368M) 1,847ms
[1335,305s][info][gc] GC(5524) Pause Young (G1 Evacuation Pause) 237M->22M(368M) 1,743ms
[1335,563s][info][gc] GC(5525) Pause Young (G1 Evacuation Pause) 237M->22M(368M) 1,667ms
[1335,810s][info][gc] GC(5526) Pause Young (G1 Evacuation Pause) 237M->23M(368M) 1,591ms
[1336,071s][info][gc] GC(5527) Pause Young (G1 Evacuation Pause) 237M->22M(368M) 1,800ms
[1336,325s][info][gc] GC(5528) Pause Young (G1 Evacuation Pause) 237M->22M(368M) 1,940ms
[1336,575s][info][gc] GC(5529) Pause Young (G1 Evacuation Pause) 237M->22M(368M) 1,217ms
[1336,807s][info][gc] GC(5530) Pause Young (G1 Evacuation Pause) 237M->22M(368M) 1,172ms
[1337,061s][info][gc] GC(5531) Pause Young (G1 Evacuation Pause) 237M->22M(368M) 1,757ms
[1337,315s][info][gc] GC(5532) Pause Young (G1 Evacuation Pause) 236M->22M(368M) 1,782ms
[1337,574s][info][gc] GC(5533) Pause Young (G1 Evacuation Pause) 237M->22M(368M) 1,782ms
[1337,828s][info][gc] GC(5534) Pause Young (G1 Evacuation Pause) 237M->22M(368M) 1,772ms
[1338,085s][info][gc] GC(5535) Pause Young (G1 Evacuation Pause) 237M->22M(368M) 1,699ms
[1338,318s][info][gc] GC(5536) Pause Young (G1 Evacuation Pause) 237M->22M(368M) 1,349ms
[1338,557s][info][gc] GC(5537) Pause Young (G1 Evacuation Pause) 237M->23M(368M) 1,406ms
[1338,789s][info][gc] GC(5538) Pause Young (G1 Evacuation Pause) 237M->22M(368M) 1,187ms
[1339,022s][info][gc] GC(5539) Pause Young (G1 Evacuation Pause) 237M->22M(368M) 1,354ms
[1339,255s][info][gc] GC(5540) Pause Young (G1 Evacuation Pause) 237M->22M(368M) 1,289ms
[1339,504s][info][gc] GC(5541) Pause Young (G1 Evacuation Pause) 237M->22M(368M) 1,912ms
[1339,743s][info][gc] GC(5542) Pause Young (G1 Evacuation Pause) 237M->23M(368M) 1,301ms
[1339,992s][info][gc] GC(5543) Pause Young (G1 Evacuation Pause) 237M->22M(368M) 1,706ms
[1340,246s][info][gc] GC(5544) Pause Young (G1 Evacuation Pause) 237M->22M(368M) 1,760ms
[1340,503s][info][gc] GC(5545) Pause Young (G1 Evacuation Pause) 237M->22M(368M) 1,802ms
[1340,736s][info][gc] GC(5546) Pause Young (G1 Evacuation Pause) 237M->22M(368M) 1,181ms
[1340,993s][info][gc] GC(5547) Pause Young (G1 Evacuation Pause) 237M->23M(368M) 1,682ms
[1341,227s][info][gc] GC(5548) Pause Young (G1 Evacuation Pause) 237M->22M(368M) 1,479ms
[1341,460s][info][gc] GC(5549) Pause Young (G1 Evacuation Pause) 237M->22M(368M) 1,556ms
[1341,693s][info][gc] GC(5550) Pause Young (G1 Evacuation Pause) 237M->22M(368M) 1,649ms
[1341,950s][info][gc] GC(5551) Pause Young (G1 Evacuation Pause) 237M->22M(368M) 3,937ms
[1342,205s][info][gc] GC(5552) Pause Young (G1 Evacuation Pause) 237M->22M(368M) 1,743ms
[1342,464s][info][gc] GC(5553) Pause Young (G1 Evacuation Pause) 236M->22M(368M) 1,571ms
[1342,739s][info][gc] GC(5554) Pause Young (G1 Evacuation Pause) 237M->22M(368M) 7,849ms
[1342,998s][info][gc] GC(5555) Pause Young (G1 Evacuation Pause) 237M->22M(368M) 1,214ms
[1343,230s][info][gc] GC(5556) Pause Young (G1 Evacuation Pause) 237M->22M(368M) 1,214ms
[1343,482s][info][gc] GC(5557) Pause Young (G1 Evacuation Pause) 237M->22M(368M) 2,440ms
[1343,743s][info][gc] GC(5558) Pause Young (G1 Evacuation Pause) 236M->22M(368M) 1,599ms
[1344,000s][info][gc] GC(5559) Pause Young (G1 Evacuation Pause) 237M->22M(368M) 1,734ms
[1344,254s][info][gc] GC(5560) Pause Young (G1 Evacuation Pause) 237M->22M(368M) 1,943ms
[1344,511s][info][gc] GC(5561) Pause Young (G1 Evacuation Pause) 237M->22M(368M) 1,669ms
[1344,745s][info][gc] GC(5562) Pause Young (G1 Evacuation Pause) 237M->22M(368M) 1,136ms
[1344,977s][info][gc] GC(5563) Pause Young (G1 Evacuation Pause) 237M->23M(368M) 1,158ms
[1345,209s][info][gc] GC(5564) Pause Young (G1 Evacuation Pause) 237M->22M(368M) 1,205ms
[1345,455s][info][gc] GC(5565) Pause Young (G1 Evacuation Pause) 237M->22M(368M) 1,591ms
[1345,698s][info][gc] GC(5566) Pause Young (G1 Evacuation Pause) 237M->22M(368M) 2,328ms
[1345,932s][info][gc] GC(5567) Pause Young (G1 Evacuation Pause) 237M->22M(368M) 1,401ms
[1346,165s][info][gc] GC(5568) Pause Young (G1 Evacuation Pause) 237M->22M(368M) 1,607ms
[1346,416s][info][gc] GC(5569) Pause Young (G1 Evacuation Pause) 236M->21M(368M) 6,218ms
[1346,670s][info][gc] GC(5570) Pause Young (G1 Evacuation Pause) 236M->22M(368M) 1,746ms
[1346,929s][info][gc] GC(5571) Pause Young (G1 Evacuation Pause) 237M->22M(368M) 1,871ms
[1347,183s][info][gc] GC(5572) Pause Young (G1 Evacuation Pause) 237M->22M(368M) 1,780ms
[1347,443s][info][gc] GC(5573) Pause Young (G1 Evacuation Pause) 237M->22M(368M) 1,860ms
[1347,697s][info][gc] GC(5574) Pause Young (G1 Evacuation Pause) 236M->22M(368M) 1,663ms
[1347,950s][info][gc] GC(5575) Pause Young (G1 Evacuation Pause) 237M->22M(368M) 2,336ms
[1348,200s][info][gc] GC(5576) Pause Young (G1 Evacuation Pause) 237M->22M(368M) 1,144ms
[1348,443s][info][gc] GC(5577) Pause Young (G1 Evacuation Pause) 237M->22M(368M) 1,909ms
[1348,681s][info][gc] GC(5578) Pause Young (G1 Evacuation Pause) 237M->22M(368M) 1,306ms
[1348,926s][info][gc] GC(5579) Pause Young (G1 Evacuation Pause) 236M->22M(368M) 1,653ms
[1349,180s][info][gc] GC(5580) Pause Young (G1 Evacuation Pause) 237M->21M(368M) 1,895ms
[1349,439s][info][gc] GC(5581) Pause Young (G1 Evacuation Pause) 236M->22M(368M) 2,294ms
[1349,693s][info][gc] GC(5582) Pause Young (G1 Evacuation Pause) 237M->22M(368M) 1,888ms
[1349,947s][info][gc] GC(5583) Pause Young (G1 Evacuation Pause) 237M->22M(368M) 1,916ms
[1350,201s][info][gc] GC(5584) Pause Young (G1 Evacuation Pause) 236M->22M(368M) 1,756ms
[1350,446s][info][gc] GC(5585) Pause Young (G1 Evacuation Pause) 237M->22M(368M) 1,218ms
[1350,679s][info][gc] GC(5586) Pause Young (G1 Evacuation Pause) 237M->22M(368M) 1,393ms
[1350,922s][info][gc] GC(5587) Pause Young (G1 Evacuation Pause) 237M->22M(368M) 2,235ms
[1351,186s][info][gc] GC(5588) Pause Young (G1 Evacuation Pause) 237M->22M(368M) 2,065ms
[1351,445s][info][gc] GC(5589) Pause Young (G1 Evacuation Pause) 237M->23M(368M) 1,890ms
[1351,698s][info][gc] GC(5590) Pause Young (G1 Evacuation Pause) 237M->22M(368M) 1,689ms
[1351,946s][info][gc] GC(5591) Pause Young (G1 Evacuation Pause) 237M->22M(368M) 1,726ms
[1352,200s][info][gc] GC(5592) Pause Young (G1 Evacuation Pause) 237M->22M(368M) 1,709ms
[1352,447s][info][gc] GC(5593) Pause Young (G1 Evacuation Pause) 237M->22M(368M) 1,734ms
[1352,688s][info][gc] GC(5594) Pause Young (G1 Evacuation Pause) 237M->22M(368M) 1,121ms
[1352,935s][info][gc] GC(5595) Pause Young (G1 Evacuation Pause) 236M->22M(368M) 1,647ms
[1353,167s][info][gc] GC(5596) Pause Young (G1 Evacuation Pause) 237M->22M(368M) 1,188ms
[1353,399s][info][gc] GC(5597) Pause Young (G1 Evacuation Pause) 237M->22M(368M) 1,260ms
[1353,654s][info][gc] GC(5598) Pause Young (G1 Evacuation Pause) 237M->22M(368M) 1,776ms
[1353,908s][info][gc] GC(5599) Pause Young (G1 Evacuation Pause) 237M->22M(368M) 1,701ms
[1354,141s][info][gc] GC(5600) Pause Young (G1 Evacuation Pause) 236M->22M(368M) 1,137ms
[1354,381s][info][gc] GC(5601) Pause Young (G1 Evacuation Pause) 237M->22M(368M) 3,140ms
[1354,635s][info][gc] GC(5602) Pause Young (G1 Evacuation Pause) 237M->22M(368M) 1,734ms
[1354,900s][info][gc] GC(5603) Pause Young (G1 Evacuation Pause) 237M->22M(368M) 2,409ms
[1355,147s][info][gc] GC(5604) Pause Young (G1 Evacuation Pause) 237M->22M(368M) 1,390ms
[1355,387s][info][gc] GC(5605) Pause Young (G1 Evacuation Pause) 236M->22M(368M) 2,894ms
[1355,645s][info][gc] GC(5606) Pause Young (G1 Evacuation Pause) 237M->22M(368M) 1,641ms
[1355,904s][info][gc] GC(5607) Pause Young (G1 Evacuation Pause) 237M->22M(368M) 1,675ms
[1356,137s][info][gc] GC(5608) Pause Young (G1 Evacuation Pause) 237M->22M(368M) 1,465ms
[1356,374s][info][gc] GC(5609) Pause Young (G1 Evacuation Pause) 237M->22M(368M) 4,046ms
[1356,624s][info][gc] GC(5610) Pause Young (G1 Evacuation Pause) 237M->23M(368M) 1,267ms
[1356,856s][info][gc] GC(5611) Pause Young (G1 Evacuation Pause) 237M->22M(368M) 1,074ms
[1357,089s][info][gc] GC(5612) Pause Young (G1 Evacuation Pause) 237M->22M(368M) 1,786ms
[1357,336s][info][gc] GC(5613) Pause Young (G1 Evacuation Pause) 237M->22M(368M) 1,791ms
[1357,593s][info][gc] GC(5614) Pause Young (G1 Evacuation Pause) 237M->22M(368M) 1,919ms
[1357,847s][info][gc] GC(5615) Pause Young (G1 Evacuation Pause) 237M->22M(368M) 2,005ms
[1358,113s][info][gc] GC(5616) Pause Young (G1 Evacuation Pause) 236M->22M(368M) 2,801ms
[1358,370s][info][gc] GC(5617) Pause Young (G1 Evacuation Pause) 237M->22M(368M) 3,587ms
[1358,627s][info][gc] GC(5618) Pause Young (G1 Evacuation Pause) 237M->22M(368M) 1,859ms
[1358,886s][info][gc] GC(5619) Pause Young (G1 Evacuation Pause) 237M->22M(368M) 3,405ms
[1359,140s][info][gc] GC(5620) Pause Young (G1 Evacuation Pause) 236M->21M(368M) 1,787ms
[1359,394s][info][gc] GC(5621) Pause Young (G1 Evacuation Pause) 236M->22M(368M) 1,772ms
[1359,643s][info][gc] GC(5622) Pause Young (G1 Evacuation Pause) 237M->22M(368M) 1,050ms
[1359,884s][info][gc] GC(5623) Pause Young (G1 Evacuation Pause) 237M->22M(368M) 4,133ms
[1360,157s][info][gc] GC(5624) Pause Young (G1 Evacuation Pause) 237M->22M(368M) 1,905ms
[1360,415s][info][gc] GC(5625) Pause Young (G1 Evacuation Pause) 237M->22M(368M) 1,805ms
[1360,648s][info][gc] GC(5626) Pause Young (G1 Evacuation Pause) 237M->23M(368M) 1,366ms
[1360,889s][info][gc] GC(5627) Pause Young (G1 Evacuation Pause) 237M->22M(368M) 3,787ms
[1361,144s][info][gc] GC(5628) Pause Young (G1 Evacuation Pause) 237M->22M(368M) 1,732ms
[1361,403s][info][gc] GC(5629) Pause Young (G1 Evacuation Pause) 237M->22M(368M) 1,728ms
[1361,639s][info][gc] GC(5630) Pause Young (G1 Evacuation Pause) 237M->22M(368M) 4,048ms
[1361,876s][info][gc] GC(5631) Pause Young (G1 Evacuation Pause) 236M->22M(368M) 4,047ms
[1362,138s][info][gc] GC(5632) Pause Young (G1 Evacuation Pause) 237M->22M(368M) 1,843ms
[1362,398s][info][gc] GC(5633) Pause Young (G1 Evacuation Pause) 237M->22M(368M) 2,220ms
[1362,632s][info][gc] GC(5634) Pause Young (G1 Evacuation Pause) 237M->22M(368M) 1,572ms
[1362,869s][info][gc] GC(5635) Pause Young (G1 Evacuation Pause) 237M->22M(368M) 3,952ms
[1363,129s][info][gc] GC(5636) Pause Young (G1 Evacuation Pause) 236M->22M(368M) 1,156ms
[1363,382s][info][gc] GC(5637) Pause Young (G1 Evacuation Pause) 237M->22M(368M) 1,591ms
[1363,637s][info][gc] GC(5638) Pause Young (G1 Evacuation Pause) 237M->22M(368M) 1,666ms
[1363,899s][info][gc] GC(5639) Pause Young (G1 Evacuation Pause) 237M->22M(368M) 3,381ms
[1364,171s][info][gc] GC(5640) Pause Young (G1 Evacuation Pause) 237M->22M(368M) 1,665ms
[1364,429s][info][gc] GC(5641) Pause Young (G1 Evacuation Pause) 237M->22M(368M) 1,835ms
[1364,683s][info][gc] GC(5642) Pause Young (G1 Evacuation Pause) 236M->22M(368M) 1,606ms
[1364,943s][info][gc] GC(5643) Pause Young (G1 Evacuation Pause) 237M->22M(368M) 2,270ms
[1365,184s][info][gc] GC(5644) Pause Young (G1 Evacuation Pause) 237M->22M(368M) 1,455ms
[1365,416s][info][gc] GC(5645) Pause Young (G1 Evacuation Pause) 237M->22M(368M) 1,208ms
[1365,673s][info][gc] GC(5646) Pause Young (G1 Evacuation Pause) 237M->22M(368M) 1,128ms
[1365,905s][info][gc] GC(5647) Pause Young (G1 Evacuation Pause) 236M->22M(368M) 1,113ms
[1366,137s][info][gc] GC(5648) Pause Young (G1 Evacuation Pause) 237M->22M(368M) 1,039ms
[1366,374s][info][gc] GC(5649) Pause Young (G1 Evacuation Pause) 237M->22M(368M) 3,982ms
[1366,629s][info][gc] GC(5650) Pause Young (G1 Evacuation Pause) 237M->22M(368M) 1,691ms
[1366,867s][info][gc] GC(5651) Pause Young (G1 Evacuation Pause) 237M->22M(368M) 4,067ms
[1367,135s][info][gc] GC(5652) Pause Young (G1 Evacuation Pause) 236M->22M(368M) 2,205ms
[1367,375s][info][gc] GC(5653) Pause Young (G1 Evacuation Pause) 237M->22M(368M) 3,873ms
[1367,635s][info][gc] GC(5654) Pause Young (G1 Evacuation Pause) 237M->22M(368M) 1,567ms
[1367,867s][info][gc] GC(5655) Pause Young (G1 Evacuation Pause) 237M->22M(368M) 1,223ms
[1368,100s][info][gc] GC(5656) Pause Young (G1 Evacuation Pause) 237M->22M(368M) 1,981ms
[1368,332s][info][gc] GC(5657) Pause Young (G1 Evacuation Pause) 236M->21M(368M) 1,027ms
[1368,572s][info][gc] GC(5658) Pause Young (G1 Evacuation Pause) 236M->22M(368M) 1,551ms
[1368,814s][info][gc] GC(5659) Pause Young (G1 Evacuation Pause) 237M->22M(368M) 1,501ms
[1369,069s][info][gc] GC(5660) Pause Young (G1 Evacuation Pause) 237M->22M(368M) 1,644ms
[1369,330s][info][gc] GC(5661) Pause Young (G1 Evacuation Pause) 237M->22M(368M) 1,804ms
[1369,600s][info][gc] GC(5662) Pause Young (G1 Evacuation Pause) 237M->22M(368M) 2,532ms
[1369,865s][info][gc] GC(5663) Pause Young (G1 Evacuation Pause) 236M->22M(368M) 3,679ms
[1370,125s][info][gc] GC(5664) Pause Young (G1 Evacuation Pause) 237M->22M(368M) 1,608ms
[1370,386s][info][gc] GC(5665) Pause Young (G1 Evacuation Pause) 237M->22M(368M) 3,789ms
[1370,619s][info][gc] GC(5666) Pause Young (G1 Evacuation Pause) 237M->22M(368M) 1,239ms
[1370,851s][info][gc] GC(5667) Pause Young (G1 Evacuation Pause) 237M->22M(368M) 1,122ms
[1371,110s][info][gc] GC(5668) Pause Young (G1 Evacuation Pause) 236M->22M(368M) 1,703ms
[1371,364s][info][gc] GC(5669) Pause Young (G1 Evacuation Pause) 237M->21M(368M) 1,758ms
[1371,605s][info][gc] GC(5670) Pause Young (G1 Evacuation Pause) 236M->22M(368M) 1,694ms
[1371,859s][info][gc] GC(5671) Pause Young (G1 Evacuation Pause) 237M->22M(368M) 1,780ms
[1372,115s][info][gc] GC(5672) Pause Young (G1 Evacuation Pause) 237M->22M(368M) 3,584ms
[1372,354s][info][gc] GC(5673) Pause Young (G1 Evacuation Pause) 237M->23M(368M) 1,486ms
[1372,607s][info][gc] GC(5674) Pause Young (G1 Evacuation Pause) 237M->22M(368M) 1,486ms
[1372,856s][info][gc] GC(5675) Pause Young (G1 Evacuation Pause) 237M->22M(368M) 1,549ms
[1373,104s][info][gc] GC(5676) Pause Young (G1 Evacuation Pause) 237M->22M(368M) 1,959ms
[1373,349s][info][gc] GC(5677) Pause Young (G1 Evacuation Pause) 237M->22M(368M) 1,663ms
[1373,618s][info][gc] GC(5678) Pause Young (G1 Evacuation Pause) 237M->22M(368M) 1,865ms
[1373,862s][info][gc] GC(5679) Pause Young (G1 Evacuation Pause) 236M->22M(368M) 1,383ms
[1374,095s][info][gc] GC(5680) Pause Young (G1 Evacuation Pause) 237M->22M(368M) 1,513ms
[1374,328s][info][gc] GC(5681) Pause Young (G1 Evacuation Pause) 237M->22M(368M) 1,552ms
[1374,586s][info][gc] GC(5682) Pause Young (G1 Evacuation Pause) 237M->22M(368M) 1,831ms
[1374,840s][info][gc] GC(5683) Pause Young (G1 Evacuation Pause) 237M->22M(368M) 1,815ms
[1375,100s][info][gc] GC(5684) Pause Young (G1 Evacuation Pause) 236M->22M(368M) 1,724ms
[1375,333s][info][gc] GC(5685) Pause Young (G1 Evacuation Pause) 237M->22M(368M) 1,345ms
[1375,565s][info][gc] GC(5686) Pause Young (G1 Evacuation Pause) 237M->22M(368M) 1,174ms
[1375,798s][info][gc] GC(5687) Pause Young (G1 Evacuation Pause) 237M->22M(368M) 1,530ms
[1376,055s][info][gc] GC(5688) Pause Young (G1 Evacuation Pause) 237M->22M(368M) 1,815ms
[1376,310s][info][gc] GC(5689) Pause Young (G1 Evacuation Pause) 237M->23M(368M) 1,960ms
[1376,545s][info][gc] GC(5690) Pause Young (G1 Evacuation Pause) 237M->22M(368M) 1,126ms
[1376,777s][info][gc] GC(5691) Pause Young (G1 Evacuation Pause) 237M->22M(368M) 1,101ms
[1377,042s][info][gc] GC(5692) Pause Young (G1 Evacuation Pause) 237M->22M(368M) 1,806ms
[1377,296s][info][gc] GC(5693) Pause Young (G1 Evacuation Pause) 237M->22M(368M) 1,665ms
[1377,551s][info][gc] GC(5694) Pause Young (G1 Evacuation Pause) 237M->23M(368M) 1,965ms
[1377,804s][info][gc] GC(5695) Pause Young (G1 Evacuation Pause) 237M->22M(368M) 1,821ms
[1378,065s][info][gc] GC(5696) Pause Young (G1 Evacuation Pause) 237M->22M(368M) 1,601ms
[1378,300s][info][gc] GC(5697) Pause Young (G1 Evacuation Pause) 237M->22M(368M) 1,265ms
[1378,532s][info][gc] GC(5698) Pause Young (G1 Evacuation Pause) 237M->22M(368M) 1,161ms
[1378,764s][info][gc] GC(5699) Pause Young (G1 Evacuation Pause) 237M->23M(368M) 1,308ms
[1379,006s][info][gc] GC(5700) Pause Young (G1 Evacuation Pause) 237M->22M(368M) 1,406ms
[1379,239s][info][gc] GC(5701) Pause Young (G1 Evacuation Pause) 237M->22M(368M) 1,552ms
[1379,488s][info][gc] GC(5702) Pause Young (G1 Evacuation Pause) 237M->22M(368M) 1,757ms
[1379,728s][info][gc] GC(5703) Pause Young (G1 Evacuation Pause) 237M->22M(368M) 1,230ms
[1379,961s][info][gc] GC(5704) Pause Young (G1 Evacuation Pause) 237M->22M(368M) 2,183ms
[1380,193s][info][gc] GC(5705) Pause Young (G1 Evacuation Pause) 236M->22M(368M) 1,267ms
[1380,438s][info][gc] GC(5706) Pause Young (G1 Evacuation Pause) 237M->22M(368M) 1,804ms
[1380,677s][info][gc] GC(5707) Pause Young (G1 Evacuation Pause) 237M->22M(368M) 1,316ms
[1380,923s][info][gc] GC(5708) Pause Young (G1 Evacuation Pause) 237M->22M(368M) 2,442ms
[1381,182s][info][gc] GC(5709) Pause Young (G1 Evacuation Pause) 237M->22M(368M) 1,280ms
[1381,427s][info][gc] GC(5710) Pause Young (G1 Evacuation Pause) 236M->22M(368M) 1,797ms
[1381,662s][info][gc] GC(5711) Pause Young (G1 Evacuation Pause) 237M->22M(368M) 1,418ms
[1381,895s][info][gc] GC(5712) Pause Young (G1 Evacuation Pause) 237M->22M(368M) 1,472ms
[1382,128s][info][gc] GC(5713) Pause Young (G1 Evacuation Pause) 237M->22M(368M) 1,588ms
[1382,361s][info][gc] GC(5714) Pause Young (G1 Evacuation Pause) 237M->22M(368M) 1,478ms
[1382,593s][info][gc] GC(5715) Pause Young (G1 Evacuation Pause) 237M->23M(368M) 1,303ms
[1382,859s][info][gc] GC(5716) Pause Young (G1 Evacuation Pause) 237M->22M(368M) 1,677ms
[1383,124s][info][gc] GC(5717) Pause Young (G1 Evacuation Pause) 237M->22M(368M) 1,053ms
[1383,356s][info][gc] GC(5718) Pause Young (G1 Evacuation Pause) 237M->22M(368M) 1,139ms
[1383,588s][info][gc] GC(5719) Pause Young (G1 Evacuation Pause) 237M->22M(368M) 1,163ms
[1383,820s][info][gc] GC(5720) Pause Young (G1 Evacuation Pause) 237M->23M(368M) 1,305ms
[1384,088s][info][gc] GC(5721) Pause Young (G1 Evacuation Pause) 237M->22M(368M) 1,645ms
[1384,351s][info][gc] GC(5722) Pause Young (G1 Evacuation Pause) 237M->22M(368M) 1,832ms
[1384,597s][info][gc] GC(5723) Pause Young (G1 Evacuation Pause) 237M->22M(368M) 1,444ms
[1384,830s][info][gc] GC(5724) Pause Young (G1 Evacuation Pause) 237M->22M(368M) 1,536ms
[1385,078s][info][gc] GC(5725) Pause Young (G1 Evacuation Pause) 237M->23M(368M) 1,307ms
[1385,310s][info][gc] GC(5726) Pause Young (G1 Evacuation Pause) 237M->22M(368M) 1,059ms
[1385,568s][info][gc] GC(5727) Pause Young (G1 Evacuation Pause) 237M->22M(368M) 1,685ms
[1385,831s][info][gc] GC(5728) Pause Young (G1 Evacuation Pause) 237M->22M(368M) 1,442ms
[1386,089s][info][gc] GC(5729) Pause Young (G1 Evacuation Pause) 237M->22M(368M) 1,947ms
[1386,343s][info][gc] GC(5730) Pause Young (G1 Evacuation Pause) 236M->21M(368M) 1,702ms
[1386,600s][info][gc] GC(5731) Pause Young (G1 Evacuation Pause) 236M->22M(368M) 1,740ms
[1386,833s][info][gc] GC(5732) Pause Young (G1 Evacuation Pause) 237M->22M(368M) 1,050ms
[1387,065s][info][gc] GC(5733) Pause Young (G1 Evacuation Pause) 237M->22M(368M) 1,205ms
[1387,297s][info][gc] GC(5734) Pause Young (G1 Evacuation Pause) 237M->22M(368M) 1,117ms
[1387,543s][info][gc] GC(5735) Pause Young (G1 Evacuation Pause) 237M->22M(368M) 1,629ms
[1387,776s][info][gc] GC(5736) Pause Young (G1 Evacuation Pause) 236M->21M(368M) 2,083ms
[1388,029s][info][gc] GC(5737) Pause Young (G1 Evacuation Pause) 236M->22M(368M) 1,569ms
[1388,261s][info][gc] GC(5738) Pause Young (G1 Evacuation Pause) 237M->22M(368M) 1,146ms
[1388,512s][info][gc] GC(5739) Pause Young (G1 Evacuation Pause) 237M->22M(368M) 1,494ms
[1388,772s][info][gc] GC(5740) Pause Young (G1 Evacuation Pause) 237M->22M(368M) 1,826ms
[1389,051s][info][gc] GC(5741) Pause Young (G1 Evacuation Pause) 237M->22M(368M) 8,269ms
[1389,315s][info][gc] GC(5742) Pause Young (G1 Evacuation Pause) 236M->22M(368M) 1,798ms
[1389,575s][info][gc] GC(5743) Pause Young (G1 Evacuation Pause) 237M->22M(368M) 1,742ms
[1389,832s][info][gc] GC(5744) Pause Young (G1 Evacuation Pause) 237M->22M(368M) 1,854ms
[1390,097s][info][gc] GC(5745) Pause Young (G1 Evacuation Pause) 237M->22M(368M) 1,895ms
[1390,351s][info][gc] GC(5746) Pause Young (G1 Evacuation Pause) 237M->23M(368M) 1,691ms
[1390,609s][info][gc] GC(5747) Pause Young (G1 Evacuation Pause) 237M->21M(368M) 1,550ms
[1390,842s][info][gc] GC(5748) Pause Young (G1 Evacuation Pause) 236M->22M(368M) 1,397ms
[1391,103s][info][gc] GC(5749) Pause Young (G1 Evacuation Pause) 237M->22M(368M) 4,046ms
[1391,368s][info][gc] GC(5750) Pause Young (G1 Evacuation Pause) 237M->22M(368M) 1,769ms
[1391,622s][info][gc] GC(5751) Pause Young (G1 Evacuation Pause) 237M->22M(368M) 1,898ms
[1391,881s][info][gc] GC(5752) Pause Young (G1 Evacuation Pause) 236M->22M(368M) 3,557ms
[1392,147s][info][gc] GC(5753) Pause Young (G1 Evacuation Pause) 237M->22M(368M) 1,671ms
[1392,389s][info][gc] GC(5754) Pause Young (G1 Evacuation Pause) 237M->22M(368M) 2,232ms
[1392,631s][info][gc] GC(5755) Pause Young (G1 Evacuation Pause) 237M->22M(368M) 1,143ms
[1392,864s][info][gc] GC(5756) Pause Young (G1 Evacuation Pause) 237M->22M(368M) 1,203ms
[1393,131s][info][gc] GC(5757) Pause Young (G1 Evacuation Pause) 236M->21M(368M) 1,189ms
[1393,363s][info][gc] GC(5758) Pause Young (G1 Evacuation Pause) 236M->21M(368M) 1,057ms
[1393,595s][info][gc] GC(5759) Pause Young (G1 Evacuation Pause) 236M->22M(368M) 1,202ms
[1393,828s][info][gc] GC(5760) Pause Young (G1 Evacuation Pause) 237M->22M(368M) 1,848ms
[1394,061s][info][gc] GC(5761) Pause Young (G1 Evacuation Pause) 237M->22M(368M) 1,872ms
[1394,293s][info][gc] GC(5762) Pause Young (G1 Evacuation Pause) 236M->22M(368M) 1,182ms
[1394,544s][info][gc] GC(5763) Pause Young (G1 Evacuation Pause) 237M->22M(368M) 1,173ms
[1394,778s][info][gc] GC(5764) Pause Young (G1 Evacuation Pause) 237M->21M(368M) 3,246ms
[1395,031s][info][gc] GC(5765) Pause Young (G1 Evacuation Pause) 236M->22M(368M) 1,866ms
[1395,264s][info][gc] GC(5766) Pause Young (G1 Evacuation Pause) 237M->22M(368M) 1,237ms
[1395,517s][info][gc] GC(5767) Pause Young (G1 Evacuation Pause) 237M->22M(368M) 1,772ms
[1395,771s][info][gc] GC(5768) Pause Young (G1 Evacuation Pause) 236M->22M(368M) 1,723ms
[1396,004s][info][gc] GC(5769) Pause Young (G1 Evacuation Pause) 237M->22M(368M) 1,264ms
[1396,236s][info][gc] GC(5770) Pause Young (G1 Evacuation Pause) 237M->22M(368M) 1,216ms
[1396,468s][info][gc] GC(5771) Pause Young (G1 Evacuation Pause) 237M->22M(368M) 1,204ms
[1396,700s][info][gc] GC(5772) Pause Young (G1 Evacuation Pause) 237M->23M(368M) 1,143ms
[1396,950s][info][gc] GC(5773) Pause Young (G1 Evacuation Pause) 237M->21M(368M) 3,212ms
[1397,203s][info][gc] GC(5774) Pause Young (G1 Evacuation Pause) 236M->22M(368M) 1,685ms
[1397,460s][info][gc] GC(5775) Pause Young (G1 Evacuation Pause) 237M->22M(368M) 1,669ms
[1397,718s][info][gc] GC(5776) Pause Young (G1 Evacuation Pause) 237M->22M(368M) 1,748ms
[1397,972s][info][gc] GC(5777) Pause Young (G1 Evacuation Pause) 237M->22M(368M) 1,915ms
[1398,216s][info][gc] GC(5778) Pause Young (G1 Evacuation Pause) 237M->23M(368M) 2,210ms
[1398,448s][info][gc] GC(5779) Pause Young (G1 Evacuation Pause) 237M->22M(368M) 1,241ms
[1398,680s][info][gc] GC(5780) Pause Young (G1 Evacuation Pause) 237M->22M(368M) 1,204ms
[1398,912s][info][gc] GC(5781) Pause Young (G1 Evacuation Pause) 237M->22M(368M) 1,300ms
[1399,144s][info][gc] GC(5782) Pause Young (G1 Evacuation Pause) 237M->22M(368M) 1,302ms
[1399,385s][info][gc] GC(5783) Pause Young (G1 Evacuation Pause) 237M->23M(368M) 4,284ms
[1399,622s][info][gc] GC(5784) Pause Young (G1 Evacuation Pause) 237M->22M(368M) 1,374ms
[1399,855s][info][gc] GC(5785) Pause Young (G1 Evacuation Pause) 237M->22M(368M) 1,354ms
[1400,088s][info][gc] GC(5786) Pause Young (G1 Evacuation Pause) 237M->22M(368M) 1,563ms
[1400,328s][info][gc] GC(5787) Pause Young (G1 Evacuation Pause) 237M->22M(368M) 1,408ms
[1400,582s][info][gc] GC(5788) Pause Young (G1 Evacuation Pause) 237M->23M(368M) 1,285ms
[1400,814s][info][gc] GC(5789) Pause Young (G1 Evacuation Pause) 237M->22M(368M) 1,132ms
[1401,047s][info][gc] GC(5790) Pause Young (G1 Evacuation Pause) 237M->22M(368M) 1,355ms
[1401,280s][info][gc] GC(5791) Pause Young (G1 Evacuation Pause) 237M->22M(368M) 1,525ms
[1401,531s][info][gc] GC(5792) Pause Young (G1 Evacuation Pause) 237M->22M(368M) 1,898ms
[1401,764s][info][gc] GC(5793) Pause Young (G1 Evacuation Pause) 237M->22M(368M) 1,263ms
[1401,996s][info][gc] GC(5794) Pause Young (G1 Evacuation Pause) 236M->22M(368M) 1,157ms
[1402,254s][info][gc] GC(5795) Pause Young (G1 Evacuation Pause) 237M->22M(368M) 1,818ms
[1402,508s][info][gc] GC(5796) Pause Young (G1 Evacuation Pause) 237M->22M(368M) 1,765ms
[1402,741s][info][gc] GC(5797) Pause Young (G1 Evacuation Pause) 237M->22M(368M) 1,126ms
[1402,973s][info][gc] GC(5798) Pause Young (G1 Evacuation Pause) 237M->22M(368M) 1,285ms
[1403,205s][info][gc] GC(5799) Pause Young (G1 Evacuation Pause) 236M->22M(368M) 1,184ms
[1403,448s][info][gc] GC(5800) Pause Young (G1 Evacuation Pause) 237M->22M(368M) 1,322ms
[1403,692s][info][gc] GC(5801) Pause Young (G1 Evacuation Pause) 237M->22M(368M) 1,892ms
[1403,945s][info][gc] GC(5802) Pause Young (G1 Evacuation Pause) 237M->22M(368M) 1,859ms
[1404,201s][info][gc] GC(5803) Pause Young (G1 Evacuation Pause) 237M->22M(368M) 3,414ms
[1404,447s][info][gc] GC(5804) Pause Young (G1 Evacuation Pause) 236M->22M(368M) 1,303ms
[1404,686s][info][gc] GC(5805) Pause Young (G1 Evacuation Pause) 237M->22M(368M) 1,040ms
[1404,929s][info][gc] GC(5806) Pause Young (G1 Evacuation Pause) 237M->22M(368M) 1,756ms
[1405,168s][info][gc] GC(5807) Pause Young (G1 Evacuation Pause) 237M->22M(368M) 1,298ms
[1405,422s][info][gc] GC(5808) Pause Young (G1 Evacuation Pause) 237M->22M(368M) 2,442ms
[1405,670s][info][gc] GC(5809) Pause Young (G1 Evacuation Pause) 237M->22M(368M) 3,666ms
[1405,917s][info][gc] GC(5810) Pause Young (G1 Evacuation Pause) 236M->22M(368M) 2,982ms
[1406,168s][info][gc] GC(5811) Pause Young (G1 Evacuation Pause) 237M->22M(368M) 1,228ms
[1406,412s][info][gc] GC(5812) Pause Young (G1 Evacuation Pause) 237M->22M(368M) 2,299ms
[1406,679s][info][gc] GC(5813) Pause Young (G1 Evacuation Pause) 237M->22M(368M) 2,550ms
[1406,933s][info][gc] GC(5814) Pause Young (G1 Evacuation Pause) 237M->22M(368M) 1,880ms
[1407,187s][info][gc] GC(5815) Pause Young (G1 Evacuation Pause) 236M->22M(368M) 1,787ms
[1407,444s][info][gc] GC(5816) Pause Young (G1 Evacuation Pause) 237M->22M(368M) 1,743ms
[1407,696s][info][gc] GC(5817) Pause Young (G1 Evacuation Pause) 237M->22M(368M) 1,307ms
[1407,943s][info][gc] GC(5818) Pause Young (G1 Evacuation Pause) 237M->22M(368M) 2,400ms
[1408,181s][info][gc] GC(5819) Pause Young (G1 Evacuation Pause) 237M->22M(368M) 1,297ms
[1408,414s][info][gc] GC(5820) Pause Young (G1 Evacuation Pause) 236M->22M(368M) 1,978ms
[1408,646s][info][gc] GC(5821) Pause Young (G1 Evacuation Pause) 237M->22M(368M) 1,157ms
[1408,886s][info][gc] GC(5822) Pause Young (G1 Evacuation Pause) 237M->22M(368M) 3,525ms
[1409,126s][info][gc] GC(5823) Pause Young (G1 Evacuation Pause) 237M->22M(368M) 1,266ms
[1409,358s][info][gc] GC(5824) Pause Young (G1 Evacuation Pause) 237M->22M(368M) 1,185ms
[1409,590s][info][gc] GC(5825) Pause Young (G1 Evacuation Pause) 236M->22M(368M) 1,354ms
[1409,824s][info][gc] GC(5826) Pause Young (G1 Evacuation Pause) 237M->22M(368M) 1,489ms
[1410,092s][info][gc] GC(5827) Pause Young (G1 Evacuation Pause) 237M->22M(368M) 2,263ms
[1410,358s][info][gc] GC(5828) Pause Young (G1 Evacuation Pause) 237M->22M(368M) 3,928ms
[1410,612s][info][gc] GC(5829) Pause Young (G1 Evacuation Pause) 237M->22M(368M) 1,896ms
[1410,847s][info][gc] GC(5830) Pause Young (G1 Evacuation Pause) 237M->23M(368M) 1,293ms
[1411,103s][info][gc] GC(5831) Pause Young (G1 Evacuation Pause) 237M->22M(368M) 1,904ms
[1411,360s][info][gc] GC(5832) Pause Young (G1 Evacuation Pause) 237M->22M(368M) 1,603ms
[1411,617s][info][gc] GC(5833) Pause Young (G1 Evacuation Pause) 237M->22M(368M) 1,647ms
[1411,852s][info][gc] GC(5834) Pause Young (G1 Evacuation Pause) 237M->22M(368M) 1,221ms
[1412,084s][info][gc] GC(5835) Pause Young (G1 Evacuation Pause) 236M->21M(368M) 1,035ms
[1412,316s][info][gc] GC(5836) Pause Young (G1 Evacuation Pause) 236M->22M(368M) 1,169ms
[1412,567s][info][gc] GC(5837) Pause Young (G1 Evacuation Pause) 237M->22M(368M) 1,185ms
[1412,799s][info][gc] GC(5838) Pause Young (G1 Evacuation Pause) 237M->22M(368M) 1,206ms
[1413,054s][info][gc] GC(5839) Pause Young (G1 Evacuation Pause) 237M->22M(368M) 1,688ms
[1413,290s][info][gc] GC(5840) Pause Young (G1 Evacuation Pause) 237M->22M(368M) 1,337ms
[1413,522s][info][gc] GC(5841) Pause Young (G1 Evacuation Pause) 236M->22M(368M) 1,256ms
[1413,754s][info][gc] GC(5842) Pause Young (G1 Evacuation Pause) 237M->22M(368M) 1,264ms
[1414,009s][info][gc] GC(5843) Pause Young (G1 Evacuation Pause) 237M->21M(368M) 3,385ms
[1414,262s][info][gc] GC(5844) Pause Young (G1 Evacuation Pause) 236M->22M(368M) 1,802ms
[1414,519s][info][gc] GC(5845) Pause Young (G1 Evacuation Pause) 237M->22M(368M) 1,771ms
[1414,758s][info][gc] GC(5846) Pause Young (G1 Evacuation Pause) 236M->22M(368M) 1,282ms
[1415,001s][info][gc] GC(5847) Pause Young (G1 Evacuation Pause) 237M->21M(368M) 2,238ms
[1415,234s][info][gc] GC(5848) Pause Young (G1 Evacuation Pause) 236M->22M(368M) 1,364ms
[1415,467s][info][gc] GC(5849) Pause Young (G1 Evacuation Pause) 237M->22M(368M) 1,363ms
[1415,700s][info][gc] GC(5850) Pause Young (G1 Evacuation Pause) 237M->22M(368M) 1,277ms
[1415,934s][info][gc] GC(5851) Pause Young (G1 Evacuation Pause) 237M->23M(368M) 1,437ms
[1416,166s][info][gc] GC(5852) Pause Young (G1 Evacuation Pause) 237M->22M(368M) 1,220ms
[1416,410s][info][gc] GC(5853) Pause Young (G1 Evacuation Pause) 237M->22M(368M) 2,320ms
[1416,644s][info][gc] GC(5854) Pause Young (G1 Evacuation Pause) 237M->22M(368M) 1,092ms
[1416,885s][info][gc] GC(5855) Pause Young (G1 Evacuation Pause) 237M->22M(368M) 3,911ms
[1417,125s][info][gc] GC(5856) Pause Young (G1 Evacuation Pause) 237M->22M(368M) 1,602ms
[1417,358s][info][gc] GC(5857) Pause Young (G1 Evacuation Pause) 236M->22M(368M) 1,317ms
[1417,622s][info][gc] GC(5858) Pause Young (G1 Evacuation Pause) 237M->22M(368M) 2,368ms
[1417,855s][info][gc] GC(5859) Pause Young (G1 Evacuation Pause) 237M->22M(368M) 1,079ms
[1418,087s][info][gc] GC(5860) Pause Young (G1 Evacuation Pause) 237M->22M(368M) 1,190ms
[1418,319s][info][gc] GC(5861) Pause Young (G1 Evacuation Pause) 237M->22M(368M) 1,314ms
[1418,577s][info][gc] GC(5862) Pause Young (G1 Evacuation Pause) 236M->22M(368M) 1,715ms
[1418,831s][info][gc] GC(5863) Pause Young (G1 Evacuation Pause) 237M->22M(368M) 1,832ms
[1419,096s][info][gc] GC(5864) Pause Young (G1 Evacuation Pause) 237M->22M(368M) 3,460ms
[1419,329s][info][gc] GC(5865) Pause Young (G1 Evacuation Pause) 237M->22M(368M) 1,506ms
[1419,562s][info][gc] GC(5866) Pause Young (G1 Evacuation Pause) 237M->22M(368M) 1,577ms
[1419,794s][info][gc] GC(5867) Pause Young (G1 Evacuation Pause) 236M->22M(368M) 1,434ms
[1420,050s][info][gc] GC(5868) Pause Young (G1 Evacuation Pause) 237M->22M(368M) 1,899ms
[1420,291s][info][gc] GC(5869) Pause Young (G1 Evacuation Pause) 237M->22M(368M) 1,679ms
[1420,546s][info][gc] GC(5870) Pause Young (G1 Evacuation Pause) 237M->22M(368M) 3,551ms
[1420,778s][info][gc] GC(5871) Pause Young (G1 Evacuation Pause) 237M->22M(368M) 1,138ms
[1421,010s][info][gc] GC(5872) Pause Young (G1 Evacuation Pause) 237M->23M(368M) 1,175ms
[1421,242s][info][gc] GC(5873) Pause Young (G1 Evacuation Pause) 237M->22M(368M) 1,207ms
[1421,491s][info][gc] GC(5874) Pause Young (G1 Evacuation Pause) 237M->22M(368M) 1,240ms
[1421,723s][info][gc] GC(5875) Pause Young (G1 Evacuation Pause) 237M->22M(368M) 1,161ms
[1421,971s][info][gc] GC(5876) Pause Young (G1 Evacuation Pause) 237M->22M(368M) 1,899ms
[1422,211s][info][gc] GC(5877) Pause Young (G1 Evacuation Pause) 236M->22M(368M) 1,283ms
[1422,461s][info][gc] GC(5878) Pause Young (G1 Evacuation Pause) 237M->22M(368M) 2,365ms
[1422,720s][info][gc] GC(5879) Pause Young (G1 Evacuation Pause) 237M->22M(368M) 1,705ms
[1422,979s][info][gc] GC(5880) Pause Young (G1 Evacuation Pause) 237M->22M(368M) 2,296ms
[1423,221s][info][gc] GC(5881) Pause Young (G1 Evacuation Pause) 237M->22M(368M) 1,272ms
[1423,453s][info][gc] GC(5882) Pause Young (G1 Evacuation Pause) 237M->22M(368M) 1,333ms
[1423,685s][info][gc] GC(5883) Pause Young (G1 Evacuation Pause) 236M->22M(368M) 1,225ms
[1423,917s][info][gc] GC(5884) Pause Young (G1 Evacuation Pause) 237M->22M(368M) 1,209ms
[1424,167s][info][gc] GC(5885) Pause Young (G1 Evacuation Pause) 237M->22M(368M) 1,635ms
[1424,421s][info][gc] GC(5886) Pause Young (G1 Evacuation Pause) 237M->22M(368M) 1,790ms
[1424,661s][info][gc] GC(5887) Pause Young (G1 Evacuation Pause) 237M->22M(368M) 1,211ms
[1424,904s][info][gc] GC(5888) Pause Young (G1 Evacuation Pause) 236M->22M(368M) 2,387ms
[1425,158s][info][gc] GC(5889) Pause Young (G1 Evacuation Pause) 237M->22M(368M) 1,596ms
[1425,413s][info][gc] GC(5890) Pause Young (G1 Evacuation Pause) 237M->22M(368M) 3,180ms
[1425,668s][info][gc] GC(5891) Pause Young (G1 Evacuation Pause) 237M->22M(368M) 3,092ms
[1425,925s][info][gc] GC(5892) Pause Young (G1 Evacuation Pause) 237M->22M(368M) 1,818ms
[1426,179s][info][gc] GC(5893) Pause Young (G1 Evacuation Pause) 236M->21M(368M) 1,762ms
[1426,433s][info][gc] GC(5894) Pause Young (G1 Evacuation Pause) 236M->22M(368M) 1,828ms
[1426,690s][info][gc] GC(5895) Pause Young (G1 Evacuation Pause) 237M->22M(368M) 2,685ms
[1426,935s][info][gc] GC(5896) Pause Young (G1 Evacuation Pause) 237M->22M(368M) 2,500ms
[1427,189s][info][gc] GC(5897) Pause Young (G1 Evacuation Pause) 237M->22M(368M) 1,923ms
[1427,443s][info][gc] GC(5898) Pause Young (G1 Evacuation Pause) 237M->22M(368M) 1,773ms
[1427,676s][info][gc] GC(5899) Pause Young (G1 Evacuation Pause) 236M->22M(368M) 1,259ms
[1427,921s][info][gc] GC(5900) Pause Young (G1 Evacuation Pause) 237M->22M(368M) 2,367ms
[1428,168s][info][gc] GC(5901) Pause Young (G1 Evacuation Pause) 237M->22M(368M) 1,076ms
[1428,400s][info][gc] GC(5902) Pause Young (G1 Evacuation Pause) 237M->22M(368M) 1,404ms
[1428,634s][info][gc] GC(5903) Pause Young (G1 Evacuation Pause) 237M->22M(368M) 1,274ms
[1428,870s][info][gc] GC(5904) Pause Young (G1 Evacuation Pause) 236M->22M(368M) 3,770ms
[1429,115s][info][gc] GC(5905) Pause Young (G1 Evacuation Pause) 237M->22M(368M) 1,346ms
[1429,347s][info][gc] GC(5906) Pause Young (G1 Evacuation Pause) 237M->22M(368M) 1,121ms
[1429,589s][info][gc] GC(5907) Pause Young (G1 Evacuation Pause) 237M->22M(368M) 2,657ms
[1429,822s][info][gc] GC(5908) Pause Young (G1 Evacuation Pause) 237M->22M(368M) 1,466ms
[1430,079s][info][gc] GC(5909) Pause Young (G1 Evacuation Pause) 236M->22M(368M) 1,723ms
[1430,333s][info][gc] GC(5910) Pause Young (G1 Evacuation Pause) 237M->22M(368M) 1,659ms
[1430,587s][info][gc] GC(5911) Pause Young (G1 Evacuation Pause) 237M->22M(368M) 1,641ms
[1430,841s][info][gc] GC(5912) Pause Young (G1 Evacuation Pause) 237M->22M(368M) 1,723ms
[1431,109s][info][gc] GC(5913) Pause Young (G1 Evacuation Pause) 237M->22M(368M) 1,749ms
[1431,363s][info][gc] GC(5914) Pause Young (G1 Evacuation Pause) 237M->23M(368M) 1,799ms
[1431,620s][info][gc] GC(5915) Pause Young (G1 Evacuation Pause) 237M->22M(368M) 1,971ms
[1431,853s][info][gc] GC(5916) Pause Young (G1 Evacuation Pause) 237M->22M(368M) 1,086ms
[1432,113s][info][gc] GC(5917) Pause Young (G1 Evacuation Pause) 237M->22M(368M) 1,803ms
[1432,371s][info][gc] GC(5918) Pause Young (G1 Evacuation Pause) 237M->22M(368M) 3,870ms
[1432,616s][info][gc] GC(5919) Pause Young (G1 Evacuation Pause) 237M->23M(368M) 1,145ms
[1432,848s][info][gc] GC(5920) Pause Young (G1 Evacuation Pause) 237M->22M(368M) 1,022ms
[1433,109s][info][gc] GC(5921) Pause Young (G1 Evacuation Pause) 237M->22M(368M) 2,501ms
[1433,341s][info][gc] GC(5922) Pause Young (G1 Evacuation Pause) 237M->22M(368M) 1,102ms
[1433,594s][info][gc] GC(5923) Pause Young (G1 Evacuation Pause) 237M->22M(368M) 1,289ms
[1433,828s][info][gc] GC(5924) Pause Young (G1 Evacuation Pause) 237M->22M(368M) 1,475ms
[1434,089s][info][gc] GC(5925) Pause Young (G1 Evacuation Pause) 236M->22M(368M) 1,576ms
[1434,343s][info][gc] GC(5926) Pause Young (G1 Evacuation Pause) 237M->22M(368M) 1,874ms
[1434,603s][info][gc] GC(5927) Pause Young (G1 Evacuation Pause) 237M->22M(368M) 1,974ms
[1434,872s][info][gc] GC(5928) Pause Young (G1 Evacuation Pause) 237M->22M(368M) 3,362ms
[1435,113s][info][gc] GC(5929) Pause Young (G1 Evacuation Pause) 237M->22M(368M) 2,071ms
[1435,370s][info][gc] GC(5930) Pause Young (G1 Evacuation Pause) 237M->23M(368M) 4,181ms
[1435,624s][info][gc] GC(5931) Pause Young (G1 Evacuation Pause) 237M->22M(368M) 1,639ms
[1435,857s][info][gc] GC(5932) Pause Young (G1 Evacuation Pause) 237M->22M(368M) 1,228ms
[1436,089s][info][gc] GC(5933) Pause Young (G1 Evacuation Pause) 237M->22M(368M) 1,351ms
[1436,321s][info][gc] GC(5934) Pause Young (G1 Evacuation Pause) 237M->22M(368M) 1,363ms
[1436,578s][info][gc] GC(5935) Pause Young (G1 Evacuation Pause) 237M->23M(368M) 1,307ms
[1436,810s][info][gc] GC(5936) Pause Young (G1 Evacuation Pause) 237M->22M(368M) 1,185ms
[1437,064s][info][gc] GC(5937) Pause Young (G1 Evacuation Pause) 237M->22M(368M) 1,679ms
[1437,297s][info][gc] GC(5938) Pause Young (G1 Evacuation Pause) 237M->22M(368M) 1,101ms
[1437,552s][info][gc] GC(5939) Pause Young (G1 Evacuation Pause) 237M->22M(368M) 5,240ms
[1437,801s][info][gc] GC(5940) Pause Young (G1 Evacuation Pause) 236M->21M(368M) 1,693ms
[1438,051s][info][gc] GC(5941) Pause Young (G1 Evacuation Pause) 236M->22M(368M) 1,640ms
[1438,286s][info][gc] GC(5942) Pause Young (G1 Evacuation Pause) 237M->22M(368M) 1,237ms
[1438,542s][info][gc] GC(5943) Pause Young (G1 Evacuation Pause) 237M->22M(368M) 2,834ms
[1438,780s][info][gc] GC(5944) Pause Young (G1 Evacuation Pause) 237M->22M(368M) 1,162ms
[1439,012s][info][gc] GC(5945) Pause Young (G1 Evacuation Pause) 237M->22M(368M) 1,301ms
[1439,244s][info][gc] GC(5946) Pause Young (G1 Evacuation Pause) 236M->22M(368M) 1,123ms
[1439,496s][info][gc] GC(5947) Pause Young (G1 Evacuation Pause) 237M->22M(368M) 1,669ms
[1439,750s][info][gc] GC(5948) Pause Young (G1 Evacuation Pause) 237M->22M(368M) 1,788ms
[1440,008s][info][gc] GC(5949) Pause Young (G1 Evacuation Pause) 237M->22M(368M) 1,814ms
[1440,262s][info][gc] GC(5950) Pause Young (G1 Evacuation Pause) 237M->22M(368M) 1,938ms
[1440,516s][info][gc] GC(5951) Pause Young (G1 Evacuation Pause) 236M->22M(368M) 1,791ms
[1440,759s][info][gc] GC(5952) Pause Young (G1 Evacuation Pause) 237M->22M(368M) 1,133ms
[1441,022s][info][gc] GC(5953) Pause Young (G1 Evacuation Pause) 237M->22M(368M) 1,713ms
[1441,275s][info][gc] GC(5954) Pause Young (G1 Evacuation Pause) 237M->22M(368M) 1,303ms
[1441,507s][info][gc] GC(5955) Pause Young (G1 Evacuation Pause) 237M->22M(368M) 1,121ms
[1441,739s][info][gc] GC(5956) Pause Young (G1 Evacuation Pause) 237M->23M(368M) 1,173ms
[1441,972s][info][gc] GC(5957) Pause Young (G1 Evacuation Pause) 237M->22M(368M) 1,794ms
[1442,204s][info][gc] GC(5958) Pause Young (G1 Evacuation Pause) 237M->22M(368M) 1,170ms
[1442,455s][info][gc] GC(5959) Pause Young (G1 Evacuation Pause) 237M->22M(368M) 1,850ms
[1442,709s][info][gc] GC(5960) Pause Young (G1 Evacuation Pause) 236M->21M(368M) 1,823ms
[1442,959s][info][gc] GC(5961) Pause Young (G1 Evacuation Pause) 237M->22M(368M) 1,864ms
[1443,204s][info][gc] GC(5962) Pause Young (G1 Evacuation Pause) 236M->22M(368M) 1,269ms
[1443,437s][info][gc] GC(5963) Pause Young (G1 Evacuation Pause) 237M->22M(368M) 1,518ms
[1443,670s][info][gc] GC(5964) Pause Young (G1 Evacuation Pause) 237M->22M(368M) 1,463ms
[1443,933s][info][gc] GC(5965) Pause Young (G1 Evacuation Pause) 237M->22M(368M) 2,325ms
[1444,193s][info][gc] GC(5966) Pause Young (G1 Evacuation Pause) 237M->22M(368M) 2,040ms
[1444,446s][info][gc] GC(5967) Pause Young (G1 Evacuation Pause) 236M->22M(368M) 1,628ms
[1444,684s][info][gc] GC(5968) Pause Young (G1 Evacuation Pause) 237M->22M(368M) 1,321ms
[1444,916s][info][gc] GC(5969) Pause Young (G1 Evacuation Pause) 237M->22M(368M) 1,085ms
[1445,150s][info][gc] GC(5970) Pause Young (G1 Evacuation Pause) 237M->22M(368M) 2,809ms
[1445,390s][info][gc] GC(5971) Pause Young (G1 Evacuation Pause) 236M->21M(368M) 3,631ms
[1445,658s][info][gc] GC(5972) Pause Young (G1 Evacuation Pause) 236M->21M(368M) 2,403ms
[1445,923s][info][gc] GC(5973) Pause Young (G1 Evacuation Pause) 236M->22M(368M) 1,680ms
[1446,156s][info][gc] GC(5974) Pause Young (G1 Evacuation Pause) 237M->22M(368M) 1,062ms
[1446,410s][info][gc] GC(5975) Pause Young (G1 Evacuation Pause) 237M->22M(368M) 2,345ms
[1446,663s][info][gc] GC(5976) Pause Young (G1 Evacuation Pause) 237M->22M(368M) 1,481ms
[1446,900s][info][gc] GC(5977) Pause Young (G1 Evacuation Pause) 236M->22M(368M) 1,436ms
[1447,133s][info][gc] GC(5978) Pause Young (G1 Evacuation Pause) 237M->22M(368M) 1,488ms
[1447,370s][info][gc] GC(5979) Pause Young (G1 Evacuation Pause) 237M->22M(368M) 3,956ms
[1447,633s][info][gc] GC(5980) Pause Young (G1 Evacuation Pause) 237M->22M(368M) 1,807ms
[1447,897s][info][gc] GC(5981) Pause Young (G1 Evacuation Pause) 237M->22M(368M) 9,043ms
[1448,154s][info][gc] GC(5982) Pause Young (G1 Evacuation Pause) 236M->22M(368M) 1,349ms
[1448,398s][info][gc] GC(5983) Pause Young (G1 Evacuation Pause) 237M->22M(368M) 2,296ms
[1448,632s][info][gc] GC(5984) Pause Young (G1 Evacuation Pause) 237M->22M(368M) 1,094ms
[1448,869s][info][gc] GC(5985) Pause Young (G1 Evacuation Pause) 237M->22M(368M) 3,913ms
[1449,125s][info][gc] GC(5986) Pause Young (G1 Evacuation Pause) 237M->22M(368M) 1,759ms
[1449,382s][info][gc] GC(5987) Pause Young (G1 Evacuation Pause) 237M->23M(368M) 3,153ms
[1449,644s][info][gc] GC(5988) Pause Young (G1 Evacuation Pause) 237M->22M(368M) 2,320ms
[1449,902s][info][gc] GC(5989) Pause Young (G1 Evacuation Pause) 237M->22M(368M) 2,128ms
[1450,155s][info][gc] GC(5990) Pause Young (G1 Evacuation Pause) 237M->22M(368M) 1,800ms
[1450,405s][info][gc] GC(5991) Pause Young (G1 Evacuation Pause) 237M->22M(368M) 1,265ms
[1450,664s][info][gc] GC(5992) Pause Young (G1 Evacuation Pause) 237M->22M(368M) 1,697ms
[1450,918s][info][gc] GC(5993) Pause Young (G1 Evacuation Pause) 236M->22M(368M) 1,758ms
[1451,155s][info][gc] GC(5994) Pause Young (G1 Evacuation Pause) 237M->22M(368M) 1,069ms
[1451,398s][info][gc] GC(5995) Pause Young (G1 Evacuation Pause) 237M->22M(368M) 2,565ms
[1451,633s][info][gc] GC(5996) Pause Young (G1 Evacuation Pause) 237M->22M(368M) 1,413ms
[1451,866s][info][gc] GC(5997) Pause Young (G1 Evacuation Pause) 237M->22M(368M) 1,565ms
[1452,099s][info][gc] GC(5998) Pause Young (G1 Evacuation Pause) 237M->23M(368M) 1,668ms
[1452,331s][info][gc] GC(5999) Pause Young (G1 Evacuation Pause) 237M->22M(368M) 1,143ms
[1452,590s][info][gc] GC(6000) Pause Young (G1 Evacuation Pause) 237M->22M(368M) 1,196ms
[1452,822s][info][gc] GC(6001) Pause Young (G1 Evacuation Pause) 237M->22M(368M) 1,261ms
[1453,082s][info][gc] GC(6002) Pause Young (G1 Evacuation Pause) 237M->22M(368M) 1,752ms
[1453,316s][info][gc] GC(6003) Pause Young (G1 Evacuation Pause) 237M->23M(368M) 1,299ms
[1453,549s][info][gc] GC(6004) Pause Young (G1 Evacuation Pause) 237M->22M(368M) 1,798ms
[1453,781s][info][gc] GC(6005) Pause Young (G1 Evacuation Pause) 237M->22M(368M) 1,202ms
[1454,013s][info][gc] GC(6006) Pause Young (G1 Evacuation Pause) 237M->22M(368M) 1,377ms
[1454,247s][info][gc] GC(6007) Pause Young (G1 Evacuation Pause) 237M->22M(368M) 1,444ms
[1454,505s][info][gc] GC(6008) Pause Young (G1 Evacuation Pause) 236M->22M(368M) 1,779ms
[1454,769s][info][gc] GC(6009) Pause Young (G1 Evacuation Pause) 237M->22M(368M) 2,317ms
[1455,033s][info][gc] GC(6010) Pause Young (G1 Evacuation Pause) 237M->22M(368M) 2,351ms
[1455,266s][info][gc] GC(6011) Pause Young (G1 Evacuation Pause) 237M->22M(368M) 1,222ms
[1455,498s][info][gc] GC(6012) Pause Young (G1 Evacuation Pause) 237M->22M(368M) 1,189ms
[1455,730s][info][gc] GC(6013) Pause Young (G1 Evacuation Pause) 237M->22M(368M) 1,222ms
[1455,979s][info][gc] GC(6014) Pause Young (G1 Evacuation Pause) 236M->22M(368M) 1,665ms
[1456,233s][info][gc] GC(6015) Pause Young (G1 Evacuation Pause) 237M->22M(368M) 2,076ms
[1456,494s][info][gc] GC(6016) Pause Young (G1 Evacuation Pause) 237M->22M(368M) 1,912ms
[1456,730s][info][gc] GC(6017) Pause Young (G1 Evacuation Pause) 237M->22M(368M) 1,191ms
[1456,979s][info][gc] GC(6018) Pause Young (G1 Evacuation Pause) 237M->22M(368M) 1,909ms
[1457,233s][info][gc] GC(6019) Pause Young (G1 Evacuation Pause) 236M->22M(368M) 1,667ms
[1457,492s][info][gc] GC(6020) Pause Young (G1 Evacuation Pause) 237M->22M(368M) 1,722ms
[1457,746s][info][gc] GC(6021) Pause Young (G1 Evacuation Pause) 237M->22M(368M) 1,670ms
[1457,996s][info][gc] GC(6022) Pause Young (G1 Evacuation Pause) 237M->22M(368M) 1,232ms
[1458,248s][info][gc] GC(6023) Pause Young (G1 Evacuation Pause) 237M->22M(368M) 2,451ms
[1458,504s][info][gc] GC(6024) Pause Young (G1 Evacuation Pause) 236M->22M(368M) 1,697ms
[1458,752s][info][gc] GC(6025) Pause Young (G1 Evacuation Pause) 237M->22M(368M) 1,114ms
[1459,022s][info][gc] GC(6026) Pause Young (G1 Evacuation Pause) 237M->22M(368M) 1,886ms
[1459,276s][info][gc] GC(6027) Pause Young (G1 Evacuation Pause) 237M->22M(368M) 1,866ms
[1459,534s][info][gc] GC(6028) Pause Young (G1 Evacuation Pause) 237M->22M(368M) 1,914ms
[1459,782s][info][gc] GC(6029) Pause Young (G1 Evacuation Pause) 237M->22M(368M) 2,803ms
[1460,038s][info][gc] GC(6030) Pause Young (G1 Evacuation Pause) 236M->21M(368M) 2,807ms
[1460,292s][info][gc] GC(6031) Pause Young (G1 Evacuation Pause) 236M->22M(368M) 1,901ms
[1460,535s][info][gc] GC(6032) Pause Young (G1 Evacuation Pause) 237M->22M(368M) 3,290ms
[1460,767s][info][gc] GC(6033) Pause Young (G1 Evacuation Pause) 237M->22M(368M) 1,253ms
[1461,020s][info][gc] GC(6034) Pause Young (G1 Evacuation Pause) 237M->22M(368M) 1,949ms
[1461,274s][info][gc] GC(6035) Pause Young (G1 Evacuation Pause) 236M->22M(368M) 1,795ms
[1461,536s][info][gc] GC(6036) Pause Young (G1 Evacuation Pause) 237M->22M(368M) 1,825ms
[1461,790s][info][gc] GC(6037) Pause Young (G1 Evacuation Pause) 237M->22M(368M) 1,703ms
[1462,048s][info][gc] GC(6038) Pause Young (G1 Evacuation Pause) 237M->22M(368M) 1,753ms
[1462,302s][info][gc] GC(6039) Pause Young (G1 Evacuation Pause) 236M->21M(368M) 1,653ms
[1462,566s][info][gc] GC(6040) Pause Young (G1 Evacuation Pause) 236M->22M(368M) 2,354ms
[1462,833s][info][gc] GC(6041) Pause Young (G1 Evacuation Pause) 237M->22M(368M) 1,854ms
[1463,102s][info][gc] GC(6042) Pause Young (G1 Evacuation Pause) 237M->22M(368M) 5,571ms
[1463,358s][info][gc] GC(6043) Pause Young (G1 Evacuation Pause) 237M->22M(368M) 1,683ms
[1463,637s][info][gc] GC(6044) Pause Young (G1 Evacuation Pause) 237M->22M(368M) 1,871ms
[1463,896s][info][gc] GC(6045) Pause Young (G1 Evacuation Pause) 237M->23M(368M) 2,615ms
[1464,150s][info][gc] GC(6046) Pause Young (G1 Evacuation Pause) 237M->21M(368M) 2,864ms
[1464,384s][info][gc] GC(6047) Pause Young (G1 Evacuation Pause) 236M->22M(368M) 1,500ms
[1464,625s][info][gc] GC(6048) Pause Young (G1 Evacuation Pause) 237M->22M(368M) 1,222ms
[1464,876s][info][gc] GC(6049) Pause Young (G1 Evacuation Pause) 237M->22M(368M) 4,034ms
[1465,130s][info][gc] GC(6050) Pause Young (G1 Evacuation Pause) 237M->23M(368M) 1,768ms
[1465,390s][info][gc] GC(6051) Pause Young (G1 Evacuation Pause) 237M->21M(368M) 3,946ms
[1465,646s][info][gc] GC(6052) Pause Young (G1 Evacuation Pause) 236M->22M(368M) 3,186ms
[1465,895s][info][gc] GC(6053) Pause Young (G1 Evacuation Pause) 237M->22M(368M) 2,299ms
[1466,149s][info][gc] GC(6054) Pause Young (G1 Evacuation Pause) 237M->22M(368M) 1,663ms
[1466,409s][info][gc] GC(6055) Pause Young (G1 Evacuation Pause) 237M->22M(368M) 2,470ms
[1466,663s][info][gc] GC(6056) Pause Young (G1 Evacuation Pause) 236M->22M(368M) 1,713ms
[1466,917s][info][gc] GC(6057) Pause Young (G1 Evacuation Pause) 237M->22M(368M) 1,723ms
[1467,171s][info][gc] GC(6058) Pause Young (G1 Evacuation Pause) 237M->22M(368M) 1,854ms
[1467,430s][info][gc] GC(6059) Pause Young (G1 Evacuation Pause) 237M->22M(368M) 1,870ms
[1467,664s][info][gc] GC(6060) Pause Young (G1 Evacuation Pause) 237M->22M(368M) 1,441ms
[1467,907s][info][gc] GC(6061) Pause Young (G1 Evacuation Pause) 237M->23M(368M) 2,298ms
[1468,155s][info][gc] GC(6062) Pause Young (G1 Evacuation Pause) 237M->22M(368M) 1,065ms
[1468,399s][info][gc] GC(6063) Pause Young (G1 Evacuation Pause) 237M->22M(368M) 2,435ms
[1468,644s][info][gc] GC(6064) Pause Young (G1 Evacuation Pause) 237M->22M(368M) 1,086ms
[1468,885s][info][gc] GC(6065) Pause Young (G1 Evacuation Pause) 237M->22M(368M) 4,165ms
[1469,137s][info][gc] GC(6066) Pause Young (G1 Evacuation Pause) 237M->23M(368M) 1,657ms
[1469,370s][info][gc] GC(6067) Pause Young (G1 Evacuation Pause) 237M->22M(368M) 1,381ms
[1469,603s][info][gc] GC(6068) Pause Young (G1 Evacuation Pause) 237M->22M(368M) 1,508ms
[1469,836s][info][gc] GC(6069) Pause Young (G1 Evacuation Pause) 237M->22M(368M) 1,513ms
[1470,098s][info][gc] GC(6070) Pause Young (G1 Evacuation Pause) 237M->22M(368M) 3,251ms
[1470,351s][info][gc] GC(6071) Pause Young (G1 Evacuation Pause) 236M->22M(368M) 1,671ms
[1470,610s][info][gc] GC(6072) Pause Young (G1 Evacuation Pause) 237M->22M(368M) 1,829ms
[1470,855s][info][gc] GC(6073) Pause Young (G1 Evacuation Pause) 237M->22M(368M) 1,130ms
[1471,114s][info][gc] GC(6074) Pause Young (G1 Evacuation Pause) 237M->22M(368M) 1,771ms
[1471,361s][info][gc] GC(6075) Pause Young (G1 Evacuation Pause) 237M->22M(368M) 1,096ms
[1471,593s][info][gc] GC(6076) Pause Young (G1 Evacuation Pause) 237M->23M(368M) 1,304ms
[1471,826s][info][gc] GC(6077) Pause Young (G1 Evacuation Pause) 237M->22M(368M) 1,322ms
[1472,085s][info][gc] GC(6078) Pause Young (G1 Evacuation Pause) 237M->22M(368M) 1,672ms
[1472,339s][info][gc] GC(6079) Pause Young (G1 Evacuation Pause) 237M->22M(368M) 1,688ms
[1472,585s][info][gc] GC(6080) Pause Young (G1 Evacuation Pause) 237M->22M(368M) 1,219ms
[1472,833s][info][gc] GC(6081) Pause Young (G1 Evacuation Pause) 237M->22M(368M) 1,534ms
[1473,065s][info][gc] GC(6082) Pause Young (G1 Evacuation Pause) 236M->22M(368M) 1,378ms
[1473,298s][info][gc] GC(6083) Pause Young (G1 Evacuation Pause) 237M->22M(368M) 1,196ms
[1473,538s][info][gc] GC(6084) Pause Young (G1 Evacuation Pause) 237M->22M(368M) 1,229ms
[1473,771s][info][gc] GC(6085) Pause Young (G1 Evacuation Pause) 237M->22M(368M) 1,147ms
[1474,023s][info][gc] GC(6086) Pause Young (G1 Evacuation Pause) 237M->22M(368M) 1,769ms
[1474,277s][info][gc] GC(6087) Pause Young (G1 Evacuation Pause) 237M->23M(368M) 1,862ms
[1474,537s][info][gc] GC(6088) Pause Young (G1 Evacuation Pause) 237M->22M(368M) 1,604ms
[1474,791s][info][gc] GC(6089) Pause Young (G1 Evacuation Pause) 237M->22M(368M) 1,838ms
[1475,047s][info][gc] GC(6090) Pause Young (G1 Evacuation Pause) 237M->22M(368M) 1,773ms
[1475,301s][info][gc] GC(6091) Pause Young (G1 Evacuation Pause) 237M->22M(368M) 1,747ms
[1475,563s][info][gc] GC(6092) Pause Young (G1 Evacuation Pause) 237M->23M(368M) 1,837ms
[1475,808s][info][gc] GC(6093) Pause Young (G1 Evacuation Pause) 237M->22M(368M) 1,398ms
[1476,059s][info][gc] GC(6094) Pause Young (G1 Evacuation Pause) 237M->22M(368M) 1,472ms
[1476,292s][info][gc] GC(6095) Pause Young (G1 Evacuation Pause) 237M->22M(368M) 1,550ms
[1476,549s][info][gc] GC(6096) Pause Young (G1 Evacuation Pause) 237M->22M(368M) 3,694ms
[1476,805s][info][gc] GC(6097) Pause Young (G1 Evacuation Pause) 237M->22M(368M) 2,623ms
[1477,038s][info][gc] GC(6098) Pause Young (G1 Evacuation Pause) 236M->22M(368M) 1,352ms
[1477,271s][info][gc] GC(6099) Pause Young (G1 Evacuation Pause) 237M->22M(368M) 1,482ms
[1477,523s][info][gc] GC(6100) Pause Young (G1 Evacuation Pause) 237M->22M(368M) 1,690ms
[1477,777s][info][gc] GC(6101) Pause Young (G1 Evacuation Pause) 237M->22M(368M) 1,643ms
[1478,031s][info][gc] GC(6102) Pause Young (G1 Evacuation Pause) 237M->22M(368M) 1,825ms
[1478,269s][info][gc] GC(6103) Pause Young (G1 Evacuation Pause) 237M->23M(368M) 1,344ms
[1478,501s][info][gc] GC(6104) Pause Young (G1 Evacuation Pause) 237M->22M(368M) 1,334ms
[1478,734s][info][gc] GC(6105) Pause Young (G1 Evacuation Pause) 237M->22M(368M) 1,300ms
[1478,992s][info][gc] GC(6106) Pause Young (G1 Evacuation Pause) 237M->22M(368M) 1,780ms
[1479,246s][info][gc] GC(6107) Pause Young (G1 Evacuation Pause) 237M->22M(368M) 1,844ms
[1479,479s][info][gc] GC(6108) Pause Young (G1 Evacuation Pause) 237M->23M(368M) 1,296ms
[1479,711s][info][gc] GC(6109) Pause Young (G1 Evacuation Pause) 237M->22M(368M) 1,233ms
[1479,958s][info][gc] GC(6110) Pause Young (G1 Evacuation Pause) 237M->22M(368M) 2,224ms
[1480,205s][info][gc] GC(6111) Pause Young (G1 Evacuation Pause) 237M->22M(368M) 1,355ms
[1480,453s][info][gc] GC(6112) Pause Young (G1 Evacuation Pause) 237M->22M(368M) 1,667ms
[1480,697s][info][gc] GC(6113) Pause Young (G1 Evacuation Pause) 236M->22M(368M) 2,133ms
[1480,958s][info][gc] GC(6114) Pause Young (G1 Evacuation Pause) 237M->22M(368M) 1,670ms
[1481,212s][info][gc] GC(6115) Pause Young (G1 Evacuation Pause) 237M->22M(368M) 2,012ms
[1481,470s][info][gc] GC(6116) Pause Young (G1 Evacuation Pause) 237M->22M(368M) 4,055ms
[1481,707s][info][gc] GC(6117) Pause Young (G1 Evacuation Pause) 237M->22M(368M) 1,471ms
[1481,952s][info][gc] GC(6118) Pause Young (G1 Evacuation Pause) 237M->22M(368M) 1,699ms
[1482,198s][info][gc] GC(6119) Pause Young (G1 Evacuation Pause) 236M->22M(368M) 1,475ms
[1482,430s][info][gc] GC(6120) Pause Young (G1 Evacuation Pause) 237M->22M(368M) 1,227ms
[1482,662s][info][gc] GC(6121) Pause Young (G1 Evacuation Pause) 237M->22M(368M) 1,271ms
[1482,904s][info][gc] GC(6122) Pause Young (G1 Evacuation Pause) 237M->22M(368M) 2,352ms
[1483,153s][info][gc] GC(6123) Pause Young (G1 Evacuation Pause) 237M->22M(368M) 1,282ms
[1483,395s][info][gc] GC(6124) Pause Young (G1 Evacuation Pause) 236M->22M(368M) 2,243ms
[1483,649s][info][gc] GC(6125) Pause Young (G1 Evacuation Pause) 237M->22M(368M) 1,656ms
[1483,909s][info][gc] GC(6126) Pause Young (G1 Evacuation Pause) 237M->22M(368M) 2,890ms
[1484,175s][info][gc] GC(6127) Pause Young (G1 Evacuation Pause) 237M->22M(368M) 1,735ms
[1484,433s][info][gc] GC(6128) Pause Young (G1 Evacuation Pause) 237M->22M(368M) 1,702ms
[1484,684s][info][gc] GC(6129) Pause Young (G1 Evacuation Pause) 236M->22M(368M) 2,360ms
[1484,944s][info][gc] GC(6130) Pause Young (G1 Evacuation Pause) 237M->22M(368M) 1,736ms
[1485,198s][info][gc] GC(6131) Pause Young (G1 Evacuation Pause) 237M->22M(368M) 1,759ms
[1485,458s][info][gc] GC(6132) Pause Young (G1 Evacuation Pause) 237M->22M(368M) 1,667ms
[1485,714s][info][gc] GC(6133) Pause Young (G1 Evacuation Pause) 237M->22M(368M) 3,245ms
[1485,962s][info][gc] GC(6134) Pause Young (G1 Evacuation Pause) 237M->23M(368M) 2,493ms
[1486,216s][info][gc] GC(6135) Pause Young (G1 Evacuation Pause) 237M->22M(368M) 1,742ms
[1486,470s][info][gc] GC(6136) Pause Young (G1 Evacuation Pause) 237M->22M(368M) 1,704ms
[1486,706s][info][gc] GC(6137) Pause Young (G1 Evacuation Pause) 237M->22M(368M) 3,937ms
[1486,938s][info][gc] GC(6138) Pause Young (G1 Evacuation Pause) 237M->22M(368M) 1,255ms
[1487,170s][info][gc] GC(6139) Pause Young (G1 Evacuation Pause) 237M->22M(368M) 1,255ms
[1487,413s][info][gc] GC(6140) Pause Young (G1 Evacuation Pause) 236M->22M(368M) 2,205ms
[1487,678s][info][gc] GC(6141) Pause Young (G1 Evacuation Pause) 237M->22M(368M) 2,187ms
[1487,932s][info][gc] GC(6142) Pause Young (G1 Evacuation Pause) 237M->22M(368M) 1,902ms
[1488,178s][info][gc] GC(6143) Pause Young (G1 Evacuation Pause) 237M->22M(368M) 1,278ms
[1488,410s][info][gc] GC(6144) Pause Young (G1 Evacuation Pause) 237M->22M(368M) 1,299ms
[1488,642s][info][gc] GC(6145) Pause Young (G1 Evacuation Pause) 236M->22M(368M) 1,053ms
[1488,900s][info][gc] GC(6146) Pause Young (G1 Evacuation Pause) 237M->22M(368M) 2,181ms
[1489,160s][info][gc] GC(6147) Pause Young (G1 Evacuation Pause) 237M->22M(368M) 1,728ms
[1489,422s][info][gc] GC(6148) Pause Young (G1 Evacuation Pause) 237M->22M(368M) 3,082ms
[1489,675s][info][gc] GC(6149) Pause Young (G1 Evacuation Pause) 237M->22M(368M) 1,764ms
[1489,922s][info][gc] GC(6150) Pause Young (G1 Evacuation Pause) 236M->22M(368M) 1,028ms
[1490,188s][info][gc] GC(6151) Pause Young (G1 Evacuation Pause) 237M->22M(368M) 1,664ms
[1490,448s][info][gc] GC(6152) Pause Young (G1 Evacuation Pause) 237M->22M(368M) 1,617ms
[1490,702s][info][gc] GC(6153) Pause Young (G1 Evacuation Pause) 237M->22M(368M) 1,880ms
[1490,952s][info][gc] GC(6154) Pause Young (G1 Evacuation Pause) 236M->21M(368M) 1,660ms
[1491,206s][info][gc] GC(6155) Pause Young (G1 Evacuation Pause) 236M->21M(368M) 1,569ms
[1491,460s][info][gc] GC(6156) Pause Young (G1 Evacuation Pause) 236M->22M(368M) 1,655ms
[1491,719s][info][gc] GC(6157) Pause Young (G1 Evacuation Pause) 237M->22M(368M) 1,516ms
[1491,974s][info][gc] GC(6158) Pause Young (G1 Evacuation Pause) 237M->22M(368M) 2,425ms
[1492,228s][info][gc] GC(6159) Pause Young (G1 Evacuation Pause) 237M->22M(368M) 1,817ms
[1492,474s][info][gc] GC(6160) Pause Young (G1 Evacuation Pause) 237M->23M(368M) 1,498ms
[1492,707s][info][gc] GC(6161) Pause Young (G1 Evacuation Pause) 237M->22M(368M) 1,657ms
[1492,939s][info][gc] GC(6162) Pause Young (G1 Evacuation Pause) 237M->22M(368M) 1,073ms
[1493,171s][info][gc] GC(6163) Pause Young (G1 Evacuation Pause) 237M->22M(368M) 1,256ms
[1493,403s][info][gc] GC(6164) Pause Young (G1 Evacuation Pause) 237M->22M(368M) 1,286ms
[1493,635s][info][gc] GC(6165) Pause Young (G1 Evacuation Pause) 237M->22M(368M) 1,270ms
[1493,875s][info][gc] GC(6166) Pause Young (G1 Evacuation Pause) 236M->22M(368M) 3,860ms
[1494,113s][info][gc] GC(6167) Pause Young (G1 Evacuation Pause) 237M->22M(368M) 2,714ms
[1494,346s][info][gc] GC(6168) Pause Young (G1 Evacuation Pause) 237M->22M(368M) 1,465ms
[1494,578s][info][gc] GC(6169) Pause Young (G1 Evacuation Pause) 237M->22M(368M) 1,181ms
[1494,810s][info][gc] GC(6170) Pause Young (G1 Evacuation Pause) 237M->22M(368M) 1,359ms
[1495,054s][info][gc] GC(6171) Pause Young (G1 Evacuation Pause) 236M->22M(368M) 1,339ms
[1495,288s][info][gc] GC(6172) Pause Young (G1 Evacuation Pause) 237M->22M(368M) 1,337ms
[1495,547s][info][gc] GC(6173) Pause Young (G1 Evacuation Pause) 237M->22M(368M) 1,774ms
[1495,780s][info][gc] GC(6174) Pause Young (G1 Evacuation Pause) 237M->22M(368M) 1,237ms
[1496,013s][info][gc] GC(6175) Pause Young (G1 Evacuation Pause) 237M->22M(368M) 1,465ms
[1496,245s][info][gc] GC(6176) Pause Young (G1 Evacuation Pause) 237M->23M(368M) 1,305ms
[1496,478s][info][gc] GC(6177) Pause Young (G1 Evacuation Pause) 237M->22M(368M) 1,316ms
[1496,710s][info][gc] GC(6178) Pause Young (G1 Evacuation Pause) 237M->22M(368M) 1,083ms
[1496,958s][info][gc] GC(6179) Pause Young (G1 Evacuation Pause) 237M->22M(368M) 1,790ms
[1497,212s][info][gc] GC(6180) Pause Young (G1 Evacuation Pause) 237M->22M(368M) 1,846ms
[1497,470s][info][gc] GC(6181) Pause Young (G1 Evacuation Pause) 237M->22M(368M) 4,026ms
[1497,720s][info][gc] GC(6182) Pause Young (G1 Evacuation Pause) 236M->22M(368M) 1,398ms
[1497,955s][info][gc] GC(6183) Pause Young (G1 Evacuation Pause) 237M->22M(368M) 1,217ms
[1498,187s][info][gc] GC(6184) Pause Young (G1 Evacuation Pause) 237M->22M(368M) 1,225ms
[1498,430s][info][gc] GC(6185) Pause Young (G1 Evacuation Pause) 237M->22M(368M) 1,799ms
[1498,676s][info][gc] GC(6186) Pause Young (G1 Evacuation Pause) 237M->22M(368M) 1,523ms
[1498,919s][info][gc] GC(6187) Pause Young (G1 Evacuation Pause) 236M->22M(368M) 1,624ms
[1499,153s][info][gc] GC(6188) Pause Young (G1 Evacuation Pause) 237M->22M(368M) 2,320ms
[1499,395s][info][gc] GC(6189) Pause Young (G1 Evacuation Pause) 237M->22M(368M) 2,360ms
[1499,656s][info][gc] GC(6190) Pause Young (G1 Evacuation Pause) 237M->22M(368M) 1,809ms
[1499,889s][info][gc] GC(6191) Pause Young (G1 Evacuation Pause) 237M->22M(368M) 1,175ms
[1500,121s][info][gc] GC(6192) Pause Young (G1 Evacuation Pause) 236M->22M(368M) 1,192ms
[1500,353s][info][gc] GC(6193) Pause Young (G1 Evacuation Pause) 237M->22M(368M) 1,110ms
[1500,605s][info][gc] GC(6194) Pause Young (G1 Evacuation Pause) 237M->22M(368M) 1,153ms
[1500,837s][info][gc] GC(6195) Pause Young (G1 Evacuation Pause) 237M->22M(368M) 1,144ms
[1501,095s][info][gc] GC(6196) Pause Young (G1 Evacuation Pause) 237M->22M(368M) 1,937ms
[1501,345s][info][gc] GC(6197) Pause Young (G1 Evacuation Pause) 236M->22M(368M) 1,014ms
[1501,577s][info][gc] GC(6198) Pause Young (G1 Evacuation Pause) 237M->22M(368M) 1,137ms
[1501,809s][info][gc] GC(6199) Pause Young (G1 Evacuation Pause) 237M->22M(368M) 1,198ms
[1502,066s][info][gc] GC(6200) Pause Young (G1 Evacuation Pause) 237M->22M(368M) 1,381ms
[1502,298s][info][gc] GC(6201) Pause Young (G1 Evacuation Pause) 237M->22M(368M) 1,131ms
[1502,560s][info][gc] GC(6202) Pause Young (G1 Evacuation Pause) 237M->23M(368M) 1,753ms
[1502,818s][info][gc] GC(6203) Pause Young (G1 Evacuation Pause) 237M->22M(368M) 1,823ms
[1503,075s][info][gc] GC(6204) Pause Young (G1 Evacuation Pause) 237M->22M(368M) 1,715ms
[1503,319s][info][gc] GC(6205) Pause Young (G1 Evacuation Pause) 237M->22M(368M) 2,329ms
[1503,593s][info][gc] GC(6206) Pause Young (G1 Evacuation Pause) 237M->22M(368M) 1,732ms
[1503,851s][info][gc] GC(6207) Pause Young (G1 Evacuation Pause) 237M->23M(368M) 1,792ms
[1504,107s][info][gc] GC(6208) Pause Young (G1 Evacuation Pause) 237M->22M(368M) 1,699ms
[1504,340s][info][gc] GC(6209) Pause Young (G1 Evacuation Pause) 237M->22M(368M) 1,078ms
[1504,597s][info][gc] GC(6210) Pause Young (G1 Evacuation Pause) 237M->22M(368M) 1,133ms
[1504,829s][info][gc] GC(6211) Pause Young (G1 Evacuation Pause) 237M->22M(368M) 1,211ms
[1505,061s][info][gc] GC(6212) Pause Young (G1 Evacuation Pause) 237M->22M(368M) 1,126ms
[1505,293s][info][gc] GC(6213) Pause Young (G1 Evacuation Pause) 236M->22M(368M) 1,172ms
[1505,525s][info][gc] GC(6214) Pause Young (G1 Evacuation Pause) 237M->22M(368M) 1,196ms
[1505,757s][info][gc] GC(6215) Pause Young (G1 Evacuation Pause) 237M->22M(368M) 1,221ms
[1505,990s][info][gc] GC(6216) Pause Young (G1 Evacuation Pause) 237M->22M(368M) 2,139ms
[1506,259s][info][gc] GC(6217) Pause Young (G1 Evacuation Pause) 237M->22M(368M) 1,674ms
[1506,519s][info][gc] GC(6218) Pause Young (G1 Evacuation Pause) 237M->22M(368M) 3,574ms
[1506,764s][info][gc] GC(6219) Pause Young (G1 Evacuation Pause) 236M->22M(368M) 1,495ms
[1506,996s][info][gc] GC(6220) Pause Young (G1 Evacuation Pause) 237M->22M(368M) 1,134ms
[1507,250s][info][gc] GC(6221) Pause Young (G1 Evacuation Pause) 237M->22M(368M) 1,857ms
[1507,511s][info][gc] GC(6222) Pause Young (G1 Evacuation Pause) 237M->22M(368M) 1,854ms
[1507,755s][info][gc] GC(6223) Pause Young (G1 Evacuation Pause) 237M->22M(368M) 2,239ms
[1508,021s][info][gc] GC(6224) Pause Young (G1 Evacuation Pause) 236M->21M(368M) 3,222ms
[1508,253s][info][gc] GC(6225) Pause Young (G1 Evacuation Pause) 236M->22M(368M) 1,168ms
[1508,503s][info][gc] GC(6226) Pause Young (G1 Evacuation Pause) 237M->22M(368M) 1,802ms
[1508,749s][info][gc] GC(6227) Pause Young (G1 Evacuation Pause) 237M->22M(368M) 1,673ms
[1509,004s][info][gc] GC(6228) Pause Young (G1 Evacuation Pause) 237M->22M(368M) 3,010ms
[1509,258s][info][gc] GC(6229) Pause Young (G1 Evacuation Pause) 236M->22M(368M) 1,662ms
[1509,518s][info][gc] GC(6230) Pause Young (G1 Evacuation Pause) 237M->22M(368M) 1,620ms
[1509,757s][info][gc] GC(6231) Pause Young (G1 Evacuation Pause) 237M->22M(368M) 1,264ms
[1509,989s][info][gc] GC(6232) Pause Young (G1 Evacuation Pause) 237M->22M(368M) 1,324ms
[1510,221s][info][gc] GC(6233) Pause Young (G1 Evacuation Pause) 237M->22M(368M) 1,326ms
[1510,475s][info][gc] GC(6234) Pause Young (G1 Evacuation Pause) 237M->23M(368M) 1,989ms
[1510,708s][info][gc] GC(6235) Pause Young (G1 Evacuation Pause) 237M->22M(368M) 1,549ms
[1510,952s][info][gc] GC(6236) Pause Young (G1 Evacuation Pause) 237M->22M(368M) 1,504ms
[1511,185s][info][gc] GC(6237) Pause Young (G1 Evacuation Pause) 237M->22M(368M) 1,544ms
[1511,426s][info][gc] GC(6238) Pause Young (G1 Evacuation Pause) 237M->22M(368M) 2,480ms
[1511,680s][info][gc] GC(6239) Pause Young (G1 Evacuation Pause) 236M->22M(368M) 1,706ms
[1511,934s][info][gc] GC(6240) Pause Young (G1 Evacuation Pause) 237M->22M(368M) 1,680ms
[1512,188s][info][gc] GC(6241) Pause Young (G1 Evacuation Pause) 237M->22M(368M) 1,711ms
[1512,445s][info][gc] GC(6242) Pause Young (G1 Evacuation Pause) 237M->22M(368M) 1,802ms
[1512,691s][info][gc] GC(6243) Pause Young (G1 Evacuation Pause) 237M->22M(368M) 1,373ms
[1512,923s][info][gc] GC(6244) Pause Young (G1 Evacuation Pause) 237M->23M(368M) 1,225ms
[1513,155s][info][gc] GC(6245) Pause Young (G1 Evacuation Pause) 237M->22M(368M) 1,048ms
[1513,387s][info][gc] GC(6246) Pause Young (G1 Evacuation Pause) 237M->22M(368M) 1,216ms
[1513,619s][info][gc] GC(6247) Pause Young (G1 Evacuation Pause) 237M->22M(368M) 1,223ms
[1513,851s][info][gc] GC(6248) Pause Young (G1 Evacuation Pause) 237M->22M(368M) 1,192ms
[1514,115s][info][gc] GC(6249) Pause Young (G1 Evacuation Pause) 237M->23M(368M) 1,791ms
[1514,349s][info][gc] GC(6250) Pause Young (G1 Evacuation Pause) 237M->22M(368M) 1,403ms
[1514,618s][info][gc] GC(6251) Pause Young (G1 Evacuation Pause) 237M->22M(368M) 1,829ms
[1514,876s][info][gc] GC(6252) Pause Young (G1 Evacuation Pause) 237M->22M(368M) 4,114ms
[1515,130s][info][gc] GC(6253) Pause Young (G1 Evacuation Pause) 237M->22M(368M) 1,899ms
[1515,364s][info][gc] GC(6254) Pause Young (G1 Evacuation Pause) 237M->22M(368M) 1,494ms
[1515,597s][info][gc] GC(6255) Pause Young (G1 Evacuation Pause) 236M->22M(368M) 1,593ms
[1515,829s][info][gc] GC(6256) Pause Young (G1 Evacuation Pause) 237M->22M(368M) 1,385ms
[1516,087s][info][gc] GC(6257) Pause Young (G1 Evacuation Pause) 237M->22M(368M) 1,919ms
[1516,335s][info][gc] GC(6258) Pause Young (G1 Evacuation Pause) 237M->22M(368M) 1,521ms
[1516,567s][info][gc] GC(6259) Pause Young (G1 Evacuation Pause) 237M->22M(368M) 1,266ms
[1516,799s][info][gc] GC(6260) Pause Young (G1 Evacuation Pause) 236M->22M(368M) 1,228ms
[1517,057s][info][gc] GC(6261) Pause Young (G1 Evacuation Pause) 237M->22M(368M) 1,292ms
[1517,306s][info][gc] GC(6262) Pause Young (G1 Evacuation Pause) 237M->22M(368M) 1,912ms
[1517,565s][info][gc] GC(6263) Pause Young (G1 Evacuation Pause) 237M->22M(368M) 1,655ms
[1517,824s][info][gc] GC(6264) Pause Young (G1 Evacuation Pause) 237M->22M(368M) 1,685ms
[1518,057s][info][gc] GC(6265) Pause Young (G1 Evacuation Pause) 237M->23M(368M) 1,310ms
[1518,290s][info][gc] GC(6266) Pause Young (G1 Evacuation Pause) 237M->22M(368M) 2,015ms
[1518,522s][info][gc] GC(6267) Pause Young (G1 Evacuation Pause) 237M->22M(368M) 1,274ms
[1518,754s][info][gc] GC(6268) Pause Young (G1 Evacuation Pause) 237M->22M(368M) 1,263ms
[1518,986s][info][gc] GC(6269) Pause Young (G1 Evacuation Pause) 237M->22M(368M) 1,241ms
[1519,218s][info][gc] GC(6270) Pause Young (G1 Evacuation Pause) 237M->22M(368M) 1,187ms
[1519,450s][info][gc] GC(6271) Pause Young (G1 Evacuation Pause) 236M->22M(368M) 1,145ms
[1519,682s][info][gc] GC(6272) Pause Young (G1 Evacuation Pause) 237M->22M(368M) 1,175ms
[1519,914s][info][gc] GC(6273) Pause Young (G1 Evacuation Pause) 237M->22M(368M) 1,182ms
[1520,146s][info][gc] GC(6274) Pause Young (G1 Evacuation Pause) 237M->22M(368M) 1,310ms
[1520,378s][info][gc] GC(6275) Pause Young (G1 Evacuation Pause) 237M->22M(368M) 1,390ms
[1520,611s][info][gc] GC(6276) Pause Young (G1 Evacuation Pause) 236M->22M(368M) 1,258ms
[1520,843s][info][gc] GC(6277) Pause Young (G1 Evacuation Pause) 237M->22M(368M) 1,411ms
[1521,104s][info][gc] GC(6278) Pause Young (G1 Evacuation Pause) 237M->22M(368M) 1,858ms
[1521,354s][info][gc] GC(6279) Pause Young (G1 Evacuation Pause) 237M->22M(368M) 1,181ms
[1521,586s][info][gc] GC(6280) Pause Young (G1 Evacuation Pause) 237M->22M(368M) 1,315ms
[1521,818s][info][gc] GC(6281) Pause Young (G1 Evacuation Pause) 236M->22M(368M) 1,285ms
[1522,079s][info][gc] GC(6282) Pause Young (G1 Evacuation Pause) 237M->22M(368M) 1,723ms
[1522,333s][info][gc] GC(6283) Pause Young (G1 Evacuation Pause) 237M->22M(368M) 1,757ms
[1522,602s][info][gc] GC(6284) Pause Young (G1 Evacuation Pause) 237M->22M(368M) 3,478ms
[1522,834s][info][gc] GC(6285) Pause Young (G1 Evacuation Pause) 237M->22M(368M) 1,169ms
[1523,098s][info][gc] GC(6286) Pause Young (G1 Evacuation Pause) 237M->23M(368M) 1,789ms
[1523,333s][info][gc] GC(6287) Pause Young (G1 Evacuation Pause) 237M->22M(368M) 1,224ms
[1523,591s][info][gc] GC(6288) Pause Young (G1 Evacuation Pause) 237M->22M(368M) 1,600ms
[1523,844s][info][gc] GC(6289) Pause Young (G1 Evacuation Pause) 237M->22M(368M) 1,787ms
[1524,102s][info][gc] GC(6290) Pause Young (G1 Evacuation Pause) 237M->22M(368M) 1,848ms
[1524,356s][info][gc] GC(6291) Pause Young (G1 Evacuation Pause) 237M->22M(368M) 1,802ms
[1524,609s][info][gc] GC(6292) Pause Young (G1 Evacuation Pause) 236M->22M(368M) 1,039ms
[1524,842s][info][gc] GC(6293) Pause Young (G1 Evacuation Pause) 237M->22M(368M) 1,406ms
[1525,100s][info][gc] GC(6294) Pause Young (G1 Evacuation Pause) 237M->22M(368M) 1,694ms
[1525,349s][info][gc] GC(6295) Pause Young (G1 Evacuation Pause) 237M->22M(368M) 1,375ms
[1525,616s][info][gc] GC(6296) Pause Young (G1 Evacuation Pause) 237M->22M(368M) 1,930ms
[1525,880s][info][gc] GC(6297) Pause Young (G1 Evacuation Pause) 236M->22M(368M) 3,999ms
[1526,117s][info][gc] GC(6298) Pause Young (G1 Evacuation Pause) 237M->22M(368M) 1,386ms
[1526,350s][info][gc] GC(6299) Pause Young (G1 Evacuation Pause) 237M->22M(368M) 1,712ms
[1526,583s][info][gc] GC(6300) Pause Young (G1 Evacuation Pause) 237M->22M(368M) 1,469ms
[1526,816s][info][gc] GC(6301) Pause Young (G1 Evacuation Pause) 237M->22M(368M) 1,461ms
[1527,071s][info][gc] GC(6302) Pause Young (G1 Evacuation Pause) 236M->22M(368M) 1,698ms
[1527,325s][info][gc] GC(6303) Pause Young (G1 Evacuation Pause) 237M->22M(368M) 1,752ms
[1527,579s][info][gc] GC(6304) Pause Young (G1 Evacuation Pause) 237M->22M(368M) 1,695ms
[1527,834s][info][gc] GC(6305) Pause Young (G1 Evacuation Pause) 237M->22M(368M) 3,459ms
[1528,067s][info][gc] GC(6306) Pause Young (G1 Evacuation Pause) 237M->22M(368M) 1,361ms
[1528,299s][info][gc] GC(6307) Pause Young (G1 Evacuation Pause) 236M->22M(368M) 1,073ms
[1528,556s][info][gc] GC(6308) Pause Young (G1 Evacuation Pause) 237M->21M(368M) 3,518ms
[1528,788s][info][gc] GC(6309) Pause Young (G1 Evacuation Pause) 236M->22M(368M) 1,355ms
[1529,042s][info][gc] GC(6310) Pause Young (G1 Evacuation Pause) 237M->22M(368M) 1,743ms
[1529,296s][info][gc] GC(6311) Pause Young (G1 Evacuation Pause) 237M->22M(368M) 1,669ms
[1529,550s][info][gc] GC(6312) Pause Young (G1 Evacuation Pause) 237M->22M(368M) 1,957ms
[1529,790s][info][gc] GC(6313) Pause Young (G1 Evacuation Pause) 236M->22M(368M) 1,181ms
[1530,022s][info][gc] GC(6314) Pause Young (G1 Evacuation Pause) 237M->22M(368M) 1,126ms
[1530,255s][info][gc] GC(6315) Pause Young (G1 Evacuation Pause) 237M->22M(368M) 1,677ms
[1530,524s][info][gc] GC(6316) Pause Young (G1 Evacuation Pause) 237M->22M(368M) 2,300ms
[1530,778s][info][gc] GC(6317) Pause Young (G1 Evacuation Pause) 237M->23M(368M) 1,824ms
[1531,034s][info][gc] GC(6318) Pause Young (G1 Evacuation Pause) 237M->22M(368M) 1,573ms
[1531,286s][info][gc] GC(6319) Pause Young (G1 Evacuation Pause) 237M->22M(368M) 1,206ms
[1531,518s][info][gc] GC(6320) Pause Young (G1 Evacuation Pause) 237M->22M(368M) 1,134ms
[1531,750s][info][gc] GC(6321) Pause Young (G1 Evacuation Pause) 237M->22M(368M) 1,258ms
[1531,982s][info][gc] GC(6322) Pause Young (G1 Evacuation Pause) 237M->22M(368M) 1,167ms
[1532,214s][info][gc] GC(6323) Pause Young (G1 Evacuation Pause) 236M->22M(368M) 1,254ms
[1532,448s][info][gc] GC(6324) Pause Young (G1 Evacuation Pause) 237M->21M(368M) 2,649ms
[1532,700s][info][gc] GC(6325) Pause Young (G1 Evacuation Pause) 236M->22M(368M) 1,535ms
[1532,933s][info][gc] GC(6326) Pause Young (G1 Evacuation Pause) 237M->22M(368M) 1,512ms
[1533,183s][info][gc] GC(6327) Pause Young (G1 Evacuation Pause) 237M->22M(368M) 1,136ms
[1533,449s][info][gc] GC(6328) Pause Young (G1 Evacuation Pause) 237M->23M(368M) 1,946ms
[1533,696s][info][gc] GC(6329) Pause Young (G1 Evacuation Pause) 237M->22M(368M) 1,471ms
[1533,929s][info][gc] GC(6330) Pause Young (G1 Evacuation Pause) 237M->22M(368M) 1,472ms
[1534,162s][info][gc] GC(6331) Pause Young (G1 Evacuation Pause) 237M->22M(368M) 1,458ms
[1534,405s][info][gc] GC(6332) Pause Young (G1 Evacuation Pause) 237M->22M(368M) 2,364ms
[1534,659s][info][gc] GC(6333) Pause Young (G1 Evacuation Pause) 237M->23M(368M) 1,907ms
[1534,919s][info][gc] GC(6334) Pause Young (G1 Evacuation Pause) 237M->21M(368M) 3,845ms
[1535,178s][info][gc] GC(6335) Pause Young (G1 Evacuation Pause) 236M->22M(368M) 2,285ms
[1535,434s][info][gc] GC(6336) Pause Young (G1 Evacuation Pause) 237M->22M(368M) 1,923ms
[1535,688s][info][gc] GC(6337) Pause Young (G1 Evacuation Pause) 237M->22M(368M) 1,674ms
[1535,943s][info][gc] GC(6338) Pause Young (G1 Evacuation Pause) 237M->23M(368M) 1,887ms
[1536,197s][info][gc] GC(6339) Pause Young (G1 Evacuation Pause) 237M->22M(368M) 1,769ms
[1536,459s][info][gc] GC(6340) Pause Young (G1 Evacuation Pause) 237M->22M(368M) 2,455ms
[1536,718s][info][gc] GC(6341) Pause Young (G1 Evacuation Pause) 237M->22M(368M) 2,263ms
[1536,980s][info][gc] GC(6342) Pause Young (G1 Evacuation Pause) 237M->22M(368M) 1,849ms
[1537,214s][info][gc] GC(6343) Pause Young (G1 Evacuation Pause) 237M->22M(368M) 1,422ms
[1537,461s][info][gc] GC(6344) Pause Young (G1 Evacuation Pause) 236M->22M(368M) 2,297ms
[1537,706s][info][gc] GC(6345) Pause Young (G1 Evacuation Pause) 237M->22M(368M) 1,252ms
[1537,954s][info][gc] GC(6346) Pause Young (G1 Evacuation Pause) 237M->22M(368M) 1,858ms
[1538,199s][info][gc] GC(6347) Pause Young (G1 Evacuation Pause) 237M->22M(368M) 2,978ms
[1538,433s][info][gc] GC(6348) Pause Young (G1 Evacuation Pause) 237M->22M(368M) 1,457ms
[1538,666s][info][gc] GC(6349) Pause Young (G1 Evacuation Pause) 237M->23M(368M) 1,518ms
[1538,911s][info][gc] GC(6350) Pause Young (G1 Evacuation Pause) 237M->22M(368M) 2,273ms
[1539,158s][info][gc] GC(6351) Pause Young (G1 Evacuation Pause) 237M->22M(368M) 2,530ms
[1539,397s][info][gc] GC(6352) Pause Young (G1 Evacuation Pause) 237M->22M(368M) 1,112ms
[1539,657s][info][gc] GC(6353) Pause Young (G1 Evacuation Pause) 237M->22M(368M) 1,903ms
[1539,913s][info][gc] GC(6354) Pause Young (G1 Evacuation Pause) 237M->23M(368M) 2,234ms
[1540,161s][info][gc] GC(6355) Pause Young (G1 Evacuation Pause) 237M->21M(368M) 3,724ms
[1540,423s][info][gc] GC(6356) Pause Young (G1 Evacuation Pause) 236M->22M(368M) 2,335ms
[1540,667s][info][gc] GC(6357) Pause Young (G1 Evacuation Pause) 237M->22M(368M) 1,155ms
[1540,910s][info][gc] GC(6358) Pause Young (G1 Evacuation Pause) 237M->22M(368M) 2,318ms
[1541,145s][info][gc] GC(6359) Pause Young (G1 Evacuation Pause) 237M->23M(368M) 1,659ms
[1541,384s][info][gc] GC(6360) Pause Young (G1 Evacuation Pause) 237M->22M(368M) 3,377ms
[1541,638s][info][gc] GC(6361) Pause Young (G1 Evacuation Pause) 237M->22M(368M) 1,865ms
[1541,898s][info][gc] GC(6362) Pause Young (G1 Evacuation Pause) 237M->22M(368M) 3,460ms
[1542,131s][info][gc] GC(6363) Pause Young (G1 Evacuation Pause) 237M->22M(368M) 1,191ms
[1542,368s][info][gc] GC(6364) Pause Young (G1 Evacuation Pause) 237M->22M(368M) 4,295ms
[1542,625s][info][gc] GC(6365) Pause Young (G1 Evacuation Pause) 236M->22M(368M) 1,685ms
[1542,863s][info][gc] GC(6366) Pause Young (G1 Evacuation Pause) 237M->22M(368M) 3,772ms
[1543,132s][info][gc] GC(6367) Pause Young (G1 Evacuation Pause) 237M->22M(368M) 2,047ms
[1543,364s][info][gc] GC(6368) Pause Young (G1 Evacuation Pause) 237M->22M(368M) 1,125ms
[1543,596s][info][gc] GC(6369) Pause Young (G1 Evacuation Pause) 237M->22M(368M) 1,194ms
[1543,872s][info][gc] GC(6370) Pause Young (G1 Evacuation Pause) 236M->22M(368M) 4,034ms
[1544,139s][info][gc] GC(6371) Pause Young (G1 Evacuation Pause) 237M->22M(368M) 1,641ms
[1544,398s][info][gc] GC(6372) Pause Young (G1 Evacuation Pause) 237M->22M(368M) 2,203ms
[1544,634s][info][gc] GC(6373) Pause Young (G1 Evacuation Pause) 237M->22M(368M) 1,128ms
[1544,866s][info][gc] GC(6374) Pause Young (G1 Evacuation Pause) 237M->22M(368M) 1,350ms
[1545,098s][info][gc] GC(6375) Pause Young (G1 Evacuation Pause) 237M->23M(368M) 1,318ms
[1545,330s][info][gc] GC(6376) Pause Young (G1 Evacuation Pause) 237M->22M(368M) 1,102ms
[1545,590s][info][gc] GC(6377) Pause Young (G1 Evacuation Pause) 237M->22M(368M) 2,446ms
[1545,854s][info][gc] GC(6378) Pause Young (G1 Evacuation Pause) 237M->22M(368M) 2,359ms
[1546,098s][info][gc] GC(6379) Pause Young (G1 Evacuation Pause) 237M->22M(368M) 1,266ms
[1546,330s][info][gc] GC(6380) Pause Young (G1 Evacuation Pause) 236M->21M(368M) 1,134ms
[1546,587s][info][gc] GC(6381) Pause Young (G1 Evacuation Pause) 236M->21M(368M) 1,737ms
[1546,841s][info][gc] GC(6382) Pause Young (G1 Evacuation Pause) 236M->22M(368M) 1,831ms
[1547,095s][info][gc] GC(6383) Pause Young (G1 Evacuation Pause) 237M->22M(368M) 1,849ms
[1547,349s][info][gc] GC(6384) Pause Young (G1 Evacuation Pause) 237M->22M(368M) 1,735ms
[1547,605s][info][gc] GC(6385) Pause Young (G1 Evacuation Pause) 237M->22M(368M) 1,734ms
[1547,859s][info][gc] GC(6386) Pause Young (G1 Evacuation Pause) 236M->22M(368M) 1,558ms
[1548,117s][info][gc] GC(6387) Pause Young (G1 Evacuation Pause) 237M->21M(368M) 2,312ms
[1548,350s][info][gc] GC(6388) Pause Young (G1 Evacuation Pause) 236M->22M(368M) 1,366ms
[1548,603s][info][gc] GC(6389) Pause Young (G1 Evacuation Pause) 237M->22M(368M) 1,268ms
[1548,835s][info][gc] GC(6390) Pause Young (G1 Evacuation Pause) 237M->22M(368M) 1,419ms
[1549,067s][info][gc] GC(6391) Pause Young (G1 Evacuation Pause) 236M->22M(368M) 1,264ms
[1549,300s][info][gc] GC(6392) Pause Young (G1 Evacuation Pause) 237M->22M(368M) 1,591ms
[1549,556s][info][gc] GC(6393) Pause Young (G1 Evacuation Pause) 237M->22M(368M) 1,784ms
[1549,810s][info][gc] GC(6394) Pause Young (G1 Evacuation Pause) 237M->22M(368M) 1,879ms
[1550,070s][info][gc] GC(6395) Pause Young (G1 Evacuation Pause) 237M->22M(368M) 1,953ms
[1550,324s][info][gc] GC(6396) Pause Young (G1 Evacuation Pause) 237M->23M(368M) 1,922ms
[1550,583s][info][gc] GC(6397) Pause Young (G1 Evacuation Pause) 237M->22M(368M) 1,730ms
[1550,816s][info][gc] GC(6398) Pause Young (G1 Evacuation Pause) 237M->22M(368M) 1,226ms
[1551,078s][info][gc] GC(6399) Pause Young (G1 Evacuation Pause) 237M->22M(368M) 2,448ms
[1551,312s][info][gc] GC(6400) Pause Young (G1 Evacuation Pause) 237M->22M(368M) 1,372ms
[1551,574s][info][gc] GC(6401) Pause Young (G1 Evacuation Pause) 237M->22M(368M) 2,431ms
[1551,834s][info][gc] GC(6402) Pause Young (G1 Evacuation Pause) 236M->22M(368M) 1,680ms
[1552,097s][info][gc] GC(6403) Pause Young (G1 Evacuation Pause) 237M->22M(368M) 1,802ms
[1552,351s][info][gc] GC(6404) Pause Young (G1 Evacuation Pause) 237M->22M(368M) 1,848ms
[1552,601s][info][gc] GC(6405) Pause Young (G1 Evacuation Pause) 237M->22M(368M) 1,240ms
[1552,834s][info][gc] GC(6406) Pause Young (G1 Evacuation Pause) 237M->22M(368M) 1,486ms
[1553,066s][info][gc] GC(6407) Pause Young (G1 Evacuation Pause) 236M->22M(368M) 1,174ms
[1553,324s][info][gc] GC(6408) Pause Young (G1 Evacuation Pause) 237M->22M(368M) 1,655ms
[1553,580s][info][gc] GC(6409) Pause Young (G1 Evacuation Pause) 237M->22M(368M) 1,258ms
[1553,824s][info][gc] GC(6410) Pause Young (G1 Evacuation Pause) 237M->22M(368M) 2,185ms
[1554,079s][info][gc] GC(6411) Pause Young (G1 Evacuation Pause) 237M->22M(368M) 2,358ms
[1554,339s][info][gc] GC(6412) Pause Young (G1 Evacuation Pause) 236M->22M(368M) 1,590ms
[1554,592s][info][gc] GC(6413) Pause Young (G1 Evacuation Pause) 237M->22M(368M) 1,670ms
[1554,846s][info][gc] GC(6414) Pause Young (G1 Evacuation Pause) 237M->22M(368M) 1,720ms
[1555,099s][info][gc] GC(6415) Pause Young (G1 Evacuation Pause) 237M->22M(368M) 1,699ms
[1555,353s][info][gc] GC(6416) Pause Young (G1 Evacuation Pause) 237M->22M(368M) 1,838ms
[1555,614s][info][gc] GC(6417) Pause Young (G1 Evacuation Pause) 237M->23M(368M) 2,584ms
[1555,869s][info][gc] GC(6418) Pause Young (G1 Evacuation Pause) 237M->22M(368M) 1,810ms
[1556,125s][info][gc] GC(6419) Pause Young (G1 Evacuation Pause) 237M->22M(368M) 3,292ms
[1556,382s][info][gc] GC(6420) Pause Young (G1 Evacuation Pause) 237M->22M(368M) 2,236ms
[1556,629s][info][gc] GC(6421) Pause Young (G1 Evacuation Pause) 237M->22M(368M) 1,135ms
[1556,898s][info][gc] GC(6422) Pause Young (G1 Evacuation Pause) 237M->23M(368M) 4,472ms
[1557,151s][info][gc] GC(6423) Pause Young (G1 Evacuation Pause) 237M->22M(368M) 1,570ms
[1557,410s][info][gc] GC(6424) Pause Young (G1 Evacuation Pause) 237M->22M(368M) 1,773ms
[1557,645s][info][gc] GC(6425) Pause Young (G1 Evacuation Pause) 237M->22M(368M) 1,380ms
[1557,887s][info][gc] GC(6426) Pause Young (G1 Evacuation Pause) 237M->22M(368M) 4,657ms
[1558,128s][info][gc] GC(6427) Pause Young (G1 Evacuation Pause) 237M->22M(368M) 1,258ms
[1558,364s][info][gc] GC(6428) Pause Young (G1 Evacuation Pause) 236M->22M(368M) 3,768ms
[1558,622s][info][gc] GC(6429) Pause Young (G1 Evacuation Pause) 237M->22M(368M) 3,413ms
[1558,855s][info][gc] GC(6430) Pause Young (G1 Evacuation Pause) 237M->22M(368M) 1,448ms
[1559,087s][info][gc] GC(6431) Pause Young (G1 Evacuation Pause) 237M->22M(368M) 1,119ms
[1559,319s][info][gc] GC(6432) Pause Young (G1 Evacuation Pause) 237M->22M(368M) 1,218ms
[1559,582s][info][gc] GC(6433) Pause Young (G1 Evacuation Pause) 237M->23M(368M) 1,831ms
[1559,820s][info][gc] GC(6434) Pause Young (G1 Evacuation Pause) 237M->22M(368M) 1,048ms
[1560,079s][info][gc] GC(6435) Pause Young (G1 Evacuation Pause) 237M->22M(368M) 1,787ms
[1560,338s][info][gc] GC(6436) Pause Young (G1 Evacuation Pause) 237M->22M(368M) 1,731ms
[1560,593s][info][gc] GC(6437) Pause Young (G1 Evacuation Pause) 237M->22M(368M) 1,263ms
[1560,825s][info][gc] GC(6438) Pause Young (G1 Evacuation Pause) 237M->23M(368M) 1,279ms
[1561,081s][info][gc] GC(6439) Pause Young (G1 Evacuation Pause) 237M->22M(368M) 1,678ms
[1561,335s][info][gc] GC(6440) Pause Young (G1 Evacuation Pause) 237M->22M(368M) 1,895ms
[1561,599s][info][gc] GC(6441) Pause Young (G1 Evacuation Pause) 237M->22M(368M) 1,875ms
[1561,853s][info][gc] GC(6442) Pause Young (G1 Evacuation Pause) 237M->22M(368M) 1,912ms
[1562,098s][info][gc] GC(6443) Pause Young (G1 Evacuation Pause) 237M->22M(368M) 1,926ms
[1562,331s][info][gc] GC(6444) Pause Young (G1 Evacuation Pause) 236M->22M(368M) 1,399ms
[1562,588s][info][gc] GC(6445) Pause Young (G1 Evacuation Pause) 237M->22M(368M) 1,689ms
[1562,842s][info][gc] GC(6446) Pause Young (G1 Evacuation Pause) 237M->22M(368M) 1,723ms
[1563,100s][info][gc] GC(6447) Pause Young (G1 Evacuation Pause) 237M->22M(368M) 1,791ms
[1563,333s][info][gc] GC(6448) Pause Young (G1 Evacuation Pause) 237M->22M(368M) 1,327ms
[1563,594s][info][gc] GC(6449) Pause Young (G1 Evacuation Pause) 236M->22M(368M) 1,610ms
[1563,848s][info][gc] GC(6450) Pause Young (G1 Evacuation Pause) 237M->22M(368M) 1,736ms
[1564,113s][info][gc] GC(6451) Pause Young (G1 Evacuation Pause) 237M->22M(368M) 2,254ms
[1564,347s][info][gc] GC(6452) Pause Young (G1 Evacuation Pause) 237M->22M(368M) 1,389ms
[1564,600s][info][gc] GC(6453) Pause Young (G1 Evacuation Pause) 237M->22M(368M) 1,246ms
[1564,832s][info][gc] GC(6454) Pause Young (G1 Evacuation Pause) 237M->23M(368M) 1,147ms
[1565,091s][info][gc] GC(6455) Pause Young (G1 Evacuation Pause) 237M->22M(368M) 1,605ms
[1565,347s][info][gc] GC(6456) Pause Young (G1 Evacuation Pause) 237M->22M(368M) 3,286ms
[1565,616s][info][gc] GC(6457) Pause Young (G1 Evacuation Pause) 237M->22M(368M) 1,721ms
[1565,874s][info][gc] GC(6458) Pause Young (G1 Evacuation Pause) 237M->22M(368M) 3,738ms
[1566,128s][info][gc] GC(6459) Pause Young (G1 Evacuation Pause) 237M->23M(368M) 1,841ms
[1566,386s][info][gc] GC(6460) Pause Young (G1 Evacuation Pause) 237M->22M(368M) 2,460ms
[1566,640s][info][gc] GC(6461) Pause Young (G1 Evacuation Pause) 237M->22M(368M) 1,744ms
[1566,902s][info][gc] GC(6462) Pause Young (G1 Evacuation Pause) 237M->22M(368M) 1,738ms
[1567,136s][info][gc] GC(6463) Pause Young (G1 Evacuation Pause) 237M->22M(368M) 1,524ms
[1567,373s][info][gc] GC(6464) Pause Young (G1 Evacuation Pause) 237M->22M(368M) 3,985ms
[1567,633s][info][gc] GC(6465) Pause Young (G1 Evacuation Pause) 236M->22M(368M) 1,604ms
[1567,879s][info][gc] GC(6466) Pause Young (G1 Evacuation Pause) 237M->22M(368M) 3,220ms
[1568,143s][info][gc] GC(6467) Pause Young (G1 Evacuation Pause) 237M->22M(368M) 1,227ms
[1568,384s][info][gc] GC(6468) Pause Young (G1 Evacuation Pause) 237M->22M(368M) 3,753ms
[1568,637s][info][gc] GC(6469) Pause Young (G1 Evacuation Pause) 237M->23M(368M) 1,252ms
[1568,901s][info][gc] GC(6470) Pause Young (G1 Evacuation Pause) 237M->22M(368M) 2,198ms
[1569,155s][info][gc] GC(6471) Pause Young (G1 Evacuation Pause) 237M->22M(368M) 1,691ms
[1569,414s][info][gc] GC(6472) Pause Young (G1 Evacuation Pause) 237M->22M(368M) 2,334ms
[1569,676s][info][gc] GC(6473) Pause Young (G1 Evacuation Pause) 237M->22M(368M) 2,443ms
[1569,932s][info][gc] GC(6474) Pause Young (G1 Evacuation Pause) 237M->22M(368M) 1,858ms
[1570,186s][info][gc] GC(6475) Pause Young (G1 Evacuation Pause) 237M->23M(368M) 1,906ms
[1570,433s][info][gc] GC(6476) Pause Young (G1 Evacuation Pause) 237M->22M(368M) 1,780ms
[1570,703s][info][gc] GC(6477) Pause Young (G1 Evacuation Pause) 237M->22M(368M) 1,692ms
[1570,962s][info][gc] GC(6478) Pause Young (G1 Evacuation Pause) 237M->22M(368M) 1,926ms
[1571,197s][info][gc] GC(6479) Pause Young (G1 Evacuation Pause) 237M->22M(368M) 1,497ms
[1571,459s][info][gc] GC(6480) Pause Young (G1 Evacuation Pause) 236M->22M(368M) 1,633ms
[1571,710s][info][gc] GC(6481) Pause Young (G1 Evacuation Pause) 237M->22M(368M) 1,222ms
[1571,957s][info][gc] GC(6482) Pause Young (G1 Evacuation Pause) 237M->22M(368M) 1,962ms
[1572,211s][info][gc] GC(6483) Pause Young (G1 Evacuation Pause) 237M->22M(368M) 2,007ms
[1572,472s][info][gc] GC(6484) Pause Young (G1 Evacuation Pause) 237M->22M(368M) 2,340ms
[1572,710s][info][gc] GC(6485) Pause Young (G1 Evacuation Pause) 236M->22M(368M) 1,309ms
[1572,943s][info][gc] GC(6486) Pause Young (G1 Evacuation Pause) 237M->22M(368M) 1,341ms
[1573,176s][info][gc] GC(6487) Pause Young (G1 Evacuation Pause) 237M->22M(368M) 1,212ms
[1573,408s][info][gc] GC(6488) Pause Young (G1 Evacuation Pause) 237M->22M(368M) 1,219ms
[1573,661s][info][gc] GC(6489) Pause Young (G1 Evacuation Pause) 237M->22M(368M) 2,355ms
[1573,921s][info][gc] GC(6490) Pause Young (G1 Evacuation Pause) 237M->22M(368M) 1,706ms
[1574,171s][info][gc] GC(6491) Pause Young (G1 Evacuation Pause) 236M->22M(368M) 1,391ms
[1574,415s][info][gc] GC(6492) Pause Young (G1 Evacuation Pause) 237M->22M(368M) 2,362ms
[1574,650s][info][gc] GC(6493) Pause Young (G1 Evacuation Pause) 237M->22M(368M) 1,448ms
[1574,892s][info][gc] GC(6494) Pause Young (G1 Evacuation Pause) 237M->22M(368M) 2,355ms
[1575,126s][info][gc] GC(6495) Pause Young (G1 Evacuation Pause) 237M->22M(368M) 1,439ms
[1575,358s][info][gc] GC(6496) Pause Young (G1 Evacuation Pause) 236M->22M(368M) 1,343ms
[1575,591s][info][gc] GC(6497) Pause Young (G1 Evacuation Pause) 237M->22M(368M) 1,321ms
[1575,824s][info][gc] GC(6498) Pause Young (G1 Evacuation Pause) 237M->22M(368M) 1,172ms
[1576,081s][info][gc] GC(6499) Pause Young (G1 Evacuation Pause) 237M->22M(368M) 1,713ms
[1576,335s][info][gc] GC(6500) Pause Young (G1 Evacuation Pause) 237M->22M(368M) 1,811ms
[1576,594s][info][gc] GC(6501) Pause Young (G1 Evacuation Pause) 237M->23M(368M) 1,589ms
[1576,849s][info][gc] GC(6502) Pause Young (G1 Evacuation Pause) 237M->22M(368M) 1,815ms
[1577,105s][info][gc] GC(6503) Pause Young (G1 Evacuation Pause) 237M->22M(368M) 1,826ms
[1577,359s][info][gc] GC(6504) Pause Young (G1 Evacuation Pause) 237M->22M(368M) 1,666ms
[1577,616s][info][gc] GC(6505) Pause Young (G1 Evacuation Pause) 237M->22M(368M) 1,764ms
[1577,870s][info][gc] GC(6506) Pause Young (G1 Evacuation Pause) 237M->23M(368M) 1,857ms
[1578,104s][info][gc] GC(6507) Pause Young (G1 Evacuation Pause) 237M->22M(368M) 2,264ms
[1578,336s][info][gc] GC(6508) Pause Young (G1 Evacuation Pause) 237M->22M(368M) 1,345ms
[1578,570s][info][gc] GC(6509) Pause Young (G1 Evacuation Pause) 237M->22M(368M) 1,373ms
[1578,815s][info][gc] GC(6510) Pause Young (G1 Evacuation Pause) 237M->22M(368M) 1,465ms
[1579,069s][info][gc] GC(6511) Pause Young (G1 Evacuation Pause) 237M->22M(368M) 1,854ms
[1579,301s][info][gc] GC(6512) Pause Young (G1 Evacuation Pause) 236M->22M(368M) 1,248ms
[1579,535s][info][gc] GC(6513) Pause Young (G1 Evacuation Pause) 237M->22M(368M) 1,512ms
[1579,787s][info][gc] GC(6514) Pause Young (G1 Evacuation Pause) 237M->22M(368M) 1,525ms
[1580,047s][info][gc] GC(6515) Pause Young (G1 Evacuation Pause) 237M->22M(368M) 2,320ms
[1580,307s][info][gc] GC(6516) Pause Young (G1 Evacuation Pause) 237M->22M(368M) 1,838ms
[1580,570s][info][gc] GC(6517) Pause Young (G1 Evacuation Pause) 237M->22M(368M) 3,988ms
[1580,802s][info][gc] GC(6518) Pause Young (G1 Evacuation Pause) 236M->22M(368M) 1,210ms
[1581,061s][info][gc] GC(6519) Pause Young (G1 Evacuation Pause) 237M->22M(368M) 1,858ms
[1581,315s][info][gc] GC(6520) Pause Young (G1 Evacuation Pause) 237M->22M(368M) 1,789ms
[1581,575s][info][gc] GC(6521) Pause Young (G1 Evacuation Pause) 237M->22M(368M) 1,965ms
[1581,829s][info][gc] GC(6522) Pause Young (G1 Evacuation Pause) 236M->22M(368M) 1,692ms
[1582,093s][info][gc] GC(6523) Pause Young (G1 Evacuation Pause) 237M->21M(368M) 1,759ms
[1582,347s][info][gc] GC(6524) Pause Young (G1 Evacuation Pause) 236M->22M(368M) 1,783ms
[1582,617s][info][gc] GC(6525) Pause Young (G1 Evacuation Pause) 237M->22M(368M) 1,796ms
[1582,890s][info][gc] GC(6526) Pause Young (G1 Evacuation Pause) 237M->22M(368M) 4,207ms
[1583,145s][info][gc] GC(6527) Pause Young (G1 Evacuation Pause) 237M->23M(368M) 1,157ms
[1583,377s][info][gc] GC(6528) Pause Young (G1 Evacuation Pause) 237M->22M(368M) 1,184ms
[1583,613s][info][gc] GC(6529) Pause Young (G1 Evacuation Pause) 237M->22M(368M) 1,634ms
[1583,869s][info][gc] GC(6530) Pause Young (G1 Evacuation Pause) 237M->22M(368M) 3,790ms
[1584,123s][info][gc] GC(6531) Pause Young (G1 Evacuation Pause) 237M->22M(368M) 1,839ms
[1584,381s][info][gc] GC(6532) Pause Young (G1 Evacuation Pause) 237M->23M(368M) 2,347ms
[1584,621s][info][gc] GC(6533) Pause Young (G1 Evacuation Pause) 237M->22M(368M) 1,165ms
[1584,853s][info][gc] GC(6534) Pause Young (G1 Evacuation Pause) 237M->22M(368M) 1,069ms
[1585,106s][info][gc] GC(6535) Pause Young (G1 Evacuation Pause) 237M->22M(368M) 2,866ms
[1585,360s][info][gc] GC(6536) Pause Young (G1 Evacuation Pause) 237M->22M(368M) 1,706ms
[1585,614s][info][gc] GC(6537) Pause Young (G1 Evacuation Pause) 237M->22M(368M) 1,795ms
[1585,869s][info][gc] GC(6538) Pause Young (G1 Evacuation Pause) 236M->22M(368M) 3,709ms
[1586,138s][info][gc] GC(6539) Pause Young (G1 Evacuation Pause) 237M->22M(368M) 4,817ms
[1586,378s][info][gc] GC(6540) Pause Young (G1 Evacuation Pause) 237M->22M(368M) 3,593ms
[1586,633s][info][gc] GC(6541) Pause Young (G1 Evacuation Pause) 237M->22M(368M) 1,828ms
[1586,868s][info][gc] GC(6542) Pause Young (G1 Evacuation Pause) 237M->22M(368M) 1,329ms
[1587,100s][info][gc] GC(6543) Pause Young (G1 Evacuation Pause) 236M->22M(368M) 1,215ms
[1587,332s][info][gc] GC(6544) Pause Young (G1 Evacuation Pause) 237M->22M(368M) 1,394ms
[1587,565s][info][gc] GC(6545) Pause Young (G1 Evacuation Pause) 237M->22M(368M) 1,290ms
[1587,799s][info][gc] GC(6546) Pause Young (G1 Evacuation Pause) 237M->22M(368M) 1,589ms
[1588,048s][info][gc] GC(6547) Pause Young (G1 Evacuation Pause) 237M->22M(368M) 1,764ms
[1588,285s][info][gc] GC(6548) Pause Young (G1 Evacuation Pause) 237M->23M(368M) 1,368ms
[1588,546s][info][gc] GC(6549) Pause Young (G1 Evacuation Pause) 237M->22M(368M) 4,774ms
[1588,779s][info][gc] GC(6550) Pause Young (G1 Evacuation Pause) 237M->22M(368M) 1,368ms
[1589,030s][info][gc] GC(6551) Pause Young (G1 Evacuation Pause) 237M->22M(368M) 1,150ms
[1589,262s][info][gc] GC(6552) Pause Young (G1 Evacuation Pause) 237M->22M(368M) 1,227ms
[1589,495s][info][gc] GC(6553) Pause Young (G1 Evacuation Pause) 237M->22M(368M) 2,166ms
[1589,741s][info][gc] GC(6554) Pause Young (G1 Evacuation Pause) 236M->22M(368M) 1,472ms
[1589,997s][info][gc] GC(6555) Pause Young (G1 Evacuation Pause) 237M->22M(368M) 2,334ms
[1590,261s][info][gc] GC(6556) Pause Young (G1 Evacuation Pause) 237M->22M(368M) 1,853ms
[1590,515s][info][gc] GC(6557) Pause Young (G1 Evacuation Pause) 237M->22M(368M) 1,775ms
[1590,748s][info][gc] GC(6558) Pause Young (G1 Evacuation Pause) 237M->22M(368M) 1,244ms
[1590,981s][info][gc] GC(6559) Pause Young (G1 Evacuation Pause) 236M->21M(368M) 2,314ms
[1591,225s][info][gc] GC(6560) Pause Young (G1 Evacuation Pause) 236M->22M(368M) 2,440ms
[1591,464s][info][gc] GC(6561) Pause Young (G1 Evacuation Pause) 237M->22M(368M) 1,073ms
[1591,696s][info][gc] GC(6562) Pause Young (G1 Evacuation Pause) 237M->22M(368M) 1,118ms
[1591,944s][info][gc] GC(6563) Pause Young (G1 Evacuation Pause) 237M->22M(368M) 1,747ms
[1592,198s][info][gc] GC(6564) Pause Young (G1 Evacuation Pause) 237M->23M(368M) 1,959ms
[1592,445s][info][gc] GC(6565) Pause Young (G1 Evacuation Pause) 237M->22M(368M) 1,644ms
[1592,684s][info][gc] GC(6566) Pause Young (G1 Evacuation Pause) 237M->22M(368M) 1,107ms
[1592,916s][info][gc] GC(6567) Pause Young (G1 Evacuation Pause) 237M->22M(368M) 1,101ms
[1593,157s][info][gc] GC(6568) Pause Young (G1 Evacuation Pause) 237M->22M(368M) 4,398ms
[1593,399s][info][gc] GC(6569) Pause Young (G1 Evacuation Pause) 236M->22M(368M) 1,866ms
[1593,654s][info][gc] GC(6570) Pause Young (G1 Evacuation Pause) 237M->22M(368M) 1,979ms
[1593,910s][info][gc] GC(6571) Pause Young (G1 Evacuation Pause) 237M->22M(368M) 1,640ms
[1594,164s][info][gc] GC(6572) Pause Young (G1 Evacuation Pause) 237M->22M(368M) 2,382ms
[1594,424s][info][gc] GC(6573) Pause Young (G1 Evacuation Pause) 237M->22M(368M) 2,232ms
[1594,670s][info][gc] GC(6574) Pause Young (G1 Evacuation Pause) 237M->23M(368M) 1,165ms
[1594,935s][info][gc] GC(6575) Pause Young (G1 Evacuation Pause) 237M->22M(368M) 1,826ms
[1595,172s][info][gc] GC(6576) Pause Young (G1 Evacuation Pause) 237M->22M(368M) 1,603ms
[1595,424s][info][gc] GC(6577) Pause Young (G1 Evacuation Pause) 237M->22M(368M) 1,900ms
[1595,678s][info][gc] GC(6578) Pause Young (G1 Evacuation Pause) 237M->22M(368M) 1,773ms
[1595,932s][info][gc] GC(6579) Pause Young (G1 Evacuation Pause) 237M->22M(368M) 1,945ms
[1596,186s][info][gc] GC(6580) Pause Young (G1 Evacuation Pause) 236M->22M(368M) 1,672ms
[1596,445s][info][gc] GC(6581) Pause Young (G1 Evacuation Pause) 237M->22M(368M) 1,845ms
[1596,684s][info][gc] GC(6582) Pause Young (G1 Evacuation Pause) 237M->22M(368M) 1,073ms
[1596,930s][info][gc] GC(6583) Pause Young (G1 Evacuation Pause) 237M->22M(368M) 2,370ms
[1597,189s][info][gc] GC(6584) Pause Young (G1 Evacuation Pause) 237M->22M(368M) 1,778ms
[1597,436s][info][gc] GC(6585) Pause Young (G1 Evacuation Pause) 237M->23M(368M) 1,361ms
[1597,677s][info][gc] GC(6586) Pause Young (G1 Evacuation Pause) 237M->22M(368M) 4,016ms
[1597,932s][info][gc] GC(6587) Pause Young (G1 Evacuation Pause) 237M->22M(368M) 1,673ms
[1598,165s][info][gc] GC(6588) Pause Young (G1 Evacuation Pause) 237M->22M(368M) 1,241ms
[1598,410s][info][gc] GC(6589) Pause Young (G1 Evacuation Pause) 237M->22M(368M) 3,301ms
[1598,643s][info][gc] GC(6590) Pause Young (G1 Evacuation Pause) 236M->22M(368M) 1,226ms
[1598,884s][info][gc] GC(6591) Pause Young (G1 Evacuation Pause) 237M->22M(368M) 3,227ms
[1599,119s][info][gc] GC(6592) Pause Young (G1 Evacuation Pause) 237M->22M(368M) 1,590ms
[1599,352s][info][gc] GC(6593) Pause Young (G1 Evacuation Pause) 237M->22M(368M) 1,455ms
[1599,620s][info][gc] GC(6594) Pause Young (G1 Evacuation Pause) 237M->22M(368M) 1,691ms
[1599,877s][info][gc] GC(6595) Pause Young (G1 Evacuation Pause) 236M->22M(368M) 2,372ms
[1600,110s][info][gc] GC(6596) Pause Young (G1 Evacuation Pause) 237M->22M(368M) 1,059ms
[1600,342s][info][gc] GC(6597) Pause Young (G1 Evacuation Pause) 237M->22M(368M) 1,211ms
[1600,590s][info][gc] GC(6598) Pause Young (G1 Evacuation Pause) 237M->22M(368M) 1,244ms
[1600,822s][info][gc] GC(6599) Pause Young (G1 Evacuation Pause) 237M->22M(368M) 1,297ms
[1601,054s][info][gc] GC(6600) Pause Young (G1 Evacuation Pause) 237M->22M(368M) 1,147ms
[1601,286s][info][gc] GC(6601) Pause Young (G1 Evacuation Pause) 236M->22M(368M) 1,292ms
[1601,519s][info][gc] GC(6602) Pause Young (G1 Evacuation Pause) 237M->22M(368M) 1,284ms
[1601,777s][info][gc] GC(6603) Pause Young (G1 Evacuation Pause) 237M->22M(368M) 3,215ms
[1602,034s][info][gc] GC(6604) Pause Young (G1 Evacuation Pause) 237M->22M(368M) 1,690ms
[1602,288s][info][gc] GC(6605) Pause Young (G1 Evacuation Pause) 237M->22M(368M) 1,696ms
[1602,550s][info][gc] GC(6606) Pause Young (G1 Evacuation Pause) 236M->21M(368M) 3,183ms
[1602,782s][info][gc] GC(6607) Pause Young (G1 Evacuation Pause) 236M->22M(368M) 1,184ms
[1603,036s][info][gc] GC(6608) Pause Young (G1 Evacuation Pause) 237M->22M(368M) 1,706ms
[1603,274s][info][gc] GC(6609) Pause Young (G1 Evacuation Pause) 237M->22M(368M) 1,146ms
[1603,506s][info][gc] GC(6610) Pause Young (G1 Evacuation Pause) 237M->22M(368M) 1,158ms
[1603,738s][info][gc] GC(6611) Pause Young (G1 Evacuation Pause) 237M->23M(368M) 1,177ms
[1603,987s][info][gc] GC(6612) Pause Young (G1 Evacuation Pause) 237M->22M(368M) 1,736ms
[1604,238s][info][gc] GC(6613) Pause Young (G1 Evacuation Pause) 237M->22M(368M) 1,801ms
[1604,492s][info][gc] GC(6614) Pause Young (G1 Evacuation Pause) 237M->22M(368M) 1,863ms
[1604,729s][info][gc] GC(6615) Pause Young (G1 Evacuation Pause) 237M->22M(368M) 1,245ms
[1604,961s][info][gc] GC(6616) Pause Young (G1 Evacuation Pause) 237M->23M(368M) 1,283ms
[1605,193s][info][gc] GC(6617) Pause Young (G1 Evacuation Pause) 237M->22M(368M) 1,176ms
[1605,425s][info][gc] GC(6618) Pause Young (G1 Evacuation Pause) 237M->22M(368M) 1,203ms
[1605,662s][info][gc] GC(6619) Pause Young (G1 Evacuation Pause) 237M->22M(368M) 4,010ms
[1605,920s][info][gc] GC(6620) Pause Young (G1 Evacuation Pause) 237M->22M(368M) 1,691ms
[1606,157s][info][gc] GC(6621) Pause Young (G1 Evacuation Pause) 237M->22M(368M) 1,212ms
[1606,402s][info][gc] GC(6622) Pause Young (G1 Evacuation Pause) 236M->21M(368M) 4,201ms
[1606,656s][info][gc] GC(6623) Pause Young (G1 Evacuation Pause) 236M->22M(368M) 1,698ms
[1606,912s][info][gc] GC(6624) Pause Young (G1 Evacuation Pause) 237M->22M(368M) 1,785ms
[1607,166s][info][gc] GC(6625) Pause Young (G1 Evacuation Pause) 237M->22M(368M) 1,698ms
[1607,423s][info][gc] GC(6626) Pause Young (G1 Evacuation Pause) 237M->22M(368M) 1,864ms
[1607,668s][info][gc] GC(6627) Pause Young (G1 Evacuation Pause) 236M->22M(368M) 1,212ms
[1607,901s][info][gc] GC(6628) Pause Young (G1 Evacuation Pause) 237M->22M(368M) 1,465ms
[1608,135s][info][gc] GC(6629) Pause Young (G1 Evacuation Pause) 237M->22M(368M) 2,608ms
[1608,367s][info][gc] GC(6630) Pause Young (G1 Evacuation Pause) 237M->22M(368M) 1,312ms
[1608,607s][info][gc] GC(6631) Pause Young (G1 Evacuation Pause) 237M->22M(368M) 1,171ms
[1608,839s][info][gc] GC(6632) Pause Young (G1 Evacuation Pause) 237M->23M(368M) 1,225ms
[1609,105s][info][gc] GC(6633) Pause Young (G1 Evacuation Pause) 237M->22M(368M) 1,634ms
[1609,360s][info][gc] GC(6634) Pause Young (G1 Evacuation Pause) 237M->22M(368M) 1,993ms
[1609,614s][info][gc] GC(6635) Pause Young (G1 Evacuation Pause) 237M->22M(368M) 1,445ms
[1609,872s][info][gc] GC(6636) Pause Young (G1 Evacuation Pause) 237M->22M(368M) 1,799ms
[1610,105s][info][gc] GC(6637) Pause Young (G1 Evacuation Pause) 237M->23M(368M) 1,384ms
[1610,338s][info][gc] GC(6638) Pause Young (G1 Evacuation Pause) 237M->22M(368M) 1,640ms
[1610,571s][info][gc] GC(6639) Pause Young (G1 Evacuation Pause) 237M->22M(368M) 1,546ms
[1610,804s][info][gc] GC(6640) Pause Young (G1 Evacuation Pause) 237M->22M(368M) 1,456ms
[1611,057s][info][gc] GC(6641) Pause Young (G1 Evacuation Pause) 237M->22M(368M) 1,750ms
[1611,312s][info][gc] GC(6642) Pause Young (G1 Evacuation Pause) 237M->23M(368M) 1,961ms
[1611,569s][info][gc] GC(6643) Pause Young (G1 Evacuation Pause) 237M->22M(368M) 1,624ms
[1611,815s][info][gc] GC(6644) Pause Young (G1 Evacuation Pause) 237M->22M(368M) 1,622ms
[1612,081s][info][gc] GC(6645) Pause Young (G1 Evacuation Pause) 237M->22M(368M) 2,442ms
[1612,335s][info][gc] GC(6646) Pause Young (G1 Evacuation Pause) 237M->22M(368M) 1,802ms
[1612,595s][info][gc] GC(6647) Pause Young (G1 Evacuation Pause) 237M->22M(368M) 1,275ms
[1612,827s][info][gc] GC(6648) Pause Young (G1 Evacuation Pause) 236M->22M(368M) 1,104ms
[1613,059s][info][gc] GC(6649) Pause Young (G1 Evacuation Pause) 237M->22M(368M) 1,180ms
[1613,310s][info][gc] GC(6650) Pause Young (G1 Evacuation Pause) 237M->22M(368M) 2,334ms
[1613,564s][info][gc] GC(6651) Pause Young (G1 Evacuation Pause) 237M->22M(368M) 1,768ms
[1613,824s][info][gc] GC(6652) Pause Young (G1 Evacuation Pause) 237M->22M(368M) 1,923ms
[1614,070s][info][gc] GC(6653) Pause Young (G1 Evacuation Pause) 237M->23M(368M) 1,234ms
[1614,302s][info][gc] GC(6654) Pause Young (G1 Evacuation Pause) 237M->22M(368M) 1,165ms
[1614,535s][info][gc] GC(6655) Pause Young (G1 Evacuation Pause) 237M->22M(368M) 1,556ms
[1614,769s][info][gc] GC(6656) Pause Young (G1 Evacuation Pause) 237M->22M(368M) 1,662ms
[1615,003s][info][gc] GC(6657) Pause Young (G1 Evacuation Pause) 237M->22M(368M) 1,674ms
[1615,236s][info][gc] GC(6658) Pause Young (G1 Evacuation Pause) 236M->22M(368M) 1,500ms
[1615,487s][info][gc] GC(6659) Pause Young (G1 Evacuation Pause) 237M->21M(368M) 4,514ms
[1615,750s][info][gc] GC(6660) Pause Young (G1 Evacuation Pause) 236M->22M(368M) 2,428ms
[1615,993s][info][gc] GC(6661) Pause Young (G1 Evacuation Pause) 237M->22M(368M) 1,165ms
[1616,225s][info][gc] GC(6662) Pause Young (G1 Evacuation Pause) 237M->22M(368M) 1,329ms
[1616,473s][info][gc] GC(6663) Pause Young (G1 Evacuation Pause) 237M->23M(368M) 1,950ms
[1616,711s][info][gc] GC(6664) Pause Young (G1 Evacuation Pause) 237M->22M(368M) 1,117ms
[1616,968s][info][gc] GC(6665) Pause Young (G1 Evacuation Pause) 237M->22M(368M) 1,822ms
[1617,218s][info][gc] GC(6666) Pause Young (G1 Evacuation Pause) 237M->22M(368M) 1,158ms
[1617,450s][info][gc] GC(6667) Pause Young (G1 Evacuation Pause) 237M->22M(368M) 1,230ms
[1617,683s][info][gc] GC(6668) Pause Young (G1 Evacuation Pause) 237M->22M(368M) 1,568ms
[1617,944s][info][gc] GC(6669) Pause Young (G1 Evacuation Pause) 236M->21M(368M) 3,113ms
[1618,177s][info][gc] GC(6670) Pause Young (G1 Evacuation Pause) 236M->22M(368M) 1,193ms
[1618,421s][info][gc] GC(6671) Pause Young (G1 Evacuation Pause) 237M->22M(368M) 1,786ms
[1618,675s][info][gc] GC(6672) Pause Young (G1 Evacuation Pause) 237M->22M(368M) 1,756ms
[1618,914s][info][gc] GC(6673) Pause Young (G1 Evacuation Pause) 237M->22M(368M) 1,512ms
[1619,146s][info][gc] GC(6674) Pause Young (G1 Evacuation Pause) 236M->22M(368M) 1,060ms
[1619,385s][info][gc] GC(6675) Pause Young (G1 Evacuation Pause) 237M->22M(368M) 2,697ms
[1619,650s][info][gc] GC(6676) Pause Young (G1 Evacuation Pause) 237M->22M(368M) 1,780ms
[1619,904s][info][gc] GC(6677) Pause Young (G1 Evacuation Pause) 237M->22M(368M) 1,847ms
[1620,151s][info][gc] GC(6678) Pause Young (G1 Evacuation Pause) 237M->22M(368M) 1,314ms
[1620,392s][info][gc] GC(6679) Pause Young (G1 Evacuation Pause) 236M->22M(368M) 2,216ms
[1620,635s][info][gc] GC(6680) Pause Young (G1 Evacuation Pause) 237M->22M(368M) 1,055ms
[1620,867s][info][gc] GC(6681) Pause Young (G1 Evacuation Pause) 237M->22M(368M) 1,079ms
[1621,099s][info][gc] GC(6682) Pause Young (G1 Evacuation Pause) 237M->22M(368M) 1,297ms
[1621,351s][info][gc] GC(6683) Pause Young (G1 Evacuation Pause) 237M->22M(368M) 1,727ms
[1621,605s][info][gc] GC(6684) Pause Young (G1 Evacuation Pause) 236M->22M(368M) 1,563ms
[1621,858s][info][gc] GC(6685) Pause Young (G1 Evacuation Pause) 237M->22M(368M) 1,682ms
[1622,091s][info][gc] GC(6686) Pause Young (G1 Evacuation Pause) 237M->22M(368M) 1,215ms
[1622,337s][info][gc] GC(6687) Pause Young (G1 Evacuation Pause) 237M->22M(368M) 1,506ms
[1622,596s][info][gc] GC(6688) Pause Young (G1 Evacuation Pause) 237M->22M(368M) 1,897ms
[1622,850s][info][gc] GC(6689) Pause Young (G1 Evacuation Pause) 237M->22M(368M) 1,948ms
[1623,115s][info][gc] GC(6690) Pause Young (G1 Evacuation Pause) 236M->21M(368M) 3,457ms
[1623,347s][info][gc] GC(6691) Pause Young (G1 Evacuation Pause) 236M->22M(368M) 1,370ms
[1623,579s][info][gc] GC(6692) Pause Young (G1 Evacuation Pause) 237M->22M(368M) 1,310ms
[1623,812s][info][gc] GC(6693) Pause Young (G1 Evacuation Pause) 237M->22M(368M) 1,313ms
[1624,046s][info][gc] GC(6694) Pause Young (G1 Evacuation Pause) 236M->21M(368M) 2,981ms
[1624,278s][info][gc] GC(6695) Pause Young (G1 Evacuation Pause) 236M->22M(368M) 1,176ms
[1624,533s][info][gc] GC(6696) Pause Young (G1 Evacuation Pause) 237M->21M(368M) 2,594ms
[1624,765s][info][gc] GC(6697) Pause Young (G1 Evacuation Pause) 236M->22M(368M) 1,063ms
[1625,012s][info][gc] GC(6698) Pause Young (G1 Evacuation Pause) 237M->22M(368M) 1,121ms
[1625,244s][info][gc] GC(6699) Pause Young (G1 Evacuation Pause) 237M->22M(368M) 1,177ms
[1625,496s][info][gc] GC(6700) Pause Young (G1 Evacuation Pause) 237M->23M(368M) 1,765ms
[1625,750s][info][gc] GC(6701) Pause Young (G1 Evacuation Pause) 237M->22M(368M) 1,603ms
[1626,007s][info][gc] GC(6702) Pause Young (G1 Evacuation Pause) 237M->22M(368M) 1,642ms
[1626,261s][info][gc] GC(6703) Pause Young (G1 Evacuation Pause) 237M->22M(368M) 1,837ms
[1626,520s][info][gc] GC(6704) Pause Young (G1 Evacuation Pause) 237M->22M(368M) 1,154ms
[1626,752s][info][gc] GC(6705) Pause Young (G1 Evacuation Pause) 237M->23M(368M) 1,317ms
[1627,003s][info][gc] GC(6706) Pause Young (G1 Evacuation Pause) 237M->22M(368M) 1,805ms
[1627,257s][info][gc] GC(6707) Pause Young (G1 Evacuation Pause) 237M->22M(368M) 1,806ms
[1627,515s][info][gc] GC(6708) Pause Young (G1 Evacuation Pause) 237M->22M(368M) 1,764ms
[1627,769s][info][gc] GC(6709) Pause Young (G1 Evacuation Pause) 237M->22M(368M) 1,848ms
[1628,002s][info][gc] GC(6710) Pause Young (G1 Evacuation Pause) 237M->22M(368M) 1,242ms
[1628,234s][info][gc] GC(6711) Pause Young (G1 Evacuation Pause) 236M->22M(368M) 1,047ms
[1628,485s][info][gc] GC(6712) Pause Young (G1 Evacuation Pause) 237M->22M(368M) 1,846ms
[1628,725s][info][gc] GC(6713) Pause Young (G1 Evacuation Pause) 237M->22M(368M) 1,102ms
[1628,957s][info][gc] GC(6714) Pause Young (G1 Evacuation Pause) 237M->22M(368M) 1,250ms
[1629,189s][info][gc] GC(6715) Pause Young (G1 Evacuation Pause) 237M->22M(368M) 1,370ms
[1629,444s][info][gc] GC(6716) Pause Young (G1 Evacuation Pause) 236M->22M(368M) 1,294ms
[1629,701s][info][gc] GC(6717) Pause Young (G1 Evacuation Pause) 237M->22M(368M) 1,776ms
[1629,955s][info][gc] GC(6718) Pause Young (G1 Evacuation Pause) 237M->22M(368M) 1,647ms
[1630,209s][info][gc] GC(6719) Pause Young (G1 Evacuation Pause) 237M->22M(368M) 1,775ms
[1630,447s][info][gc] GC(6720) Pause Young (G1 Evacuation Pause) 237M->22M(368M) 1,316ms
[1630,679s][info][gc] GC(6721) Pause Young (G1 Evacuation Pause) 236M->22M(368M) 1,147ms
[1630,911s][info][gc] GC(6722) Pause Young (G1 Evacuation Pause) 237M->22M(368M) 1,121ms
[1631,143s][info][gc] GC(6723) Pause Young (G1 Evacuation Pause) 237M->22M(368M) 1,226ms
[1631,384s][info][gc] GC(6724) Pause Young (G1 Evacuation Pause) 237M->22M(368M) 3,799ms
[1631,620s][info][gc] GC(6725) Pause Young (G1 Evacuation Pause) 237M->22M(368M) 1,399ms
[1631,853s][info][gc] GC(6726) Pause Young (G1 Evacuation Pause) 237M->23M(368M) 1,743ms
[1632,086s][info][gc] GC(6727) Pause Young (G1 Evacuation Pause) 237M->22M(368M) 1,537ms
[1632,319s][info][gc] GC(6728) Pause Young (G1 Evacuation Pause) 237M->22M(368M) 1,424ms
[1632,553s][info][gc] GC(6729) Pause Young (G1 Evacuation Pause) 237M->22M(368M) 2,318ms
[1632,803s][info][gc] GC(6730) Pause Young (G1 Evacuation Pause) 237M->22M(368M) 1,765ms
[1633,056s][info][gc] GC(6731) Pause Young (G1 Evacuation Pause) 237M->22M(368M) 1,440ms
[1633,290s][info][gc] GC(6732) Pause Young (G1 Evacuation Pause) 236M->22M(368M) 1,198ms
[1633,535s][info][gc] GC(6733) Pause Young (G1 Evacuation Pause) 237M->22M(368M) 1,505ms
[1633,768s][info][gc] GC(6734) Pause Young (G1 Evacuation Pause) 237M->22M(368M) 1,520ms
[1634,021s][info][gc] GC(6735) Pause Young (G1 Evacuation Pause) 237M->22M(368M) 1,731ms
[1634,280s][info][gc] GC(6736) Pause Young (G1 Evacuation Pause) 237M->22M(368M) 1,753ms
[1634,534s][info][gc] GC(6737) Pause Young (G1 Evacuation Pause) 236M->22M(368M) 1,738ms
[1634,788s][info][gc] GC(6738) Pause Young (G1 Evacuation Pause) 237M->22M(368M) 1,584ms
[1635,041s][info][gc] GC(6739) Pause Young (G1 Evacuation Pause) 237M->22M(368M) 1,181ms
[1635,273s][info][gc] GC(6740) Pause Young (G1 Evacuation Pause) 237M->22M(368M) 1,211ms
[1635,533s][info][gc] GC(6741) Pause Young (G1 Evacuation Pause) 237M->22M(368M) 1,754ms
[1635,795s][info][gc] GC(6742) Pause Young (G1 Evacuation Pause) 237M->23M(368M) 1,932ms
[1636,055s][info][gc] GC(6743) Pause Young (G1 Evacuation Pause) 237M->22M(368M) 1,716ms
[1636,309s][info][gc] GC(6744) Pause Young (G1 Evacuation Pause) 237M->22M(368M) 1,690ms
[1636,563s][info][gc] GC(6745) Pause Young (G1 Evacuation Pause) 237M->22M(368M) 1,420ms
[1636,817s][info][gc] GC(6746) Pause Young (G1 Evacuation Pause) 237M->22M(368M) 1,958ms
[1637,073s][info][gc] GC(6747) Pause Young (G1 Evacuation Pause) 237M->23M(368M) 1,922ms
[1637,328s][info][gc] GC(6748) Pause Young (G1 Evacuation Pause) 237M->22M(368M) 2,033ms
[1637,582s][info][gc] GC(6749) Pause Young (G1 Evacuation Pause) 237M->22M(368M) 1,209ms
[1637,814s][info][gc] GC(6750) Pause Young (G1 Evacuation Pause) 237M->22M(368M) 1,197ms
[1638,069s][info][gc] GC(6751) Pause Young (G1 Evacuation Pause) 237M->22M(368M) 1,855ms
[1638,305s][info][gc] GC(6752) Pause Young (G1 Evacuation Pause) 236M->21M(368M) 1,079ms
[1638,537s][info][gc] GC(6753) Pause Young (G1 Evacuation Pause) 236M->22M(368M) 1,144ms
[1638,769s][info][gc] GC(6754) Pause Young (G1 Evacuation Pause) 237M->22M(368M) 1,153ms
[1639,002s][info][gc] GC(6755) Pause Young (G1 Evacuation Pause) 237M->22M(368M) 2,290ms
[1639,246s][info][gc] GC(6756) Pause Young (G1 Evacuation Pause) 237M->22M(368M) 1,159ms
[1639,498s][info][gc] GC(6757) Pause Young (G1 Evacuation Pause) 236M->21M(368M) 1,628ms
[1639,731s][info][gc] GC(6758) Pause Young (G1 Evacuation Pause) 236M->21M(368M) 1,448ms
[1639,973s][info][gc] GC(6759) Pause Young (G1 Evacuation Pause) 236M->22M(368M) 1,248ms
[1640,206s][info][gc] GC(6760) Pause Young (G1 Evacuation Pause) 237M->22M(368M) 1,471ms
[1640,452s][info][gc] GC(6761) Pause Young (G1 Evacuation Pause) 237M->22M(368M) 1,781ms
[1640,691s][info][gc] GC(6762) Pause Young (G1 Evacuation Pause) 237M->22M(368M) 1,430ms
[1640,939s][info][gc] GC(6763) Pause Young (G1 Evacuation Pause) 237M->23M(368M) 2,318ms
[1641,193s][info][gc] GC(6764) Pause Young (G1 Evacuation Pause) 237M->22M(368M) 1,600ms
[1641,450s][info][gc] GC(6765) Pause Young (G1 Evacuation Pause) 237M->22M(368M) 1,712ms
[1641,704s][info][gc] GC(6766) Pause Young (G1 Evacuation Pause) 237M->22M(368M) 1,711ms
[1641,951s][info][gc] GC(6767) Pause Young (G1 Evacuation Pause) 237M->22M(368M) 1,739ms
[1642,205s][info][gc] GC(6768) Pause Young (G1 Evacuation Pause) 237M->23M(368M) 1,726ms
[1642,462s][info][gc] GC(6769) Pause Young (G1 Evacuation Pause) 237M->22M(368M) 1,720ms
[1642,705s][info][gc] GC(6770) Pause Young (G1 Evacuation Pause) 237M->22M(368M) 1,163ms
[1642,950s][info][gc] GC(6771) Pause Young (G1 Evacuation Pause) 237M->22M(368M) 1,751ms
[1643,202s][info][gc] GC(6772) Pause Young (G1 Evacuation Pause) 237M->22M(368M) 1,145ms
[1643,468s][info][gc] GC(6773) Pause Young (G1 Evacuation Pause) 237M->23M(368M) 2,488ms
[1643,734s][info][gc] GC(6774) Pause Young (G1 Evacuation Pause) 237M->22M(368M) 1,589ms
[1643,987s][info][gc] GC(6775) Pause Young (G1 Evacuation Pause) 237M->22M(368M) 1,829ms
[1644,241s][info][gc] GC(6776) Pause Young (G1 Evacuation Pause) 237M->22M(368M) 1,741ms
[1644,500s][info][gc] GC(6777) Pause Young (G1 Evacuation Pause) 237M->22M(368M) 1,806ms
[1644,752s][info][gc] GC(6778) Pause Young (G1 Evacuation Pause) 237M->22M(368M) 1,838ms
[1645,019s][info][gc] GC(6779) Pause Young (G1 Evacuation Pause) 237M->23M(368M) 1,891ms
[1645,273s][info][gc] GC(6780) Pause Young (G1 Evacuation Pause) 237M->22M(368M) 1,821ms
[1645,528s][info][gc] GC(6781) Pause Young (G1 Evacuation Pause) 237M->22M(368M) 1,687ms
[1645,782s][info][gc] GC(6782) Pause Young (G1 Evacuation Pause) 237M->22M(368M) 1,889ms
[1646,036s][info][gc] GC(6783) Pause Young (G1 Evacuation Pause) 237M->22M(368M) 1,821ms
[1646,290s][info][gc] GC(6784) Pause Young (G1 Evacuation Pause) 237M->23M(368M) 1,852ms
[1646,557s][info][gc] GC(6785) Pause Young (G1 Evacuation Pause) 237M->22M(368M) 1,635ms
[1646,811s][info][gc] GC(6786) Pause Young (G1 Evacuation Pause) 237M->22M(368M) 1,752ms
[1647,076s][info][gc] GC(6787) Pause Young (G1 Evacuation Pause) 237M->22M(368M) 2,397ms
[1647,339s][info][gc] GC(6788) Pause Young (G1 Evacuation Pause) 237M->22M(368M) 1,721ms
[1647,610s][info][gc] GC(6789) Pause Young (G1 Evacuation Pause) 237M->23M(368M) 1,734ms
[1647,848s][info][gc] GC(6790) Pause Young (G1 Evacuation Pause) 237M->21M(368M) 2,789ms
[1648,105s][info][gc] GC(6791) Pause Young (G1 Evacuation Pause) 236M->22M(368M) 1,688ms
[1648,337s][info][gc] GC(6792) Pause Young (G1 Evacuation Pause) 237M->22M(368M) 1,193ms
[1648,590s][info][gc] GC(6793) Pause Young (G1 Evacuation Pause) 237M->22M(368M) 1,245ms
[1648,836s][info][gc] GC(6794) Pause Young (G1 Evacuation Pause) 237M->23M(368M) 2,360ms
[1649,070s][info][gc] GC(6795) Pause Young (G1 Evacuation Pause) 237M->22M(368M) 1,483ms
[1649,310s][info][gc] GC(6796) Pause Young (G1 Evacuation Pause) 237M->22M(368M) 3,294ms
[1649,569s][info][gc] GC(6797) Pause Young (G1 Evacuation Pause) 237M->22M(368M) 1,774ms
[1649,803s][info][gc] GC(6798) Pause Young (G1 Evacuation Pause) 237M->22M(368M) 1,292ms
[1650,036s][info][gc] GC(6799) Pause Young (G1 Evacuation Pause) 237M->22M(368M) 1,570ms
[1650,269s][info][gc] GC(6800) Pause Young (G1 Evacuation Pause) 236M->22M(368M) 1,387ms
[1650,503s][info][gc] GC(6801) Pause Young (G1 Evacuation Pause) 237M->22M(368M) 1,425ms
[1650,735s][info][gc] GC(6802) Pause Young (G1 Evacuation Pause) 237M->22M(368M) 1,121ms
[1650,983s][info][gc] GC(6803) Pause Young (G1 Evacuation Pause) 237M->22M(368M) 1,651ms
[1651,237s][info][gc] GC(6804) Pause Young (G1 Evacuation Pause) 237M->22M(368M) 1,814ms
[1651,485s][info][gc] GC(6805) Pause Young (G1 Evacuation Pause) 237M->23M(368M) 1,344ms
[1651,730s][info][gc] GC(6806) Pause Young (G1 Evacuation Pause) 237M->22M(368M) 1,745ms
[1651,984s][info][gc] GC(6807) Pause Young (G1 Evacuation Pause) 237M->22M(368M) 1,729ms
[1652,242s][info][gc] GC(6808) Pause Young (G1 Evacuation Pause) 237M->22M(368M) 1,759ms
[1652,502s][info][gc] GC(6809) Pause Young (G1 Evacuation Pause) 237M->22M(368M) 1,731ms
[1652,734s][info][gc] GC(6810) Pause Young (G1 Evacuation Pause) 236M->22M(368M) 1,233ms
[1652,985s][info][gc] GC(6811) Pause Young (G1 Evacuation Pause) 237M->22M(368M) 1,631ms
[1653,229s][info][gc] GC(6812) Pause Young (G1 Evacuation Pause) 237M->22M(368M) 1,299ms
[1653,473s][info][gc] GC(6813) Pause Young (G1 Evacuation Pause) 237M->22M(368M) 1,889ms
[1653,727s][info][gc] GC(6814) Pause Young (G1 Evacuation Pause) 237M->22M(368M) 1,771ms
[1653,976s][info][gc] GC(6815) Pause Young (G1 Evacuation Pause) 237M->23M(368M) 1,836ms
[1654,230s][info][gc] GC(6816) Pause Young (G1 Evacuation Pause) 237M->22M(368M) 1,732ms
[1654,484s][info][gc] GC(6817) Pause Young (G1 Evacuation Pause) 237M->22M(368M) 1,776ms
[1654,734s][info][gc] GC(6818) Pause Young (G1 Evacuation Pause) 237M->22M(368M) 1,640ms
[1654,987s][info][gc] GC(6819) Pause Young (G1 Evacuation Pause) 237M->22M(368M) 1,553ms
[1655,220s][info][gc] GC(6820) Pause Young (G1 Evacuation Pause) 237M->22M(368M) 1,619ms
[1655,470s][info][gc] GC(6821) Pause Young (G1 Evacuation Pause) 236M->22M(368M) 1,884ms
[1655,728s][info][gc] GC(6822) Pause Young (G1 Evacuation Pause) 237M->22M(368M) 1,678ms
[1655,969s][info][gc] GC(6823) Pause Young (G1 Evacuation Pause) 237M->22M(368M) 1,209ms
[1656,221s][info][gc] GC(6824) Pause Young (G1 Evacuation Pause) 237M->22M(368M) 1,693ms
[1656,477s][info][gc] GC(6825) Pause Young (G1 Evacuation Pause) 237M->22M(368M) 1,776ms
[1656,712s][info][gc] GC(6826) Pause Young (G1 Evacuation Pause) 237M->23M(368M) 1,212ms
[1656,960s][info][gc] GC(6827) Pause Young (G1 Evacuation Pause) 237M->22M(368M) 1,619ms
[1657,214s][info][gc] GC(6828) Pause Young (G1 Evacuation Pause) 237M->22M(368M) 1,802ms
[1657,468s][info][gc] GC(6829) Pause Young (G1 Evacuation Pause) 237M->22M(368M) 1,777ms
[1657,701s][info][gc] GC(6830) Pause Young (G1 Evacuation Pause) 237M->22M(368M) 1,132ms
[1657,947s][info][gc] GC(6831) Pause Young (G1 Evacuation Pause) 237M->23M(368M) 1,772ms
[1658,199s][info][gc] GC(6832) Pause Young (G1 Evacuation Pause) 237M->22M(368M) 1,748ms
[1658,460s][info][gc] GC(6833) Pause Young (G1 Evacuation Pause) 237M->22M(368M) 1,778ms
[1658,714s][info][gc] GC(6834) Pause Young (G1 Evacuation Pause) 237M->22M(368M) 1,800ms
[1658,970s][info][gc] GC(6835) Pause Young (G1 Evacuation Pause) 237M->22M(368M) 3,502ms
[1659,205s][info][gc] GC(6836) Pause Young (G1 Evacuation Pause) 237M->22M(368M) 1,541ms
[1659,439s][info][gc] GC(6837) Pause Young (G1 Evacuation Pause) 236M->21M(368M) 2,699ms
[1659,681s][info][gc] GC(6838) Pause Young (G1 Evacuation Pause) 236M->22M(368M) 2,406ms
[1659,926s][info][gc] GC(6839) Pause Young (G1 Evacuation Pause) 237M->22M(368M) 2,259ms
[1660,187s][info][gc] GC(6840) Pause Young (G1 Evacuation Pause) 237M->22M(368M) 2,421ms
[1660,448s][info][gc] GC(6841) Pause Young (G1 Evacuation Pause) 237M->22M(368M) 1,775ms
[1660,688s][info][gc] GC(6842) Pause Young (G1 Evacuation Pause) 236M->22M(368M) 1,103ms
[1660,920s][info][gc] GC(6843) Pause Young (G1 Evacuation Pause) 237M->22M(368M) 1,278ms
[1661,152s][info][gc] GC(6844) Pause Young (G1 Evacuation Pause) 237M->22M(368M) 1,254ms
[1661,384s][info][gc] GC(6845) Pause Young (G1 Evacuation Pause) 237M->22M(368M) 1,187ms
[1661,616s][info][gc] GC(6846) Pause Young (G1 Evacuation Pause) 236M->21M(368M) 1,199ms
[1661,848s][info][gc] GC(6847) Pause Young (G1 Evacuation Pause) 237M->22M(368M) 1,347ms
[1662,081s][info][gc] GC(6848) Pause Young (G1 Evacuation Pause) 236M->22M(368M) 1,306ms
[1662,313s][info][gc] GC(6849) Pause Young (G1 Evacuation Pause) 237M->22M(368M) 1,261ms
[1662,570s][info][gc] GC(6850) Pause Young (G1 Evacuation Pause) 237M->22M(368M) 1,920ms
[1662,828s][info][gc] GC(6851) Pause Young (G1 Evacuation Pause) 237M->22M(368M) 1,740ms
[1663,083s][info][gc] GC(6852) Pause Young (G1 Evacuation Pause) 237M->23M(368M) 2,054ms
[1663,317s][info][gc] GC(6853) Pause Young (G1 Evacuation Pause) 237M->22M(368M) 1,152ms
[1663,587s][info][gc] GC(6854) Pause Young (G1 Evacuation Pause) 237M->22M(368M) 3,953ms
[1663,837s][info][gc] GC(6855) Pause Young (G1 Evacuation Pause) 237M->22M(368M) 1,635ms
[1664,085s][info][gc] GC(6856) Pause Young (G1 Evacuation Pause) 237M->22M(368M) 1,390ms
[1664,317s][info][gc] GC(6857) Pause Young (G1 Evacuation Pause) 236M->21M(368M) 1,260ms
[1664,571s][info][gc] GC(6858) Pause Young (G1 Evacuation Pause) 236M->22M(368M) 1,461ms
[1664,804s][info][gc] GC(6859) Pause Young (G1 Evacuation Pause) 237M->22M(368M) 1,567ms
[1665,037s][info][gc] GC(6860) Pause Young (G1 Evacuation Pause) 237M->22M(368M) 1,499ms
[1665,270s][info][gc] GC(6861) Pause Young (G1 Evacuation Pause) 237M->22M(368M) 1,540ms
[1665,503s][info][gc] GC(6862) Pause Young (G1 Evacuation Pause) 237M->23M(368M) 1,421ms
[1665,736s][info][gc] GC(6863) Pause Young (G1 Evacuation Pause) 237M->22M(368M) 1,550ms
[1665,984s][info][gc] GC(6864) Pause Young (G1 Evacuation Pause) 237M->22M(368M) 1,189ms
[1666,216s][info][gc] GC(6865) Pause Young (G1 Evacuation Pause) 237M->22M(368M) 1,149ms
[1666,462s][info][gc] GC(6866) Pause Young (G1 Evacuation Pause) 237M->22M(368M) 1,689ms
[1666,695s][info][gc] GC(6867) Pause Young (G1 Evacuation Pause) 237M->22M(368M) 1,142ms
[1666,927s][info][gc] GC(6868) Pause Young (G1 Evacuation Pause) 236M->22M(368M) 1,045ms
[1667,159s][info][gc] GC(6869) Pause Young (G1 Evacuation Pause) 237M->22M(368M) 1,240ms
[1667,392s][info][gc] GC(6870) Pause Young (G1 Evacuation Pause) 237M->22M(368M) 1,911ms
[1667,624s][info][gc] GC(6871) Pause Young (G1 Evacuation Pause) 237M->22M(368M) 1,339ms
[1667,856s][info][gc] GC(6872) Pause Young (G1 Evacuation Pause) 237M->22M(368M) 1,179ms
[1668,088s][info][gc] GC(6873) Pause Young (G1 Evacuation Pause) 237M->23M(368M) 1,159ms
[1668,320s][info][gc] GC(6874) Pause Young (G1 Evacuation Pause) 237M->22M(368M) 1,238ms
[1668,574s][info][gc] GC(6875) Pause Young (G1 Evacuation Pause) 237M->22M(368M) 1,156ms
[1668,806s][info][gc] GC(6876) Pause Young (G1 Evacuation Pause) 237M->22M(368M) 1,184ms
[1669,038s][info][gc] GC(6877) Pause Young (G1 Evacuation Pause) 237M->22M(368M) 1,146ms
[1669,270s][info][gc] GC(6878) Pause Young (G1 Evacuation Pause) 236M->22M(368M) 1,150ms
[1669,502s][info][gc] GC(6879) Pause Young (G1 Evacuation Pause) 237M->22M(368M) 1,202ms
[1669,734s][info][gc] GC(6880) Pause Young (G1 Evacuation Pause) 237M->22M(368M) 1,139ms
[1669,966s][info][gc] GC(6881) Pause Young (G1 Evacuation Pause) 237M->22M(368M) 1,262ms
[1670,198s][info][gc] GC(6882) Pause Young (G1 Evacuation Pause) 237M->22M(368M) 1,285ms
[1670,445s][info][gc] GC(6883) Pause Young (G1 Evacuation Pause) 237M->23M(368M) 1,929ms
[1670,702s][info][gc] GC(6884) Pause Young (G1 Evacuation Pause) 237M->22M(368M) 1,735ms
[1670,935s][info][gc] GC(6885) Pause Young (G1 Evacuation Pause) 237M->22M(368M) 1,334ms
[1671,169s][info][gc] GC(6886) Pause Young (G1 Evacuation Pause) 237M->22M(368M) 1,447ms
[1671,413s][info][gc] GC(6887) Pause Young (G1 Evacuation Pause) 237M->22M(368M) 2,235ms
[1671,649s][info][gc] GC(6888) Pause Young (G1 Evacuation Pause) 237M->22M(368M) 1,479ms
[1671,882s][info][gc] GC(6889) Pause Young (G1 Evacuation Pause) 236M->21M(368M) 1,847ms
[1672,116s][info][gc] GC(6890) Pause Young (G1 Evacuation Pause) 236M->21M(368M) 2,866ms
[1672,349s][info][gc] GC(6891) Pause Young (G1 Evacuation Pause) 236M->22M(368M) 1,429ms
[1672,604s][info][gc] GC(6892) Pause Young (G1 Evacuation Pause) 237M->22M(368M) 1,249ms
[1672,837s][info][gc] GC(6893) Pause Young (G1 Evacuation Pause) 237M->22M(368M) 1,484ms
[1673,088s][info][gc] GC(6894) Pause Young (G1 Evacuation Pause) 237M->23M(368M) 1,881ms
[1673,344s][info][gc] GC(6895) Pause Young (G1 Evacuation Pause) 237M->22M(368M) 2,327ms
[1673,597s][info][gc] GC(6896) Pause Young (G1 Evacuation Pause) 237M->22M(368M) 1,294ms
[1673,830s][info][gc] GC(6897) Pause Young (G1 Evacuation Pause) 237M->22M(368M) 1,306ms
[1674,087s][info][gc] GC(6898) Pause Young (G1 Evacuation Pause) 237M->22M(368M) 1,955ms
[1674,321s][info][gc] GC(6899) Pause Young (G1 Evacuation Pause) 237M->23M(368M) 1,578ms
[1674,553s][info][gc] GC(6900) Pause Young (G1 Evacuation Pause) 237M->22M(368M) 1,235ms
[1674,804s][info][gc] GC(6901) Pause Young (G1 Evacuation Pause) 237M->22M(368M) 1,885ms
[1675,067s][info][gc] GC(6902) Pause Young (G1 Evacuation Pause) 237M->22M(368M) 3,390ms
[1675,299s][info][gc] GC(6903) Pause Young (G1 Evacuation Pause) 237M->22M(368M) 1,387ms
[1675,557s][info][gc] GC(6904) Pause Young (G1 Evacuation Pause) 236M->22M(368M) 1,152ms
[1675,789s][info][gc] GC(6905) Pause Young (G1 Evacuation Pause) 237M->22M(368M) 1,158ms
[1676,044s][info][gc] GC(6906) Pause Young (G1 Evacuation Pause) 237M->22M(368M) 1,779ms
[1676,291s][info][gc] GC(6907) Pause Young (G1 Evacuation Pause) 237M->22M(368M) 2,230ms
[1676,544s][info][gc] GC(6908) Pause Young (G1 Evacuation Pause) 237M->22M(368M) 2,819ms
[1676,776s][info][gc] GC(6909) Pause Young (G1 Evacuation Pause) 237M->22M(368M) 1,272ms
[1677,032s][info][gc] GC(6910) Pause Young (G1 Evacuation Pause) 236M->22M(368M) 1,717ms
[1677,286s][info][gc] GC(6911) Pause Young (G1 Evacuation Pause) 237M->22M(368M) 1,856ms
[1677,540s][info][gc] GC(6912) Pause Young (G1 Evacuation Pause) 237M->22M(368M) 1,699ms
[1677,794s][info][gc] GC(6913) Pause Young (G1 Evacuation Pause) 237M->22M(368M) 1,668ms
[1678,058s][info][gc] GC(6914) Pause Young (G1 Evacuation Pause) 237M->22M(368M) 2,401ms
[1678,298s][info][gc] GC(6915) Pause Young (G1 Evacuation Pause) 236M->22M(368M) 1,182ms
[1678,530s][info][gc] GC(6916) Pause Young (G1 Evacuation Pause) 237M->22M(368M) 1,058ms
[1678,762s][info][gc] GC(6917) Pause Young (G1 Evacuation Pause) 237M->22M(368M) 1,092ms
[1678,994s][info][gc] GC(6918) Pause Young (G1 Evacuation Pause) 237M->22M(368M) 1,117ms
[1679,253s][info][gc] GC(6919) Pause Young (G1 Evacuation Pause) 237M->22M(368M) 1,858ms
[1679,507s][info][gc] GC(6920) Pause Young (G1 Evacuation Pause) 237M->23M(368M) 1,571ms
[1679,771s][info][gc] GC(6921) Pause Young (G1 Evacuation Pause) 237M->22M(368M) 2,274ms
[1680,025s][info][gc] GC(6922) Pause Young (G1 Evacuation Pause) 237M->22M(368M) 1,835ms
[1680,258s][info][gc] GC(6923) Pause Young (G1 Evacuation Pause) 237M->22M(368M) 1,323ms
[1680,511s][info][gc] GC(6924) Pause Young (G1 Evacuation Pause) 237M->22M(368M) 3,762ms
[1680,750s][info][gc] GC(6925) Pause Young (G1 Evacuation Pause) 236M->21M(368M) 1,183ms
[1680,982s][info][gc] GC(6926) Pause Young (G1 Evacuation Pause) 236M->22M(368M) 1,229ms
[1681,230s][info][gc] GC(6927) Pause Young (G1 Evacuation Pause) 237M->22M(368M) 3,027ms
[1681,483s][info][gc] GC(6928) Pause Young (G1 Evacuation Pause) 237M->22M(368M) 1,883ms
[1681,717s][info][gc] GC(6929) Pause Young (G1 Evacuation Pause) 237M->22M(368M) 1,263ms
[1681,949s][info][gc] GC(6930) Pause Young (G1 Evacuation Pause) 237M->22M(368M) 1,299ms
[1682,181s][info][gc] GC(6931) Pause Young (G1 Evacuation Pause) 236M->22M(368M) 1,151ms
[1682,424s][info][gc] GC(6932) Pause Young (G1 Evacuation Pause) 237M->22M(368M) 1,603ms
[1682,659s][info][gc] GC(6933) Pause Young (G1 Evacuation Pause) 237M->22M(368M) 1,592ms
[1682,901s][info][gc] GC(6934) Pause Young (G1 Evacuation Pause) 237M->22M(368M) 2,316ms
[1683,136s][info][gc] GC(6935) Pause Young (G1 Evacuation Pause) 237M->22M(368M) 2,048ms
[1683,368s][info][gc] GC(6936) Pause Young (G1 Evacuation Pause) 236M->22M(368M) 1,092ms
[1683,600s][info][gc] GC(6937) Pause Young (G1 Evacuation Pause) 237M->22M(368M) 1,115ms
[1683,832s][info][gc] GC(6938) Pause Young (G1 Evacuation Pause) 237M->22M(368M) 1,086ms
[1684,064s][info][gc] GC(6939) Pause Young (G1 Evacuation Pause) 237M->22M(368M) 1,351ms
[1684,296s][info][gc] GC(6940) Pause Young (G1 Evacuation Pause) 237M->22M(368M) 1,362ms
[1684,549s][info][gc] GC(6941) Pause Young (G1 Evacuation Pause) 237M->22M(368M) 2,140ms
[1684,789s][info][gc] GC(6942) Pause Young (G1 Evacuation Pause) 236M->22M(368M) 3,584ms
[1685,046s][info][gc] GC(6943) Pause Young (G1 Evacuation Pause) 237M->22M(368M) 1,809ms
[1685,300s][info][gc] GC(6944) Pause Young (G1 Evacuation Pause) 237M->22M(368M) 1,877ms
[1685,554s][info][gc] GC(6945) Pause Young (G1 Evacuation Pause) 237M->22M(368M) 1,951ms
[1685,799s][info][gc] GC(6946) Pause Young (G1 Evacuation Pause) 237M->22M(368M) 1,308ms
[1686,059s][info][gc] GC(6947) Pause Young (G1 Evacuation Pause) 236M->22M(368M) 1,571ms
[1686,312s][info][gc] GC(6948) Pause Young (G1 Evacuation Pause) 237M->22M(368M) 1,756ms
[1686,575s][info][gc] GC(6949) Pause Young (G1 Evacuation Pause) 237M->22M(368M) 1,871ms
[1686,815s][info][gc] GC(6950) Pause Young (G1 Evacuation Pause) 237M->22M(368M) 1,610ms
[1687,051s][info][gc] GC(6951) Pause Young (G1 Evacuation Pause) 237M->22M(368M) 1,173ms
[1687,284s][info][gc] GC(6952) Pause Young (G1 Evacuation Pause) 236M->21M(368M) 1,789ms
[1687,542s][info][gc] GC(6953) Pause Young (G1 Evacuation Pause) 236M->22M(368M) 3,379ms
[1687,775s][info][gc] GC(6954) Pause Young (G1 Evacuation Pause) 237M->22M(368M) 1,580ms
[1688,030s][info][gc] GC(6955) Pause Young (G1 Evacuation Pause) 237M->22M(368M) 3,439ms
[1688,269s][info][gc] GC(6956) Pause Young (G1 Evacuation Pause) 237M->22M(368M) 1,138ms
[1688,520s][info][gc] GC(6957) Pause Young (G1 Evacuation Pause) 236M->22M(368M) 1,581ms
[1688,753s][info][gc] GC(6958) Pause Young (G1 Evacuation Pause) 237M->22M(368M) 1,205ms
[1688,985s][info][gc] GC(6959) Pause Young (G1 Evacuation Pause) 237M->22M(368M) 1,222ms
[1689,218s][info][gc] GC(6960) Pause Young (G1 Evacuation Pause) 237M->22M(368M) 1,881ms
[1689,469s][info][gc] GC(6961) Pause Young (G1 Evacuation Pause) 237M->22M(368M) 2,122ms
[1689,723s][info][gc] GC(6962) Pause Young (G1 Evacuation Pause) 237M->23M(368M) 1,701ms
[1689,980s][info][gc] GC(6963) Pause Young (G1 Evacuation Pause) 237M->22M(368M) 1,527ms
[1690,214s][info][gc] GC(6964) Pause Young (G1 Evacuation Pause) 237M->22M(368M) 2,942ms
[1690,446s][info][gc] GC(6965) Pause Young (G1 Evacuation Pause) 237M->22M(368M) 1,368ms
[1690,679s][info][gc] GC(6966) Pause Young (G1 Evacuation Pause) 237M->22M(368M) 1,368ms
[1690,925s][info][gc] GC(6967) Pause Young (G1 Evacuation Pause) 237M->23M(368M) 1,714ms
[1691,157s][info][gc] GC(6968) Pause Young (G1 Evacuation Pause) 237M->22M(368M) 1,197ms
[1691,394s][info][gc] GC(6969) Pause Young (G1 Evacuation Pause) 237M->22M(368M) 3,785ms
[1691,651s][info][gc] GC(6970) Pause Young (G1 Evacuation Pause) 237M->22M(368M) 1,697ms
[1691,905s][info][gc] GC(6971) Pause Young (G1 Evacuation Pause) 237M->22M(368M) 1,830ms
[1692,138s][info][gc] GC(6972) Pause Young (G1 Evacuation Pause) 237M->22M(368M) 1,312ms
[1692,370s][info][gc] GC(6973) Pause Young (G1 Evacuation Pause) 236M->22M(368M) 1,202ms
[1692,602s][info][gc] GC(6974) Pause Young (G1 Evacuation Pause) 237M->22M(368M) 1,052ms
[1692,834s][info][gc] GC(6975) Pause Young (G1 Evacuation Pause) 237M->22M(368M) 1,279ms
[1693,094s][info][gc] GC(6976) Pause Young (G1 Evacuation Pause) 237M->22M(368M) 1,947ms
[1693,329s][info][gc] GC(6977) Pause Young (G1 Evacuation Pause) 237M->22M(368M) 1,273ms
[1693,561s][info][gc] GC(6978) Pause Young (G1 Evacuation Pause) 236M->22M(368M) 1,223ms
[1693,793s][info][gc] GC(6979) Pause Young (G1 Evacuation Pause) 237M->22M(368M) 1,168ms
[1694,051s][info][gc] GC(6980) Pause Young (G1 Evacuation Pause) 237M->22M(368M) 2,365ms
[1694,307s][info][gc] GC(6981) Pause Young (G1 Evacuation Pause) 237M->22M(368M) 1,979ms
[1694,551s][info][gc] GC(6982) Pause Young (G1 Evacuation Pause) 237M->22M(368M) 1,308ms
[1694,783s][info][gc] GC(6983) Pause Young (G1 Evacuation Pause) 237M->23M(368M) 1,249ms
[1695,015s][info][gc] GC(6984) Pause Young (G1 Evacuation Pause) 237M->22M(368M) 1,413ms
[1695,247s][info][gc] GC(6985) Pause Young (G1 Evacuation Pause) 237M->22M(368M) 1,309ms
[1695,505s][info][gc] GC(6986) Pause Young (G1 Evacuation Pause) 237M->22M(368M) 1,937ms
[1695,759s][info][gc] GC(6987) Pause Young (G1 Evacuation Pause) 237M->22M(368M) 1,735ms
[1696,010s][info][gc] GC(6988) Pause Young (G1 Evacuation Pause) 237M->23M(368M) 1,360ms
[1696,242s][info][gc] GC(6989) Pause Young (G1 Evacuation Pause) 237M->22M(368M) 1,155ms
[1696,491s][info][gc] GC(6990) Pause Young (G1 Evacuation Pause) 237M->22M(368M) 1,840ms
[1696,735s][info][gc] GC(6991) Pause Young (G1 Evacuation Pause) 237M->22M(368M) 1,095ms
[1696,989s][info][gc] GC(6992) Pause Young (G1 Evacuation Pause) 237M->22M(368M) 1,899ms
[1697,243s][info][gc] GC(6993) Pause Young (G1 Evacuation Pause) 237M->22M(368M) 1,922ms
[1697,505s][info][gc] GC(6994) Pause Young (G1 Evacuation Pause) 236M->21M(368M) 3,352ms
[1697,745s][info][gc] GC(6995) Pause Young (G1 Evacuation Pause) 236M->22M(368M) 1,357ms
[1697,996s][info][gc] GC(6996) Pause Young (G1 Evacuation Pause) 237M->22M(368M) 1,849ms
[1698,238s][info][gc] GC(6997) Pause Young (G1 Evacuation Pause) 237M->22M(368M) 1,278ms
[1698,470s][info][gc] GC(6998) Pause Young (G1 Evacuation Pause) 237M->22M(368M) 1,324ms
[1698,717s][info][gc] GC(6999) Pause Young (G1 Evacuation Pause) 237M->23M(368M) 1,959ms
[1698,970s][info][gc] GC(7000) Pause Young (G1 Evacuation Pause) 237M->22M(368M) 1,788ms
[1699,224s][info][gc] GC(7001) Pause Young (G1 Evacuation Pause) 237M->22M(368M) 1,749ms
[1699,481s][info][gc] GC(7002) Pause Young (G1 Evacuation Pause) 237M->22M(368M) 1,943ms
[1699,743s][info][gc] GC(7003) Pause Young (G1 Evacuation Pause) 237M->22M(368M) 1,267ms
[1699,996s][info][gc] GC(7004) Pause Young (G1 Evacuation Pause) 237M->23M(368M) 1,855ms
[1700,250s][info][gc] GC(7005) Pause Young (G1 Evacuation Pause) 237M->22M(368M) 1,598ms
[1700,488s][info][gc] GC(7006) Pause Young (G1 Evacuation Pause) 237M->22M(368M) 2,599ms
[1700,720s][info][gc] GC(7007) Pause Young (G1 Evacuation Pause) 237M->22M(368M) 1,139ms
[1700,952s][info][gc] GC(7008) Pause Young (G1 Evacuation Pause) 237M->22M(368M) 1,120ms
[1701,184s][info][gc] GC(7009) Pause Young (G1 Evacuation Pause) 237M->23M(368M) 1,315ms
[1701,416s][info][gc] GC(7010) Pause Young (G1 Evacuation Pause) 237M->22M(368M) 1,188ms
[1701,648s][info][gc] GC(7011) Pause Young (G1 Evacuation Pause) 237M->22M(368M) 1,227ms
[1701,889s][info][gc] GC(7012) Pause Young (G1 Evacuation Pause) 237M->22M(368M) 4,047ms
[1702,136s][info][gc] GC(7013) Pause Young (G1 Evacuation Pause) 237M->22M(368M) 1,288ms
[1702,373s][info][gc] GC(7014) Pause Young (G1 Evacuation Pause) 237M->22M(368M) 4,029ms
[1702,635s][info][gc] GC(7015) Pause Young (G1 Evacuation Pause) 236M->22M(368M) 1,172ms
[1702,867s][info][gc] GC(7016) Pause Young (G1 Evacuation Pause) 237M->22M(368M) 1,123ms
[1703,099s][info][gc] GC(7017) Pause Young (G1 Evacuation Pause) 237M->22M(368M) 1,096ms
[1703,358s][info][gc] GC(7018) Pause Young (G1 Evacuation Pause) 237M->22M(368M) 1,777ms
[1703,616s][info][gc] GC(7019) Pause Young (G1 Evacuation Pause) 237M->22M(368M) 1,814ms
[1703,870s][info][gc] GC(7020) Pause Young (G1 Evacuation Pause) 236M->22M(368M) 1,800ms
[1704,121s][info][gc] GC(7021) Pause Young (G1 Evacuation Pause) 237M->22M(368M) 1,224ms
[1704,354s][info][gc] GC(7022) Pause Young (G1 Evacuation Pause) 237M->21M(368M) 1,908ms
[1704,616s][info][gc] GC(7023) Pause Young (G1 Evacuation Pause) 236M->22M(368M) 1,092ms
[1704,853s][info][gc] GC(7024) Pause Young (G1 Evacuation Pause) 237M->22M(368M) 2,393ms
[1705,086s][info][gc] GC(7025) Pause Young (G1 Evacuation Pause) 236M->22M(368M) 1,491ms
[1705,319s][info][gc] GC(7026) Pause Young (G1 Evacuation Pause) 237M->22M(368M) 1,525ms
[1705,578s][info][gc] GC(7027) Pause Young (G1 Evacuation Pause) 237M->22M(368M) 1,756ms
[1705,832s][info][gc] GC(7028) Pause Young (G1 Evacuation Pause) 237M->22M(368M) 1,677ms
[1706,085s][info][gc] GC(7029) Pause Young (G1 Evacuation Pause) 237M->22M(368M) 1,272ms
[1706,317s][info][gc] GC(7030) Pause Young (G1 Evacuation Pause) 236M->22M(368M) 1,123ms
[1706,577s][info][gc] GC(7031) Pause Young (G1 Evacuation Pause) 237M->21M(368M) 3,213ms
[1706,830s][info][gc] GC(7032) Pause Young (G1 Evacuation Pause) 236M->22M(368M) 1,724ms
[1707,095s][info][gc] GC(7033) Pause Young (G1 Evacuation Pause) 237M->22M(368M) 2,433ms
[1707,357s][info][gc] GC(7034) Pause Young (G1 Evacuation Pause) 237M->22M(368M) 1,658ms
[1707,608s][info][gc] GC(7035) Pause Young (G1 Evacuation Pause) 237M->22M(368M) 1,136ms
[1707,840s][info][gc] GC(7036) Pause Young (G1 Evacuation Pause) 236M->22M(368M) 1,074ms
[1708,103s][info][gc] GC(7037) Pause Young (G1 Evacuation Pause) 237M->22M(368M) 4,315ms
[1708,336s][info][gc] GC(7038) Pause Young (G1 Evacuation Pause) 237M->22M(368M) 1,232ms
[1708,592s][info][gc] GC(7039) Pause Young (G1 Evacuation Pause) 237M->22M(368M) 1,619ms
[1708,835s][info][gc] GC(7040) Pause Young (G1 Evacuation Pause) 237M->22M(368M) 1,913ms
[1709,070s][info][gc] GC(7041) Pause Young (G1 Evacuation Pause) 236M->21M(368M) 1,877ms
[1709,302s][info][gc] GC(7042) Pause Young (G1 Evacuation Pause) 236M->22M(368M) 1,280ms
[1709,539s][info][gc] GC(7043) Pause Young (G1 Evacuation Pause) 237M->22M(368M) 4,701ms
[1709,771s][info][gc] GC(7044) Pause Young (G1 Evacuation Pause) 237M->22M(368M) 1,276ms
[1710,024s][info][gc] GC(7045) Pause Young (G1 Evacuation Pause) 237M->22M(368M) 1,959ms
[1710,278s][info][gc] GC(7046) Pause Young (G1 Evacuation Pause) 236M->21M(368M) 1,945ms
[1710,538s][info][gc] GC(7047) Pause Young (G1 Evacuation Pause) 236M->22M(368M) 1,736ms
[1710,792s][info][gc] GC(7048) Pause Young (G1 Evacuation Pause) 237M->22M(368M) 1,698ms
[1711,053s][info][gc] GC(7049) Pause Young (G1 Evacuation Pause) 237M->22M(368M) 2,415ms
[1711,307s][info][gc] GC(7050) Pause Young (G1 Evacuation Pause) 237M->22M(368M) 1,823ms
[1711,564s][info][gc] GC(7051) Pause Young (G1 Evacuation Pause) 237M->23M(368M) 1,164ms
[1711,819s][info][gc] GC(7052) Pause Young (G1 Evacuation Pause) 237M->22M(368M) 1,798ms
[1712,071s][info][gc] GC(7053) Pause Young (G1 Evacuation Pause) 237M->22M(368M) 1,805ms
[1712,325s][info][gc] GC(7054) Pause Young (G1 Evacuation Pause) 237M->22M(368M) 1,859ms
[1712,582s][info][gc] GC(7055) Pause Young (G1 Evacuation Pause) 237M->22M(368M) 1,475ms
[1712,822s][info][gc] GC(7056) Pause Young (G1 Evacuation Pause) 237M->22M(368M) 2,112ms
[1713,082s][info][gc] GC(7057) Pause Young (G1 Evacuation Pause) 236M->22M(368M) 1,746ms
[1713,321s][info][gc] GC(7058) Pause Young (G1 Evacuation Pause) 237M->22M(368M) 1,171ms
[1713,573s][info][gc] GC(7059) Pause Young (G1 Evacuation Pause) 237M->22M(368M) 1,643ms
[1713,831s][info][gc] GC(7060) Pause Young (G1 Evacuation Pause) 237M->22M(368M) 1,730ms
[1714,073s][info][gc] GC(7061) Pause Young (G1 Evacuation Pause) 237M->22M(368M) 1,393ms
[1714,340s][info][gc] GC(7062) Pause Young (G1 Evacuation Pause) 236M->22M(368M) 1,663ms
[1714,594s][info][gc] GC(7063) Pause Young (G1 Evacuation Pause) 237M->22M(368M) 1,742ms
[1714,861s][info][gc] GC(7064) Pause Young (G1 Evacuation Pause) 237M->22M(368M) 1,669ms
[1715,119s][info][gc] GC(7065) Pause Young (G1 Evacuation Pause) 237M->22M(368M) 1,903ms
[1715,354s][info][gc] GC(7066) Pause Young (G1 Evacuation Pause) 237M->22M(368M) 1,189ms
[1715,614s][info][gc] GC(7067) Pause Young (G1 Evacuation Pause) 236M->21M(368M) 2,289ms
[1715,882s][info][gc] GC(7068) Pause Young (G1 Evacuation Pause) 236M->22M(368M) 2,293ms
[1716,136s][info][gc] GC(7069) Pause Young (G1 Evacuation Pause) 237M->22M(368M) 1,769ms
[1716,390s][info][gc] GC(7070) Pause Young (G1 Evacuation Pause) 237M->22M(368M) 1,700ms
[1716,623s][info][gc] GC(7071) Pause Young (G1 Evacuation Pause) 237M->22M(368M) 1,281ms
[1716,855s][info][gc] GC(7072) Pause Young (G1 Evacuation Pause) 237M->23M(368M) 1,142ms
[1717,133s][info][gc] GC(7073) Pause Young (G1 Evacuation Pause) 237M->21M(368M) 3,393ms
[1717,370s][info][gc] GC(7074) Pause Young (G1 Evacuation Pause) 236M->22M(368M) 4,018ms
[1717,642s][info][gc] GC(7075) Pause Young (G1 Evacuation Pause) 237M->22M(368M) 1,980ms
[1717,900s][info][gc] GC(7076) Pause Young (G1 Evacuation Pause) 237M->22M(368M) 2,393ms
[1718,162s][info][gc] GC(7077) Pause Young (G1 Evacuation Pause) 236M->21M(368M) 1,171ms
[1718,408s][info][gc] GC(7078) Pause Young (G1 Evacuation Pause) 236M->22M(368M) 2,706ms
[1718,643s][info][gc] GC(7079) Pause Young (G1 Evacuation Pause) 237M->22M(368M) 1,167ms
[1718,912s][info][gc] GC(7080) Pause Young (G1 Evacuation Pause) 237M->22M(368M) 2,319ms
[1719,166s][info][gc] GC(7081) Pause Young (G1 Evacuation Pause) 237M->22M(368M) 1,812ms
[1719,426s][info][gc] GC(7082) Pause Young (G1 Evacuation Pause) 237M->22M(368M) 1,876ms
[1719,659s][info][gc] GC(7083) Pause Young (G1 Evacuation Pause) 236M->22M(368M) 1,225ms
[1719,900s][info][gc] GC(7084) Pause Young (G1 Evacuation Pause) 237M->22M(368M) 1,621ms
[1720,139s][info][gc] GC(7085) Pause Young (G1 Evacuation Pause) 237M->22M(368M) 1,587ms
[1720,379s][info][gc] GC(7086) Pause Young (G1 Evacuation Pause) 237M->22M(368M) 3,492ms
[1720,631s][info][gc] GC(7087) Pause Young (G1 Evacuation Pause) 237M->22M(368M) 1,195ms
[1720,864s][info][gc] GC(7088) Pause Young (G1 Evacuation Pause) 236M->21M(368M) 2,014ms
[1721,096s][info][gc] GC(7089) Pause Young (G1 Evacuation Pause) 236M->22M(368M) 1,069ms
[1721,328s][info][gc] GC(7090) Pause Young (G1 Evacuation Pause) 237M->22M(368M) 1,078ms
[1721,597s][info][gc] GC(7091) Pause Young (G1 Evacuation Pause) 237M->22M(368M) 2,314ms
[1721,851s][info][gc] GC(7092) Pause Young (G1 Evacuation Pause) 237M->22M(368M) 1,779ms
[1722,117s][info][gc] GC(7093) Pause Young (G1 Evacuation Pause) 237M->23M(368M) 1,891ms
[1722,375s][info][gc] GC(7094) Pause Young (G1 Evacuation Pause) 237M->22M(368M) 3,863ms
[1722,644s][info][gc] GC(7095) Pause Young (G1 Evacuation Pause) 237M->22M(368M) 3,848ms
[1722,897s][info][gc] GC(7096) Pause Young (G1 Evacuation Pause) 237M->22M(368M) 4,106ms
[1723,154s][info][gc] GC(7097) Pause Young (G1 Evacuation Pause) 237M->22M(368M) 1,316ms
[1723,396s][info][gc] GC(7098) Pause Young (G1 Evacuation Pause) 237M->23M(368M) 4,199ms
[1723,655s][info][gc] GC(7099) Pause Young (G1 Evacuation Pause) 237M->22M(368M) 1,669ms
[1723,913s][info][gc] GC(7100) Pause Young (G1 Evacuation Pause) 237M->22M(368M) 2,314ms
[1724,171s][info][gc] GC(7101) Pause Young (G1 Evacuation Pause) 237M->22M(368M) 1,158ms
[1724,412s][info][gc] GC(7102) Pause Young (G1 Evacuation Pause) 237M->22M(368M) 2,312ms
[1724,666s][info][gc] GC(7103) Pause Young (G1 Evacuation Pause) 237M->22M(368M) 1,748ms
[1724,923s][info][gc] GC(7104) Pause Young (G1 Evacuation Pause) 236M->22M(368M) 1,709ms
[1725,177s][info][gc] GC(7105) Pause Young (G1 Evacuation Pause) 237M->22M(368M) 1,858ms
[1725,446s][info][gc] GC(7106) Pause Young (G1 Evacuation Pause) 237M->22M(368M) 2,481ms
[1725,709s][info][gc] GC(7107) Pause Young (G1 Evacuation Pause) 237M->22M(368M) 1,655ms
[1725,971s][info][gc] GC(7108) Pause Young (G1 Evacuation Pause) 237M->22M(368M) 2,466ms
[1726,225s][info][gc] GC(7109) Pause Young (G1 Evacuation Pause) 237M->23M(368M) 1,729ms
[1726,479s][info][gc] GC(7110) Pause Young (G1 Evacuation Pause) 237M->22M(368M) 1,760ms
[1726,720s][info][gc] GC(7111) Pause Young (G1 Evacuation Pause) 237M->22M(368M) 1,229ms
[1726,952s][info][gc] GC(7112) Pause Young (G1 Evacuation Pause) 237M->22M(368M) 1,114ms
[1727,184s][info][gc] GC(7113) Pause Young (G1 Evacuation Pause) 237M->22M(368M) 1,276ms
[1727,447s][info][gc] GC(7114) Pause Young (G1 Evacuation Pause) 237M->23M(368M) 1,770ms
[1727,701s][info][gc] GC(7115) Pause Young (G1 Evacuation Pause) 237M->22M(368M) 1,645ms
[1727,955s][info][gc] GC(7116) Pause Young (G1 Evacuation Pause) 237M->22M(368M) 1,721ms
[1728,202s][info][gc] GC(7117) Pause Young (G1 Evacuation Pause) 237M->22M(368M) 1,304ms
[1728,434s][info][gc] GC(7118) Pause Young (G1 Evacuation Pause) 237M->22M(368M) 1,225ms
[1728,677s][info][gc] GC(7119) Pause Young (G1 Evacuation Pause) 237M->23M(368M) 1,302ms
[1728,930s][info][gc] GC(7120) Pause Young (G1 Evacuation Pause) 237M->22M(368M) 3,144ms
[1729,184s][info][gc] GC(7121) Pause Young (G1 Evacuation Pause) 237M->22M(368M) 1,755ms
[1729,431s][info][gc] GC(7122) Pause Young (G1 Evacuation Pause) 237M->22M(368M) 1,123ms
[1729,684s][info][gc] GC(7123) Pause Young (G1 Evacuation Pause) 237M->22M(368M) 3,318ms
[1729,943s][info][gc] GC(7124) Pause Young (G1 Evacuation Pause) 237M->22M(368M) 1,843ms
[1730,199s][info][gc] GC(7125) Pause Young (G1 Evacuation Pause) 236M->21M(368M) 3,219ms
[1730,461s][info][gc] GC(7126) Pause Young (G1 Evacuation Pause) 236M->22M(368M) 2,370ms
[1730,718s][info][gc] GC(7127) Pause Young (G1 Evacuation Pause) 237M->22M(368M) 1,880ms
[1730,972s][info][gc] GC(7128) Pause Young (G1 Evacuation Pause) 237M->22M(368M) 1,652ms
[1731,206s][info][gc] GC(7129) Pause Young (G1 Evacuation Pause) 236M->21M(368M) 2,699ms
[1731,456s][info][gc] GC(7130) Pause Young (G1 Evacuation Pause) 237M->22M(368M) 4,199ms
[1731,711s][info][gc] GC(7131) Pause Young (G1 Evacuation Pause) 236M->22M(368M) 1,673ms
[1731,958s][info][gc] GC(7132) Pause Young (G1 Evacuation Pause) 237M->22M(368M) 1,708ms
[1732,212s][info][gc] GC(7133) Pause Young (G1 Evacuation Pause) 237M->22M(368M) 1,664ms
[1732,457s][info][gc] GC(7134) Pause Young (G1 Evacuation Pause) 237M->22M(368M) 1,339ms
[1732,697s][info][gc] GC(7135) Pause Young (G1 Evacuation Pause) 236M->22M(368M) 1,168ms
[1732,929s][info][gc] GC(7136) Pause Young (G1 Evacuation Pause) 237M->22M(368M) 1,047ms
[1733,162s][info][gc] GC(7137) Pause Young (G1 Evacuation Pause) 237M->21M(368M) 1,936ms
[1733,404s][info][gc] GC(7138) Pause Young (G1 Evacuation Pause) 236M->22M(368M) 2,505ms
[1733,663s][info][gc] GC(7139) Pause Young (G1 Evacuation Pause) 237M->22M(368M) 1,750ms
[1733,917s][info][gc] GC(7140) Pause Young (G1 Evacuation Pause) 237M->23M(368M) 1,888ms
[1734,171s][info][gc] GC(7141) Pause Young (G1 Evacuation Pause) 237M->22M(368M) 1,757ms
[1734,433s][info][gc] GC(7142) Pause Young (G1 Evacuation Pause) 237M->22M(368M) 1,961ms
[1734,675s][info][gc] GC(7143) Pause Young (G1 Evacuation Pause) 237M->22M(368M) 4,210ms
[1734,939s][info][gc] GC(7144) Pause Young (G1 Evacuation Pause) 237M->22M(368M) 1,747ms
[1735,193s][info][gc] GC(7145) Pause Young (G1 Evacuation Pause) 237M->22M(368M) 1,922ms
[1735,453s][info][gc] GC(7146) Pause Young (G1 Evacuation Pause) 236M->22M(368M) 2,205ms
[1735,689s][info][gc] GC(7147) Pause Young (G1 Evacuation Pause) 237M->22M(368M) 1,535ms
[1735,935s][info][gc] GC(7148) Pause Young (G1 Evacuation Pause) 237M->22M(368M) 3,333ms
[1736,169s][info][gc] GC(7149) Pause Young (G1 Evacuation Pause) 237M->22M(368M) 1,283ms
[1736,401s][info][gc] GC(7150) Pause Young (G1 Evacuation Pause) 237M->22M(368M) 1,151ms
[1736,633s][info][gc] GC(7151) Pause Young (G1 Evacuation Pause) 236M->22M(368M) 1,093ms
[1736,870s][info][gc] GC(7152) Pause Young (G1 Evacuation Pause) 237M->22M(368M) 3,737ms
[1737,118s][info][gc] GC(7153) Pause Young (G1 Evacuation Pause) 237M->22M(368M) 1,268ms
[1737,350s][info][gc] GC(7154) Pause Young (G1 Evacuation Pause) 237M->22M(368M) 1,210ms
[1737,613s][info][gc] GC(7155) Pause Young (G1 Evacuation Pause) 237M->22M(368M) 1,838ms
[1737,846s][info][gc] GC(7156) Pause Young (G1 Evacuation Pause) 236M->21M(368M) 1,933ms
[1738,108s][info][gc] GC(7157) Pause Young (G1 Evacuation Pause) 236M->21M(368M) 3,238ms
[1738,340s][info][gc] GC(7158) Pause Young (G1 Evacuation Pause) 236M->22M(368M) 1,315ms
[1738,607s][info][gc] GC(7159) Pause Young (G1 Evacuation Pause) 237M->22M(368M) 4,017ms
[1738,867s][info][gc] GC(7160) Pause Young (G1 Evacuation Pause) 237M->22M(368M) 1,890ms
[1739,108s][info][gc] GC(7161) Pause Young (G1 Evacuation Pause) 236M->22M(368M) 1,018ms
[1739,369s][info][gc] GC(7162) Pause Young (G1 Evacuation Pause) 237M->22M(368M) 3,520ms
[1739,626s][info][gc] GC(7163) Pause Young (G1 Evacuation Pause) 237M->22M(368M) 3,255ms
[1739,882s][info][gc] GC(7164) Pause Young (G1 Evacuation Pause) 237M->22M(368M) 2,297ms
[1740,116s][info][gc] GC(7165) Pause Young (G1 Evacuation Pause) 237M->22M(368M) 1,121ms
[1740,348s][info][gc] GC(7166) Pause Young (G1 Evacuation Pause) 237M->22M(368M) 1,310ms
[1740,604s][info][gc] GC(7167) Pause Young (G1 Evacuation Pause) 236M->22M(368M) 1,173ms
[1740,857s][info][gc] GC(7168) Pause Young (G1 Evacuation Pause) 237M->22M(368M) 2,946ms
[1741,117s][info][gc] GC(7169) Pause Young (G1 Evacuation Pause) 237M->22M(368M) 1,810ms
[1741,369s][info][gc] GC(7170) Pause Young (G1 Evacuation Pause) 237M->22M(368M) 1,113ms
[1741,634s][info][gc] GC(7171) Pause Young (G1 Evacuation Pause) 236M->21M(368M) 1,615ms
[1741,890s][info][gc] GC(7172) Pause Young (G1 Evacuation Pause) 236M->22M(368M) 1,663ms
[1742,124s][info][gc] GC(7173) Pause Young (G1 Evacuation Pause) 237M->22M(368M) 1,251ms
[1742,356s][info][gc] GC(7174) Pause Young (G1 Evacuation Pause) 237M->22M(368M) 1,317ms
[1742,618s][info][gc] GC(7175) Pause Young (G1 Evacuation Pause) 237M->22M(368M) 1,919ms
[1742,872s][info][gc] GC(7176) Pause Young (G1 Evacuation Pause) 237M->22M(368M) 1,837ms
[1743,108s][info][gc] GC(7177) Pause Young (G1 Evacuation Pause) 236M->22M(368M) 1,078ms
[1743,340s][info][gc] GC(7178) Pause Young (G1 Evacuation Pause) 237M->22M(368M) 1,087ms
[1743,572s][info][gc] GC(7179) Pause Young (G1 Evacuation Pause) 237M->22M(368M) 1,274ms
[1743,804s][info][gc] GC(7180) Pause Young (G1 Evacuation Pause) 237M->22M(368M) 1,334ms
[1744,059s][info][gc] GC(7181) Pause Young (G1 Evacuation Pause) 237M->22M(368M) 1,825ms
[1744,302s][info][gc] GC(7182) Pause Young (G1 Evacuation Pause) 236M->21M(368M) 1,802ms
[1744,564s][info][gc] GC(7183) Pause Young (G1 Evacuation Pause) 236M->21M(368M) 3,385ms
[1744,796s][info][gc] GC(7184) Pause Young (G1 Evacuation Pause) 236M->22M(368M) 1,183ms
[1745,061s][info][gc] GC(7185) Pause Young (G1 Evacuation Pause) 237M->22M(368M) 2,360ms
[1745,315s][info][gc] GC(7186) Pause Young (G1 Evacuation Pause) 237M->22M(368M) 1,714ms
[1745,548s][info][gc] GC(7187) Pause Young (G1 Evacuation Pause) 237M->22M(368M) 1,308ms
[1745,780s][info][gc] GC(7188) Pause Young (G1 Evacuation Pause) 236M->22M(368M) 1,081ms
[1746,031s][info][gc] GC(7189) Pause Young (G1 Evacuation Pause) 237M->22M(368M) 1,188ms
[1746,263s][info][gc] GC(7190) Pause Young (G1 Evacuation Pause) 237M->22M(368M) 1,085ms
[1746,495s][info][gc] GC(7191) Pause Young (G1 Evacuation Pause) 237M->22M(368M) 1,167ms
[1746,727s][info][gc] GC(7192) Pause Young (G1 Evacuation Pause) 237M->22M(368M) 1,390ms
[1746,959s][info][gc] GC(7193) Pause Young (G1 Evacuation Pause) 236M->22M(368M) 1,128ms
[1747,191s][info][gc] GC(7194) Pause Young (G1 Evacuation Pause) 237M->22M(368M) 1,319ms
[1747,438s][info][gc] GC(7195) Pause Young (G1 Evacuation Pause) 237M->22M(368M) 1,849ms
[1747,683s][info][gc] GC(7196) Pause Young (G1 Evacuation Pause) 237M->22M(368M) 1,297ms
[1747,916s][info][gc] GC(7197) Pause Young (G1 Evacuation Pause) 237M->23M(368M) 1,451ms
[1748,161s][info][gc] GC(7198) Pause Young (G1 Evacuation Pause) 237M->22M(368M) 1,101ms
[1748,403s][info][gc] GC(7199) Pause Young (G1 Evacuation Pause) 237M->22M(368M) 2,381ms
[1748,646s][info][gc] GC(7200) Pause Young (G1 Evacuation Pause) 237M->22M(368M) 1,265ms
[1748,878s][info][gc] GC(7201) Pause Young (G1 Evacuation Pause) 237M->22M(368M) 1,087ms
[1749,110s][info][gc] GC(7202) Pause Young (G1 Evacuation Pause) 237M->22M(368M) 1,112ms
[1749,342s][info][gc] GC(7203) Pause Young (G1 Evacuation Pause) 237M->23M(368M) 1,309ms
[1749,599s][info][gc] GC(7204) Pause Young (G1 Evacuation Pause) 237M->22M(368M) 1,690ms
[1749,853s][info][gc] GC(7205) Pause Young (G1 Evacuation Pause) 237M->22M(368M) 1,871ms
[1750,116s][info][gc] GC(7206) Pause Young (G1 Evacuation Pause) 237M->22M(368M) 1,888ms
[1750,374s][info][gc] GC(7207) Pause Young (G1 Evacuation Pause) 237M->22M(368M) 3,936ms
[1750,630s][info][gc] GC(7208) Pause Young (G1 Evacuation Pause) 237M->23M(368M) 1,871ms
[1750,884s][info][gc] GC(7209) Pause Young (G1 Evacuation Pause) 237M->22M(368M) 1,831ms
[1751,133s][info][gc] GC(7210) Pause Young (G1 Evacuation Pause) 237M->22M(368M) 1,174ms
[1751,374s][info][gc] GC(7211) Pause Young (G1 Evacuation Pause) 237M->22M(368M) 4,079ms
[1751,628s][info][gc] GC(7212) Pause Young (G1 Evacuation Pause) 237M->22M(368M) 1,745ms
[1751,866s][info][gc] GC(7213) Pause Young (G1 Evacuation Pause) 237M->23M(368M) 4,060ms
[1752,122s][info][gc] GC(7214) Pause Young (G1 Evacuation Pause) 237M->21M(368M) 1,898ms
[1752,384s][info][gc] GC(7215) Pause Young (G1 Evacuation Pause) 236M->22M(368M) 4,754ms
[1752,616s][info][gc] GC(7216) Pause Young (G1 Evacuation Pause) 237M->22M(368M) 1,160ms
[1752,848s][info][gc] GC(7217) Pause Young (G1 Evacuation Pause) 237M->22M(368M) 1,280ms
[1753,107s][info][gc] GC(7218) Pause Young (G1 Evacuation Pause) 237M->22M(368M) 1,831ms
[1753,341s][info][gc] GC(7219) Pause Young (G1 Evacuation Pause) 237M->23M(368M) 1,326ms
[1753,600s][info][gc] GC(7220) Pause Young (G1 Evacuation Pause) 237M->22M(368M) 1,835ms
[1753,854s][info][gc] GC(7221) Pause Young (G1 Evacuation Pause) 237M->22M(368M) 1,935ms
[1754,111s][info][gc] GC(7222) Pause Young (G1 Evacuation Pause) 237M->22M(368M) 1,874ms
[1754,375s][info][gc] GC(7223) Pause Young (G1 Evacuation Pause) 237M->22M(368M) 3,215ms
[1754,613s][info][gc] GC(7224) Pause Young (G1 Evacuation Pause) 237M->23M(368M) 1,319ms
[1754,846s][info][gc] GC(7225) Pause Young (G1 Evacuation Pause) 237M->22M(368M) 1,959ms
[1755,082s][info][gc] GC(7226) Pause Young (G1 Evacuation Pause) 237M->22M(368M) 2,944ms
[1755,340s][info][gc] GC(7227) Pause Young (G1 Evacuation Pause) 237M->22M(368M) 1,954ms
[1755,598s][info][gc] GC(7228) Pause Young (G1 Evacuation Pause) 237M->22M(368M) 1,860ms
[1755,853s][info][gc] GC(7229) Pause Young (G1 Evacuation Pause) 237M->22M(368M) 2,100ms
[1756,086s][info][gc] GC(7230) Pause Young (G1 Evacuation Pause) 236M->21M(368M) 1,996ms
[1756,318s][info][gc] GC(7231) Pause Young (G1 Evacuation Pause) 236M->22M(368M) 1,377ms
[1756,573s][info][gc] GC(7232) Pause Young (G1 Evacuation Pause) 237M->22M(368M) 1,203ms
[1756,805s][info][gc] GC(7233) Pause Young (G1 Evacuation Pause) 237M->22M(368M) 1,102ms
[1757,067s][info][gc] GC(7234) Pause Young (G1 Evacuation Pause) 237M->23M(368M) 1,978ms
[1757,320s][info][gc] GC(7235) Pause Young (G1 Evacuation Pause) 237M->22M(368M) 1,790ms
[1757,574s][info][gc] GC(7236) Pause Young (G1 Evacuation Pause) 237M->22M(368M) 1,840ms
[1757,828s][info][gc] GC(7237) Pause Young (G1 Evacuation Pause) 237M->22M(368M) 1,898ms
[1758,082s][info][gc] GC(7238) Pause Young (G1 Evacuation Pause) 237M->22M(368M) 1,907ms
[1758,318s][info][gc] GC(7239) Pause Young (G1 Evacuation Pause) 237M->22M(368M) 1,360ms
[1758,550s][info][gc] GC(7240) Pause Young (G1 Evacuation Pause) 237M->23M(368M) 1,239ms
[1758,782s][info][gc] GC(7241) Pause Young (G1 Evacuation Pause) 237M->22M(368M) 1,115ms
[1759,034s][info][gc] GC(7242) Pause Young (G1 Evacuation Pause) 237M->22M(368M) 1,791ms
[1759,288s][info][gc] GC(7243) Pause Young (G1 Evacuation Pause) 237M->22M(368M) 1,748ms
[1759,546s][info][gc] GC(7244) Pause Young (G1 Evacuation Pause) 237M->22M(368M) 1,858ms
[1759,800s][info][gc] GC(7245) Pause Young (G1 Evacuation Pause) 237M->23M(368M) 1,719ms
[1760,057s][info][gc] GC(7246) Pause Young (G1 Evacuation Pause) 237M->22M(368M) 1,779ms
[1760,290s][info][gc] GC(7247) Pause Young (G1 Evacuation Pause) 237M->22M(368M) 1,096ms
[1760,527s][info][gc] GC(7248) Pause Young (G1 Evacuation Pause) 237M->22M(368M) 4,195ms
[1760,787s][info][gc] GC(7249) Pause Young (G1 Evacuation Pause) 237M->22M(368M) 2,668ms
[1761,042s][info][gc] GC(7250) Pause Young (G1 Evacuation Pause) 237M->22M(368M) 1,803ms
[1761,296s][info][gc] GC(7251) Pause Young (G1 Evacuation Pause) 236M->22M(368M) 1,806ms
[1761,550s][info][gc] GC(7252) Pause Young (G1 Evacuation Pause) 237M->22M(368M) 1,907ms
[1761,798s][info][gc] GC(7253) Pause Young (G1 Evacuation Pause) 237M->22M(368M) 1,273ms
[1762,042s][info][gc] GC(7254) Pause Young (G1 Evacuation Pause) 237M->22M(368M) 1,599ms
[1762,275s][info][gc] GC(7255) Pause Young (G1 Evacuation Pause) 237M->22M(368M) 1,469ms
[1762,528s][info][gc] GC(7256) Pause Young (G1 Evacuation Pause) 236M->22M(368M) 1,644ms
[1762,761s][info][gc] GC(7257) Pause Young (G1 Evacuation Pause) 237M->22M(368M) 1,127ms
[1763,009s][info][gc] GC(7258) Pause Young (G1 Evacuation Pause) 237M->22M(368M) 1,214ms
[1763,241s][info][gc] GC(7259) Pause Young (G1 Evacuation Pause) 237M->22M(368M) 1,266ms
[1763,487s][info][gc] GC(7260) Pause Young (G1 Evacuation Pause) 237M->22M(368M) 1,431ms
[1763,734s][info][gc] GC(7261) Pause Young (G1 Evacuation Pause) 236M->22M(368M) 1,574ms
[1763,985s][info][gc] GC(7262) Pause Young (G1 Evacuation Pause) 237M->22M(368M) 1,583ms
[1764,217s][info][gc] GC(7263) Pause Young (G1 Evacuation Pause) 237M->22M(368M) 1,214ms
[1764,482s][info][gc] GC(7264) Pause Young (G1 Evacuation Pause) 237M->22M(368M) 1,996ms
[1764,715s][info][gc] GC(7265) Pause Young (G1 Evacuation Pause) 237M->22M(368M) 1,114ms
[1764,947s][info][gc] GC(7266) Pause Young (G1 Evacuation Pause) 237M->23M(368M) 1,282ms
[1765,179s][info][gc] GC(7267) Pause Young (G1 Evacuation Pause) 237M->22M(368M) 1,193ms
[1765,415s][info][gc] GC(7268) Pause Young (G1 Evacuation Pause) 237M->22M(368M) 4,773ms
[1765,647s][info][gc] GC(7269) Pause Young (G1 Evacuation Pause) 237M->22M(368M) 1,085ms
[1765,910s][info][gc] GC(7270) Pause Young (G1 Evacuation Pause) 237M->22M(368M) 1,856ms
[1766,164s][info][gc] GC(7271) Pause Young (G1 Evacuation Pause) 237M->23M(368M) 1,892ms
[1766,418s][info][gc] GC(7272) Pause Young (G1 Evacuation Pause) 237M->22M(368M) 1,812ms
[1766,672s][info][gc] GC(7273) Pause Young (G1 Evacuation Pause) 237M->22M(368M) 1,623ms
[1766,932s][info][gc] GC(7274) Pause Young (G1 Evacuation Pause) 237M->22M(368M) 1,980ms
[1767,179s][info][gc] GC(7275) Pause Young (G1 Evacuation Pause) 237M->22M(368M) 2,095ms
[1767,412s][info][gc] GC(7276) Pause Young (G1 Evacuation Pause) 237M->23M(368M) 1,555ms
[1767,645s][info][gc] GC(7277) Pause Young (G1 Evacuation Pause) 237M->22M(368M) 1,441ms
[1767,885s][info][gc] GC(7278) Pause Young (G1 Evacuation Pause) 237M->22M(368M) 3,360ms
[1768,143s][info][gc] GC(7279) Pause Young (G1 Evacuation Pause) 237M->22M(368M) 6,867ms
[1768,384s][info][gc] GC(7280) Pause Young (G1 Evacuation Pause) 237M->22M(368M) 4,117ms
[1768,633s][info][gc] GC(7281) Pause Young (G1 Evacuation Pause) 237M->22M(368M) 1,319ms
[1768,870s][info][gc] GC(7282) Pause Young (G1 Evacuation Pause) 236M->22M(368M) 3,888ms
[1769,126s][info][gc] GC(7283) Pause Young (G1 Evacuation Pause) 237M->22M(368M) 1,668ms
[1769,386s][info][gc] GC(7284) Pause Young (G1 Evacuation Pause) 237M->22M(368M) 2,986ms
[1769,642s][info][gc] GC(7285) Pause Young (G1 Evacuation Pause) 237M->22M(368M) 1,735ms
[1769,901s][info][gc] GC(7286) Pause Young (G1 Evacuation Pause) 237M->22M(368M) 2,410ms
[1770,155s][info][gc] GC(7287) Pause Young (G1 Evacuation Pause) 237M->23M(368M) 1,785ms
[1770,398s][info][gc] GC(7288) Pause Young (G1 Evacuation Pause) 237M->22M(368M) 2,409ms
[1770,652s][info][gc] GC(7289) Pause Young (G1 Evacuation Pause) 237M->22M(368M) 1,726ms
[1770,910s][info][gc] GC(7290) Pause Young (G1 Evacuation Pause) 237M->22M(368M) 1,744ms
[1771,164s][info][gc] GC(7291) Pause Young (G1 Evacuation Pause) 237M->22M(368M) 1,714ms
[1771,418s][info][gc] GC(7292) Pause Young (G1 Evacuation Pause) 237M->23M(368M) 1,964ms
[1771,650s][info][gc] GC(7293) Pause Young (G1 Evacuation Pause) 237M->22M(368M) 1,093ms
[1771,882s][info][gc] GC(7294) Pause Young (G1 Evacuation Pause) 237M->22M(368M) 1,171ms
[1772,114s][info][gc] GC(7295) Pause Young (G1 Evacuation Pause) 237M->22M(368M) 1,254ms
[1772,347s][info][gc] GC(7296) Pause Young (G1 Evacuation Pause) 237M->22M(368M) 1,398ms
[1772,579s][info][gc] GC(7297) Pause Young (G1 Evacuation Pause) 237M->23M(368M) 1,206ms
[1772,811s][info][gc] GC(7298) Pause Young (G1 Evacuation Pause) 237M->22M(368M) 1,020ms
[1773,043s][info][gc] GC(7299) Pause Young (G1 Evacuation Pause) 237M->22M(368M) 1,186ms
[1773,275s][info][gc] GC(7300) Pause Young (G1 Evacuation Pause) 237M->22M(368M) 1,239ms
[1773,507s][info][gc] GC(7301) Pause Young (G1 Evacuation Pause) 237M->22M(368M) 1,115ms
[1773,752s][info][gc] GC(7302) Pause Young (G1 Evacuation Pause) 237M->22M(368M) 1,939ms
[1773,988s][info][gc] GC(7303) Pause Young (G1 Evacuation Pause) 236M->22M(368M) 1,325ms
[1774,220s][info][gc] GC(7304) Pause Young (G1 Evacuation Pause) 237M->22M(368M) 1,093ms
[1774,470s][info][gc] GC(7305) Pause Young (G1 Evacuation Pause) 237M->22M(368M) 2,481ms
[1774,704s][info][gc] GC(7306) Pause Young (G1 Evacuation Pause) 237M->22M(368M) 1,108ms
[1774,968s][info][gc] GC(7307) Pause Young (G1 Evacuation Pause) 237M->22M(368M) 6,970ms
[1775,201s][info][gc] GC(7308) Pause Young (G1 Evacuation Pause) 236M->22M(368M) 1,197ms
[1775,470s][info][gc] GC(7309) Pause Young (G1 Evacuation Pause) 237M->22M(368M) 1,963ms
[1775,724s][info][gc] GC(7310) Pause Young (G1 Evacuation Pause) 237M->22M(368M) 1,819ms
[1775,963s][info][gc] GC(7311) Pause Young (G1 Evacuation Pause) 237M->22M(368M) 6,653ms
[1776,201s][info][gc] GC(7312) Pause Young (G1 Evacuation Pause) 237M->22M(368M) 6,841ms
[1776,433s][info][gc] GC(7313) Pause Young (G1 Evacuation Pause) 237M->23M(368M) 1,349ms
[1776,665s][info][gc] GC(7314) Pause Young (G1 Evacuation Pause) 237M->22M(368M) 1,444ms
[1776,906s][info][gc] GC(7315) Pause Young (G1 Evacuation Pause) 237M->22M(368M) 2,555ms
[1777,160s][info][gc] GC(7316) Pause Young (G1 Evacuation Pause) 237M->22M(368M) 1,918ms
[1777,418s][info][gc] GC(7317) Pause Young (G1 Evacuation Pause) 237M->22M(368M) 2,167ms
[1777,675s][info][gc] GC(7318) Pause Young (G1 Evacuation Pause) 237M->23M(368M) 2,257ms
[1777,921s][info][gc] GC(7319) Pause Young (G1 Evacuation Pause) 237M->22M(368M) 2,793ms
[1778,170s][info][gc] GC(7320) Pause Young (G1 Evacuation Pause) 237M->22M(368M) 1,124ms
[1778,402s][info][gc] GC(7321) Pause Young (G1 Evacuation Pause) 237M->22M(368M) 1,242ms
[1778,657s][info][gc] GC(7322) Pause Young (G1 Evacuation Pause) 237M->22M(368M) 2,245ms
[1778,913s][info][gc] GC(7323) Pause Young (G1 Evacuation Pause) 237M->22M(368M) 3,641ms
[1779,164s][info][gc] GC(7324) Pause Young (G1 Evacuation Pause) 236M->22M(368M) 1,735ms
[1779,421s][info][gc] GC(7325) Pause Young (G1 Evacuation Pause) 237M->22M(368M) 2,078ms
[1779,670s][info][gc] GC(7326) Pause Young (G1 Evacuation Pause) 237M->22M(368M) 1,649ms
[1779,931s][info][gc] GC(7327) Pause Young (G1 Evacuation Pause) 237M->22M(368M) 1,836ms
[1780,191s][info][gc] GC(7328) Pause Young (G1 Evacuation Pause) 237M->22M(368M) 1,771ms
[1780,450s][info][gc] GC(7329) Pause Young (G1 Evacuation Pause) 236M->22M(368M) 1,601ms
[1780,689s][info][gc] GC(7330) Pause Young (G1 Evacuation Pause) 237M->22M(368M) 1,053ms
[1780,933s][info][gc] GC(7331) Pause Young (G1 Evacuation Pause) 237M->22M(368M) 1,626ms
[1781,172s][info][gc] GC(7332) Pause Young (G1 Evacuation Pause) 237M->22M(368M) 1,520ms
[1781,419s][info][gc] GC(7333) Pause Young (G1 Evacuation Pause) 237M->22M(368M) 2,181ms
[1781,658s][info][gc] GC(7334) Pause Young (G1 Evacuation Pause) 237M->23M(368M) 2,059ms
[1781,913s][info][gc] GC(7335) Pause Young (G1 Evacuation Pause) 237M->22M(368M) 1,769ms
[1782,146s][info][gc] GC(7336) Pause Young (G1 Evacuation Pause) 237M->22M(368M) 1,484ms
[1782,407s][info][gc] GC(7337) Pause Young (G1 Evacuation Pause) 237M->22M(368M) 2,413ms
[1782,640s][info][gc] GC(7338) Pause Young (G1 Evacuation Pause) 237M->22M(368M) 1,176ms
[1782,872s][info][gc] GC(7339) Pause Young (G1 Evacuation Pause) 236M->21M(368M) 1,208ms
[1783,104s][info][gc] GC(7340) Pause Young (G1 Evacuation Pause) 236M->22M(368M) 1,214ms
[1783,367s][info][gc] GC(7341) Pause Young (G1 Evacuation Pause) 237M->22M(368M) 3,971ms
[1783,622s][info][gc] GC(7342) Pause Young (G1 Evacuation Pause) 237M->22M(368M) 1,653ms
[1783,879s][info][gc] GC(7343) Pause Young (G1 Evacuation Pause) 237M->22M(368M) 3,384ms
[1784,133s][info][gc] GC(7344) Pause Young (G1 Evacuation Pause) 237M->23M(368M) 4,077ms
[1784,396s][info][gc] GC(7345) Pause Young (G1 Evacuation Pause) 237M->22M(368M) 4,297ms
[1784,652s][info][gc] GC(7346) Pause Young (G1 Evacuation Pause) 237M->22M(368M) 1,686ms
[1784,907s][info][gc] GC(7347) Pause Young (G1 Evacuation Pause) 237M->22M(368M) 2,216ms
[1785,161s][info][gc] GC(7348) Pause Young (G1 Evacuation Pause) 237M->22M(368M) 1,753ms
[1785,415s][info][gc] GC(7349) Pause Young (G1 Evacuation Pause) 237M->22M(368M) 2,383ms
[1785,672s][info][gc] GC(7350) Pause Young (G1 Evacuation Pause) 236M->22M(368M) 2,282ms
[1785,935s][info][gc] GC(7351) Pause Young (G1 Evacuation Pause) 237M->22M(368M) 1,735ms
[1786,189s][info][gc] GC(7352) Pause Young (G1 Evacuation Pause) 237M->22M(368M) 1,847ms
[1786,435s][info][gc] GC(7353) Pause Young (G1 Evacuation Pause) 237M->22M(368M) 1,360ms
[1786,668s][info][gc] GC(7354) Pause Young (G1 Evacuation Pause) 237M->22M(368M) 1,589ms
[1786,913s][info][gc] GC(7355) Pause Young (G1 Evacuation Pause) 237M->23M(368M) 2,468ms
[1787,167s][info][gc] GC(7356) Pause Young (G1 Evacuation Pause) 237M->22M(368M) 1,814ms
[1787,412s][info][gc] GC(7357) Pause Young (G1 Evacuation Pause) 237M->22M(368M) 1,164ms
[1787,674s][info][gc] GC(7358) Pause Young (G1 Evacuation Pause) 237M->22M(368M) 1,826ms
[1787,932s][info][gc] GC(7359) Pause Young (G1 Evacuation Pause) 237M->22M(368M) 1,712ms
[1788,164s][info][gc] GC(7360) Pause Young (G1 Evacuation Pause) 236M->22M(368M) 1,139ms
[1788,411s][info][gc] GC(7361) Pause Young (G1 Evacuation Pause) 237M->21M(368M) 2,321ms
[1788,655s][info][gc] GC(7362) Pause Young (G1 Evacuation Pause) 236M->22M(368M) 3,897ms
[1788,905s][info][gc] GC(7363) Pause Young (G1 Evacuation Pause) 237M->22M(368M) 1,485ms
[1789,138s][info][gc] GC(7364) Pause Young (G1 Evacuation Pause) 237M->22M(368M) 1,421ms
[1789,378s][info][gc] GC(7365) Pause Young (G1 Evacuation Pause) 236M->21M(368M) 3,735ms
[1789,614s][info][gc] GC(7366) Pause Young (G1 Evacuation Pause) 236M->21M(368M) 2,412ms
[1789,847s][info][gc] GC(7367) Pause Young (G1 Evacuation Pause) 236M->22M(368M) 1,403ms
[1790,114s][info][gc] GC(7368) Pause Young (G1 Evacuation Pause) 237M->22M(368M) 1,697ms
[1790,368s][info][gc] GC(7369) Pause Young (G1 Evacuation Pause) 237M->22M(368M) 1,861ms
[1790,619s][info][gc] GC(7370) Pause Young (G1 Evacuation Pause) 237M->22M(368M) 1,250ms
[1790,851s][info][gc] GC(7371) Pause Young (G1 Evacuation Pause) 236M->22M(368M) 1,212ms
[1791,125s][info][gc] GC(7372) Pause Young (G1 Evacuation Pause) 237M->22M(368M) 1,750ms
[1791,385s][info][gc] GC(7373) Pause Young (G1 Evacuation Pause) 237M->22M(368M) 2,862ms
[1791,619s][info][gc] GC(7374) Pause Young (G1 Evacuation Pause) 237M->22M(368M) 1,343ms
[1791,853s][info][gc] GC(7375) Pause Young (G1 Evacuation Pause) 237M->22M(368M) 1,418ms
[1792,085s][info][gc] GC(7376) Pause Young (G1 Evacuation Pause) 236M->22M(368M) 1,277ms
[1792,318s][info][gc] GC(7377) Pause Young (G1 Evacuation Pause) 237M->21M(368M) 1,999ms
[1792,581s][info][gc] GC(7378) Pause Young (G1 Evacuation Pause) 236M->22M(368M) 1,207ms
[1792,814s][info][gc] GC(7379) Pause Young (G1 Evacuation Pause) 237M->22M(368M) 1,355ms
[1793,046s][info][gc] GC(7380) Pause Young (G1 Evacuation Pause) 237M->22M(368M) 1,282ms
[1793,279s][info][gc] GC(7381) Pause Young (G1 Evacuation Pause) 236M->22M(368M) 1,130ms
[1793,533s][info][gc] GC(7382) Pause Young (G1 Evacuation Pause) 237M->22M(368M) 1,714ms
[1793,791s][info][gc] GC(7383) Pause Young (G1 Evacuation Pause) 237M->22M(368M) 1,695ms
[1794,054s][info][gc] GC(7384) Pause Young (G1 Evacuation Pause) 237M->22M(368M) 1,738ms
[1794,297s][info][gc] GC(7385) Pause Young (G1 Evacuation Pause) 237M->22M(368M) 1,601ms
[1794,530s][info][gc] GC(7386) Pause Young (G1 Evacuation Pause) 237M->23M(368M) 1,595ms
[1794,763s][info][gc] GC(7387) Pause Young (G1 Evacuation Pause) 237M->22M(368M) 1,477ms
[1795,018s][info][gc] GC(7388) Pause Young (G1 Evacuation Pause) 237M->22M(368M) 1,690ms
[1795,272s][info][gc] GC(7389) Pause Young (G1 Evacuation Pause) 237M->22M(368M) 1,839ms
[1795,534s][info][gc] GC(7390) Pause Young (G1 Evacuation Pause) 237M->22M(368M) 1,913ms
[1795,788s][info][gc] GC(7391) Pause Young (G1 Evacuation Pause) 237M->22M(368M) 1,683ms
[1796,037s][info][gc] GC(7392) Pause Young (G1 Evacuation Pause) 236M->22M(368M) 1,379ms
[1796,272s][info][gc] GC(7393) Pause Young (G1 Evacuation Pause) 237M->21M(368M) 3,855ms
[1796,528s][info][gc] GC(7394) Pause Young (G1 Evacuation Pause) 236M->22M(368M) 1,487ms
[1796,760s][info][gc] GC(7395) Pause Young (G1 Evacuation Pause) 237M->22M(368M) 1,104ms
[1797,014s][info][gc] GC(7396) Pause Young (G1 Evacuation Pause) 237M->22M(368M) 1,688ms
[1797,278s][info][gc] GC(7397) Pause Young (G1 Evacuation Pause) 237M->23M(368M) 2,474ms
[1797,543s][info][gc] GC(7398) Pause Young (G1 Evacuation Pause) 237M->22M(368M) 2,180ms
[1797,796s][info][gc] GC(7399) Pause Young (G1 Evacuation Pause) 237M->22M(368M) 1,778ms
[1798,054s][info][gc] GC(7400) Pause Young (G1 Evacuation Pause) 237M->22M(368M) 1,808ms
[1798,287s][info][gc] GC(7401) Pause Young (G1 Evacuation Pause) 237M->22M(368M) 1,188ms
[1798,544s][info][gc] GC(7402) Pause Young (G1 Evacuation Pause) 236M->22M(368M) 1,802ms
[1798,801s][info][gc] GC(7403) Pause Young (G1 Evacuation Pause) 237M->22M(368M) 1,591ms
[1799,056s][info][gc] GC(7404) Pause Young (G1 Evacuation Pause) 237M->22M(368M) 1,712ms
[1799,289s][info][gc] GC(7405) Pause Young (G1 Evacuation Pause) 237M->22M(368M) 1,159ms
[1799,543s][info][gc] GC(7406) Pause Young (G1 Evacuation Pause) 237M->22M(368M) 1,772ms
[1799,797s][info][gc] GC(7407) Pause Young (G1 Evacuation Pause) 237M->22M(368M) 1,954ms
[1800,051s][info][gc] GC(7408) Pause Young (G1 Evacuation Pause) 236M->22M(368M) 1,710ms
[1800,288s][info][gc] GC(7409) Pause Young (G1 Evacuation Pause) 237M->22M(368M) 1,347ms
[1800,544s][info][gc] GC(7410) Pause Young (G1 Evacuation Pause) 237M->22M(368M) 2,490ms
[1800,776s][info][gc] GC(7411) Pause Young (G1 Evacuation Pause) 237M->22M(368M) 1,098ms
[1801,040s][info][gc] GC(7412) Pause Young (G1 Evacuation Pause) 237M->22M(368M) 1,913ms
[1801,295s][info][gc] GC(7413) Pause Young (G1 Evacuation Pause) 236M->22M(368M) 2,165ms
[1801,555s][info][gc] GC(7414) Pause Young (G1 Evacuation Pause) 237M->22M(368M) 1,841ms
[1801,795s][info][gc] GC(7415) Pause Young (G1 Evacuation Pause) 237M->22M(368M) 1,201ms
[1802,038s][info][gc] GC(7416) Pause Young (G1 Evacuation Pause) 237M->22M(368M) 2,597ms
[1802,271s][info][gc] GC(7417) Pause Young (G1 Evacuation Pause) 237M->22M(368M) 1,470ms
[1802,525s][info][gc] GC(7418) Pause Young (G1 Evacuation Pause) 237M->23M(368M) 1,768ms
[1802,758s][info][gc] GC(7419) Pause Young (G1 Evacuation Pause) 237M->22M(368M) 1,087ms
[1802,990s][info][gc] GC(7420) Pause Young (G1 Evacuation Pause) 237M->22M(368M) 1,123ms
[1803,222s][info][gc] GC(7421) Pause Young (G1 Evacuation Pause) 237M->22M(368M) 1,286ms
[1803,454s][info][gc] GC(7422) Pause Young (G1 Evacuation Pause) 237M->22M(368M) 1,303ms
[1803,686s][info][gc] GC(7423) Pause Young (G1 Evacuation Pause) 237M->23M(368M) 1,319ms
[1803,933s][info][gc] GC(7424) Pause Young (G1 Evacuation Pause) 237M->22M(368M) 3,227ms
[1804,188s][info][gc] GC(7425) Pause Young (G1 Evacuation Pause) 237M->22M(368M) 1,727ms
[1804,434s][info][gc] GC(7426) Pause Young (G1 Evacuation Pause) 237M->22M(368M) 2,815ms
[1804,668s][info][gc] GC(7427) Pause Young (G1 Evacuation Pause) 237M->22M(368M) 1,469ms
[1804,901s][info][gc] GC(7428) Pause Young (G1 Evacuation Pause) 237M->23M(368M) 1,443ms
[1805,134s][info][gc] GC(7429) Pause Young (G1 Evacuation Pause) 237M->22M(368M) 1,565ms
[1805,372s][info][gc] GC(7430) Pause Young (G1 Evacuation Pause) 237M->22M(368M) 2,419ms
[1805,626s][info][gc] GC(7431) Pause Young (G1 Evacuation Pause) 237M->22M(368M) 1,751ms
[1805,880s][info][gc] GC(7432) Pause Young (G1 Evacuation Pause) 237M->22M(368M) 1,832ms
[1806,124s][info][gc] GC(7433) Pause Young (G1 Evacuation Pause) 237M->22M(368M) 1,137ms
[1806,385s][info][gc] GC(7434) Pause Young (G1 Evacuation Pause) 236M->22M(368M) 1,658ms
[1806,639s][info][gc] GC(7435) Pause Young (G1 Evacuation Pause) 237M->22M(368M) 1,870ms
[1806,872s][info][gc] GC(7436) Pause Young (G1 Evacuation Pause) 237M->22M(368M) 1,340ms
[1807,105s][info][gc] GC(7437) Pause Young (G1 Evacuation Pause) 237M->22M(368M) 1,376ms
[1807,338s][info][gc] GC(7438) Pause Young (G1 Evacuation Pause) 237M->22M(368M) 1,299ms
[1807,603s][info][gc] GC(7439) Pause Young (G1 Evacuation Pause) 236M->22M(368M) 1,872ms
[1807,837s][info][gc] GC(7440) Pause Young (G1 Evacuation Pause) 237M->22M(368M) 1,454ms
[1808,095s][info][gc] GC(7441) Pause Young (G1 Evacuation Pause) 237M->22M(368M) 1,796ms
[1808,330s][info][gc] GC(7442) Pause Young (G1 Evacuation Pause) 237M->22M(368M) 1,166ms
[1808,586s][info][gc] GC(7443) Pause Young (G1 Evacuation Pause) 237M->22M(368M) 1,371ms
[1808,819s][info][gc] GC(7444) Pause Young (G1 Evacuation Pause) 237M->23M(368M) 1,189ms
[1809,074s][info][gc] GC(7445) Pause Young (G1 Evacuation Pause) 237M->22M(368M) 1,699ms
[1809,334s][info][gc] GC(7446) Pause Young (G1 Evacuation Pause) 237M->22M(368M) 2,282ms
[1809,591s][info][gc] GC(7447) Pause Young (G1 Evacuation Pause) 237M->22M(368M) 1,712ms
[1809,845s][info][gc] GC(7448) Pause Young (G1 Evacuation Pause) 237M->22M(368M) 1,923ms
[1810,099s][info][gc] GC(7449) Pause Young (G1 Evacuation Pause) 237M->22M(368M) 1,832ms
[1810,353s][info][gc] GC(7450) Pause Young (G1 Evacuation Pause) 236M->22M(368M) 1,959ms
[1810,586s][info][gc] GC(7451) Pause Young (G1 Evacuation Pause) 237M->22M(368M) 1,150ms
[1810,819s][info][gc] GC(7452) Pause Young (G1 Evacuation Pause) 237M->22M(368M) 1,539ms
[1811,052s][info][gc] GC(7453) Pause Young (G1 Evacuation Pause) 237M->22M(368M) 2,124ms
[1811,285s][info][gc] GC(7454) Pause Young (G1 Evacuation Pause) 237M->22M(368M) 2,154ms
[1811,521s][info][gc] GC(7455) Pause Young (G1 Evacuation Pause) 236M->22M(368M) 1,167ms
[1811,753s][info][gc] GC(7456) Pause Young (G1 Evacuation Pause) 237M->22M(368M) 1,258ms
[1812,003s][info][gc] GC(7457) Pause Young (G1 Evacuation Pause) 237M->22M(368M) 1,777ms
[1812,257s][info][gc] GC(7458) Pause Young (G1 Evacuation Pause) 237M->22M(368M) 1,856ms
[1812,517s][info][gc] GC(7459) Pause Young (G1 Evacuation Pause) 237M->22M(368M) 1,928ms
[1812,750s][info][gc] GC(7460) Pause Young (G1 Evacuation Pause) 236M->22M(368M) 1,171ms
[1813,005s][info][gc] GC(7461) Pause Young (G1 Evacuation Pause) 237M->21M(368M) 3,210ms
[1813,252s][info][gc] GC(7462) Pause Young (G1 Evacuation Pause) 236M->22M(368M) 1,963ms
[1813,509s][info][gc] GC(7463) Pause Young (G1 Evacuation Pause) 237M->22M(368M) 1,692ms
[1813,763s][info][gc] GC(7464) Pause Young (G1 Evacuation Pause) 237M->22M(368M) 1,686ms
[1814,012s][info][gc] GC(7465) Pause Young (G1 Evacuation Pause) 237M->23M(368M) 1,509ms
[1814,245s][info][gc] GC(7466) Pause Young (G1 Evacuation Pause) 237M->22M(368M) 1,539ms
[1814,491s][info][gc] GC(7467) Pause Young (G1 Evacuation Pause) 237M->22M(368M) 1,366ms
[1814,724s][info][gc] GC(7468) Pause Young (G1 Evacuation Pause) 237M->22M(368M) 1,368ms
[1814,976s][info][gc] GC(7469) Pause Young (G1 Evacuation Pause) 237M->22M(368M) 1,830ms
[1815,230s][info][gc] GC(7470) Pause Young (G1 Evacuation Pause) 237M->23M(368M) 1,925ms
[1815,468s][info][gc] GC(7471) Pause Young (G1 Evacuation Pause) 237M->22M(368M) 1,376ms
[1815,702s][info][gc] GC(7472) Pause Young (G1 Evacuation Pause) 237M->22M(368M) 1,425ms
[1815,950s][info][gc] GC(7473) Pause Young (G1 Evacuation Pause) 237M->22M(368M) 2,347ms
[1816,183s][info][gc] GC(7474) Pause Young (G1 Evacuation Pause) 237M->22M(368M) 1,193ms
[1816,430s][info][gc] GC(7475) Pause Young (G1 Evacuation Pause) 236M->22M(368M) 2,273ms
[1816,687s][info][gc] GC(7476) Pause Young (G1 Evacuation Pause) 237M->22M(368M) 1,775ms
[1816,962s][info][gc] GC(7477) Pause Young (G1 Evacuation Pause) 237M->22M(368M) 1,890ms
[1817,195s][info][gc] GC(7478) Pause Young (G1 Evacuation Pause) 237M->22M(368M) 1,212ms
[1817,442s][info][gc] GC(7479) Pause Young (G1 Evacuation Pause) 237M->22M(368M) 2,374ms
[1817,696s][info][gc] GC(7480) Pause Young (G1 Evacuation Pause) 237M->22M(368M) 1,925ms
[1817,958s][info][gc] GC(7481) Pause Young (G1 Evacuation Pause) 237M->23M(368M) 2,521ms
[1818,204s][info][gc] GC(7482) Pause Young (G1 Evacuation Pause) 237M->22M(368M) 1,179ms
[1818,436s][info][gc] GC(7483) Pause Young (G1 Evacuation Pause) 237M->22M(368M) 1,209ms
[1818,668s][info][gc] GC(7484) Pause Young (G1 Evacuation Pause) 237M->22M(368M) 1,141ms
[1818,912s][info][gc] GC(7485) Pause Young (G1 Evacuation Pause) 237M->22M(368M) 2,337ms
[1819,166s][info][gc] GC(7486) Pause Young (G1 Evacuation Pause) 237M->23M(368M) 1,706ms
[1819,422s][info][gc] GC(7487) Pause Young (G1 Evacuation Pause) 237M->22M(368M) 1,722ms
[1819,676s][info][gc] GC(7488) Pause Young (G1 Evacuation Pause) 237M->22M(368M) 1,766ms
[1819,926s][info][gc] GC(7489) Pause Young (G1 Evacuation Pause) 237M->22M(368M) 1,861ms
[1820,160s][info][gc] GC(7490) Pause Young (G1 Evacuation Pause) 237M->22M(368M) 1,582ms
[1820,404s][info][gc] GC(7491) Pause Young (G1 Evacuation Pause) 237M->23M(368M) 2,291ms
[1820,637s][info][gc] GC(7492) Pause Young (G1 Evacuation Pause) 237M->22M(368M) 1,143ms
[1820,905s][info][gc] GC(7493) Pause Young (G1 Evacuation Pause) 237M->22M(368M) 1,781ms
[1821,160s][info][gc] GC(7494) Pause Young (G1 Evacuation Pause) 237M->22M(368M) 2,208ms
[1821,421s][info][gc] GC(7495) Pause Young (G1 Evacuation Pause) 237M->22M(368M) 2,405ms
[1821,675s][info][gc] GC(7496) Pause Young (G1 Evacuation Pause) 237M->23M(368M) 1,713ms
[1821,926s][info][gc] GC(7497) Pause Young (G1 Evacuation Pause) 237M->22M(368M) 1,225ms
[1822,158s][info][gc] GC(7498) Pause Young (G1 Evacuation Pause) 237M->22M(368M) 1,226ms
[1822,403s][info][gc] GC(7499) Pause Young (G1 Evacuation Pause) 237M->22M(368M) 4,129ms
[1822,657s][info][gc] GC(7500) Pause Young (G1 Evacuation Pause) 237M->22M(368M) 1,827ms
[1822,916s][info][gc] GC(7501) Pause Young (G1 Evacuation Pause) 237M->22M(368M) 1,526ms
[1823,184s][info][gc] GC(7502) Pause Young (G1 Evacuation Pause) 237M->23M(368M) 1,887ms
[1823,446s][info][gc] GC(7503) Pause Young (G1 Evacuation Pause) 237M->22M(368M) 1,740ms
[1823,695s][info][gc] GC(7504) Pause Young (G1 Evacuation Pause) 237M->22M(368M) 1,217ms
[1823,940s][info][gc] GC(7505) Pause Young (G1 Evacuation Pause) 237M->22M(368M) 1,861ms
[1824,194s][info][gc] GC(7506) Pause Young (G1 Evacuation Pause) 237M->22M(368M) 1,689ms
[1824,456s][info][gc] GC(7507) Pause Young (G1 Evacuation Pause) 236M->22M(368M) 1,707ms
[1824,688s][info][gc] GC(7508) Pause Young (G1 Evacuation Pause) 237M->22M(368M) 1,044ms
[1824,922s][info][gc] GC(7509) Pause Young (G1 Evacuation Pause) 237M->21M(368M) 2,888ms
[1825,154s][info][gc] GC(7510) Pause Young (G1 Evacuation Pause) 236M->22M(368M) 1,092ms
[1825,415s][info][gc] GC(7511) Pause Young (G1 Evacuation Pause) 237M->22M(368M) 1,867ms
[1825,669s][info][gc] GC(7512) Pause Young (G1 Evacuation Pause) 237M->23M(368M) 1,876ms
[1825,917s][info][gc] GC(7513) Pause Young (G1 Evacuation Pause) 237M->22M(368M) 1,729ms
[1826,151s][info][gc] GC(7514) Pause Young (G1 Evacuation Pause) 237M->22M(368M) 1,348ms
[1826,391s][info][gc] GC(7515) Pause Young (G1 Evacuation Pause) 237M->22M(368M) 2,403ms
[1826,639s][info][gc] GC(7516) Pause Young (G1 Evacuation Pause) 237M->22M(368M) 1,177ms
[1826,916s][info][gc] GC(7517) Pause Young (G1 Evacuation Pause) 237M->23M(368M) 4,034ms
[1827,186s][info][gc] GC(7518) Pause Young (G1 Evacuation Pause) 237M->22M(368M) 1,714ms
[1827,446s][info][gc] GC(7519) Pause Young (G1 Evacuation Pause) 237M->22M(368M) 2,342ms
[1827,709s][info][gc] GC(7520) Pause Young (G1 Evacuation Pause) 237M->22M(368M) 2,273ms
[1827,972s][info][gc] GC(7521) Pause Young (G1 Evacuation Pause) 237M->22M(368M) 1,756ms
[1828,217s][info][gc] GC(7522) Pause Young (G1 Evacuation Pause) 237M->22M(368M) 1,198ms
[1828,450s][info][gc] GC(7523) Pause Young (G1 Evacuation Pause) 237M->23M(368M) 1,388ms
[1828,682s][info][gc] GC(7524) Pause Young (G1 Evacuation Pause) 237M->22M(368M) 1,112ms
[1828,914s][info][gc] GC(7525) Pause Young (G1 Evacuation Pause) 237M->22M(368M) 1,263ms
[1829,146s][info][gc] GC(7526) Pause Young (G1 Evacuation Pause) 237M->22M(368M) 1,208ms
[1829,385s][info][gc] GC(7527) Pause Young (G1 Evacuation Pause) 237M->22M(368M) 2,463ms
[1829,620s][info][gc] GC(7528) Pause Young (G1 Evacuation Pause) 237M->23M(368M) 1,473ms
[1829,853s][info][gc] GC(7529) Pause Young (G1 Evacuation Pause) 237M->22M(368M) 1,735ms
[1830,085s][info][gc] GC(7530) Pause Young (G1 Evacuation Pause) 237M->22M(368M) 1,310ms
[1830,319s][info][gc] GC(7531) Pause Young (G1 Evacuation Pause) 237M->22M(368M) 1,445ms
[1830,570s][info][gc] GC(7532) Pause Young (G1 Evacuation Pause) 237M->22M(368M) 1,346ms
[1830,804s][info][gc] GC(7533) Pause Young (G1 Evacuation Pause) 237M->23M(368M) 1,367ms
[1831,036s][info][gc] GC(7534) Pause Young (G1 Evacuation Pause) 237M->22M(368M) 1,267ms
[1831,270s][info][gc] GC(7535) Pause Young (G1 Evacuation Pause) 237M->22M(368M) 1,547ms
[1831,528s][info][gc] GC(7536) Pause Young (G1 Evacuation Pause) 237M->22M(368M) 1,865ms
[1831,774s][info][gc] GC(7537) Pause Young (G1 Evacuation Pause) 237M->22M(368M) 1,250ms
[1832,033s][info][gc] GC(7538) Pause Young (G1 Evacuation Pause) 237M->22M(368M) 1,689ms
[1832,287s][info][gc] GC(7539) Pause Young (G1 Evacuation Pause) 236M->22M(368M) 1,721ms
[1832,543s][info][gc] GC(7540) Pause Young (G1 Evacuation Pause) 237M->22M(368M) 1,454ms
[1832,775s][info][gc] GC(7541) Pause Young (G1 Evacuation Pause) 237M->22M(368M) 1,220ms
[1833,027s][info][gc] GC(7542) Pause Young (G1 Evacuation Pause) 237M->22M(368M) 1,782ms
[1833,269s][info][gc] GC(7543) Pause Young (G1 Evacuation Pause) 237M->22M(368M) 1,978ms
[1833,501s][info][gc] GC(7544) Pause Young (G1 Evacuation Pause) 236M->22M(368M) 1,274ms
[1833,734s][info][gc] GC(7545) Pause Young (G1 Evacuation Pause) 237M->22M(368M) 1,287ms
[1833,984s][info][gc] GC(7546) Pause Young (G1 Evacuation Pause) 237M->22M(368M) 2,599ms
[1834,217s][info][gc] GC(7547) Pause Young (G1 Evacuation Pause) 237M->22M(368M) 1,392ms
[1834,470s][info][gc] GC(7548) Pause Young (G1 Evacuation Pause) 237M->22M(368M) 1,757ms
[1834,705s][info][gc] GC(7549) Pause Young (G1 Evacuation Pause) 236M->22M(368M) 1,409ms
[1834,954s][info][gc] GC(7550) Pause Young (G1 Evacuation Pause) 237M->22M(368M) 1,685ms
[1835,208s][info][gc] GC(7551) Pause Young (G1 Evacuation Pause) 237M->22M(368M) 1,869ms
[1835,470s][info][gc] GC(7552) Pause Young (G1 Evacuation Pause) 237M->22M(368M) 2,536ms
[1835,732s][info][gc] GC(7553) Pause Young (G1 Evacuation Pause) 237M->22M(368M) 1,822ms
[1835,987s][info][gc] GC(7554) Pause Young (G1 Evacuation Pause) 237M->23M(368M) 2,046ms
[1836,221s][info][gc] GC(7555) Pause Young (G1 Evacuation Pause) 237M->22M(368M) 1,043ms
[1836,469s][info][gc] GC(7556) Pause Young (G1 Evacuation Pause) 237M->22M(368M) 1,752ms
[1836,706s][info][gc] GC(7557) Pause Young (G1 Evacuation Pause) 237M->22M(368M) 1,258ms
[1836,939s][info][gc] GC(7558) Pause Young (G1 Evacuation Pause) 237M->22M(368M) 2,159ms
[1837,172s][info][gc] GC(7559) Pause Young (G1 Evacuation Pause) 236M->21M(368M) 2,387ms
[1837,421s][info][gc] GC(7560) Pause Young (G1 Evacuation Pause) 236M->21M(368M) 3,307ms
[1837,654s][info][gc] GC(7561) Pause Young (G1 Evacuation Pause) 236M->22M(368M) 1,417ms
[1837,896s][info][gc] GC(7562) Pause Young (G1 Evacuation Pause) 237M->22M(368M) 2,323ms
[1838,134s][info][gc] GC(7563) Pause Young (G1 Evacuation Pause) 237M->22M(368M) 5,578ms
[1838,371s][info][gc] GC(7564) Pause Young (G1 Evacuation Pause) 237M->22M(368M) 4,027ms
[1838,638s][info][gc] GC(7565) Pause Young (G1 Evacuation Pause) 236M->21M(368M) 1,777ms
[1838,905s][info][gc] GC(7566) Pause Young (G1 Evacuation Pause) 236M->22M(368M) 1,972ms
[1839,160s][info][gc] GC(7567) Pause Young (G1 Evacuation Pause) 237M->22M(368M) 3,214ms
[1839,402s][info][gc] GC(7568) Pause Young (G1 Evacuation Pause) 237M->22M(368M) 2,475ms
[1839,656s][info][gc] GC(7569) Pause Young (G1 Evacuation Pause) 237M->22M(368M) 1,760ms
[1839,916s][info][gc] GC(7570) Pause Young (G1 Evacuation Pause) 237M->23M(368M) 2,404ms
[1840,170s][info][gc] GC(7571) Pause Young (G1 Evacuation Pause) 237M->22M(368M) 1,772ms
[1840,431s][info][gc] GC(7572) Pause Young (G1 Evacuation Pause) 237M->22M(368M) 2,678ms
[1840,669s][info][gc] GC(7573) Pause Young (G1 Evacuation Pause) 237M->22M(368M) 1,211ms
[1840,901s][info][gc] GC(7574) Pause Young (G1 Evacuation Pause) 237M->22M(368M) 1,129ms
[1841,133s][info][gc] GC(7575) Pause Young (G1 Evacuation Pause) 237M->23M(368M) 1,398ms
[1841,370s][info][gc] GC(7576) Pause Young (G1 Evacuation Pause) 237M->22M(368M) 3,835ms
[1841,627s][info][gc] GC(7577) Pause Young (G1 Evacuation Pause) 237M->22M(368M) 1,765ms
[1841,882s][info][gc] GC(7578) Pause Young (G1 Evacuation Pause) 237M->22M(368M) 2,998ms
[1842,135s][info][gc] GC(7579) Pause Young (G1 Evacuation Pause) 237M->22M(368M) 2,361ms
[1842,402s][info][gc] GC(7580) Pause Young (G1 Evacuation Pause) 237M->22M(368M) 2,478ms
[1842,635s][info][gc] GC(7581) Pause Young (G1 Evacuation Pause) 236M->22M(368M) 1,183ms
[1842,867s][info][gc] GC(7582) Pause Young (G1 Evacuation Pause) 237M->22M(368M) 1,135ms
[1843,099s][info][gc] GC(7583) Pause Young (G1 Evacuation Pause) 237M->22M(368M) 1,089ms
[1843,355s][info][gc] GC(7584) Pause Young (G1 Evacuation Pause) 237M->22M(368M) 1,730ms
[1843,606s][info][gc] GC(7585) Pause Young (G1 Evacuation Pause) 237M->22M(368M) 1,743ms
[1843,857s][info][gc] GC(7586) Pause Young (G1 Evacuation Pause) 236M->21M(368M) 1,545ms
[1844,108s][info][gc] GC(7587) Pause Young (G1 Evacuation Pause) 236M->22M(368M) 1,536ms
[1844,359s][info][gc] GC(7588) Pause Young (G1 Evacuation Pause) 237M->22M(368M) 1,589ms
[1844,611s][info][gc] GC(7589) Pause Young (G1 Evacuation Pause) 237M->22M(368M) 1,167ms
[1844,868s][info][gc] GC(7590) Pause Young (G1 Evacuation Pause) 237M->22M(368M) 4,021ms
[1845,123s][info][gc] GC(7591) Pause Young (G1 Evacuation Pause) 237M->23M(368M) 1,806ms
[1845,387s][info][gc] GC(7592) Pause Young (G1 Evacuation Pause) 237M->22M(368M) 3,925ms
[1845,642s][info][gc] GC(7593) Pause Young (G1 Evacuation Pause) 237M->22M(368M) 1,783ms
[1845,891s][info][gc] GC(7594) Pause Young (G1 Evacuation Pause) 237M->22M(368M) 1,392ms
[1846,123s][info][gc] GC(7595) Pause Young (G1 Evacuation Pause) 237M->22M(368M) 1,111ms
[1846,360s][info][gc] GC(7596) Pause Young (G1 Evacuation Pause) 237M->23M(368M) 4,019ms
[1846,626s][info][gc] GC(7597) Pause Young (G1 Evacuation Pause) 237M->22M(368M) 1,336ms
[1846,859s][info][gc] GC(7598) Pause Young (G1 Evacuation Pause) 237M->22M(368M) 1,385ms
[1847,117s][info][gc] GC(7599) Pause Young (G1 Evacuation Pause) 237M->22M(368M) 1,859ms
[1847,371s][info][gc] GC(7600) Pause Young (G1 Evacuation Pause) 237M->22M(368M) 4,090ms
[1847,642s][info][gc] GC(7601) Pause Young (G1 Evacuation Pause) 236M->22M(368M) 1,801ms
[1847,900s][info][gc] GC(7602) Pause Young (G1 Evacuation Pause) 237M->21M(368M) 2,312ms
[1848,137s][info][gc] GC(7603) Pause Young (G1 Evacuation Pause) 236M->21M(368M) 3,248ms
[1848,369s][info][gc] GC(7604) Pause Young (G1 Evacuation Pause) 236M->22M(368M) 1,179ms
[1848,601s][info][gc] GC(7605) Pause Young (G1 Evacuation Pause) 237M->22M(368M) 1,158ms
[1848,875s][info][gc] GC(7606) Pause Young (G1 Evacuation Pause) 237M->22M(368M) 4,025ms
[1849,142s][info][gc] GC(7607) Pause Young (G1 Evacuation Pause) 236M->22M(368M) 1,813ms
[1849,400s][info][gc] GC(7608) Pause Young (G1 Evacuation Pause) 237M->22M(368M) 2,433ms
[1849,657s][info][gc] GC(7609) Pause Young (G1 Evacuation Pause) 237M->22M(368M) 1,628ms
[1849,917s][info][gc] GC(7610) Pause Young (G1 Evacuation Pause) 237M->22M(368M) 1,815ms
[1850,151s][info][gc] GC(7611) Pause Young (G1 Evacuation Pause) 237M->22M(368M) 1,577ms
[1850,392s][info][gc] GC(7612) Pause Young (G1 Evacuation Pause) 236M->22M(368M) 2,320ms
[1850,652s][info][gc] GC(7613) Pause Young (G1 Evacuation Pause) 237M->22M(368M) 1,729ms
[1850,912s][info][gc] GC(7614) Pause Young (G1 Evacuation Pause) 237M->22M(368M) 1,607ms
[1851,146s][info][gc] GC(7615) Pause Young (G1 Evacuation Pause) 237M->22M(368M) 1,608ms
[1851,387s][info][gc] GC(7616) Pause Young (G1 Evacuation Pause) 237M->22M(368M) 4,209ms
[1851,621s][info][gc] GC(7617) Pause Young (G1 Evacuation Pause) 237M->23M(368M) 1,283ms
[1851,853s][info][gc] GC(7618) Pause Young (G1 Evacuation Pause) 237M->22M(368M) 1,224ms
[1852,122s][info][gc] GC(7619) Pause Young (G1 Evacuation Pause) 237M->22M(368M) 1,840ms
[1852,382s][info][gc] GC(7620) Pause Young (G1 Evacuation Pause) 237M->22M(368M) 3,985ms
[1852,628s][info][gc] GC(7621) Pause Young (G1 Evacuation Pause) 237M->22M(368M) 1,243ms
[1852,865s][info][gc] GC(7622) Pause Young (G1 Evacuation Pause) 237M->23M(368M) 4,236ms
[1853,104s][info][gc] GC(7623) Pause Young (G1 Evacuation Pause) 237M->22M(368M) 1,530ms
[1853,358s][info][gc] GC(7624) Pause Young (G1 Evacuation Pause) 237M->22M(368M) 1,379ms
[1853,591s][info][gc] GC(7625) Pause Young (G1 Evacuation Pause) 237M->22M(368M) 1,609ms
[1853,823s][info][gc] GC(7626) Pause Young (G1 Evacuation Pause) 237M->22M(368M) 1,095ms
[1854,082s][info][gc] GC(7627) Pause Young (G1 Evacuation Pause) 237M->22M(368M) 1,884ms
[1854,336s][info][gc] GC(7628) Pause Young (G1 Evacuation Pause) 236M->22M(368M) 1,787ms
[1854,578s][info][gc] GC(7629) Pause Young (G1 Evacuation Pause) 237M->22M(368M) 1,168ms
[1854,810s][info][gc] GC(7630) Pause Young (G1 Evacuation Pause) 237M->22M(368M) 1,153ms
[1855,068s][info][gc] GC(7631) Pause Young (G1 Evacuation Pause) 237M->22M(368M) 1,735ms
[1855,322s][info][gc] GC(7632) Pause Young (G1 Evacuation Pause) 237M->22M(368M) 1,792ms
[1855,558s][info][gc] GC(7633) Pause Young (G1 Evacuation Pause) 236M->22M(368M) 1,144ms
[1855,790s][info][gc] GC(7634) Pause Young (G1 Evacuation Pause) 237M->22M(368M) 1,327ms
[1856,023s][info][gc] GC(7635) Pause Young (G1 Evacuation Pause) 237M->22M(368M) 1,327ms
[1856,260s][info][gc] GC(7636) Pause Young (G1 Evacuation Pause) 237M->22M(368M) 6,161ms
[1856,517s][info][gc] GC(7637) Pause Young (G1 Evacuation Pause) 237M->22M(368M) 3,611ms
[1856,751s][info][gc] GC(7638) Pause Young (G1 Evacuation Pause) 236M->22M(368M) 1,398ms
[1857,002s][info][gc] GC(7639) Pause Young (G1 Evacuation Pause) 237M->22M(368M) 1,694ms
[1857,256s][info][gc] GC(7640) Pause Young (G1 Evacuation Pause) 237M->22M(368M) 1,700ms
[1857,510s][info][gc] GC(7641) Pause Young (G1 Evacuation Pause) 237M->22M(368M) 1,789ms
[1857,764s][info][gc] GC(7642) Pause Young (G1 Evacuation Pause) 237M->22M(368M) 1,682ms
[1858,025s][info][gc] GC(7643) Pause Young (G1 Evacuation Pause) 237M->22M(368M) 1,787ms
[1858,258s][info][gc] GC(7644) Pause Young (G1 Evacuation Pause) 236M->22M(368M) 1,151ms
[1858,511s][info][gc] GC(7645) Pause Young (G1 Evacuation Pause) 237M->22M(368M) 1,803ms
[1858,751s][info][gc] GC(7646) Pause Young (G1 Evacuation Pause) 237M->22M(368M) 1,804ms
[1858,993s][info][gc] GC(7647) Pause Young (G1 Evacuation Pause) 237M->22M(368M) 1,535ms
[1859,226s][info][gc] GC(7648) Pause Young (G1 Evacuation Pause) 237M->22M(368M) 1,745ms
[1859,474s][info][gc] GC(7649) Pause Young (G1 Evacuation Pause) 236M->22M(368M) 1,796ms
[1859,728s][info][gc] GC(7650) Pause Young (G1 Evacuation Pause) 237M->22M(368M) 1,716ms
[1859,982s][info][gc] GC(7651) Pause Young (G1 Evacuation Pause) 237M->22M(368M) 1,736ms
[1860,215s][info][gc] GC(7652) Pause Young (G1 Evacuation Pause) 237M->22M(368M) 1,170ms
[1860,448s][info][gc] GC(7653) Pause Young (G1 Evacuation Pause) 237M->22M(368M) 2,145ms
[1860,680s][info][gc] GC(7654) Pause Young (G1 Evacuation Pause) 236M->22M(368M) 1,158ms
[1860,912s][info][gc] GC(7655) Pause Young (G1 Evacuation Pause) 237M->22M(368M) 1,084ms
[1861,144s][info][gc] GC(7656) Pause Young (G1 Evacuation Pause) 237M->22M(368M) 1,245ms
[1861,384s][info][gc] GC(7657) Pause Young (G1 Evacuation Pause) 237M->22M(368M) 3,347ms
[1861,620s][info][gc] GC(7658) Pause Young (G1 Evacuation Pause) 237M->22M(368M) 1,569ms
[1861,852s][info][gc] GC(7659) Pause Young (G1 Evacuation Pause) 236M->22M(368M) 1,422ms
[1862,084s][info][gc] GC(7660) Pause Young (G1 Evacuation Pause) 237M->22M(368M) 1,191ms
[1862,317s][info][gc] GC(7661) Pause Young (G1 Evacuation Pause) 237M->22M(368M) 2,150ms
[1862,549s][info][gc] GC(7662) Pause Young (G1 Evacuation Pause) 237M->22M(368M) 1,391ms
[1862,782s][info][gc] GC(7663) Pause Young (G1 Evacuation Pause) 237M->22M(368M) 1,292ms
[1863,036s][info][gc] GC(7664) Pause Young (G1 Evacuation Pause) 237M->23M(368M) 1,951ms
[1863,276s][info][gc] GC(7665) Pause Young (G1 Evacuation Pause) 237M->22M(368M) 1,066ms
[1863,537s][info][gc] GC(7666) Pause Young (G1 Evacuation Pause) 237M->22M(368M) 1,761ms
[1863,794s][info][gc] GC(7667) Pause Young (G1 Evacuation Pause) 237M->22M(368M) 1,895ms
[1864,052s][info][gc] GC(7668) Pause Young (G1 Evacuation Pause) 237M->22M(368M) 1,892ms
[1864,306s][info][gc] GC(7669) Pause Young (G1 Evacuation Pause) 237M->23M(368M) 1,940ms
[1864,563s][info][gc] GC(7670) Pause Young (G1 Evacuation Pause) 237M->22M(368M) 1,175ms
[1864,795s][info][gc] GC(7671) Pause Young (G1 Evacuation Pause) 237M->22M(368M) 1,059ms
[1865,048s][info][gc] GC(7672) Pause Young (G1 Evacuation Pause) 237M->22M(368M) 1,858ms
[1865,305s][info][gc] GC(7673) Pause Young (G1 Evacuation Pause) 237M->22M(368M) 1,717ms
[1865,567s][info][gc] GC(7674) Pause Young (G1 Evacuation Pause) 237M->22M(368M) 1,835ms
[1865,823s][info][gc] GC(7675) Pause Young (G1 Evacuation Pause) 237M->23M(368M) 1,852ms
[1866,081s][info][gc] GC(7676) Pause Young (G1 Evacuation Pause) 237M->22M(368M) 1,757ms
[1866,335s][info][gc] GC(7677) Pause Young (G1 Evacuation Pause) 237M->22M(368M) 1,746ms
[1866,581s][info][gc] GC(7678) Pause Young (G1 Evacuation Pause) 237M->22M(368M) 1,984ms
[1866,813s][info][gc] GC(7679) Pause Young (G1 Evacuation Pause) 237M->22M(368M) 1,333ms
[1867,080s][info][gc] GC(7680) Pause Young (G1 Evacuation Pause) 237M->23M(368M) 1,799ms
[1867,334s][info][gc] GC(7681) Pause Young (G1 Evacuation Pause) 237M->22M(368M) 1,845ms
[1867,572s][info][gc] GC(7682) Pause Young (G1 Evacuation Pause) 237M->22M(368M) 1,638ms
[1867,805s][info][gc] GC(7683) Pause Young (G1 Evacuation Pause) 237M->22M(368M) 1,523ms
[1868,066s][info][gc] GC(7684) Pause Young (G1 Evacuation Pause) 237M->22M(368M) 2,423ms
[1868,304s][info][gc] GC(7685) Pause Young (G1 Evacuation Pause) 237M->23M(368M) 1,333ms
[1868,561s][info][gc] GC(7686) Pause Young (G1 Evacuation Pause) 237M->22M(368M) 1,175ms
[1868,793s][info][gc] GC(7687) Pause Young (G1 Evacuation Pause) 237M->22M(368M) 1,132ms
[1869,026s][info][gc] GC(7688) Pause Young (G1 Evacuation Pause) 237M->22M(368M) 1,410ms
[1869,258s][info][gc] GC(7689) Pause Young (G1 Evacuation Pause) 237M->22M(368M) 1,226ms
[1869,491s][info][gc] GC(7690) Pause Young (G1 Evacuation Pause) 237M->23M(368M) 1,310ms
[1869,724s][info][gc] GC(7691) Pause Young (G1 Evacuation Pause) 237M->22M(368M) 1,186ms
[1869,970s][info][gc] GC(7692) Pause Young (G1 Evacuation Pause) 237M->22M(368M) 1,384ms
[1870,228s][info][gc] GC(7693) Pause Young (G1 Evacuation Pause) 237M->22M(368M) 1,725ms
[1870,485s][info][gc] GC(7694) Pause Young (G1 Evacuation Pause) 237M->22M(368M) 1,820ms
[1870,735s][info][gc] GC(7695) Pause Young (G1 Evacuation Pause) 237M->22M(368M) 1,467ms
[1870,980s][info][gc] GC(7696) Pause Young (G1 Evacuation Pause) 237M->22M(368M) 1,891ms
[1871,212s][info][gc] GC(7697) Pause Young (G1 Evacuation Pause) 236M->22M(368M) 1,211ms
[1871,476s][info][gc] GC(7698) Pause Young (G1 Evacuation Pause) 237M->22M(368M) 1,860ms
[1871,730s][info][gc] GC(7699) Pause Young (G1 Evacuation Pause) 237M->22M(368M) 1,884ms
[1871,968s][info][gc] GC(7700) Pause Young (G1 Evacuation Pause) 237M->22M(368M) 1,337ms
[1872,200s][info][gc] GC(7701) Pause Young (G1 Evacuation Pause) 236M->22M(368M) 1,057ms
[1872,432s][info][gc] GC(7702) Pause Young (G1 Evacuation Pause) 237M->22M(368M) 1,217ms
[1872,664s][info][gc] GC(7703) Pause Young (G1 Evacuation Pause) 237M->22M(368M) 1,065ms
[1872,924s][info][gc] GC(7704) Pause Young (G1 Evacuation Pause) 237M->22M(368M) 1,881ms
[1873,174s][info][gc] GC(7705) Pause Young (G1 Evacuation Pause) 237M->22M(368M) 1,144ms
[1873,420s][info][gc] GC(7706) Pause Young (G1 Evacuation Pause) 237M->23M(368M) 2,031ms
[1873,671s][info][gc] GC(7707) Pause Young (G1 Evacuation Pause) 237M->22M(368M) 1,365ms
[1873,934s][info][gc] GC(7708) Pause Young (G1 Evacuation Pause) 237M->22M(368M) 1,687ms
[1874,197s][info][gc] GC(7709) Pause Young (G1 Evacuation Pause) 237M->22M(368M) 1,870ms
[1874,456s][info][gc] GC(7710) Pause Young (G1 Evacuation Pause) 237M->22M(368M) 1,811ms
[1874,710s][info][gc] GC(7711) Pause Young (G1 Evacuation Pause) 237M->23M(368M) 1,887ms
[1874,953s][info][gc] GC(7712) Pause Young (G1 Evacuation Pause) 237M->22M(368M) 1,485ms
[1875,186s][info][gc] GC(7713) Pause Young (G1 Evacuation Pause) 237M->22M(368M) 1,582ms
[1875,431s][info][gc] GC(7714) Pause Young (G1 Evacuation Pause) 237M->22M(368M) 1,585ms
[1875,666s][info][gc] GC(7715) Pause Young (G1 Evacuation Pause) 237M->22M(368M) 3,946ms
[1875,909s][info][gc] GC(7716) Pause Young (G1 Evacuation Pause) 237M->22M(368M) 2,258ms
[1876,142s][info][gc] GC(7717) Pause Young (G1 Evacuation Pause) 236M->22M(368M) 1,049ms
[1876,408s][info][gc] GC(7718) Pause Young (G1 Evacuation Pause) 237M->22M(368M) 2,338ms
[1876,650s][info][gc] GC(7719) Pause Young (G1 Evacuation Pause) 237M->22M(368M) 1,097ms
[1876,882s][info][gc] GC(7720) Pause Young (G1 Evacuation Pause) 237M->22M(368M) 1,279ms
[1877,114s][info][gc] GC(7721) Pause Young (G1 Evacuation Pause) 237M->22M(368M) 1,270ms
[1877,346s][info][gc] GC(7722) Pause Young (G1 Evacuation Pause) 237M->23M(368M) 1,275ms
[1877,606s][info][gc] GC(7723) Pause Young (G1 Evacuation Pause) 237M->22M(368M) 1,706ms
[1877,860s][info][gc] GC(7724) Pause Young (G1 Evacuation Pause) 237M->22M(368M) 1,766ms
[1878,098s][info][gc] GC(7725) Pause Young (G1 Evacuation Pause) 237M->22M(368M) 1,637ms
[1878,358s][info][gc] GC(7726) Pause Young (G1 Evacuation Pause) 237M->22M(368M) 3,376ms
[1878,591s][info][gc] GC(7727) Pause Young (G1 Evacuation Pause) 236M->22M(368M) 1,342ms
[1878,837s][info][gc] GC(7728) Pause Young (G1 Evacuation Pause) 237M->22M(368M) 1,671ms
[1879,092s][info][gc] GC(7729) Pause Young (G1 Evacuation Pause) 237M->22M(368M) 1,755ms
[1879,346s][info][gc] GC(7730) Pause Young (G1 Evacuation Pause) 237M->22M(368M) 1,793ms
[1879,600s][info][gc] GC(7731) Pause Young (G1 Evacuation Pause) 237M->22M(368M) 1,152ms
[1879,869s][info][gc] GC(7732) Pause Young (G1 Evacuation Pause) 237M->22M(368M) 3,712ms
[1880,124s][info][gc] GC(7733) Pause Young (G1 Evacuation Pause) 236M->22M(368M) 1,719ms
[1880,384s][info][gc] GC(7734) Pause Young (G1 Evacuation Pause) 237M->22M(368M) 3,403ms
[1880,631s][info][gc] GC(7735) Pause Young (G1 Evacuation Pause) 237M->22M(368M) 1,150ms
[1880,872s][info][gc] GC(7736) Pause Young (G1 Evacuation Pause) 237M->22M(368M) 1,863ms
[1881,129s][info][gc] GC(7737) Pause Young (G1 Evacuation Pause) 237M->22M(368M) 1,789ms
[1881,374s][info][gc] GC(7738) Pause Young (G1 Evacuation Pause) 236M->22M(368M) 1,908ms
[1881,628s][info][gc] GC(7739) Pause Young (G1 Evacuation Pause) 237M->22M(368M) 1,897ms
[1881,894s][info][gc] GC(7740) Pause Young (G1 Evacuation Pause) 237M->22M(368M) 2,435ms
[1882,148s][info][gc] GC(7741) Pause Young (G1 Evacuation Pause) 237M->22M(368M) 1,720ms
[1882,389s][info][gc] GC(7742) Pause Young (G1 Evacuation Pause) 237M->22M(368M) 3,417ms
[1882,653s][info][gc] GC(7743) Pause Young (G1 Evacuation Pause) 236M->22M(368M) 1,806ms
[1882,917s][info][gc] GC(7744) Pause Young (G1 Evacuation Pause) 237M->22M(368M) 2,276ms
[1883,167s][info][gc] GC(7745) Pause Young (G1 Evacuation Pause) 237M->22M(368M) 1,131ms
[1883,410s][info][gc] GC(7746) Pause Young (G1 Evacuation Pause) 237M->22M(368M) 2,351ms
[1883,672s][info][gc] GC(7747) Pause Young (G1 Evacuation Pause) 237M->22M(368M) 1,413ms
[1883,905s][info][gc] GC(7748) Pause Young (G1 Evacuation Pause) 237M->23M(368M) 1,456ms
[1884,138s][info][gc] GC(7749) Pause Young (G1 Evacuation Pause) 237M->22M(368M) 1,484ms
[1884,375s][info][gc] GC(7750) Pause Young (G1 Evacuation Pause) 237M->22M(368M) 4,015ms
[1884,609s][info][gc] GC(7751) Pause Young (G1 Evacuation Pause) 237M->22M(368M) 1,248ms
[1884,841s][info][gc] GC(7752) Pause Young (G1 Evacuation Pause) 237M->22M(368M) 1,271ms
[1885,102s][info][gc] GC(7753) Pause Young (G1 Evacuation Pause) 236M->21M(368M) 4,718ms
[1885,336s][info][gc] GC(7754) Pause Young (G1 Evacuation Pause) 236M->22M(368M) 1,368ms
[1885,572s][info][gc] GC(7755) Pause Young (G1 Evacuation Pause) 237M->22M(368M) 1,232ms
[1885,825s][info][gc] GC(7756) Pause Young (G1 Evacuation Pause) 237M->22M(368M) 2,290ms
[1886,089s][info][gc] GC(7757) Pause Young (G1 Evacuation Pause) 237M->22M(368M) 2,261ms
[1886,351s][info][gc] GC(7758) Pause Young (G1 Evacuation Pause) 237M->22M(368M) 2,587ms
[1886,620s][info][gc] GC(7759) Pause Young (G1 Evacuation Pause) 236M->22M(368M) 1,605ms
[1886,877s][info][gc] GC(7760) Pause Young (G1 Evacuation Pause) 237M->22M(368M) 2,256ms
[1887,131s][info][gc] GC(7761) Pause Young (G1 Evacuation Pause) 237M->22M(368M) 1,850ms
[1887,371s][info][gc] GC(7762) Pause Young (G1 Evacuation Pause) 237M->22M(368M) 1,338ms
[1887,604s][info][gc] GC(7763) Pause Young (G1 Evacuation Pause) 237M->22M(368M) 1,364ms
[1887,836s][info][gc] GC(7764) Pause Young (G1 Evacuation Pause) 236M->22M(368M) 1,271ms
[1888,068s][info][gc] GC(7765) Pause Young (G1 Evacuation Pause) 237M->22M(368M) 1,293ms
[1888,300s][info][gc] GC(7766) Pause Young (G1 Evacuation Pause) 237M->22M(368M) 1,094ms
[1888,558s][info][gc] GC(7767) Pause Young (G1 Evacuation Pause) 237M->22M(368M) 3,542ms
[1888,790s][info][gc] GC(7768) Pause Young (G1 Evacuation Pause) 237M->22M(368M) 1,272ms
[1889,034s][info][gc] GC(7769) Pause Young (G1 Evacuation Pause) 236M->22M(368M) 1,385ms
[1889,267s][info][gc] GC(7770) Pause Young (G1 Evacuation Pause) 237M->22M(368M) 1,553ms
[1889,513s][info][gc] GC(7771) Pause Young (G1 Evacuation Pause) 237M->22M(368M) 1,357ms
[1889,746s][info][gc] GC(7772) Pause Young (G1 Evacuation Pause) 237M->22M(368M) 1,487ms
[1890,011s][info][gc] GC(7773) Pause Young (G1 Evacuation Pause) 237M->22M(368M) 1,808ms
[1890,265s][info][gc] GC(7774) Pause Young (G1 Evacuation Pause) 237M->23M(368M) 1,851ms
[1890,520s][info][gc] GC(7775) Pause Young (G1 Evacuation Pause) 237M->22M(368M) 1,407ms
[1890,753s][info][gc] GC(7776) Pause Young (G1 Evacuation Pause) 237M->22M(368M) 1,369ms
[1891,005s][info][gc] GC(7777) Pause Young (G1 Evacuation Pause) 237M->22M(368M) 1,869ms
[1891,261s][info][gc] GC(7778) Pause Young (G1 Evacuation Pause) 237M->22M(368M) 3,401ms
[1891,515s][info][gc] GC(7779) Pause Young (G1 Evacuation Pause) 237M->22M(368M) 1,858ms
[1891,760s][info][gc] GC(7780) Pause Young (G1 Evacuation Pause) 236M->22M(368M) 1,322ms
[1892,012s][info][gc] GC(7781) Pause Young (G1 Evacuation Pause) 237M->22M(368M) 1,740ms
[1892,267s][info][gc] GC(7782) Pause Young (G1 Evacuation Pause) 237M->22M(368M) 2,467ms
[1892,526s][info][gc] GC(7783) Pause Young (G1 Evacuation Pause) 237M->22M(368M) 1,512ms
[1892,758s][info][gc] GC(7784) Pause Young (G1 Evacuation Pause) 237M->23M(368M) 1,289ms
[1892,990s][info][gc] GC(7785) Pause Young (G1 Evacuation Pause) 237M->22M(368M) 1,189ms
[1893,222s][info][gc] GC(7786) Pause Young (G1 Evacuation Pause) 237M->22M(368M) 1,227ms
[1893,454s][info][gc] GC(7787) Pause Young (G1 Evacuation Pause) 237M->22M(368M) 1,130ms
[1893,686s][info][gc] GC(7788) Pause Young (G1 Evacuation Pause) 237M->22M(368M) 1,194ms
[1893,933s][info][gc] GC(7789) Pause Young (G1 Evacuation Pause) 237M->22M(368M) 2,494ms
[1894,170s][info][gc] GC(7790) Pause Young (G1 Evacuation Pause) 237M->22M(368M) 2,864ms
[1894,403s][info][gc] GC(7791) Pause Young (G1 Evacuation Pause) 236M->22M(368M) 1,509ms
[1894,635s][info][gc] GC(7792) Pause Young (G1 Evacuation Pause) 237M->22M(368M) 1,073ms
[1894,872s][info][gc] GC(7793) Pause Young (G1 Evacuation Pause) 237M->22M(368M) 4,216ms
[1895,128s][info][gc] GC(7794) Pause Young (G1 Evacuation Pause) 237M->22M(368M) 1,422ms
[1895,365s][info][gc] GC(7795) Pause Young (G1 Evacuation Pause) 236M->22M(368M) 3,746ms
[1895,630s][info][gc] GC(7796) Pause Young (G1 Evacuation Pause) 237M->22M(368M) 2,495ms
[1895,895s][info][gc] GC(7797) Pause Young (G1 Evacuation Pause) 237M->22M(368M) 3,878ms
[1896,157s][info][gc] GC(7798) Pause Young (G1 Evacuation Pause) 237M->22M(368M) 1,787ms
[1896,415s][info][gc] GC(7799) Pause Young (G1 Evacuation Pause) 237M->22M(368M) 1,704ms
[1896,657s][info][gc] GC(7800) Pause Young (G1 Evacuation Pause) 237M->22M(368M) 1,134ms
[1896,920s][info][gc] GC(7801) Pause Young (G1 Evacuation Pause) 236M->22M(368M) 1,674ms
[1897,174s][info][gc] GC(7802) Pause Young (G1 Evacuation Pause) 237M->22M(368M) 1,724ms
[1897,432s][info][gc] GC(7803) Pause Young (G1 Evacuation Pause) 237M->22M(368M) 1,451ms
[1897,665s][info][gc] GC(7804) Pause Young (G1 Evacuation Pause) 237M->22M(368M) 1,395ms
[1897,907s][info][gc] GC(7805) Pause Young (G1 Evacuation Pause) 237M->22M(368M) 2,516ms
[1898,158s][info][gc] GC(7806) Pause Young (G1 Evacuation Pause) 236M->22M(368M) 1,155ms
[1898,400s][info][gc] GC(7807) Pause Young (G1 Evacuation Pause) 237M->22M(368M) 2,472ms
[1898,661s][info][gc] GC(7808) Pause Young (G1 Evacuation Pause) 237M->22M(368M) 1,566ms
[1898,894s][info][gc] GC(7809) Pause Young (G1 Evacuation Pause) 237M->22M(368M) 1,571ms
[1899,127s][info][gc] GC(7810) Pause Young (G1 Evacuation Pause) 237M->22M(368M) 1,521ms
[1899,360s][info][gc] GC(7811) Pause Young (G1 Evacuation Pause) 237M->23M(368M) 1,524ms
[1899,622s][info][gc] GC(7812) Pause Young (G1 Evacuation Pause) 237M->22M(368M) 1,907ms
[1899,878s][info][gc] GC(7813) Pause Young (G1 Evacuation Pause) 237M->22M(368M) 2,296ms
[1900,132s][info][gc] GC(7814) Pause Young (G1 Evacuation Pause) 237M->22M(368M) 1,780ms
[1900,386s][info][gc] GC(7815) Pause Young (G1 Evacuation Pause) 237M->22M(368M) 1,914ms
[1900,629s][info][gc] GC(7816) Pause Young (G1 Evacuation Pause) 237M->23M(368M) 1,271ms
[1900,866s][info][gc] GC(7817) Pause Young (G1 Evacuation Pause) 237M->22M(368M) 4,109ms
[1901,128s][info][gc] GC(7818) Pause Young (G1 Evacuation Pause) 237M->22M(368M) 1,778ms
[1901,382s][info][gc] GC(7819) Pause Young (G1 Evacuation Pause) 237M->22M(368M) 1,880ms
[1901,636s][info][gc] GC(7820) Pause Young (G1 Evacuation Pause) 237M->22M(368M) 1,897ms
[1901,873s][info][gc] GC(7821) Pause Young (G1 Evacuation Pause) 237M->23M(368M) 1,228ms
[1902,105s][info][gc] GC(7822) Pause Young (G1 Evacuation Pause) 237M->22M(368M) 1,199ms
[1902,374s][info][gc] GC(7823) Pause Young (G1 Evacuation Pause) 237M->22M(368M) 3,399ms
[1902,607s][info][gc] GC(7824) Pause Young (G1 Evacuation Pause) 237M->22M(368M) 1,678ms
[1902,849s][info][gc] GC(7825) Pause Young (G1 Evacuation Pause) 237M->22M(368M) 1,518ms
[1903,111s][info][gc] GC(7826) Pause Young (G1 Evacuation Pause) 237M->22M(368M) 1,838ms
[1903,345s][info][gc] GC(7827) Pause Young (G1 Evacuation Pause) 237M->23M(368M) 1,165ms
[1903,610s][info][gc] GC(7828) Pause Young (G1 Evacuation Pause) 237M->22M(368M) 1,682ms
[1903,874s][info][gc] GC(7829) Pause Young (G1 Evacuation Pause) 237M->22M(368M) 3,408ms
[1904,133s][info][gc] GC(7830) Pause Young (G1 Evacuation Pause) 237M->22M(368M) 3,568ms
[1904,374s][info][gc] GC(7831) Pause Young (G1 Evacuation Pause) 237M->22M(368M) 1,497ms
[1904,606s][info][gc] GC(7832) Pause Young (G1 Evacuation Pause) 236M->22M(368M) 1,298ms
[1904,838s][info][gc] GC(7833) Pause Young (G1 Evacuation Pause) 237M->22M(368M) 1,160ms
[1905,096s][info][gc] GC(7834) Pause Young (G1 Evacuation Pause) 237M->22M(368M) 1,927ms
[1905,354s][info][gc] GC(7835) Pause Young (G1 Evacuation Pause) 237M->22M(368M) 1,862ms
[1905,608s][info][gc] GC(7836) Pause Young (G1 Evacuation Pause) 237M->22M(368M) 1,852ms
[1905,862s][info][gc] GC(7837) Pause Young (G1 Evacuation Pause) 236M->22M(368M) 1,774ms
[1906,095s][info][gc] GC(7838) Pause Young (G1 Evacuation Pause) 237M->22M(368M) 1,207ms
[1906,327s][info][gc] GC(7839) Pause Young (G1 Evacuation Pause) 237M->22M(368M) 1,237ms
[1906,586s][info][gc] GC(7840) Pause Young (G1 Evacuation Pause) 237M->22M(368M) 3,439ms
[1906,847s][info][gc] GC(7841) Pause Young (G1 Evacuation Pause) 237M->22M(368M) 1,902ms
[1907,107s][info][gc] GC(7842) Pause Young (G1 Evacuation Pause) 237M->22M(368M) 1,823ms
[1907,340s][info][gc] GC(7843) Pause Young (G1 Evacuation Pause) 236M->22M(368M) 1,143ms
[1907,607s][info][gc] GC(7844) Pause Young (G1 Evacuation Pause) 237M->22M(368M) 2,463ms
[1907,874s][info][gc] GC(7845) Pause Young (G1 Evacuation Pause) 237M->22M(368M) 3,786ms
[1908,117s][info][gc] GC(7846) Pause Young (G1 Evacuation Pause) 237M->22M(368M) 1,482ms
[1908,349s][info][gc] GC(7847) Pause Young (G1 Evacuation Pause) 237M->22M(368M) 1,233ms
[1908,591s][info][gc] GC(7848) Pause Young (G1 Evacuation Pause) 236M->22M(368M) 1,142ms
[1908,823s][info][gc] GC(7849) Pause Young (G1 Evacuation Pause) 237M->22M(368M) 1,147ms
[1909,055s][info][gc] GC(7850) Pause Young (G1 Evacuation Pause) 237M->22M(368M) 1,079ms
[1909,287s][info][gc] GC(7851) Pause Young (G1 Evacuation Pause) 237M->22M(368M) 1,100ms
[1909,547s][info][gc] GC(7852) Pause Young (G1 Evacuation Pause) 237M->22M(368M) 1,907ms
[1909,801s][info][gc] GC(7853) Pause Young (G1 Evacuation Pause) 236M->22M(368M) 1,779ms
[1910,049s][info][gc] GC(7854) Pause Young (G1 Evacuation Pause) 237M->22M(368M) 1,212ms
[1910,281s][info][gc] GC(7855) Pause Young (G1 Evacuation Pause) 237M->22M(368M) 1,121ms
[1910,532s][info][gc] GC(7856) Pause Young (G1 Evacuation Pause) 237M->22M(368M) 1,785ms
[1910,786s][info][gc] GC(7857) Pause Young (G1 Evacuation Pause) 237M->22M(368M) 1,815ms
[1911,040s][info][gc] GC(7858) Pause Young (G1 Evacuation Pause) 237M->23M(368M) 1,953ms
[1911,294s][info][gc] GC(7859) Pause Young (G1 Evacuation Pause) 237M->22M(368M) 1,680ms
[1911,567s][info][gc] GC(7860) Pause Young (G1 Evacuation Pause) 237M->22M(368M) 2,330ms
[1911,802s][info][gc] GC(7861) Pause Young (G1 Evacuation Pause) 237M->22M(368M) 1,385ms
[1912,058s][info][gc] GC(7862) Pause Young (G1 Evacuation Pause) 237M->22M(368M) 1,835ms
[1912,312s][info][gc] GC(7863) Pause Young (G1 Evacuation Pause) 237M->23M(368M) 1,709ms
[1912,564s][info][gc] GC(7864) Pause Young (G1 Evacuation Pause) 237M->22M(368M) 1,173ms
[1912,796s][info][gc] GC(7865) Pause Young (G1 Evacuation Pause) 237M->22M(368M) 1,196ms
[1913,054s][info][gc] GC(7866) Pause Young (G1 Evacuation Pause) 237M->22M(368M) 1,910ms
[1913,309s][info][gc] GC(7867) Pause Young (G1 Evacuation Pause) 237M->22M(368M) 1,796ms
[1913,563s][info][gc] GC(7868) Pause Young (G1 Evacuation Pause) 237M->22M(368M) 1,857ms
[1913,817s][info][gc] GC(7869) Pause Young (G1 Evacuation Pause) 236M->22M(368M) 1,621ms
[1914,082s][info][gc] GC(7870) Pause Young (G1 Evacuation Pause) 237M->22M(368M) 1,606ms
[1914,354s][info][gc] GC(7871) Pause Young (G1 Evacuation Pause) 237M->22M(368M) 2,536ms
[1914,625s][info][gc] GC(7872) Pause Young (G1 Evacuation Pause) 237M->22M(368M) 1,840ms
[1914,860s][info][gc] GC(7873) Pause Young (G1 Evacuation Pause) 237M->22M(368M) 1,477ms
[1915,092s][info][gc] GC(7874) Pause Young (G1 Evacuation Pause) 236M->22M(368M) 1,305ms
[1915,326s][info][gc] GC(7875) Pause Young (G1 Evacuation Pause) 237M->22M(368M) 1,408ms
[1915,570s][info][gc] GC(7876) Pause Young (G1 Evacuation Pause) 237M->22M(368M) 1,266ms
[1915,802s][info][gc] GC(7877) Pause Young (G1 Evacuation Pause) 237M->22M(368M) 1,278ms
[1916,062s][info][gc] GC(7878) Pause Young (G1 Evacuation Pause) 237M->22M(368M) 1,826ms
[1916,314s][info][gc] GC(7879) Pause Young (G1 Evacuation Pause) 237M->23M(368M) 1,370ms
[1916,547s][info][gc] GC(7880) Pause Young (G1 Evacuation Pause) 237M->22M(368M) 2,159ms
[1916,779s][info][gc] GC(7881) Pause Young (G1 Evacuation Pause) 237M->22M(368M) 1,217ms
[1917,030s][info][gc] GC(7882) Pause Young (G1 Evacuation Pause) 237M->22M(368M) 1,857ms
[1917,284s][info][gc] GC(7883) Pause Young (G1 Evacuation Pause) 237M->22M(368M) 1,931ms
[1917,544s][info][gc] GC(7884) Pause Young (G1 Evacuation Pause) 236M->22M(368M) 1,581ms
[1917,805s][info][gc] GC(7885) Pause Young (G1 Evacuation Pause) 237M->22M(368M) 1,708ms
[1918,056s][info][gc] GC(7886) Pause Young (G1 Evacuation Pause) 237M->21M(368M) 1,674ms
[1918,303s][info][gc] GC(7887) Pause Young (G1 Evacuation Pause) 236M->22M(368M) 1,250ms
[1918,558s][info][gc] GC(7888) Pause Young (G1 Evacuation Pause) 237M->22M(368M) 1,789ms
[1918,812s][info][gc] GC(7889) Pause Young (G1 Evacuation Pause) 236M->21M(368M) 1,636ms
[1919,066s][info][gc] GC(7890) Pause Young (G1 Evacuation Pause) 236M->22M(368M) 1,672ms
[1919,313s][info][gc] GC(7891) Pause Young (G1 Evacuation Pause) 237M->22M(368M) 1,112ms
[1919,569s][info][gc] GC(7892) Pause Young (G1 Evacuation Pause) 237M->22M(368M) 1,865ms
[1919,823s][info][gc] GC(7893) Pause Young (G1 Evacuation Pause) 237M->22M(368M) 1,794ms
[1920,084s][info][gc] GC(7894) Pause Young (G1 Evacuation Pause) 237M->22M(368M) 1,816ms
[1920,338s][info][gc] GC(7895) Pause Young (G1 Evacuation Pause) 236M->22M(368M) 1,736ms
[1920,592s][info][gc] GC(7896) Pause Young (G1 Evacuation Pause) 237M->21M(368M) 2,760ms
[1920,825s][info][gc] GC(7897) Pause Young (G1 Evacuation Pause) 236M->22M(368M) 1,514ms
[1921,058s][info][gc] GC(7898) Pause Young (G1 Evacuation Pause) 237M->22M(368M) 1,693ms
[1921,291s][info][gc] GC(7899) Pause Young (G1 Evacuation Pause) 237M->22M(368M) 1,376ms
[1921,523s][info][gc] GC(7900) Pause Young (G1 Evacuation Pause) 236M->22M(368M) 1,257ms
[1921,756s][info][gc] GC(7901) Pause Young (G1 Evacuation Pause) 237M->22M(368M) 1,144ms
[1922,002s][info][gc] GC(7902) Pause Young (G1 Evacuation Pause) 237M->22M(368M) 1,357ms
[1922,235s][info][gc] GC(7903) Pause Young (G1 Evacuation Pause) 237M->22M(368M) 1,377ms
[1922,488s][info][gc] GC(7904) Pause Young (G1 Evacuation Pause) 237M->22M(368M) 2,483ms
[1922,746s][info][gc] GC(7905) Pause Young (G1 Evacuation Pause) 237M->23M(368M) 1,978ms
[1923,003s][info][gc] GC(7906) Pause Young (G1 Evacuation Pause) 237M->22M(368M) 1,604ms
[1923,253s][info][gc] GC(7907) Pause Young (G1 Evacuation Pause) 237M->22M(368M) 1,340ms
[1923,495s][info][gc] GC(7908) Pause Young (G1 Evacuation Pause) 237M->22M(368M) 1,135ms
[1923,727s][info][gc] GC(7909) Pause Young (G1 Evacuation Pause) 237M->22M(368M) 1,193ms
[1923,959s][info][gc] GC(7910) Pause Young (G1 Evacuation Pause) 237M->22M(368M) 1,176ms
[1924,191s][info][gc] GC(7911) Pause Young (G1 Evacuation Pause) 236M->22M(368M) 1,088ms
[1924,438s][info][gc] GC(7912) Pause Young (G1 Evacuation Pause) 237M->22M(368M) 2,348ms
[1924,680s][info][gc] GC(7913) Pause Young (G1 Evacuation Pause) 237M->22M(368M) 1,218ms
[1924,928s][info][gc] GC(7914) Pause Young (G1 Evacuation Pause) 237M->22M(368M) 1,797ms
[1925,182s][info][gc] GC(7915) Pause Young (G1 Evacuation Pause) 237M->22M(368M) 1,742ms
[1925,440s][info][gc] GC(7916) Pause Young (G1 Evacuation Pause) 236M->22M(368M) 1,572ms
[1925,687s][info][gc] GC(7917) Pause Young (G1 Evacuation Pause) 237M->22M(368M) 1,328ms
[1925,934s][info][gc] GC(7918) Pause Young (G1 Evacuation Pause) 237M->22M(368M) 1,660ms
[1926,169s][info][gc] GC(7919) Pause Young (G1 Evacuation Pause) 237M->22M(368M) 2,833ms
[1926,414s][info][gc] GC(7920) Pause Young (G1 Evacuation Pause) 237M->22M(368M) 3,154ms
[1926,649s][info][gc] GC(7921) Pause Young (G1 Evacuation Pause) 237M->23M(368M) 1,417ms
[1926,882s][info][gc] GC(7922) Pause Young (G1 Evacuation Pause) 237M->22M(368M) 1,391ms
[1927,116s][info][gc] GC(7923) Pause Young (G1 Evacuation Pause) 237M->22M(368M) 1,786ms
[1927,364s][info][gc] GC(7924) Pause Young (G1 Evacuation Pause) 237M->22M(368M) 3,280ms
[1927,624s][info][gc] GC(7925) Pause Young (G1 Evacuation Pause) 237M->22M(368M) 1,827ms
[1927,858s][info][gc] GC(7926) Pause Young (G1 Evacuation Pause) 236M->22M(368M) 1,178ms
[1928,091s][info][gc] GC(7927) Pause Young (G1 Evacuation Pause) 237M->22M(368M) 1,159ms
[1928,323s][info][gc] GC(7928) Pause Young (G1 Evacuation Pause) 237M->22M(368M) 1,212ms
[1928,585s][info][gc] GC(7929) Pause Young (G1 Evacuation Pause) 237M->22M(368M) 1,873ms
[1928,822s][info][gc] GC(7930) Pause Young (G1 Evacuation Pause) 237M->22M(368M) 3,994ms
[1929,069s][info][gc] GC(7931) Pause Young (G1 Evacuation Pause) 236M->21M(368M) 3,850ms
[1929,301s][info][gc] GC(7932) Pause Young (G1 Evacuation Pause) 236M->22M(368M) 1,326ms
[1929,535s][info][gc] GC(7933) Pause Young (G1 Evacuation Pause) 237M->22M(368M) 1,592ms
[1929,768s][info][gc] GC(7934) Pause Young (G1 Evacuation Pause) 237M->22M(368M) 1,380ms
[1930,021s][info][gc] GC(7935) Pause Young (G1 Evacuation Pause) 237M->22M(368M) 1,392ms
[1930,254s][info][gc] GC(7936) Pause Young (G1 Evacuation Pause) 237M->22M(368M) 1,531ms
[1930,505s][info][gc] GC(7937) Pause Young (G1 Evacuation Pause) 236M->22M(368M) 1,725ms
[1930,744s][info][gc] GC(7938) Pause Young (G1 Evacuation Pause) 237M->22M(368M) 1,074ms
[1930,984s][info][gc] GC(7939) Pause Young (G1 Evacuation Pause) 237M->22M(368M) 3,471ms
[1931,218s][info][gc] GC(7940) Pause Young (G1 Evacuation Pause) 237M->22M(368M) 1,280ms
[1931,465s][info][gc] GC(7941) Pause Young (G1 Evacuation Pause) 237M->22M(368M) 1,712ms
[1931,710s][info][gc] GC(7942) Pause Young (G1 Evacuation Pause) 237M->23M(368M) 1,526ms
[1931,956s][info][gc] GC(7943) Pause Young (G1 Evacuation Pause) 237M->22M(368M) 1,732ms
[1932,210s][info][gc] GC(7944) Pause Young (G1 Evacuation Pause) 237M->22M(368M) 1,784ms
[1932,472s][info][gc] GC(7945) Pause Young (G1 Evacuation Pause) 237M->22M(368M) 1,897ms
[1932,708s][info][gc] GC(7946) Pause Young (G1 Evacuation Pause) 237M->22M(368M) 1,262ms
[1932,956s][info][gc] GC(7947) Pause Young (G1 Evacuation Pause) 237M->23M(368M) 1,723ms
[1933,203s][info][gc] GC(7948) Pause Young (G1 Evacuation Pause) 237M->22M(368M) 1,198ms
[1933,435s][info][gc] GC(7949) Pause Young (G1 Evacuation Pause) 237M->22M(368M) 1,175ms
[1933,667s][info][gc] GC(7950) Pause Young (G1 Evacuation Pause) 237M->22M(368M) 1,213ms
[1933,909s][info][gc] GC(7951) Pause Young (G1 Evacuation Pause) 237M->22M(368M) 2,197ms
[1934,163s][info][gc] GC(7952) Pause Young (G1 Evacuation Pause) 237M->22M(368M) 1,791ms
[1934,422s][info][gc] GC(7953) Pause Young (G1 Evacuation Pause) 236M->22M(368M) 1,895ms
[1934,655s][info][gc] GC(7954) Pause Young (G1 Evacuation Pause) 237M->22M(368M) 1,108ms
[1934,899s][info][gc] GC(7955) Pause Young (G1 Evacuation Pause) 237M->22M(368M) 3,968ms
[1935,161s][info][gc] GC(7956) Pause Young (G1 Evacuation Pause) 237M->22M(368M) 1,897ms
[1935,420s][info][gc] GC(7957) Pause Young (G1 Evacuation Pause) 237M->22M(368M) 2,498ms
[1935,682s][info][gc] GC(7958) Pause Young (G1 Evacuation Pause) 236M->22M(368M) 1,712ms
[1935,936s][info][gc] GC(7959) Pause Young (G1 Evacuation Pause) 237M->22M(368M) 1,691ms
[1936,190s][info][gc] GC(7960) Pause Young (G1 Evacuation Pause) 237M->22M(368M) 1,944ms
[1936,423s][info][gc] GC(7961) Pause Young (G1 Evacuation Pause) 237M->22M(368M) 1,159ms
[1936,655s][info][gc] GC(7962) Pause Young (G1 Evacuation Pause) 237M->22M(368M) 1,116ms
[1936,887s][info][gc] GC(7963) Pause Young (G1 Evacuation Pause) 237M->23M(368M) 1,296ms
[1937,120s][info][gc] GC(7964) Pause Young (G1 Evacuation Pause) 237M->22M(368M) 1,754ms
[1937,352s][info][gc] GC(7965) Pause Young (G1 Evacuation Pause) 237M->22M(368M) 1,302ms
[1937,585s][info][gc] GC(7966) Pause Young (G1 Evacuation Pause) 237M->22M(368M) 2,295ms
[1937,818s][info][gc] GC(7967) Pause Young (G1 Evacuation Pause) 237M->22M(368M) 1,223ms
[1938,079s][info][gc] GC(7968) Pause Young (G1 Evacuation Pause) 236M->21M(368M) 3,218ms
[1938,315s][info][gc] GC(7969) Pause Young (G1 Evacuation Pause) 236M->22M(368M) 1,116ms
[1938,552s][info][gc] GC(7970) Pause Young (G1 Evacuation Pause) 237M->22M(368M) 1,130ms
[1938,784s][info][gc] GC(7971) Pause Young (G1 Evacuation Pause) 237M->22M(368M) 1,139ms
[1939,016s][info][gc] GC(7972) Pause Young (G1 Evacuation Pause) 237M->22M(368M) 1,132ms
[1939,249s][info][gc] GC(7973) Pause Young (G1 Evacuation Pause) 237M->22M(368M) 1,885ms
[1939,499s][info][gc] GC(7974) Pause Young (G1 Evacuation Pause) 236M->22M(368M) 1,550ms
[1939,743s][info][gc] GC(7975) Pause Young (G1 Evacuation Pause) 237M->22M(368M) 1,123ms
[1939,993s][info][gc] GC(7976) Pause Young (G1 Evacuation Pause) 237M->22M(368M) 1,854ms
[1940,247s][info][gc] GC(7977) Pause Young (G1 Evacuation Pause) 237M->22M(368M) 1,820ms
[1940,481s][info][gc] GC(7978) Pause Young (G1 Evacuation Pause) 237M->22M(368M) 2,045ms
[1940,720s][info][gc] GC(7979) Pause Young (G1 Evacuation Pause) 236M->22M(368M) 1,287ms
[1940,971s][info][gc] GC(7980) Pause Young (G1 Evacuation Pause) 237M->22M(368M) 1,743ms
[1941,207s][info][gc] GC(7981) Pause Young (G1 Evacuation Pause) 237M->22M(368M) 1,468ms
[1941,472s][info][gc] GC(7982) Pause Young (G1 Evacuation Pause) 237M->22M(368M) 1,680ms
[1941,726s][info][gc] GC(7983) Pause Young (G1 Evacuation Pause) 237M->23M(368M) 1,882ms
[1941,978s][info][gc] GC(7984) Pause Young (G1 Evacuation Pause) 237M->22M(368M) 2,279ms
[1942,236s][info][gc] GC(7985) Pause Young (G1 Evacuation Pause) 237M->22M(368M) 1,915ms
[1942,490s][info][gc] GC(7986) Pause Young (G1 Evacuation Pause) 237M->22M(368M) 1,942ms
[1942,730s][info][gc] GC(7987) Pause Young (G1 Evacuation Pause) 237M->22M(368M) 1,116ms
[1942,999s][info][gc] GC(7988) Pause Young (G1 Evacuation Pause) 237M->22M(368M) 4,739ms
[1943,233s][info][gc] GC(7989) Pause Young (G1 Evacuation Pause) 236M->22M(368M) 1,377ms
[1943,468s][info][gc] GC(7990) Pause Young (G1 Evacuation Pause) 237M->22M(368M) 1,542ms
[1943,703s][info][gc] GC(7991) Pause Young (G1 Evacuation Pause) 237M->22M(368M) 1,544ms
[1943,951s][info][gc] GC(7992) Pause Young (G1 Evacuation Pause) 237M->22M(368M) 1,803ms
[1944,214s][info][gc] GC(7993) Pause Young (G1 Evacuation Pause) 237M->22M(368M) 1,839ms
[1944,468s][info][gc] GC(7994) Pause Young (G1 Evacuation Pause) 236M->21M(368M) 1,801ms
[1944,708s][info][gc] GC(7995) Pause Young (G1 Evacuation Pause) 236M->22M(368M) 1,175ms
[1944,956s][info][gc] GC(7996) Pause Young (G1 Evacuation Pause) 237M->22M(368M) 1,852ms
[1945,210s][info][gc] GC(7997) Pause Young (G1 Evacuation Pause) 237M->22M(368M) 1,734ms
[1945,464s][info][gc] GC(7998) Pause Young (G1 Evacuation Pause) 237M->22M(368M) 1,753ms
[1945,718s][info][gc] GC(7999) Pause Young (G1 Evacuation Pause) 237M->22M(368M) 1,797ms
[1945,979s][info][gc] GC(8000) Pause Young (G1 Evacuation Pause) 236M->22M(368M) 2,314ms
[1946,213s][info][gc] GC(8001) Pause Young (G1 Evacuation Pause) 237M->22M(368M) 1,202ms
[1946,467s][info][gc] GC(8002) Pause Young (G1 Evacuation Pause) 237M->22M(368M) 4,759ms
[1946,717s][info][gc] GC(8003) Pause Young (G1 Evacuation Pause) 237M->22M(368M) 1,297ms
[1946,964s][info][gc] GC(8004) Pause Young (G1 Evacuation Pause) 237M->22M(368M) 1,458ms
[1947,197s][info][gc] GC(8005) Pause Young (G1 Evacuation Pause) 236M->22M(368M) 1,559ms
[1947,450s][info][gc] GC(8006) Pause Young (G1 Evacuation Pause) 237M->22M(368M) 1,563ms
[1947,701s][info][gc] GC(8007) Pause Young (G1 Evacuation Pause) 237M->22M(368M) 3,210ms
[1947,957s][info][gc] GC(8008) Pause Young (G1 Evacuation Pause) 237M->22M(368M) 1,640ms
[1948,204s][info][gc] GC(8009) Pause Young (G1 Evacuation Pause) 237M->22M(368M) 1,212ms
[1948,450s][info][gc] GC(8010) Pause Young (G1 Evacuation Pause) 237M->23M(368M) 1,855ms
[1948,700s][info][gc] GC(8011) Pause Young (G1 Evacuation Pause) 237M->22M(368M) 1,033ms
[1948,946s][info][gc] GC(8012) Pause Young (G1 Evacuation Pause) 237M->22M(368M) 4,673ms
[1949,182s][info][gc] GC(8013) Pause Young (G1 Evacuation Pause) 237M->22M(368M) 1,862ms
[1949,427s][info][gc] GC(8014) Pause Young (G1 Evacuation Pause) 237M->22M(368M) 1,572ms
[1949,674s][info][gc] GC(8015) Pause Young (G1 Evacuation Pause) 237M->23M(368M) 1,267ms
[1949,926s][info][gc] GC(8016) Pause Young (G1 Evacuation Pause) 237M->22M(368M) 3,720ms
[1950,181s][info][gc] GC(8017) Pause Young (G1 Evacuation Pause) 237M->22M(368M) 1,744ms
[1950,440s][info][gc] GC(8018) Pause Young (G1 Evacuation Pause) 237M->22M(368M) 1,826ms
[1950,694s][info][gc] GC(8019) Pause Young (G1 Evacuation Pause) 237M->22M(368M) 1,918ms
[1950,948s][info][gc] GC(8020) Pause Young (G1 Evacuation Pause) 237M->22M(368M) 1,955ms
[1951,210s][info][gc] GC(8021) Pause Young (G1 Evacuation Pause) 236M->22M(368M) 1,820ms
[1951,447s][info][gc] GC(8022) Pause Young (G1 Evacuation Pause) 237M->22M(368M) 1,174ms
[1951,679s][info][gc] GC(8023) Pause Young (G1 Evacuation Pause) 237M->22M(368M) 1,285ms
[1951,925s][info][gc] GC(8024) Pause Young (G1 Evacuation Pause) 237M->22M(368M) 2,325ms
[1952,189s][info][gc] GC(8025) Pause Young (G1 Evacuation Pause) 237M->22M(368M) 1,955ms
[1952,447s][info][gc] GC(8026) Pause Young (G1 Evacuation Pause) 236M->22M(368M) 1,717ms
[1952,706s][info][gc] GC(8027) Pause Young (G1 Evacuation Pause) 237M->22M(368M) 1,627ms
[1952,967s][info][gc] GC(8028) Pause Young (G1 Evacuation Pause) 237M->22M(368M) 1,778ms
[1953,213s][info][gc] GC(8029) Pause Young (G1 Evacuation Pause) 237M->22M(368M) 1,301ms
[1953,463s][info][gc] GC(8030) Pause Young (G1 Evacuation Pause) 237M->22M(368M) 1,776ms
[1953,720s][info][gc] GC(8031) Pause Young (G1 Evacuation Pause) 236M->22M(368M) 1,576ms
[1953,979s][info][gc] GC(8032) Pause Young (G1 Evacuation Pause) 237M->22M(368M) 1,659ms
[1954,212s][info][gc] GC(8033) Pause Young (G1 Evacuation Pause) 237M->22M(368M) 1,235ms
[1954,470s][info][gc] GC(8034) Pause Young (G1 Evacuation Pause) 237M->22M(368M) 2,307ms
[1954,733s][info][gc] GC(8035) Pause Young (G1 Evacuation Pause) 237M->22M(368M) 1,841ms
[1954,993s][info][gc] GC(8036) Pause Young (G1 Evacuation Pause) 236M->22M(368M) 1,702ms
[1955,247s][info][gc] GC(8037) Pause Young (G1 Evacuation Pause) 237M->22M(368M) 1,784ms
[1955,510s][info][gc] GC(8038) Pause Young (G1 Evacuation Pause) 237M->22M(368M) 3,471ms
[1955,763s][info][gc] GC(8039) Pause Young (G1 Evacuation Pause) 237M->22M(368M) 1,781ms
[1955,997s][info][gc] GC(8040) Pause Young (G1 Evacuation Pause) 237M->22M(368M) 1,629ms
[1956,230s][info][gc] GC(8041) Pause Young (G1 Evacuation Pause) 237M->23M(368M) 1,392ms
[1956,482s][info][gc] GC(8042) Pause Young (G1 Evacuation Pause) 237M->21M(368M) 3,384ms
[1956,714s][info][gc] GC(8043) Pause Young (G1 Evacuation Pause) 236M->22M(368M) 1,081ms
[1956,962s][info][gc] GC(8044) Pause Young (G1 Evacuation Pause) 237M->22M(368M) 1,578ms
[1957,195s][info][gc] GC(8045) Pause Young (G1 Evacuation Pause) 237M->22M(368M) 1,422ms
[1957,428s][info][gc] GC(8046) Pause Young (G1 Evacuation Pause) 237M->22M(368M) 1,427ms
[1957,661s][info][gc] GC(8047) Pause Young (G1 Evacuation Pause) 236M->22M(368M) 1,437ms
[1957,905s][info][gc] GC(8048) Pause Young (G1 Evacuation Pause) 237M->22M(368M) 1,775ms
[1958,145s][info][gc] GC(8049) Pause Young (G1 Evacuation Pause) 237M->22M(368M) 3,488ms
[1958,384s][info][gc] GC(8050) Pause Young (G1 Evacuation Pause) 237M->22M(368M) 3,774ms
[1958,639s][info][gc] GC(8051) Pause Young (G1 Evacuation Pause) 237M->22M(368M) 2,035ms
[1958,892s][info][gc] GC(8052) Pause Young (G1 Evacuation Pause) 236M->22M(368M) 1,715ms
[1959,146s][info][gc] GC(8053) Pause Young (G1 Evacuation Pause) 237M->22M(368M) 1,981ms
[1959,388s][info][gc] GC(8054) Pause Young (G1 Evacuation Pause) 237M->22M(368M) 3,915ms
[1959,647s][info][gc] GC(8055) Pause Young (G1 Evacuation Pause) 237M->22M(368M) 1,140ms
[1959,893s][info][gc] GC(8056) Pause Young (G1 Evacuation Pause) 237M->22M(368M) 1,431ms
[1960,126s][info][gc] GC(8057) Pause Young (G1 Evacuation Pause) 237M->23M(368M) 1,443ms
[1960,358s][info][gc] GC(8058) Pause Young (G1 Evacuation Pause) 237M->22M(368M) 1,295ms
[1960,590s][info][gc] GC(8059) Pause Young (G1 Evacuation Pause) 237M->22M(368M) 1,391ms
[1960,824s][info][gc] GC(8060) Pause Young (G1 Evacuation Pause) 237M->22M(368M) 1,510ms
[1961,056s][info][gc] GC(8061) Pause Young (G1 Evacuation Pause) 237M->22M(368M) 1,322ms
[1961,290s][info][gc] GC(8062) Pause Young (G1 Evacuation Pause) 237M->22M(368M) 1,563ms
[1961,546s][info][gc] GC(8063) Pause Young (G1 Evacuation Pause) 236M->22M(368M) 1,742ms
[1961,800s][info][gc] GC(8064) Pause Young (G1 Evacuation Pause) 237M->22M(368M) 1,823ms
[1962,058s][info][gc] GC(8065) Pause Young (G1 Evacuation Pause) 237M->22M(368M) 1,753ms
[1962,312s][info][gc] GC(8066) Pause Young (G1 Evacuation Pause) 237M->22M(368M) 1,659ms
[1962,572s][info][gc] GC(8067) Pause Young (G1 Evacuation Pause) 237M->22M(368M) 1,864ms
[1962,826s][info][gc] GC(8068) Pause Young (G1 Evacuation Pause) 236M->22M(368M) 1,757ms
[1963,083s][info][gc] GC(8069) Pause Young (G1 Evacuation Pause) 237M->22M(368M) 1,661ms
[1963,320s][info][gc] GC(8070) Pause Young (G1 Evacuation Pause) 237M->22M(368M) 1,124ms
[1963,552s][info][gc] GC(8071) Pause Young (G1 Evacuation Pause) 237M->22M(368M) 1,343ms
[1963,784s][info][gc] GC(8072) Pause Young (G1 Evacuation Pause) 237M->22M(368M) 1,227ms
[1964,016s][info][gc] GC(8073) Pause Young (G1 Evacuation Pause) 237M->23M(368M) 1,258ms
[1964,271s][info][gc] GC(8074) Pause Young (G1 Evacuation Pause) 237M->22M(368M) 2,324ms
[1964,524s][info][gc] GC(8075) Pause Young (G1 Evacuation Pause) 237M->22M(368M) 2,084ms
[1964,776s][info][gc] GC(8076) Pause Young (G1 Evacuation Pause) 237M->22M(368M) 1,884ms
[1965,029s][info][gc] GC(8077) Pause Young (G1 Evacuation Pause) 237M->22M(368M) 1,962ms
[1965,283s][info][gc] GC(8078) Pause Young (G1 Evacuation Pause) 237M->23M(368M) 1,868ms
[1965,545s][info][gc] GC(8079) Pause Young (G1 Evacuation Pause) 237M->22M(368M) 1,819ms
[1965,799s][info][gc] GC(8080) Pause Young (G1 Evacuation Pause) 237M->22M(368M) 1,707ms
[1966,046s][info][gc] GC(8081) Pause Young (G1 Evacuation Pause) 237M->22M(368M) 1,240ms
[1966,278s][info][gc] GC(8082) Pause Young (G1 Evacuation Pause) 237M->22M(368M) 1,322ms
[1966,531s][info][gc] GC(8083) Pause Young (G1 Evacuation Pause) 237M->22M(368M) 2,784ms
[1966,765s][info][gc] GC(8084) Pause Young (G1 Evacuation Pause) 236M->22M(368M) 1,381ms
[1967,017s][info][gc] GC(8085) Pause Young (G1 Evacuation Pause) 237M->22M(368M) 1,803ms
[1967,250s][info][gc] GC(8086) Pause Young (G1 Evacuation Pause) 237M->22M(368M) 1,131ms
[1967,504s][info][gc] GC(8087) Pause Young (G1 Evacuation Pause) 237M->22M(368M) 2,377ms
[1967,759s][info][gc] GC(8088) Pause Young (G1 Evacuation Pause) 237M->22M(368M) 1,774ms
[1968,023s][info][gc] GC(8089) Pause Young (G1 Evacuation Pause) 236M->22M(368M) 2,367ms
[1968,258s][info][gc] GC(8090) Pause Young (G1 Evacuation Pause) 237M->22M(368M) 1,206ms
[1968,490s][info][gc] GC(8091) Pause Young (G1 Evacuation Pause) 237M->22M(368M) 1,259ms
[1968,743s][info][gc] GC(8092) Pause Young (G1 Evacuation Pause) 237M->22M(368M) 3,484ms
[1968,991s][info][gc] GC(8093) Pause Young (G1 Evacuation Pause) 237M->22M(368M) 2,486ms
[1969,230s][info][gc] GC(8094) Pause Young (G1 Evacuation Pause) 236M->22M(368M) 1,193ms
[1969,462s][info][gc] GC(8095) Pause Young (G1 Evacuation Pause) 237M->22M(368M) 1,278ms
[1969,727s][info][gc] GC(8096) Pause Young (G1 Evacuation Pause) 237M->22M(368M) 1,756ms
[1969,983s][info][gc] GC(8097) Pause Young (G1 Evacuation Pause) 237M->22M(368M) 1,389ms
[1970,215s][info][gc] GC(8098) Pause Young (G1 Evacuation Pause) 237M->22M(368M) 1,305ms
[1970,466s][info][gc] GC(8099) Pause Young (G1 Evacuation Pause) 237M->23M(368M) 1,795ms
[1970,726s][info][gc] GC(8100) Pause Young (G1 Evacuation Pause) 237M->22M(368M) 1,651ms
[1970,979s][info][gc] GC(8101) Pause Young (G1 Evacuation Pause) 237M->22M(368M) 1,375ms
[1971,220s][info][gc] GC(8102) Pause Young (G1 Evacuation Pause) 237M->22M(368M) 1,606ms
[1971,479s][info][gc] GC(8103) Pause Young (G1 Evacuation Pause) 237M->22M(368M) 1,830ms
[1971,727s][info][gc] GC(8104) Pause Young (G1 Evacuation Pause) 237M->23M(368M) 1,526ms
[1971,978s][info][gc] GC(8105) Pause Young (G1 Evacuation Pause) 237M->22M(368M) 2,242ms
[1972,242s][info][gc] GC(8106) Pause Young (G1 Evacuation Pause) 237M->22M(368M) 2,264ms
[1972,500s][info][gc] GC(8107) Pause Young (G1 Evacuation Pause) 237M->22M(368M) 1,764ms
[1972,734s][info][gc] GC(8108) Pause Young (G1 Evacuation Pause) 237M->22M(368M) 1,177ms
[1972,976s][info][gc] GC(8109) Pause Young (G1 Evacuation Pause) 237M->22M(368M) 2,327ms
[1973,210s][info][gc] GC(8110) Pause Young (G1 Evacuation Pause) 236M->22M(368M) 1,062ms
[1973,442s][info][gc] GC(8111) Pause Young (G1 Evacuation Pause) 237M->22M(368M) 1,192ms
[1973,674s][info][gc] GC(8112) Pause Young (G1 Evacuation Pause) 237M->22M(368M) 1,229ms
[1973,919s][info][gc] GC(8113) Pause Young (G1 Evacuation Pause) 237M->22M(368M) 1,700ms
[1974,166s][info][gc] GC(8114) Pause Young (G1 Evacuation Pause) 237M->22M(368M) 1,558ms
[1974,409s][info][gc] GC(8115) Pause Young (G1 Evacuation Pause) 236M->22M(368M) 2,091ms
[1974,660s][info][gc] GC(8116) Pause Young (G1 Evacuation Pause) 237M->22M(368M) 1,231ms
[1974,892s][info][gc] GC(8117) Pause Young (G1 Evacuation Pause) 237M->22M(368M) 1,175ms
[1975,125s][info][gc] GC(8118) Pause Young (G1 Evacuation Pause) 237M->22M(368M) 1,425ms
[1975,358s][info][gc] GC(8119) Pause Young (G1 Evacuation Pause) 237M->22M(368M) 1,610ms
[1975,627s][info][gc] GC(8120) Pause Young (G1 Evacuation Pause) 237M->23M(368M) 2,501ms
[1975,883s][info][gc] GC(8121) Pause Young (G1 Evacuation Pause) 237M->22M(368M) 1,671ms
[1976,120s][info][gc] GC(8122) Pause Young (G1 Evacuation Pause) 237M->22M(368M) 1,267ms
[1976,352s][info][gc] GC(8123) Pause Young (G1 Evacuation Pause) 237M->22M(368M) 1,247ms
[1976,593s][info][gc] GC(8124) Pause Young (G1 Evacuation Pause) 237M->22M(368M) 1,094ms
[1976,826s][info][gc] GC(8125) Pause Young (G1 Evacuation Pause) 237M->22M(368M) 1,840ms
[1977,058s][info][gc] GC(8126) Pause Young (G1 Evacuation Pause) 236M->22M(368M) 1,233ms
[1977,290s][info][gc] GC(8127) Pause Young (G1 Evacuation Pause) 237M->22M(368M) 1,103ms
[1977,522s][info][gc] GC(8128) Pause Young (G1 Evacuation Pause) 237M->22M(368M) 1,110ms
[1977,790s][info][gc] GC(8129) Pause Young (G1 Evacuation Pause) 237M->22M(368M) 1,921ms
[1978,052s][info][gc] GC(8130) Pause Young (G1 Evacuation Pause) 237M->22M(368M) 1,767ms
[1978,291s][info][gc] GC(8131) Pause Young (G1 Evacuation Pause) 236M->22M(368M) 1,206ms
[1978,523s][info][gc] GC(8132) Pause Young (G1 Evacuation Pause) 237M->22M(368M) 1,277ms
[1978,757s][info][gc] GC(8133) Pause Young (G1 Evacuation Pause) 237M->22M(368M) 2,842ms
[1978,989s][info][gc] GC(8134) Pause Young (G1 Evacuation Pause) 237M->22M(368M) 1,249ms
[1979,221s][info][gc] GC(8135) Pause Young (G1 Evacuation Pause) 236M->21M(368M) 1,132ms
[1979,469s][info][gc] GC(8136) Pause Young (G1 Evacuation Pause) 236M->22M(368M) 1,676ms
[1979,702s][info][gc] GC(8137) Pause Young (G1 Evacuation Pause) 237M->22M(368M) 1,072ms
[1979,947s][info][gc] GC(8138) Pause Young (G1 Evacuation Pause) 237M->22M(368M) 1,542ms
[1980,180s][info][gc] GC(8139) Pause Young (G1 Evacuation Pause) 237M->22M(368M) 1,393ms
[1980,413s][info][gc] GC(8140) Pause Young (G1 Evacuation Pause) 237M->22M(368M) 1,482ms
[1980,645s][info][gc] GC(8141) Pause Young (G1 Evacuation Pause) 237M->23M(368M) 1,323ms
[1980,885s][info][gc] GC(8142) Pause Young (G1 Evacuation Pause) 237M->22M(368M) 3,740ms
[1981,153s][info][gc] GC(8143) Pause Young (G1 Evacuation Pause) 237M->22M(368M) 1,625ms
[1981,419s][info][gc] GC(8144) Pause Young (G1 Evacuation Pause) 237M->22M(368M) 3,863ms
[1981,689s][info][gc] GC(8145) Pause Young (G1 Evacuation Pause) 237M->22M(368M) 2,124ms
[1981,937s][info][gc] GC(8146) Pause Young (G1 Evacuation Pause) 237M->23M(368M) 1,155ms
[1982,169s][info][gc] GC(8147) Pause Young (G1 Evacuation Pause) 237M->22M(368M) 1,044ms
[1982,413s][info][gc] GC(8148) Pause Young (G1 Evacuation Pause) 237M->22M(368M) 2,205ms
[1982,670s][info][gc] GC(8149) Pause Young (G1 Evacuation Pause) 237M->22M(368M) 4,164ms
[1982,945s][info][gc] GC(8150) Pause Young (G1 Evacuation Pause) 237M->22M(368M) 1,813ms
[1983,193s][info][gc] GC(8151) Pause Young (G1 Evacuation Pause) 237M->22M(368M) 1,230ms
[1983,456s][info][gc] GC(8152) Pause Young (G1 Evacuation Pause) 236M->22M(368M) 1,782ms
[1983,710s][info][gc] GC(8153) Pause Young (G1 Evacuation Pause) 237M->22M(368M) 1,765ms
[1983,965s][info][gc] GC(8154) Pause Young (G1 Evacuation Pause) 237M->22M(368M) 1,568ms
[1984,198s][info][gc] GC(8155) Pause Young (G1 Evacuation Pause) 237M->22M(368M) 1,544ms
[1984,446s][info][gc] GC(8156) Pause Young (G1 Evacuation Pause) 237M->22M(368M) 2,374ms
[1984,680s][info][gc] GC(8157) Pause Young (G1 Evacuation Pause) 236M->22M(368M) 1,091ms
[1984,922s][info][gc] GC(8158) Pause Young (G1 Evacuation Pause) 237M->22M(368M) 1,670ms
[1985,156s][info][gc] GC(8159) Pause Young (G1 Evacuation Pause) 237M->22M(368M) 1,393ms
[1985,397s][info][gc] GC(8160) Pause Young (G1 Evacuation Pause) 237M->22M(368M) 2,289ms
[1985,651s][info][gc] GC(8161) Pause Young (G1 Evacuation Pause) 237M->22M(368M) 1,839ms
[1985,905s][info][gc] GC(8162) Pause Young (G1 Evacuation Pause) 236M->22M(368M) 1,692ms
[1986,138s][info][gc] GC(8163) Pause Young (G1 Evacuation Pause) 237M->22M(368M) 1,050ms
[1986,375s][info][gc] GC(8164) Pause Young (G1 Evacuation Pause) 237M->22M(368M) 3,941ms
[1986,630s][info][gc] GC(8165) Pause Young (G1 Evacuation Pause) 237M->22M(368M) 1,676ms
[1986,892s][info][gc] GC(8166) Pause Young (G1 Evacuation Pause) 237M->22M(368M) 2,550ms
[1987,157s][info][gc] GC(8167) Pause Young (G1 Evacuation Pause) 237M->23M(368M) 2,495ms
[1987,421s][info][gc] GC(8168) Pause Young (G1 Evacuation Pause) 237M->22M(368M) 1,640ms
[1987,675s][info][gc] GC(8169) Pause Young (G1 Evacuation Pause) 237M->22M(368M) 1,717ms
[1987,922s][info][gc] GC(8170) Pause Young (G1 Evacuation Pause) 237M->22M(368M) 1,747ms
[1988,156s][info][gc] GC(8171) Pause Young (G1 Evacuation Pause) 237M->22M(368M) 2,016ms
[1988,408s][info][gc] GC(8172) Pause Young (G1 Evacuation Pause) 237M->22M(368M) 4,044ms
[1988,654s][info][gc] GC(8173) Pause Young (G1 Evacuation Pause) 236M->22M(368M) 1,087ms
[1988,896s][info][gc] GC(8174) Pause Young (G1 Evacuation Pause) 237M->22M(368M) 2,401ms
[1989,150s][info][gc] GC(8175) Pause Young (G1 Evacuation Pause) 237M->22M(368M) 1,798ms
[1989,409s][info][gc] GC(8176) Pause Young (G1 Evacuation Pause) 237M->22M(368M) 2,301ms
[1989,663s][info][gc] GC(8177) Pause Young (G1 Evacuation Pause) 237M->22M(368M) 1,701ms
[1989,896s][info][gc] GC(8178) Pause Young (G1 Evacuation Pause) 236M->22M(368M) 1,010ms
[1990,128s][info][gc] GC(8179) Pause Young (G1 Evacuation Pause) 237M->22M(368M) 1,138ms
[1990,360s][info][gc] GC(8180) Pause Young (G1 Evacuation Pause) 237M->22M(368M) 1,187ms
[1990,593s][info][gc] GC(8181) Pause Young (G1 Evacuation Pause) 237M->22M(368M) 2,016ms
[1990,839s][info][gc] GC(8182) Pause Young (G1 Evacuation Pause) 237M->22M(368M) 1,546ms
[1991,080s][info][gc] GC(8183) Pause Young (G1 Evacuation Pause) 236M->22M(368M) 1,054ms
[1991,325s][info][gc] GC(8184) Pause Young (G1 Evacuation Pause) 237M->22M(368M) 1,762ms
[1991,585s][info][gc] GC(8185) Pause Young (G1 Evacuation Pause) 237M->22M(368M) 3,414ms
[1991,826s][info][gc] GC(8186) Pause Young (G1 Evacuation Pause) 237M->22M(368M) 1,254ms
[1992,059s][info][gc] GC(8187) Pause Young (G1 Evacuation Pause) 237M->22M(368M) 1,530ms
[1992,291s][info][gc] GC(8188) Pause Young (G1 Evacuation Pause) 236M->22M(368M) 1,125ms
[1992,523s][info][gc] GC(8189) Pause Young (G1 Evacuation Pause) 237M->22M(368M) 1,258ms
[1992,755s][info][gc] GC(8190) Pause Young (G1 Evacuation Pause) 237M->22M(368M) 1,309ms
[1993,009s][info][gc] GC(8191) Pause Young (G1 Evacuation Pause) 237M->22M(368M) 2,342ms
[1993,253s][info][gc] GC(8192) Pause Young (G1 Evacuation Pause) 237M->22M(368M) 1,136ms
[1993,507s][info][gc] GC(8193) Pause Young (G1 Evacuation Pause) 237M->22M(368M) 2,634ms
[1993,770s][info][gc] GC(8194) Pause Young (G1 Evacuation Pause) 236M->22M(368M) 2,209ms
[1994,029s][info][gc] GC(8195) Pause Young (G1 Evacuation Pause) 237M->22M(368M) 1,837ms
[1994,283s][info][gc] GC(8196) Pause Young (G1 Evacuation Pause) 237M->22M(368M) 1,705ms
[1994,536s][info][gc] GC(8197) Pause Young (G1 Evacuation Pause) 237M->22M(368M) 1,901ms
[1994,769s][info][gc] GC(8198) Pause Young (G1 Evacuation Pause) 237M->22M(368M) 1,387ms
[1995,002s][info][gc] GC(8199) Pause Young (G1 Evacuation Pause) 236M->22M(368M) 1,283ms
[1995,234s][info][gc] GC(8200) Pause Young (G1 Evacuation Pause) 237M->22M(368M) 1,171ms
[1995,483s][info][gc] GC(8201) Pause Young (G1 Evacuation Pause) 237M->22M(368M) 1,516ms
[1995,716s][info][gc] GC(8202) Pause Young (G1 Evacuation Pause) 237M->22M(368M) 1,367ms
[1995,963s][info][gc] GC(8203) Pause Young (G1 Evacuation Pause) 237M->22M(368M) 1,844ms
[1996,217s][info][gc] GC(8204) Pause Young (G1 Evacuation Pause) 236M->22M(368M) 1,709ms
[1996,483s][info][gc] GC(8205) Pause Young (G1 Evacuation Pause) 237M->22M(368M) 2,258ms
[1996,721s][info][gc] GC(8206) Pause Young (G1 Evacuation Pause) 237M->21M(368M) 1,898ms
[1996,971s][info][gc] GC(8207) Pause Young (G1 Evacuation Pause) 236M->22M(368M) 1,731ms
[1997,225s][info][gc] GC(8208) Pause Young (G1 Evacuation Pause) 237M->22M(368M) 1,748ms
[1997,493s][info][gc] GC(8209) Pause Young (G1 Evacuation Pause) 237M->23M(368M) 1,932ms
[1997,747s][info][gc] GC(8210) Pause Young (G1 Evacuation Pause) 237M->22M(368M) 1,828ms
[1998,001s][info][gc] GC(8211) Pause Young (G1 Evacuation Pause) 237M->22M(368M) 1,621ms
[1998,245s][info][gc] GC(8212) Pause Young (G1 Evacuation Pause) 237M->22M(368M) 1,210ms
[1998,482s][info][gc] GC(8213) Pause Young (G1 Evacuation Pause) 237M->22M(368M) 1,275ms
[1998,715s][info][gc] GC(8214) Pause Young (G1 Evacuation Pause) 237M->22M(368M) 1,301ms
[1998,964s][info][gc] GC(8215) Pause Young (G1 Evacuation Pause) 236M->22M(368M) 1,697ms
[1999,218s][info][gc] GC(8216) Pause Young (G1 Evacuation Pause) 237M->22M(368M) 1,723ms
[1999,475s][info][gc] GC(8217) Pause Young (G1 Evacuation Pause) 237M->22M(368M) 1,789ms
[1999,729s][info][gc] GC(8218) Pause Young (G1 Evacuation Pause) 237M->22M(368M) 1,814ms
[1999,991s][info][gc] GC(8219) Pause Young (G1 Evacuation Pause) 237M->22M(368M) 2,442ms
[2000,245s][info][gc] GC(8220) Pause Young (G1 Evacuation Pause) 237M->23M(368M) 1,826ms
[2000,499s][info][gc] GC(8221) Pause Young (G1 Evacuation Pause) 237M->22M(368M) 1,819ms
[2000,734s][info][gc] GC(8222) Pause Young (G1 Evacuation Pause) 237M->22M(368M) 1,208ms
[2000,976s][info][gc] GC(8223) Pause Young (G1 Evacuation Pause) 237M->22M(368M) 1,373ms
[2001,209s][info][gc] GC(8224) Pause Young (G1 Evacuation Pause) 237M->22M(368M) 1,477ms
[2001,460s][info][gc] GC(8225) Pause Young (G1 Evacuation Pause) 236M->22M(368M) 1,533ms
[2001,725s][info][gc] GC(8226) Pause Young (G1 Evacuation Pause) 237M->22M(368M) 1,780ms
[2001,983s][info][gc] GC(8227) Pause Young (G1 Evacuation Pause) 237M->22M(368M) 1,852ms
[2002,251s][info][gc] GC(8228) Pause Young (G1 Evacuation Pause) 237M->22M(368M) 1,652ms
[2002,508s][info][gc] GC(8229) Pause Young (G1 Evacuation Pause) 237M->22M(368M) 1,817ms
[2002,742s][info][gc] GC(8230) Pause Young (G1 Evacuation Pause) 237M->23M(368M) 1,223ms
[2002,992s][info][gc] GC(8231) Pause Young (G1 Evacuation Pause) 237M->22M(368M) 1,064ms
[2003,224s][info][gc] GC(8232) Pause Young (G1 Evacuation Pause) 237M->22M(368M) 1,218ms
[2003,475s][info][gc] GC(8233) Pause Young (G1 Evacuation Pause) 237M->22M(368M) 1,691ms
[2003,709s][info][gc] GC(8234) Pause Young (G1 Evacuation Pause) 237M->22M(368M) 1,322ms
[2003,958s][info][gc] GC(8235) Pause Young (G1 Evacuation Pause) 237M->23M(368M) 1,912ms
[2004,212s][info][gc] GC(8236) Pause Young (G1 Evacuation Pause) 237M->22M(368M) 1,603ms
[2004,475s][info][gc] GC(8237) Pause Young (G1 Evacuation Pause) 237M->22M(368M) 2,250ms
[2004,715s][info][gc] GC(8238) Pause Young (G1 Evacuation Pause) 237M->22M(368M) 1,419ms
[2004,948s][info][gc] GC(8239) Pause Young (G1 Evacuation Pause) 237M->22M(368M) 1,299ms
[2005,181s][info][gc] GC(8240) Pause Young (G1 Evacuation Pause) 237M->22M(368M) 1,478ms
[2005,431s][info][gc] GC(8241) Pause Young (G1 Evacuation Pause) 236M->22M(368M) 2,304ms
[2005,686s][info][gc] GC(8242) Pause Young (G1 Evacuation Pause) 237M->22M(368M) 1,794ms
[2005,943s][info][gc] GC(8243) Pause Young (G1 Evacuation Pause) 237M->22M(368M) 1,460ms
[2006,177s][info][gc] GC(8244) Pause Young (G1 Evacuation Pause) 237M->22M(368M) 2,664ms
[2006,420s][info][gc] GC(8245) Pause Young (G1 Evacuation Pause) 237M->22M(368M) 2,321ms
[2006,674s][info][gc] GC(8246) Pause Young (G1 Evacuation Pause) 237M->23M(368M) 1,810ms
[2006,920s][info][gc] GC(8247) Pause Young (G1 Evacuation Pause) 237M->22M(368M) 1,615ms
[2007,174s][info][gc] GC(8248) Pause Young (G1 Evacuation Pause) 237M->22M(368M) 1,725ms
[2007,426s][info][gc] GC(8249) Pause Young (G1 Evacuation Pause) 237M->22M(368M) 1,096ms
[2007,658s][info][gc] GC(8250) Pause Young (G1 Evacuation Pause) 237M->22M(368M) 1,302ms
[2007,901s][info][gc] GC(8251) Pause Young (G1 Evacuation Pause) 236M->22M(368M) 2,204ms
[2008,138s][info][gc] GC(8252) Pause Young (G1 Evacuation Pause) 237M->21M(368M) 3,571ms
[2008,370s][info][gc] GC(8253) Pause Young (G1 Evacuation Pause) 236M->22M(368M) 1,099ms
[2008,602s][info][gc] GC(8254) Pause Young (G1 Evacuation Pause) 237M->22M(368M) 1,250ms
[2008,834s][info][gc] GC(8255) Pause Young (G1 Evacuation Pause) 237M->22M(368M) 1,130ms
[2009,093s][info][gc] GC(8256) Pause Young (G1 Evacuation Pause) 237M->23M(368M) 1,966ms
[2009,346s][info][gc] GC(8257) Pause Young (G1 Evacuation Pause) 237M->22M(368M) 1,792ms
[2009,606s][info][gc] GC(8258) Pause Young (G1 Evacuation Pause) 237M->22M(368M) 1,709ms
[2009,860s][info][gc] GC(8259) Pause Young (G1 Evacuation Pause) 237M->22M(368M) 1,706ms
[2010,113s][info][gc] GC(8260) Pause Young (G1 Evacuation Pause) 237M->22M(368M) 1,839ms
[2010,346s][info][gc] GC(8261) Pause Young (G1 Evacuation Pause) 237M->22M(368M) 1,310ms
[2010,578s][info][gc] GC(8262) Pause Young (G1 Evacuation Pause) 236M->22M(368M) 1,042ms
[2010,845s][info][gc] GC(8263) Pause Young (G1 Evacuation Pause) 237M->22M(368M) 1,688ms
[2011,120s][info][gc] GC(8264) Pause Young (G1 Evacuation Pause) 237M->22M(368M) 2,293ms
[2011,379s][info][gc] GC(8265) Pause Young (G1 Evacuation Pause) 237M->22M(368M) 3,357ms
[2011,614s][info][gc] GC(8266) Pause Young (G1 Evacuation Pause) 237M->22M(368M) 1,407ms
[2011,846s][info][gc] GC(8267) Pause Young (G1 Evacuation Pause) 236M->22M(368M) 1,325ms
[2012,078s][info][gc] GC(8268) Pause Young (G1 Evacuation Pause) 237M->22M(368M) 1,157ms
[2012,310s][info][gc] GC(8269) Pause Young (G1 Evacuation Pause) 237M->22M(368M) 1,337ms
[2012,554s][info][gc] GC(8270) Pause Young (G1 Evacuation Pause) 237M->22M(368M) 6,188ms
[2012,786s][info][gc] GC(8271) Pause Young (G1 Evacuation Pause) 237M->22M(368M) 1,125ms
[2013,040s][info][gc] GC(8272) Pause Young (G1 Evacuation Pause) 236M->22M(368M) 1,817ms
[2013,281s][info][gc] GC(8273) Pause Young (G1 Evacuation Pause) 237M->21M(368M) 1,292ms
[2013,513s][info][gc] GC(8274) Pause Young (G1 Evacuation Pause) 236M->22M(368M) 1,157ms
[2013,745s][info][gc] GC(8275) Pause Young (G1 Evacuation Pause) 237M->22M(368M) 1,250ms
[2013,977s][info][gc] GC(8276) Pause Young (G1 Evacuation Pause) 237M->22M(368M) 1,139ms
[2014,209s][info][gc] GC(8277) Pause Young (G1 Evacuation Pause) 237M->23M(368M) 1,140ms
[2014,455s][info][gc] GC(8278) Pause Young (G1 Evacuation Pause) 237M->22M(368M) 1,660ms
[2014,689s][info][gc] GC(8279) Pause Young (G1 Evacuation Pause) 237M->22M(368M) 1,214ms
[2014,933s][info][gc] GC(8280) Pause Young (G1 Evacuation Pause) 237M->22M(368M) 1,858ms
[2015,167s][info][gc] GC(8281) Pause Young (G1 Evacuation Pause) 237M->22M(368M) 1,402ms
[2015,410s][info][gc] GC(8282) Pause Young (G1 Evacuation Pause) 237M->22M(368M) 2,328ms
[2015,645s][info][gc] GC(8283) Pause Young (G1 Evacuation Pause) 236M->22M(368M) 1,415ms
[2015,885s][info][gc] GC(8284) Pause Young (G1 Evacuation Pause) 237M->22M(368M) 3,217ms
[2016,118s][info][gc] GC(8285) Pause Young (G1 Evacuation Pause) 237M->22M(368M) 1,244ms
[2016,350s][info][gc] GC(8286) Pause Young (G1 Evacuation Pause) 237M->22M(368M) 1,109ms
[2016,591s][info][gc] GC(8287) Pause Young (G1 Evacuation Pause) 237M->22M(368M) 1,373ms
[2016,823s][info][gc] GC(8288) Pause Young (G1 Evacuation Pause) 237M->23M(368M) 1,341ms
[2017,057s][info][gc] GC(8289) Pause Young (G1 Evacuation Pause) 237M->22M(368M) 1,695ms
[2017,311s][info][gc] GC(8290) Pause Young (G1 Evacuation Pause) 237M->22M(368M) 1,845ms
[2017,572s][info][gc] GC(8291) Pause Young (G1 Evacuation Pause) 237M->22M(368M) 1,742ms
[2017,826s][info][gc] GC(8292) Pause Young (G1 Evacuation Pause) 237M->22M(368M) 1,922ms
[2018,091s][info][gc] GC(8293) Pause Young (G1 Evacuation Pause) 236M->22M(368M) 1,590ms
[2018,327s][info][gc] GC(8294) Pause Young (G1 Evacuation Pause) 237M->22M(368M) 1,203ms
[2018,591s][info][gc] GC(8295) Pause Young (G1 Evacuation Pause) 237M->22M(368M) 2,379ms
[2018,845s][info][gc] GC(8296) Pause Young (G1 Evacuation Pause) 237M->22M(368M) 1,871ms
[2019,110s][info][gc] GC(8297) Pause Young (G1 Evacuation Pause) 237M->22M(368M) 1,887ms
[2019,368s][info][gc] GC(8298) Pause Young (G1 Evacuation Pause) 237M->23M(368M) 4,105ms
[2019,601s][info][gc] GC(8299) Pause Young (G1 Evacuation Pause) 237M->22M(368M) 1,086ms
[2019,833s][info][gc] GC(8300) Pause Young (G1 Evacuation Pause) 237M->22M(368M) 1,250ms
[2020,083s][info][gc] GC(8301) Pause Young (G1 Evacuation Pause) 237M->22M(368M) 1,253ms
[2020,315s][info][gc] GC(8302) Pause Young (G1 Evacuation Pause) 237M->22M(368M) 1,339ms
[2020,548s][info][gc] GC(8303) Pause Young (G1 Evacuation Pause) 237M->22M(368M) 1,250ms
[2020,780s][info][gc] GC(8304) Pause Young (G1 Evacuation Pause) 236M->22M(368M) 1,166ms
[2021,013s][info][gc] GC(8305) Pause Young (G1 Evacuation Pause) 237M->22M(368M) 2,260ms
[2021,246s][info][gc] GC(8306) Pause Young (G1 Evacuation Pause) 237M->22M(368M) 1,659ms
[2021,478s][info][gc] GC(8307) Pause Young (G1 Evacuation Pause) 237M->22M(368M) 1,365ms
[2021,712s][info][gc] GC(8308) Pause Young (G1 Evacuation Pause) 237M->22M(368M) 1,369ms
[2021,964s][info][gc] GC(8309) Pause Young (G1 Evacuation Pause) 236M->22M(368M) 2,257ms
[2022,218s][info][gc] GC(8310) Pause Young (G1 Evacuation Pause) 237M->22M(368M) 1,715ms
[2022,481s][info][gc] GC(8311) Pause Young (G1 Evacuation Pause) 237M->22M(368M) 2,295ms
[2022,735s][info][gc] GC(8312) Pause Young (G1 Evacuation Pause) 237M->22M(368M) 1,751ms
[2022,987s][info][gc] GC(8313) Pause Young (G1 Evacuation Pause) 237M->22M(368M) 1,425ms
[2023,237s][info][gc] GC(8314) Pause Young (G1 Evacuation Pause) 237M->23M(368M) 2,452ms
[2023,491s][info][gc] GC(8315) Pause Young (G1 Evacuation Pause) 237M->22M(368M) 1,774ms
[2023,746s][info][gc] GC(8316) Pause Young (G1 Evacuation Pause) 237M->22M(368M) 2,861ms
[2024,010s][info][gc] GC(8317) Pause Young (G1 Evacuation Pause) 237M->22M(368M) 1,773ms
[2024,256s][info][gc] GC(8318) Pause Young (G1 Evacuation Pause) 237M->22M(368M) 1,252ms
[2024,525s][info][gc] GC(8319) Pause Young (G1 Evacuation Pause) 237M->22M(368M) 3,481ms
[2024,761s][info][gc] GC(8320) Pause Young (G1 Evacuation Pause) 236M->22M(368M) 1,049ms
[2025,012s][info][gc] GC(8321) Pause Young (G1 Evacuation Pause) 237M->22M(368M) 1,766ms
[2025,246s][info][gc] GC(8322) Pause Young (G1 Evacuation Pause) 237M->22M(368M) 1,791ms
[2025,497s][info][gc] GC(8323) Pause Young (G1 Evacuation Pause) 237M->22M(368M) 1,743ms
[2025,751s][info][gc] GC(8324) Pause Young (G1 Evacuation Pause) 237M->22M(368M) 1,914ms
[2026,002s][info][gc] GC(8325) Pause Young (G1 Evacuation Pause) 236M->22M(368M) 1,165ms
[2026,234s][info][gc] GC(8326) Pause Young (G1 Evacuation Pause) 237M->22M(368M) 1,202ms
[2026,477s][info][gc] GC(8327) Pause Young (G1 Evacuation Pause) 237M->22M(368M) 1,082ms
[2026,709s][info][gc] GC(8328) Pause Young (G1 Evacuation Pause) 237M->22M(368M) 1,094ms
[2026,941s][info][gc] GC(8329) Pause Young (G1 Evacuation Pause) 237M->22M(368M) 1,292ms
[2027,173s][info][gc] GC(8330) Pause Young (G1 Evacuation Pause) 236M->22M(368M) 1,170ms
[2027,416s][info][gc] GC(8331) Pause Young (G1 Evacuation Pause) 237M->22M(368M) 1,618ms
[2027,670s][info][gc] GC(8332) Pause Young (G1 Evacuation Pause) 237M->22M(368M) 1,684ms
[2027,916s][info][gc] GC(8333) Pause Young (G1 Evacuation Pause) 237M->22M(368M) 1,764ms
[2028,153s][info][gc] GC(8334) Pause Young (G1 Evacuation Pause) 237M->22M(368M) 2,155ms
[2028,385s][info][gc] GC(8335) Pause Young (G1 Evacuation Pause) 236M->22M(368M) 1,034ms
[2028,624s][info][gc] GC(8336) Pause Young (G1 Evacuation Pause) 237M->22M(368M) 1,254ms
[2028,856s][info][gc] GC(8337) Pause Young (G1 Evacuation Pause) 237M->22M(368M) 1,090ms
[2029,118s][info][gc] GC(8338) Pause Young (G1 Evacuation Pause) 237M->22M(368M) 1,768ms
[2029,376s][info][gc] GC(8339) Pause Young (G1 Evacuation Pause) 237M->22M(368M) 4,213ms
[2029,640s][info][gc] GC(8340) Pause Young (G1 Evacuation Pause) 237M->22M(368M) 3,546ms
[2029,900s][info][gc] GC(8341) Pause Young (G1 Evacuation Pause) 236M->22M(368M) 3,097ms
[2030,135s][info][gc] GC(8342) Pause Young (G1 Evacuation Pause) 237M->22M(368M) 1,445ms
[2030,372s][info][gc] GC(8343) Pause Young (G1 Evacuation Pause) 237M->22M(368M) 3,904ms
[2030,629s][info][gc] GC(8344) Pause Young (G1 Evacuation Pause) 237M->22M(368M) 3,071ms
[2030,888s][info][gc] GC(8345) Pause Young (G1 Evacuation Pause) 237M->22M(368M) 4,231ms
[2031,124s][info][gc] GC(8346) Pause Young (G1 Evacuation Pause) 236M->22M(368M) 1,480ms
[2031,357s][info][gc] GC(8347) Pause Young (G1 Evacuation Pause) 237M->22M(368M) 1,425ms
[2031,590s][info][gc] GC(8348) Pause Young (G1 Evacuation Pause) 237M->22M(368M) 1,537ms
[2031,823s][info][gc] GC(8349) Pause Young (G1 Evacuation Pause) 237M->22M(368M) 1,466ms
[2032,057s][info][gc] GC(8350) Pause Young (G1 Evacuation Pause) 237M->22M(368M) 2,390ms
[2032,290s][info][gc] GC(8351) Pause Young (G1 Evacuation Pause) 236M->21M(368M) 1,810ms
[2032,524s][info][gc] GC(8352) Pause Young (G1 Evacuation Pause) 236M->21M(368M) 2,801ms
[2032,763s][info][gc] GC(8353) Pause Young (G1 Evacuation Pause) 236M->22M(368M) 1,134ms
[2032,998s][info][gc] GC(8354) Pause Young (G1 Evacuation Pause) 237M->22M(368M) 3,901ms
[2033,241s][info][gc] GC(8355) Pause Young (G1 Evacuation Pause) 237M->22M(368M) 2,469ms
[2033,493s][info][gc] GC(8356) Pause Young (G1 Evacuation Pause) 236M->22M(368M) 1,561ms
[2033,753s][info][gc] GC(8357) Pause Young (G1 Evacuation Pause) 237M->22M(368M) 1,742ms
[2034,015s][info][gc] GC(8358) Pause Young (G1 Evacuation Pause) 237M->22M(368M) 2,399ms
[2034,269s][info][gc] GC(8359) Pause Young (G1 Evacuation Pause) 237M->22M(368M) 1,749ms
[2034,527s][info][gc] GC(8360) Pause Young (G1 Evacuation Pause) 237M->22M(368M) 1,907ms
[2034,765s][info][gc] GC(8361) Pause Young (G1 Evacuation Pause) 237M->23M(368M) 1,420ms
[2035,023s][info][gc] GC(8362) Pause Young (G1 Evacuation Pause) 237M->22M(368M) 2,235ms
[2035,280s][info][gc] GC(8363) Pause Young (G1 Evacuation Pause) 237M->22M(368M) 1,890ms
[2035,541s][info][gc] GC(8364) Pause Young (G1 Evacuation Pause) 237M->22M(368M) 1,780ms
[2035,774s][info][gc] GC(8365) Pause Young (G1 Evacuation Pause) 237M->22M(368M) 1,272ms
[2036,006s][info][gc] GC(8366) Pause Young (G1 Evacuation Pause) 237M->23M(368M) 1,299ms
[2036,242s][info][gc] GC(8367) Pause Young (G1 Evacuation Pause) 237M->21M(368M) 3,988ms
[2036,489s][info][gc] GC(8368) Pause Young (G1 Evacuation Pause) 236M->22M(368M) 1,494ms
[2036,721s][info][gc] GC(8369) Pause Young (G1 Evacuation Pause) 237M->22M(368M) 1,121ms
[2036,969s][info][gc] GC(8370) Pause Young (G1 Evacuation Pause) 237M->22M(368M) 1,735ms
[2037,223s][info][gc] GC(8371) Pause Young (G1 Evacuation Pause) 237M->22M(368M) 1,861ms
[2037,484s][info][gc] GC(8372) Pause Young (G1 Evacuation Pause) 236M->22M(368M) 1,795ms
[2037,718s][info][gc] GC(8373) Pause Young (G1 Evacuation Pause) 237M->22M(368M) 1,436ms
[2037,967s][info][gc] GC(8374) Pause Young (G1 Evacuation Pause) 237M->22M(368M) 1,819ms
[2038,214s][info][gc] GC(8375) Pause Young (G1 Evacuation Pause) 237M->22M(368M) 1,272ms
[2038,463s][info][gc] GC(8376) Pause Young (G1 Evacuation Pause) 237M->22M(368M) 1,887ms
[2038,706s][info][gc] GC(8377) Pause Young (G1 Evacuation Pause) 236M->22M(368M) 1,177ms
[2038,946s][info][gc] GC(8378) Pause Young (G1 Evacuation Pause) 237M->22M(368M) 1,091ms
[2039,178s][info][gc] GC(8379) Pause Young (G1 Evacuation Pause) 237M->22M(368M) 1,134ms
[2039,424s][info][gc] GC(8380) Pause Young (G1 Evacuation Pause) 237M->22M(368M) 2,216ms
[2039,667s][info][gc] GC(8381) Pause Young (G1 Evacuation Pause) 237M->22M(368M) 1,407ms
[2039,909s][info][gc] GC(8382) Pause Young (G1 Evacuation Pause) 237M->23M(368M) 2,474ms
[2040,169s][info][gc] GC(8383) Pause Young (G1 Evacuation Pause) 237M->22M(368M) 1,822ms
[2040,430s][info][gc] GC(8384) Pause Young (G1 Evacuation Pause) 237M->22M(368M) 2,468ms
[2040,683s][info][gc] GC(8385) Pause Young (G1 Evacuation Pause) 237M->22M(368M) 2,304ms
[2040,940s][info][gc] GC(8386) Pause Young (G1 Evacuation Pause) 237M->22M(368M) 1,772ms
[2041,195s][info][gc] GC(8387) Pause Young (G1 Evacuation Pause) 237M->22M(368M) 2,073ms
[2041,449s][info][gc] GC(8388) Pause Young (G1 Evacuation Pause) 236M->22M(368M) 1,404ms
[2041,681s][info][gc] GC(8389) Pause Young (G1 Evacuation Pause) 237M->22M(368M) 1,102ms
[2041,922s][info][gc] GC(8390) Pause Young (G1 Evacuation Pause) 237M->22M(368M) 1,234ms
[2042,154s][info][gc] GC(8391) Pause Young (G1 Evacuation Pause) 237M->22M(368M) 1,237ms
[2042,387s][info][gc] GC(8392) Pause Young (G1 Evacuation Pause) 236M->21M(368M) 1,149ms
[2042,619s][info][gc] GC(8393) Pause Young (G1 Evacuation Pause) 236M->22M(368M) 1,200ms
[2042,852s][info][gc] GC(8394) Pause Young (G1 Evacuation Pause) 237M->21M(368M) 2,261ms
[2043,086s][info][gc] GC(8395) Pause Young (G1 Evacuation Pause) 236M->22M(368M) 1,439ms
[2043,318s][info][gc] GC(8396) Pause Young (G1 Evacuation Pause) 237M->22M(368M) 1,285ms
[2043,581s][info][gc] GC(8397) Pause Young (G1 Evacuation Pause) 237M->22M(368M) 1,846ms
[2043,835s][info][gc] GC(8398) Pause Young (G1 Evacuation Pause) 236M->22M(368M) 1,778ms
[2044,095s][info][gc] GC(8399) Pause Young (G1 Evacuation Pause) 237M->22M(368M) 1,677ms
[2044,333s][info][gc] GC(8400) Pause Young (G1 Evacuation Pause) 237M->22M(368M) 1,116ms
[2044,595s][info][gc] GC(8401) Pause Young (G1 Evacuation Pause) 237M->22M(368M) 1,209ms
[2044,847s][info][gc] GC(8402) Pause Young (G1 Evacuation Pause) 237M->22M(368M) 1,759ms
[2045,105s][info][gc] GC(8403) Pause Young (G1 Evacuation Pause) 237M->23M(368M) 1,945ms
[2045,359s][info][gc] GC(8404) Pause Young (G1 Evacuation Pause) 237M->22M(368M) 1,578ms
[2045,606s][info][gc] GC(8405) Pause Young (G1 Evacuation Pause) 237M->22M(368M) 1,233ms
[2045,839s][info][gc] GC(8406) Pause Young (G1 Evacuation Pause) 237M->22M(368M) 1,353ms
[2046,106s][info][gc] GC(8407) Pause Young (G1 Evacuation Pause) 237M->22M(368M) 2,456ms
[2046,373s][info][gc] GC(8408) Pause Young (G1 Evacuation Pause) 237M->23M(368M) 4,141ms
[2046,624s][info][gc] GC(8409) Pause Young (G1 Evacuation Pause) 237M->22M(368M) 1,578ms
[2046,875s][info][gc] GC(8410) Pause Young (G1 Evacuation Pause) 237M->22M(368M) 1,495ms
[2047,107s][info][gc] GC(8411) Pause Young (G1 Evacuation Pause) 237M->22M(368M) 1,198ms
[2047,340s][info][gc] GC(8412) Pause Young (G1 Evacuation Pause) 237M->22M(368M) 2,151ms
[2047,573s][info][gc] GC(8413) Pause Young (G1 Evacuation Pause) 236M->21M(368M) 2,259ms
[2047,806s][info][gc] GC(8414) Pause Young (G1 Evacuation Pause) 236M->22M(368M) 1,317ms
[2048,063s][info][gc] GC(8415) Pause Young (G1 Evacuation Pause) 237M->22M(368M) 1,832ms
[2048,302s][info][gc] GC(8416) Pause Young (G1 Evacuation Pause) 237M->22M(368M) 1,177ms
[2048,558s][info][gc] GC(8417) Pause Young (G1 Evacuation Pause) 237M->22M(368M) 2,467ms
[2048,790s][info][gc] GC(8418) Pause Young (G1 Evacuation Pause) 237M->22M(368M) 1,164ms
[2049,044s][info][gc] GC(8419) Pause Young (G1 Evacuation Pause) 236M->22M(368M) 1,463ms
[2049,278s][info][gc] GC(8420) Pause Young (G1 Evacuation Pause) 237M->21M(368M) 2,508ms
[2049,524s][info][gc] GC(8421) Pause Young (G1 Evacuation Pause) 236M->22M(368M) 1,517ms
[2049,758s][info][gc] GC(8422) Pause Young (G1 Evacuation Pause) 237M->22M(368M) 2,593ms
[2049,991s][info][gc] GC(8423) Pause Young (G1 Evacuation Pause) 237M->22M(368M) 1,549ms
[2050,224s][info][gc] GC(8424) Pause Young (G1 Evacuation Pause) 237M->23M(368M) 1,613ms
[2050,457s][info][gc] GC(8425) Pause Young (G1 Evacuation Pause) 237M->22M(368M) 1,554ms
[2050,689s][info][gc] GC(8426) Pause Young (G1 Evacuation Pause) 237M->22M(368M) 1,227ms
[2050,932s][info][gc] GC(8427) Pause Young (G1 Evacuation Pause) 237M->22M(368M) 1,848ms
[2051,186s][info][gc] GC(8428) Pause Young (G1 Evacuation Pause) 237M->22M(368M) 1,822ms
[2051,448s][info][gc] GC(8429) Pause Young (G1 Evacuation Pause) 237M->22M(368M) 2,444ms
[2051,702s][info][gc] GC(8430) Pause Young (G1 Evacuation Pause) 236M->22M(368M) 1,701ms
[2051,948s][info][gc] GC(8431) Pause Young (G1 Evacuation Pause) 237M->22M(368M) 1,718ms
[2052,181s][info][gc] GC(8432) Pause Young (G1 Evacuation Pause) 237M->22M(368M) 1,503ms
[2052,414s][info][gc] GC(8433) Pause Young (G1 Evacuation Pause) 237M->22M(368M) 1,633ms
[2052,646s][info][gc] GC(8434) Pause Young (G1 Evacuation Pause) 237M->23M(368M) 1,247ms
[2052,896s][info][gc] GC(8435) Pause Young (G1 Evacuation Pause) 237M->22M(368M) 2,151ms
[2053,130s][info][gc] GC(8436) Pause Young (G1 Evacuation Pause) 237M->22M(368M) 1,178ms
[2053,367s][info][gc] GC(8437) Pause Young (G1 Evacuation Pause) 237M->22M(368M) 4,083ms
[2053,623s][info][gc] GC(8438) Pause Young (G1 Evacuation Pause) 237M->22M(368M) 2,213ms
[2053,884s][info][gc] GC(8439) Pause Young (G1 Evacuation Pause) 237M->22M(368M) 3,851ms
[2054,118s][info][gc] GC(8440) Pause Young (G1 Evacuation Pause) 236M->22M(368M) 1,324ms
[2054,351s][info][gc] GC(8441) Pause Young (G1 Evacuation Pause) 237M->22M(368M) 1,412ms
[2054,622s][info][gc] GC(8442) Pause Young (G1 Evacuation Pause) 237M->22M(368M) 2,173ms
[2054,883s][info][gc] GC(8443) Pause Young (G1 Evacuation Pause) 237M->22M(368M) 4,202ms
[2055,119s][info][gc] GC(8444) Pause Young (G1 Evacuation Pause) 237M->22M(368M) 1,523ms
[2055,352s][info][gc] GC(8445) Pause Young (G1 Evacuation Pause) 237M->22M(368M) 1,986ms
[2055,585s][info][gc] GC(8446) Pause Young (G1 Evacuation Pause) 236M->22M(368M) 1,217ms
[2055,845s][info][gc] GC(8447) Pause Young (G1 Evacuation Pause) 237M->22M(368M) 1,694ms
[2056,111s][info][gc] GC(8448) Pause Young (G1 Evacuation Pause) 237M->22M(368M) 1,882ms
[2056,369s][info][gc] GC(8449) Pause Young (G1 Evacuation Pause) 237M->22M(368M) 3,894ms
[2056,626s][info][gc] GC(8450) Pause Young (G1 Evacuation Pause) 237M->23M(368M) 1,610ms
[2056,859s][info][gc] GC(8451) Pause Young (G1 Evacuation Pause) 237M->22M(368M) 1,331ms
[2057,104s][info][gc] GC(8452) Pause Young (G1 Evacuation Pause) 237M->22M(368M) 1,328ms
[2057,338s][info][gc] GC(8453) Pause Young (G1 Evacuation Pause) 237M->22M(368M) 1,542ms
[2057,607s][info][gc] GC(8454) Pause Young (G1 Evacuation Pause) 237M->22M(368M) 3,352ms
[2057,860s][info][gc] GC(8455) Pause Young (G1 Evacuation Pause) 237M->22M(368M) 1,733ms
[2058,114s][info][gc] GC(8456) Pause Young (G1 Evacuation Pause) 236M->22M(368M) 1,810ms
[2058,349s][info][gc] GC(8457) Pause Young (G1 Evacuation Pause) 237M->22M(368M) 1,135ms
[2058,606s][info][gc] GC(8458) Pause Young (G1 Evacuation Pause) 237M->22M(368M) 1,818ms
[2058,856s][info][gc] GC(8459) Pause Young (G1 Evacuation Pause) 237M->22M(368M) 1,173ms
[2059,121s][info][gc] GC(8460) Pause Young (G1 Evacuation Pause) 237M->22M(368M) 1,694ms
[2059,382s][info][gc] GC(8461) Pause Young (G1 Evacuation Pause) 237M->23M(368M) 1,951ms
[2059,635s][info][gc] GC(8462) Pause Young (G1 Evacuation Pause) 237M->22M(368M) 1,581ms
[2059,870s][info][gc] GC(8463) Pause Young (G1 Evacuation Pause) 237M->22M(368M) 1,503ms
[2060,117s][info][gc] GC(8464) Pause Young (G1 Evacuation Pause) 237M->22M(368M) 1,903ms
[2060,374s][info][gc] GC(8465) Pause Young (G1 Evacuation Pause) 237M->22M(368M) 4,114ms
[2060,643s][info][gc] GC(8466) Pause Young (G1 Evacuation Pause) 236M->22M(368M) 1,732ms
[2060,903s][info][gc] GC(8467) Pause Young (G1 Evacuation Pause) 237M->22M(368M) 1,962ms
[2061,137s][info][gc] GC(8468) Pause Young (G1 Evacuation Pause) 237M->22M(368M) 1,569ms
[2061,370s][info][gc] GC(8469) Pause Young (G1 Evacuation Pause) 237M->22M(368M) 1,395ms
[2061,602s][info][gc] GC(8470) Pause Young (G1 Evacuation Pause) 237M->22M(368M) 1,326ms
[2061,835s][info][gc] GC(8471) Pause Young (G1 Evacuation Pause) 236M->22M(368M) 1,009ms
[2062,092s][info][gc] GC(8472) Pause Young (G1 Evacuation Pause) 237M->21M(368M) 1,740ms
[2062,342s][info][gc] GC(8473) Pause Young (G1 Evacuation Pause) 236M->22M(368M) 1,255ms
[2062,607s][info][gc] GC(8474) Pause Young (G1 Evacuation Pause) 237M->22M(368M) 1,815ms
[2062,860s][info][gc] GC(8475) Pause Young (G1 Evacuation Pause) 237M->22M(368M) 2,790ms
[2063,093s][info][gc] GC(8476) Pause Young (G1 Evacuation Pause) 236M->21M(368M) 1,632ms
[2063,332s][info][gc] GC(8477) Pause Young (G1 Evacuation Pause) 236M->22M(368M) 1,128ms
[2063,589s][info][gc] GC(8478) Pause Young (G1 Evacuation Pause) 237M->22M(368M) 1,765ms
[2063,834s][info][gc] GC(8479) Pause Young (G1 Evacuation Pause) 237M->22M(368M) 1,205ms
[2064,096s][info][gc] GC(8480) Pause Young (G1 Evacuation Pause) 237M->22M(368M) 1,785ms
[2064,351s][info][gc] GC(8481) Pause Young (G1 Evacuation Pause) 237M->22M(368M) 2,284ms
[2064,613s][info][gc] GC(8482) Pause Young (G1 Evacuation Pause) 236M->22M(368M) 1,724ms
[2064,871s][info][gc] GC(8483) Pause Young (G1 Evacuation Pause) 237M->21M(368M) 4,274ms
[2065,129s][info][gc] GC(8484) Pause Young (G1 Evacuation Pause) 236M->22M(368M) 1,808ms
[2065,399s][info][gc] GC(8485) Pause Young (G1 Evacuation Pause) 237M->22M(368M) 2,381ms
[2065,665s][info][gc] GC(8486) Pause Young (G1 Evacuation Pause) 237M->22M(368M) 2,556ms
[2065,931s][info][gc] GC(8487) Pause Young (G1 Evacuation Pause) 236M->22M(368M) 1,708ms
[2066,185s][info][gc] GC(8488) Pause Young (G1 Evacuation Pause) 237M->22M(368M) 1,721ms
[2066,444s][info][gc] GC(8489) Pause Young (G1 Evacuation Pause) 237M->22M(368M) 1,692ms
[2066,706s][info][gc] GC(8490) Pause Young (G1 Evacuation Pause) 237M->22M(368M) 1,917ms
[2066,964s][info][gc] GC(8491) Pause Young (G1 Evacuation Pause) 237M->22M(368M) 1,824ms
[2067,218s][info][gc] GC(8492) Pause Young (G1 Evacuation Pause) 236M->21M(368M) 1,714ms
[2067,476s][info][gc] GC(8493) Pause Young (G1 Evacuation Pause) 236M->22M(368M) 1,588ms
[2067,729s][info][gc] GC(8494) Pause Young (G1 Evacuation Pause) 237M->22M(368M) 1,601ms
[2067,975s][info][gc] GC(8495) Pause Young (G1 Evacuation Pause) 237M->22M(368M) 1,232ms
[2068,207s][info][gc] GC(8496) Pause Young (G1 Evacuation Pause) 237M->22M(368M) 1,187ms
[2068,468s][info][gc] GC(8497) Pause Young (G1 Evacuation Pause) 237M->23M(368M) 2,358ms
[2068,722s][info][gc] GC(8498) Pause Young (G1 Evacuation Pause) 237M->22M(368M) 1,741ms
[2068,976s][info][gc] GC(8499) Pause Young (G1 Evacuation Pause) 237M->22M(368M) 1,608ms
[2069,230s][info][gc] GC(8500) Pause Young (G1 Evacuation Pause) 237M->22M(368M) 1,876ms
[2069,491s][info][gc] GC(8501) Pause Young (G1 Evacuation Pause) 237M->22M(368M) 1,817ms
[2069,751s][info][gc] GC(8502) Pause Young (G1 Evacuation Pause) 237M->22M(368M) 1,941ms
[2070,009s][info][gc] GC(8503) Pause Young (G1 Evacuation Pause) 236M->22M(368M) 1,587ms
[2070,262s][info][gc] GC(8504) Pause Young (G1 Evacuation Pause) 237M->22M(368M) 1,621ms
[2070,519s][info][gc] GC(8505) Pause Young (G1 Evacuation Pause) 237M->22M(368M) 1,771ms
[2070,763s][info][gc] GC(8506) Pause Young (G1 Evacuation Pause) 237M->22M(368M) 1,300ms
[2071,015s][info][gc] GC(8507) Pause Young (G1 Evacuation Pause) 237M->22M(368M) 1,851ms
[2071,248s][info][gc] GC(8508) Pause Young (G1 Evacuation Pause) 237M->23M(368M) 1,284ms
[2071,497s][info][gc] GC(8509) Pause Young (G1 Evacuation Pause) 237M->22M(368M) 1,732ms
[2071,744s][info][gc] GC(8510) Pause Young (G1 Evacuation Pause) 237M->22M(368M) 1,364ms
[2071,990s][info][gc] GC(8511) Pause Young (G1 Evacuation Pause) 237M->22M(368M) 1,268ms
[2072,222s][info][gc] GC(8512) Pause Young (G1 Evacuation Pause) 237M->22M(368M) 1,268ms
[2072,454s][info][gc] GC(8513) Pause Young (G1 Evacuation Pause) 237M->23M(368M) 1,170ms
[2072,693s][info][gc] GC(8514) Pause Young (G1 Evacuation Pause) 237M->22M(368M) 1,034ms
[2072,925s][info][gc] GC(8515) Pause Young (G1 Evacuation Pause) 237M->22M(368M) 1,203ms
[2073,158s][info][gc] GC(8516) Pause Young (G1 Evacuation Pause) 237M->22M(368M) 2,089ms
[2073,406s][info][gc] GC(8517) Pause Young (G1 Evacuation Pause) 237M->22M(368M) 7,377ms
[2073,665s][info][gc] GC(8518) Pause Young (G1 Evacuation Pause) 236M->22M(368M) 1,666ms
[2073,922s][info][gc] GC(8519) Pause Young (G1 Evacuation Pause) 237M->22M(368M) 1,616ms
[2074,156s][info][gc] GC(8520) Pause Young (G1 Evacuation Pause) 237M->22M(368M) 1,474ms
[2074,394s][info][gc] GC(8521) Pause Young (G1 Evacuation Pause) 237M->22M(368M) 2,350ms
[2074,627s][info][gc] GC(8522) Pause Young (G1 Evacuation Pause) 237M->22M(368M) 1,272ms
[2074,894s][info][gc] GC(8523) Pause Young (G1 Evacuation Pause) 237M->22M(368M) 3,388ms
[2075,129s][info][gc] GC(8524) Pause Young (G1 Evacuation Pause) 236M->22M(368M) 1,371ms
[2075,362s][info][gc] GC(8525) Pause Young (G1 Evacuation Pause) 237M->22M(368M) 1,430ms
[2075,618s][info][gc] GC(8526) Pause Young (G1 Evacuation Pause) 237M->22M(368M) 2,402ms
[2075,858s][info][gc] GC(8527) Pause Young (G1 Evacuation Pause) 237M->22M(368M) 1,150ms
[2076,101s][info][gc] GC(8528) Pause Young (G1 Evacuation Pause) 237M->22M(368M) 1,873ms
[2076,355s][info][gc] GC(8529) Pause Young (G1 Evacuation Pause) 236M->22M(368M) 1,710ms
[2076,589s][info][gc] GC(8530) Pause Young (G1 Evacuation Pause) 237M->22M(368M) 1,247ms
[2076,832s][info][gc] GC(8531) Pause Young (G1 Evacuation Pause) 237M->22M(368M) 1,445ms
[2077,065s][info][gc] GC(8532) Pause Young (G1 Evacuation Pause) 237M->22M(368M) 1,652ms
[2077,298s][info][gc] GC(8533) Pause Young (G1 Evacuation Pause) 237M->22M(368M) 1,784ms
[2077,531s][info][gc] GC(8534) Pause Young (G1 Evacuation Pause) 236M->22M(368M) 1,342ms
[2077,778s][info][gc] GC(8535) Pause Young (G1 Evacuation Pause) 237M->22M(368M) 2,426ms
[2078,039s][info][gc] GC(8536) Pause Young (G1 Evacuation Pause) 237M->22M(368M) 1,772ms
[2078,280s][info][gc] GC(8537) Pause Young (G1 Evacuation Pause) 237M->22M(368M) 1,372ms
[2078,513s][info][gc] GC(8538) Pause Young (G1 Evacuation Pause) 237M->22M(368M) 2,074ms
[2078,745s][info][gc] GC(8539) Pause Young (G1 Evacuation Pause) 236M->21M(368M) 1,194ms
[2078,977s][info][gc] GC(8540) Pause Young (G1 Evacuation Pause) 236M->22M(368M) 1,070ms
[2079,209s][info][gc] GC(8541) Pause Young (G1 Evacuation Pause) 237M->22M(368M) 1,205ms
[2079,455s][info][gc] GC(8542) Pause Young (G1 Evacuation Pause) 237M->22M(368M) 1,902ms
[2079,709s][info][gc] GC(8543) Pause Young (G1 Evacuation Pause) 237M->22M(368M) 1,865ms
[2079,964s][info][gc] GC(8544) Pause Young (G1 Evacuation Pause) 237M->22M(368M) 1,886ms
[2080,217s][info][gc] GC(8545) Pause Young (G1 Evacuation Pause) 236M->22M(368M) 1,681ms
[2080,476s][info][gc] GC(8546) Pause Young (G1 Evacuation Pause) 237M->22M(368M) 1,735ms
[2080,715s][info][gc] GC(8547) Pause Young (G1 Evacuation Pause) 237M->22M(368M) 1,217ms
[2080,962s][info][gc] GC(8548) Pause Young (G1 Evacuation Pause) 237M->22M(368M) 1,793ms
[2081,216s][info][gc] GC(8549) Pause Young (G1 Evacuation Pause) 237M->22M(368M) 1,829ms
[2081,470s][info][gc] GC(8550) Pause Young (G1 Evacuation Pause) 237M->23M(368M) 1,512ms
[2081,707s][info][gc] GC(8551) Pause Young (G1 Evacuation Pause) 237M->22M(368M) 2,262ms
[2081,960s][info][gc] GC(8552) Pause Young (G1 Evacuation Pause) 237M->22M(368M) 1,531ms
[2082,202s][info][gc] GC(8553) Pause Young (G1 Evacuation Pause) 237M->22M(368M) 1,552ms
[2082,456s][info][gc] GC(8554) Pause Young (G1 Evacuation Pause) 237M->22M(368M) 1,913ms
[2082,706s][info][gc] GC(8555) Pause Young (G1 Evacuation Pause) 237M->23M(368M) 1,580ms
[2082,939s][info][gc] GC(8556) Pause Young (G1 Evacuation Pause) 237M->22M(368M) 1,600ms
[2083,171s][info][gc] GC(8557) Pause Young (G1 Evacuation Pause) 237M->22M(368M) 1,085ms
[2083,403s][info][gc] GC(8558) Pause Young (G1 Evacuation Pause) 237M->22M(368M) 1,327ms
[2083,635s][info][gc] GC(8559) Pause Young (G1 Evacuation Pause) 237M->22M(368M) 1,414ms
[2083,872s][info][gc] GC(8560) Pause Young (G1 Evacuation Pause) 237M->23M(368M) 4,313ms
[2084,130s][info][gc] GC(8561) Pause Young (G1 Evacuation Pause) 237M->22M(368M) 1,693ms
[2084,388s][info][gc] GC(8562) Pause Young (G1 Evacuation Pause) 237M->22M(368M) 3,046ms
[2084,633s][info][gc] GC(8563) Pause Young (G1 Evacuation Pause) 237M->22M(368M) 1,211ms
[2084,870s][info][gc] GC(8564) Pause Young (G1 Evacuation Pause) 237M->22M(368M) 4,124ms
[2085,125s][info][gc] GC(8565) Pause Young (G1 Evacuation Pause) 237M->22M(368M) 1,742ms
[2085,389s][info][gc] GC(8566) Pause Young (G1 Evacuation Pause) 236M->22M(368M) 2,229ms
[2085,643s][info][gc] GC(8567) Pause Young (G1 Evacuation Pause) 237M->22M(368M) 1,830ms
[2085,897s][info][gc] GC(8568) Pause Young (G1 Evacuation Pause) 237M->22M(368M) 1,799ms
[2086,159s][info][gc] GC(8569) Pause Young (G1 Evacuation Pause) 237M->22M(368M) 1,682ms
[2086,392s][info][gc] GC(8570) Pause Young (G1 Evacuation Pause) 237M->22M(368M) 1,275ms
[2086,624s][info][gc] GC(8571) Pause Young (G1 Evacuation Pause) 236M->22M(368M) 1,215ms
[2086,856s][info][gc] GC(8572) Pause Young (G1 Evacuation Pause) 237M->22M(368M) 1,207ms
[2087,089s][info][gc] GC(8573) Pause Young (G1 Evacuation Pause) 237M->22M(368M) 1,468ms
[2087,321s][info][gc] GC(8574) Pause Young (G1 Evacuation Pause) 237M->22M(368M) 1,367ms
[2087,583s][info][gc] GC(8575) Pause Young (G1 Evacuation Pause) 237M->22M(368M) 1,827ms
[2087,837s][info][gc] GC(8576) Pause Young (G1 Evacuation Pause) 237M->23M(368M) 1,777ms
[2088,091s][info][gc] GC(8577) Pause Young (G1 Evacuation Pause) 237M->22M(368M) 1,744ms
[2088,327s][info][gc] GC(8578) Pause Young (G1 Evacuation Pause) 237M->22M(368M) 1,244ms
[2088,584s][info][gc] GC(8579) Pause Young (G1 Evacuation Pause) 237M->22M(368M) 2,592ms
[2088,816s][info][gc] GC(8580) Pause Young (G1 Evacuation Pause) 237M->22M(368M) 1,129ms
[2089,072s][info][gc] GC(8581) Pause Young (G1 Evacuation Pause) 237M->23M(368M) 1,780ms
[2089,326s][info][gc] GC(8582) Pause Young (G1 Evacuation Pause) 237M->22M(368M) 1,767ms
[2089,571s][info][gc] GC(8583) Pause Young (G1 Evacuation Pause) 237M->22M(368M) 1,315ms
[2089,828s][info][gc] GC(8584) Pause Young (G1 Evacuation Pause) 237M->22M(368M) 1,786ms
[2090,087s][info][gc] GC(8585) Pause Young (G1 Evacuation Pause) 237M->22M(368M) 1,911ms
[2090,328s][info][gc] GC(8586) Pause Young (G1 Evacuation Pause) 237M->22M(368M) 1,265ms
[2090,587s][info][gc] GC(8587) Pause Young (G1 Evacuation Pause) 236M->22M(368M) 1,725ms
[2090,841s][info][gc] GC(8588) Pause Young (G1 Evacuation Pause) 237M->22M(368M) 1,624ms
[2091,095s][info][gc] GC(8589) Pause Young (G1 Evacuation Pause) 237M->22M(368M) 1,733ms
[2091,349s][info][gc] GC(8590) Pause Young (G1 Evacuation Pause) 237M->22M(368M) 1,690ms
[2091,611s][info][gc] GC(8591) Pause Young (G1 Evacuation Pause) 237M->22M(368M) 1,822ms
[2091,852s][info][gc] GC(8592) Pause Young (G1 Evacuation Pause) 236M->22M(368M) 1,136ms
[2092,084s][info][gc] GC(8593) Pause Young (G1 Evacuation Pause) 237M->22M(368M) 1,123ms
[2092,316s][info][gc] GC(8594) Pause Young (G1 Evacuation Pause) 237M->22M(368M) 1,293ms
[2092,556s][info][gc] GC(8595) Pause Young (G1 Evacuation Pause) 237M->22M(368M) 3,289ms
[2092,789s][info][gc] GC(8596) Pause Young (G1 Evacuation Pause) 237M->22M(368M) 2,083ms
[2093,040s][info][gc] GC(8597) Pause Young (G1 Evacuation Pause) 236M->22M(368M) 1,293ms
[2093,272s][info][gc] GC(8598) Pause Young (G1 Evacuation Pause) 237M->22M(368M) 1,183ms
[2093,523s][info][gc] GC(8599) Pause Young (G1 Evacuation Pause) 237M->22M(368M) 1,789ms
[2093,777s][info][gc] GC(8600) Pause Young (G1 Evacuation Pause) 237M->22M(368M) 1,774ms
[2094,026s][info][gc] GC(8601) Pause Young (G1 Evacuation Pause) 237M->22M(368M) 1,430ms
[2094,259s][info][gc] GC(8602) Pause Young (G1 Evacuation Pause) 237M->23M(368M) 1,587ms
[2094,491s][info][gc] GC(8603) Pause Young (G1 Evacuation Pause) 237M->22M(368M) 1,086ms
[2094,723s][info][gc] GC(8604) Pause Young (G1 Evacuation Pause) 237M->22M(368M) 1,244ms
[2094,972s][info][gc] GC(8605) Pause Young (G1 Evacuation Pause) 237M->22M(368M) 1,790ms
[2095,206s][info][gc] GC(8606) Pause Young (G1 Evacuation Pause) 237M->22M(368M) 1,645ms
[2095,452s][info][gc] GC(8607) Pause Young (G1 Evacuation Pause) 236M->22M(368M) 1,794ms
[2095,706s][info][gc] GC(8608) Pause Young (G1 Evacuation Pause) 237M->22M(368M) 1,682ms
[2095,954s][info][gc] GC(8609) Pause Young (G1 Evacuation Pause) 237M->22M(368M) 1,178ms
[2096,186s][info][gc] GC(8610) Pause Young (G1 Evacuation Pause) 237M->22M(368M) 1,117ms
[2096,432s][info][gc] GC(8611) Pause Young (G1 Evacuation Pause) 237M->22M(368M) 2,320ms
[2096,675s][info][gc] GC(8612) Pause Young (G1 Evacuation Pause) 237M->22M(368M) 1,267ms
[2096,918s][info][gc] GC(8613) Pause Young (G1 Evacuation Pause) 236M->22M(368M) 2,301ms
[2097,190s][info][gc] GC(8614) Pause Young (G1 Evacuation Pause) 237M->22M(368M) 3,017ms
[2097,452s][info][gc] GC(8615) Pause Young (G1 Evacuation Pause) 237M->22M(368M) 1,708ms
[2097,705s][info][gc] GC(8616) Pause Young (G1 Evacuation Pause) 237M->22M(368M) 1,990ms
[2097,954s][info][gc] GC(8617) Pause Young (G1 Evacuation Pause) 237M->22M(368M) 2,349ms
[2098,208s][info][gc] GC(8618) Pause Young (G1 Evacuation Pause) 236M->22M(368M) 1,085ms
[2098,457s][info][gc] GC(8619) Pause Young (G1 Evacuation Pause) 237M->22M(368M) 1,840ms
[2098,707s][info][gc] GC(8620) Pause Young (G1 Evacuation Pause) 237M->22M(368M) 1,260ms
[2098,957s][info][gc] GC(8621) Pause Young (G1 Evacuation Pause) 237M->22M(368M) 3,281ms
[2099,210s][info][gc] GC(8622) Pause Young (G1 Evacuation Pause) 237M->22M(368M) 1,847ms
[2099,469s][info][gc] GC(8623) Pause Young (G1 Evacuation Pause) 236M->22M(368M) 1,626ms
[2099,723s][info][gc] GC(8624) Pause Young (G1 Evacuation Pause) 237M->22M(368M) 1,654ms
[2099,975s][info][gc] GC(8625) Pause Young (G1 Evacuation Pause) 237M->22M(368M) 1,762ms
[2100,208s][info][gc] GC(8626) Pause Young (G1 Evacuation Pause) 237M->22M(368M) 1,145ms
[2100,463s][info][gc] GC(8627) Pause Young (G1 Evacuation Pause) 237M->22M(368M) 2,598ms
[2100,712s][info][gc] GC(8628) Pause Young (G1 Evacuation Pause) 236M->21M(368M) 3,819ms
[2100,989s][info][gc] GC(8629) Pause Young (G1 Evacuation Pause) 236M->21M(368M) 3,910ms
[2101,244s][info][gc] GC(8630) Pause Young (G1 Evacuation Pause) 236M->22M(368M) 1,681ms
[2101,498s][info][gc] GC(8631) Pause Young (G1 Evacuation Pause) 237M->22M(368M) 1,981ms
[2101,745s][info][gc] GC(8632) Pause Young (G1 Evacuation Pause) 237M->22M(368M) 1,245ms
[2101,994s][info][gc] GC(8633) Pause Young (G1 Evacuation Pause) 237M->22M(368M) 1,258ms
[2102,226s][info][gc] GC(8634) Pause Young (G1 Evacuation Pause) 236M->22M(368M) 1,047ms
[2102,458s][info][gc] GC(8635) Pause Young (G1 Evacuation Pause) 237M->22M(368M) 1,090ms
[2102,726s][info][gc] GC(8636) Pause Young (G1 Evacuation Pause) 237M->22M(368M) 1,883ms
[2102,987s][info][gc] GC(8637) Pause Young (G1 Evacuation Pause) 237M->22M(368M) 1,746ms
[2103,220s][info][gc] GC(8638) Pause Young (G1 Evacuation Pause) 237M->22M(368M) 1,169ms
[2103,462s][info][gc] GC(8639) Pause Young (G1 Evacuation Pause) 237M->23M(368M) 1,246ms
[2103,694s][info][gc] GC(8640) Pause Young (G1 Evacuation Pause) 237M->22M(368M) 1,226ms
[2103,940s][info][gc] GC(8641) Pause Young (G1 Evacuation Pause) 237M->22M(368M) 1,703ms
[2104,174s][info][gc] GC(8642) Pause Young (G1 Evacuation Pause) 237M->22M(368M) 2,069ms
[2104,406s][info][gc] GC(8643) Pause Young (G1 Evacuation Pause) 237M->22M(368M) 1,142ms
[2104,646s][info][gc] GC(8644) Pause Young (G1 Evacuation Pause) 237M->23M(368M) 1,371ms
[2104,880s][info][gc] GC(8645) Pause Young (G1 Evacuation Pause) 237M->22M(368M) 2,735ms
[2105,127s][info][gc] GC(8646) Pause Young (G1 Evacuation Pause) 237M->22M(368M) 1,214ms
[2105,359s][info][gc] GC(8647) Pause Young (G1 Evacuation Pause) 237M->22M(368M) 1,086ms
[2105,591s][info][gc] GC(8648) Pause Young (G1 Evacuation Pause) 237M->22M(368M) 1,113ms
[2105,823s][info][gc] GC(8649) Pause Young (G1 Evacuation Pause) 237M->22M(368M) 1,288ms
[2106,083s][info][gc] GC(8650) Pause Young (G1 Evacuation Pause) 236M->22M(368M) 1,712ms
[2106,345s][info][gc] GC(8651) Pause Young (G1 Evacuation Pause) 237M->22M(368M) 1,686ms
[2106,610s][info][gc] GC(8652) Pause Young (G1 Evacuation Pause) 237M->22M(368M) 1,670ms
[2106,864s][info][gc] GC(8653) Pause Young (G1 Evacuation Pause) 237M->22M(368M) 1,741ms
[2107,118s][info][gc] GC(8654) Pause Young (G1 Evacuation Pause) 237M->22M(368M) 1,848ms
[2107,375s][info][gc] GC(8655) Pause Young (G1 Evacuation Pause) 236M->22M(368M) 2,951ms
[2107,630s][info][gc] GC(8656) Pause Young (G1 Evacuation Pause) 237M->22M(368M) 2,850ms
[2107,885s][info][gc] GC(8657) Pause Young (G1 Evacuation Pause) 237M->22M(368M) 1,889ms
[2108,139s][info][gc] GC(8658) Pause Young (G1 Evacuation Pause) 237M->22M(368M) 1,758ms
[2108,372s][info][gc] GC(8659) Pause Young (G1 Evacuation Pause) 237M->22M(368M) 1,167ms
[2108,604s][info][gc] GC(8660) Pause Young (G1 Evacuation Pause) 236M->22M(368M) 1,147ms
[2108,836s][info][gc] GC(8661) Pause Young (G1 Evacuation Pause) 237M->22M(368M) 1,180ms
[2109,068s][info][gc] GC(8662) Pause Young (G1 Evacuation Pause) 237M->22M(368M) 1,073ms
[2109,300s][info][gc] GC(8663) Pause Young (G1 Evacuation Pause) 237M->22M(368M) 1,086ms
[2109,558s][info][gc] GC(8664) Pause Young (G1 Evacuation Pause) 237M->22M(368M) 2,627ms
[2109,811s][info][gc] GC(8665) Pause Young (G1 Evacuation Pause) 236M->22M(368M) 1,528ms
[2110,053s][info][gc] GC(8666) Pause Young (G1 Evacuation Pause) 237M->21M(368M) 1,465ms
[2110,313s][info][gc] GC(8667) Pause Young (G1 Evacuation Pause) 236M->22M(368M) 4,345ms
[2110,572s][info][gc] GC(8668) Pause Young (G1 Evacuation Pause) 237M->22M(368M) 1,893ms
[2110,806s][info][gc] GC(8669) Pause Young (G1 Evacuation Pause) 237M->22M(368M) 1,415ms
[2111,067s][info][gc] GC(8670) Pause Young (G1 Evacuation Pause) 237M->23M(368M) 2,060ms
[2111,320s][info][gc] GC(8671) Pause Young (G1 Evacuation Pause) 237M->22M(368M) 1,779ms
[2111,568s][info][gc] GC(8672) Pause Young (G1 Evacuation Pause) 237M->22M(368M) 1,492ms
[2111,801s][info][gc] GC(8673) Pause Young (G1 Evacuation Pause) 237M->22M(368M) 1,503ms
[2112,056s][info][gc] GC(8674) Pause Young (G1 Evacuation Pause) 237M->22M(368M) 1,694ms
[2112,310s][info][gc] GC(8675) Pause Young (G1 Evacuation Pause) 237M->22M(368M) 1,715ms
[2112,566s][info][gc] GC(8676) Pause Young (G1 Evacuation Pause) 236M->22M(368M) 1,888ms
[2112,798s][info][gc] GC(8677) Pause Young (G1 Evacuation Pause) 237M->22M(368M) 1,074ms
[2113,057s][info][gc] GC(8678) Pause Young (G1 Evacuation Pause) 237M->22M(368M) 4,148ms
[2113,300s][info][gc] GC(8679) Pause Young (G1 Evacuation Pause) 237M->22M(368M) 1,200ms
[2113,556s][info][gc] GC(8680) Pause Young (G1 Evacuation Pause) 237M->22M(368M) 1,691ms
[2113,810s][info][gc] GC(8681) Pause Young (G1 Evacuation Pause) 236M->22M(368M) 1,580ms
[2114,064s][info][gc] GC(8682) Pause Young (G1 Evacuation Pause) 237M->22M(368M) 1,881ms
[2114,318s][info][gc] GC(8683) Pause Young (G1 Evacuation Pause) 237M->22M(368M) 1,645ms
[2114,577s][info][gc] GC(8684) Pause Young (G1 Evacuation Pause) 237M->22M(368M) 1,779ms
[2114,834s][info][gc] GC(8685) Pause Young (G1 Evacuation Pause) 237M->22M(368M) 4,688ms
[2115,068s][info][gc] GC(8686) Pause Young (G1 Evacuation Pause) 236M->22M(368M) 1,433ms
[2115,300s][info][gc] GC(8687) Pause Young (G1 Evacuation Pause) 237M->22M(368M) 1,153ms
[2115,556s][info][gc] GC(8688) Pause Young (G1 Evacuation Pause) 237M->22M(368M) 1,783ms
[2115,789s][info][gc] GC(8689) Pause Young (G1 Evacuation Pause) 237M->22M(368M) 1,071ms
[2116,049s][info][gc] GC(8690) Pause Young (G1 Evacuation Pause) 237M->22M(368M) 3,411ms
[2116,303s][info][gc] GC(8691) Pause Young (G1 Evacuation Pause) 237M->23M(368M) 1,850ms
[2116,555s][info][gc] GC(8692) Pause Young (G1 Evacuation Pause) 237M->22M(368M) 1,964ms
[2116,787s][info][gc] GC(8693) Pause Young (G1 Evacuation Pause) 237M->22M(368M) 1,060ms
[2117,041s][info][gc] GC(8694) Pause Young (G1 Evacuation Pause) 237M->22M(368M) 1,631ms
[2117,295s][info][gc] GC(8695) Pause Young (G1 Evacuation Pause) 237M->22M(368M) 1,764ms
[2117,552s][info][gc] GC(8696) Pause Young (G1 Evacuation Pause) 237M->23M(368M) 1,913ms
[2117,800s][info][gc] GC(8697) Pause Young (G1 Evacuation Pause) 237M->22M(368M) 1,112ms
[2118,067s][info][gc] GC(8698) Pause Young (G1 Evacuation Pause) 237M->22M(368M) 1,742ms
[2118,307s][info][gc] GC(8699) Pause Young (G1 Evacuation Pause) 237M->22M(368M) 1,280ms
[2118,539s][info][gc] GC(8700) Pause Young (G1 Evacuation Pause) 237M->22M(368M) 1,219ms
[2118,771s][info][gc] GC(8701) Pause Young (G1 Evacuation Pause) 237M->22M(368M) 1,269ms
[2119,003s][info][gc] GC(8702) Pause Young (G1 Evacuation Pause) 236M->22M(368M) 1,133ms
[2119,238s][info][gc] GC(8703) Pause Young (G1 Evacuation Pause) 237M->21M(368M) 3,178ms
[2119,491s][info][gc] GC(8704) Pause Young (G1 Evacuation Pause) 236M->22M(368M) 1,689ms
[2119,738s][info][gc] GC(8705) Pause Young (G1 Evacuation Pause) 237M->22M(368M) 1,730ms
[2119,980s][info][gc] GC(8706) Pause Young (G1 Evacuation Pause) 237M->22M(368M) 1,732ms
[2120,232s][info][gc] GC(8707) Pause Young (G1 Evacuation Pause) 237M->23M(368M) 1,658ms
[2120,493s][info][gc] GC(8708) Pause Young (G1 Evacuation Pause) 237M->22M(368M) 1,687ms
[2120,732s][info][gc] GC(8709) Pause Young (G1 Evacuation Pause) 237M->22M(368M) 1,389ms
[2120,965s][info][gc] GC(8710) Pause Young (G1 Evacuation Pause) 237M->22M(368M) 1,650ms
[2121,198s][info][gc] GC(8711) Pause Young (G1 Evacuation Pause) 237M->22M(368M) 1,470ms
[2121,441s][info][gc] GC(8712) Pause Young (G1 Evacuation Pause) 237M->23M(368M) 1,880ms
[2121,693s][info][gc] GC(8713) Pause Young (G1 Evacuation Pause) 237M->22M(368M) 1,612ms
[2121,925s][info][gc] GC(8714) Pause Young (G1 Evacuation Pause) 237M->22M(368M) 1,057ms
[2122,157s][info][gc] GC(8715) Pause Young (G1 Evacuation Pause) 237M->22M(368M) 1,226ms
[2122,398s][info][gc] GC(8716) Pause Young (G1 Evacuation Pause) 237M->22M(368M) 2,377ms
[2122,652s][info][gc] GC(8717) Pause Young (G1 Evacuation Pause) 237M->22M(368M) 1,924ms
[2122,917s][info][gc] GC(8718) Pause Young (G1 Evacuation Pause) 236M->22M(368M) 1,598ms
[2123,155s][info][gc] GC(8719) Pause Young (G1 Evacuation Pause) 237M->22M(368M) 1,995ms
[2123,387s][info][gc] GC(8720) Pause Young (G1 Evacuation Pause) 237M->22M(368M) 1,201ms
[2123,619s][info][gc] GC(8721) Pause Young (G1 Evacuation Pause) 237M->22M(368M) 1,296ms
[2123,886s][info][gc] GC(8722) Pause Young (G1 Evacuation Pause) 237M->22M(368M) 2,673ms
[2124,120s][info][gc] GC(8723) Pause Young (G1 Evacuation Pause) 236M->22M(368M) 1,309ms
[2124,354s][info][gc] GC(8724) Pause Young (G1 Evacuation Pause) 237M->22M(368M) 1,436ms
[2124,586s][info][gc] GC(8725) Pause Young (G1 Evacuation Pause) 237M->22M(368M) 1,147ms
[2124,818s][info][gc] GC(8726) Pause Young (G1 Evacuation Pause) 237M->22M(368M) 1,242ms
[2125,079s][info][gc] GC(8727) Pause Young (G1 Evacuation Pause) 237M->22M(368M) 1,760ms
[2125,333s][info][gc] GC(8728) Pause Young (G1 Evacuation Pause) 237M->23M(368M) 1,779ms
[2125,568s][info][gc] GC(8729) Pause Young (G1 Evacuation Pause) 237M->22M(368M) 1,936ms
[2125,800s][info][gc] GC(8730) Pause Young (G1 Evacuation Pause) 237M->22M(368M) 1,138ms
[2126,056s][info][gc] GC(8731) Pause Young (G1 Evacuation Pause) 237M->22M(368M) 1,736ms
[2126,310s][info][gc] GC(8732) Pause Young (G1 Evacuation Pause) 237M->22M(368M) 1,869ms
[2126,571s][info][gc] GC(8733) Pause Young (G1 Evacuation Pause) 236M->21M(368M) 2,231ms
[2126,837s][info][gc] GC(8734) Pause Young (G1 Evacuation Pause) 236M->22M(368M) 1,805ms
[2127,091s][info][gc] GC(8735) Pause Young (G1 Evacuation Pause) 237M->22M(368M) 1,657ms
[2127,345s][info][gc] GC(8736) Pause Young (G1 Evacuation Pause) 237M->22M(368M) 1,731ms
[2127,599s][info][gc] GC(8737) Pause Young (G1 Evacuation Pause) 237M->22M(368M) 1,855ms
[2127,837s][info][gc] GC(8738) Pause Young (G1 Evacuation Pause) 237M->23M(368M) 1,651ms
[2128,096s][info][gc] GC(8739) Pause Young (G1 Evacuation Pause) 237M->22M(368M) 1,814ms
[2128,333s][info][gc] GC(8740) Pause Young (G1 Evacuation Pause) 237M->22M(368M) 1,237ms
[2128,579s][info][gc] GC(8741) Pause Young (G1 Evacuation Pause) 237M->22M(368M) 1,407ms
[2128,812s][info][gc] GC(8742) Pause Young (G1 Evacuation Pause) 237M->22M(368M) 1,475ms
[2129,066s][info][gc] GC(8743) Pause Young (G1 Evacuation Pause) 237M->22M(368M) 1,432ms
[2129,299s][info][gc] GC(8744) Pause Young (G1 Evacuation Pause) 236M->22M(368M) 1,453ms
[2129,532s][info][gc] GC(8745) Pause Young (G1 Evacuation Pause) 237M->22M(368M) 1,450ms
[2129,765s][info][gc] GC(8746) Pause Young (G1 Evacuation Pause) 237M->22M(368M) 1,499ms
[2130,017s][info][gc] GC(8747) Pause Young (G1 Evacuation Pause) 237M->22M(368M) 1,729ms
[2130,273s][info][gc] GC(8748) Pause Young (G1 Evacuation Pause) 237M->22M(368M) 3,451ms
[2130,515s][info][gc] GC(8749) Pause Young (G1 Evacuation Pause) 236M->22M(368M) 1,295ms
[2130,749s][info][gc] GC(8750) Pause Young (G1 Evacuation Pause) 237M->22M(368M) 1,538ms
[2130,985s][info][gc] GC(8751) Pause Young (G1 Evacuation Pause) 237M->22M(368M) 1,117ms
[2131,217s][info][gc] GC(8752) Pause Young (G1 Evacuation Pause) 237M->22M(368M) 1,296ms
[2131,464s][info][gc] GC(8753) Pause Young (G1 Evacuation Pause) 237M->22M(368M) 1,901ms
[2131,720s][info][gc] GC(8754) Pause Young (G1 Evacuation Pause) 237M->23M(368M) 1,291ms
[2131,962s][info][gc] GC(8755) Pause Young (G1 Evacuation Pause) 237M->22M(368M) 2,252ms
[2132,197s][info][gc] GC(8756) Pause Young (G1 Evacuation Pause) 237M->22M(368M) 1,207ms
[2132,443s][info][gc] GC(8757) Pause Young (G1 Evacuation Pause) 237M->22M(368M) 1,590ms
[2132,686s][info][gc] GC(8758) Pause Young (G1 Evacuation Pause) 237M->22M(368M) 1,252ms
[2132,918s][info][gc] GC(8759) Pause Young (G1 Evacuation Pause) 237M->23M(368M) 1,304ms
[2133,153s][info][gc] GC(8760) Pause Young (G1 Evacuation Pause) 237M->22M(368M) 4,035ms
[2133,395s][info][gc] GC(8761) Pause Young (G1 Evacuation Pause) 237M->22M(368M) 1,844ms
[2133,629s][info][gc] GC(8762) Pause Young (G1 Evacuation Pause) 237M->22M(368M) 2,931ms
[2133,865s][info][gc] GC(8763) Pause Young (G1 Evacuation Pause) 237M->22M(368M) 1,756ms
[2134,100s][info][gc] GC(8764) Pause Young (G1 Evacuation Pause) 237M->22M(368M) 1,741ms
[2134,337s][info][gc] GC(8765) Pause Young (G1 Evacuation Pause) 236M->22M(368M) 1,587ms
[2134,582s][info][gc] GC(8766) Pause Young (G1 Evacuation Pause) 237M->22M(368M) 1,197ms
[2134,823s][info][gc] GC(8767) Pause Young (G1 Evacuation Pause) 237M->22M(368M) 2,396ms
[2135,080s][info][gc] GC(8768) Pause Young (G1 Evacuation Pause) 237M->22M(368M) 1,847ms
[2135,334s][info][gc] GC(8769) Pause Young (G1 Evacuation Pause) 237M->22M(368M) 1,819ms
[2135,585s][info][gc] GC(8770) Pause Young (G1 Evacuation Pause) 236M->22M(368M) 1,685ms
[2135,839s][info][gc] GC(8771) Pause Young (G1 Evacuation Pause) 237M->22M(368M) 1,710ms
[2136,105s][info][gc] GC(8772) Pause Young (G1 Evacuation Pause) 237M->22M(368M) 1,623ms
[2136,359s][info][gc] GC(8773) Pause Young (G1 Evacuation Pause) 237M->22M(368M) 1,770ms
[2136,616s][info][gc] GC(8774) Pause Young (G1 Evacuation Pause) 237M->22M(368M) 1,820ms
[2136,868s][info][gc] GC(8775) Pause Young (G1 Evacuation Pause) 236M->22M(368M) 1,011ms
[2137,100s][info][gc] GC(8776) Pause Young (G1 Evacuation Pause) 237M->22M(368M) 1,095ms
[2137,333s][info][gc] GC(8777) Pause Young (G1 Evacuation Pause) 237M->21M(368M) 2,063ms
[2137,598s][info][gc] GC(8778) Pause Young (G1 Evacuation Pause) 236M->22M(368M) 2,316ms
[2137,837s][info][gc] GC(8779) Pause Young (G1 Evacuation Pause) 237M->22M(368M) 1,418ms
[2138,095s][info][gc] GC(8780) Pause Young (G1 Evacuation Pause) 237M->22M(368M) 1,878ms
[2138,332s][info][gc] GC(8781) Pause Young (G1 Evacuation Pause) 236M->22M(368M) 1,088ms
[2138,589s][info][gc] GC(8782) Pause Young (G1 Evacuation Pause) 237M->22M(368M) 1,704ms
[2138,843s][info][gc] GC(8783) Pause Young (G1 Evacuation Pause) 237M->22M(368M) 1,844ms
[2139,097s][info][gc] GC(8784) Pause Young (G1 Evacuation Pause) 237M->22M(368M) 1,904ms
[2139,337s][info][gc] GC(8785) Pause Young (G1 Evacuation Pause) 237M->22M(368M) 1,241ms
[2139,608s][info][gc] GC(8786) Pause Young (G1 Evacuation Pause) 236M->22M(368M) 1,579ms
[2139,864s][info][gc] GC(8787) Pause Young (G1 Evacuation Pause) 237M->22M(368M) 3,432ms
[2140,118s][info][gc] GC(8788) Pause Young (G1 Evacuation Pause) 237M->22M(368M) 1,716ms
[2140,379s][info][gc] GC(8789) Pause Young (G1 Evacuation Pause) 237M->22M(368M) 1,787ms
[2140,626s][info][gc] GC(8790) Pause Young (G1 Evacuation Pause) 237M->22M(368M) 1,265ms
[2140,858s][info][gc] GC(8791) Pause Young (G1 Evacuation Pause) 236M->22M(368M) 1,311ms
[2141,091s][info][gc] GC(8792) Pause Young (G1 Evacuation Pause) 237M->22M(368M) 1,048ms
[2141,354s][info][gc] GC(8793) Pause Young (G1 Evacuation Pause) 237M->22M(368M) 1,782ms
[2141,612s][info][gc] GC(8794) Pause Young (G1 Evacuation Pause) 237M->22M(368M) 1,778ms
[2141,866s][info][gc] GC(8795) Pause Young (G1 Evacuation Pause) 237M->22M(368M) 1,938ms
[2142,112s][info][gc] GC(8796) Pause Young (G1 Evacuation Pause) 237M->23M(368M) 1,198ms
[2142,344s][info][gc] GC(8797) Pause Young (G1 Evacuation Pause) 237M->22M(368M) 1,238ms
[2142,577s][info][gc] GC(8798) Pause Young (G1 Evacuation Pause) 237M->22M(368M) 2,099ms
[2142,809s][info][gc] GC(8799) Pause Young (G1 Evacuation Pause) 237M->22M(368M) 1,334ms
[2143,042s][info][gc] GC(8800) Pause Young (G1 Evacuation Pause) 237M->22M(368M) 1,237ms
[2143,274s][info][gc] GC(8801) Pause Young (G1 Evacuation Pause) 237M->23M(368M) 1,166ms
[2143,530s][info][gc] GC(8802) Pause Young (G1 Evacuation Pause) 237M->22M(368M) 1,793ms
[2143,784s][info][gc] GC(8803) Pause Young (G1 Evacuation Pause) 237M->22M(368M) 1,765ms
[2144,059s][info][gc] GC(8804) Pause Young (G1 Evacuation Pause) 237M->22M(368M) 2,396ms
[2144,309s][info][gc] GC(8805) Pause Young (G1 Evacuation Pause) 237M->22M(368M) 1,240ms
[2144,546s][info][gc] GC(8806) Pause Young (G1 Evacuation Pause) 237M->22M(368M) 4,001ms
[2144,786s][info][gc] GC(8807) Pause Young (G1 Evacuation Pause) 236M->22M(368M) 1,282ms
[2145,042s][info][gc] GC(8808) Pause Young (G1 Evacuation Pause) 237M->22M(368M) 1,629ms
[2145,274s][info][gc] GC(8809) Pause Young (G1 Evacuation Pause) 237M->22M(368M) 1,215ms
[2145,530s][info][gc] GC(8810) Pause Young (G1 Evacuation Pause) 237M->22M(368M) 1,684ms
[2145,784s][info][gc] GC(8811) Pause Young (G1 Evacuation Pause) 237M->22M(368M) 1,922ms
[2146,044s][info][gc] GC(8812) Pause Young (G1 Evacuation Pause) 237M->23M(368M) 1,726ms
[2146,298s][info][gc] GC(8813) Pause Young (G1 Evacuation Pause) 237M->22M(368M) 1,834ms
[2146,552s][info][gc] GC(8814) Pause Young (G1 Evacuation Pause) 237M->22M(368M) 1,649ms
[2146,809s][info][gc] GC(8815) Pause Young (G1 Evacuation Pause) 237M->22M(368M) 1,671ms
[2147,046s][info][gc] GC(8816) Pause Young (G1 Evacuation Pause) 237M->22M(368M) 1,447ms
[2147,279s][info][gc] GC(8817) Pause Young (G1 Evacuation Pause) 237M->23M(368M) 1,578ms
[2147,535s][info][gc] GC(8818) Pause Young (G1 Evacuation Pause) 237M->22M(368M) 1,633ms
[2147,776s][info][gc] GC(8819) Pause Young (G1 Evacuation Pause) 237M->22M(368M) 1,110ms
[2148,008s][info][gc] GC(8820) Pause Young (G1 Evacuation Pause) 237M->22M(368M) 1,295ms
[2148,240s][info][gc] GC(8821) Pause Young (G1 Evacuation Pause) 237M->22M(368M) 1,304ms
[2148,472s][info][gc] GC(8822) Pause Young (G1 Evacuation Pause) 236M->21M(368M) 1,051ms
[2148,704s][info][gc] GC(8823) Pause Young (G1 Evacuation Pause) 236M->22M(368M) 1,159ms
[2148,936s][info][gc] GC(8824) Pause Young (G1 Evacuation Pause) 237M->22M(368M) 1,316ms
[2149,169s][info][gc] GC(8825) Pause Young (G1 Evacuation Pause) 237M->22M(368M) 1,667ms
[2149,413s][info][gc] GC(8826) Pause Young (G1 Evacuation Pause) 237M->22M(368M) 2,526ms
[2149,649s][info][gc] GC(8827) Pause Young (G1 Evacuation Pause) 237M->23M(368M) 1,657ms
[2149,889s][info][gc] GC(8828) Pause Young (G1 Evacuation Pause) 237M->22M(368M) 3,532ms
[2150,143s][info][gc] GC(8829) Pause Young (G1 Evacuation Pause) 237M->22M(368M) 1,625ms
[2150,386s][info][gc] GC(8830) Pause Young (G1 Evacuation Pause) 237M->22M(368M) 2,684ms
[2150,623s][info][gc] GC(8831) Pause Young (G1 Evacuation Pause) 237M->22M(368M) 1,508ms
[2150,856s][info][gc] GC(8832) Pause Young (G1 Evacuation Pause) 237M->22M(368M) 1,402ms
[2151,119s][info][gc] GC(8833) Pause Young (G1 Evacuation Pause) 236M->22M(368M) 1,827ms
[2151,379s][info][gc] GC(8834) Pause Young (G1 Evacuation Pause) 237M->22M(368M) 3,595ms
[2151,614s][info][gc] GC(8835) Pause Young (G1 Evacuation Pause) 237M->22M(368M) 1,509ms
[2151,877s][info][gc] GC(8836) Pause Young (G1 Evacuation Pause) 237M->22M(368M) 2,449ms
[2152,131s][info][gc] GC(8837) Pause Young (G1 Evacuation Pause) 237M->22M(368M) 1,708ms
[2152,395s][info][gc] GC(8838) Pause Young (G1 Evacuation Pause) 237M->23M(368M) 2,959ms
[2152,629s][info][gc] GC(8839) Pause Young (G1 Evacuation Pause) 237M->22M(368M) 1,156ms
[2152,861s][info][gc] GC(8840) Pause Young (G1 Evacuation Pause) 237M->22M(368M) 1,252ms
[2153,120s][info][gc] GC(8841) Pause Young (G1 Evacuation Pause) 237M->22M(368M) 1,842ms
[2153,357s][info][gc] GC(8842) Pause Young (G1 Evacuation Pause) 237M->22M(368M) 1,212ms
[2153,615s][info][gc] GC(8843) Pause Young (G1 Evacuation Pause) 237M->23M(368M) 1,884ms
[2153,869s][info][gc] GC(8844) Pause Young (G1 Evacuation Pause) 237M->22M(368M) 1,855ms
[2154,123s][info][gc] GC(8845) Pause Young (G1 Evacuation Pause) 237M->22M(368M) 1,778ms
[2154,382s][info][gc] GC(8846) Pause Young (G1 Evacuation Pause) 237M->22M(368M) 2,450ms
[2154,615s][info][gc] GC(8847) Pause Young (G1 Evacuation Pause) 237M->22M(368M) 1,307ms
[2154,877s][info][gc] GC(8848) Pause Young (G1 Evacuation Pause) 237M->22M(368M) 4,430ms
[2155,132s][info][gc] GC(8849) Pause Young (G1 Evacuation Pause) 236M->22M(368M) 1,789ms
[2155,390s][info][gc] GC(8850) Pause Young (G1 Evacuation Pause) 237M->22M(368M) 1,884ms
[2155,643s][info][gc] GC(8851) Pause Young (G1 Evacuation Pause) 237M->22M(368M) 1,803ms
[2155,903s][info][gc] GC(8852) Pause Young (G1 Evacuation Pause) 237M->22M(368M) 2,059ms
[2156,135s][info][gc] GC(8853) Pause Young (G1 Evacuation Pause) 237M->22M(368M) 1,144ms
[2156,367s][info][gc] GC(8854) Pause Young (G1 Evacuation Pause) 236M->22M(368M) 1,162ms
[2156,604s][info][gc] GC(8855) Pause Young (G1 Evacuation Pause) 237M->22M(368M) 1,067ms
[2156,836s][info][gc] GC(8856) Pause Young (G1 Evacuation Pause) 237M->22M(368M) 1,093ms
[2157,068s][info][gc] GC(8857) Pause Young (G1 Evacuation Pause) 237M->22M(368M) 1,096ms
[2157,300s][info][gc] GC(8858) Pause Young (G1 Evacuation Pause) 237M->22M(368M) 1,272ms
[2157,556s][info][gc] GC(8859) Pause Young (G1 Evacuation Pause) 236M->22M(368M) 1,797ms
[2157,810s][info][gc] GC(8860) Pause Young (G1 Evacuation Pause) 237M->22M(368M) 1,734ms
[2158,076s][info][gc] GC(8861) Pause Young (G1 Evacuation Pause) 237M->22M(368M) 1,688ms
[2158,331s][info][gc] GC(8862) Pause Young (G1 Evacuation Pause) 237M->22M(368M) 1,175ms
[2158,589s][info][gc] GC(8863) Pause Young (G1 Evacuation Pause) 237M->22M(368M) 1,921ms
[2158,834s][info][gc] GC(8864) Pause Young (G1 Evacuation Pause) 237M->22M(368M) 2,841ms
[2159,070s][info][gc] GC(8865) Pause Young (G1 Evacuation Pause) 236M->22M(368M) 1,260ms
[2159,304s][info][gc] GC(8866) Pause Young (G1 Evacuation Pause) 237M->22M(368M) 1,411ms
[2159,537s][info][gc] GC(8867) Pause Young (G1 Evacuation Pause) 237M->22M(368M) 1,443ms
[2159,770s][info][gc] GC(8868) Pause Young (G1 Evacuation Pause) 237M->22M(368M) 1,518ms
[2160,020s][info][gc] GC(8869) Pause Young (G1 Evacuation Pause) 237M->22M(368M) 1,919ms
[2160,274s][info][gc] GC(8870) Pause Young (G1 Evacuation Pause) 236M->22M(368M) 1,837ms
[2160,533s][info][gc] GC(8871) Pause Young (G1 Evacuation Pause) 237M->22M(368M) 1,630ms
[2160,766s][info][gc] GC(8872) Pause Young (G1 Evacuation Pause) 237M->22M(368M) 1,278ms
[2161,000s][info][gc] GC(8873) Pause Young (G1 Evacuation Pause) 237M->22M(368M) 1,400ms
[2161,232s][info][gc] GC(8874) Pause Young (G1 Evacuation Pause) 237M->22M(368M) 1,268ms
[2161,481s][info][gc] GC(8875) Pause Young (G1 Evacuation Pause) 236M->22M(368M) 1,786ms
[2161,735s][info][gc] GC(8876) Pause Young (G1 Evacuation Pause) 237M->22M(368M) 1,712ms
[2161,990s][info][gc] GC(8877) Pause Young (G1 Evacuation Pause) 237M->22M(368M) 2,523ms
[2162,234s][info][gc] GC(8878) Pause Young (G1 Evacuation Pause) 237M->22M(368M) 1,417ms
[2162,484s][info][gc] GC(8879) Pause Young (G1 Evacuation Pause) 237M->22M(368M) 1,705ms
[2162,738s][info][gc] GC(8880) Pause Young (G1 Evacuation Pause) 237M->23M(368M) 1,884ms
[2162,998s][info][gc] GC(8881) Pause Young (G1 Evacuation Pause) 237M->22M(368M) 1,768ms
[2163,254s][info][gc] GC(8882) Pause Young (G1 Evacuation Pause) 237M->22M(368M) 1,958ms
[2163,516s][info][gc] GC(8883) Pause Young (G1 Evacuation Pause) 237M->22M(368M) 1,835ms
[2163,776s][info][gc] GC(8884) Pause Young (G1 Evacuation Pause) 237M->22M(368M) 1,897ms
[2164,033s][info][gc] GC(8885) Pause Young (G1 Evacuation Pause) 237M->23M(368M) 1,716ms
[2164,287s][info][gc] GC(8886) Pause Young (G1 Evacuation Pause) 237M->22M(368M) 1,557ms
[2164,526s][info][gc] GC(8887) Pause Young (G1 Evacuation Pause) 237M->22M(368M) 1,606ms
[2164,768s][info][gc] GC(8888) Pause Young (G1 Evacuation Pause) 237M->22M(368M) 1,145ms
[2165,029s][info][gc] GC(8889) Pause Young (G1 Evacuation Pause) 237M->22M(368M) 2,284ms
[2165,283s][info][gc] GC(8890) Pause Young (G1 Evacuation Pause) 237M->22M(368M) 1,834ms
[2165,544s][info][gc] GC(8891) Pause Young (G1 Evacuation Pause) 236M->22M(368M) 1,713ms
[2165,798s][info][gc] GC(8892) Pause Young (G1 Evacuation Pause) 237M->22M(368M) 2,035ms
[2166,052s][info][gc] GC(8893) Pause Young (G1 Evacuation Pause) 237M->22M(368M) 1,154ms
[2166,306s][info][gc] GC(8894) Pause Young (G1 Evacuation Pause) 237M->22M(368M) 3,266ms
[2166,566s][info][gc] GC(8895) Pause Young (G1 Evacuation Pause) 237M->22M(368M) 1,787ms
[2166,826s][info][gc] GC(8896) Pause Young (G1 Evacuation Pause) 236M->22M(368M) 1,725ms
[2167,059s][info][gc] GC(8897) Pause Young (G1 Evacuation Pause) 237M->22M(368M) 1,209ms
[2167,292s][info][gc] GC(8898) Pause Young (G1 Evacuation Pause) 237M->22M(368M) 1,849ms
[2167,552s][info][gc] GC(8899) Pause Young (G1 Evacuation Pause) 237M->22M(368M) 1,744ms
[2167,807s][info][gc] GC(8900) Pause Young (G1 Evacuation Pause) 237M->22M(368M) 2,145ms
[2168,052s][info][gc] GC(8901) Pause Young (G1 Evacuation Pause) 237M->23M(368M) 1,289ms
[2168,285s][info][gc] GC(8902) Pause Young (G1 Evacuation Pause) 237M->22M(368M) 1,121ms
[2168,534s][info][gc] GC(8903) Pause Young (G1 Evacuation Pause) 237M->22M(368M) 1,626ms
[2168,767s][info][gc] GC(8904) Pause Young (G1 Evacuation Pause) 237M->22M(368M) 1,399ms
[2169,008s][info][gc] GC(8905) Pause Young (G1 Evacuation Pause) 237M->22M(368M) 1,307ms
[2169,240s][info][gc] GC(8906) Pause Young (G1 Evacuation Pause) 236M->22M(368M) 1,182ms
[2169,493s][info][gc] GC(8907) Pause Young (G1 Evacuation Pause) 237M->22M(368M) 1,685ms
[2169,726s][info][gc] GC(8908) Pause Young (G1 Evacuation Pause) 237M->22M(368M) 1,098ms
[2169,976s][info][gc] GC(8909) Pause Young (G1 Evacuation Pause) 237M->22M(368M) 1,769ms
[2170,230s][info][gc] GC(8910) Pause Young (G1 Evacuation Pause) 237M->22M(368M) 1,822ms
[2170,491s][info][gc] GC(8911) Pause Young (G1 Evacuation Pause) 237M->23M(368M) 1,802ms
[2170,736s][info][gc] GC(8912) Pause Young (G1 Evacuation Pause) 237M->21M(368M) 1,151ms
[2170,994s][info][gc] GC(8913) Pause Young (G1 Evacuation Pause) 236M->22M(368M) 1,623ms
[2171,247s][info][gc] GC(8914) Pause Young (G1 Evacuation Pause) 237M->22M(368M) 1,819ms
[2171,518s][info][gc] GC(8915) Pause Young (G1 Evacuation Pause) 237M->22M(368M) 2,312ms
[2171,764s][info][gc] GC(8916) Pause Young (G1 Evacuation Pause) 236M->21M(368M) 1,527ms
[2172,019s][info][gc] GC(8917) Pause Young (G1 Evacuation Pause) 236M->22M(368M) 1,706ms
[2172,285s][info][gc] GC(8918) Pause Young (G1 Evacuation Pause) 237M->22M(368M) 1,697ms
[2172,543s][info][gc] GC(8919) Pause Young (G1 Evacuation Pause) 237M->22M(368M) 1,713ms
[2172,776s][info][gc] GC(8920) Pause Young (G1 Evacuation Pause) 237M->22M(368M) 1,095ms
[2173,028s][info][gc] GC(8921) Pause Young (G1 Evacuation Pause) 237M->22M(368M) 1,817ms
[2173,271s][info][gc] GC(8922) Pause Young (G1 Evacuation Pause) 237M->23M(368M) 1,321ms
[2173,503s][info][gc] GC(8923) Pause Young (G1 Evacuation Pause) 237M->22M(368M) 1,120ms
[2173,735s][info][gc] GC(8924) Pause Young (G1 Evacuation Pause) 237M->22M(368M) 1,209ms
[2173,981s][info][gc] GC(8925) Pause Young (G1 Evacuation Pause) 237M->22M(368M) 1,454ms
[2174,214s][info][gc] GC(8926) Pause Young (G1 Evacuation Pause) 237M->22M(368M) 1,480ms
[2174,447s][info][gc] GC(8927) Pause Young (G1 Evacuation Pause) 236M->22M(368M) 1,363ms
[2174,688s][info][gc] GC(8928) Pause Young (G1 Evacuation Pause) 237M->22M(368M) 2,466ms
[2174,942s][info][gc] GC(8929) Pause Young (G1 Evacuation Pause) 237M->22M(368M) 1,703ms
[2175,196s][info][gc] GC(8930) Pause Young (G1 Evacuation Pause) 237M->22M(368M) 1,813ms
[2175,446s][info][gc] GC(8931) Pause Young (G1 Evacuation Pause) 237M->22M(368M) 2,505ms
[2175,684s][info][gc] GC(8932) Pause Young (G1 Evacuation Pause) 236M->21M(368M) 4,965ms
[2175,916s][info][gc] GC(8933) Pause Young (G1 Evacuation Pause) 236M->22M(368M) 1,105ms
[2176,149s][info][gc] GC(8934) Pause Young (G1 Evacuation Pause) 237M->21M(368M) 1,921ms
[2176,382s][info][gc] GC(8935) Pause Young (G1 Evacuation Pause) 236M->22M(368M) 2,282ms
[2176,615s][info][gc] GC(8936) Pause Young (G1 Evacuation Pause) 237M->22M(368M) 1,094ms
[2176,847s][info][gc] GC(8937) Pause Young (G1 Evacuation Pause) 237M->22M(368M) 1,128ms
[2177,104s][info][gc] GC(8938) Pause Young (G1 Evacuation Pause) 236M->22M(368M) 1,701ms
[2177,358s][info][gc] GC(8939) Pause Young (G1 Evacuation Pause) 237M->22M(368M) 1,790ms
[2177,612s][info][gc] GC(8940) Pause Young (G1 Evacuation Pause) 237M->22M(368M) 1,663ms
[2177,868s][info][gc] GC(8941) Pause Young (G1 Evacuation Pause) 237M->22M(368M) 3,844ms
[2178,134s][info][gc] GC(8942) Pause Young (G1 Evacuation Pause) 237M->22M(368M) 1,836ms
[2178,373s][info][gc] GC(8943) Pause Young (G1 Evacuation Pause) 236M->22M(368M) 3,750ms
[2178,618s][info][gc] GC(8944) Pause Young (G1 Evacuation Pause) 237M->21M(368M) 1,449ms
[2178,851s][info][gc] GC(8945) Pause Young (G1 Evacuation Pause) 236M->22M(368M) 1,446ms
[2179,109s][info][gc] GC(8946) Pause Young (G1 Evacuation Pause) 237M->22M(368M) 1,805ms
[2179,363s][info][gc] GC(8947) Pause Young (G1 Evacuation Pause) 237M->22M(368M) 1,782ms
[2179,597s][info][gc] GC(8948) Pause Young (G1 Evacuation Pause) 236M->22M(368M) 1,468ms
[2179,829s][info][gc] GC(8949) Pause Young (G1 Evacuation Pause) 237M->22M(368M) 1,082ms
[2180,075s][info][gc] GC(8950) Pause Young (G1 Evacuation Pause) 237M->22M(368M) 1,611ms
[2180,308s][info][gc] GC(8951) Pause Young (G1 Evacuation Pause) 237M->22M(368M) 1,437ms
[2180,541s][info][gc] GC(8952) Pause Young (G1 Evacuation Pause) 237M->22M(368M) 1,650ms
[2180,773s][info][gc] GC(8953) Pause Young (G1 Evacuation Pause) 237M->23M(368M) 1,160ms
[2181,025s][info][gc] GC(8954) Pause Young (G1 Evacuation Pause) 237M->22M(368M) 1,661ms
[2181,277s][info][gc] GC(8955) Pause Young (G1 Evacuation Pause) 237M->22M(368M) 1,148ms
[2181,529s][info][gc] GC(8956) Pause Young (G1 Evacuation Pause) 237M->22M(368M) 1,792ms
[2181,785s][info][gc] GC(8957) Pause Young (G1 Evacuation Pause) 237M->22M(368M) 3,282ms
[2182,035s][info][gc] GC(8958) Pause Young (G1 Evacuation Pause) 237M->22M(368M) 1,578ms
[2182,275s][info][gc] GC(8959) Pause Young (G1 Evacuation Pause) 236M->22M(368M) 2,050ms
[2182,530s][info][gc] GC(8960) Pause Young (G1 Evacuation Pause) 237M->22M(368M) 3,909ms
[2182,785s][info][gc] GC(8961) Pause Young (G1 Evacuation Pause) 237M->22M(368M) 1,967ms
[2183,042s][info][gc] GC(8962) Pause Young (G1 Evacuation Pause) 237M->22M(368M) 1,871ms
[2183,287s][info][gc] GC(8963) Pause Young (G1 Evacuation Pause) 237M->22M(368M) 1,143ms
[2183,540s][info][gc] GC(8964) Pause Young (G1 Evacuation Pause) 237M->23M(368M) 1,958ms
[2183,794s][info][gc] GC(8965) Pause Young (G1 Evacuation Pause) 237M->22M(368M) 1,759ms
[2184,056s][info][gc] GC(8966) Pause Young (G1 Evacuation Pause) 237M->22M(368M) 1,776ms
[2184,310s][info][gc] GC(8967) Pause Young (G1 Evacuation Pause) 237M->22M(368M) 1,876ms
[2184,561s][info][gc] GC(8968) Pause Young (G1 Evacuation Pause) 237M->22M(368M) 1,169ms
[2184,793s][info][gc] GC(8969) Pause Young (G1 Evacuation Pause) 236M->22M(368M) 1,022ms
[2185,037s][info][gc] GC(8970) Pause Young (G1 Evacuation Pause) 237M->22M(368M) 1,480ms
[2185,270s][info][gc] GC(8971) Pause Young (G1 Evacuation Pause) 237M->22M(368M) 1,591ms
[2185,504s][info][gc] GC(8972) Pause Young (G1 Evacuation Pause) 237M->22M(368M) 1,517ms
[2185,737s][info][gc] GC(8973) Pause Young (G1 Evacuation Pause) 237M->22M(368M) 1,459ms
[2185,981s][info][gc] GC(8974) Pause Young (G1 Evacuation Pause) 237M->23M(368M) 1,587ms
[2186,234s][info][gc] GC(8975) Pause Young (G1 Evacuation Pause) 237M->22M(368M) 1,667ms
[2186,481s][info][gc] GC(8976) Pause Young (G1 Evacuation Pause) 237M->22M(368M) 1,140ms
[2186,713s][info][gc] GC(8977) Pause Young (G1 Evacuation Pause) 237M->22M(368M) 1,313ms
[2186,947s][info][gc] GC(8978) Pause Young (G1 Evacuation Pause) 237M->22M(368M) 1,545ms
[2187,180s][info][gc] GC(8979) Pause Young (G1 Evacuation Pause) 237M->22M(368M) 1,358ms
[2187,412s][info][gc] GC(8980) Pause Young (G1 Evacuation Pause) 236M->22M(368M) 1,302ms
[2187,645s][info][gc] GC(8981) Pause Young (G1 Evacuation Pause) 237M->22M(368M) 1,339ms
[2187,877s][info][gc] GC(8982) Pause Young (G1 Evacuation Pause) 237M->22M(368M) 1,304ms
[2188,125s][info][gc] GC(8983) Pause Young (G1 Evacuation Pause) 237M->22M(368M) 1,752ms
[2188,360s][info][gc] GC(8984) Pause Young (G1 Evacuation Pause) 237M->22M(368M) 1,201ms
[2188,618s][info][gc] GC(8985) Pause Young (G1 Evacuation Pause) 236M->22M(368M) 1,173ms
[2188,850s][info][gc] GC(8986) Pause Young (G1 Evacuation Pause) 237M->22M(368M) 1,253ms
[2189,116s][info][gc] GC(8987) Pause Young (G1 Evacuation Pause) 237M->22M(368M) 3,259ms
[2189,376s][info][gc] GC(8988) Pause Young (G1 Evacuation Pause) 237M->22M(368M) 1,812ms
[2189,630s][info][gc] GC(8989) Pause Young (G1 Evacuation Pause) 237M->22M(368M) 1,932ms
[2189,884s][info][gc] GC(8990) Pause Young (G1 Evacuation Pause) 236M->22M(368M) 1,621ms
[2190,116s][info][gc] GC(8991) Pause Young (G1 Evacuation Pause) 237M->21M(368M) 1,140ms
[2190,348s][info][gc] GC(8992) Pause Young (G1 Evacuation Pause) 236M->22M(368M) 1,237ms
[2190,591s][info][gc] GC(8993) Pause Young (G1 Evacuation Pause) 237M->22M(368M) 1,109ms
[2190,823s][info][gc] GC(8994) Pause Young (G1 Evacuation Pause) 237M->22M(368M) 1,231ms
[2191,081s][info][gc] GC(8995) Pause Young (G1 Evacuation Pause) 236M->22M(368M) 1,691ms
[2191,335s][info][gc] GC(8996) Pause Young (G1 Evacuation Pause) 237M->22M(368M) 1,578ms
[2191,596s][info][gc] GC(8997) Pause Young (G1 Evacuation Pause) 237M->22M(368M) 1,673ms
[2191,837s][info][gc] GC(8998) Pause Young (G1 Evacuation Pause) 237M->22M(368M) 1,136ms
[2192,093s][info][gc] GC(8999) Pause Young (G1 Evacuation Pause) 237M->22M(368M) 1,971ms
[2192,326s][info][gc] GC(9000) Pause Young (G1 Evacuation Pause) 236M->21M(368M) 1,099ms
[2192,571s][info][gc] GC(9001) Pause Young (G1 Evacuation Pause) 236M->21M(368M) 1,881ms
[2192,803s][info][gc] GC(9002) Pause Young (G1 Evacuation Pause) 236M->22M(368M) 1,223ms
[2193,059s][info][gc] GC(9003) Pause Young (G1 Evacuation Pause) 237M->22M(368M) 1,715ms
[2193,303s][info][gc] GC(9004) Pause Young (G1 Evacuation Pause) 237M->22M(368M) 1,249ms
[2193,536s][info][gc] GC(9005) Pause Young (G1 Evacuation Pause) 237M->22M(368M) 1,142ms
[2193,794s][info][gc] GC(9006) Pause Young (G1 Evacuation Pause) 236M->22M(368M) 1,591ms
[2194,051s][info][gc] GC(9007) Pause Young (G1 Evacuation Pause) 237M->22M(368M) 1,745ms
[2194,305s][info][gc] GC(9008) Pause Young (G1 Evacuation Pause) 237M->22M(368M) 1,653ms
[2194,563s][info][gc] GC(9009) Pause Young (G1 Evacuation Pause) 237M->22M(368M) 1,876ms
[2194,813s][info][gc] GC(9010) Pause Young (G1 Evacuation Pause) 237M->22M(368M) 1,135ms
[2195,061s][info][gc] GC(9011) Pause Young (G1 Evacuation Pause) 237M->23M(368M) 1,551ms
[2195,294s][info][gc] GC(9012) Pause Young (G1 Evacuation Pause) 237M->22M(368M) 1,568ms
[2195,549s][info][gc] GC(9013) Pause Young (G1 Evacuation Pause) 237M->22M(368M) 1,781ms
[2195,783s][info][gc] GC(9014) Pause Young (G1 Evacuation Pause) 237M->22M(368M) 1,374ms
[2196,038s][info][gc] GC(9015) Pause Young (G1 Evacuation Pause) 237M->22M(368M) 2,653ms
[2196,272s][info][gc] GC(9016) Pause Young (G1 Evacuation Pause) 236M->22M(368M) 1,359ms
[2196,521s][info][gc] GC(9017) Pause Young (G1 Evacuation Pause) 237M->21M(368M) 1,727ms
[2196,758s][info][gc] GC(9018) Pause Young (G1 Evacuation Pause) 236M->22M(368M) 1,203ms
[2196,990s][info][gc] GC(9019) Pause Young (G1 Evacuation Pause) 237M->22M(368M) 1,151ms
[2197,254s][info][gc] GC(9020) Pause Young (G1 Evacuation Pause) 237M->22M(368M) 1,820ms
[2197,517s][info][gc] GC(9021) Pause Young (G1 Evacuation Pause) 237M->23M(368M) 1,947ms
[2197,771s][info][gc] GC(9022) Pause Young (G1 Evacuation Pause) 237M->22M(368M) 2,265ms
[2198,028s][info][gc] GC(9023) Pause Young (G1 Evacuation Pause) 237M->22M(368M) 1,782ms
[2198,278s][info][gc] GC(9024) Pause Young (G1 Evacuation Pause) 237M->22M(368M) 2,473ms
[2198,535s][info][gc] GC(9025) Pause Young (G1 Evacuation Pause) 237M->22M(368M) 1,758ms
[2198,790s][info][gc] GC(9026) Pause Young (G1 Evacuation Pause) 237M->22M(368M) 1,230ms
[2199,051s][info][gc] GC(9027) Pause Young (G1 Evacuation Pause) 236M->22M(368M) 1,671ms
[2199,305s][info][gc] GC(9028) Pause Young (G1 Evacuation Pause) 237M->22M(368M) 1,772ms
[2199,563s][info][gc] GC(9029) Pause Young (G1 Evacuation Pause) 237M->22M(368M) 1,685ms
[2199,817s][info][gc] GC(9030) Pause Young (G1 Evacuation Pause) 237M->22M(368M) 1,794ms
[2200,079s][info][gc] GC(9031) Pause Young (G1 Evacuation Pause) 237M->22M(368M) 1,921ms
[2200,340s][info][gc] GC(9032) Pause Young (G1 Evacuation Pause) 237M->23M(368M) 1,966ms
[2200,603s][info][gc] GC(9033) Pause Young (G1 Evacuation Pause) 237M->22M(368M) 1,037ms
[2200,835s][info][gc] GC(9034) Pause Young (G1 Evacuation Pause) 237M->22M(368M) 1,087ms
[2201,084s][info][gc] GC(9035) Pause Young (G1 Evacuation Pause) 237M->22M(368M) 1,396ms
[2201,317s][info][gc] GC(9036) Pause Young (G1 Evacuation Pause) 237M->22M(368M) 1,480ms
[2201,565s][info][gc] GC(9037) Pause Young (G1 Evacuation Pause) 236M->22M(368M) 1,439ms
[2201,799s][info][gc] GC(9038) Pause Young (G1 Evacuation Pause) 237M->22M(368M) 1,029ms
[2202,060s][info][gc] GC(9039) Pause Young (G1 Evacuation Pause) 237M->22M(368M) 1,763ms
[2202,314s][info][gc] GC(9040) Pause Young (G1 Evacuation Pause) 237M->22M(368M) 1,693ms
[2202,551s][info][gc] GC(9041) Pause Young (G1 Evacuation Pause) 237M->22M(368M) 1,429ms
[2202,783s][info][gc] GC(9042) Pause Young (G1 Evacuation Pause) 237M->22M(368M) 1,274ms
[2203,037s][info][gc] GC(9043) Pause Young (G1 Evacuation Pause) 236M->22M(368M) 1,627ms
[2203,279s][info][gc] GC(9044) Pause Young (G1 Evacuation Pause) 237M->22M(368M) 1,163ms
[2203,511s][info][gc] GC(9045) Pause Young (G1 Evacuation Pause) 237M->22M(368M) 1,251ms
[2203,743s][info][gc] GC(9046) Pause Young (G1 Evacuation Pause) 237M->22M(368M) 1,198ms
[2203,986s][info][gc] GC(9047) Pause Young (G1 Evacuation Pause) 236M->21M(368M) 1,303ms
[2204,218s][info][gc] GC(9048) Pause Young (G1 Evacuation Pause) 236M->22M(368M) 1,399ms
[2204,459s][info][gc] GC(9049) Pause Young (G1 Evacuation Pause) 237M->22M(368M) 1,342ms
[2204,702s][info][gc] GC(9050) Pause Young (G1 Evacuation Pause) 237M->22M(368M) 1,710ms
[2204,949s][info][gc] GC(9051) Pause Young (G1 Evacuation Pause) 237M->22M(368M) 1,822ms
[2205,182s][info][gc] GC(9052) Pause Young (G1 Evacuation Pause) 237M->22M(368M) 1,279ms
[2205,415s][info][gc] GC(9053) Pause Young (G1 Evacuation Pause) 237M->22M(368M) 2,222ms
[2205,673s][info][gc] GC(9054) Pause Young (G1 Evacuation Pause) 236M->22M(368M) 1,765ms
[2205,932s][info][gc] GC(9055) Pause Young (G1 Evacuation Pause) 237M->22M(368M) 1,217ms
[2206,164s][info][gc] GC(9056) Pause Young (G1 Evacuation Pause) 237M->22M(368M) 1,127ms
[2206,427s][info][gc] GC(9057) Pause Young (G1 Evacuation Pause) 237M->22M(368M) 1,328ms
[2206,659s][info][gc] GC(9058) Pause Young (G1 Evacuation Pause) 236M->22M(368M) 1,332ms
[2206,893s][info][gc] GC(9059) Pause Young (G1 Evacuation Pause) 237M->22M(368M) 1,319ms
[2207,127s][info][gc] GC(9060) Pause Young (G1 Evacuation Pause) 237M->22M(368M) 1,744ms
[2207,362s][info][gc] GC(9061) Pause Young (G1 Evacuation Pause) 237M->22M(368M) 1,088ms
[2207,594s][info][gc] GC(9062) Pause Young (G1 Evacuation Pause) 237M->22M(368M) 1,283ms
[2207,826s][info][gc] GC(9063) Pause Young (G1 Evacuation Pause) 237M->23M(368M) 1,318ms
[2208,087s][info][gc] GC(9064) Pause Young (G1 Evacuation Pause) 237M->22M(368M) 2,360ms
[2208,322s][info][gc] GC(9065) Pause Young (G1 Evacuation Pause) 237M->22M(368M) 1,859ms
[2208,567s][info][gc] GC(9066) Pause Young (G1 Evacuation Pause) 237M->22M(368M) 2,127ms
[2208,809s][info][gc] GC(9067) Pause Young (G1 Evacuation Pause) 237M->22M(368M) 1,535ms
[2209,044s][info][gc] GC(9068) Pause Young (G1 Evacuation Pause) 237M->22M(368M) 1,294ms
[2209,296s][info][gc] GC(9069) Pause Young (G1 Evacuation Pause) 236M->22M(368M) 1,477ms
[2209,531s][info][gc] GC(9070) Pause Young (G1 Evacuation Pause) 237M->22M(368M) 1,891ms
[2209,784s][info][gc] GC(9071) Pause Young (G1 Evacuation Pause) 237M->22M(368M) 1,378ms
[2210,018s][info][gc] GC(9072) Pause Young (G1 Evacuation Pause) 237M->22M(368M) 1,286ms
[2210,253s][info][gc] GC(9073) Pause Young (G1 Evacuation Pause) 237M->22M(368M) 1,310ms
[2210,486s][info][gc] GC(9074) Pause Young (G1 Evacuation Pause) 236M->22M(368M) 1,405ms
[2210,719s][info][gc] GC(9075) Pause Young (G1 Evacuation Pause) 237M->22M(368M) 1,211ms
[2210,968s][info][gc] GC(9076) Pause Young (G1 Evacuation Pause) 237M->22M(368M) 1,768ms
[2211,225s][info][gc] GC(9077) Pause Young (G1 Evacuation Pause) 237M->22M(368M) 2,492ms
[2211,480s][info][gc] GC(9078) Pause Young (G1 Evacuation Pause) 237M->22M(368M) 2,206ms
[2211,718s][info][gc] GC(9079) Pause Young (G1 Evacuation Pause) 237M->23M(368M) 1,681ms
[2211,969s][info][gc] GC(9080) Pause Young (G1 Evacuation Pause) 237M->22M(368M) 1,557ms
[2212,225s][info][gc] GC(9081) Pause Young (G1 Evacuation Pause) 237M->22M(368M) 1,808ms
[2212,480s][info][gc] GC(9082) Pause Young (G1 Evacuation Pause) 237M->22M(368M) 1,763ms
[2212,733s][info][gc] GC(9083) Pause Young (G1 Evacuation Pause) 237M->22M(368M) 1,894ms
[2212,984s][info][gc] GC(9084) Pause Young (G1 Evacuation Pause) 236M->21M(368M) 1,753ms
[2213,231s][info][gc] GC(9085) Pause Young (G1 Evacuation Pause) 236M->22M(368M) 1,069ms
[2213,484s][info][gc] GC(9086) Pause Young (G1 Evacuation Pause) 237M->22M(368M) 1,527ms
[2213,726s][info][gc] GC(9087) Pause Young (G1 Evacuation Pause) 237M->22M(368M) 1,588ms
[2213,976s][info][gc] GC(9088) Pause Young (G1 Evacuation Pause) 237M->22M(368M) 1,568ms
[2214,209s][info][gc] GC(9089) Pause Young (G1 Evacuation Pause) 237M->22M(368M) 1,795ms
[2214,442s][info][gc] GC(9090) Pause Young (G1 Evacuation Pause) 236M->22M(368M) 1,933ms
[2214,674s][info][gc] GC(9091) Pause Young (G1 Evacuation Pause) 237M->22M(368M) 1,248ms
[2214,926s][info][gc] GC(9092) Pause Young (G1 Evacuation Pause) 237M->22M(368M) 2,952ms
[2215,161s][info][gc] GC(9093) Pause Young (G1 Evacuation Pause) 237M->22M(368M) 1,400ms
[2215,402s][info][gc] GC(9094) Pause Young (G1 Evacuation Pause) 237M->22M(368M) 1,528ms
[2215,634s][info][gc] GC(9095) Pause Young (G1 Evacuation Pause) 236M->22M(368M) 1,324ms
[2215,873s][info][gc] GC(9096) Pause Young (G1 Evacuation Pause) 237M->22M(368M) 4,999ms
[2216,110s][info][gc] GC(9097) Pause Young (G1 Evacuation Pause) 237M->22M(368M) 1,217ms
[2216,353s][info][gc] GC(9098) Pause Young (G1 Evacuation Pause) 237M->22M(368M) 1,568ms
[2216,585s][info][gc] GC(9099) Pause Young (G1 Evacuation Pause) 237M->22M(368M) 1,264ms
[2216,850s][info][gc] GC(9100) Pause Young (G1 Evacuation Pause) 236M->22M(368M) 1,488ms
[2217,109s][info][gc] GC(9101) Pause Young (G1 Evacuation Pause) 237M->22M(368M) 1,736ms
[2217,363s][info][gc] GC(9102) Pause Young (G1 Evacuation Pause) 237M->22M(368M) 4,014ms
[2217,617s][info][gc] GC(9103) Pause Young (G1 Evacuation Pause) 237M->22M(368M) 1,656ms
[2217,870s][info][gc] GC(9104) Pause Young (G1 Evacuation Pause) 237M->22M(368M) 1,786ms
[2218,124s][info][gc] GC(9105) Pause Young (G1 Evacuation Pause) 236M->22M(368M) 1,805ms
[2218,359s][info][gc] GC(9106) Pause Young (G1 Evacuation Pause) 237M->22M(368M) 1,102ms
[2218,591s][info][gc] GC(9107) Pause Young (G1 Evacuation Pause) 237M->22M(368M) 1,381ms
[2218,825s][info][gc] GC(9108) Pause Young (G1 Evacuation Pause) 237M->22M(368M) 1,414ms
[2219,076s][info][gc] GC(9109) Pause Young (G1 Evacuation Pause) 237M->22M(368M) 1,905ms
[2219,316s][info][gc] GC(9110) Pause Young (G1 Evacuation Pause) 237M->22M(368M) 1,133ms
[2219,548s][info][gc] GC(9111) Pause Young (G1 Evacuation Pause) 236M->22M(368M) 1,181ms
[2219,780s][info][gc] GC(9112) Pause Young (G1 Evacuation Pause) 237M->22M(368M) 1,177ms
[2220,012s][info][gc] GC(9113) Pause Young (G1 Evacuation Pause) 237M->22M(368M) 1,165ms
[2220,252s][info][gc] GC(9114) Pause Young (G1 Evacuation Pause) 237M->22M(368M) 1,418ms
[2220,501s][info][gc] GC(9115) Pause Young (G1 Evacuation Pause) 237M->22M(368M) 1,589ms
[2220,741s][info][gc] GC(9116) Pause Young (G1 Evacuation Pause) 236M->22M(368M) 1,151ms
[2220,983s][info][gc] GC(9117) Pause Young (G1 Evacuation Pause) 237M->22M(368M) 1,510ms
[2221,241s][info][gc] GC(9118) Pause Young (G1 Evacuation Pause) 237M->22M(368M) 1,767ms
[2221,501s][info][gc] GC(9119) Pause Young (G1 Evacuation Pause) 237M->22M(368M) 1,665ms
[2221,745s][info][gc] GC(9120) Pause Young (G1 Evacuation Pause) 237M->22M(368M) 1,174ms
[2221,977s][info][gc] GC(9121) Pause Young (G1 Evacuation Pause) 236M->22M(368M) 1,130ms
[2222,218s][info][gc] GC(9122) Pause Young (G1 Evacuation Pause) 237M->22M(368M) 3,833ms
[2222,469s][info][gc] GC(9123) Pause Young (G1 Evacuation Pause) 237M->22M(368M) 1,864ms
[2222,723s][info][gc] GC(9124) Pause Young (G1 Evacuation Pause) 237M->22M(368M) 1,644ms
[2222,980s][info][gc] GC(9125) Pause Young (G1 Evacuation Pause) 237M->22M(368M) 1,898ms
[2223,212s][info][gc] GC(9126) Pause Young (G1 Evacuation Pause) 236M->22M(368M) 1,036ms
[2223,444s][info][gc] GC(9127) Pause Young (G1 Evacuation Pause) 237M->22M(368M) 1,112ms
[2223,676s][info][gc] GC(9128) Pause Young (G1 Evacuation Pause) 237M->22M(368M) 1,340ms
[2223,909s][info][gc] GC(9129) Pause Young (G1 Evacuation Pause) 237M->22M(368M) 1,289ms
[2224,148s][info][gc] GC(9130) Pause Young (G1 Evacuation Pause) 237M->22M(368M) 1,264ms
[2224,389s][info][gc] GC(9131) Pause Young (G1 Evacuation Pause) 237M->22M(368M) 4,116ms
[2224,638s][info][gc] GC(9132) Pause Young (G1 Evacuation Pause) 236M->21M(368M) 1,242ms
[2224,870s][info][gc] GC(9133) Pause Young (G1 Evacuation Pause) 236M->22M(368M) 1,067ms
[2225,102s][info][gc] GC(9134) Pause Young (G1 Evacuation Pause) 237M->22M(368M) 1,133ms
[2225,345s][info][gc] GC(9135) Pause Young (G1 Evacuation Pause) 237M->22M(368M) 1,292ms
[2225,621s][info][gc] GC(9136) Pause Young (G1 Evacuation Pause) 237M->22M(368M) 1,955ms
[2225,855s][info][gc] GC(9137) Pause Young (G1 Evacuation Pause) 236M->22M(368M) 1,212ms
[2226,095s][info][gc] GC(9138) Pause Young (G1 Evacuation Pause) 237M->22M(368M) 1,272ms
[2226,327s][info][gc] GC(9139) Pause Young (G1 Evacuation Pause) 237M->22M(368M) 1,253ms
[2226,585s][info][gc] GC(9140) Pause Young (G1 Evacuation Pause) 237M->22M(368M) 1,875ms
[2226,836s][info][gc] GC(9141) Pause Young (G1 Evacuation Pause) 237M->22M(368M) 1,572ms
[2227,068s][info][gc] GC(9142) Pause Young (G1 Evacuation Pause) 237M->23M(368M) 1,208ms
[2227,304s][info][gc] GC(9143) Pause Young (G1 Evacuation Pause) 237M->22M(368M) 2,003ms
[2227,564s][info][gc] GC(9144) Pause Young (G1 Evacuation Pause) 237M->22M(368M) 1,704ms
[2227,818s][info][gc] GC(9145) Pause Young (G1 Evacuation Pause) 237M->22M(368M) 1,803ms
[2228,077s][info][gc] GC(9146) Pause Young (G1 Evacuation Pause) 237M->22M(368M) 1,777ms
[2228,323s][info][gc] GC(9147) Pause Young (G1 Evacuation Pause) 237M->23M(368M) 1,582ms
[2228,556s][info][gc] GC(9148) Pause Young (G1 Evacuation Pause) 237M->22M(368M) 1,419ms
[2228,794s][info][gc] GC(9149) Pause Young (G1 Evacuation Pause) 237M->22M(368M) 1,194ms
[2229,050s][info][gc] GC(9150) Pause Young (G1 Evacuation Pause) 237M->22M(368M) 3,587ms
[2229,288s][info][gc] GC(9151) Pause Young (G1 Evacuation Pause) 237M->22M(368M) 2,899ms
[2229,530s][info][gc] GC(9152) Pause Young (G1 Evacuation Pause) 236M->21M(368M) 1,834ms
[2229,784s][info][gc] GC(9153) Pause Young (G1 Evacuation Pause) 236M->22M(368M) 1,824ms
[2230,038s][info][gc] GC(9154) Pause Young (G1 Evacuation Pause) 237M->22M(368M) 1,912ms
[2230,292s][info][gc] GC(9155) Pause Young (G1 Evacuation Pause) 237M->22M(368M) 1,912ms
[2230,552s][info][gc] GC(9156) Pause Young (G1 Evacuation Pause) 237M->22M(368M) 1,780ms
[2230,795s][info][gc] GC(9157) Pause Young (G1 Evacuation Pause) 237M->22M(368M) 1,331ms
[2231,027s][info][gc] GC(9158) Pause Young (G1 Evacuation Pause) 236M->22M(368M) 1,215ms
[2231,259s][info][gc] GC(9159) Pause Young (G1 Evacuation Pause) 237M->22M(368M) 1,262ms
[2231,491s][info][gc] GC(9160) Pause Young (G1 Evacuation Pause) 237M->22M(368M) 1,252ms
[2231,723s][info][gc] GC(9161) Pause Young (G1 Evacuation Pause) 237M->22M(368M) 1,155ms
[2231,970s][info][gc] GC(9162) Pause Young (G1 Evacuation Pause) 237M->22M(368M) 1,865ms
[2232,203s][info][gc] GC(9163) Pause Young (G1 Evacuation Pause) 237M->23M(368M) 1,304ms
[2232,446s][info][gc] GC(9164) Pause Young (G1 Evacuation Pause) 237M->22M(368M) 1,182ms
[2232,678s][info][gc] GC(9165) Pause Young (G1 Evacuation Pause) 237M->22M(368M) 1,081ms
[2232,910s][info][gc] GC(9166) Pause Young (G1 Evacuation Pause) 237M->22M(368M) 1,100ms
[2233,142s][info][gc] GC(9167) Pause Young (G1 Evacuation Pause) 237M->22M(368M) 1,266ms
[2233,382s][info][gc] GC(9168) Pause Young (G1 Evacuation Pause) 237M->23M(368M) 4,195ms
[2233,661s][info][gc] GC(9169) Pause Young (G1 Evacuation Pause) 237M->22M(368M) 1,968ms
[2233,920s][info][gc] GC(9170) Pause Young (G1 Evacuation Pause) 237M->22M(368M) 2,900ms
[2234,154s][info][gc] GC(9171) Pause Young (G1 Evacuation Pause) 237M->22M(368M) 1,531ms
[2234,397s][info][gc] GC(9172) Pause Young (G1 Evacuation Pause) 237M->22M(368M) 2,360ms
[2234,632s][info][gc] GC(9173) Pause Young (G1 Evacuation Pause) 237M->23M(368M) 1,529ms
[2234,870s][info][gc] GC(9174) Pause Young (G1 Evacuation Pause) 237M->22M(368M) 3,729ms
[2235,134s][info][gc] GC(9175) Pause Young (G1 Evacuation Pause) 237M->22M(368M) 1,588ms
[2235,371s][info][gc] GC(9176) Pause Young (G1 Evacuation Pause) 237M->22M(368M) 3,944ms
[2235,629s][info][gc] GC(9177) Pause Young (G1 Evacuation Pause) 237M->22M(368M) 1,795ms
[2235,894s][info][gc] GC(9178) Pause Young (G1 Evacuation Pause) 237M->22M(368M) 2,317ms
[2236,148s][info][gc] GC(9179) Pause Young (G1 Evacuation Pause) 236M->22M(368M) 1,593ms
[2236,404s][info][gc] GC(9180) Pause Young (G1 Evacuation Pause) 237M->22M(368M) 1,473ms
[2236,636s][info][gc] GC(9181) Pause Young (G1 Evacuation Pause) 237M->22M(368M) 1,128ms
[2236,873s][info][gc] GC(9182) Pause Young (G1 Evacuation Pause) 237M->22M(368M) 3,915ms
[2237,131s][info][gc] GC(9183) Pause Young (G1 Evacuation Pause) 237M->22M(368M) 1,766ms
[2237,385s][info][gc] GC(9184) Pause Young (G1 Evacuation Pause) 236M->22M(368M) 1,674ms
[2237,640s][info][gc] GC(9185) Pause Young (G1 Evacuation Pause) 237M->22M(368M) 2,171ms
[2237,902s][info][gc] GC(9186) Pause Young (G1 Evacuation Pause) 237M->22M(368M) 2,373ms
[2238,136s][info][gc] GC(9187) Pause Young (G1 Evacuation Pause) 237M->22M(368M) 1,384ms
[2238,368s][info][gc] GC(9188) Pause Young (G1 Evacuation Pause) 237M->22M(368M) 1,182ms
[2238,600s][info][gc] GC(9189) Pause Young (G1 Evacuation Pause) 237M->23M(368M) 1,332ms
[2238,832s][info][gc] GC(9190) Pause Young (G1 Evacuation Pause) 237M->22M(368M) 1,182ms
[2239,105s][info][gc] GC(9191) Pause Young (G1 Evacuation Pause) 237M->22M(368M) 3,921ms
[2239,374s][info][gc] GC(9192) Pause Young (G1 Evacuation Pause) 237M->22M(368M) 4,036ms
[2239,610s][info][gc] GC(9193) Pause Young (G1 Evacuation Pause) 237M->22M(368M) 1,568ms
[2239,843s][info][gc] GC(9194) Pause Young (G1 Evacuation Pause) 237M->23M(368M) 1,565ms
[2240,103s][info][gc] GC(9195) Pause Young (G1 Evacuation Pause) 237M->21M(368M) 2,366ms
[2240,368s][info][gc] GC(9196) Pause Young (G1 Evacuation Pause) 236M->22M(368M) 3,917ms
[2240,611s][info][gc] GC(9197) Pause Young (G1 Evacuation Pause) 237M->22M(368M) 1,122ms
[2240,843s][info][gc] GC(9198) Pause Young (G1 Evacuation Pause) 237M->22M(368M) 1,235ms
[2241,075s][info][gc] GC(9199) Pause Young (G1 Evacuation Pause) 237M->22M(368M) 1,269ms
[2241,312s][info][gc] GC(9200) Pause Young (G1 Evacuation Pause) 236M->22M(368M) 3,970ms
[2241,555s][info][gc] GC(9201) Pause Young (G1 Evacuation Pause) 237M->22M(368M) 1,492ms
[2241,788s][info][gc] GC(9202) Pause Young (G1 Evacuation Pause) 237M->22M(368M) 1,587ms
[2242,020s][info][gc] GC(9203) Pause Young (G1 Evacuation Pause) 237M->22M(368M) 1,244ms
[2242,252s][info][gc] GC(9204) Pause Young (G1 Evacuation Pause) 236M->21M(368M) 1,134ms
[2242,499s][info][gc] GC(9205) Pause Young (G1 Evacuation Pause) 236M->22M(368M) 1,545ms
[2242,746s][info][gc] GC(9206) Pause Young (G1 Evacuation Pause) 237M->22M(368M) 1,577ms
[2243,013s][info][gc] GC(9207) Pause Young (G1 Evacuation Pause) 237M->22M(368M) 2,340ms
[2243,252s][info][gc] GC(9208) Pause Young (G1 Evacuation Pause) 237M->22M(368M) 1,381ms
[2243,505s][info][gc] GC(9209) Pause Young (G1 Evacuation Pause) 237M->22M(368M) 1,785ms
[2243,766s][info][gc] GC(9210) Pause Young (G1 Evacuation Pause) 236M->22M(368M) 1,844ms
[2244,048s][info][gc] GC(9211) Pause Young (G1 Evacuation Pause) 237M->21M(368M) 3,473ms
[2244,280s][info][gc] GC(9212) Pause Young (G1 Evacuation Pause) 236M->22M(368M) 1,209ms
[2244,512s][info][gc] GC(9213) Pause Young (G1 Evacuation Pause) 237M->22M(368M) 1,137ms
[2244,744s][info][gc] GC(9214) Pause Young (G1 Evacuation Pause) 237M->22M(368M) 1,207ms
[2244,992s][info][gc] GC(9215) Pause Young (G1 Evacuation Pause) 237M->23M(368M) 1,956ms
[2245,233s][info][gc] GC(9216) Pause Young (G1 Evacuation Pause) 237M->22M(368M) 1,454ms
[2245,466s][info][gc] GC(9217) Pause Young (G1 Evacuation Pause) 237M->22M(368M) 1,390ms
[2245,700s][info][gc] GC(9218) Pause Young (G1 Evacuation Pause) 237M->22M(368M) 1,395ms
[2245,946s][info][gc] GC(9219) Pause Young (G1 Evacuation Pause) 237M->22M(368M) 1,795ms
[2246,200s][info][gc] GC(9220) Pause Young (G1 Evacuation Pause) 237M->22M(368M) 1,922ms
[2246,470s][info][gc] GC(9221) Pause Young (G1 Evacuation Pause) 236M->22M(368M) 1,610ms
[2246,715s][info][gc] GC(9222) Pause Young (G1 Evacuation Pause) 237M->22M(368M) 1,169ms
[2246,956s][info][gc] GC(9223) Pause Young (G1 Evacuation Pause) 237M->22M(368M) 1,589ms
[2247,189s][info][gc] GC(9224) Pause Young (G1 Evacuation Pause) 237M->22M(368M) 1,538ms
[2247,421s][info][gc] GC(9225) Pause Young (G1 Evacuation Pause) 237M->22M(368M) 1,187ms
[2247,653s][info][gc] GC(9226) Pause Young (G1 Evacuation Pause) 237M->23M(368M) 1,306ms
[2247,885s][info][gc] GC(9227) Pause Young (G1 Evacuation Pause) 237M->22M(368M) 1,214ms
[2248,117s][info][gc] GC(9228) Pause Young (G1 Evacuation Pause) 237M->22M(368M) 1,222ms
[2248,349s][info][gc] GC(9229) Pause Young (G1 Evacuation Pause) 237M->22M(368M) 1,292ms
[2248,604s][info][gc] GC(9230) Pause Young (G1 Evacuation Pause) 237M->22M(368M) 1,236ms
[2248,836s][info][gc] GC(9231) Pause Young (G1 Evacuation Pause) 236M->22M(368M) 1,125ms
[2249,069s][info][gc] GC(9232) Pause Young (G1 Evacuation Pause) 237M->22M(368M) 1,288ms
[2249,301s][info][gc] GC(9233) Pause Young (G1 Evacuation Pause) 237M->22M(368M) 1,174ms
[2249,552s][info][gc] GC(9234) Pause Young (G1 Evacuation Pause) 237M->22M(368M) 1,393ms
[2249,786s][info][gc] GC(9235) Pause Young (G1 Evacuation Pause) 237M->22M(368M) 1,306ms
[2250,048s][info][gc] GC(9236) Pause Young (G1 Evacuation Pause) 237M->23M(368M) 2,086ms
[2250,301s][info][gc] GC(9237) Pause Young (G1 Evacuation Pause) 237M->22M(368M) 1,797ms
[2250,548s][info][gc] GC(9238) Pause Young (G1 Evacuation Pause) 237M->22M(368M) 1,359ms
[2250,808s][info][gc] GC(9239) Pause Young (G1 Evacuation Pause) 237M->22M(368M) 1,230ms
[2251,064s][info][gc] GC(9240) Pause Young (G1 Evacuation Pause) 237M->22M(368M) 1,885ms
[2251,319s][info][gc] GC(9241) Pause Young (G1 Evacuation Pause) 237M->22M(368M) 2,001ms
[2251,583s][info][gc] GC(9242) Pause Young (G1 Evacuation Pause) 236M->22M(368M) 2,290ms
[2251,837s][info][gc] GC(9243) Pause Young (G1 Evacuation Pause) 237M->22M(368M) 1,780ms
[2252,091s][info][gc] GC(9244) Pause Young (G1 Evacuation Pause) 237M->22M(368M) 1,776ms
[2252,330s][info][gc] GC(9245) Pause Young (G1 Evacuation Pause) 237M->22M(368M) 1,243ms
[2252,562s][info][gc] GC(9246) Pause Young (G1 Evacuation Pause) 237M->22M(368M) 1,299ms
[2252,794s][info][gc] GC(9247) Pause Young (G1 Evacuation Pause) 236M->22M(368M) 1,162ms
[2253,050s][info][gc] GC(9248) Pause Young (G1 Evacuation Pause) 237M->22M(368M) 1,827ms
[2253,302s][info][gc] GC(9249) Pause Young (G1 Evacuation Pause) 237M->22M(368M) 2,343ms
[2253,536s][info][gc] GC(9250) Pause Young (G1 Evacuation Pause) 237M->22M(368M) 1,452ms
[2253,769s][info][gc] GC(9251) Pause Young (G1 Evacuation Pause) 237M->22M(368M) 1,605ms
[2254,001s][info][gc] GC(9252) Pause Young (G1 Evacuation Pause) 236M->22M(368M) 1,145ms
[2254,233s][info][gc] GC(9253) Pause Young (G1 Evacuation Pause) 237M->22M(368M) 1,030ms
[2254,487s][info][gc] GC(9254) Pause Young (G1 Evacuation Pause) 237M->22M(368M) 1,431ms
[2254,740s][info][gc] GC(9255) Pause Young (G1 Evacuation Pause) 237M->22M(368M) 1,911ms
[2254,999s][info][gc] GC(9256) Pause Young (G1 Evacuation Pause) 237M->22M(368M) 1,256ms
[2255,231s][info][gc] GC(9257) Pause Young (G1 Evacuation Pause) 237M->23M(368M) 1,300ms
[2255,472s][info][gc] GC(9258) Pause Young (G1 Evacuation Pause) 237M->22M(368M) 1,508ms
[2255,704s][info][gc] GC(9259) Pause Young (G1 Evacuation Pause) 237M->22M(368M) 1,104ms
[2255,971s][info][gc] GC(9260) Pause Young (G1 Evacuation Pause) 237M->22M(368M) 1,377ms
[2256,203s][info][gc] GC(9261) Pause Young (G1 Evacuation Pause) 237M->22M(368M) 1,250ms
[2256,445s][info][gc] GC(9262) Pause Young (G1 Evacuation Pause) 237M->23M(368M) 1,315ms
[2256,695s][info][gc] GC(9263) Pause Young (G1 Evacuation Pause) 237M->22M(368M) 1,549ms
[2256,929s][info][gc] GC(9264) Pause Young (G1 Evacuation Pause) 237M->22M(368M) 1,504ms
[2257,174s][info][gc] GC(9265) Pause Young (G1 Evacuation Pause) 237M->22M(368M) 4,082ms
[2257,439s][info][gc] GC(9266) Pause Young (G1 Evacuation Pause) 237M->22M(368M) 2,395ms
[2257,683s][info][gc] GC(9267) Pause Young (G1 Evacuation Pause) 237M->22M(368M) 1,655ms
[2257,926s][info][gc] GC(9268) Pause Young (G1 Evacuation Pause) 236M->22M(368M) 1,566ms
[2258,173s][info][gc] GC(9269) Pause Young (G1 Evacuation Pause) 237M->21M(368M) 1,992ms
[2258,415s][info][gc] GC(9270) Pause Young (G1 Evacuation Pause) 236M->22M(368M) 1,766ms
[2258,656s][info][gc] GC(9271) Pause Young (G1 Evacuation Pause) 237M->22M(368M) 1,615ms
[2258,890s][info][gc] GC(9272) Pause Young (G1 Evacuation Pause) 237M->22M(368M) 1,446ms
[2259,148s][info][gc] GC(9273) Pause Young (G1 Evacuation Pause) 236M->22M(368M) 1,754ms
[2259,409s][info][gc] GC(9274) Pause Young (G1 Evacuation Pause) 237M->22M(368M) 2,404ms
[2259,645s][info][gc] GC(9275) Pause Young (G1 Evacuation Pause) 237M->22M(368M) 1,523ms
[2259,885s][info][gc] GC(9276) Pause Young (G1 Evacuation Pause) 237M->22M(368M) 3,337ms
[2260,120s][info][gc] GC(9277) Pause Young (G1 Evacuation Pause) 237M->22M(368M) 1,577ms
[2260,353s][info][gc] GC(9278) Pause Young (G1 Evacuation Pause) 237M->23M(368M) 1,696ms
[2260,612s][info][gc] GC(9279) Pause Young (G1 Evacuation Pause) 237M->22M(368M) 1,056ms
[2260,875s][info][gc] GC(9280) Pause Young (G1 Evacuation Pause) 237M->22M(368M) 3,257ms
[2261,130s][info][gc] GC(9281) Pause Young (G1 Evacuation Pause) 237M->22M(368M) 1,681ms
[2261,393s][info][gc] GC(9282) Pause Young (G1 Evacuation Pause) 237M->22M(368M) 5,440ms
[2261,626s][info][gc] GC(9283) Pause Young (G1 Evacuation Pause) 237M->22M(368M) 1,882ms
[2261,858s][info][gc] GC(9284) Pause Young (G1 Evacuation Pause) 236M->22M(368M) 1,072ms
[2262,124s][info][gc] GC(9285) Pause Young (G1 Evacuation Pause) 237M->22M(368M) 2,069ms
[2262,382s][info][gc] GC(9286) Pause Young (G1 Evacuation Pause) 237M->22M(368M) 3,865ms
[2262,633s][info][gc] GC(9287) Pause Young (G1 Evacuation Pause) 237M->22M(368M) 1,354ms
[2262,870s][info][gc] GC(9288) Pause Young (G1 Evacuation Pause) 237M->22M(368M) 4,462ms
[2263,126s][info][gc] GC(9289) Pause Young (G1 Evacuation Pause) 236M->22M(368M) 1,596ms
[2263,366s][info][gc] GC(9290) Pause Young (G1 Evacuation Pause) 237M->22M(368M) 3,900ms
[2263,624s][info][gc] GC(9291) Pause Young (G1 Evacuation Pause) 237M->22M(368M) 1,877ms
[2263,870s][info][gc] GC(9292) Pause Young (G1 Evacuation Pause) 237M->22M(368M) 6,106ms
[2264,135s][info][gc] GC(9293) Pause Young (G1 Evacuation Pause) 237M->22M(368M) 1,927ms
[2264,387s][info][gc] GC(9294) Pause Young (G1 Evacuation Pause) 237M->23M(368M) 4,294ms
[2264,637s][info][gc] GC(9295) Pause Young (G1 Evacuation Pause) 237M->21M(368M) 3,606ms
[2264,874s][info][gc] GC(9296) Pause Young (G1 Evacuation Pause) 236M->22M(368M) 3,997ms
[2265,133s][info][gc] GC(9297) Pause Young (G1 Evacuation Pause) 237M->22M(368M) 1,921ms
[2265,393s][info][gc] GC(9298) Pause Young (G1 Evacuation Pause) 237M->22M(368M) 2,276ms
[2265,646s][info][gc] GC(9299) Pause Young (G1 Evacuation Pause) 237M->22M(368M) 3,246ms
[2265,886s][info][gc] GC(9300) Pause Young (G1 Evacuation Pause) 236M->22M(368M) 2,985ms
[2266,144s][info][gc] GC(9301) Pause Young (G1 Evacuation Pause) 237M->22M(368M) 1,701ms
[2266,402s][info][gc] GC(9302) Pause Young (G1 Evacuation Pause) 237M->22M(368M) 2,942ms
[2266,637s][info][gc] GC(9303) Pause Young (G1 Evacuation Pause) 237M->22M(368M) 2,378ms
[2266,869s][info][gc] GC(9304) Pause Young (G1 Evacuation Pause) 237M->23M(368M) 1,245ms
[2267,101s][info][gc] GC(9305) Pause Young (G1 Evacuation Pause) 237M->22M(368M) 1,081ms
[2267,333s][info][gc] GC(9306) Pause Young (G1 Evacuation Pause) 237M->22M(368M) 1,211ms
[2267,581s][info][gc] GC(9307) Pause Young (G1 Evacuation Pause) 237M->22M(368M) 1,470ms
[2267,814s][info][gc] GC(9308) Pause Young (G1 Evacuation Pause) 237M->22M(368M) 1,594ms
[2268,046s][info][gc] GC(9309) Pause Young (G1 Evacuation Pause) 236M->21M(368M) 1,155ms
[2268,278s][info][gc] GC(9310) Pause Young (G1 Evacuation Pause) 236M->22M(368M) 1,046ms
[2268,516s][info][gc] GC(9311) Pause Young (G1 Evacuation Pause) 237M->22M(368M) 1,086ms
[2268,776s][info][gc] GC(9312) Pause Young (G1 Evacuation Pause) 237M->22M(368M) 1,740ms
[2269,033s][info][gc] GC(9313) Pause Young (G1 Evacuation Pause) 237M->22M(368M) 1,562ms
[2269,285s][info][gc] GC(9314) Pause Young (G1 Evacuation Pause) 237M->22M(368M) 1,849ms
[2269,539s][info][gc] GC(9315) Pause Young (G1 Evacuation Pause) 236M->22M(368M) 1,591ms
[2269,793s][info][gc] GC(9316) Pause Young (G1 Evacuation Pause) 237M->22M(368M) 1,820ms
[2270,052s][info][gc] GC(9317) Pause Young (G1 Evacuation Pause) 237M->22M(368M) 1,755ms
[2270,306s][info][gc] GC(9318) Pause Young (G1 Evacuation Pause) 237M->22M(368M) 1,831ms
[2270,568s][info][gc] GC(9319) Pause Young (G1 Evacuation Pause) 237M->23M(368M) 3,283ms
[2270,822s][info][gc] GC(9320) Pause Young (G1 Evacuation Pause) 237M->21M(368M) 2,878ms
[2271,056s][info][gc] GC(9321) Pause Young (G1 Evacuation Pause) 236M->22M(368M) 1,378ms
[2271,294s][info][gc] GC(9322) Pause Young (G1 Evacuation Pause) 237M->22M(368M) 6,404ms
[2271,526s][info][gc] GC(9323) Pause Young (G1 Evacuation Pause) 237M->22M(368M) 1,236ms
[2271,784s][info][gc] GC(9324) Pause Young (G1 Evacuation Pause) 237M->22M(368M) 1,418ms
[2272,023s][info][gc] GC(9325) Pause Young (G1 Evacuation Pause) 237M->23M(368M) 2,053ms
[2272,276s][info][gc] GC(9326) Pause Young (G1 Evacuation Pause) 237M->22M(368M) 1,948ms
[2272,521s][info][gc] GC(9327) Pause Young (G1 Evacuation Pause) 237M->22M(368M) 1,231ms
[2272,753s][info][gc] GC(9328) Pause Young (G1 Evacuation Pause) 237M->22M(368M) 1,066ms
[2273,009s][info][gc] GC(9329) Pause Young (G1 Evacuation Pause) 237M->22M(368M) 1,918ms
[2273,254s][info][gc] GC(9330) Pause Young (G1 Evacuation Pause) 237M->23M(368M) 1,328ms
[2273,487s][info][gc] GC(9331) Pause Young (G1 Evacuation Pause) 237M->22M(368M) 1,516ms
[2273,745s][info][gc] GC(9332) Pause Young (G1 Evacuation Pause) 237M->22M(368M) 3,192ms
[2273,995s][info][gc] GC(9333) Pause Young (G1 Evacuation Pause) 237M->22M(368M) 1,876ms
[2274,230s][info][gc] GC(9334) Pause Young (G1 Evacuation Pause) 237M->22M(368M) 1,305ms
[2274,484s][info][gc] GC(9335) Pause Young (G1 Evacuation Pause) 237M->22M(368M) 2,458ms
[2274,745s][info][gc] GC(9336) Pause Young (G1 Evacuation Pause) 237M->23M(368M) 1,825ms
[2274,993s][info][gc] GC(9337) Pause Young (G1 Evacuation Pause) 237M->22M(368M) 1,202ms
[2275,225s][info][gc] GC(9338) Pause Young (G1 Evacuation Pause) 237M->22M(368M) 1,198ms
[2275,493s][info][gc] GC(9339) Pause Young (G1 Evacuation Pause) 237M->22M(368M) 1,947ms
[2275,747s][info][gc] GC(9340) Pause Young (G1 Evacuation Pause) 237M->22M(368M) 1,224ms
[2275,998s][info][gc] GC(9341) Pause Young (G1 Evacuation Pause) 237M->23M(368M) 1,452ms
[2276,231s][info][gc] GC(9342) Pause Young (G1 Evacuation Pause) 237M->22M(368M) 1,365ms
[2276,488s][info][gc] GC(9343) Pause Young (G1 Evacuation Pause) 237M->22M(368M) 1,820ms
[2276,728s][info][gc] GC(9344) Pause Young (G1 Evacuation Pause) 237M->22M(368M) 1,332ms
[2276,976s][info][gc] GC(9345) Pause Young (G1 Evacuation Pause) 237M->22M(368M) 1,776ms
[2277,230s][info][gc] GC(9346) Pause Young (G1 Evacuation Pause) 237M->22M(368M) 1,919ms
[2277,483s][info][gc] GC(9347) Pause Young (G1 Evacuation Pause) 236M->22M(368M) 2,229ms
[2277,747s][info][gc] GC(9348) Pause Young (G1 Evacuation Pause) 237M->22M(368M) 1,791ms
[2277,999s][info][gc] GC(9349) Pause Young (G1 Evacuation Pause) 237M->22M(368M) 1,510ms
[2278,231s][info][gc] GC(9350) Pause Young (G1 Evacuation Pause) 237M->22M(368M) 1,255ms
[2278,500s][info][gc] GC(9351) Pause Young (G1 Evacuation Pause) 237M->23M(368M) 2,382ms
[2278,754s][info][gc] GC(9352) Pause Young (G1 Evacuation Pause) 237M->22M(368M) 1,769ms
[2279,015s][info][gc] GC(9353) Pause Young (G1 Evacuation Pause) 237M->22M(368M) 1,847ms
[2279,272s][info][gc] GC(9354) Pause Young (G1 Evacuation Pause) 237M->22M(368M) 1,645ms
[2279,521s][info][gc] GC(9355) Pause Young (G1 Evacuation Pause) 237M->22M(368M) 1,623ms
[2279,753s][info][gc] GC(9356) Pause Young (G1 Evacuation Pause) 237M->22M(368M) 1,273ms
[2280,006s][info][gc] GC(9357) Pause Young (G1 Evacuation Pause) 236M->22M(368M) 1,592ms
[2280,263s][info][gc] GC(9358) Pause Young (G1 Evacuation Pause) 237M->22M(368M) 1,488ms
[2280,513s][info][gc] GC(9359) Pause Young (G1 Evacuation Pause) 237M->22M(368M) 1,635ms
[2280,767s][info][gc] GC(9360) Pause Young (G1 Evacuation Pause) 237M->22M(368M) 1,726ms
[2281,016s][info][gc] GC(9361) Pause Young (G1 Evacuation Pause) 237M->22M(368M) 1,611ms
[2281,265s][info][gc] GC(9362) Pause Young (G1 Evacuation Pause) 237M->23M(368M) 1,684ms
[2281,527s][info][gc] GC(9363) Pause Young (G1 Evacuation Pause) 237M->22M(368M) 1,664ms
[2281,781s][info][gc] GC(9364) Pause Young (G1 Evacuation Pause) 237M->22M(368M) 1,688ms
[2282,015s][info][gc] GC(9365) Pause Young (G1 Evacuation Pause) 237M->22M(368M) 1,333ms
[2282,247s][info][gc] GC(9366) Pause Young (G1 Evacuation Pause) 237M->22M(368M) 1,343ms
[2282,500s][info][gc] GC(9367) Pause Young (G1 Evacuation Pause) 237M->23M(368M) 1,933ms
[2282,763s][info][gc] GC(9368) Pause Young (G1 Evacuation Pause) 237M->22M(368M) 1,663ms
[2282,996s][info][gc] GC(9369) Pause Young (G1 Evacuation Pause) 237M->22M(368M) 1,090ms
[2283,228s][info][gc] GC(9370) Pause Young (G1 Evacuation Pause) 237M->22M(368M) 1,284ms
[2283,468s][info][gc] GC(9371) Pause Young (G1 Evacuation Pause) 237M->22M(368M) 1,411ms
[2283,701s][info][gc] GC(9372) Pause Young (G1 Evacuation Pause) 237M->22M(368M) 1,415ms
[2283,949s][info][gc] GC(9373) Pause Young (G1 Evacuation Pause) 236M->22M(368M) 1,710ms
[2284,203s][info][gc] GC(9374) Pause Young (G1 Evacuation Pause) 237M->22M(368M) 1,187ms
[2284,448s][info][gc] GC(9375) Pause Young (G1 Evacuation Pause) 237M->22M(368M) 1,468ms
[2284,690s][info][gc] GC(9376) Pause Young (G1 Evacuation Pause) 237M->22M(368M) 1,394ms
[2284,937s][info][gc] GC(9377) Pause Young (G1 Evacuation Pause) 237M->22M(368M) 3,256ms
[2285,190s][info][gc] GC(9378) Pause Young (G1 Evacuation Pause) 236M->22M(368M) 1,822ms
[2285,451s][info][gc] GC(9379) Pause Young (G1 Evacuation Pause) 237M->22M(368M) 1,789ms
[2285,705s][info][gc] GC(9380) Pause Young (G1 Evacuation Pause) 237M->22M(368M) 1,756ms
[2285,967s][info][gc] GC(9381) Pause Young (G1 Evacuation Pause) 237M->22M(368M) 1,707ms
[2286,220s][info][gc] GC(9382) Pause Young (G1 Evacuation Pause) 237M->22M(368M) 2,113ms
[2286,469s][info][gc] GC(9383) Pause Young (G1 Evacuation Pause) 237M->23M(368M) 1,906ms
[2286,717s][info][gc] GC(9384) Pause Young (G1 Evacuation Pause) 237M->22M(368M) 1,470ms
[2286,950s][info][gc] GC(9385) Pause Young (G1 Evacuation Pause) 237M->22M(368M) 1,578ms
[2287,183s][info][gc] GC(9386) Pause Young (G1 Evacuation Pause) 237M->22M(368M) 1,525ms
[2287,416s][info][gc] GC(9387) Pause Young (G1 Evacuation Pause) 237M->22M(368M) 1,741ms
[2287,649s][info][gc] GC(9388) Pause Young (G1 Evacuation Pause) 236M->22M(368M) 1,432ms
[2287,916s][info][gc] GC(9389) Pause Young (G1 Evacuation Pause) 237M->22M(368M) 1,885ms
[2288,171s][info][gc] GC(9390) Pause Young (G1 Evacuation Pause) 237M->21M(368M) 4,144ms
[2288,415s][info][gc] GC(9391) Pause Young (G1 Evacuation Pause) 236M->22M(368M) 2,163ms
[2288,657s][info][gc] GC(9392) Pause Young (G1 Evacuation Pause) 237M->22M(368M) 1,371ms
[2288,899s][info][gc] GC(9393) Pause Young (G1 Evacuation Pause) 237M->22M(368M) 2,467ms
[2289,153s][info][gc] GC(9394) Pause Young (G1 Evacuation Pause) 236M->22M(368M) 1,688ms
[2289,407s][info][gc] GC(9395) Pause Young (G1 Evacuation Pause) 237M->22M(368M) 1,739ms
[2289,662s][info][gc] GC(9396) Pause Young (G1 Evacuation Pause) 237M->22M(368M) 2,186ms
[2289,922s][info][gc] GC(9397) Pause Young (G1 Evacuation Pause) 237M->22M(368M) 1,894ms
[2290,158s][info][gc] GC(9398) Pause Young (G1 Evacuation Pause) 237M->22M(368M) 3,490ms
[2290,398s][info][gc] GC(9399) Pause Young (G1 Evacuation Pause) 236M->21M(368M) 2,339ms
[2290,652s][info][gc] GC(9400) Pause Young (G1 Evacuation Pause) 236M->22M(368M) 1,627ms
[2290,912s][info][gc] GC(9401) Pause Young (G1 Evacuation Pause) 237M->22M(368M) 1,691ms
[2291,166s][info][gc] GC(9402) Pause Young (G1 Evacuation Pause) 237M->22M(368M) 1,840ms
[2291,424s][info][gc] GC(9403) Pause Young (G1 Evacuation Pause) 237M->22M(368M) 1,840ms
[2291,660s][info][gc] GC(9404) Pause Young (G1 Evacuation Pause) 236M->22M(368M) 1,439ms
[2291,893s][info][gc] GC(9405) Pause Young (G1 Evacuation Pause) 237M->22M(368M) 1,558ms
[2292,126s][info][gc] GC(9406) Pause Young (G1 Evacuation Pause) 237M->22M(368M) 1,375ms
[2292,359s][info][gc] GC(9407) Pause Young (G1 Evacuation Pause) 237M->22M(368M) 1,426ms
[2292,598s][info][gc] GC(9408) Pause Young (G1 Evacuation Pause) 237M->22M(368M) 1,210ms
[2292,830s][info][gc] GC(9409) Pause Young (G1 Evacuation Pause) 237M->23M(368M) 1,149ms
[2293,062s][info][gc] GC(9410) Pause Young (G1 Evacuation Pause) 237M->22M(368M) 1,182ms
[2293,294s][info][gc] GC(9411) Pause Young (G1 Evacuation Pause) 237M->22M(368M) 1,253ms
[2293,549s][info][gc] GC(9412) Pause Young (G1 Evacuation Pause) 237M->22M(368M) 1,783ms
[2293,784s][info][gc] GC(9413) Pause Young (G1 Evacuation Pause) 237M->22M(368M) 1,125ms
[2294,027s][info][gc] GC(9414) Pause Young (G1 Evacuation Pause) 236M->22M(368M) 1,976ms
[2294,259s][info][gc] GC(9415) Pause Young (G1 Evacuation Pause) 237M->22M(368M) 1,150ms
[2294,496s][info][gc] GC(9416) Pause Young (G1 Evacuation Pause) 237M->22M(368M) 1,184ms
[2294,730s][info][gc] GC(9417) Pause Young (G1 Evacuation Pause) 237M->22M(368M) 1,113ms
[2294,964s][info][gc] GC(9418) Pause Young (G1 Evacuation Pause) 237M->22M(368M) 1,300ms
[2295,196s][info][gc] GC(9419) Pause Young (G1 Evacuation Pause) 237M->22M(368M) 1,257ms
[2295,444s][info][gc] GC(9420) Pause Young (G1 Evacuation Pause) 236M->22M(368M) 1,652ms
[2295,688s][info][gc] GC(9421) Pause Young (G1 Evacuation Pause) 237M->22M(368M) 3,390ms
[2295,937s][info][gc] GC(9422) Pause Young (G1 Evacuation Pause) 237M->22M(368M) 1,399ms
[2296,186s][info][gc] GC(9423) Pause Young (G1 Evacuation Pause) 237M->22M(368M) 1,804ms
[2296,423s][info][gc] GC(9424) Pause Young (G1 Evacuation Pause) 237M->22M(368M) 1,280ms
[2296,665s][info][gc] GC(9425) Pause Young (G1 Evacuation Pause) 236M->22M(368M) 1,100ms
[2296,918s][info][gc] GC(9426) Pause Young (G1 Evacuation Pause) 237M->22M(368M) 3,185ms
[2297,179s][info][gc] GC(9427) Pause Young (G1 Evacuation Pause) 237M->22M(368M) 1,734ms
[2297,439s][info][gc] GC(9428) Pause Young (G1 Evacuation Pause) 237M->22M(368M) 3,217ms
[2297,694s][info][gc] GC(9429) Pause Young (G1 Evacuation Pause) 237M->22M(368M) 1,465ms
[2297,937s][info][gc] GC(9430) Pause Young (G1 Evacuation Pause) 237M->23M(368M) 1,239ms
[2298,188s][info][gc] GC(9431) Pause Young (G1 Evacuation Pause) 237M->22M(368M) 1,866ms
[2298,431s][info][gc] GC(9432) Pause Young (G1 Evacuation Pause) 237M->22M(368M) 2,275ms
[2298,673s][info][gc] GC(9433) Pause Young (G1 Evacuation Pause) 237M->22M(368M) 3,312ms
[2298,919s][info][gc] GC(9434) Pause Young (G1 Evacuation Pause) 236M->21M(368M) 2,215ms
[2299,193s][info][gc] GC(9435) Pause Young (G1 Evacuation Pause) 236M->21M(368M) 4,523ms
[2299,473s][info][gc] GC(9436) Pause Young (G1 Evacuation Pause) 236M->21M(368M) 2,423ms
[2299,712s][info][gc] GC(9437) Pause Young (G1 Evacuation Pause) 236M->22M(368M) 1,181ms
[2299,960s][info][gc] GC(9438) Pause Young (G1 Evacuation Pause) 237M->22M(368M) 1,300ms
[2300,220s][info][gc] GC(9439) Pause Young (G1 Evacuation Pause) 237M->22M(368M) 2,548ms
[2300,476s][info][gc] GC(9440) Pause Young (G1 Evacuation Pause) 237M->22M(368M) 1,447ms
[2300,728s][info][gc] GC(9441) Pause Young (G1 Evacuation Pause) 236M->22M(368M) 2,555ms
[2300,997s][info][gc] GC(9442) Pause Young (G1 Evacuation Pause) 237M->22M(368M) 3,150ms
[2301,237s][info][gc] GC(9443) Pause Young (G1 Evacuation Pause) 237M->22M(368M) 1,490ms
[2301,477s][info][gc] GC(9444) Pause Young (G1 Evacuation Pause) 237M->22M(368M) 1,944ms
[2301,723s][info][gc] GC(9445) Pause Young (G1 Evacuation Pause) 237M->22M(368M) 1,131ms
[2301,978s][info][gc] GC(9446) Pause Young (G1 Evacuation Pause) 237M->23M(368M) 1,446ms
[2302,216s][info][gc] GC(9447) Pause Young (G1 Evacuation Pause) 237M->22M(368M) 1,334ms
[2302,460s][info][gc] GC(9448) Pause Young (G1 Evacuation Pause) 237M->22M(368M) 1,720ms
[2302,714s][info][gc] GC(9449) Pause Young (G1 Evacuation Pause) 237M->22M(368M) 1,657ms
[2302,975s][info][gc] GC(9450) Pause Young (G1 Evacuation Pause) 237M->22M(368M) 1,840ms
[2303,227s][info][gc] GC(9451) Pause Young (G1 Evacuation Pause) 236M->21M(368M) 2,360ms
[2303,480s][info][gc] GC(9452) Pause Young (G1 Evacuation Pause) 236M->21M(368M) 2,319ms
[2303,739s][info][gc] GC(9453) Pause Young (G1 Evacuation Pause) 236M->22M(368M) 2,288ms
[2304,032s][info][gc] GC(9454) Pause Young (G1 Evacuation Pause) 237M->22M(368M) 9,353ms
[2304,325s][info][gc] GC(9455) Pause Young (G1 Evacuation Pause) 237M->22M(368M) 3,882ms
[2304,575s][info][gc] GC(9456) Pause Young (G1 Evacuation Pause) 237M->23M(368M) 1,169ms
[2304,820s][info][gc] GC(9457) Pause Young (G1 Evacuation Pause) 237M->22M(368M) 1,379ms
[2305,065s][info][gc] GC(9458) Pause Young (G1 Evacuation Pause) 237M->22M(368M) 2,441ms
[2305,313s][info][gc] GC(9459) Pause Young (G1 Evacuation Pause) 237M->22M(368M) 1,920ms
[2305,617s][info][gc] GC(9460) Pause Young (G1 Evacuation Pause) 237M->22M(368M) 4,113ms
[2305,934s][info][gc] GC(9461) Pause Young (G1 Evacuation Pause) 237M->23M(368M) 4,336ms
[2306,222s][info][gc] GC(9462) Pause Young (G1 Evacuation Pause) 237M->22M(368M) 7,700ms
[2306,482s][info][gc] GC(9463) Pause Young (G1 Evacuation Pause) 237M->22M(368M) 3,023ms
[2306,736s][info][gc] GC(9464) Pause Young (G1 Evacuation Pause) 237M->22M(368M) 1,665ms
[2306,983s][info][gc] GC(9465) Pause Young (G1 Evacuation Pause) 237M->22M(368M) 1,244ms
[2307,220s][info][gc] GC(9466) Pause Young (G1 Evacuation Pause) 237M->22M(368M) 1,746ms
[2307,465s][info][gc] GC(9467) Pause Young (G1 Evacuation Pause) 237M->22M(368M) 1,983ms
[2307,699s][info][gc] GC(9468) Pause Young (G1 Evacuation Pause) 236M->22M(368M) 1,391ms
[2307,971s][info][gc] GC(9469) Pause Young (G1 Evacuation Pause) 237M->22M(368M) 5,804ms
[2308,224s][info][gc] GC(9470) Pause Young (G1 Evacuation Pause) 237M->22M(368M) 1,110ms
[2308,469s][info][gc] GC(9471) Pause Young (G1 Evacuation Pause) 237M->22M(368M) 1,404ms
[2308,727s][info][gc] GC(9472) Pause Young (G1 Evacuation Pause) 237M->23M(368M) 1,208ms
[2308,968s][info][gc] GC(9473) Pause Young (G1 Evacuation Pause) 237M->22M(368M) 1,063ms
[2309,219s][info][gc] GC(9474) Pause Young (G1 Evacuation Pause) 237M->22M(368M) 3,772ms
[2309,463s][info][gc] GC(9475) Pause Young (G1 Evacuation Pause) 237M->22M(368M) 1,540ms
[2309,704s][info][gc] GC(9476) Pause Young (G1 Evacuation Pause) 237M->22M(368M) 1,377ms
[2309,969s][info][gc] GC(9477) Pause Young (G1 Evacuation Pause) 236M->21M(368M) 1,923ms
[2310,218s][info][gc] GC(9478) Pause Young (G1 Evacuation Pause) 236M->21M(368M) 1,330ms
[2310,466s][info][gc] GC(9479) Pause Young (G1 Evacuation Pause) 236M->22M(368M) 1,328ms
[2310,700s][info][gc] GC(9480) Pause Young (G1 Evacuation Pause) 237M->22M(368M) 1,471ms
[2310,959s][info][gc] GC(9481) Pause Young (G1 Evacuation Pause) 237M->22M(368M) 1,774ms
[2311,213s][info][gc] GC(9482) Pause Young (G1 Evacuation Pause) 237M->22M(368M) 1,795ms
[2311,479s][info][gc] GC(9483) Pause Young (G1 Evacuation Pause) 236M->22M(368M) 3,198ms
[2311,743s][info][gc] GC(9484) Pause Young (G1 Evacuation Pause) 237M->22M(368M) 3,760ms
[2311,993s][info][gc] GC(9485) Pause Young (G1 Evacuation Pause) 237M->22M(368M) 1,575ms
[2312,242s][info][gc] GC(9486) Pause Young (G1 Evacuation Pause) 237M->22M(368M) 4,601ms
[2312,479s][info][gc] GC(9487) Pause Young (G1 Evacuation Pause) 237M->22M(368M) 1,181ms
[2312,744s][info][gc] GC(9488) Pause Young (G1 Evacuation Pause) 236M->21M(368M) 2,620ms
[2313,001s][info][gc] GC(9489) Pause Young (G1 Evacuation Pause) 236M->22M(368M) 1,247ms
[2313,240s][info][gc] GC(9490) Pause Young (G1 Evacuation Pause) 237M->22M(368M) 2,517ms
[2313,510s][info][gc] GC(9491) Pause Young (G1 Evacuation Pause) 237M->22M(368M) 3,335ms
[2313,772s][info][gc] GC(9492) Pause Young (G1 Evacuation Pause) 236M->21M(368M) 2,979ms
[2314,048s][info][gc] GC(9493) Pause Young (G1 Evacuation Pause) 236M->21M(368M) 1,560ms
[2314,298s][info][gc] GC(9494) Pause Young (G1 Evacuation Pause) 236M->22M(368M) 1,280ms
[2314,553s][info][gc] GC(9495) Pause Young (G1 Evacuation Pause) 237M->22M(368M) 1,857ms
[2314,788s][info][gc] GC(9496) Pause Young (G1 Evacuation Pause) 237M->22M(368M) 1,247ms
[2315,048s][info][gc] GC(9497) Pause Young (G1 Evacuation Pause) 237M->22M(368M) 1,910ms
[2315,304s][info][gc] GC(9498) Pause Young (G1 Evacuation Pause) 237M->23M(368M) 1,137ms
[2315,571s][info][gc] GC(9499) Pause Young (G1 Evacuation Pause) 237M->22M(368M) 1,284ms
[2315,822s][info][gc] GC(9500) Pause Young (G1 Evacuation Pause) 237M->22M(368M) 2,775ms
[2316,065s][info][gc] GC(9501) Pause Young (G1 Evacuation Pause) 237M->22M(368M) 1,274ms
[2316,316s][info][gc] GC(9502) Pause Young (G1 Evacuation Pause) 237M->22M(368M) 1,466ms
[2316,572s][info][gc] GC(9503) Pause Young (G1 Evacuation Pause) 237M->22M(368M) 3,268ms
[2316,805s][info][gc] GC(9504) Pause Young (G1 Evacuation Pause) 236M->22M(368M) 1,422ms
[2317,038s][info][gc] GC(9505) Pause Young (G1 Evacuation Pause) 237M->22M(368M) 1,389ms
[2317,270s][info][gc] GC(9506) Pause Young (G1 Evacuation Pause) 237M->22M(368M) 1,113ms
[2317,530s][info][gc] GC(9507) Pause Young (G1 Evacuation Pause) 237M->22M(368M) 3,964ms
[2317,796s][info][gc] GC(9508) Pause Young (G1 Evacuation Pause) 237M->22M(368M) 2,445ms
[2318,045s][info][gc] GC(9509) Pause Young (G1 Evacuation Pause) 236M->22M(368M) 1,190ms
[2318,294s][info][gc] GC(9510) Pause Young (G1 Evacuation Pause) 237M->22M(368M) 1,214ms
[2318,553s][info][gc] GC(9511) Pause Young (G1 Evacuation Pause) 237M->22M(368M) 2,282ms
[2318,808s][info][gc] GC(9512) Pause Young (G1 Evacuation Pause) 237M->22M(368M) 6,022ms
[2319,062s][info][gc] GC(9513) Pause Young (G1 Evacuation Pause) 237M->22M(368M) 2,975ms
[2319,321s][info][gc] GC(9514) Pause Young (G1 Evacuation Pause) 236M->22M(368M) 3,872ms
[2319,572s][info][gc] GC(9515) Pause Young (G1 Evacuation Pause) 237M->22M(368M) 1,327ms
[2319,823s][info][gc] GC(9516) Pause Young (G1 Evacuation Pause) 237M->22M(368M) 2,016ms
[2320,063s][info][gc] GC(9517) Pause Young (G1 Evacuation Pause) 237M->22M(368M) 1,312ms
[2320,297s][info][gc] GC(9518) Pause Young (G1 Evacuation Pause) 237M->22M(368M) 1,403ms
[2320,551s][info][gc] GC(9519) Pause Young (G1 Evacuation Pause) 237M->23M(368M) 1,277ms
[2320,783s][info][gc] GC(9520) Pause Young (G1 Evacuation Pause) 237M->22M(368M) 1,032ms
[2321,034s][info][gc] GC(9521) Pause Young (G1 Evacuation Pause) 237M->22M(368M) 1,160ms
[2321,275s][info][gc] GC(9522) Pause Young (G1 Evacuation Pause) 237M->22M(368M) 4,152ms
[2321,527s][info][gc] GC(9523) Pause Young (G1 Evacuation Pause) 237M->22M(368M) 1,509ms
[2321,778s][info][gc] GC(9524) Pause Young (G1 Evacuation Pause) 237M->22M(368M) 1,941ms
[2322,034s][info][gc] GC(9525) Pause Young (G1 Evacuation Pause) 236M->22M(368M) 1,607ms
[2322,268s][info][gc] GC(9526) Pause Young (G1 Evacuation Pause) 237M->22M(368M) 1,436ms
[2322,517s][info][gc] GC(9527) Pause Young (G1 Evacuation Pause) 237M->22M(368M) 1,863ms
[2322,774s][info][gc] GC(9528) Pause Young (G1 Evacuation Pause) 237M->22M(368M) 2,306ms
[2323,031s][info][gc] GC(9529) Pause Young (G1 Evacuation Pause) 237M->22M(368M) 1,243ms
[2323,291s][info][gc] GC(9530) Pause Young (G1 Evacuation Pause) 236M->22M(368M) 1,191ms
[2323,543s][info][gc] GC(9531) Pause Young (G1 Evacuation Pause) 237M->22M(368M) 1,843ms
[2323,780s][info][gc] GC(9532) Pause Young (G1 Evacuation Pause) 237M->22M(368M) 1,648ms
[2324,014s][info][gc] GC(9533) Pause Young (G1 Evacuation Pause) 237M->22M(368M) 1,724ms
[2324,250s][info][gc] GC(9534) Pause Young (G1 Evacuation Pause) 237M->22M(368M) 1,158ms
[2324,482s][info][gc] GC(9535) Pause Young (G1 Evacuation Pause) 236M->22M(368M) 1,010ms
[2324,714s][info][gc] GC(9536) Pause Young (G1 Evacuation Pause) 237M->22M(368M) 1,062ms
[2324,962s][info][gc] GC(9537) Pause Young (G1 Evacuation Pause) 237M->22M(368M) 1,718ms
[2325,197s][info][gc] GC(9538) Pause Young (G1 Evacuation Pause) 237M->22M(368M) 1,595ms
[2325,445s][info][gc] GC(9539) Pause Young (G1 Evacuation Pause) 237M->22M(368M) 2,284ms
[2325,689s][info][gc] GC(9540) Pause Young (G1 Evacuation Pause) 237M->23M(368M) 1,295ms
[2325,937s][info][gc] GC(9541) Pause Young (G1 Evacuation Pause) 237M->22M(368M) 1,735ms
[2326,191s][info][gc] GC(9542) Pause Young (G1 Evacuation Pause) 237M->22M(368M) 1,831ms
[2326,450s][info][gc] GC(9543) Pause Young (G1 Evacuation Pause) 237M->22M(368M) 1,805ms
[2326,725s][info][gc] GC(9544) Pause Young (G1 Evacuation Pause) 237M->22M(368M) 2,336ms
[2326,996s][info][gc] GC(9545) Pause Young (G1 Evacuation Pause) 237M->22M(368M) 3,937ms
[2327,258s][info][gc] GC(9546) Pause Young (G1 Evacuation Pause) 236M->22M(368M) 1,700ms
[2327,496s][info][gc] GC(9547) Pause Young (G1 Evacuation Pause) 237M->22M(368M) 1,115ms
[2327,736s][info][gc] GC(9548) Pause Young (G1 Evacuation Pause) 237M->22M(368M) 3,264ms
[2327,983s][info][gc] GC(9549) Pause Young (G1 Evacuation Pause) 237M->22M(368M) 1,285ms
[2328,215s][info][gc] GC(9550) Pause Young (G1 Evacuation Pause) 237M->22M(368M) 1,138ms
[2328,447s][info][gc] GC(9551) Pause Young (G1 Evacuation Pause) 236M->22M(368M) 1,040ms
[2328,687s][info][gc] GC(9552) Pause Young (G1 Evacuation Pause) 237M->22M(368M) 1,073ms
[2328,938s][info][gc] GC(9553) Pause Young (G1 Evacuation Pause) 237M->22M(368M) 1,948ms
[2329,174s][info][gc] GC(9554) Pause Young (G1 Evacuation Pause) 237M->22M(368M) 1,256ms
[2329,418s][info][gc] GC(9555) Pause Young (G1 Evacuation Pause) 237M->22M(368M) 1,450ms
[2329,670s][info][gc] GC(9556) Pause Young (G1 Evacuation Pause) 236M->22M(368M) 4,661ms
[2329,908s][info][gc] GC(9557) Pause Young (G1 Evacuation Pause) 237M->22M(368M) 1,056ms
[2330,140s][info][gc] GC(9558) Pause Young (G1 Evacuation Pause) 237M->22M(368M) 1,250ms
[2330,378s][info][gc] GC(9559) Pause Young (G1 Evacuation Pause) 237M->22M(368M) 5,174ms
[2330,623s][info][gc] GC(9560) Pause Young (G1 Evacuation Pause) 236M->21M(368M) 1,678ms
[2330,858s][info][gc] GC(9561) Pause Young (G1 Evacuation Pause) 237M->22M(368M) 2,026ms
[2331,090s][info][gc] GC(9562) Pause Young (G1 Evacuation Pause) 236M->22M(368M) 1,184ms
[2331,323s][info][gc] GC(9563) Pause Young (G1 Evacuation Pause) 237M->22M(368M) 1,749ms
[2331,555s][info][gc] GC(9564) Pause Young (G1 Evacuation Pause) 237M->22M(368M) 1,118ms
[2331,787s][info][gc] GC(9565) Pause Young (G1 Evacuation Pause) 237M->22M(368M) 1,287ms
[2332,030s][info][gc] GC(9566) Pause Young (G1 Evacuation Pause) 237M->22M(368M) 1,284ms
[2332,290s][info][gc] GC(9567) Pause Young (G1 Evacuation Pause) 236M->22M(368M) 1,343ms
[2332,532s][info][gc] GC(9568) Pause Young (G1 Evacuation Pause) 237M->22M(368M) 1,591ms
[2332,795s][info][gc] GC(9569) Pause Young (G1 Evacuation Pause) 237M->22M(368M) 1,881ms
[2333,049s][info][gc] GC(9570) Pause Young (G1 Evacuation Pause) 237M->22M(368M) 1,659ms
[2333,301s][info][gc] GC(9571) Pause Young (G1 Evacuation Pause) 237M->22M(368M) 1,661ms
[2333,533s][info][gc] GC(9572) Pause Young (G1 Evacuation Pause) 236M->22M(368M) 1,234ms
[2333,766s][info][gc] GC(9573) Pause Young (G1 Evacuation Pause) 237M->22M(368M) 1,370ms
[2334,030s][info][gc] GC(9574) Pause Young (G1 Evacuation Pause) 237M->22M(368M) 1,597ms
[2334,289s][info][gc] GC(9575) Pause Young (G1 Evacuation Pause) 237M->22M(368M) 2,357ms
[2334,523s][info][gc] GC(9576) Pause Young (G1 Evacuation Pause) 237M->22M(368M) 1,509ms
[2334,767s][info][gc] GC(9577) Pause Young (G1 Evacuation Pause) 236M->22M(368M) 1,743ms
[2335,021s][info][gc] GC(9578) Pause Young (G1 Evacuation Pause) 237M->22M(368M) 1,736ms
[2335,264s][info][gc] GC(9579) Pause Young (G1 Evacuation Pause) 237M->22M(368M) 1,627ms
[2335,520s][info][gc] GC(9580) Pause Young (G1 Evacuation Pause) 237M->22M(368M) 1,799ms
[2335,774s][info][gc] GC(9581) Pause Young (G1 Evacuation Pause) 237M->22M(368M) 2,010ms
[2336,036s][info][gc] GC(9582) Pause Young (G1 Evacuation Pause) 236M->22M(368M) 1,715ms
[2336,286s][info][gc] GC(9583) Pause Young (G1 Evacuation Pause) 237M->22M(368M) 1,359ms
[2336,542s][info][gc] GC(9584) Pause Young (G1 Evacuation Pause) 237M->22M(368M) 1,222ms
[2336,774s][info][gc] GC(9585) Pause Young (G1 Evacuation Pause) 237M->22M(368M) 1,225ms
[2337,022s][info][gc] GC(9586) Pause Young (G1 Evacuation Pause) 237M->22M(368M) 1,819ms
[2337,290s][info][gc] GC(9587) Pause Young (G1 Evacuation Pause) 237M->22M(368M) 1,984ms
[2337,526s][info][gc] GC(9588) Pause Young (G1 Evacuation Pause) 236M->22M(368M) 1,555ms
[2337,768s][info][gc] GC(9589) Pause Young (G1 Evacuation Pause) 237M->22M(368M) 1,516ms
[2338,022s][info][gc] GC(9590) Pause Young (G1 Evacuation Pause) 237M->22M(368M) 3,875ms
[2338,258s][info][gc] GC(9591) Pause Young (G1 Evacuation Pause) 237M->22M(368M) 1,252ms
[2338,490s][info][gc] GC(9592) Pause Young (G1 Evacuation Pause) 237M->22M(368M) 1,318ms
[2338,745s][info][gc] GC(9593) Pause Young (G1 Evacuation Pause) 236M->22M(368M) 1,797ms
[2339,001s][info][gc] GC(9594) Pause Young (G1 Evacuation Pause) 237M->22M(368M) 1,195ms
[2339,254s][info][gc] GC(9595) Pause Young (G1 Evacuation Pause) 237M->22M(368M) 3,208ms
[2339,509s][info][gc] GC(9596) Pause Young (G1 Evacuation Pause) 237M->22M(368M) 3,299ms
[2339,741s][info][gc] GC(9597) Pause Young (G1 Evacuation Pause) 237M->22M(368M) 1,119ms
[2339,990s][info][gc] GC(9598) Pause Young (G1 Evacuation Pause) 236M->22M(368M) 1,746ms
[2340,228s][info][gc] GC(9599) Pause Young (G1 Evacuation Pause) 237M->22M(368M) 1,163ms
[2340,460s][info][gc] GC(9600) Pause Young (G1 Evacuation Pause) 237M->22M(368M) 1,319ms
[2340,701s][info][gc] GC(9601) Pause Young (G1 Evacuation Pause) 237M->22M(368M) 1,136ms
[2340,952s][info][gc] GC(9602) Pause Young (G1 Evacuation Pause) 237M->22M(368M) 1,850ms
[2341,206s][info][gc] GC(9603) Pause Young (G1 Evacuation Pause) 237M->23M(368M) 1,870ms
[2341,466s][info][gc] GC(9604) Pause Young (G1 Evacuation Pause) 237M->22M(368M) 2,292ms
[2341,729s][info][gc] GC(9605) Pause Young (G1 Evacuation Pause) 237M->22M(368M) 1,706ms
[2341,987s][info][gc] GC(9606) Pause Young (G1 Evacuation Pause) 237M->22M(368M) 1,802ms
[2342,242s][info][gc] GC(9607) Pause Young (G1 Evacuation Pause) 237M->22M(368M) 1,984ms
[2342,494s][info][gc] GC(9608) Pause Young (G1 Evacuation Pause) 237M->23M(368M) 1,862ms
[2342,754s][info][gc] GC(9609) Pause Young (G1 Evacuation Pause) 237M->22M(368M) 2,252ms
[2343,021s][info][gc] GC(9610) Pause Young (G1 Evacuation Pause) 237M->22M(368M) 1,951ms
[2343,260s][info][gc] GC(9611) Pause Young (G1 Evacuation Pause) 237M->22M(368M) 1,092ms
[2343,492s][info][gc] GC(9612) Pause Young (G1 Evacuation Pause) 237M->22M(368M) 1,254ms
[2343,726s][info][gc] GC(9613) Pause Young (G1 Evacuation Pause) 237M->22M(368M) 1,156ms
[2343,961s][info][gc] GC(9614) Pause Young (G1 Evacuation Pause) 236M->22M(368M) 1,061ms
[2344,202s][info][gc] GC(9615) Pause Young (G1 Evacuation Pause) 237M->22M(368M) 2,359ms
[2344,457s][info][gc] GC(9616) Pause Young (G1 Evacuation Pause) 237M->22M(368M) 3,619ms
[2344,696s][info][gc] GC(9617) Pause Young (G1 Evacuation Pause) 237M->22M(368M) 1,176ms
[2344,934s][info][gc] GC(9618) Pause Young (G1 Evacuation Pause) 237M->22M(368M) 1,166ms
[2345,178s][info][gc] GC(9619) Pause Young (G1 Evacuation Pause) 236M->22M(368M) 1,245ms
[2345,420s][info][gc] GC(9620) Pause Young (G1 Evacuation Pause) 237M->22M(368M) 1,201ms
[2345,653s][info][gc] GC(9621) Pause Young (G1 Evacuation Pause) 237M->22M(368M) 1,801ms
[2345,893s][info][gc] GC(9622) Pause Young (G1 Evacuation Pause) 237M->22M(368M) 1,409ms
[2346,125s][info][gc] GC(9623) Pause Young (G1 Evacuation Pause) 237M->22M(368M) 1,286ms
[2346,363s][info][gc] GC(9624) Pause Young (G1 Evacuation Pause) 237M->23M(368M) 1,319ms
[2346,595s][info][gc] GC(9625) Pause Young (G1 Evacuation Pause) 237M->22M(368M) 1,095ms
[2346,827s][info][gc] GC(9626) Pause Young (G1 Evacuation Pause) 237M->22M(368M) 1,240ms
[2347,068s][info][gc] GC(9627) Pause Young (G1 Evacuation Pause) 237M->22M(368M) 1,494ms
[2347,318s][info][gc] GC(9628) Pause Young (G1 Evacuation Pause) 237M->22M(368M) 2,498ms
[2347,567s][info][gc] GC(9629) Pause Young (G1 Evacuation Pause) 237M->23M(368M) 1,291ms
[2347,799s][info][gc] GC(9630) Pause Young (G1 Evacuation Pause) 237M->22M(368M) 1,157ms
[2348,059s][info][gc] GC(9631) Pause Young (G1 Evacuation Pause) 237M->22M(368M) 1,819ms
[2348,301s][info][gc] GC(9632) Pause Young (G1 Evacuation Pause) 237M->22M(368M) 1,642ms
[2348,534s][info][gc] GC(9633) Pause Young (G1 Evacuation Pause) 237M->22M(368M) 1,981ms
[2348,766s][info][gc] GC(9634) Pause Young (G1 Evacuation Pause) 237M->22M(368M) 1,345ms
[2348,998s][info][gc] GC(9635) Pause Young (G1 Evacuation Pause) 236M->22M(368M) 1,363ms
[2349,231s][info][gc] GC(9636) Pause Young (G1 Evacuation Pause) 237M->22M(368M) 1,170ms
[2349,480s][info][gc] GC(9637) Pause Young (G1 Evacuation Pause) 237M->22M(368M) 2,355ms
[2349,720s][info][gc] GC(9638) Pause Young (G1 Evacuation Pause) 236M->21M(368M) 1,919ms
[2349,969s][info][gc] GC(9639) Pause Young (G1 Evacuation Pause) 236M->21M(368M) 2,673ms
[2350,220s][info][gc] GC(9640) Pause Young (G1 Evacuation Pause) 236M->21M(368M) 2,741ms
[2350,452s][info][gc] GC(9641) Pause Young (G1 Evacuation Pause) 236M->22M(368M) 1,181ms
[2350,684s][info][gc] GC(9642) Pause Young (G1 Evacuation Pause) 237M->22M(368M) 1,107ms
[2350,928s][info][gc] GC(9643) Pause Young (G1 Evacuation Pause) 237M->22M(368M) 1,672ms
[2351,182s][info][gc] GC(9644) Pause Young (G1 Evacuation Pause) 237M->22M(368M) 1,772ms
[2351,444s][info][gc] GC(9645) Pause Young (G1 Evacuation Pause) 236M->22M(368M) 2,163ms
[2351,698s][info][gc] GC(9646) Pause Young (G1 Evacuation Pause) 237M->22M(368M) 1,773ms
[2351,947s][info][gc] GC(9647) Pause Young (G1 Evacuation Pause) 237M->22M(368M) 1,206ms
[2352,179s][info][gc] GC(9648) Pause Young (G1 Evacuation Pause) 237M->22M(368M) 1,240ms
[2352,414s][info][gc] GC(9649) Pause Young (G1 Evacuation Pause) 237M->22M(368M) 1,176ms
[2352,646s][info][gc] GC(9650) Pause Young (G1 Evacuation Pause) 237M->22M(368M) 1,227ms
[2352,878s][info][gc] GC(9651) Pause Young (G1 Evacuation Pause) 236M->22M(368M) 1,084ms
[2353,110s][info][gc] GC(9652) Pause Young (G1 Evacuation Pause) 237M->22M(368M) 1,053ms
[2353,342s][info][gc] GC(9653) Pause Young (G1 Evacuation Pause) 237M->22M(368M) 1,264ms
[2353,575s][info][gc] GC(9654) Pause Young (G1 Evacuation Pause) 237M->22M(368M) 1,387ms
[2353,808s][info][gc] GC(9655) Pause Young (G1 Evacuation Pause) 237M->22M(368M) 1,289ms
[2354,063s][info][gc] GC(9656) Pause Young (G1 Evacuation Pause) 236M->22M(368M) 1,722ms
[2354,310s][info][gc] GC(9657) Pause Young (G1 Evacuation Pause) 237M->22M(368M) 1,085ms
[2354,542s][info][gc] GC(9658) Pause Young (G1 Evacuation Pause) 237M->22M(368M) 1,106ms
[2354,774s][info][gc] GC(9659) Pause Young (G1 Evacuation Pause) 237M->22M(368M) 1,285ms
[2355,006s][info][gc] GC(9660) Pause Young (G1 Evacuation Pause) 237M->22M(368M) 1,331ms
[2355,238s][info][gc] GC(9661) Pause Young (G1 Evacuation Pause) 236M->22M(368M) 1,171ms
[2355,490s][info][gc] GC(9662) Pause Young (G1 Evacuation Pause) 237M->22M(368M) 2,200ms
[2355,739s][info][gc] GC(9663) Pause Young (G1 Evacuation Pause) 237M->22M(368M) 1,128ms
[2355,984s][info][gc] GC(9664) Pause Young (G1 Evacuation Pause) 237M->22M(368M) 2,873ms
[2356,219s][info][gc] GC(9665) Pause Young (G1 Evacuation Pause) 237M->22M(368M) 1,390ms
[2356,462s][info][gc] GC(9666) Pause Young (G1 Evacuation Pause) 237M->23M(368M) 1,586ms
[2356,696s][info][gc] GC(9667) Pause Young (G1 Evacuation Pause) 237M->22M(368M) 1,180ms
[2356,928s][info][gc] GC(9668) Pause Young (G1 Evacuation Pause) 237M->22M(368M) 1,116ms
[2357,160s][info][gc] GC(9669) Pause Young (G1 Evacuation Pause) 237M->22M(368M) 1,204ms
[2357,393s][info][gc] GC(9670) Pause Young (G1 Evacuation Pause) 237M->22M(368M) 1,155ms
[2357,625s][info][gc] GC(9671) Pause Young (G1 Evacuation Pause) 236M->22M(368M) 1,083ms
[2357,857s][info][gc] GC(9672) Pause Young (G1 Evacuation Pause) 237M->21M(368M) 1,073ms
[2358,109s][info][gc] GC(9673) Pause Young (G1 Evacuation Pause) 236M->22M(368M) 1,127ms
[2358,353s][info][gc] GC(9674) Pause Young (G1 Evacuation Pause) 237M->22M(368M) 3,299ms
[2358,589s][info][gc] GC(9675) Pause Young (G1 Evacuation Pause) 237M->22M(368M) 1,641ms
[2358,828s][info][gc] GC(9676) Pause Young (G1 Evacuation Pause) 237M->22M(368M) 1,835ms
[2359,063s][info][gc] GC(9677) Pause Young (G1 Evacuation Pause) 236M->22M(368M) 1,279ms
[2359,296s][info][gc] GC(9678) Pause Young (G1 Evacuation Pause) 237M->22M(368M) 1,360ms
[2359,547s][info][gc] GC(9679) Pause Young (G1 Evacuation Pause) 237M->22M(368M) 1,210ms
[2359,793s][info][gc] GC(9680) Pause Young (G1 Evacuation Pause) 237M->22M(368M) 1,430ms
[2360,053s][info][gc] GC(9681) Pause Young (G1 Evacuation Pause) 237M->22M(368M) 3,509ms
[2360,307s][info][gc] GC(9682) Pause Young (G1 Evacuation Pause) 236M->22M(368M) 1,789ms
[2360,562s][info][gc] GC(9683) Pause Young (G1 Evacuation Pause) 237M->22M(368M) 7,265ms
[2360,806s][info][gc] GC(9684) Pause Young (G1 Evacuation Pause) 237M->22M(368M) 2,710ms
[2361,039s][info][gc] GC(9685) Pause Young (G1 Evacuation Pause) 237M->22M(368M) 1,961ms
[2361,272s][info][gc] GC(9686) Pause Young (G1 Evacuation Pause) 237M->22M(368M) 2,165ms
[2361,504s][info][gc] GC(9687) Pause Young (G1 Evacuation Pause) 236M->22M(368M) 1,103ms
[2361,736s][info][gc] GC(9688) Pause Young (G1 Evacuation Pause) 237M->22M(368M) 1,130ms
[2361,968s][info][gc] GC(9689) Pause Young (G1 Evacuation Pause) 237M->22M(368M) 1,155ms
[2362,203s][info][gc] GC(9690) Pause Young (G1 Evacuation Pause) 237M->22M(368M) 1,156ms
[2362,435s][info][gc] GC(9691) Pause Young (G1 Evacuation Pause) 237M->22M(368M) 1,264ms
[2362,667s][info][gc] GC(9692) Pause Young (G1 Evacuation Pause) 236M->22M(368M) 1,221ms
[2362,899s][info][gc] GC(9693) Pause Young (G1 Evacuation Pause) 237M->22M(368M) 1,228ms
[2363,131s][info][gc] GC(9694) Pause Young (G1 Evacuation Pause) 237M->22M(368M) 1,271ms
[2363,369s][info][gc] GC(9695) Pause Young (G1 Evacuation Pause) 237M->22M(368M) 4,240ms
[2363,641s][info][gc] GC(9696) Pause Young (G1 Evacuation Pause) 237M->22M(368M) 1,630ms
[2363,881s][info][gc] GC(9697) Pause Young (G1 Evacuation Pause) 237M->23M(368M) 3,313ms
[2364,136s][info][gc] GC(9698) Pause Young (G1 Evacuation Pause) 237M->22M(368M) 1,711ms
[2364,396s][info][gc] GC(9699) Pause Young (G1 Evacuation Pause) 237M->22M(368M) 3,480ms
[2364,642s][info][gc] GC(9700) Pause Young (G1 Evacuation Pause) 237M->22M(368M) 1,115ms
[2364,874s][info][gc] GC(9701) Pause Young (G1 Evacuation Pause) 237M->22M(368M) 1,288ms
[2365,115s][info][gc] GC(9702) Pause Young (G1 Evacuation Pause) 237M->23M(368M) 2,337ms
[2365,373s][info][gc] GC(9703) Pause Young (G1 Evacuation Pause) 237M->22M(368M) 3,924ms
[2365,618s][info][gc] GC(9704) Pause Young (G1 Evacuation Pause) 237M->22M(368M) 1,521ms
[2365,851s][info][gc] GC(9705) Pause Young (G1 Evacuation Pause) 237M->22M(368M) 1,396ms
[2366,084s][info][gc] GC(9706) Pause Young (G1 Evacuation Pause) 237M->22M(368M) 1,518ms
[2366,326s][info][gc] GC(9707) Pause Young (G1 Evacuation Pause) 237M->22M(368M) 1,628ms
[2366,591s][info][gc] GC(9708) Pause Young (G1 Evacuation Pause) 237M->23M(368M) 2,093ms
[2366,844s][info][gc] GC(9709) Pause Young (G1 Evacuation Pause) 237M->22M(368M) 1,778ms
[2367,096s][info][gc] GC(9710) Pause Young (G1 Evacuation Pause) 237M->22M(368M) 1,441ms
[2367,329s][info][gc] GC(9711) Pause Young (G1 Evacuation Pause) 237M->22M(368M) 2,332ms
[2367,597s][info][gc] GC(9712) Pause Young (G1 Evacuation Pause) 236M->21M(368M) 2,168ms
[2367,855s][info][gc] GC(9713) Pause Young (G1 Evacuation Pause) 236M->21M(368M) 3,300ms
[2368,108s][info][gc] GC(9714) Pause Young (G1 Evacuation Pause) 236M->22M(368M) 1,709ms
[2368,349s][info][gc] GC(9715) Pause Young (G1 Evacuation Pause) 237M->22M(368M) 1,131ms
[2368,592s][info][gc] GC(9716) Pause Young (G1 Evacuation Pause) 237M->22M(368M) 1,173ms
[2368,836s][info][gc] GC(9717) Pause Young (G1 Evacuation Pause) 237M->22M(368M) 1,480ms
[2369,092s][info][gc] GC(9718) Pause Young (G1 Evacuation Pause) 236M->22M(368M) 1,308ms
[2369,325s][info][gc] GC(9719) Pause Young (G1 Evacuation Pause) 237M->22M(368M) 1,308ms
[2369,574s][info][gc] GC(9720) Pause Young (G1 Evacuation Pause) 237M->22M(368M) 1,339ms
[2369,824s][info][gc] GC(9721) Pause Young (G1 Evacuation Pause) 237M->22M(368M) 1,592ms
[2370,083s][info][gc] GC(9722) Pause Young (G1 Evacuation Pause) 237M->22M(368M) 1,417ms
[2370,321s][info][gc] GC(9723) Pause Young (G1 Evacuation Pause) 237M->22M(368M) 1,435ms
[2370,574s][info][gc] GC(9724) Pause Young (G1 Evacuation Pause) 236M->22M(368M) 1,696ms
[2370,831s][info][gc] GC(9725) Pause Young (G1 Evacuation Pause) 237M->22M(368M) 1,428ms
[2371,115s][info][gc] GC(9726) Pause Young (G1 Evacuation Pause) 237M->22M(368M) 2,312ms
[2371,383s][info][gc] GC(9727) Pause Young (G1 Evacuation Pause) 237M->22M(368M) 2,481ms
[2371,617s][info][gc] GC(9728) Pause Young (G1 Evacuation Pause) 237M->22M(368M) 1,498ms
[2371,850s][info][gc] GC(9729) Pause Young (G1 Evacuation Pause) 236M->22M(368M) 1,488ms
[2372,107s][info][gc] GC(9730) Pause Young (G1 Evacuation Pause) 237M->22M(368M) 1,782ms
[2372,361s][info][gc] GC(9731) Pause Young (G1 Evacuation Pause) 237M->22M(368M) 3,819ms
[2372,608s][info][gc] GC(9732) Pause Young (G1 Evacuation Pause) 237M->22M(368M) 1,093ms
[2372,869s][info][gc] GC(9733) Pause Young (G1 Evacuation Pause) 237M->22M(368M) 4,097ms
[2373,124s][info][gc] GC(9734) Pause Young (G1 Evacuation Pause) 236M->22M(368M) 1,717ms
[2373,357s][info][gc] GC(9735) Pause Young (G1 Evacuation Pause) 237M->22M(368M) 1,204ms
[2373,589s][info][gc] GC(9736) Pause Young (G1 Evacuation Pause) 237M->22M(368M) 1,381ms
[2373,824s][info][gc] GC(9737) Pause Young (G1 Evacuation Pause) 237M->22M(368M) 1,526ms
[2374,058s][info][gc] GC(9738) Pause Young (G1 Evacuation Pause) 237M->22M(368M) 1,456ms
[2374,290s][info][gc] GC(9739) Pause Young (G1 Evacuation Pause) 236M->22M(368M) 1,305ms
[2374,523s][info][gc] GC(9740) Pause Young (G1 Evacuation Pause) 237M->22M(368M) 1,182ms
[2374,755s][info][gc] GC(9741) Pause Young (G1 Evacuation Pause) 237M->22M(368M) 1,110ms
[2374,987s][info][gc] GC(9742) Pause Young (G1 Evacuation Pause) 237M->22M(368M) 1,147ms
[2375,219s][info][gc] GC(9743) Pause Young (G1 Evacuation Pause) 237M->22M(368M) 1,157ms
[2375,465s][info][gc] GC(9744) Pause Young (G1 Evacuation Pause) 237M->22M(368M) 2,334ms
[2375,698s][info][gc] GC(9745) Pause Young (G1 Evacuation Pause) 236M->22M(368M) 1,383ms
[2375,940s][info][gc] GC(9746) Pause Young (G1 Evacuation Pause) 237M->22M(368M) 1,497ms
[2376,173s][info][gc] GC(9747) Pause Young (G1 Evacuation Pause) 237M->22M(368M) 1,412ms
[2376,417s][info][gc] GC(9748) Pause Young (G1 Evacuation Pause) 237M->22M(368M) 2,541ms
[2376,653s][info][gc] GC(9749) Pause Young (G1 Evacuation Pause) 237M->22M(368M) 1,204ms
[2376,885s][info][gc] GC(9750) Pause Young (G1 Evacuation Pause) 236M->22M(368M) 1,142ms
[2377,117s][info][gc] GC(9751) Pause Young (G1 Evacuation Pause) 237M->22M(368M) 1,184ms
[2377,349s][info][gc] GC(9752) Pause Young (G1 Evacuation Pause) 237M->22M(368M) 1,241ms
[2377,581s][info][gc] GC(9753) Pause Young (G1 Evacuation Pause) 237M->22M(368M) 1,320ms
[2377,815s][info][gc] GC(9754) Pause Young (G1 Evacuation Pause) 237M->22M(368M) 1,421ms
[2378,048s][info][gc] GC(9755) Pause Young (G1 Evacuation Pause) 237M->23M(368M) 1,579ms
[2378,280s][info][gc] GC(9756) Pause Young (G1 Evacuation Pause) 237M->22M(368M) 1,069ms
[2378,550s][info][gc] GC(9757) Pause Young (G1 Evacuation Pause) 237M->22M(368M) 3,442ms
[2378,785s][info][gc] GC(9758) Pause Young (G1 Evacuation Pause) 237M->22M(368M) 2,694ms
[2379,040s][info][gc] GC(9759) Pause Young (G1 Evacuation Pause) 237M->22M(368M) 1,752ms
[2379,294s][info][gc] GC(9760) Pause Young (G1 Evacuation Pause) 237M->23M(368M) 1,867ms
[2379,551s][info][gc] GC(9761) Pause Young (G1 Evacuation Pause) 237M->22M(368M) 1,832ms
[2379,805s][info][gc] GC(9762) Pause Young (G1 Evacuation Pause) 237M->22M(368M) 1,792ms
[2380,045s][info][gc] GC(9763) Pause Young (G1 Evacuation Pause) 237M->22M(368M) 1,445ms
[2380,277s][info][gc] GC(9764) Pause Young (G1 Evacuation Pause) 237M->22M(368M) 1,164ms
[2380,521s][info][gc] GC(9765) Pause Young (G1 Evacuation Pause) 237M->22M(368M) 1,513ms
[2380,770s][info][gc] GC(9766) Pause Young (G1 Evacuation Pause) 236M->22M(368M) 1,763ms
[2381,028s][info][gc] GC(9767) Pause Young (G1 Evacuation Pause) 237M->22M(368M) 1,757ms
[2381,270s][info][gc] GC(9768) Pause Young (G1 Evacuation Pause) 237M->22M(368M) 1,388ms
[2381,520s][info][gc] GC(9769) Pause Young (G1 Evacuation Pause) 237M->22M(368M) 2,012ms
[2381,753s][info][gc] GC(9770) Pause Young (G1 Evacuation Pause) 237M->22M(368M) 2,036ms
[2382,001s][info][gc] GC(9771) Pause Young (G1 Evacuation Pause) 236M->21M(368M) 1,975ms
[2382,265s][info][gc] GC(9772) Pause Young (G1 Evacuation Pause) 236M->21M(368M) 3,370ms
[2382,528s][info][gc] GC(9773) Pause Young (G1 Evacuation Pause) 236M->22M(368M) 1,798ms
[2382,787s][info][gc] GC(9774) Pause Young (G1 Evacuation Pause) 237M->22M(368M) 1,840ms
[2383,024s][info][gc] GC(9775) Pause Young (G1 Evacuation Pause) 237M->22M(368M) 1,577ms
[2383,256s][info][gc] GC(9776) Pause Young (G1 Evacuation Pause) 237M->23M(368M) 1,289ms
[2383,509s][info][gc] GC(9777) Pause Young (G1 Evacuation Pause) 237M->22M(368M) 1,747ms
[2383,763s][info][gc] GC(9778) Pause Young (G1 Evacuation Pause) 237M->22M(368M) 1,822ms
[2384,013s][info][gc] GC(9779) Pause Young (G1 Evacuation Pause) 237M->22M(368M) 1,209ms
[2384,245s][info][gc] GC(9780) Pause Young (G1 Evacuation Pause) 237M->22M(368M) 1,184ms
[2384,502s][info][gc] GC(9781) Pause Young (G1 Evacuation Pause) 237M->23M(368M) 1,975ms
[2384,754s][info][gc] GC(9782) Pause Young (G1 Evacuation Pause) 237M->22M(368M) 1,563ms
[2385,012s][info][gc] GC(9783) Pause Young (G1 Evacuation Pause) 237M->22M(368M) 1,664ms
[2385,247s][info][gc] GC(9784) Pause Young (G1 Evacuation Pause) 237M->22M(368M) 1,154ms
[2385,505s][info][gc] GC(9785) Pause Young (G1 Evacuation Pause) 237M->22M(368M) 1,925ms
[2385,759s][info][gc] GC(9786) Pause Young (G1 Evacuation Pause) 237M->22M(368M) 1,787ms
[2386,016s][info][gc] GC(9787) Pause Young (G1 Evacuation Pause) 236M->22M(368M) 1,125ms
[2386,248s][info][gc] GC(9788) Pause Young (G1 Evacuation Pause) 237M->22M(368M) 1,158ms
[2386,498s][info][gc] GC(9789) Pause Young (G1 Evacuation Pause) 237M->22M(368M) 1,660ms
[2386,752s][info][gc] GC(9790) Pause Young (G1 Evacuation Pause) 237M->22M(368M) 1,717ms
[2387,010s][info][gc] GC(9791) Pause Young (G1 Evacuation Pause) 237M->22M(368M) 1,905ms
[2387,264s][info][gc] GC(9792) Pause Young (G1 Evacuation Pause) 236M->22M(368M) 1,914ms
[2387,506s][info][gc] GC(9793) Pause Young (G1 Evacuation Pause) 237M->22M(368M) 1,260ms
[2387,738s][info][gc] GC(9794) Pause Young (G1 Evacuation Pause) 237M->22M(368M) 1,280ms
[2388,003s][info][gc] GC(9795) Pause Young (G1 Evacuation Pause) 237M->22M(368M) 1,730ms
[2388,249s][info][gc] GC(9796) Pause Young (G1 Evacuation Pause) 237M->22M(368M) 1,135ms
[2388,501s][info][gc] GC(9797) Pause Young (G1 Evacuation Pause) 236M->21M(368M) 3,171ms
[2388,733s][info][gc] GC(9798) Pause Young (G1 Evacuation Pause) 236M->22M(368M) 1,103ms
[2388,981s][info][gc] GC(9799) Pause Young (G1 Evacuation Pause) 237M->22M(368M) 1,673ms
[2389,235s][info][gc] GC(9800) Pause Young (G1 Evacuation Pause) 237M->22M(368M) 1,863ms
[2389,495s][info][gc] GC(9801) Pause Young (G1 Evacuation Pause) 237M->22M(368M) 1,748ms
[2389,749s][info][gc] GC(9802) Pause Young (G1 Evacuation Pause) 237M->23M(368M) 1,825ms
[2390,012s][info][gc] GC(9803) Pause Young (G1 Evacuation Pause) 237M->22M(368M) 1,493ms
[2390,247s][info][gc] GC(9804) Pause Young (G1 Evacuation Pause) 237M->22M(368M) 1,424ms
[2390,499s][info][gc] GC(9805) Pause Young (G1 Evacuation Pause) 237M->22M(368M) 1,861ms
[2390,742s][info][gc] GC(9806) Pause Young (G1 Evacuation Pause) 237M->22M(368M) 1,289ms
[2391,005s][info][gc] GC(9807) Pause Young (G1 Evacuation Pause) 237M->23M(368M) 2,484ms
[2391,270s][info][gc] GC(9808) Pause Young (G1 Evacuation Pause) 237M->22M(368M) 2,325ms
[2391,537s][info][gc] GC(9809) Pause Young (G1 Evacuation Pause) 237M->22M(368M) 1,829ms
[2391,791s][info][gc] GC(9810) Pause Young (G1 Evacuation Pause) 237M->22M(368M) 1,805ms
[2392,049s][info][gc] GC(9811) Pause Young (G1 Evacuation Pause) 237M->22M(368M) 1,901ms
[2392,294s][info][gc] GC(9812) Pause Young (G1 Evacuation Pause) 237M->22M(368M) 1,192ms
[2392,526s][info][gc] GC(9813) Pause Young (G1 Evacuation Pause) 236M->22M(368M) 1,132ms
[2392,767s][info][gc] GC(9814) Pause Young (G1 Evacuation Pause) 237M->22M(368M) 1,674ms
[2393,025s][info][gc] GC(9815) Pause Young (G1 Evacuation Pause) 237M->22M(368M) 1,827ms
[2393,269s][info][gc] GC(9816) Pause Young (G1 Evacuation Pause) 237M->22M(368M) 1,240ms
[2393,525s][info][gc] GC(9817) Pause Young (G1 Evacuation Pause) 237M->22M(368M) 1,753ms
[2393,779s][info][gc] GC(9818) Pause Young (G1 Evacuation Pause) 237M->23M(368M) 1,950ms
[2394,045s][info][gc] GC(9819) Pause Young (G1 Evacuation Pause) 237M->22M(368M) 2,417ms
[2394,304s][info][gc] GC(9820) Pause Young (G1 Evacuation Pause) 237M->22M(368M) 1,767ms
[2394,554s][info][gc] GC(9821) Pause Young (G1 Evacuation Pause) 237M->22M(368M) 1,483ms
[2394,787s][info][gc] GC(9822) Pause Young (G1 Evacuation Pause) 237M->22M(368M) 1,482ms
[2395,047s][info][gc] GC(9823) Pause Young (G1 Evacuation Pause) 237M->23M(368M) 2,331ms
[2395,305s][info][gc] GC(9824) Pause Young (G1 Evacuation Pause) 237M->22M(368M) 1,755ms
[2395,565s][info][gc] GC(9825) Pause Young (G1 Evacuation Pause) 237M->22M(368M) 1,772ms
[2395,819s][info][gc] GC(9826) Pause Young (G1 Evacuation Pause) 237M->22M(368M) 1,860ms
[2396,070s][info][gc] GC(9827) Pause Young (G1 Evacuation Pause) 237M->22M(368M) 2,972ms
[2396,303s][info][gc] GC(9828) Pause Young (G1 Evacuation Pause) 237M->22M(368M) 1,453ms
[2396,562s][info][gc] GC(9829) Pause Young (G1 Evacuation Pause) 236M->22M(368M) 1,431ms
[2396,828s][info][gc] GC(9830) Pause Young (G1 Evacuation Pause) 237M->22M(368M) 1,499ms
[2397,092s][info][gc] GC(9831) Pause Young (G1 Evacuation Pause) 237M->22M(368M) 1,751ms
[2397,346s][info][gc] GC(9832) Pause Young (G1 Evacuation Pause) 237M->22M(368M) 1,897ms
[2397,603s][info][gc] GC(9833) Pause Young (G1 Evacuation Pause) 236M->21M(368M) 1,661ms
[2397,845s][info][gc] GC(9834) Pause Young (G1 Evacuation Pause) 236M->22M(368M) 1,230ms
[2398,077s][info][gc] GC(9835) Pause Young (G1 Evacuation Pause) 237M->22M(368M) 1,212ms
[2398,309s][info][gc] GC(9836) Pause Young (G1 Evacuation Pause) 237M->22M(368M) 1,244ms
[2398,568s][info][gc] GC(9837) Pause Young (G1 Evacuation Pause) 237M->22M(368M) 1,802ms
[2398,807s][info][gc] GC(9838) Pause Young (G1 Evacuation Pause) 237M->22M(368M) 1,468ms
[2399,070s][info][gc] GC(9839) Pause Young (G1 Evacuation Pause) 237M->23M(368M) 2,439ms
[2399,327s][info][gc] GC(9840) Pause Young (G1 Evacuation Pause) 237M->22M(368M) 1,722ms
[2399,586s][info][gc] GC(9841) Pause Young (G1 Evacuation Pause) 237M->22M(368M) 1,908ms
[2399,840s][info][gc] GC(9842) Pause Young (G1 Evacuation Pause) 237M->22M(368M) 1,885ms
[2400,073s][info][gc] GC(9843) Pause Young (G1 Evacuation Pause) 236M->21M(368M) 1,249ms
[2400,305s][info][gc] GC(9844) Pause Young (G1 Evacuation Pause) 236M->22M(368M) 1,363ms
[2400,573s][info][gc] GC(9845) Pause Young (G1 Evacuation Pause) 237M->22M(368M) 10,508ms
[2400,830s][info][gc] GC(9846) Pause Young (G1 Evacuation Pause) 237M->22M(368M) 1,906ms
[2401,076s][info][gc] GC(9847) Pause Young (G1 Evacuation Pause) 237M->22M(368M) 1,380ms
[2401,309s][info][gc] GC(9848) Pause Young (G1 Evacuation Pause) 237M->22M(368M) 1,976ms
[2401,564s][info][gc] GC(9849) Pause Young (G1 Evacuation Pause) 236M->22M(368M) 1,727ms
[2401,818s][info][gc] GC(9850) Pause Young (G1 Evacuation Pause) 237M->22M(368M) 1,745ms
[2402,076s][info][gc] GC(9851) Pause Young (G1 Evacuation Pause) 237M->22M(368M) 1,624ms
[2402,310s][info][gc] GC(9852) Pause Young (G1 Evacuation Pause) 237M->22M(368M) 1,259ms
[2402,543s][info][gc] GC(9853) Pause Young (G1 Evacuation Pause) 237M->22M(368M) 1,436ms
[2402,774s][info][gc] GC(9854) Pause Young (G1 Evacuation Pause) 237M->22M(368M) 1,395ms
[2403,030s][info][gc] GC(9855) Pause Young (G1 Evacuation Pause) 236M->22M(368M) 1,807ms
[2403,274s][info][gc] GC(9856) Pause Young (G1 Evacuation Pause) 237M->22M(368M) 1,129ms
[2403,526s][info][gc] GC(9857) Pause Young (G1 Evacuation Pause) 237M->22M(368M) 1,669ms
[2403,768s][info][gc] GC(9858) Pause Young (G1 Evacuation Pause) 237M->22M(368M) 1,584ms
[2404,020s][info][gc] GC(9859) Pause Young (G1 Evacuation Pause) 237M->22M(368M) 1,917ms
[2404,253s][info][gc] GC(9860) Pause Young (G1 Evacuation Pause) 236M->22M(368M) 1,109ms
[2404,503s][info][gc] GC(9861) Pause Young (G1 Evacuation Pause) 237M->22M(368M) 1,758ms
[2404,751s][info][gc] GC(9862) Pause Young (G1 Evacuation Pause) 237M->22M(368M) 1,087ms
[2405,005s][info][gc] GC(9863) Pause Young (G1 Evacuation Pause) 237M->22M(368M) 3,210ms
[2405,258s][info][gc] GC(9864) Pause Young (G1 Evacuation Pause) 237M->22M(368M) 1,873ms
[2405,518s][info][gc] GC(9865) Pause Young (G1 Evacuation Pause) 236M->22M(368M) 2,291ms
[2405,772s][info][gc] GC(9866) Pause Young (G1 Evacuation Pause) 237M->22M(368M) 1,695ms
[2406,006s][info][gc] GC(9867) Pause Young (G1 Evacuation Pause) 237M->22M(368M) 1,211ms
[2406,240s][info][gc] GC(9868) Pause Young (G1 Evacuation Pause) 237M->22M(368M) 2,702ms
[2406,490s][info][gc] GC(9869) Pause Young (G1 Evacuation Pause) 237M->22M(368M) 2,435ms
[2406,743s][info][gc] GC(9870) Pause Young (G1 Evacuation Pause) 237M->23M(368M) 1,717ms
[2406,997s][info][gc] GC(9871) Pause Young (G1 Evacuation Pause) 237M->22M(368M) 1,679ms
[2407,251s][info][gc] GC(9872) Pause Young (G1 Evacuation Pause) 237M->22M(368M) 1,603ms
[2407,508s][info][gc] GC(9873) Pause Young (G1 Evacuation Pause) 237M->22M(368M) 1,796ms
[2407,752s][info][gc] GC(9874) Pause Young (G1 Evacuation Pause) 237M->22M(368M) 1,209ms
[2408,006s][info][gc] GC(9875) Pause Young (G1 Evacuation Pause) 237M->22M(368M) 3,506ms
[2408,251s][info][gc] GC(9876) Pause Young (G1 Evacuation Pause) 236M->22M(368M) 1,236ms
[2408,502s][info][gc] GC(9877) Pause Young (G1 Evacuation Pause) 237M->22M(368M) 1,629ms
[2408,741s][info][gc] GC(9878) Pause Young (G1 Evacuation Pause) 237M->22M(368M) 1,075ms
[2408,994s][info][gc] GC(9879) Pause Young (G1 Evacuation Pause) 237M->22M(368M) 3,306ms
[2409,227s][info][gc] GC(9880) Pause Young (G1 Evacuation Pause) 237M->22M(368M) 1,486ms
[2409,475s][info][gc] GC(9881) Pause Young (G1 Evacuation Pause) 237M->23M(368M) 1,889ms
[2409,729s][info][gc] GC(9882) Pause Young (G1 Evacuation Pause) 237M->22M(368M) 1,692ms
[2409,983s][info][gc] GC(9883) Pause Young (G1 Evacuation Pause) 237M->22M(368M) 2,485ms
[2410,219s][info][gc] GC(9884) Pause Young (G1 Evacuation Pause) 237M->22M(368M) 1,078ms
[2410,468s][info][gc] GC(9885) Pause Young (G1 Evacuation Pause) 237M->22M(368M) 1,863ms
[2410,717s][info][gc] GC(9886) Pause Young (G1 Evacuation Pause) 237M->23M(368M) 1,504ms
[2410,964s][info][gc] GC(9887) Pause Young (G1 Evacuation Pause) 237M->22M(368M) 1,759ms
[2411,218s][info][gc] GC(9888) Pause Young (G1 Evacuation Pause) 237M->22M(368M) 1,883ms
[2411,452s][info][gc] GC(9889) Pause Young (G1 Evacuation Pause) 237M->22M(368M) 1,373ms
[2411,685s][info][gc] GC(9890) Pause Young (G1 Evacuation Pause) 237M->22M(368M) 2,266ms
[2411,942s][info][gc] GC(9891) Pause Young (G1 Evacuation Pause) 236M->22M(368M) 1,348ms
[2412,176s][info][gc] GC(9892) Pause Young (G1 Evacuation Pause) 237M->22M(368M) 1,472ms
[2412,417s][info][gc] GC(9893) Pause Young (G1 Evacuation Pause) 237M->22M(368M) 1,582ms
[2412,654s][info][gc] GC(9894) Pause Young (G1 Evacuation Pause) 237M->22M(368M) 1,257ms
[2412,895s][info][gc] GC(9895) Pause Young (G1 Evacuation Pause) 237M->22M(368M) 2,277ms
[2413,137s][info][gc] GC(9896) Pause Young (G1 Evacuation Pause) 237M->22M(368M) 1,562ms
[2413,369s][info][gc] GC(9897) Pause Young (G1 Evacuation Pause) 236M->22M(368M) 1,199ms
[2413,601s][info][gc] GC(9898) Pause Young (G1 Evacuation Pause) 237M->22M(368M) 1,280ms
[2413,834s][info][gc] GC(9899) Pause Young (G1 Evacuation Pause) 237M->22M(368M) 1,506ms
[2414,067s][info][gc] GC(9900) Pause Young (G1 Evacuation Pause) 237M->22M(368M) 1,425ms
[2414,299s][info][gc] GC(9901) Pause Young (G1 Evacuation Pause) 237M->22M(368M) 1,184ms
[2414,531s][info][gc] GC(9902) Pause Young (G1 Evacuation Pause) 236M->22M(368M) 1,065ms
[2414,779s][info][gc] GC(9903) Pause Young (G1 Evacuation Pause) 237M->22M(368M) 1,594ms
[2415,017s][info][gc] GC(9904) Pause Young (G1 Evacuation Pause) 237M->22M(368M) 1,429ms
[2415,252s][info][gc] GC(9905) Pause Young (G1 Evacuation Pause) 237M->22M(368M) 1,528ms
[2415,505s][info][gc] GC(9906) Pause Young (G1 Evacuation Pause) 237M->22M(368M) 1,862ms
[2415,738s][info][gc] GC(9907) Pause Young (G1 Evacuation Pause) 236M->22M(368M) 1,176ms
[2415,970s][info][gc] GC(9908) Pause Young (G1 Evacuation Pause) 237M->22M(368M) 1,077ms
[2416,220s][info][gc] GC(9909) Pause Young (G1 Evacuation Pause) 237M->22M(368M) 1,500ms
[2416,470s][info][gc] GC(9910) Pause Young (G1 Evacuation Pause) 237M->22M(368M) 1,802ms
[2416,713s][info][gc] GC(9911) Pause Young (G1 Evacuation Pause) 237M->22M(368M) 1,284ms
[2416,945s][info][gc] GC(9912) Pause Young (G1 Evacuation Pause) 237M->23M(368M) 1,157ms
[2417,177s][info][gc] GC(9913) Pause Young (G1 Evacuation Pause) 237M->22M(368M) 1,047ms
[2417,422s][info][gc] GC(9914) Pause Young (G1 Evacuation Pause) 237M->22M(368M) 2,242ms
[2417,688s][info][gc] GC(9915) Pause Young (G1 Evacuation Pause) 237M->22M(368M) 1,754ms
[2417,937s][info][gc] GC(9916) Pause Young (G1 Evacuation Pause) 237M->22M(368M) 1,622ms
[2418,170s][info][gc] GC(9917) Pause Young (G1 Evacuation Pause) 237M->22M(368M) 2,052ms
[2418,419s][info][gc] GC(9918) Pause Young (G1 Evacuation Pause) 236M->21M(368M) 4,315ms
[2418,657s][info][gc] GC(9919) Pause Young (G1 Evacuation Pause) 236M->22M(368M) 1,474ms
[2418,898s][info][gc] GC(9920) Pause Young (G1 Evacuation Pause) 237M->22M(368M) 2,335ms
[2419,152s][info][gc] GC(9921) Pause Young (G1 Evacuation Pause) 237M->22M(368M) 1,831ms
[2419,406s][info][gc] GC(9922) Pause Young (G1 Evacuation Pause) 237M->22M(368M) 1,965ms
[2419,660s][info][gc] GC(9923) Pause Young (G1 Evacuation Pause) 236M->22M(368M) 1,674ms
[2419,918s][info][gc] GC(9924) Pause Young (G1 Evacuation Pause) 237M->22M(368M) 1,703ms
[2420,169s][info][gc] GC(9925) Pause Young (G1 Evacuation Pause) 237M->22M(368M) 1,301ms
[2420,410s][info][gc] GC(9926) Pause Young (G1 Evacuation Pause) 237M->22M(368M) 1,743ms
[2420,654s][info][gc] GC(9927) Pause Young (G1 Evacuation Pause) 237M->22M(368M) 1,275ms
[2420,895s][info][gc] GC(9928) Pause Young (G1 Evacuation Pause) 236M->22M(368M) 2,314ms
[2421,149s][info][gc] GC(9929) Pause Young (G1 Evacuation Pause) 237M->22M(368M) 1,772ms
[2421,403s][info][gc] GC(9930) Pause Young (G1 Evacuation Pause) 237M->22M(368M) 1,697ms
[2421,657s][info][gc] GC(9931) Pause Young (G1 Evacuation Pause) 237M->22M(368M) 1,652ms
[2421,905s][info][gc] GC(9932) Pause Young (G1 Evacuation Pause) 237M->22M(368M) 1,948ms
[2422,159s][info][gc] GC(9933) Pause Young (G1 Evacuation Pause) 237M->23M(368M) 1,890ms
[2422,407s][info][gc] GC(9934) Pause Young (G1 Evacuation Pause) 237M->22M(368M) 1,487ms
[2422,640s][info][gc] GC(9935) Pause Young (G1 Evacuation Pause) 237M->22M(368M) 2,433ms
[2422,872s][info][gc] GC(9936) Pause Young (G1 Evacuation Pause) 237M->22M(368M) 1,234ms
[2423,104s][info][gc] GC(9937) Pause Young (G1 Evacuation Pause) 237M->22M(368M) 1,271ms
[2423,336s][info][gc] GC(9938) Pause Young (G1 Evacuation Pause) 237M->23M(368M) 1,154ms
[2423,568s][info][gc] GC(9939) Pause Young (G1 Evacuation Pause) 237M->22M(368M) 1,187ms
[2423,800s][info][gc] GC(9940) Pause Young (G1 Evacuation Pause) 237M->22M(368M) 1,080ms
[2424,057s][info][gc] GC(9941) Pause Young (G1 Evacuation Pause) 237M->22M(368M) 1,827ms
[2424,311s][info][gc] GC(9942) Pause Young (G1 Evacuation Pause) 237M->22M(368M) 1,897ms
[2424,550s][info][gc] GC(9943) Pause Young (G1 Evacuation Pause) 237M->22M(368M) 1,162ms
[2424,821s][info][gc] GC(9944) Pause Young (G1 Evacuation Pause) 236M->22M(368M) 1,753ms
[2425,089s][info][gc] GC(9945) Pause Young (G1 Evacuation Pause) 237M->22M(368M) 1,759ms
[2425,343s][info][gc] GC(9946) Pause Young (G1 Evacuation Pause) 237M->22M(368M) 1,791ms
[2425,612s][info][gc] GC(9947) Pause Young (G1 Evacuation Pause) 237M->22M(368M) 1,739ms
[2425,847s][info][gc] GC(9948) Pause Young (G1 Evacuation Pause) 237M->22M(368M) 1,131ms
[2426,079s][info][gc] GC(9949) Pause Young (G1 Evacuation Pause) 236M->22M(368M) 1,034ms
[2426,311s][info][gc] GC(9950) Pause Young (G1 Evacuation Pause) 237M->22M(368M) 1,095ms
[2426,543s][info][gc] GC(9951) Pause Young (G1 Evacuation Pause) 237M->22M(368M) 1,155ms
[2426,775s][info][gc] GC(9952) Pause Young (G1 Evacuation Pause) 237M->22M(368M) 1,316ms
[2427,028s][info][gc] GC(9953) Pause Young (G1 Evacuation Pause) 237M->22M(368M) 1,786ms
[2427,282s][info][gc] GC(9954) Pause Young (G1 Evacuation Pause) 237M->23M(368M) 1,805ms
[2427,532s][info][gc] GC(9955) Pause Young (G1 Evacuation Pause) 237M->22M(368M) 1,470ms
[2427,765s][info][gc] GC(9956) Pause Young (G1 Evacuation Pause) 237M->22M(368M) 1,566ms
[2428,019s][info][gc] GC(9957) Pause Young (G1 Evacuation Pause) 237M->22M(368M) 1,638ms
[2428,264s][info][gc] GC(9958) Pause Young (G1 Evacuation Pause) 237M->22M(368M) 1,289ms
[2428,518s][info][gc] GC(9959) Pause Young (G1 Evacuation Pause) 237M->22M(368M) 1,849ms
[2428,757s][info][gc] GC(9960) Pause Young (G1 Evacuation Pause) 236M->22M(368M) 1,147ms
[2428,989s][info][gc] GC(9961) Pause Young (G1 Evacuation Pause) 237M->22M(368M) 1,068ms
[2429,221s][info][gc] GC(9962) Pause Young (G1 Evacuation Pause) 237M->22M(368M) 1,228ms
[2429,471s][info][gc] GC(9963) Pause Young (G1 Evacuation Pause) 237M->22M(368M) 1,827ms
[2429,729s][info][gc] GC(9964) Pause Young (G1 Evacuation Pause) 237M->22M(368M) 1,495ms
[2429,962s][info][gc] GC(9965) Pause Young (G1 Evacuation Pause) 236M->22M(368M) 1,455ms
[2430,195s][info][gc] GC(9966) Pause Young (G1 Evacuation Pause) 237M->22M(368M) 1,571ms
[2430,427s][info][gc] GC(9967) Pause Young (G1 Evacuation Pause) 237M->22M(368M) 1,262ms
[2430,685s][info][gc] GC(9968) Pause Young (G1 Evacuation Pause) 237M->22M(368M) 1,663ms
[2430,943s][info][gc] GC(9969) Pause Young (G1 Evacuation Pause) 237M->22M(368M) 1,776ms
[2431,177s][info][gc] GC(9970) Pause Young (G1 Evacuation Pause) 236M->22M(368M) 1,469ms
[2431,422s][info][gc] GC(9971) Pause Young (G1 Evacuation Pause) 237M->22M(368M) 1,756ms
[2431,679s][info][gc] GC(9972) Pause Young (G1 Evacuation Pause) 237M->22M(368M) 1,836ms
[2431,946s][info][gc] GC(9973) Pause Young (G1 Evacuation Pause) 237M->22M(368M) 2,410ms
[2432,207s][info][gc] GC(9974) Pause Young (G1 Evacuation Pause) 236M->21M(368M) 1,722ms
[2432,458s][info][gc] GC(9975) Pause Young (G1 Evacuation Pause) 237M->22M(368M) 1,300ms
[2432,694s][info][gc] GC(9976) Pause Young (G1 Evacuation Pause) 236M->22M(368M) 1,391ms
[2432,939s][info][gc] GC(9977) Pause Young (G1 Evacuation Pause) 237M->22M(368M) 1,739ms
[2433,186s][info][gc] GC(9978) Pause Young (G1 Evacuation Pause) 237M->22M(368M) 2,073ms
[2433,429s][info][gc] GC(9979) Pause Young (G1 Evacuation Pause) 237M->22M(368M) 1,828ms
[2433,680s][info][gc] GC(9980) Pause Young (G1 Evacuation Pause) 237M->23M(368M) 1,438ms
[2433,923s][info][gc] GC(9981) Pause Young (G1 Evacuation Pause) 237M->22M(368M) 1,652ms
[2434,157s][info][gc] GC(9982) Pause Young (G1 Evacuation Pause) 237M->22M(368M) 1,427ms
[2434,399s][info][gc] GC(9983) Pause Young (G1 Evacuation Pause) 237M->22M(368M) 2,338ms
[2434,632s][info][gc] GC(9984) Pause Young (G1 Evacuation Pause) 237M->22M(368M) 1,118ms
[2434,864s][info][gc] GC(9985) Pause Young (G1 Evacuation Pause) 237M->23M(368M) 1,302ms
[2435,096s][info][gc] GC(9986) Pause Young (G1 Evacuation Pause) 237M->22M(368M) 1,039ms
[2435,328s][info][gc] GC(9987) Pause Young (G1 Evacuation Pause) 237M->22M(368M) 1,153ms
[2435,586s][info][gc] GC(9988) Pause Young (G1 Evacuation Pause) 237M->22M(368M) 1,944ms
[2435,820s][info][gc] GC(9989) Pause Young (G1 Evacuation Pause) 237M->22M(368M) 1,430ms
[2436,076s][info][gc] GC(9990) Pause Young (G1 Evacuation Pause) 237M->22M(368M) 1,716ms
[2436,330s][info][gc] GC(9991) Pause Young (G1 Evacuation Pause) 236M->22M(368M) 1,666ms
[2436,584s][info][gc] GC(9992) Pause Young (G1 Evacuation Pause) 237M->22M(368M) 1,334ms
[2436,816s][info][gc] GC(9993) Pause Young (G1 Evacuation Pause) 237M->22M(368M) 1,295ms
[2437,068s][info][gc] GC(9994) Pause Young (G1 Evacuation Pause) 237M->22M(368M) 2,155ms
[2437,300s][info][gc] GC(9995) Pause Young (G1 Evacuation Pause) 237M->22M(368M) 1,192ms
[2437,559s][info][gc] GC(9996) Pause Young (G1 Evacuation Pause) 236M->22M(368M) 1,688ms
[2437,821s][info][gc] GC(9997) Pause Young (G1 Evacuation Pause) 237M->22M(368M) 1,646ms
[2438,056s][info][gc] GC(9998) Pause Young (G1 Evacuation Pause) 237M->22M(368M) 1,340ms
[2438,289s][info][gc] GC(9999) Pause Young (G1 Evacuation Pause) 237M->22M(368M) 1,266ms
[2438,551s][info][gc] GC(10000) Pause Young (G1 Evacuation Pause) 237M->22M(368M) 1,932ms
[2438,794s][info][gc] GC(10001) Pause Young (G1 Evacuation Pause) 237M->23M(368M) 1,153ms
[2439,048s][info][gc] GC(10002) Pause Young (G1 Evacuation Pause) 237M->22M(368M) 1,662ms
[2439,302s][info][gc] GC(10003) Pause Young (G1 Evacuation Pause) 237M->22M(368M) 1,845ms
[2439,565s][info][gc] GC(10004) Pause Young (G1 Evacuation Pause) 237M->22M(368M) 1,767ms
[2439,820s][info][gc] GC(10005) Pause Young (G1 Evacuation Pause) 237M->22M(368M) 2,588ms
[2440,074s][info][gc] GC(10006) Pause Young (G1 Evacuation Pause) 237M->22M(368M) 1,452ms
[2440,306s][info][gc] GC(10007) Pause Young (G1 Evacuation Pause) 236M->22M(368M) 1,308ms
[2440,565s][info][gc] GC(10008) Pause Young (G1 Evacuation Pause) 237M->22M(368M) 1,732ms
[2440,805s][info][gc] GC(10009) Pause Young (G1 Evacuation Pause) 237M->22M(368M) 3,548ms
[2441,070s][info][gc] GC(10010) Pause Young (G1 Evacuation Pause) 237M->22M(368M) 1,395ms
[2441,315s][info][gc] GC(10011) Pause Young (G1 Evacuation Pause) 237M->22M(368M) 1,791ms
[2441,582s][info][gc] GC(10012) Pause Young (G1 Evacuation Pause) 236M->22M(368M) 2,276ms
[2441,840s][info][gc] GC(10013) Pause Young (G1 Evacuation Pause) 237M->22M(368M) 1,712ms
[2442,100s][info][gc] GC(10014) Pause Young (G1 Evacuation Pause) 237M->22M(368M) 1,764ms
[2442,343s][info][gc] GC(10015) Pause Young (G1 Evacuation Pause) 237M->22M(368M) 1,558ms
[2442,594s][info][gc] GC(10016) Pause Young (G1 Evacuation Pause) 237M->22M(368M) 2,482ms
[2442,830s][info][gc] GC(10017) Pause Young (G1 Evacuation Pause) 236M->22M(368M) 1,344ms
[2443,075s][info][gc] GC(10018) Pause Young (G1 Evacuation Pause) 237M->22M(368M) 1,562ms
[2443,307s][info][gc] GC(10019) Pause Young (G1 Evacuation Pause) 237M->22M(368M) 1,259ms
[2443,564s][info][gc] GC(10020) Pause Young (G1 Evacuation Pause) 237M->22M(368M) 1,770ms
[2443,818s][info][gc] GC(10021) Pause Young (G1 Evacuation Pause) 237M->22M(368M) 1,862ms
[2444,073s][info][gc] GC(10022) Pause Young (G1 Evacuation Pause) 237M->23M(368M) 1,938ms
[2444,326s][info][gc] GC(10023) Pause Young (G1 Evacuation Pause) 237M->22M(368M) 1,744ms
[2444,581s][info][gc] GC(10024) Pause Young (G1 Evacuation Pause) 237M->22M(368M) 1,209ms
[2444,813s][info][gc] GC(10025) Pause Young (G1 Evacuation Pause) 237M->22M(368M) 1,088ms
[2445,079s][info][gc] GC(10026) Pause Young (G1 Evacuation Pause) 237M->22M(368M) 3,322ms
[2445,334s][info][gc] GC(10027) Pause Young (G1 Evacuation Pause) 237M->23M(368M) 1,895ms
[2445,591s][info][gc] GC(10028) Pause Young (G1 Evacuation Pause) 237M->22M(368M) 1,852ms
[2445,848s][info][gc] GC(10029) Pause Young (G1 Evacuation Pause) 237M->22M(368M) 1,699ms
[2446,093s][info][gc] GC(10030) Pause Young (G1 Evacuation Pause) 237M->22M(368M) 1,150ms
[2446,325s][info][gc] GC(10031) Pause Young (G1 Evacuation Pause) 237M->22M(368M) 1,161ms
[2446,574s][info][gc] GC(10032) Pause Young (G1 Evacuation Pause) 237M->22M(368M) 2,641ms
[2446,807s][info][gc] GC(10033) Pause Young (G1 Evacuation Pause) 236M->22M(368M) 1,460ms
[2447,062s][info][gc] GC(10034) Pause Young (G1 Evacuation Pause) 237M->22M(368M) 1,791ms
[2447,316s][info][gc] GC(10035) Pause Young (G1 Evacuation Pause) 237M->22M(368M) 1,646ms
[2447,548s][info][gc] GC(10036) Pause Young (G1 Evacuation Pause) 237M->22M(368M) 1,239ms
[2447,780s][info][gc] GC(10037) Pause Young (G1 Evacuation Pause) 237M->22M(368M) 1,150ms
[2448,012s][info][gc] GC(10038) Pause Young (G1 Evacuation Pause) 236M->22M(368M) 1,169ms
[2448,244s][info][gc] GC(10039) Pause Young (G1 Evacuation Pause) 237M->22M(368M) 1,181ms
[2448,476s][info][gc] GC(10040) Pause Young (G1 Evacuation Pause) 237M->22M(368M) 1,345ms
[2448,718s][info][gc] GC(10041) Pause Young (G1 Evacuation Pause) 237M->22M(368M) 1,422ms
[2448,951s][info][gc] GC(10042) Pause Young (G1 Evacuation Pause) 237M->22M(368M) 1,544ms
[2449,196s][info][gc] GC(10043) Pause Young (G1 Evacuation Pause) 237M->23M(368M) 1,483ms
[2449,428s][info][gc] GC(10044) Pause Young (G1 Evacuation Pause) 237M->22M(368M) 1,330ms
[2449,688s][info][gc] GC(10045) Pause Young (G1 Evacuation Pause) 237M->22M(368M) 1,835ms
[2449,921s][info][gc] GC(10046) Pause Young (G1 Evacuation Pause) 237M->22M(368M) 1,284ms
[2450,153s][info][gc] GC(10047) Pause Young (G1 Evacuation Pause) 237M->22M(368M) 1,194ms
[2450,394s][info][gc] GC(10048) Pause Young (G1 Evacuation Pause) 237M->23M(368M) 2,506ms
[2450,650s][info][gc] GC(10049) Pause Young (G1 Evacuation Pause) 237M->22M(368M) 1,737ms
[2450,909s][info][gc] GC(10050) Pause Young (G1 Evacuation Pause) 237M->22M(368M) 3,170ms
[2451,162s][info][gc] GC(10051) Pause Young (G1 Evacuation Pause) 237M->22M(368M) 1,550ms
[2451,406s][info][gc] GC(10052) Pause Young (G1 Evacuation Pause) 237M->22M(368M) 2,214ms
[2451,641s][info][gc] GC(10053) Pause Young (G1 Evacuation Pause) 237M->22M(368M) 1,512ms
[2451,881s][info][gc] GC(10054) Pause Young (G1 Evacuation Pause) 236M->22M(368M) 3,314ms
[2452,135s][info][gc] GC(10055) Pause Young (G1 Evacuation Pause) 237M->22M(368M) 1,710ms
[2452,378s][info][gc] GC(10056) Pause Young (G1 Evacuation Pause) 237M->22M(368M) 1,459ms
[2452,610s][info][gc] GC(10057) Pause Young (G1 Evacuation Pause) 237M->22M(368M) 1,104ms
[2452,857s][info][gc] GC(10058) Pause Young (G1 Evacuation Pause) 237M->22M(368M) 1,506ms
[2453,113s][info][gc] GC(10059) Pause Young (G1 Evacuation Pause) 237M->23M(368M) 1,887ms
[2453,356s][info][gc] GC(10060) Pause Young (G1 Evacuation Pause) 237M->22M(368M) 1,047ms
[2453,612s][info][gc] GC(10061) Pause Young (G1 Evacuation Pause) 237M->22M(368M) 2,247ms
[2453,870s][info][gc] GC(10062) Pause Young (G1 Evacuation Pause) 237M->22M(368M) 4,143ms
[2454,124s][info][gc] GC(10063) Pause Young (G1 Evacuation Pause) 237M->22M(368M) 1,837ms
[2454,376s][info][gc] GC(10064) Pause Young (G1 Evacuation Pause) 237M->23M(368M) 1,147ms
[2454,608s][info][gc] GC(10065) Pause Young (G1 Evacuation Pause) 237M->22M(368M) 1,204ms
[2454,840s][info][gc] GC(10066) Pause Young (G1 Evacuation Pause) 237M->22M(368M) 1,078ms
[2455,079s][info][gc] GC(10067) Pause Young (G1 Evacuation Pause) 237M->22M(368M) 1,192ms
[2455,311s][info][gc] GC(10068) Pause Young (G1 Evacuation Pause) 237M->22M(368M) 1,302ms
[2455,567s][info][gc] GC(10069) Pause Young (G1 Evacuation Pause) 237M->22M(368M) 1,923ms
[2455,810s][info][gc] GC(10070) Pause Young (G1 Evacuation Pause) 236M->22M(368M) 1,123ms
[2456,060s][info][gc] GC(10071) Pause Young (G1 Evacuation Pause) 237M->22M(368M) 4,557ms
[2456,328s][info][gc] GC(10072) Pause Young (G1 Evacuation Pause) 237M->22M(368M) 1,782ms
[2456,585s][info][gc] GC(10073) Pause Young (G1 Evacuation Pause) 237M->22M(368M) 2,026ms
[2456,818s][info][gc] GC(10074) Pause Young (G1 Evacuation Pause) 237M->22M(368M) 1,378ms
[2457,077s][info][gc] GC(10075) Pause Young (G1 Evacuation Pause) 236M->22M(368M) 2,108ms
[2457,332s][info][gc] GC(10076) Pause Young (G1 Evacuation Pause) 237M->22M(368M) 2,151ms
[2457,597s][info][gc] GC(10077) Pause Young (G1 Evacuation Pause) 237M->22M(368M) 1,725ms
[2457,851s][info][gc] GC(10078) Pause Young (G1 Evacuation Pause) 237M->22M(368M) 1,787ms
[2458,138s][info][gc] GC(10079) Pause Young (G1 Evacuation Pause) 237M->23M(368M) 2,363ms
[2458,376s][info][gc] GC(10080) Pause Young (G1 Evacuation Pause) 237M->22M(368M) 1,303ms
[2458,608s][info][gc] GC(10081) Pause Young (G1 Evacuation Pause) 237M->22M(368M) 1,295ms
[2458,842s][info][gc] GC(10082) Pause Young (G1 Evacuation Pause) 237M->22M(368M) 1,357ms
[2459,108s][info][gc] GC(10083) Pause Young (G1 Evacuation Pause) 237M->22M(368M) 2,275ms
[2459,345s][info][gc] GC(10084) Pause Young (G1 Evacuation Pause) 237M->22M(368M) 1,541ms
[2459,605s][info][gc] GC(10085) Pause Young (G1 Evacuation Pause) 236M->22M(368M) 1,754ms
[2459,838s][info][gc] GC(10086) Pause Young (G1 Evacuation Pause) 237M->22M(368M) 1,096ms
[2460,070s][info][gc] GC(10087) Pause Young (G1 Evacuation Pause) 237M->22M(368M) 1,215ms
[2460,302s][info][gc] GC(10088) Pause Young (G1 Evacuation Pause) 237M->22M(368M) 1,256ms
[2460,561s][info][gc] GC(10089) Pause Young (G1 Evacuation Pause) 237M->22M(368M) 2,271ms
[2460,795s][info][gc] GC(10090) Pause Young (G1 Evacuation Pause) 237M->23M(368M) 1,493ms
[2461,039s][info][gc] GC(10091) Pause Young (G1 Evacuation Pause) 237M->22M(368M) 1,239ms
[2461,272s][info][gc] GC(10092) Pause Young (G1 Evacuation Pause) 237M->22M(368M) 1,211ms
[2461,504s][info][gc] GC(10093) Pause Young (G1 Evacuation Pause) 237M->22M(368M) 1,245ms
[2461,737s][info][gc] GC(10094) Pause Young (G1 Evacuation Pause) 237M->22M(368M) 1,384ms
[2461,985s][info][gc] GC(10095) Pause Young (G1 Evacuation Pause) 237M->22M(368M) 1,861ms
[2462,240s][info][gc] GC(10096) Pause Young (G1 Evacuation Pause) 236M->22M(368M) 1,049ms
[2462,494s][info][gc] GC(10097) Pause Young (G1 Evacuation Pause) 237M->22M(368M) 1,688ms
[2462,743s][info][gc] GC(10098) Pause Young (G1 Evacuation Pause) 237M->22M(368M) 1,381ms
[2462,995s][info][gc] GC(10099) Pause Young (G1 Evacuation Pause) 237M->22M(368M) 1,825ms
[2463,242s][info][gc] GC(10100) Pause Young (G1 Evacuation Pause) 237M->22M(368M) 1,340ms
[2463,494s][info][gc] GC(10101) Pause Young (G1 Evacuation Pause) 236M->22M(368M) 1,752ms
[2463,748s][info][gc] GC(10102) Pause Young (G1 Evacuation Pause) 237M->22M(368M) 1,619ms
[2463,981s][info][gc] GC(10103) Pause Young (G1 Evacuation Pause) 237M->22M(368M) 1,086ms
[2464,239s][info][gc] GC(10104) Pause Young (G1 Evacuation Pause) 237M->22M(368M) 1,910ms
[2464,511s][info][gc] GC(10105) Pause Young (G1 Evacuation Pause) 237M->22M(368M) 2,502ms
[2464,753s][info][gc] GC(10106) Pause Young (G1 Evacuation Pause) 236M->22M(368M) 1,012ms
[2465,028s][info][gc] GC(10107) Pause Young (G1 Evacuation Pause) 237M->22M(368M) 1,359ms
[2465,261s][info][gc] GC(10108) Pause Young (G1 Evacuation Pause) 237M->22M(368M) 1,491ms
[2465,515s][info][gc] GC(10109) Pause Young (G1 Evacuation Pause) 237M->22M(368M) 1,718ms
[2465,768s][info][gc] GC(10110) Pause Young (G1 Evacuation Pause) 237M->22M(368M) 1,829ms
[2466,022s][info][gc] GC(10111) Pause Young (G1 Evacuation Pause) 236M->22M(368M) 1,575ms
[2466,275s][info][gc] GC(10112) Pause Young (G1 Evacuation Pause) 237M->22M(368M) 1,706ms
[2466,532s][info][gc] GC(10113) Pause Young (G1 Evacuation Pause) 237M->22M(368M) 1,759ms
[2466,775s][info][gc] GC(10114) Pause Young (G1 Evacuation Pause) 237M->22M(368M) 1,247ms
[2467,030s][info][gc] GC(10115) Pause Young (G1 Evacuation Pause) 237M->22M(368M) 1,852ms
[2467,284s][info][gc] GC(10116) Pause Young (G1 Evacuation Pause) 237M->22M(368M) 1,771ms
[2467,538s][info][gc] GC(10117) Pause Young (G1 Evacuation Pause) 236M->22M(368M) 1,575ms
[2467,792s][info][gc] GC(10118) Pause Young (G1 Evacuation Pause) 237M->22M(368M) 1,753ms
[2468,047s][info][gc] GC(10119) Pause Young (G1 Evacuation Pause) 237M->22M(368M) 2,983ms
[2468,282s][info][gc] GC(10120) Pause Young (G1 Evacuation Pause) 237M->22M(368M) 1,115ms
[2468,539s][info][gc] GC(10121) Pause Young (G1 Evacuation Pause) 237M->22M(368M) 4,144ms
[2468,799s][info][gc] GC(10122) Pause Young (G1 Evacuation Pause) 236M->22M(368M) 1,527ms
[2469,032s][info][gc] GC(10123) Pause Young (G1 Evacuation Pause) 237M->22M(368M) 1,488ms
[2469,265s][info][gc] GC(10124) Pause Young (G1 Evacuation Pause) 237M->22M(368M) 1,357ms
[2469,520s][info][gc] GC(10125) Pause Young (G1 Evacuation Pause) 237M->22M(368M) 1,726ms
[2469,779s][info][gc] GC(10126) Pause Young (G1 Evacuation Pause) 237M->22M(368M) 1,753ms
[2470,013s][info][gc] GC(10127) Pause Young (G1 Evacuation Pause) 237M->23M(368M) 1,483ms
[2470,245s][info][gc] GC(10128) Pause Young (G1 Evacuation Pause) 237M->22M(368M) 1,092ms
[2470,494s][info][gc] GC(10129) Pause Young (G1 Evacuation Pause) 237M->22M(368M) 1,724ms
[2470,734s][info][gc] GC(10130) Pause Young (G1 Evacuation Pause) 237M->22M(368M) 1,250ms
[2470,982s][info][gc] GC(10131) Pause Young (G1 Evacuation Pause) 237M->22M(368M) 1,838ms
[2471,236s][info][gc] GC(10132) Pause Young (G1 Evacuation Pause) 237M->23M(368M) 1,964ms
[2471,494s][info][gc] GC(10133) Pause Young (G1 Evacuation Pause) 237M->22M(368M) 1,656ms
[2471,727s][info][gc] GC(10134) Pause Young (G1 Evacuation Pause) 237M->22M(368M) 1,531ms
[2471,960s][info][gc] GC(10135) Pause Young (G1 Evacuation Pause) 237M->22M(368M) 1,591ms
[2472,194s][info][gc] GC(10136) Pause Young (G1 Evacuation Pause) 237M->22M(368M) 2,863ms
[2472,438s][info][gc] GC(10137) Pause Young (G1 Evacuation Pause) 236M->21M(368M) 2,111ms
[2472,680s][info][gc] GC(10138) Pause Young (G1 Evacuation Pause) 236M->22M(368M) 1,208ms
[2472,912s][info][gc] GC(10139) Pause Young (G1 Evacuation Pause) 237M->22M(368M) 1,237ms
[2473,144s][info][gc] GC(10140) Pause Young (G1 Evacuation Pause) 237M->22M(368M) 1,329ms
[2473,377s][info][gc] GC(10141) Pause Young (G1 Evacuation Pause) 237M->22M(368M) 1,268ms
[2473,609s][info][gc] GC(10142) Pause Young (G1 Evacuation Pause) 237M->22M(368M) 1,344ms
[2473,841s][info][gc] GC(10143) Pause Young (G1 Evacuation Pause) 237M->23M(368M) 1,295ms
[2474,082s][info][gc] GC(10144) Pause Young (G1 Evacuation Pause) 237M->22M(368M) 4,028ms
[2474,343s][info][gc] GC(10145) Pause Young (G1 Evacuation Pause) 237M->22M(368M) 1,227ms
[2474,608s][info][gc] GC(10146) Pause Young (G1 Evacuation Pause) 237M->22M(368M) 1,894ms
[2474,862s][info][gc] GC(10147) Pause Young (G1 Evacuation Pause) 237M->22M(368M) 1,726ms
[2475,119s][info][gc] GC(10148) Pause Young (G1 Evacuation Pause) 237M->23M(368M) 1,898ms
[2475,358s][info][gc] GC(10149) Pause Young (G1 Evacuation Pause) 237M->22M(368M) 1,488ms
[2475,591s][info][gc] GC(10150) Pause Young (G1 Evacuation Pause) 237M->22M(368M) 1,595ms
[2475,824s][info][gc] GC(10151) Pause Young (G1 Evacuation Pause) 237M->22M(368M) 1,386ms
[2476,079s][info][gc] GC(10152) Pause Young (G1 Evacuation Pause) 237M->22M(368M) 1,913ms
[2476,333s][info][gc] GC(10153) Pause Young (G1 Evacuation Pause) 236M->22M(368M) 1,657ms
[2476,590s][info][gc] GC(10154) Pause Young (G1 Evacuation Pause) 237M->21M(368M) 3,346ms
[2476,822s][info][gc] GC(10155) Pause Young (G1 Evacuation Pause) 236M->22M(368M) 1,227ms
[2477,078s][info][gc] GC(10156) Pause Young (G1 Evacuation Pause) 237M->22M(368M) 1,743ms
[2477,332s][info][gc] GC(10157) Pause Young (G1 Evacuation Pause) 237M->22M(368M) 1,884ms
[2477,586s][info][gc] GC(10158) Pause Young (G1 Evacuation Pause) 237M->22M(368M) 1,804ms
[2477,839s][info][gc] GC(10159) Pause Young (G1 Evacuation Pause) 236M->22M(368M) 1,449ms
[2478,097s][info][gc] GC(10160) Pause Young (G1 Evacuation Pause) 237M->22M(368M) 1,597ms
[2478,335s][info][gc] GC(10161) Pause Young (G1 Evacuation Pause) 237M->22M(368M) 1,204ms
[2478,568s][info][gc] GC(10162) Pause Young (G1 Evacuation Pause) 237M->22M(368M) 2,265ms
[2478,801s][info][gc] GC(10163) Pause Young (G1 Evacuation Pause) 237M->22M(368M) 1,413ms
[2479,058s][info][gc] GC(10164) Pause Young (G1 Evacuation Pause) 236M->22M(368M) 1,729ms
[2479,312s][info][gc] GC(10165) Pause Young (G1 Evacuation Pause) 237M->22M(368M) 1,721ms
[2479,570s][info][gc] GC(10166) Pause Young (G1 Evacuation Pause) 237M->22M(368M) 1,858ms
[2479,824s][info][gc] GC(10167) Pause Young (G1 Evacuation Pause) 237M->22M(368M) 1,774ms
[2480,086s][info][gc] GC(10168) Pause Young (G1 Evacuation Pause) 237M->22M(368M) 1,824ms
[2480,321s][info][gc] GC(10169) Pause Young (G1 Evacuation Pause) 236M->22M(368M) 1,063ms
[2480,558s][info][gc] GC(10170) Pause Young (G1 Evacuation Pause) 237M->22M(368M) 3,889ms
[2480,797s][info][gc] GC(10171) Pause Young (G1 Evacuation Pause) 237M->22M(368M) 1,202ms
[2481,029s][info][gc] GC(10172) Pause Young (G1 Evacuation Pause) 237M->22M(368M) 1,280ms
[2481,261s][info][gc] GC(10173) Pause Young (G1 Evacuation Pause) 237M->22M(368M) 1,272ms
[2481,511s][info][gc] GC(10174) Pause Young (G1 Evacuation Pause) 237M->23M(368M) 1,988ms
[2481,765s][info][gc] GC(10175) Pause Young (G1 Evacuation Pause) 237M->22M(368M) 1,781ms
[2482,025s][info][gc] GC(10176) Pause Young (G1 Evacuation Pause) 237M->22M(368M) 1,685ms
[2482,279s][info][gc] GC(10177) Pause Young (G1 Evacuation Pause) 237M->22M(368M) 1,742ms
[2482,519s][info][gc] GC(10178) Pause Young (G1 Evacuation Pause) 237M->22M(368M) 1,152ms
[2482,751s][info][gc] GC(10179) Pause Young (G1 Evacuation Pause) 237M->23M(368M) 1,259ms
[2483,023s][info][gc] GC(10180) Pause Young (G1 Evacuation Pause) 237M->22M(368M) 1,686ms
[2483,270s][info][gc] GC(10181) Pause Young (G1 Evacuation Pause) 237M->22M(368M) 1,265ms
[2483,502s][info][gc] GC(10182) Pause Young (G1 Evacuation Pause) 237M->22M(368M) 1,300ms
[2483,753s][info][gc] GC(10183) Pause Young (G1 Evacuation Pause) 237M->22M(368M) 1,932ms
[2484,009s][info][gc] GC(10184) Pause Young (G1 Evacuation Pause) 237M->22M(368M) 3,447ms
[2484,242s][info][gc] GC(10185) Pause Young (G1 Evacuation Pause) 236M->22M(368M) 1,407ms
[2484,492s][info][gc] GC(10186) Pause Young (G1 Evacuation Pause) 237M->22M(368M) 1,347ms
[2484,725s][info][gc] GC(10187) Pause Young (G1 Evacuation Pause) 237M->22M(368M) 1,617ms
[2484,972s][info][gc] GC(10188) Pause Young (G1 Evacuation Pause) 237M->22M(368M) 1,888ms
[2485,226s][info][gc] GC(10189) Pause Young (G1 Evacuation Pause) 237M->22M(368M) 1,714ms
[2485,486s][info][gc] GC(10190) Pause Young (G1 Evacuation Pause) 237M->23M(368M) 1,941ms
[2485,739s][info][gc] GC(10191) Pause Young (G1 Evacuation Pause) 237M->22M(368M) 1,852ms
[2485,996s][info][gc] GC(10192) Pause Young (G1 Evacuation Pause) 237M->22M(368M) 1,778ms
[2486,250s][info][gc] GC(10193) Pause Young (G1 Evacuation Pause) 237M->22M(368M) 1,745ms
[2486,506s][info][gc] GC(10194) Pause Young (G1 Evacuation Pause) 237M->22M(368M) 1,950ms
[2486,745s][info][gc] GC(10195) Pause Young (G1 Evacuation Pause) 236M->22M(368M) 1,198ms
[2486,997s][info][gc] GC(10196) Pause Young (G1 Evacuation Pause) 237M->22M(368M) 1,598ms
[2487,251s][info][gc] GC(10197) Pause Young (G1 Evacuation Pause) 237M->22M(368M) 1,841ms
[2487,510s][info][gc] GC(10198) Pause Young (G1 Evacuation Pause) 237M->22M(368M) 3,354ms
[2487,745s][info][gc] GC(10199) Pause Young (G1 Evacuation Pause) 237M->22M(368M) 4,086ms
[2487,979s][info][gc] GC(10200) Pause Young (G1 Evacuation Pause) 236M->22M(368M) 1,449ms
[2488,211s][info][gc] GC(10201) Pause Young (G1 Evacuation Pause) 237M->22M(368M) 1,162ms
[2488,444s][info][gc] GC(10202) Pause Young (G1 Evacuation Pause) 237M->22M(368M) 1,316ms
[2488,685s][info][gc] GC(10203) Pause Young (G1 Evacuation Pause) 237M->22M(368M) 2,220ms
[2488,956s][info][gc] GC(10204) Pause Young (G1 Evacuation Pause) 237M->22M(368M) 2,326ms
[2489,192s][info][gc] GC(10205) Pause Young (G1 Evacuation Pause) 237M->22M(368M) 1,422ms
[2489,439s][info][gc] GC(10206) Pause Young (G1 Evacuation Pause) 236M->22M(368M) 1,830ms
[2489,673s][info][gc] GC(10207) Pause Young (G1 Evacuation Pause) 237M->22M(368M) 1,427ms
[2489,906s][info][gc] GC(10208) Pause Young (G1 Evacuation Pause) 237M->22M(368M) 1,622ms
[2490,155s][info][gc] GC(10209) Pause Young (G1 Evacuation Pause) 237M->22M(368M) 1,593ms
[2490,399s][info][gc] GC(10210) Pause Young (G1 Evacuation Pause) 237M->22M(368M) 4,393ms
[2490,661s][info][gc] GC(10211) Pause Young (G1 Evacuation Pause) 236M->22M(368M) 1,465ms
[2490,893s][info][gc] GC(10212) Pause Young (G1 Evacuation Pause) 237M->22M(368M) 1,315ms
[2491,126s][info][gc] GC(10213) Pause Young (G1 Evacuation Pause) 237M->22M(368M) 1,294ms
[2491,358s][info][gc] GC(10214) Pause Young (G1 Evacuation Pause) 237M->22M(368M) 1,197ms
[2491,613s][info][gc] GC(10215) Pause Young (G1 Evacuation Pause) 237M->22M(368M) 1,391ms
[2491,845s][info][gc] GC(10216) Pause Young (G1 Evacuation Pause) 236M->22M(368M) 1,306ms
[2492,098s][info][gc] GC(10217) Pause Young (G1 Evacuation Pause) 237M->22M(368M) 1,192ms
[2492,330s][info][gc] GC(10218) Pause Young (G1 Evacuation Pause) 237M->22M(368M) 1,315ms
[2492,567s][info][gc] GC(10219) Pause Young (G1 Evacuation Pause) 237M->22M(368M) 1,264ms
[2492,799s][info][gc] GC(10220) Pause Young (G1 Evacuation Pause) 237M->22M(368M) 1,245ms
[2493,031s][info][gc] GC(10221) Pause Young (G1 Evacuation Pause) 237M->23M(368M) 1,282ms
[2493,263s][info][gc] GC(10222) Pause Young (G1 Evacuation Pause) 237M->22M(368M) 1,209ms
[2493,495s][info][gc] GC(10223) Pause Young (G1 Evacuation Pause) 237M->22M(368M) 1,155ms
[2493,741s][info][gc] GC(10224) Pause Young (G1 Evacuation Pause) 237M->22M(368M) 1,623ms
[2493,994s][info][gc] GC(10225) Pause Young (G1 Evacuation Pause) 237M->22M(368M) 1,852ms
[2494,248s][info][gc] GC(10226) Pause Young (G1 Evacuation Pause) 237M->22M(368M) 1,819ms
[2494,505s][info][gc] GC(10227) Pause Young (G1 Evacuation Pause) 236M->22M(368M) 1,027ms
[2494,737s][info][gc] GC(10228) Pause Young (G1 Evacuation Pause) 237M->22M(368M) 1,160ms
[2494,970s][info][gc] GC(10229) Pause Young (G1 Evacuation Pause) 237M->22M(368M) 1,680ms
[2495,202s][info][gc] GC(10230) Pause Young (G1 Evacuation Pause) 237M->22M(368M) 1,233ms
[2495,434s][info][gc] GC(10231) Pause Young (G1 Evacuation Pause) 237M->22M(368M) 1,247ms
[2495,676s][info][gc] GC(10232) Pause Young (G1 Evacuation Pause) 237M->23M(368M) 3,643ms
[2495,915s][info][gc] GC(10233) Pause Young (G1 Evacuation Pause) 237M->22M(368M) 1,081ms
[2496,147s][info][gc] GC(10234) Pause Young (G1 Evacuation Pause) 237M->22M(368M) 1,149ms
[2496,388s][info][gc] GC(10235) Pause Young (G1 Evacuation Pause) 237M->22M(368M) 4,157ms
[2496,635s][info][gc] GC(10236) Pause Young (G1 Evacuation Pause) 237M->22M(368M) 1,376ms
[2496,872s][info][gc] GC(10237) Pause Young (G1 Evacuation Pause) 236M->22M(368M) 4,051ms
[2497,150s][info][gc] GC(10238) Pause Young (G1 Evacuation Pause) 237M->22M(368M) 2,429ms
[2497,414s][info][gc] GC(10239) Pause Young (G1 Evacuation Pause) 237M->22M(368M) 1,360ms
[2497,647s][info][gc] GC(10240) Pause Young (G1 Evacuation Pause) 237M->22M(368M) 1,533ms
[2497,880s][info][gc] GC(10241) Pause Young (G1 Evacuation Pause) 237M->22M(368M) 1,526ms
[2498,113s][info][gc] GC(10242) Pause Young (G1 Evacuation Pause) 237M->23M(368M) 1,511ms
[2498,345s][info][gc] GC(10243) Pause Young (G1 Evacuation Pause) 237M->22M(368M) 1,223ms
[2498,607s][info][gc] GC(10244) Pause Young (G1 Evacuation Pause) 237M->22M(368M) 1,823ms
[2498,861s][info][gc] GC(10245) Pause Young (G1 Evacuation Pause) 237M->22M(368M) 1,501ms
[2499,094s][info][gc] GC(10246) Pause Young (G1 Evacuation Pause) 237M->22M(368M) 1,544ms
[2499,327s][info][gc] GC(10247) Pause Young (G1 Evacuation Pause) 237M->22M(368M) 1,433ms
[2499,588s][info][gc] GC(10248) Pause Young (G1 Evacuation Pause) 236M->22M(368M) 1,659ms
[2499,842s][info][gc] GC(10249) Pause Young (G1 Evacuation Pause) 237M->22M(368M) 1,418ms
[2500,098s][info][gc] GC(10250) Pause Young (G1 Evacuation Pause) 237M->22M(368M) 1,855ms
[2500,353s][info][gc] GC(10251) Pause Young (G1 Evacuation Pause) 237M->22M(368M) 2,456ms
[2500,610s][info][gc] GC(10252) Pause Young (G1 Evacuation Pause) 237M->22M(368M) 1,309ms
[2500,843s][info][gc] GC(10253) Pause Young (G1 Evacuation Pause) 236M->22M(368M) 2,111ms
[2501,075s][info][gc] GC(10254) Pause Young (G1 Evacuation Pause) 237M->22M(368M) 1,167ms
[2501,307s][info][gc] GC(10255) Pause Young (G1 Evacuation Pause) 237M->22M(368M) 1,063ms
[2501,539s][info][gc] GC(10256) Pause Young (G1 Evacuation Pause) 237M->22M(368M) 1,339ms
[2501,772s][info][gc] GC(10257) Pause Young (G1 Evacuation Pause) 237M->22M(368M) 2,155ms
[2502,006s][info][gc] GC(10258) Pause Young (G1 Evacuation Pause) 237M->22M(368M) 2,436ms
[2502,245s][info][gc] GC(10259) Pause Young (G1 Evacuation Pause) 236M->22M(368M) 1,699ms
[2502,480s][info][gc] GC(10260) Pause Young (G1 Evacuation Pause) 237M->22M(368M) 1,389ms
[2502,720s][info][gc] GC(10261) Pause Young (G1 Evacuation Pause) 237M->22M(368M) 1,482ms
[2502,959s][info][gc] GC(10262) Pause Young (G1 Evacuation Pause) 237M->22M(368M) 1,571ms
[2503,194s][info][gc] GC(10263) Pause Young (G1 Evacuation Pause) 237M->22M(368M) 2,017ms
[2503,447s][info][gc] GC(10264) Pause Young (G1 Evacuation Pause) 236M->22M(368M) 2,387ms
[2503,706s][info][gc] GC(10265) Pause Young (G1 Evacuation Pause) 237M->22M(368M) 1,788ms
[2503,951s][info][gc] GC(10266) Pause Young (G1 Evacuation Pause) 237M->22M(368M) 1,078ms
[2504,183s][info][gc] GC(10267) Pause Young (G1 Evacuation Pause) 237M->22M(368M) 1,272ms
[2504,423s][info][gc] GC(10268) Pause Young (G1 Evacuation Pause) 237M->22M(368M) 2,585ms
[2504,676s][info][gc] GC(10269) Pause Young (G1 Evacuation Pause) 236M->22M(368M) 1,725ms
[2504,933s][info][gc] GC(10270) Pause Young (G1 Evacuation Pause) 237M->22M(368M) 1,820ms
[2505,176s][info][gc] GC(10271) Pause Young (G1 Evacuation Pause) 237M->22M(368M) 1,245ms
[2505,432s][info][gc] GC(10272) Pause Young (G1 Evacuation Pause) 237M->22M(368M) 1,819ms
[2505,670s][info][gc] GC(10273) Pause Young (G1 Evacuation Pause) 237M->22M(368M) 4,270ms
[2505,931s][info][gc] GC(10274) Pause Young (G1 Evacuation Pause) 236M->22M(368M) 1,659ms
[2506,164s][info][gc] GC(10275) Pause Young (G1 Evacuation Pause) 237M->22M(368M) 1,223ms
[2506,405s][info][gc] GC(10276) Pause Young (G1 Evacuation Pause) 237M->22M(368M) 2,210ms
[2506,650s][info][gc] GC(10277) Pause Young (G1 Evacuation Pause) 237M->22M(368M) 1,307ms
[2506,882s][info][gc] GC(10278) Pause Young (G1 Evacuation Pause) 237M->22M(368M) 1,290ms
[2507,116s][info][gc] GC(10279) Pause Young (G1 Evacuation Pause) 237M->23M(368M) 1,352ms
[2507,349s][info][gc] GC(10280) Pause Young (G1 Evacuation Pause) 237M->22M(368M) 1,359ms
[2507,609s][info][gc] GC(10281) Pause Young (G1 Evacuation Pause) 237M->22M(368M) 1,791ms
[2507,844s][info][gc] GC(10282) Pause Young (G1 Evacuation Pause) 237M->22M(368M) 1,146ms
[2508,078s][info][gc] GC(10283) Pause Young (G1 Evacuation Pause) 237M->22M(368M) 2,413ms
[2508,310s][info][gc] GC(10284) Pause Young (G1 Evacuation Pause) 236M->22M(368M) 1,051ms
[2508,568s][info][gc] GC(10285) Pause Young (G1 Evacuation Pause) 237M->22M(368M) 1,444ms
[2508,803s][info][gc] GC(10286) Pause Young (G1 Evacuation Pause) 237M->22M(368M) 2,016ms
[2509,059s][info][gc] GC(10287) Pause Young (G1 Evacuation Pause) 237M->22M(368M) 1,726ms
[2509,313s][info][gc] GC(10288) Pause Young (G1 Evacuation Pause) 237M->22M(368M) 1,920ms
[2509,571s][info][gc] GC(10289) Pause Young (G1 Evacuation Pause) 237M->22M(368M) 1,787ms
[2509,809s][info][gc] GC(10290) Pause Young (G1 Evacuation Pause) 236M->22M(368M) 1,159ms
[2510,064s][info][gc] GC(10291) Pause Young (G1 Evacuation Pause) 237M->22M(368M) 1,736ms
[2510,318s][info][gc] GC(10292) Pause Young (G1 Evacuation Pause) 237M->22M(368M) 1,819ms
[2510,572s][info][gc] GC(10293) Pause Young (G1 Evacuation Pause) 237M->22M(368M) 1,919ms
[2510,829s][info][gc] GC(10294) Pause Young (G1 Evacuation Pause) 237M->22M(368M) 1,705ms
[2511,087s][info][gc] GC(10295) Pause Young (G1 Evacuation Pause) 236M->22M(368M) 1,717ms
[2511,341s][info][gc] GC(10296) Pause Young (G1 Evacuation Pause) 237M->22M(368M) 1,747ms
[2511,600s][info][gc] GC(10297) Pause Young (G1 Evacuation Pause) 237M->22M(368M) 1,706ms
[2511,854s][info][gc] GC(10298) Pause Young (G1 Evacuation Pause) 237M->22M(368M) 1,878ms
[2512,088s][info][gc] GC(10299) Pause Young (G1 Evacuation Pause) 237M->22M(368M) 1,312ms
[2512,321s][info][gc] GC(10300) Pause Young (G1 Evacuation Pause) 237M->23M(368M) 1,551ms
[2512,578s][info][gc] GC(10301) Pause Young (G1 Evacuation Pause) 237M->22M(368M) 2,600ms
[2512,810s][info][gc] GC(10302) Pause Young (G1 Evacuation Pause) 237M->22M(368M) 1,094ms
[2513,057s][info][gc] GC(10303) Pause Young (G1 Evacuation Pause) 237M->22M(368M) 1,225ms
[2513,289s][info][gc] GC(10304) Pause Young (G1 Evacuation Pause) 237M->22M(368M) 1,291ms
[2513,521s][info][gc] GC(10305) Pause Young (G1 Evacuation Pause) 237M->23M(368M) 1,161ms
[2513,753s][info][gc] GC(10306) Pause Young (G1 Evacuation Pause) 237M->22M(368M) 1,110ms
[2514,003s][info][gc] GC(10307) Pause Young (G1 Evacuation Pause) 237M->22M(368M) 2,412ms
[2514,235s][info][gc] GC(10308) Pause Young (G1 Evacuation Pause) 237M->22M(368M) 1,131ms
[2514,487s][info][gc] GC(10309) Pause Young (G1 Evacuation Pause) 237M->22M(368M) 2,634ms
[2514,732s][info][gc] GC(10310) Pause Young (G1 Evacuation Pause) 237M->22M(368M) 1,332ms
[2514,981s][info][gc] GC(10311) Pause Young (G1 Evacuation Pause) 236M->22M(368M) 1,597ms
[2515,235s][info][gc] GC(10312) Pause Young (G1 Evacuation Pause) 237M->22M(368M) 1,810ms
[2515,495s][info][gc] GC(10313) Pause Young (G1 Evacuation Pause) 237M->22M(368M) 1,899ms
[2515,749s][info][gc] GC(10314) Pause Young (G1 Evacuation Pause) 237M->22M(368M) 1,758ms
[2515,996s][info][gc] GC(10315) Pause Young (G1 Evacuation Pause) 237M->22M(368M) 1,421ms
[2516,228s][info][gc] GC(10316) Pause Young (G1 Evacuation Pause) 236M->22M(368M) 1,190ms
[2516,460s][info][gc] GC(10317) Pause Young (G1 Evacuation Pause) 237M->22M(368M) 1,189ms
[2516,692s][info][gc] GC(10318) Pause Young (G1 Evacuation Pause) 237M->22M(368M) 1,216ms
[2516,924s][info][gc] GC(10319) Pause Young (G1 Evacuation Pause) 237M->22M(368M) 1,169ms
[2517,156s][info][gc] GC(10320) Pause Young (G1 Evacuation Pause) 237M->22M(368M) 1,142ms
[2517,419s][info][gc] GC(10321) Pause Young (G1 Evacuation Pause) 236M->22M(368M) 1,747ms
[2517,673s][info][gc] GC(10322) Pause Young (G1 Evacuation Pause) 237M->22M(368M) 1,819ms
[2517,927s][info][gc] GC(10323) Pause Young (G1 Evacuation Pause) 237M->22M(368M) 1,876ms
[2518,160s][info][gc] GC(10324) Pause Young (G1 Evacuation Pause) 237M->22M(368M) 1,231ms
[2518,392s][info][gc] GC(10325) Pause Young (G1 Evacuation Pause) 237M->22M(368M) 1,288ms
[2518,625s][info][gc] GC(10326) Pause Young (G1 Evacuation Pause) 237M->22M(368M) 2,153ms
[2518,857s][info][gc] GC(10327) Pause Young (G1 Evacuation Pause) 236M->22M(368M) 1,110ms
[2519,089s][info][gc] GC(10328) Pause Young (G1 Evacuation Pause) 237M->22M(368M) 1,327ms
[2519,348s][info][gc] GC(10329) Pause Young (G1 Evacuation Pause) 237M->22M(368M) 1,872ms
[2519,607s][info][gc] GC(10330) Pause Young (G1 Evacuation Pause) 237M->22M(368M) 1,749ms
[2519,874s][info][gc] GC(10331) Pause Young (G1 Evacuation Pause) 237M->23M(368M) 4,210ms
[2520,117s][info][gc] GC(10332) Pause Young (G1 Evacuation Pause) 237M->22M(368M) 1,916ms
[2520,360s][info][gc] GC(10333) Pause Young (G1 Evacuation Pause) 237M->22M(368M) 1,588ms
[2520,602s][info][gc] GC(10334) Pause Young (G1 Evacuation Pause) 237M->22M(368M) 1,233ms
[2520,835s][info][gc] GC(10335) Pause Young (G1 Evacuation Pause) 237M->22M(368M) 1,340ms
[2521,067s][info][gc] GC(10336) Pause Young (G1 Evacuation Pause) 237M->22M(368M) 1,236ms
[2521,314s][info][gc] GC(10337) Pause Young (G1 Evacuation Pause) 236M->22M(368M) 1,211ms
[2521,570s][info][gc] GC(10338) Pause Young (G1 Evacuation Pause) 237M->22M(368M) 1,845ms
[2521,824s][info][gc] GC(10339) Pause Young (G1 Evacuation Pause) 237M->22M(368M) 1,756ms
[2522,078s][info][gc] GC(10340) Pause Young (G1 Evacuation Pause) 237M->22M(368M) 1,678ms
[2522,323s][info][gc] GC(10341) Pause Young (G1 Evacuation Pause) 237M->22M(368M) 1,398ms
[2522,583s][info][gc] GC(10342) Pause Young (G1 Evacuation Pause) 237M->23M(368M) 1,294ms
[2522,817s][info][gc] GC(10343) Pause Young (G1 Evacuation Pause) 237M->22M(368M) 1,630ms
[2523,050s][info][gc] GC(10344) Pause Young (G1 Evacuation Pause) 237M->22M(368M) 1,342ms
[2523,282s][info][gc] GC(10345) Pause Young (G1 Evacuation Pause) 237M->22M(368M) 1,215ms
[2523,522s][info][gc] GC(10346) Pause Young (G1 Evacuation Pause) 237M->22M(368M) 2,645ms
[2523,779s][info][gc] GC(10347) Pause Young (G1 Evacuation Pause) 237M->23M(368M) 1,803ms
[2524,025s][info][gc] GC(10348) Pause Young (G1 Evacuation Pause) 237M->22M(368M) 1,882ms
[2524,257s][info][gc] GC(10349) Pause Young (G1 Evacuation Pause) 237M->22M(368M) 1,115ms
[2524,516s][info][gc] GC(10350) Pause Young (G1 Evacuation Pause) 237M->22M(368M) 2,951ms
[2524,752s][info][gc] GC(10351) Pause Young (G1 Evacuation Pause) 237M->22M(368M) 1,261ms
[2524,994s][info][gc] GC(10352) Pause Young (G1 Evacuation Pause) 237M->22M(368M) 1,328ms
[2525,226s][info][gc] GC(10353) Pause Young (G1 Evacuation Pause) 236M->22M(368M) 1,113ms
[2525,470s][info][gc] GC(10354) Pause Young (G1 Evacuation Pause) 237M->22M(368M) 1,119ms
[2525,742s][info][gc] GC(10355) Pause Young (G1 Evacuation Pause) 237M->22M(368M) 2,290ms
[2525,994s][info][gc] GC(10356) Pause Young (G1 Evacuation Pause) 237M->22M(368M) 1,660ms
[2526,226s][info][gc] GC(10357) Pause Young (G1 Evacuation Pause) 237M->22M(368M) 1,268ms
[2526,503s][info][gc] GC(10358) Pause Young (G1 Evacuation Pause) 236M->22M(368M) 1,577ms
[2526,750s][info][gc] GC(10359) Pause Young (G1 Evacuation Pause) 237M->22M(368M) 1,619ms
[2527,002s][info][gc] GC(10360) Pause Young (G1 Evacuation Pause) 237M->22M(368M) 1,745ms
[2527,260s][info][gc] GC(10361) Pause Young (G1 Evacuation Pause) 237M->22M(368M) 4,009ms
[2527,523s][info][gc] GC(10362) Pause Young (G1 Evacuation Pause) 237M->22M(368M) 2,551ms
[2527,786s][info][gc] GC(10363) Pause Young (G1 Evacuation Pause) 236M->22M(368M) 2,326ms
[2528,046s][info][gc] GC(10364) Pause Young (G1 Evacuation Pause) 237M->22M(368M) 1,726ms
[2528,289s][info][gc] GC(10365) Pause Young (G1 Evacuation Pause) 237M->22M(368M) 1,294ms
[2528,550s][info][gc] GC(10366) Pause Young (G1 Evacuation Pause) 237M->22M(368M) 5,340ms
[2528,793s][info][gc] GC(10367) Pause Young (G1 Evacuation Pause) 237M->22M(368M) 1,264ms
[2529,025s][info][gc] GC(10368) Pause Young (G1 Evacuation Pause) 237M->23M(368M) 1,167ms
[2529,257s][info][gc] GC(10369) Pause Young (G1 Evacuation Pause) 237M->22M(368M) 1,191ms
[2529,489s][info][gc] GC(10370) Pause Young (G1 Evacuation Pause) 237M->22M(368M) 1,208ms
[2529,721s][info][gc] GC(10371) Pause Young (G1 Evacuation Pause) 237M->22M(368M) 1,220ms
[2529,968s][info][gc] GC(10372) Pause Young (G1 Evacuation Pause) 237M->22M(368M) 1,799ms
[2530,202s][info][gc] GC(10373) Pause Young (G1 Evacuation Pause) 237M->23M(368M) 1,700ms
[2530,449s][info][gc] GC(10374) Pause Young (G1 Evacuation Pause) 237M->22M(368M) 2,281ms
[2530,721s][info][gc] GC(10375) Pause Young (G1 Evacuation Pause) 237M->22M(368M) 2,194ms
[2530,985s][info][gc] GC(10376) Pause Young (G1 Evacuation Pause) 237M->22M(368M) 1,594ms
[2531,218s][info][gc] GC(10377) Pause Young (G1 Evacuation Pause) 237M->22M(368M) 1,459ms
[2531,450s][info][gc] GC(10378) Pause Young (G1 Evacuation Pause) 237M->22M(368M) 1,257ms
[2531,684s][info][gc] GC(10379) Pause Young (G1 Evacuation Pause) 236M->22M(368M) 1,602ms
[2531,929s][info][gc] GC(10380) Pause Young (G1 Evacuation Pause) 237M->22M(368M) 1,757ms
[2532,184s][info][gc] GC(10381) Pause Young (G1 Evacuation Pause) 237M->22M(368M) 2,232ms
[2532,422s][info][gc] GC(10382) Pause Young (G1 Evacuation Pause) 237M->22M(368M) 1,143ms
[2532,661s][info][gc] GC(10383) Pause Young (G1 Evacuation Pause) 237M->22M(368M) 1,238ms
[2532,903s][info][gc] GC(10384) Pause Young (G1 Evacuation Pause) 236M->22M(368M) 2,420ms
[2533,157s][info][gc] GC(10385) Pause Young (G1 Evacuation Pause) 237M->22M(368M) 1,633ms
[2533,409s][info][gc] GC(10386) Pause Young (G1 Evacuation Pause) 237M->22M(368M) 1,483ms
[2533,642s][info][gc] GC(10387) Pause Young (G1 Evacuation Pause) 237M->22M(368M) 1,639ms
[2533,882s][info][gc] GC(10388) Pause Young (G1 Evacuation Pause) 237M->22M(368M) 2,770ms
[2534,117s][info][gc] GC(10389) Pause Young (G1 Evacuation Pause) 237M->23M(368M) 1,647ms
[2534,350s][info][gc] GC(10390) Pause Young (G1 Evacuation Pause) 237M->22M(368M) 1,366ms
[2534,582s][info][gc] GC(10391) Pause Young (G1 Evacuation Pause) 237M->22M(368M) 1,160ms
[2534,838s][info][gc] GC(10392) Pause Young (G1 Evacuation Pause) 237M->22M(368M) 1,738ms
[2535,118s][info][gc] GC(10393) Pause Young (G1 Evacuation Pause) 237M->22M(368M) 2,456ms
[2535,382s][info][gc] GC(10394) Pause Young (G1 Evacuation Pause) 237M->23M(368M) 2,359ms
[2535,642s][info][gc] GC(10395) Pause Young (G1 Evacuation Pause) 237M->22M(368M) 2,439ms
[2535,906s][info][gc] GC(10396) Pause Young (G1 Evacuation Pause) 237M->22M(368M) 2,351ms
[2536,162s][info][gc] GC(10397) Pause Young (G1 Evacuation Pause) 237M->22M(368M) 1,791ms
[2536,421s][info][gc] GC(10398) Pause Young (G1 Evacuation Pause) 237M->22M(368M) 2,547ms
[2536,665s][info][gc] GC(10399) Pause Young (G1 Evacuation Pause) 237M->22M(368M) 1,394ms
[2536,898s][info][gc] GC(10400) Pause Young (G1 Evacuation Pause) 236M->22M(368M) 1,459ms
[2537,131s][info][gc] GC(10401) Pause Young (G1 Evacuation Pause) 237M->22M(368M) 1,405ms
[2537,364s][info][gc] GC(10402) Pause Young (G1 Evacuation Pause) 237M->22M(368M) 1,479ms
[2537,597s][info][gc] GC(10403) Pause Young (G1 Evacuation Pause) 237M->22M(368M) 1,452ms
[2537,857s][info][gc] GC(10404) Pause Young (G1 Evacuation Pause) 237M->22M(368M) 1,677ms
[2538,111s][info][gc] GC(10405) Pause Young (G1 Evacuation Pause) 237M->23M(368M) 1,941ms
[2538,349s][info][gc] GC(10406) Pause Young (G1 Evacuation Pause) 237M->22M(368M) 1,175ms
[2538,608s][info][gc] GC(10407) Pause Young (G1 Evacuation Pause) 237M->22M(368M) 1,776ms
[2538,862s][info][gc] GC(10408) Pause Young (G1 Evacuation Pause) 237M->22M(368M) 1,984ms
[2539,116s][info][gc] GC(10409) Pause Young (G1 Evacuation Pause) 237M->22M(368M) 1,712ms
[2539,366s][info][gc] GC(10410) Pause Young (G1 Evacuation Pause) 237M->23M(368M) 4,108ms
[2539,618s][info][gc] GC(10411) Pause Young (G1 Evacuation Pause) 237M->22M(368M) 1,483ms
[2539,851s][info][gc] GC(10412) Pause Young (G1 Evacuation Pause) 237M->22M(368M) 1,459ms
[2540,093s][info][gc] GC(10413) Pause Young (G1 Evacuation Pause) 237M->22M(368M) 1,544ms
[2540,325s][info][gc] GC(10414) Pause Young (G1 Evacuation Pause) 237M->22M(368M) 1,371ms
[2540,561s][info][gc] GC(10415) Pause Young (G1 Evacuation Pause) 237M->23M(368M) 3,178ms
[2540,796s][info][gc] GC(10416) Pause Young (G1 Evacuation Pause) 237M->22M(368M) 1,161ms
[2541,028s][info][gc] GC(10417) Pause Young (G1 Evacuation Pause) 237M->22M(368M) 1,228ms
[2541,260s][info][gc] GC(10418) Pause Young (G1 Evacuation Pause) 237M->22M(368M) 1,338ms
[2541,521s][info][gc] GC(10419) Pause Young (G1 Evacuation Pause) 237M->22M(368M) 1,749ms
[2541,775s][info][gc] GC(10420) Pause Young (G1 Evacuation Pause) 237M->22M(368M) 1,859ms
[2542,032s][info][gc] GC(10421) Pause Young (G1 Evacuation Pause) 236M->22M(368M) 1,649ms
[2542,283s][info][gc] GC(10422) Pause Young (G1 Evacuation Pause) 237M->22M(368M) 1,168ms
[2542,515s][info][gc] GC(10423) Pause Young (G1 Evacuation Pause) 237M->22M(368M) 1,153ms
[2542,747s][info][gc] GC(10424) Pause Young (G1 Evacuation Pause) 237M->22M(368M) 1,158ms
[2542,979s][info][gc] GC(10425) Pause Young (G1 Evacuation Pause) 237M->22M(368M) 1,289ms
[2543,211s][info][gc] GC(10426) Pause Young (G1 Evacuation Pause) 236M->22M(368M) 1,169ms
[2543,457s][info][gc] GC(10427) Pause Young (G1 Evacuation Pause) 237M->22M(368M) 1,745ms
[2543,711s][info][gc] GC(10428) Pause Young (G1 Evacuation Pause) 237M->22M(368M) 1,875ms
[2543,967s][info][gc] GC(10429) Pause Young (G1 Evacuation Pause) 237M->22M(368M) 1,801ms
[2544,221s][info][gc] GC(10430) Pause Young (G1 Evacuation Pause) 237M->22M(368M) 1,866ms
[2544,483s][info][gc] GC(10431) Pause Young (G1 Evacuation Pause) 237M->23M(368M) 2,547ms
[2544,734s][info][gc] GC(10432) Pause Young (G1 Evacuation Pause) 237M->22M(368M) 1,367ms
[2544,993s][info][gc] GC(10433) Pause Young (G1 Evacuation Pause) 237M->22M(368M) 1,767ms
[2545,247s][info][gc] GC(10434) Pause Young (G1 Evacuation Pause) 237M->22M(368M) 1,864ms
[2545,508s][info][gc] GC(10435) Pause Young (G1 Evacuation Pause) 237M->22M(368M) 1,929ms
[2545,764s][info][gc] GC(10436) Pause Young (G1 Evacuation Pause) 237M->23M(368M) 1,755ms
[2546,019s][info][gc] GC(10437) Pause Young (G1 Evacuation Pause) 237M->22M(368M) 2,245ms
[2546,274s][info][gc] GC(10438) Pause Young (G1 Evacuation Pause) 237M->22M(368M) 2,279ms
[2546,532s][info][gc] GC(10439) Pause Young (G1 Evacuation Pause) 237M->22M(368M) 1,723ms
[2546,791s][info][gc] GC(10440) Pause Young (G1 Evacuation Pause) 237M->22M(368M) 1,737ms
[2547,055s][info][gc] GC(10441) Pause Young (G1 Evacuation Pause) 237M->23M(368M) 1,847ms
[2547,309s][info][gc] GC(10442) Pause Young (G1 Evacuation Pause) 237M->22M(368M) 1,625ms
[2547,566s][info][gc] GC(10443) Pause Young (G1 Evacuation Pause) 237M->22M(368M) 1,817ms
[2547,820s][info][gc] GC(10444) Pause Young (G1 Evacuation Pause) 237M->22M(368M) 1,870ms
[2548,074s][info][gc] GC(10445) Pause Young (G1 Evacuation Pause) 237M->22M(368M) 1,828ms
[2548,315s][info][gc] GC(10446) Pause Young (G1 Evacuation Pause) 237M->22M(368M) 1,294ms
[2548,569s][info][gc] GC(10447) Pause Young (G1 Evacuation Pause) 236M->22M(368M) 1,320ms
[2548,802s][info][gc] GC(10448) Pause Young (G1 Evacuation Pause) 237M->22M(368M) 1,202ms
[2549,034s][info][gc] GC(10449) Pause Young (G1 Evacuation Pause) 237M->22M(368M) 1,253ms
[2549,266s][info][gc] GC(10450) Pause Young (G1 Evacuation Pause) 237M->22M(368M) 1,121ms
[2549,498s][info][gc] GC(10451) Pause Young (G1 Evacuation Pause) 237M->22M(368M) 1,280ms
[2549,730s][info][gc] GC(10452) Pause Young (G1 Evacuation Pause) 236M->22M(368M) 1,089ms
[2549,973s][info][gc] GC(10453) Pause Young (G1 Evacuation Pause) 237M->21M(368M) 1,751ms
[2550,205s][info][gc] GC(10454) Pause Young (G1 Evacuation Pause) 236M->22M(368M) 1,231ms
[2550,464s][info][gc] GC(10455) Pause Young (G1 Evacuation Pause) 237M->22M(368M) 1,719ms
[2550,716s][info][gc] GC(10456) Pause Young (G1 Evacuation Pause) 237M->22M(368M) 1,265ms
[2550,957s][info][gc] GC(10457) Pause Young (G1 Evacuation Pause) 236M->22M(368M) 1,074ms
[2551,189s][info][gc] GC(10458) Pause Young (G1 Evacuation Pause) 237M->22M(368M) 1,093ms
[2551,421s][info][gc] GC(10459) Pause Young (G1 Evacuation Pause) 237M->22M(368M) 1,257ms
[2551,669s][info][gc] GC(10460) Pause Young (G1 Evacuation Pause) 237M->22M(368M) 1,821ms
[2551,927s][info][gc] GC(10461) Pause Young (G1 Evacuation Pause) 237M->22M(368M) 1,685ms
[2552,181s][info][gc] GC(10462) Pause Young (G1 Evacuation Pause) 237M->23M(368M) 1,705ms
[2552,424s][info][gc] GC(10463) Pause Young (G1 Evacuation Pause) 237M->22M(368M) 1,510ms
[2552,656s][info][gc] GC(10464) Pause Young (G1 Evacuation Pause) 237M->22M(368M) 1,076ms
[2552,888s][info][gc] GC(10465) Pause Young (G1 Evacuation Pause) 237M->22M(368M) 1,261ms
[2553,120s][info][gc] GC(10466) Pause Young (G1 Evacuation Pause) 237M->22M(368M) 1,198ms
[2553,354s][info][gc] GC(10467) Pause Young (G1 Evacuation Pause) 237M->22M(368M) 1,934ms
[2553,608s][info][gc] GC(10468) Pause Young (G1 Evacuation Pause) 236M->22M(368M) 1,537ms
[2553,869s][info][gc] GC(10469) Pause Young (G1 Evacuation Pause) 237M->22M(368M) 3,744ms
[2554,124s][info][gc] GC(10470) Pause Young (G1 Evacuation Pause) 237M->22M(368M) 1,782ms
[2554,374s][info][gc] GC(10471) Pause Young (G1 Evacuation Pause) 237M->22M(368M) 4,067ms
[2554,639s][info][gc] GC(10472) Pause Young (G1 Evacuation Pause) 237M->22M(368M) 1,747ms
[2554,893s][info][gc] GC(10473) Pause Young (G1 Evacuation Pause) 236M->22M(368M) 1,797ms
[2555,147s][info][gc] GC(10474) Pause Young (G1 Evacuation Pause) 237M->22M(368M) 1,834ms
[2555,401s][info][gc] GC(10475) Pause Young (G1 Evacuation Pause) 237M->22M(368M) 1,693ms
[2555,661s][info][gc] GC(10476) Pause Young (G1 Evacuation Pause) 237M->22M(368M) 1,457ms
[2555,901s][info][gc] GC(10477) Pause Young (G1 Evacuation Pause) 237M->22M(368M) 1,284ms
[2556,133s][info][gc] GC(10478) Pause Young (G1 Evacuation Pause) 236M->22M(368M) 1,163ms
[2556,370s][info][gc] GC(10479) Pause Young (G1 Evacuation Pause) 237M->22M(368M) 4,043ms
[2556,603s][info][gc] GC(10480) Pause Young (G1 Evacuation Pause) 237M->22M(368M) 1,062ms
[2556,836s][info][gc] GC(10481) Pause Young (G1 Evacuation Pause) 237M->22M(368M) 2,461ms
[2557,070s][info][gc] GC(10482) Pause Young (G1 Evacuation Pause) 237M->22M(368M) 1,789ms
[2557,302s][info][gc] GC(10483) Pause Young (G1 Evacuation Pause) 237M->22M(368M) 1,259ms
[2557,534s][info][gc] GC(10484) Pause Young (G1 Evacuation Pause) 236M->22M(368M) 1,155ms
[2557,766s][info][gc] GC(10485) Pause Young (G1 Evacuation Pause) 237M->22M(368M) 1,259ms
[2558,011s][info][gc] GC(10486) Pause Young (G1 Evacuation Pause) 237M->22M(368M) 1,254ms
[2558,244s][info][gc] GC(10487) Pause Young (G1 Evacuation Pause) 237M->22M(368M) 1,121ms
[2558,498s][info][gc] GC(10488) Pause Young (G1 Evacuation Pause) 237M->22M(368M) 1,873ms
[2558,752s][info][gc] GC(10489) Pause Young (G1 Evacuation Pause) 236M->22M(368M) 1,824ms
[2559,009s][info][gc] GC(10490) Pause Young (G1 Evacuation Pause) 237M->22M(368M) 1,538ms
[2559,242s][info][gc] GC(10491) Pause Young (G1 Evacuation Pause) 237M->22M(368M) 1,754ms
[2559,492s][info][gc] GC(10492) Pause Young (G1 Evacuation Pause) 237M->22M(368M) 1,806ms
[2559,746s][info][gc] GC(10493) Pause Young (G1 Evacuation Pause) 237M->22M(368M) 1,713ms
[2559,978s][info][gc] GC(10494) Pause Young (G1 Evacuation Pause) 236M->22M(368M) 1,230ms
[2560,239s][info][gc] GC(10495) Pause Young (G1 Evacuation Pause) 237M->22M(368M) 1,799ms
[2560,472s][info][gc] GC(10496) Pause Young (G1 Evacuation Pause) 237M->22M(368M) 1,311ms
[2560,712s][info][gc] GC(10497) Pause Young (G1 Evacuation Pause) 237M->22M(368M) 1,607ms
[2560,961s][info][gc] GC(10498) Pause Young (G1 Evacuation Pause) 237M->22M(368M) 1,353ms
[2561,192s][info][gc] GC(10499) Pause Young (G1 Evacuation Pause) 237M->23M(368M) 1,324ms
[2561,424s][info][gc] GC(10500) Pause Young (G1 Evacuation Pause) 237M->22M(368M) 1,128ms
[2561,656s][info][gc] GC(10501) Pause Young (G1 Evacuation Pause) 237M->22M(368M) 1,216ms
[2561,898s][info][gc] GC(10502) Pause Young (G1 Evacuation Pause) 237M->22M(368M) 2,412ms
[2562,152s][info][gc] GC(10503) Pause Young (G1 Evacuation Pause) 237M->22M(368M) 1,679ms
[2562,394s][info][gc] GC(10504) Pause Young (G1 Evacuation Pause) 237M->22M(368M) 1,592ms
[2562,627s][info][gc] GC(10505) Pause Young (G1 Evacuation Pause) 236M->22M(368M) 1,413ms
[2562,860s][info][gc] GC(10506) Pause Young (G1 Evacuation Pause) 237M->22M(368M) 1,736ms
[2563,093s][info][gc] GC(10507) Pause Young (G1 Evacuation Pause) 237M->22M(368M) 1,414ms
[2563,325s][info][gc] GC(10508) Pause Young (G1 Evacuation Pause) 237M->22M(368M) 1,285ms
[2563,558s][info][gc] GC(10509) Pause Young (G1 Evacuation Pause) 237M->22M(368M) 1,877ms
[2563,790s][info][gc] GC(10510) Pause Young (G1 Evacuation Pause) 236M->22M(368M) 1,124ms
[2564,036s][info][gc] GC(10511) Pause Young (G1 Evacuation Pause) 237M->22M(368M) 1,251ms
[2564,269s][info][gc] GC(10512) Pause Young (G1 Evacuation Pause) 237M->22M(368M) 2,100ms
[2564,532s][info][gc] GC(10513) Pause Young (G1 Evacuation Pause) 237M->22M(368M) 1,878ms
[2564,767s][info][gc] GC(10514) Pause Young (G1 Evacuation Pause) 237M->22M(368M) 1,178ms
[2565,035s][info][gc] GC(10515) Pause Young (G1 Evacuation Pause) 236M->22M(368M) 2,326ms
[2565,281s][info][gc] GC(10516) Pause Young (G1 Evacuation Pause) 237M->21M(368M) 1,117ms
[2565,514s][info][gc] GC(10517) Pause Young (G1 Evacuation Pause) 236M->22M(368M) 1,866ms
[2565,762s][info][gc] GC(10518) Pause Young (G1 Evacuation Pause) 237M->22M(368M) 2,902ms
[2566,016s][info][gc] GC(10519) Pause Young (G1 Evacuation Pause) 237M->22M(368M) 1,940ms
[2566,270s][info][gc] GC(10520) Pause Young (G1 Evacuation Pause) 236M->22M(368M) 1,723ms
[2566,524s][info][gc] GC(10521) Pause Young (G1 Evacuation Pause) 237M->22M(368M) 1,856ms
[2566,758s][info][gc] GC(10522) Pause Young (G1 Evacuation Pause) 237M->22M(368M) 1,114ms
[2566,990s][info][gc] GC(10523) Pause Young (G1 Evacuation Pause) 237M->22M(368M) 1,231ms
[2567,224s][info][gc] GC(10524) Pause Young (G1 Evacuation Pause) 237M->22M(368M) 1,545ms
[2567,456s][info][gc] GC(10525) Pause Young (G1 Evacuation Pause) 237M->22M(368M) 1,189ms
[2567,688s][info][gc] GC(10526) Pause Young (G1 Evacuation Pause) 236M->22M(368M) 1,035ms
[2567,932s][info][gc] GC(10527) Pause Young (G1 Evacuation Pause) 237M->22M(368M) 1,535ms
[2568,165s][info][gc] GC(10528) Pause Young (G1 Evacuation Pause) 237M->22M(368M) 1,494ms
[2568,397s][info][gc] GC(10529) Pause Young (G1 Evacuation Pause) 237M->22M(368M) 1,195ms
[2568,630s][info][gc] GC(10530) Pause Young (G1 Evacuation Pause) 236M->21M(368M) 1,855ms
[2568,863s][info][gc] GC(10531) Pause Young (G1 Evacuation Pause) 236M->21M(368M) 1,866ms
[2569,096s][info][gc] GC(10532) Pause Young (G1 Evacuation Pause) 236M->21M(368M) 1,826ms
[2569,328s][info][gc] GC(10533) Pause Young (G1 Evacuation Pause) 236M->22M(368M) 1,090ms
[2569,595s][info][gc] GC(10534) Pause Young (G1 Evacuation Pause) 237M->22M(368M) 1,880ms
[2569,856s][info][gc] GC(10535) Pause Young (G1 Evacuation Pause) 237M->22M(368M) 1,783ms
[2570,100s][info][gc] GC(10536) Pause Young (G1 Evacuation Pause) 236M->22M(368M) 1,647ms
[2570,337s][info][gc] GC(10537) Pause Young (G1 Evacuation Pause) 237M->22M(368M) 1,595ms
[2570,571s][info][gc] GC(10538) Pause Young (G1 Evacuation Pause) 237M->22M(368M) 1,263ms
[2570,803s][info][gc] GC(10539) Pause Young (G1 Evacuation Pause) 237M->22M(368M) 1,146ms
[2571,055s][info][gc] GC(10540) Pause Young (G1 Evacuation Pause) 237M->22M(368M) 1,535ms
[2571,304s][info][gc] GC(10541) Pause Young (G1 Evacuation Pause) 236M->22M(368M) 1,297ms
[2571,537s][info][gc] GC(10542) Pause Young (G1 Evacuation Pause) 237M->21M(368M) 1,351ms
[2571,769s][info][gc] GC(10543) Pause Young (G1 Evacuation Pause) 236M->22M(368M) 1,346ms
[2572,020s][info][gc] GC(10544) Pause Young (G1 Evacuation Pause) 237M->22M(368M) 1,822ms
[2572,269s][info][gc] GC(10545) Pause Young (G1 Evacuation Pause) 237M->22M(368M) 1,848ms
[2572,522s][info][gc] GC(10546) Pause Young (G1 Evacuation Pause) 236M->22M(368M) 1,675ms
[2572,756s][info][gc] GC(10547) Pause Young (G1 Evacuation Pause) 237M->22M(368M) 1,428ms
[2572,988s][info][gc] GC(10548) Pause Young (G1 Evacuation Pause) 237M->22M(368M) 1,226ms
[2573,220s][info][gc] GC(10549) Pause Young (G1 Evacuation Pause) 237M->22M(368M) 1,258ms
[2573,452s][info][gc] GC(10550) Pause Young (G1 Evacuation Pause) 237M->22M(368M) 1,134ms
[2573,696s][info][gc] GC(10551) Pause Young (G1 Evacuation Pause) 237M->22M(368M) 2,265ms
[2573,934s][info][gc] GC(10552) Pause Young (G1 Evacuation Pause) 236M->22M(368M) 1,179ms
[2574,166s][info][gc] GC(10553) Pause Young (G1 Evacuation Pause) 237M->22M(368M) 1,131ms
[2574,407s][info][gc] GC(10554) Pause Young (G1 Evacuation Pause) 237M->22M(368M) 3,637ms
[2574,657s][info][gc] GC(10555) Pause Young (G1 Evacuation Pause) 237M->22M(368M) 1,154ms
[2574,913s][info][gc] GC(10556) Pause Young (G1 Evacuation Pause) 237M->22M(368M) 2,528ms
[2575,168s][info][gc] GC(10557) Pause Young (G1 Evacuation Pause) 236M->22M(368M) 1,568ms
[2575,422s][info][gc] GC(10558) Pause Young (G1 Evacuation Pause) 237M->22M(368M) 1,857ms
[2575,655s][info][gc] GC(10559) Pause Young (G1 Evacuation Pause) 237M->22M(368M) 1,112ms
[2575,900s][info][gc] GC(10560) Pause Young (G1 Evacuation Pause) 237M->22M(368M) 4,057ms
[2576,136s][info][gc] GC(10561) Pause Young (G1 Evacuation Pause) 237M->22M(368M) 1,419ms
[2576,369s][info][gc] GC(10562) Pause Young (G1 Evacuation Pause) 237M->23M(368M) 1,575ms
[2576,601s][info][gc] GC(10563) Pause Young (G1 Evacuation Pause) 237M->22M(368M) 1,030ms
[2576,833s][info][gc] GC(10564) Pause Young (G1 Evacuation Pause) 237M->22M(368M) 1,217ms
[2577,091s][info][gc] GC(10565) Pause Young (G1 Evacuation Pause) 237M->22M(368M) 1,669ms
[2577,345s][info][gc] GC(10566) Pause Young (G1 Evacuation Pause) 237M->22M(368M) 1,863ms
[2577,578s][info][gc] GC(10567) Pause Young (G1 Evacuation Pause) 237M->23M(368M) 1,175ms
[2577,833s][info][gc] GC(10568) Pause Young (G1 Evacuation Pause) 237M->22M(368M) 1,684ms
[2578,096s][info][gc] GC(10569) Pause Young (G1 Evacuation Pause) 237M->22M(368M) 1,799ms
[2578,336s][info][gc] GC(10570) Pause Young (G1 Evacuation Pause) 237M->22M(368M) 1,240ms
[2578,568s][info][gc] GC(10571) Pause Young (G1 Evacuation Pause) 237M->22M(368M) 1,163ms
[2578,800s][info][gc] GC(10572) Pause Young (G1 Evacuation Pause) 237M->23M(368M) 1,324ms
[2579,032s][info][gc] GC(10573) Pause Young (G1 Evacuation Pause) 237M->22M(368M) 1,030ms
[2579,264s][info][gc] GC(10574) Pause Young (G1 Evacuation Pause) 237M->22M(368M) 1,100ms
[2579,516s][info][gc] GC(10575) Pause Young (G1 Evacuation Pause) 237M->22M(368M) 1,738ms
[2579,770s][info][gc] GC(10576) Pause Young (G1 Evacuation Pause) 237M->22M(368M) 1,901ms
[2580,023s][info][gc] GC(10577) Pause Young (G1 Evacuation Pause) 237M->22M(368M) 1,275ms
[2580,255s][info][gc] GC(10578) Pause Young (G1 Evacuation Pause) 237M->23M(368M) 1,223ms
[2580,487s][info][gc] GC(10579) Pause Young (G1 Evacuation Pause) 237M->22M(368M) 1,098ms
[2580,719s][info][gc] GC(10580) Pause Young (G1 Evacuation Pause) 237M->22M(368M) 1,259ms
[2580,970s][info][gc] GC(10581) Pause Young (G1 Evacuation Pause) 237M->22M(368M) 2,430ms
[2581,224s][info][gc] GC(10582) Pause Young (G1 Evacuation Pause) 237M->22M(368M) 1,843ms
[2581,484s][info][gc] GC(10583) Pause Young (G1 Evacuation Pause) 237M->23M(368M) 1,760ms
[2581,734s][info][gc] GC(10584) Pause Young (G1 Evacuation Pause) 237M->22M(368M) 1,110ms
[2581,986s][info][gc] GC(10585) Pause Young (G1 Evacuation Pause) 237M->22M(368M) 1,880ms
[2582,240s][info][gc] GC(10586) Pause Young (G1 Evacuation Pause) 237M->22M(368M) 1,911ms
[2582,484s][info][gc] GC(10587) Pause Young (G1 Evacuation Pause) 237M->22M(368M) 1,532ms
[2582,719s][info][gc] GC(10588) Pause Young (G1 Evacuation Pause) 237M->23M(368M) 1,282ms
[2582,965s][info][gc] GC(10589) Pause Young (G1 Evacuation Pause) 237M->22M(368M) 1,697ms
[2583,215s][info][gc] GC(10590) Pause Young (G1 Evacuation Pause) 237M->22M(368M) 1,229ms
[2583,447s][info][gc] GC(10591) Pause Young (G1 Evacuation Pause) 237M->22M(368M) 1,262ms
[2583,679s][info][gc] GC(10592) Pause Young (G1 Evacuation Pause) 237M->22M(368M) 1,281ms
[2583,911s][info][gc] GC(10593) Pause Young (G1 Evacuation Pause) 237M->23M(368M) 1,324ms
[2584,143s][info][gc] GC(10594) Pause Young (G1 Evacuation Pause) 237M->22M(368M) 1,146ms
[2584,383s][info][gc] GC(10595) Pause Young (G1 Evacuation Pause) 237M->22M(368M) 2,825ms
[2584,617s][info][gc] GC(10596) Pause Young (G1 Evacuation Pause) 237M->22M(368M) 1,085ms
[2584,849s][info][gc] GC(10597) Pause Young (G1 Evacuation Pause) 237M->22M(368M) 1,260ms
[2585,112s][info][gc] GC(10598) Pause Young (G1 Evacuation Pause) 237M->22M(368M) 2,436ms
[2585,380s][info][gc] GC(10599) Pause Young (G1 Evacuation Pause) 236M->22M(368M) 2,316ms
[2585,642s][info][gc] GC(10600) Pause Young (G1 Evacuation Pause) 237M->22M(368M) 1,676ms
[2585,899s][info][gc] GC(10601) Pause Young (G1 Evacuation Pause) 237M->22M(368M) 1,650ms
[2586,132s][info][gc] GC(10602) Pause Young (G1 Evacuation Pause) 237M->22M(368M) 1,163ms
[2586,369s][info][gc] GC(10603) Pause Young (G1 Evacuation Pause) 237M->22M(368M) 4,099ms
[2586,625s][info][gc] GC(10604) Pause Young (G1 Evacuation Pause) 236M->22M(368M) 1,803ms
[2586,883s][info][gc] GC(10605) Pause Young (G1 Evacuation Pause) 237M->22M(368M) 2,267ms
[2587,118s][info][gc] GC(10606) Pause Young (G1 Evacuation Pause) 237M->22M(368M) 1,381ms
[2587,351s][info][gc] GC(10607) Pause Young (G1 Evacuation Pause) 237M->22M(368M) 1,391ms
[2587,587s][info][gc] GC(10608) Pause Young (G1 Evacuation Pause) 237M->22M(368M) 1,342ms
[2587,819s][info][gc] GC(10609) Pause Young (G1 Evacuation Pause) 237M->23M(368M) 1,221ms
[2588,076s][info][gc] GC(10610) Pause Young (G1 Evacuation Pause) 237M->22M(368M) 1,642ms
[2588,317s][info][gc] GC(10611) Pause Young (G1 Evacuation Pause) 237M->22M(368M) 1,203ms
[2588,550s][info][gc] GC(10612) Pause Young (G1 Evacuation Pause) 237M->22M(368M) 1,354ms
[2588,782s][info][gc] GC(10613) Pause Young (G1 Evacuation Pause) 237M->22M(368M) 1,284ms
[2589,014s][info][gc] GC(10614) Pause Young (G1 Evacuation Pause) 237M->22M(368M) 1,316ms
[2589,247s][info][gc] GC(10615) Pause Young (G1 Evacuation Pause) 236M->21M(368M) 1,863ms
[2589,480s][info][gc] GC(10616) Pause Young (G1 Evacuation Pause) 236M->22M(368M) 2,009ms
[2589,712s][info][gc] GC(10617) Pause Young (G1 Evacuation Pause) 237M->22M(368M) 1,107ms
[2589,959s][info][gc] GC(10618) Pause Young (G1 Evacuation Pause) 237M->22M(368M) 1,663ms
[2590,201s][info][gc] GC(10619) Pause Young (G1 Evacuation Pause) 237M->22M(368M) 1,158ms
[2590,438s][info][gc] GC(10620) Pause Young (G1 Evacuation Pause) 236M->22M(368M) 1,042ms
[2590,670s][info][gc] GC(10621) Pause Young (G1 Evacuation Pause) 237M->22M(368M) 1,170ms
[2590,913s][info][gc] GC(10622) Pause Young (G1 Evacuation Pause) 237M->22M(368M) 2,348ms
[2591,148s][info][gc] GC(10623) Pause Young (G1 Evacuation Pause) 237M->22M(368M) 1,526ms
[2591,388s][info][gc] GC(10624) Pause Young (G1 Evacuation Pause) 237M->22M(368M) 2,815ms
[2591,621s][info][gc] GC(10625) Pause Young (G1 Evacuation Pause) 237M->23M(368M) 1,323ms
[2591,853s][info][gc] GC(10626) Pause Young (G1 Evacuation Pause) 237M->22M(368M) 1,178ms
[2592,115s][info][gc] GC(10627) Pause Young (G1 Evacuation Pause) 237M->22M(368M) 1,751ms
[2592,369s][info][gc] GC(10628) Pause Young (G1 Evacuation Pause) 237M->22M(368M) 1,140ms
[2592,628s][info][gc] GC(10629) Pause Young (G1 Evacuation Pause) 237M->22M(368M) 1,917ms
[2592,873s][info][gc] GC(10630) Pause Young (G1 Evacuation Pause) 236M->22M(368M) 4,143ms
[2593,125s][info][gc] GC(10631) Pause Young (G1 Evacuation Pause) 237M->22M(368M) 1,050ms
[2593,357s][info][gc] GC(10632) Pause Young (G1 Evacuation Pause) 237M->22M(368M) 1,269ms
[2593,589s][info][gc] GC(10633) Pause Young (G1 Evacuation Pause) 237M->22M(368M) 1,325ms
[2593,855s][info][gc] GC(10634) Pause Young (G1 Evacuation Pause) 237M->22M(368M) 1,704ms
[2594,110s][info][gc] GC(10635) Pause Young (G1 Evacuation Pause) 237M->23M(368M) 1,948ms
[2594,363s][info][gc] GC(10636) Pause Young (G1 Evacuation Pause) 237M->22M(368M) 1,665ms
[2594,597s][info][gc] GC(10637) Pause Young (G1 Evacuation Pause) 237M->22M(368M) 1,486ms
[2594,830s][info][gc] GC(10638) Pause Young (G1 Evacuation Pause) 237M->22M(368M) 1,558ms
[2595,095s][info][gc] GC(10639) Pause Young (G1 Evacuation Pause) 237M->22M(368M) 2,396ms
[2595,349s][info][gc] GC(10640) Pause Young (G1 Evacuation Pause) 237M->22M(368M) 1,959ms
[2595,616s][info][gc] GC(10641) Pause Young (G1 Evacuation Pause) 236M->22M(368M) 1,758ms
[2595,874s][info][gc] GC(10642) Pause Young (G1 Evacuation Pause) 237M->22M(368M) 3,945ms
[2596,150s][info][gc] GC(10643) Pause Young (G1 Evacuation Pause) 237M->22M(368M) 1,901ms
[2596,408s][info][gc] GC(10644) Pause Young (G1 Evacuation Pause) 237M->22M(368M) 1,755ms
[2596,652s][info][gc] GC(10645) Pause Young (G1 Evacuation Pause) 237M->22M(368M) 1,126ms
[2596,916s][info][gc] GC(10646) Pause Young (G1 Evacuation Pause) 236M->22M(368M) 2,403ms
[2597,177s][info][gc] GC(10647) Pause Young (G1 Evacuation Pause) 237M->22M(368M) 2,247ms
[2597,448s][info][gc] GC(10648) Pause Young (G1 Evacuation Pause) 237M->22M(368M) 2,295ms
[2597,705s][info][gc] GC(10649) Pause Young (G1 Evacuation Pause) 237M->22M(368M) 2,112ms
[2597,963s][info][gc] GC(10650) Pause Young (G1 Evacuation Pause) 237M->22M(368M) 1,921ms
[2598,213s][info][gc] GC(10651) Pause Young (G1 Evacuation Pause) 237M->23M(368M) 1,252ms
[2598,459s][info][gc] GC(10652) Pause Young (G1 Evacuation Pause) 237M->22M(368M) 1,772ms
[2598,693s][info][gc] GC(10653) Pause Young (G1 Evacuation Pause) 237M->22M(368M) 1,511ms
[2598,941s][info][gc] GC(10654) Pause Young (G1 Evacuation Pause) 237M->22M(368M) 2,328ms
[2599,174s][info][gc] GC(10655) Pause Young (G1 Evacuation Pause) 236M->21M(368M) 1,433ms
[2599,417s][info][gc] GC(10656) Pause Young (G1 Evacuation Pause) 236M->21M(368M) 2,279ms
[2599,674s][info][gc] GC(10657) Pause Young (G1 Evacuation Pause) 236M->21M(368M) 4,867ms
[2599,918s][info][gc] GC(10658) Pause Young (G1 Evacuation Pause) 236M->22M(368M) 1,717ms
[2600,171s][info][gc] GC(10659) Pause Young (G1 Evacuation Pause) 237M->22M(368M) 1,110ms
[2600,403s][info][gc] GC(10660) Pause Young (G1 Evacuation Pause) 237M->22M(368M) 1,249ms
[2600,635s][info][gc] GC(10661) Pause Young (G1 Evacuation Pause) 237M->23M(368M) 1,207ms
[2600,900s][info][gc] GC(10662) Pause Young (G1 Evacuation Pause) 237M->22M(368M) 2,132ms
[2601,135s][info][gc] GC(10663) Pause Young (G1 Evacuation Pause) 237M->22M(368M) 1,354ms
[2601,389s][info][gc] GC(10664) Pause Young (G1 Evacuation Pause) 237M->22M(368M) 4,130ms
[2601,649s][info][gc] GC(10665) Pause Young (G1 Evacuation Pause) 237M->22M(368M) 1,839ms
[2601,913s][info][gc] GC(10666) Pause Young (G1 Evacuation Pause) 237M->22M(368M) 1,898ms
[2602,167s][info][gc] GC(10667) Pause Young (G1 Evacuation Pause) 236M->22M(368M) 1,737ms
[2602,421s][info][gc] GC(10668) Pause Young (G1 Evacuation Pause) 237M->22M(368M) 1,755ms
[2602,683s][info][gc] GC(10669) Pause Young (G1 Evacuation Pause) 237M->22M(368M) 4,895ms
[2602,937s][info][gc] GC(10670) Pause Young (G1 Evacuation Pause) 237M->22M(368M) 1,859ms
[2603,190s][info][gc] GC(10671) Pause Young (G1 Evacuation Pause) 237M->22M(368M) 2,876ms
[2603,435s][info][gc] GC(10672) Pause Young (G1 Evacuation Pause) 236M->22M(368M) 1,576ms
[2603,668s][info][gc] GC(10673) Pause Young (G1 Evacuation Pause) 237M->22M(368M) 1,476ms
[2603,916s][info][gc] GC(10674) Pause Young (G1 Evacuation Pause) 237M->22M(368M) 3,591ms
[2604,170s][info][gc] GC(10675) Pause Young (G1 Evacuation Pause) 237M->22M(368M) 1,856ms
[2604,421s][info][gc] GC(10676) Pause Young (G1 Evacuation Pause) 237M->22M(368M) 1,730ms
[2604,655s][info][gc] GC(10677) Pause Young (G1 Evacuation Pause) 237M->23M(368M) 1,445ms
[2604,898s][info][gc] GC(10678) Pause Young (G1 Evacuation Pause) 237M->22M(368M) 2,269ms
[2605,132s][info][gc] GC(10679) Pause Young (G1 Evacuation Pause) 237M->22M(368M) 1,437ms
[2605,369s][info][gc] GC(10680) Pause Young (G1 Evacuation Pause) 237M->22M(368M) 3,994ms
[2605,626s][info][gc] GC(10681) Pause Young (G1 Evacuation Pause) 237M->22M(368M) 3,279ms
[2605,859s][info][gc] GC(10682) Pause Young (G1 Evacuation Pause) 237M->22M(368M) 1,444ms
[2606,118s][info][gc] GC(10683) Pause Young (G1 Evacuation Pause) 236M->22M(368M) 1,771ms
[2606,371s][info][gc] GC(10684) Pause Young (G1 Evacuation Pause) 237M->22M(368M) 4,017ms
[2606,634s][info][gc] GC(10685) Pause Young (G1 Evacuation Pause) 237M->22M(368M) 2,304ms
[2606,892s][info][gc] GC(10686) Pause Young (G1 Evacuation Pause) 237M->22M(368M) 1,884ms
[2607,145s][info][gc] GC(10687) Pause Young (G1 Evacuation Pause) 237M->22M(368M) 1,768ms
[2607,399s][info][gc] GC(10688) Pause Young (G1 Evacuation Pause) 237M->23M(368M) 1,806ms
[2607,632s][info][gc] GC(10689) Pause Young (G1 Evacuation Pause) 237M->22M(368M) 1,216ms
[2607,869s][info][gc] GC(10690) Pause Young (G1 Evacuation Pause) 237M->22M(368M) 3,923ms
[2608,127s][info][gc] GC(10691) Pause Young (G1 Evacuation Pause) 237M->22M(368M) 1,895ms
[2608,360s][info][gc] GC(10692) Pause Young (G1 Evacuation Pause) 237M->22M(368M) 1,241ms
[2608,606s][info][gc] GC(10693) Pause Young (G1 Evacuation Pause) 236M->22M(368M) 3,104ms
[2608,867s][info][gc] GC(10694) Pause Young (G1 Evacuation Pause) 237M->22M(368M) 2,071ms
[2609,102s][info][gc] GC(10695) Pause Young (G1 Evacuation Pause) 237M->22M(368M) 1,559ms
[2609,336s][info][gc] GC(10696) Pause Young (G1 Evacuation Pause) 237M->22M(368M) 1,434ms
[2609,569s][info][gc] GC(10697) Pause Young (G1 Evacuation Pause) 237M->22M(368M) 1,749ms
[2609,802s][info][gc] GC(10698) Pause Young (G1 Evacuation Pause) 236M->22M(368M) 1,443ms
[2610,060s][info][gc] GC(10699) Pause Young (G1 Evacuation Pause) 237M->22M(368M) 2,447ms
[2610,310s][info][gc] GC(10700) Pause Young (G1 Evacuation Pause) 237M->22M(368M) 1,354ms
[2610,567s][info][gc] GC(10701) Pause Young (G1 Evacuation Pause) 237M->22M(368M) 1,760ms
[2610,806s][info][gc] GC(10702) Pause Young (G1 Evacuation Pause) 237M->22M(368M) 1,179ms
[2611,061s][info][gc] GC(10703) Pause Young (G1 Evacuation Pause) 237M->22M(368M) 1,812ms
[2611,315s][info][gc] GC(10704) Pause Young (G1 Evacuation Pause) 236M->22M(368M) 1,808ms
[2611,575s][info][gc] GC(10705) Pause Young (G1 Evacuation Pause) 237M->22M(368M) 1,786ms
[2611,829s][info][gc] GC(10706) Pause Young (G1 Evacuation Pause) 237M->22M(368M) 1,700ms
[2612,087s][info][gc] GC(10707) Pause Young (G1 Evacuation Pause) 237M->22M(368M) 1,946ms
[2612,333s][info][gc] GC(10708) Pause Young (G1 Evacuation Pause) 237M->22M(368M) 1,427ms
[2612,587s][info][gc] GC(10709) Pause Young (G1 Evacuation Pause) 236M->22M(368M) 2,404ms
[2612,836s][info][gc] GC(10710) Pause Young (G1 Evacuation Pause) 237M->22M(368M) 1,489ms
[2613,082s][info][gc] GC(10711) Pause Young (G1 Evacuation Pause) 237M->22M(368M) 1,644ms
[2613,314s][info][gc] GC(10712) Pause Young (G1 Evacuation Pause) 237M->22M(368M) 1,117ms
[2613,546s][info][gc] GC(10713) Pause Young (G1 Evacuation Pause) 237M->22M(368M) 1,282ms
[2613,778s][info][gc] GC(10714) Pause Young (G1 Evacuation Pause) 236M->22M(368M) 1,108ms
[2614,010s][info][gc] GC(10715) Pause Young (G1 Evacuation Pause) 237M->22M(368M) 1,238ms
[2614,242s][info][gc] GC(10716) Pause Young (G1 Evacuation Pause) 237M->22M(368M) 1,244ms
[2614,488s][info][gc] GC(10717) Pause Young (G1 Evacuation Pause) 237M->22M(368M) 1,585ms
[2614,721s][info][gc] GC(10718) Pause Young (G1 Evacuation Pause) 237M->22M(368M) 1,550ms
[2614,969s][info][gc] GC(10719) Pause Young (G1 Evacuation Pause) 237M->23M(368M) 1,803ms
[2615,223s][info][gc] GC(10720) Pause Young (G1 Evacuation Pause) 237M->22M(368M) 1,819ms
[2615,482s][info][gc] GC(10721) Pause Young (G1 Evacuation Pause) 237M->22M(368M) 1,677ms
[2615,740s][info][gc] GC(10722) Pause Young (G1 Evacuation Pause) 237M->22M(368M) 2,428ms
[2616,001s][info][gc] GC(10723) Pause Young (G1 Evacuation Pause) 237M->22M(368M) 1,849ms
[2616,240s][info][gc] GC(10724) Pause Young (G1 Evacuation Pause) 237M->23M(368M) 1,414ms
[2616,490s][info][gc] GC(10725) Pause Young (G1 Evacuation Pause) 237M->22M(368M) 1,806ms
[2616,728s][info][gc] GC(10726) Pause Young (G1 Evacuation Pause) 237M->22M(368M) 1,108ms
[2616,976s][info][gc] GC(10727) Pause Young (G1 Evacuation Pause) 237M->22M(368M) 1,816ms
[2617,230s][info][gc] GC(10728) Pause Young (G1 Evacuation Pause) 237M->22M(368M) 1,869ms
[2617,484s][info][gc] GC(10729) Pause Young (G1 Evacuation Pause) 237M->22M(368M) 1,894ms
[2617,717s][info][gc] GC(10730) Pause Young (G1 Evacuation Pause) 236M->22M(368M) 1,030ms
[2617,949s][info][gc] GC(10731) Pause Young (G1 Evacuation Pause) 237M->22M(368M) 1,189ms
[2618,182s][info][gc] GC(10732) Pause Young (G1 Evacuation Pause) 237M->22M(368M) 1,925ms
[2618,414s][info][gc] GC(10733) Pause Young (G1 Evacuation Pause) 237M->22M(368M) 1,125ms
[2618,646s][info][gc] GC(10734) Pause Young (G1 Evacuation Pause) 237M->22M(368M) 1,412ms
[2618,886s][info][gc] GC(10735) Pause Young (G1 Evacuation Pause) 236M->22M(368M) 3,481ms
[2619,140s][info][gc] GC(10736) Pause Young (G1 Evacuation Pause) 237M->22M(368M) 1,629ms
[2619,403s][info][gc] GC(10737) Pause Young (G1 Evacuation Pause) 237M->22M(368M) 2,750ms
[2619,654s][info][gc] GC(10738) Pause Young (G1 Evacuation Pause) 237M->22M(368M) 6,489ms
[2619,898s][info][gc] GC(10739) Pause Young (G1 Evacuation Pause) 237M->22M(368M) 2,486ms
[2620,131s][info][gc] GC(10740) Pause Young (G1 Evacuation Pause) 237M->23M(368M) 1,308ms
[2620,368s][info][gc] GC(10741) Pause Young (G1 Evacuation Pause) 237M->22M(368M) 4,095ms
[2620,617s][info][gc] GC(10742) Pause Young (G1 Evacuation Pause) 237M->22M(368M) 1,191ms
[2620,849s][info][gc] GC(10743) Pause Young (G1 Evacuation Pause) 237M->22M(368M) 1,187ms
[2621,081s][info][gc] GC(10744) Pause Young (G1 Evacuation Pause) 237M->22M(368M) 1,280ms
[2621,313s][info][gc] GC(10745) Pause Young (G1 Evacuation Pause) 237M->22M(368M) 1,362ms
[2621,573s][info][gc] GC(10746) Pause Young (G1 Evacuation Pause) 236M->22M(368M) 1,761ms
[2621,827s][info][gc] GC(10747) Pause Young (G1 Evacuation Pause) 237M->22M(368M) 1,640ms
[2622,093s][info][gc] GC(10748) Pause Young (G1 Evacuation Pause) 237M->22M(368M) 1,664ms
[2622,340s][info][gc] GC(10749) Pause Young (G1 Evacuation Pause) 237M->22M(368M) 1,612ms
[2622,576s][info][gc] GC(10750) Pause Young (G1 Evacuation Pause) 237M->23M(368M) 1,271ms
[2622,808s][info][gc] GC(10751) Pause Young (G1 Evacuation Pause) 237M->22M(368M) 1,108ms
[2623,050s][info][gc] GC(10752) Pause Young (G1 Evacuation Pause) 237M->22M(368M) 1,416ms
[2623,282s][info][gc] GC(10753) Pause Young (G1 Evacuation Pause) 237M->22M(368M) 1,234ms
[2623,536s][info][gc] GC(10754) Pause Young (G1 Evacuation Pause) 237M->22M(368M) 1,768ms
[2623,790s][info][gc] GC(10755) Pause Young (G1 Evacuation Pause) 236M->21M(368M) 1,696ms
[2624,044s][info][gc] GC(10756) Pause Young (G1 Evacuation Pause) 236M->22M(368M) 1,617ms
[2624,298s][info][gc] GC(10757) Pause Young (G1 Evacuation Pause) 237M->22M(368M) 1,339ms
[2624,541s][info][gc] GC(10758) Pause Young (G1 Evacuation Pause) 237M->22M(368M) 1,151ms
[2624,782s][info][gc] GC(10759) Pause Young (G1 Evacuation Pause) 237M->22M(368M) 1,255ms
[2625,036s][info][gc] GC(10760) Pause Young (G1 Evacuation Pause) 237M->22M(368M) 1,721ms
[2625,289s][info][gc] GC(10761) Pause Young (G1 Evacuation Pause) 237M->23M(368M) 1,781ms
[2625,524s][info][gc] GC(10762) Pause Young (G1 Evacuation Pause) 237M->22M(368M) 2,902ms
[2625,758s][info][gc] GC(10763) Pause Young (G1 Evacuation Pause) 237M->22M(368M) 2,586ms
[2626,012s][info][gc] GC(10764) Pause Young (G1 Evacuation Pause) 237M->22M(368M) 1,879ms
[2626,266s][info][gc] GC(10765) Pause Young (G1 Evacuation Pause) 237M->22M(368M) 1,812ms
[2626,529s][info][gc] GC(10766) Pause Young (G1 Evacuation Pause) 237M->23M(368M) 2,576ms
[2626,788s][info][gc] GC(10767) Pause Young (G1 Evacuation Pause) 237M->22M(368M) 1,599ms
[2627,041s][info][gc] GC(10768) Pause Young (G1 Evacuation Pause) 237M->22M(368M) 1,687ms
[2627,292s][info][gc] GC(10769) Pause Young (G1 Evacuation Pause) 237M->22M(368M) 1,265ms
[2627,524s][info][gc] GC(10770) Pause Young (G1 Evacuation Pause) 237M->22M(368M) 1,268ms
[2627,756s][info][gc] GC(10771) Pause Young (G1 Evacuation Pause) 236M->22M(368M) 1,237ms
[2627,990s][info][gc] GC(10772) Pause Young (G1 Evacuation Pause) 237M->22M(368M) 1,480ms
[2628,222s][info][gc] GC(10773) Pause Young (G1 Evacuation Pause) 237M->22M(368M) 1,301ms
[2628,474s][info][gc] GC(10774) Pause Young (G1 Evacuation Pause) 237M->22M(368M) 3,424ms
[2628,718s][info][gc] GC(10775) Pause Young (G1 Evacuation Pause) 237M->22M(368M) 1,254ms
[2628,964s][info][gc] GC(10776) Pause Young (G1 Evacuation Pause) 237M->22M(368M) 1,737ms
[2629,198s][info][gc] GC(10777) Pause Young (G1 Evacuation Pause) 237M->23M(368M) 1,669ms
[2629,430s][info][gc] GC(10778) Pause Young (G1 Evacuation Pause) 237M->22M(368M) 1,206ms
[2629,662s][info][gc] GC(10779) Pause Young (G1 Evacuation Pause) 237M->22M(368M) 1,381ms
[2629,904s][info][gc] GC(10780) Pause Young (G1 Evacuation Pause) 237M->22M(368M) 2,397ms
[2630,148s][info][gc] GC(10781) Pause Young (G1 Evacuation Pause) 237M->22M(368M) 1,410ms
[2630,380s][info][gc] GC(10782) Pause Young (G1 Evacuation Pause) 237M->23M(368M) 1,328ms
[2630,619s][info][gc] GC(10783) Pause Young (G1 Evacuation Pause) 237M->22M(368M) 1,666ms
[2630,853s][info][gc] GC(10784) Pause Young (G1 Evacuation Pause) 237M->22M(368M) 1,690ms
[2631,086s][info][gc] GC(10785) Pause Young (G1 Evacuation Pause) 237M->22M(368M) 1,471ms
[2631,319s][info][gc] GC(10786) Pause Young (G1 Evacuation Pause) 237M->22M(368M) 1,987ms
[2631,562s][info][gc] GC(10787) Pause Young (G1 Evacuation Pause) 236M->22M(368M) 1,675ms
[2631,816s][info][gc] GC(10788) Pause Young (G1 Evacuation Pause) 237M->22M(368M) 1,952ms
[2632,069s][info][gc] GC(10789) Pause Young (G1 Evacuation Pause) 237M->22M(368M) 1,925ms
[2632,302s][info][gc] GC(10790) Pause Young (G1 Evacuation Pause) 237M->22M(368M) 1,265ms
[2632,555s][info][gc] GC(10791) Pause Young (G1 Evacuation Pause) 237M->22M(368M) 1,537ms
[2632,787s][info][gc] GC(10792) Pause Young (G1 Evacuation Pause) 236M->21M(368M) 1,156ms
[2633,037s][info][gc] GC(10793) Pause Young (G1 Evacuation Pause) 236M->22M(368M) 1,538ms
[2633,271s][info][gc] GC(10794) Pause Young (G1 Evacuation Pause) 237M->22M(368M) 1,103ms
[2633,522s][info][gc] GC(10795) Pause Young (G1 Evacuation Pause) 237M->22M(368M) 1,871ms
[2633,776s][info][gc] GC(10796) Pause Young (G1 Evacuation Pause) 237M->22M(368M) 1,807ms
[2634,037s][info][gc] GC(10797) Pause Young (G1 Evacuation Pause) 237M->22M(368M) 2,566ms
[2634,271s][info][gc] GC(10798) Pause Young (G1 Evacuation Pause) 236M->22M(368M) 1,124ms
[2634,519s][info][gc] GC(10799) Pause Young (G1 Evacuation Pause) 237M->22M(368M) 1,534ms
[2634,752s][info][gc] GC(10800) Pause Young (G1 Evacuation Pause) 237M->22M(368M) 1,384ms
[2634,985s][info][gc] GC(10801) Pause Young (G1 Evacuation Pause) 237M->22M(368M) 1,538ms
[2635,218s][info][gc] GC(10802) Pause Young (G1 Evacuation Pause) 237M->22M(368M) 1,477ms
[2635,467s][info][gc] GC(10803) Pause Young (G1 Evacuation Pause) 236M->22M(368M) 1,635ms
[2635,713s][info][gc] GC(10804) Pause Young (G1 Evacuation Pause) 237M->21M(368M) 8,151ms
[2635,958s][info][gc] GC(10805) Pause Young (G1 Evacuation Pause) 236M->22M(368M) 1,761ms
[2636,212s][info][gc] GC(10806) Pause Young (G1 Evacuation Pause) 237M->22M(368M) 1,831ms
[2636,466s][info][gc] GC(10807) Pause Young (G1 Evacuation Pause) 237M->22M(368M) 1,829ms
[2636,706s][info][gc] GC(10808) Pause Young (G1 Evacuation Pause) 237M->23M(368M) 1,868ms
[2636,938s][info][gc] GC(10809) Pause Young (G1 Evacuation Pause) 237M->22M(368M) 1,153ms
[2637,170s][info][gc] GC(10810) Pause Young (G1 Evacuation Pause) 237M->22M(368M) 1,224ms
[2637,419s][info][gc] GC(10811) Pause Young (G1 Evacuation Pause) 237M->22M(368M) 4,095ms
[2637,676s][info][gc] GC(10812) Pause Young (G1 Evacuation Pause) 237M->22M(368M) 2,131ms
[2637,934s][info][gc] GC(10813) Pause Young (G1 Evacuation Pause) 237M->22M(368M) 2,475ms
[2638,189s][info][gc] GC(10814) Pause Young (G1 Evacuation Pause) 236M->22M(368M) 2,745ms
[2638,435s][info][gc] GC(10815) Pause Young (G1 Evacuation Pause) 237M->22M(368M) 1,739ms
[2638,689s][info][gc] GC(10816) Pause Young (G1 Evacuation Pause) 237M->22M(368M) 1,755ms
[2638,942s][info][gc] GC(10817) Pause Young (G1 Evacuation Pause) 237M->22M(368M) 1,950ms
[2639,177s][info][gc] GC(10818) Pause Young (G1 Evacuation Pause) 237M->22M(368M) 1,449ms
[2639,421s][info][gc] GC(10819) Pause Young (G1 Evacuation Pause) 236M->22M(368M) 2,084ms
[2639,674s][info][gc] GC(10820) Pause Young (G1 Evacuation Pause) 237M->22M(368M) 1,698ms
[2639,930s][info][gc] GC(10821) Pause Young (G1 Evacuation Pause) 237M->22M(368M) 1,239ms
[2640,162s][info][gc] GC(10822) Pause Young (G1 Evacuation Pause) 237M->22M(368M) 1,124ms
[2640,404s][info][gc] GC(10823) Pause Young (G1 Evacuation Pause) 237M->22M(368M) 2,476ms
[2640,639s][info][gc] GC(10824) Pause Young (G1 Evacuation Pause) 236M->22M(368M) 1,034ms
[2640,871s][info][gc] GC(10825) Pause Young (G1 Evacuation Pause) 237M->22M(368M) 1,044ms
[2641,103s][info][gc] GC(10826) Pause Young (G1 Evacuation Pause) 237M->22M(368M) 1,064ms
[2641,335s][info][gc] GC(10827) Pause Young (G1 Evacuation Pause) 237M->22M(368M) 1,239ms
[2641,567s][info][gc] GC(10828) Pause Young (G1 Evacuation Pause) 237M->22M(368M) 1,120ms
[2641,812s][info][gc] GC(10829) Pause Young (G1 Evacuation Pause) 237M->23M(368M) 1,594ms
[2642,068s][info][gc] GC(10830) Pause Young (G1 Evacuation Pause) 237M->22M(368M) 1,821ms
[2642,302s][info][gc] GC(10831) Pause Young (G1 Evacuation Pause) 237M->22M(368M) 1,257ms
[2642,534s][info][gc] GC(10832) Pause Young (G1 Evacuation Pause) 237M->22M(368M) 1,251ms
[2642,766s][info][gc] GC(10833) Pause Young (G1 Evacuation Pause) 237M->22M(368M) 1,234ms
[2643,010s][info][gc] GC(10834) Pause Young (G1 Evacuation Pause) 237M->22M(368M) 1,228ms
[2643,267s][info][gc] GC(10835) Pause Young (G1 Evacuation Pause) 236M->22M(368M) 1,251ms
[2643,519s][info][gc] GC(10836) Pause Young (G1 Evacuation Pause) 237M->22M(368M) 1,685ms
[2643,773s][info][gc] GC(10837) Pause Young (G1 Evacuation Pause) 237M->22M(368M) 1,655ms
[2644,043s][info][gc] GC(10838) Pause Young (G1 Evacuation Pause) 237M->22M(368M) 1,815ms
[2644,297s][info][gc] GC(10839) Pause Young (G1 Evacuation Pause) 237M->22M(368M) 1,876ms
[2644,545s][info][gc] GC(10840) Pause Young (G1 Evacuation Pause) 236M->21M(368M) 2,970ms
[2644,778s][info][gc] GC(10841) Pause Young (G1 Evacuation Pause) 236M->22M(368M) 1,191ms
[2645,010s][info][gc] GC(10842) Pause Young (G1 Evacuation Pause) 237M->22M(368M) 1,217ms
[2645,242s][info][gc] GC(10843) Pause Young (G1 Evacuation Pause) 237M->22M(368M) 1,369ms
[2645,488s][info][gc] GC(10844) Pause Young (G1 Evacuation Pause) 237M->22M(368M) 1,799ms
[2645,720s][info][gc] GC(10845) Pause Young (G1 Evacuation Pause) 236M->22M(368M) 1,314ms
[2645,965s][info][gc] GC(10846) Pause Young (G1 Evacuation Pause) 237M->22M(368M) 1,339ms
[2646,199s][info][gc] GC(10847) Pause Young (G1 Evacuation Pause) 237M->22M(368M) 1,602ms
[2646,445s][info][gc] GC(10848) Pause Young (G1 Evacuation Pause) 237M->22M(368M) 1,655ms
[2646,694s][info][gc] GC(10849) Pause Young (G1 Evacuation Pause) 237M->22M(368M) 1,261ms
[2646,940s][info][gc] GC(10850) Pause Young (G1 Evacuation Pause) 237M->23M(368M) 1,942ms
[2647,174s][info][gc] GC(10851) Pause Young (G1 Evacuation Pause) 237M->22M(368M) 1,223ms
[2647,406s][info][gc] GC(10852) Pause Young (G1 Evacuation Pause) 237M->22M(368M) 1,253ms
[2647,638s][info][gc] GC(10853) Pause Young (G1 Evacuation Pause) 237M->22M(368M) 1,179ms
[2647,870s][info][gc] GC(10854) Pause Young (G1 Evacuation Pause) 237M->22M(368M) 1,378ms
[2648,104s][info][gc] GC(10855) Pause Young (G1 Evacuation Pause) 237M->22M(368M) 2,155ms
[2648,346s][info][gc] GC(10856) Pause Young (G1 Evacuation Pause) 236M->22M(368M) 1,210ms
[2648,599s][info][gc] GC(10857) Pause Young (G1 Evacuation Pause) 237M->22M(368M) 2,334ms
[2648,831s][info][gc] GC(10858) Pause Young (G1 Evacuation Pause) 237M->22M(368M) 1,226ms
[2649,084s][info][gc] GC(10859) Pause Young (G1 Evacuation Pause) 237M->22M(368M) 1,398ms
[2649,317s][info][gc] GC(10860) Pause Young (G1 Evacuation Pause) 237M->22M(368M) 1,420ms
[2649,550s][info][gc] GC(10861) Pause Young (G1 Evacuation Pause) 236M->22M(368M) 1,416ms
[2649,782s][info][gc] GC(10862) Pause Young (G1 Evacuation Pause) 237M->22M(368M) 1,249ms
[2650,053s][info][gc] GC(10863) Pause Young (G1 Evacuation Pause) 237M->22M(368M) 2,304ms
[2650,291s][info][gc] GC(10864) Pause Young (G1 Evacuation Pause) 237M->22M(368M) 1,610ms
[2650,536s][info][gc] GC(10865) Pause Young (G1 Evacuation Pause) 237M->22M(368M) 1,824ms
[2650,768s][info][gc] GC(10866) Pause Young (G1 Evacuation Pause) 236M->22M(368M) 1,179ms
[2651,023s][info][gc] GC(10867) Pause Young (G1 Evacuation Pause) 237M->22M(368M) 2,257ms
[2651,275s][info][gc] GC(10868) Pause Young (G1 Evacuation Pause) 237M->22M(368M) 1,647ms
[2651,520s][info][gc] GC(10869) Pause Young (G1 Evacuation Pause) 237M->22M(368M) 1,377ms
[2651,752s][info][gc] GC(10870) Pause Young (G1 Evacuation Pause) 237M->22M(368M) 1,329ms
[2652,019s][info][gc] GC(10871) Pause Young (G1 Evacuation Pause) 237M->23M(368M) 1,979ms
[2652,270s][info][gc] GC(10872) Pause Young (G1 Evacuation Pause) 237M->22M(368M) 1,557ms
[2652,510s][info][gc] GC(10873) Pause Young (G1 Evacuation Pause) 237M->22M(368M) 1,091ms
[2652,742s][info][gc] GC(10874) Pause Young (G1 Evacuation Pause) 237M->22M(368M) 1,208ms
[2652,993s][info][gc] GC(10875) Pause Young (G1 Evacuation Pause) 237M->22M(368M) 1,873ms
[2653,241s][info][gc] GC(10876) Pause Young (G1 Evacuation Pause) 237M->23M(368M) 1,373ms
[2653,473s][info][gc] GC(10877) Pause Young (G1 Evacuation Pause) 237M->22M(368M) 1,223ms
[2653,721s][info][gc] GC(10878) Pause Young (G1 Evacuation Pause) 237M->22M(368M) 2,254ms
[2653,985s][info][gc] GC(10879) Pause Young (G1 Evacuation Pause) 237M->22M(368M) 1,742ms
[2654,218s][info][gc] GC(10880) Pause Young (G1 Evacuation Pause) 237M->22M(368M) 1,427ms
[2654,464s][info][gc] GC(10881) Pause Young (G1 Evacuation Pause) 237M->22M(368M) 1,438ms
[2654,696s][info][gc] GC(10882) Pause Young (G1 Evacuation Pause) 236M->22M(368M) 1,309ms
[2654,942s][info][gc] GC(10883) Pause Young (G1 Evacuation Pause) 237M->22M(368M) 1,876ms
[2655,196s][info][gc] GC(10884) Pause Young (G1 Evacuation Pause) 237M->22M(368M) 1,777ms
[2655,437s][info][gc] GC(10885) Pause Young (G1 Evacuation Pause) 237M->22M(368M) 1,387ms
[2655,670s][info][gc] GC(10886) Pause Young (G1 Evacuation Pause) 237M->22M(368M) 1,584ms
[2655,903s][info][gc] GC(10887) Pause Young (G1 Evacuation Pause) 236M->22M(368M) 1,519ms
[2656,135s][info][gc] GC(10888) Pause Young (G1 Evacuation Pause) 237M->22M(368M) 1,284ms
[2656,367s][info][gc] GC(10889) Pause Young (G1 Evacuation Pause) 237M->22M(368M) 1,321ms
[2656,599s][info][gc] GC(10890) Pause Young (G1 Evacuation Pause) 237M->22M(368M) 1,221ms
[2656,831s][info][gc] GC(10891) Pause Young (G1 Evacuation Pause) 237M->22M(368M) 1,101ms
[2657,076s][info][gc] GC(10892) Pause Young (G1 Evacuation Pause) 236M->22M(368M) 1,399ms
[2657,309s][info][gc] GC(10893) Pause Young (G1 Evacuation Pause) 237M->22M(368M) 1,554ms
[2657,566s][info][gc] GC(10894) Pause Young (G1 Evacuation Pause) 237M->22M(368M) 1,655ms
[2657,824s][info][gc] GC(10895) Pause Young (G1 Evacuation Pause) 237M->22M(368M) 1,763ms
[2658,058s][info][gc] GC(10896) Pause Young (G1 Evacuation Pause) 237M->22M(368M) 1,275ms
[2658,303s][info][gc] GC(10897) Pause Young (G1 Evacuation Pause) 237M->23M(368M) 1,171ms
[2658,536s][info][gc] GC(10898) Pause Young (G1 Evacuation Pause) 237M->21M(368M) 1,813ms
[2658,768s][info][gc] GC(10899) Pause Young (G1 Evacuation Pause) 236M->22M(368M) 1,073ms
[2659,025s][info][gc] GC(10900) Pause Young (G1 Evacuation Pause) 237M->22M(368M) 1,683ms
[2659,257s][info][gc] GC(10901) Pause Young (G1 Evacuation Pause) 237M->22M(368M) 1,168ms
[2659,507s][info][gc] GC(10902) Pause Young (G1 Evacuation Pause) 237M->22M(368M) 1,968ms
[2659,740s][info][gc] GC(10903) Pause Young (G1 Evacuation Pause) 236M->22M(368M) 1,189ms
[2659,997s][info][gc] GC(10904) Pause Young (G1 Evacuation Pause) 237M->22M(368M) 1,695ms
[2660,239s][info][gc] GC(10905) Pause Young (G1 Evacuation Pause) 237M->22M(368M) 1,662ms
[2660,492s][info][gc] GC(10906) Pause Young (G1 Evacuation Pause) 237M->22M(368M) 1,807ms
[2660,729s][info][gc] GC(10907) Pause Young (G1 Evacuation Pause) 237M->22M(368M) 1,274ms
[2660,972s][info][gc] GC(10908) Pause Young (G1 Evacuation Pause) 237M->23M(368M) 1,313ms
[2661,204s][info][gc] GC(10909) Pause Young (G1 Evacuation Pause) 237M->22M(368M) 1,186ms
[2661,452s][info][gc] GC(10910) Pause Young (G1 Evacuation Pause) 237M->22M(368M) 1,785ms
[2661,697s][info][gc] GC(10911) Pause Young (G1 Evacuation Pause) 237M->22M(368M) 1,279ms
[2661,929s][info][gc] GC(10912) Pause Young (G1 Evacuation Pause) 237M->22M(368M) 1,176ms
[2662,161s][info][gc] GC(10913) Pause Young (G1 Evacuation Pause) 236M->22M(368M) 1,150ms
[2662,393s][info][gc] GC(10914) Pause Young (G1 Evacuation Pause) 237M->22M(368M) 1,161ms
[2662,626s][info][gc] GC(10915) Pause Young (G1 Evacuation Pause) 237M->22M(368M) 1,263ms
[2662,858s][info][gc] GC(10916) Pause Young (G1 Evacuation Pause) 237M->22M(368M) 1,293ms
[2663,101s][info][gc] GC(10917) Pause Young (G1 Evacuation Pause) 237M->22M(368M) 1,233ms
[2663,333s][info][gc] GC(10918) Pause Young (G1 Evacuation Pause) 237M->23M(368M) 1,199ms
[2663,565s][info][gc] GC(10919) Pause Young (G1 Evacuation Pause) 237M->22M(368M) 1,029ms
[2663,798s][info][gc] GC(10920) Pause Young (G1 Evacuation Pause) 237M->22M(368M) 1,901ms
[2664,030s][info][gc] GC(10921) Pause Young (G1 Evacuation Pause) 237M->22M(368M) 1,207ms
[2664,262s][info][gc] GC(10922) Pause Young (G1 Evacuation Pause) 237M->22M(368M) 1,308ms
[2664,517s][info][gc] GC(10923) Pause Young (G1 Evacuation Pause) 237M->22M(368M) 4,081ms
[2664,756s][info][gc] GC(10924) Pause Young (G1 Evacuation Pause) 236M->22M(368M) 1,480ms
[2665,011s][info][gc] GC(10925) Pause Young (G1 Evacuation Pause) 237M->22M(368M) 2,281ms
[2665,265s][info][gc] GC(10926) Pause Young (G1 Evacuation Pause) 237M->22M(368M) 1,793ms
[2665,525s][info][gc] GC(10927) Pause Young (G1 Evacuation Pause) 237M->22M(368M) 1,911ms
[2665,769s][info][gc] GC(10928) Pause Young (G1 Evacuation Pause) 237M->22M(368M) 1,574ms
[2666,029s][info][gc] GC(10929) Pause Young (G1 Evacuation Pause) 236M->22M(368M) 1,741ms
[2666,285s][info][gc] GC(10930) Pause Young (G1 Evacuation Pause) 237M->21M(368M) 3,432ms
[2666,530s][info][gc] GC(10931) Pause Young (G1 Evacuation Pause) 236M->22M(368M) 1,532ms
[2666,763s][info][gc] GC(10932) Pause Young (G1 Evacuation Pause) 237M->22M(368M) 1,387ms
[2667,019s][info][gc] GC(10933) Pause Young (G1 Evacuation Pause) 237M->22M(368M) 1,834ms
[2667,273s][info][gc] GC(10934) Pause Young (G1 Evacuation Pause) 237M->23M(368M) 1,804ms
[2667,530s][info][gc] GC(10935) Pause Young (G1 Evacuation Pause) 237M->22M(368M) 1,765ms
[2667,789s][info][gc] GC(10936) Pause Young (G1 Evacuation Pause) 237M->22M(368M) 1,781ms
[2668,048s][info][gc] GC(10937) Pause Young (G1 Evacuation Pause) 237M->22M(368M) 2,549ms
[2668,282s][info][gc] GC(10938) Pause Young (G1 Evacuation Pause) 237M->22M(368M) 1,397ms
[2668,530s][info][gc] GC(10939) Pause Young (G1 Evacuation Pause) 237M->23M(368M) 1,574ms
[2668,762s][info][gc] GC(10940) Pause Young (G1 Evacuation Pause) 237M->22M(368M) 1,182ms
[2668,994s][info][gc] GC(10941) Pause Young (G1 Evacuation Pause) 237M->22M(368M) 1,218ms
[2669,226s][info][gc] GC(10942) Pause Young (G1 Evacuation Pause) 237M->22M(368M) 1,267ms
[2669,474s][info][gc] GC(10943) Pause Young (G1 Evacuation Pause) 237M->22M(368M) 1,738ms
[2669,718s][info][gc] GC(10944) Pause Young (G1 Evacuation Pause) 237M->22M(368M) 1,963ms
[2669,976s][info][gc] GC(10945) Pause Young (G1 Evacuation Pause) 236M->22M(368M) 1,516ms
[2670,209s][info][gc] GC(10946) Pause Young (G1 Evacuation Pause) 237M->22M(368M) 1,579ms
[2670,457s][info][gc] GC(10947) Pause Young (G1 Evacuation Pause) 237M->22M(368M) 1,824ms
[2670,704s][info][gc] GC(10948) Pause Young (G1 Evacuation Pause) 237M->22M(368M) 1,258ms
[2670,936s][info][gc] GC(10949) Pause Young (G1 Evacuation Pause) 237M->22M(368M) 1,376ms
[2671,169s][info][gc] GC(10950) Pause Young (G1 Evacuation Pause) 236M->22M(368M) 1,388ms
[2671,402s][info][gc] GC(10951) Pause Young (G1 Evacuation Pause) 237M->22M(368M) 1,307ms
[2671,635s][info][gc] GC(10952) Pause Young (G1 Evacuation Pause) 237M->22M(368M) 1,215ms
[2671,867s][info][gc] GC(10953) Pause Young (G1 Evacuation Pause) 237M->22M(368M) 1,347ms
[2672,099s][info][gc] GC(10954) Pause Young (G1 Evacuation Pause) 237M->22M(368M) 1,307ms
[2672,331s][info][gc] GC(10955) Pause Young (G1 Evacuation Pause) 237M->23M(368M) 1,297ms
[2672,563s][info][gc] GC(10956) Pause Young (G1 Evacuation Pause) 237M->22M(368M) 1,278ms
[2672,795s][info][gc] GC(10957) Pause Young (G1 Evacuation Pause) 237M->22M(368M) 1,318ms
[2673,050s][info][gc] GC(10958) Pause Young (G1 Evacuation Pause) 237M->22M(368M) 1,983ms
[2673,295s][info][gc] GC(10959) Pause Young (G1 Evacuation Pause) 237M->22M(368M) 1,316ms
[2673,549s][info][gc] GC(10960) Pause Young (G1 Evacuation Pause) 236M->22M(368M) 1,641ms
[2673,806s][info][gc] GC(10961) Pause Young (G1 Evacuation Pause) 237M->22M(368M) 1,747ms
[2674,044s][info][gc] GC(10962) Pause Young (G1 Evacuation Pause) 237M->22M(368M) 1,319ms
[2674,277s][info][gc] GC(10963) Pause Young (G1 Evacuation Pause) 237M->22M(368M) 2,205ms
[2674,532s][info][gc] GC(10964) Pause Young (G1 Evacuation Pause) 237M->22M(368M) 1,830ms
[2674,767s][info][gc] GC(10965) Pause Young (G1 Evacuation Pause) 237M->23M(368M) 1,645ms
[2675,019s][info][gc] GC(10966) Pause Young (G1 Evacuation Pause) 237M->22M(368M) 1,741ms
[2675,253s][info][gc] GC(10967) Pause Young (G1 Evacuation Pause) 237M->22M(368M) 1,384ms
[2675,502s][info][gc] GC(10968) Pause Young (G1 Evacuation Pause) 237M->22M(368M) 1,472ms
[2675,742s][info][gc] GC(10969) Pause Young (G1 Evacuation Pause) 237M->22M(368M) 1,404ms
[2675,983s][info][gc] GC(10970) Pause Young (G1 Evacuation Pause) 237M->22M(368M) 1,648ms
[2676,241s][info][gc] GC(10971) Pause Young (G1 Evacuation Pause) 236M->22M(368M) 1,575ms
[2676,499s][info][gc] GC(10972) Pause Young (G1 Evacuation Pause) 237M->22M(368M) 1,748ms
[2676,746s][info][gc] GC(10973) Pause Young (G1 Evacuation Pause) 237M->22M(368M) 1,292ms
[2676,999s][info][gc] GC(10974) Pause Young (G1 Evacuation Pause) 237M->22M(368M) 1,817ms
[2677,253s][info][gc] GC(10975) Pause Young (G1 Evacuation Pause) 237M->22M(368M) 1,900ms
[2677,511s][info][gc] GC(10976) Pause Young (G1 Evacuation Pause) 237M->23M(368M) 1,945ms
[2677,765s][info][gc] GC(10977) Pause Young (G1 Evacuation Pause) 237M->22M(368M) 1,825ms
[2678,019s][info][gc] GC(10978) Pause Young (G1 Evacuation Pause) 237M->22M(368M) 1,741ms
[2678,265s][info][gc] GC(10979) Pause Young (G1 Evacuation Pause) 237M->22M(368M) 1,233ms
[2678,518s][info][gc] GC(10980) Pause Young (G1 Evacuation Pause) 237M->22M(368M) 2,369ms
[2678,775s][info][gc] GC(10981) Pause Young (G1 Evacuation Pause) 237M->23M(368M) 1,730ms
[2679,033s][info][gc] GC(10982) Pause Young (G1 Evacuation Pause) 237M->22M(368M) 1,582ms
[2679,287s][info][gc] GC(10983) Pause Young (G1 Evacuation Pause) 237M->22M(368M) 1,694ms
[2679,543s][info][gc] GC(10984) Pause Young (G1 Evacuation Pause) 237M->22M(368M) 4,031ms
[2679,809s][info][gc] GC(10985) Pause Young (G1 Evacuation Pause) 237M->22M(368M) 1,889ms
[2680,063s][info][gc] GC(10986) Pause Young (G1 Evacuation Pause) 237M->23M(368M) 1,852ms
[2680,306s][info][gc] GC(10987) Pause Young (G1 Evacuation Pause) 237M->21M(368M) 1,336ms
[2680,554s][info][gc] GC(10988) Pause Young (G1 Evacuation Pause) 236M->22M(368M) 1,545ms
[2680,790s][info][gc] GC(10989) Pause Young (G1 Evacuation Pause) 237M->22M(368M) 4,881ms
[2681,022s][info][gc] GC(10990) Pause Young (G1 Evacuation Pause) 237M->22M(368M) 1,111ms
[2681,254s][info][gc] GC(10991) Pause Young (G1 Evacuation Pause) 237M->22M(368M) 1,310ms
[2681,486s][info][gc] GC(10992) Pause Young (G1 Evacuation Pause) 236M->22M(368M) 1,054ms
[2681,718s][info][gc] GC(10993) Pause Young (G1 Evacuation Pause) 237M->22M(368M) 1,227ms
[2681,969s][info][gc] GC(10994) Pause Young (G1 Evacuation Pause) 237M->22M(368M) 2,235ms
[2682,225s][info][gc] GC(10995) Pause Young (G1 Evacuation Pause) 237M->22M(368M) 1,854ms
[2682,477s][info][gc] GC(10996) Pause Young (G1 Evacuation Pause) 237M->22M(368M) 1,875ms
[2682,723s][info][gc] GC(10997) Pause Young (G1 Evacuation Pause) 236M->22M(368M) 1,373ms
[2682,957s][info][gc] GC(10998) Pause Young (G1 Evacuation Pause) 237M->22M(368M) 1,544ms
[2683,190s][info][gc] GC(10999) Pause Young (G1 Evacuation Pause) 237M->22M(368M) 1,684ms
[2683,434s][info][gc] GC(11000) Pause Young (G1 Evacuation Pause) 237M->22M(368M) 2,455ms
[2683,688s][info][gc] GC(11001) Pause Young (G1 Evacuation Pause) 237M->22M(368M) 1,827ms
[2683,942s][info][gc] GC(11002) Pause Young (G1 Evacuation Pause) 236M->22M(368M) 1,738ms
[2684,196s][info][gc] GC(11003) Pause Young (G1 Evacuation Pause) 237M->22M(368M) 1,678ms
[2684,449s][info][gc] GC(11004) Pause Young (G1 Evacuation Pause) 237M->22M(368M) 1,159ms
[2684,688s][info][gc] GC(11005) Pause Young (G1 Evacuation Pause) 237M->22M(368M) 1,276ms
[2684,933s][info][gc] GC(11006) Pause Young (G1 Evacuation Pause) 237M->22M(368M) 1,569ms
[2685,166s][info][gc] GC(11007) Pause Young (G1 Evacuation Pause) 237M->23M(368M) 1,620ms
[2685,410s][info][gc] GC(11008) Pause Young (G1 Evacuation Pause) 237M->22M(368M) 2,545ms
[2685,664s][info][gc] GC(11009) Pause Young (G1 Evacuation Pause) 237M->22M(368M) 1,698ms
[2685,930s][info][gc] GC(11010) Pause Young (G1 Evacuation Pause) 237M->22M(368M) 1,879ms
[2686,184s][info][gc] GC(11011) Pause Young (G1 Evacuation Pause) 237M->22M(368M) 1,876ms
[2686,446s][info][gc] GC(11012) Pause Young (G1 Evacuation Pause) 237M->22M(368M) 2,587ms
[2686,700s][info][gc] GC(11013) Pause Young (G1 Evacuation Pause) 236M->22M(368M) 1,663ms
[2686,954s][info][gc] GC(11014) Pause Young (G1 Evacuation Pause) 237M->22M(368M) 1,885ms
[2687,208s][info][gc] GC(11015) Pause Young (G1 Evacuation Pause) 237M->22M(368M) 1,699ms
[2687,456s][info][gc] GC(11016) Pause Young (G1 Evacuation Pause) 237M->22M(368M) 1,659ms
[2687,705s][info][gc] GC(11017) Pause Young (G1 Evacuation Pause) 237M->22M(368M) 1,348ms
[2687,952s][info][gc] GC(11018) Pause Young (G1 Evacuation Pause) 236M->22M(368M) 1,660ms
[2688,200s][info][gc] GC(11019) Pause Young (G1 Evacuation Pause) 237M->21M(368M) 2,698ms
[2688,433s][info][gc] GC(11020) Pause Young (G1 Evacuation Pause) 236M->21M(368M) 2,200ms
[2688,666s][info][gc] GC(11021) Pause Young (G1 Evacuation Pause) 236M->22M(368M) 1,257ms
[2688,916s][info][gc] GC(11022) Pause Young (G1 Evacuation Pause) 237M->22M(368M) 4,263ms
[2689,177s][info][gc] GC(11023) Pause Young (G1 Evacuation Pause) 236M->22M(368M) 1,695ms
[2689,431s][info][gc] GC(11024) Pause Young (G1 Evacuation Pause) 237M->22M(368M) 1,659ms
[2689,685s][info][gc] GC(11025) Pause Young (G1 Evacuation Pause) 237M->22M(368M) 1,623ms
[2689,944s][info][gc] GC(11026) Pause Young (G1 Evacuation Pause) 237M->22M(368M) 1,503ms
[2690,177s][info][gc] GC(11027) Pause Young (G1 Evacuation Pause) 237M->22M(368M) 1,403ms
[2690,422s][info][gc] GC(11028) Pause Young (G1 Evacuation Pause) 236M->22M(368M) 1,679ms
[2690,657s][info][gc] GC(11029) Pause Young (G1 Evacuation Pause) 237M->22M(368M) 1,598ms
[2690,899s][info][gc] GC(11030) Pause Young (G1 Evacuation Pause) 237M->22M(368M) 2,214ms
[2691,164s][info][gc] GC(11031) Pause Young (G1 Evacuation Pause) 237M->22M(368M) 2,354ms
[2691,424s][info][gc] GC(11032) Pause Young (G1 Evacuation Pause) 237M->22M(368M) 1,807ms
[2691,673s][info][gc] GC(11033) Pause Young (G1 Evacuation Pause) 237M->23M(368M) 4,127ms
[2691,931s][info][gc] GC(11034) Pause Young (G1 Evacuation Pause) 237M->22M(368M) 1,796ms
[2692,192s][info][gc] GC(11035) Pause Young (G1 Evacuation Pause) 237M->22M(368M) 1,835ms
[2692,449s][info][gc] GC(11036) Pause Young (G1 Evacuation Pause) 237M->22M(368M) 1,898ms
[2692,682s][info][gc] GC(11037) Pause Young (G1 Evacuation Pause) 237M->22M(368M) 1,246ms
[2692,915s][info][gc] GC(11038) Pause Young (G1 Evacuation Pause) 237M->22M(368M) 1,502ms
[2693,152s][info][gc] GC(11039) Pause Young (G1 Evacuation Pause) 237M->23M(368M) 1,811ms
[2693,384s][info][gc] GC(11040) Pause Young (G1 Evacuation Pause) 237M->22M(368M) 1,263ms
[2693,616s][info][gc] GC(11041) Pause Young (G1 Evacuation Pause) 237M->22M(368M) 1,302ms
[2693,848s][info][gc] GC(11042) Pause Young (G1 Evacuation Pause) 237M->22M(368M) 1,334ms
[2694,108s][info][gc] GC(11043) Pause Young (G1 Evacuation Pause) 237M->22M(368M) 1,763ms
[2694,362s][info][gc] GC(11044) Pause Young (G1 Evacuation Pause) 237M->23M(368M) 1,750ms
[2694,597s][info][gc] GC(11045) Pause Young (G1 Evacuation Pause) 237M->22M(368M) 1,402ms
[2694,830s][info][gc] GC(11046) Pause Young (G1 Evacuation Pause) 237M->22M(368M) 1,366ms
[2695,062s][info][gc] GC(11047) Pause Young (G1 Evacuation Pause) 237M->22M(368M) 1,245ms
[2695,294s][info][gc] GC(11048) Pause Young (G1 Evacuation Pause) 237M->22M(368M) 1,125ms
[2695,548s][info][gc] GC(11049) Pause Young (G1 Evacuation Pause) 237M->23M(368M) 1,706ms
[2695,802s][info][gc] GC(11050) Pause Young (G1 Evacuation Pause) 237M->22M(368M) 1,593ms
[2696,052s][info][gc] GC(11051) Pause Young (G1 Evacuation Pause) 237M->22M(368M) 1,804ms
[2696,306s][info][gc] GC(11052) Pause Young (G1 Evacuation Pause) 237M->22M(368M) 1,899ms
[2696,571s][info][gc] GC(11053) Pause Young (G1 Evacuation Pause) 237M->22M(368M) 4,158ms
[2696,810s][info][gc] GC(11054) Pause Young (G1 Evacuation Pause) 237M->22M(368M) 1,149ms
[2697,042s][info][gc] GC(11055) Pause Young (G1 Evacuation Pause) 236M->22M(368M) 1,125ms
[2697,274s][info][gc] GC(11056) Pause Young (G1 Evacuation Pause) 237M->22M(368M) 1,148ms
[2697,533s][info][gc] GC(11057) Pause Young (G1 Evacuation Pause) 237M->22M(368M) 1,874ms
[2697,787s][info][gc] GC(11058) Pause Young (G1 Evacuation Pause) 237M->22M(368M) 1,820ms
[2698,041s][info][gc] GC(11059) Pause Young (G1 Evacuation Pause) 237M->22M(368M) 1,743ms
[2698,285s][info][gc] GC(11060) Pause Young (G1 Evacuation Pause) 236M->22M(368M) 1,085ms
[2698,550s][info][gc] GC(11061) Pause Young (G1 Evacuation Pause) 237M->22M(368M) 1,906ms
[2698,805s][info][gc] GC(11062) Pause Young (G1 Evacuation Pause) 237M->22M(368M) 2,160ms
[2699,069s][info][gc] GC(11063) Pause Young (G1 Evacuation Pause) 237M->22M(368M) 1,726ms
[2699,323s][info][gc] GC(11064) Pause Young (G1 Evacuation Pause) 237M->22M(368M) 1,859ms
[2699,577s][info][gc] GC(11065) Pause Young (G1 Evacuation Pause) 237M->23M(368M) 1,721ms
[2699,831s][info][gc] GC(11066) Pause Young (G1 Evacuation Pause) 237M->22M(368M) 1,725ms
[2700,097s][info][gc] GC(11067) Pause Young (G1 Evacuation Pause) 237M->22M(368M) 2,342ms
[2700,334s][info][gc] GC(11068) Pause Young (G1 Evacuation Pause) 237M->22M(368M) 1,259ms
[2700,583s][info][gc] GC(11069) Pause Young (G1 Evacuation Pause) 237M->22M(368M) 2,173ms
[2700,815s][info][gc] GC(11070) Pause Young (G1 Evacuation Pause) 236M->22M(368M) 1,187ms
[2701,047s][info][gc] GC(11071) Pause Young (G1 Evacuation Pause) 237M->21M(368M) 1,171ms
[2701,279s][info][gc] GC(11072) Pause Young (G1 Evacuation Pause) 236M->22M(368M) 1,344ms
[2701,511s][info][gc] GC(11073) Pause Young (G1 Evacuation Pause) 237M->22M(368M) 1,178ms
[2701,743s][info][gc] GC(11074) Pause Young (G1 Evacuation Pause) 237M->22M(368M) 1,309ms
[2701,988s][info][gc] GC(11075) Pause Young (G1 Evacuation Pause) 237M->23M(368M) 1,502ms
[2702,245s][info][gc] GC(11076) Pause Young (G1 Evacuation Pause) 237M->21M(368M) 2,140ms
[2702,492s][info][gc] GC(11077) Pause Young (G1 Evacuation Pause) 236M->22M(368M) 1,704ms
[2702,731s][info][gc] GC(11078) Pause Young (G1 Evacuation Pause) 237M->22M(368M) 7,361ms
[2702,964s][info][gc] GC(11079) Pause Young (G1 Evacuation Pause) 237M->22M(368M) 1,089ms
[2703,197s][info][gc] GC(11080) Pause Young (G1 Evacuation Pause) 237M->22M(368M) 2,032ms
[2703,442s][info][gc] GC(11081) Pause Young (G1 Evacuation Pause) 236M->22M(368M) 1,622ms
[2703,699s][info][gc] GC(11082) Pause Young (G1 Evacuation Pause) 237M->22M(368M) 2,472ms
[2703,956s][info][gc] GC(11083) Pause Young (G1 Evacuation Pause) 237M->22M(368M) 2,282ms
[2704,218s][info][gc] GC(11084) Pause Young (G1 Evacuation Pause) 237M->22M(368M) 1,833ms
[2704,486s][info][gc] GC(11085) Pause Young (G1 Evacuation Pause) 237M->22M(368M) 2,438ms
[2704,719s][info][gc] GC(11086) Pause Young (G1 Evacuation Pause) 237M->23M(368M) 1,141ms
[2704,967s][info][gc] GC(11087) Pause Young (G1 Evacuation Pause) 237M->22M(368M) 1,672ms
[2705,223s][info][gc] GC(11088) Pause Young (G1 Evacuation Pause) 237M->22M(368M) 3,481ms
[2705,471s][info][gc] GC(11089) Pause Young (G1 Evacuation Pause) 237M->22M(368M) 1,787ms
[2705,725s][info][gc] GC(11090) Pause Young (G1 Evacuation Pause) 237M->22M(368M) 1,874ms
[2705,985s][info][gc] GC(11091) Pause Young (G1 Evacuation Pause) 237M->23M(368M) 1,876ms
[2706,218s][info][gc] GC(11092) Pause Young (G1 Evacuation Pause) 237M->22M(368M) 1,119ms
[2706,466s][info][gc] GC(11093) Pause Young (G1 Evacuation Pause) 237M->22M(368M) 1,892ms
[2706,720s][info][gc] GC(11094) Pause Young (G1 Evacuation Pause) 237M->22M(368M) 1,809ms
[2706,981s][info][gc] GC(11095) Pause Young (G1 Evacuation Pause) 237M->22M(368M) 1,755ms
[2707,235s][info][gc] GC(11096) Pause Young (G1 Evacuation Pause) 237M->23M(368M) 1,840ms
[2707,495s][info][gc] GC(11097) Pause Young (G1 Evacuation Pause) 237M->22M(368M) 4,005ms
[2707,757s][info][gc] GC(11098) Pause Young (G1 Evacuation Pause) 237M->22M(368M) 2,344ms
[2708,041s][info][gc] GC(11099) Pause Young (G1 Evacuation Pause) 237M->22M(368M) 1,784ms
[2708,286s][info][gc] GC(11100) Pause Young (G1 Evacuation Pause) 237M->22M(368M) 1,292ms
[2708,518s][info][gc] GC(11101) Pause Young (G1 Evacuation Pause) 237M->22M(368M) 1,316ms
[2708,753s][info][gc] GC(11102) Pause Young (G1 Evacuation Pause) 236M->22M(368M) 1,022ms
[2708,999s][info][gc] GC(11103) Pause Young (G1 Evacuation Pause) 237M->22M(368M) 1,595ms
[2709,231s][info][gc] GC(11104) Pause Young (G1 Evacuation Pause) 237M->22M(368M) 1,382ms
[2709,481s][info][gc] GC(11105) Pause Young (G1 Evacuation Pause) 237M->22M(368M) 1,399ms
[2709,714s][info][gc] GC(11106) Pause Young (G1 Evacuation Pause) 237M->22M(368M) 1,577ms
[2709,963s][info][gc] GC(11107) Pause Young (G1 Evacuation Pause) 236M->22M(368M) 1,724ms
[2710,211s][info][gc] GC(11108) Pause Young (G1 Evacuation Pause) 237M->22M(368M) 1,481ms
[2710,479s][info][gc] GC(11109) Pause Young (G1 Evacuation Pause) 237M->22M(368M) 1,386ms
[2710,711s][info][gc] GC(11110) Pause Young (G1 Evacuation Pause) 237M->22M(368M) 1,372ms
[2710,960s][info][gc] GC(11111) Pause Young (G1 Evacuation Pause) 237M->22M(368M) 1,995ms
[2711,192s][info][gc] GC(11112) Pause Young (G1 Evacuation Pause) 237M->22M(368M) 1,148ms
[2711,437s][info][gc] GC(11113) Pause Young (G1 Evacuation Pause) 236M->22M(368M) 2,386ms
[2711,688s][info][gc] GC(11114) Pause Young (G1 Evacuation Pause) 237M->22M(368M) 1,321ms
[2711,944s][info][gc] GC(11115) Pause Young (G1 Evacuation Pause) 237M->22M(368M) 4,009ms
[2712,208s][info][gc] GC(11116) Pause Young (G1 Evacuation Pause) 237M->22M(368M) 1,765ms
[2712,447s][info][gc] GC(11117) Pause Young (G1 Evacuation Pause) 237M->23M(368M) 1,582ms
[2712,681s][info][gc] GC(11118) Pause Young (G1 Evacuation Pause) 237M->22M(368M) 1,542ms
[2712,933s][info][gc] GC(11119) Pause Young (G1 Evacuation Pause) 237M->22M(368M) 1,695ms
[2713,187s][info][gc] GC(11120) Pause Young (G1 Evacuation Pause) 237M->22M(368M) 1,717ms
[2713,434s][info][gc] GC(11121) Pause Young (G1 Evacuation Pause) 237M->22M(368M) 2,537ms
[2713,688s][info][gc] GC(11122) Pause Young (G1 Evacuation Pause) 236M->21M(368M) 1,541ms
[2713,927s][info][gc] GC(11123) Pause Young (G1 Evacuation Pause) 236M->22M(368M) 1,289ms
[2714,160s][info][gc] GC(11124) Pause Young (G1 Evacuation Pause) 237M->21M(368M) 2,093ms
[2714,403s][info][gc] GC(11125) Pause Young (G1 Evacuation Pause) 236M->22M(368M) 2,288ms
[2714,636s][info][gc] GC(11126) Pause Young (G1 Evacuation Pause) 237M->22M(368M) 1,252ms
[2714,873s][info][gc] GC(11127) Pause Young (G1 Evacuation Pause) 237M->22M(368M) 4,059ms
[2715,133s][info][gc] GC(11128) Pause Young (G1 Evacuation Pause) 236M->22M(368M) 2,133ms
[2715,393s][info][gc] GC(11129) Pause Young (G1 Evacuation Pause) 237M->22M(368M) 1,895ms
[2715,626s][info][gc] GC(11130) Pause Young (G1 Evacuation Pause) 237M->22M(368M) 1,493ms
[2715,859s][info][gc] GC(11131) Pause Young (G1 Evacuation Pause) 237M->22M(368M) 1,416ms
[2716,092s][info][gc] GC(11132) Pause Young (G1 Evacuation Pause) 237M->22M(368M) 1,611ms
[2716,325s][info][gc] GC(11133) Pause Young (G1 Evacuation Pause) 237M->23M(368M) 1,720ms
[2716,585s][info][gc] GC(11134) Pause Young (G1 Evacuation Pause) 237M->22M(368M) 1,790ms
[2716,817s][info][gc] GC(11135) Pause Young (G1 Evacuation Pause) 237M->22M(368M) 1,110ms
[2717,073s][info][gc] GC(11136) Pause Young (G1 Evacuation Pause) 237M->22M(368M) 1,666ms
[2717,320s][info][gc] GC(11137) Pause Young (G1 Evacuation Pause) 237M->22M(368M) 1,367ms
[2717,591s][info][gc] GC(11138) Pause Young (G1 Evacuation Pause) 237M->22M(368M) 1,849ms
[2717,845s][info][gc] GC(11139) Pause Young (G1 Evacuation Pause) 236M->22M(368M) 1,726ms
[2718,101s][info][gc] GC(11140) Pause Young (G1 Evacuation Pause) 237M->22M(368M) 2,541ms
[2718,333s][info][gc] GC(11141) Pause Young (G1 Evacuation Pause) 237M->22M(368M) 1,235ms
[2718,592s][info][gc] GC(11142) Pause Young (G1 Evacuation Pause) 237M->22M(368M) 1,677ms
[2718,857s][info][gc] GC(11143) Pause Young (G1 Evacuation Pause) 237M->22M(368M) 1,747ms
[2719,111s][info][gc] GC(11144) Pause Young (G1 Evacuation Pause) 236M->22M(368M) 1,709ms
[2719,354s][info][gc] GC(11145) Pause Young (G1 Evacuation Pause) 237M->22M(368M) 1,185ms
[2719,620s][info][gc] GC(11146) Pause Young (G1 Evacuation Pause) 237M->22M(368M) 1,863ms
[2719,874s][info][gc] GC(11147) Pause Young (G1 Evacuation Pause) 237M->22M(368M) 1,841ms
[2720,108s][info][gc] GC(11148) Pause Young (G1 Evacuation Pause) 237M->22M(368M) 1,638ms
[2720,340s][info][gc] GC(11149) Pause Young (G1 Evacuation Pause) 236M->22M(368M) 1,196ms
[2720,593s][info][gc] GC(11150) Pause Young (G1 Evacuation Pause) 237M->22M(368M) 1,629ms
[2720,830s][info][gc] GC(11151) Pause Young (G1 Evacuation Pause) 237M->22M(368M) 3,954ms
[2721,094s][info][gc] GC(11152) Pause Young (G1 Evacuation Pause) 237M->22M(368M) 1,941ms
[2721,348s][info][gc] GC(11153) Pause Young (G1 Evacuation Pause) 237M->22M(368M) 1,917ms
[2721,603s][info][gc] GC(11154) Pause Young (G1 Evacuation Pause) 236M->21M(368M) 2,302ms
[2721,883s][info][gc] GC(11155) Pause Young (G1 Evacuation Pause) 236M->22M(368M) 2,458ms
[2722,118s][info][gc] GC(11156) Pause Young (G1 Evacuation Pause) 237M->22M(368M) 1,571ms
[2722,351s][info][gc] GC(11157) Pause Young (G1 Evacuation Pause) 237M->22M(368M) 1,583ms
[2722,600s][info][gc] GC(11158) Pause Young (G1 Evacuation Pause) 237M->22M(368M) 1,550ms
[2722,833s][info][gc] GC(11159) Pause Young (G1 Evacuation Pause) 237M->23M(368M) 1,420ms
[2723,078s][info][gc] GC(11160) Pause Young (G1 Evacuation Pause) 237M->22M(368M) 1,094ms
[2723,310s][info][gc] GC(11161) Pause Young (G1 Evacuation Pause) 237M->22M(368M) 1,309ms
[2723,544s][info][gc] GC(11162) Pause Young (G1 Evacuation Pause) 237M->22M(368M) 2,696ms
[2723,777s][info][gc] GC(11163) Pause Young (G1 Evacuation Pause) 237M->22M(368M) 1,566ms
[2724,034s][info][gc] GC(11164) Pause Young (G1 Evacuation Pause) 237M->22M(368M) 1,904ms
[2724,287s][info][gc] GC(11165) Pause Young (G1 Evacuation Pause) 236M->22M(368M) 1,864ms
[2724,554s][info][gc] GC(11166) Pause Young (G1 Evacuation Pause) 237M->22M(368M) 3,840ms
[2724,788s][info][gc] GC(11167) Pause Young (G1 Evacuation Pause) 237M->22M(368M) 1,592ms
[2725,021s][info][gc] GC(11168) Pause Young (G1 Evacuation Pause) 237M->22M(368M) 1,490ms
[2725,254s][info][gc] GC(11169) Pause Young (G1 Evacuation Pause) 237M->22M(368M) 1,695ms
[2725,509s][info][gc] GC(11170) Pause Young (G1 Evacuation Pause) 236M->22M(368M) 1,679ms
[2725,742s][info][gc] GC(11171) Pause Young (G1 Evacuation Pause) 237M->22M(368M) 1,082ms
[2725,989s][info][gc] GC(11172) Pause Young (G1 Evacuation Pause) 237M->22M(368M) 1,832ms
[2726,243s][info][gc] GC(11173) Pause Young (G1 Evacuation Pause) 237M->22M(368M) 1,742ms
[2726,501s][info][gc] GC(11174) Pause Young (G1 Evacuation Pause) 237M->22M(368M) 1,940ms
[2726,747s][info][gc] GC(11175) Pause Young (G1 Evacuation Pause) 237M->23M(368M) 1,709ms
[2726,983s][info][gc] GC(11176) Pause Young (G1 Evacuation Pause) 237M->22M(368M) 2,109ms
[2727,237s][info][gc] GC(11177) Pause Young (G1 Evacuation Pause) 237M->22M(368M) 1,979ms
[2727,498s][info][gc] GC(11178) Pause Young (G1 Evacuation Pause) 237M->22M(368M) 1,768ms
[2727,752s][info][gc] GC(11179) Pause Young (G1 Evacuation Pause) 237M->22M(368M) 1,756ms
[2728,006s][info][gc] GC(11180) Pause Young (G1 Evacuation Pause) 237M->22M(368M) 2,004ms
[2728,253s][info][gc] GC(11181) Pause Young (G1 Evacuation Pause) 236M->22M(368M) 1,106ms
[2728,503s][info][gc] GC(11182) Pause Young (G1 Evacuation Pause) 237M->22M(368M) 1,579ms
[2728,754s][info][gc] GC(11183) Pause Young (G1 Evacuation Pause) 237M->22M(368M) 1,828ms
[2729,014s][info][gc] GC(11184) Pause Young (G1 Evacuation Pause) 237M->22M(368M) 1,844ms
[2729,268s][info][gc] GC(11185) Pause Young (G1 Evacuation Pause) 237M->22M(368M) 1,871ms
[2729,516s][info][gc] GC(11186) Pause Young (G1 Evacuation Pause) 236M->22M(368M) 1,230ms
[2729,749s][info][gc] GC(11187) Pause Young (G1 Evacuation Pause) 237M->22M(368M) 1,347ms
[2729,998s][info][gc] GC(11188) Pause Young (G1 Evacuation Pause) 237M->22M(368M) 1,090ms
[2730,230s][info][gc] GC(11189) Pause Young (G1 Evacuation Pause) 237M->22M(368M) 1,160ms
[2730,478s][info][gc] GC(11190) Pause Young (G1 Evacuation Pause) 237M->22M(368M) 1,859ms
[2730,737s][info][gc] GC(11191) Pause Young (G1 Evacuation Pause) 236M->22M(368M) 1,577ms
[2730,985s][info][gc] GC(11192) Pause Young (G1 Evacuation Pause) 237M->22M(368M) 1,328ms
[2731,218s][info][gc] GC(11193) Pause Young (G1 Evacuation Pause) 237M->22M(368M) 1,374ms
[2731,451s][info][gc] GC(11194) Pause Young (G1 Evacuation Pause) 237M->22M(368M) 1,490ms
[2731,684s][info][gc] GC(11195) Pause Young (G1 Evacuation Pause) 237M->22M(368M) 1,436ms
[2731,917s][info][gc] GC(11196) Pause Young (G1 Evacuation Pause) 237M->23M(368M) 1,701ms
[2732,150s][info][gc] GC(11197) Pause Young (G1 Evacuation Pause) 237M->22M(368M) 1,494ms
[2732,392s][info][gc] GC(11198) Pause Young (G1 Evacuation Pause) 237M->22M(368M) 1,629ms
[2732,625s][info][gc] GC(11199) Pause Young (G1 Evacuation Pause) 237M->22M(368M) 1,091ms
[2732,857s][info][gc] GC(11200) Pause Young (G1 Evacuation Pause) 237M->22M(368M) 1,261ms
[2733,090s][info][gc] GC(11201) Pause Young (G1 Evacuation Pause) 237M->22M(368M) 2,014ms
[2733,322s][info][gc] GC(11202) Pause Young (G1 Evacuation Pause) 236M->22M(368M) 1,065ms
[2733,565s][info][gc] GC(11203) Pause Young (G1 Evacuation Pause) 237M->22M(368M) 1,466ms
[2733,798s][info][gc] GC(11204) Pause Young (G1 Evacuation Pause) 237M->22M(368M) 1,607ms
[2734,031s][info][gc] GC(11205) Pause Young (G1 Evacuation Pause) 237M->22M(368M) 1,404ms
[2734,264s][info][gc] GC(11206) Pause Young (G1 Evacuation Pause) 237M->22M(368M) 1,578ms
[2734,518s][info][gc] GC(11207) Pause Young (G1 Evacuation Pause) 236M->22M(368M) 1,772ms
[2734,766s][info][gc] GC(11208) Pause Young (G1 Evacuation Pause) 237M->22M(368M) 1,184ms
[2735,020s][info][gc] GC(11209) Pause Young (G1 Evacuation Pause) 237M->22M(368M) 1,724ms
[2735,276s][info][gc] GC(11210) Pause Young (G1 Evacuation Pause) 237M->22M(368M) 3,234ms
[2735,535s][info][gc] GC(11211) Pause Young (G1 Evacuation Pause) 237M->22M(368M) 1,985ms
[2735,789s][info][gc] GC(11212) Pause Young (G1 Evacuation Pause) 236M->21M(368M) 2,205ms
[2736,046s][info][gc] GC(11213) Pause Young (G1 Evacuation Pause) 236M->22M(368M) 1,767ms
[2736,280s][info][gc] GC(11214) Pause Young (G1 Evacuation Pause) 237M->22M(368M) 1,076ms
[2736,533s][info][gc] GC(11215) Pause Young (G1 Evacuation Pause) 237M->22M(368M) 1,900ms
[2736,769s][info][gc] GC(11216) Pause Young (G1 Evacuation Pause) 237M->22M(368M) 1,269ms
[2737,034s][info][gc] GC(11217) Pause Young (G1 Evacuation Pause) 237M->23M(368M) 2,394ms
[2737,294s][info][gc] GC(11218) Pause Young (G1 Evacuation Pause) 237M->22M(368M) 1,740ms
[2737,548s][info][gc] GC(11219) Pause Young (G1 Evacuation Pause) 237M->22M(368M) 1,809ms
[2737,781s][info][gc] GC(11220) Pause Young (G1 Evacuation Pause) 237M->22M(368M) 1,227ms
[2738,014s][info][gc] GC(11221) Pause Young (G1 Evacuation Pause) 237M->22M(368M) 1,981ms
[2738,246s][info][gc] GC(11222) Pause Young (G1 Evacuation Pause) 236M->22M(368M) 1,190ms
[2738,495s][info][gc] GC(11223) Pause Young (G1 Evacuation Pause) 237M->22M(368M) 1,624ms
[2738,749s][info][gc] GC(11224) Pause Young (G1 Evacuation Pause) 237M->22M(368M) 1,711ms
[2739,009s][info][gc] GC(11225) Pause Young (G1 Evacuation Pause) 237M->22M(368M) 1,804ms
[2739,248s][info][gc] GC(11226) Pause Young (G1 Evacuation Pause) 237M->22M(368M) 1,281ms
[2739,512s][info][gc] GC(11227) Pause Young (G1 Evacuation Pause) 236M->21M(368M) 1,683ms
[2739,766s][info][gc] GC(11228) Pause Young (G1 Evacuation Pause) 236M->21M(368M) 1,853ms
[2740,012s][info][gc] GC(11229) Pause Young (G1 Evacuation Pause) 236M->22M(368M) 1,426ms
[2740,244s][info][gc] GC(11230) Pause Young (G1 Evacuation Pause) 237M->22M(368M) 1,215ms
[2740,495s][info][gc] GC(11231) Pause Young (G1 Evacuation Pause) 237M->22M(368M) 1,764ms
[2740,745s][info][gc] GC(11232) Pause Young (G1 Evacuation Pause) 237M->22M(368M) 1,937ms
[2741,011s][info][gc] GC(11233) Pause Young (G1 Evacuation Pause) 236M->22M(368M) 3,427ms
[2741,277s][info][gc] GC(11234) Pause Young (G1 Evacuation Pause) 237M->22M(368M) 1,669ms
[2741,538s][info][gc] GC(11235) Pause Young (G1 Evacuation Pause) 237M->22M(368M) 1,827ms
[2741,774s][info][gc] GC(11236) Pause Young (G1 Evacuation Pause) 237M->22M(368M) 1,329ms
[2742,036s][info][gc] GC(11237) Pause Young (G1 Evacuation Pause) 237M->22M(368M) 3,782ms
[2742,290s][info][gc] GC(11238) Pause Young (G1 Evacuation Pause) 237M->23M(368M) 1,492ms
[2742,547s][info][gc] GC(11239) Pause Young (G1 Evacuation Pause) 237M->22M(368M) 1,603ms
[2742,801s][info][gc] GC(11240) Pause Young (G1 Evacuation Pause) 237M->22M(368M) 1,899ms
[2743,055s][info][gc] GC(11241) Pause Young (G1 Evacuation Pause) 237M->22M(368M) 1,736ms
[2743,304s][info][gc] GC(11242) Pause Young (G1 Evacuation Pause) 237M->22M(368M) 1,943ms
[2743,537s][info][gc] GC(11243) Pause Young (G1 Evacuation Pause) 236M->22M(368M) 1,397ms
[2743,770s][info][gc] GC(11244) Pause Young (G1 Evacuation Pause) 237M->22M(368M) 1,482ms
[2744,002s][info][gc] GC(11245) Pause Young (G1 Evacuation Pause) 237M->22M(368M) 1,370ms
[2744,255s][info][gc] GC(11246) Pause Young (G1 Evacuation Pause) 237M->22M(368M) 2,438ms
[2744,517s][info][gc] GC(11247) Pause Young (G1 Evacuation Pause) 237M->22M(368M) 1,617ms
[2744,772s][info][gc] GC(11248) Pause Young (G1 Evacuation Pause) 237M->22M(368M) 2,393ms
[2745,030s][info][gc] GC(11249) Pause Young (G1 Evacuation Pause) 236M->22M(368M) 1,610ms
[2745,284s][info][gc] GC(11250) Pause Young (G1 Evacuation Pause) 237M->22M(368M) 1,696ms
[2745,543s][info][gc] GC(11251) Pause Young (G1 Evacuation Pause) 237M->22M(368M) 1,708ms
[2745,797s][info][gc] GC(11252) Pause Young (G1 Evacuation Pause) 237M->22M(368M) 1,722ms
[2746,030s][info][gc] GC(11253) Pause Young (G1 Evacuation Pause) 237M->23M(368M) 1,296ms
[2746,285s][info][gc] GC(11254) Pause Young (G1 Evacuation Pause) 237M->22M(368M) 1,829ms
[2746,539s][info][gc] GC(11255) Pause Young (G1 Evacuation Pause) 237M->22M(368M) 1,698ms
[2746,776s][info][gc] GC(11256) Pause Young (G1 Evacuation Pause) 237M->22M(368M) 1,092ms
[2747,033s][info][gc] GC(11257) Pause Young (G1 Evacuation Pause) 237M->22M(368M) 1,823ms
[2747,287s][info][gc] GC(11258) Pause Young (G1 Evacuation Pause) 237M->22M(368M) 1,786ms
[2747,543s][info][gc] GC(11259) Pause Young (G1 Evacuation Pause) 237M->23M(368M) 1,770ms
[2747,776s][info][gc] GC(11260) Pause Young (G1 Evacuation Pause) 237M->22M(368M) 1,202ms
[2748,034s][info][gc] GC(11261) Pause Young (G1 Evacuation Pause) 237M->22M(368M) 2,951ms
[2748,279s][info][gc] GC(11262) Pause Young (G1 Evacuation Pause) 237M->22M(368M) 1,126ms
[2748,511s][info][gc] GC(11263) Pause Young (G1 Evacuation Pause) 237M->22M(368M) 1,186ms
[2748,764s][info][gc] GC(11264) Pause Young (G1 Evacuation Pause) 237M->23M(368M) 1,423ms
[2749,010s][info][gc] GC(11265) Pause Young (G1 Evacuation Pause) 237M->22M(368M) 1,472ms
[2749,242s][info][gc] GC(11266) Pause Young (G1 Evacuation Pause) 237M->22M(368M) 1,260ms
[2749,488s][info][gc] GC(11267) Pause Young (G1 Evacuation Pause) 237M->22M(368M) 1,620ms
[2749,737s][info][gc] GC(11268) Pause Young (G1 Evacuation Pause) 237M->22M(368M) 1,814ms
[2749,988s][info][gc] GC(11269) Pause Young (G1 Evacuation Pause) 236M->21M(368M) 1,693ms
[2750,236s][info][gc] GC(11270) Pause Young (G1 Evacuation Pause) 236M->22M(368M) 1,160ms
[2750,487s][info][gc] GC(11271) Pause Young (G1 Evacuation Pause) 237M->22M(368M) 1,859ms
[2750,741s][info][gc] GC(11272) Pause Young (G1 Evacuation Pause) 237M->22M(368M) 1,780ms
[2751,009s][info][gc] GC(11273) Pause Young (G1 Evacuation Pause) 237M->22M(368M) 1,150ms
[2751,241s][info][gc] GC(11274) Pause Young (G1 Evacuation Pause) 237M->22M(368M) 1,190ms
[2751,493s][info][gc] GC(11275) Pause Young (G1 Evacuation Pause) 236M->22M(368M) 1,596ms
[2751,746s][info][gc] GC(11276) Pause Young (G1 Evacuation Pause) 237M->22M(368M) 1,729ms
[2751,996s][info][gc] GC(11277) Pause Young (G1 Evacuation Pause) 237M->22M(368M) 1,595ms
[2752,228s][info][gc] GC(11278) Pause Young (G1 Evacuation Pause) 237M->22M(368M) 1,262ms
[2752,464s][info][gc] GC(11279) Pause Young (G1 Evacuation Pause) 237M->22M(368M) 1,841ms
[2752,711s][info][gc] GC(11280) Pause Young (G1 Evacuation Pause) 236M->22M(368M) 1,151ms
[2752,950s][info][gc] GC(11281) Pause Young (G1 Evacuation Pause) 237M->22M(368M) 1,395ms
[2753,183s][info][gc] GC(11282) Pause Young (G1 Evacuation Pause) 237M->22M(368M) 1,292ms
[2753,416s][info][gc] GC(11283) Pause Young (G1 Evacuation Pause) 237M->22M(368M) 1,255ms
[2753,648s][info][gc] GC(11284) Pause Young (G1 Evacuation Pause) 237M->22M(368M) 1,310ms
[2753,889s][info][gc] GC(11285) Pause Young (G1 Evacuation Pause) 237M->23M(368M) 4,427ms
[2754,144s][info][gc] GC(11286) Pause Young (G1 Evacuation Pause) 237M->22M(368M) 1,679ms
[2754,383s][info][gc] GC(11287) Pause Young (G1 Evacuation Pause) 237M->22M(368M) 1,177ms
[2754,615s][info][gc] GC(11288) Pause Young (G1 Evacuation Pause) 237M->22M(368M) 1,222ms
[2754,847s][info][gc] GC(11289) Pause Young (G1 Evacuation Pause) 237M->22M(368M) 1,219ms
[2755,092s][info][gc] GC(11290) Pause Young (G1 Evacuation Pause) 237M->23M(368M) 1,501ms
[2755,325s][info][gc] GC(11291) Pause Young (G1 Evacuation Pause) 237M->22M(368M) 1,441ms
[2755,584s][info][gc] GC(11292) Pause Young (G1 Evacuation Pause) 237M->22M(368M) 1,814ms
[2755,838s][info][gc] GC(11293) Pause Young (G1 Evacuation Pause) 237M->22M(368M) 1,672ms
[2756,092s][info][gc] GC(11294) Pause Young (G1 Evacuation Pause) 237M->22M(368M) 1,907ms
[2756,326s][info][gc] GC(11295) Pause Young (G1 Evacuation Pause) 237M->22M(368M) 1,282ms
[2756,558s][info][gc] GC(11296) Pause Young (G1 Evacuation Pause) 236M->22M(368M) 1,143ms
[2756,800s][info][gc] GC(11297) Pause Young (G1 Evacuation Pause) 237M->22M(368M) 1,645ms
[2757,070s][info][gc] GC(11298) Pause Young (G1 Evacuation Pause) 237M->22M(368M) 1,673ms
[2757,324s][info][gc] GC(11299) Pause Young (G1 Evacuation Pause) 237M->22M(368M) 1,878ms
[2757,578s][info][gc] GC(11300) Pause Young (G1 Evacuation Pause) 237M->22M(368M) 1,780ms
[2757,832s][info][gc] GC(11301) Pause Young (G1 Evacuation Pause) 237M->23M(368M) 1,951ms
[2758,101s][info][gc] GC(11302) Pause Young (G1 Evacuation Pause) 237M->22M(368M) 2,247ms
[2758,334s][info][gc] GC(11303) Pause Young (G1 Evacuation Pause) 237M->22M(368M) 1,139ms
[2758,591s][info][gc] GC(11304) Pause Young (G1 Evacuation Pause) 237M->22M(368M) 2,056ms
[2758,823s][info][gc] GC(11305) Pause Young (G1 Evacuation Pause) 237M->22M(368M) 1,144ms
[2759,072s][info][gc] GC(11306) Pause Young (G1 Evacuation Pause) 237M->23M(368M) 1,194ms
[2759,305s][info][gc] GC(11307) Pause Young (G1 Evacuation Pause) 237M->22M(368M) 2,031ms
[2759,568s][info][gc] GC(11308) Pause Young (G1 Evacuation Pause) 237M->22M(368M) 1,871ms
[2759,803s][info][gc] GC(11309) Pause Young (G1 Evacuation Pause) 237M->22M(368M) 1,453ms
[2760,050s][info][gc] GC(11310) Pause Young (G1 Evacuation Pause) 237M->22M(368M) 1,644ms
[2760,282s][info][gc] GC(11311) Pause Young (G1 Evacuation Pause) 237M->22M(368M) 1,276ms
[2760,514s][info][gc] GC(11312) Pause Young (G1 Evacuation Pause) 236M->22M(368M) 1,037ms
[2760,758s][info][gc] GC(11313) Pause Young (G1 Evacuation Pause) 237M->22M(368M) 1,068ms
[2760,990s][info][gc] GC(11314) Pause Young (G1 Evacuation Pause) 237M->22M(368M) 1,228ms
[2761,222s][info][gc] GC(11315) Pause Young (G1 Evacuation Pause) 237M->22M(368M) 1,287ms
[2761,455s][info][gc] GC(11316) Pause Young (G1 Evacuation Pause) 237M->22M(368M) 1,631ms
[2761,727s][info][gc] GC(11317) Pause Young (G1 Evacuation Pause) 236M->22M(368M) 2,435ms
[2761,982s][info][gc] GC(11318) Pause Young (G1 Evacuation Pause) 237M->22M(368M) 2,451ms
[2762,216s][info][gc] GC(11319) Pause Young (G1 Evacuation Pause) 237M->22M(368M) 1,988ms
[2762,448s][info][gc] GC(11320) Pause Young (G1 Evacuation Pause) 237M->22M(368M) 1,099ms
[2762,680s][info][gc] GC(11321) Pause Young (G1 Evacuation Pause) 237M->22M(368M) 1,176ms
[2762,912s][info][gc] GC(11322) Pause Young (G1 Evacuation Pause) 236M->22M(368M) 1,078ms
[2763,145s][info][gc] GC(11323) Pause Young (G1 Evacuation Pause) 237M->21M(368M) 1,814ms
[2763,402s][info][gc] GC(11324) Pause Young (G1 Evacuation Pause) 236M->22M(368M) 2,312ms
[2763,637s][info][gc] GC(11325) Pause Young (G1 Evacuation Pause) 237M->22M(368M) 1,405ms
[2763,874s][info][gc] GC(11326) Pause Young (G1 Evacuation Pause) 237M->22M(368M) 4,298ms
[2764,124s][info][gc] GC(11327) Pause Young (G1 Evacuation Pause) 237M->23M(368M) 1,331ms
[2764,357s][info][gc] GC(11328) Pause Young (G1 Evacuation Pause) 237M->22M(368M) 1,312ms
[2764,592s][info][gc] GC(11329) Pause Young (G1 Evacuation Pause) 237M->22M(368M) 2,469ms
[2764,824s][info][gc] GC(11330) Pause Young (G1 Evacuation Pause) 237M->22M(368M) 1,244ms
[2765,057s][info][gc] GC(11331) Pause Young (G1 Evacuation Pause) 237M->22M(368M) 1,396ms
[2765,290s][info][gc] GC(11332) Pause Young (G1 Evacuation Pause) 237M->23M(368M) 1,407ms
[2765,543s][info][gc] GC(11333) Pause Young (G1 Evacuation Pause) 237M->22M(368M) 1,768ms
[2765,797s][info][gc] GC(11334) Pause Young (G1 Evacuation Pause) 237M->22M(368M) 1,778ms
[2766,061s][info][gc] GC(11335) Pause Young (G1 Evacuation Pause) 237M->22M(368M) 2,393ms
[2766,319s][info][gc] GC(11336) Pause Young (G1 Evacuation Pause) 237M->22M(368M) 1,843ms
[2766,585s][info][gc] GC(11337) Pause Young (G1 Evacuation Pause) 237M->23M(368M) 1,941ms
[2766,818s][info][gc] GC(11338) Pause Young (G1 Evacuation Pause) 237M->21M(368M) 1,969ms
[2767,066s][info][gc] GC(11339) Pause Young (G1 Evacuation Pause) 236M->22M(368M) 1,435ms
[2767,303s][info][gc] GC(11340) Pause Young (G1 Evacuation Pause) 237M->22M(368M) 4,226ms
[2767,564s][info][gc] GC(11341) Pause Young (G1 Evacuation Pause) 237M->22M(368M) 1,718ms
[2767,818s][info][gc] GC(11342) Pause Young (G1 Evacuation Pause) 237M->22M(368M) 1,858ms
[2768,075s][info][gc] GC(11343) Pause Young (G1 Evacuation Pause) 236M->22M(368M) 1,819ms
[2768,317s][info][gc] GC(11344) Pause Young (G1 Evacuation Pause) 237M->22M(368M) 1,170ms
[2768,573s][info][gc] GC(11345) Pause Young (G1 Evacuation Pause) 237M->22M(368M) 1,578ms
[2768,826s][info][gc] GC(11346) Pause Young (G1 Evacuation Pause) 237M->22M(368M) 1,770ms
[2769,087s][info][gc] GC(11347) Pause Young (G1 Evacuation Pause) 237M->22M(368M) 1,899ms
[2769,345s][info][gc] GC(11348) Pause Young (G1 Evacuation Pause) 237M->23M(368M) 1,741ms
[2769,605s][info][gc] GC(11349) Pause Young (G1 Evacuation Pause) 237M->22M(368M) 2,011ms
[2769,838s][info][gc] GC(11350) Pause Young (G1 Evacuation Pause) 237M->22M(368M) 1,948ms
[2770,070s][info][gc] GC(11351) Pause Young (G1 Evacuation Pause) 237M->22M(368M) 1,274ms
[2770,302s][info][gc] GC(11352) Pause Young (G1 Evacuation Pause) 237M->22M(368M) 1,307ms
[2770,534s][info][gc] GC(11353) Pause Young (G1 Evacuation Pause) 237M->23M(368M) 1,346ms
[2770,766s][info][gc] GC(11354) Pause Young (G1 Evacuation Pause) 237M->22M(368M) 1,293ms
[2771,012s][info][gc] GC(11355) Pause Young (G1 Evacuation Pause) 237M->22M(368M) 1,129ms
[2771,244s][info][gc] GC(11356) Pause Young (G1 Evacuation Pause) 237M->22M(368M) 1,351ms
[2771,495s][info][gc] GC(11357) Pause Young (G1 Evacuation Pause) 237M->22M(368M) 1,782ms
[2771,753s][info][gc] GC(11358) Pause Young (G1 Evacuation Pause) 237M->22M(368M) 1,915ms
[2771,987s][info][gc] GC(11359) Pause Young (G1 Evacuation Pause) 236M->22M(368M) 1,558ms
[2772,220s][info][gc] GC(11360) Pause Young (G1 Evacuation Pause) 237M->22M(368M) 1,486ms
[2772,470s][info][gc] GC(11361) Pause Young (G1 Evacuation Pause) 237M->22M(368M) 3,359ms
[2772,716s][info][gc] GC(11362) Pause Young (G1 Evacuation Pause) 237M->22M(368M) 1,523ms
[2772,949s][info][gc] GC(11363) Pause Young (G1 Evacuation Pause) 237M->22M(368M) 1,628ms
[2773,191s][info][gc] GC(11364) Pause Young (G1 Evacuation Pause) 236M->22M(368M) 2,779ms
[2773,423s][info][gc] GC(11365) Pause Young (G1 Evacuation Pause) 237M->22M(368M) 1,072ms
[2773,655s][info][gc] GC(11366) Pause Young (G1 Evacuation Pause) 237M->22M(368M) 1,234ms
[2773,898s][info][gc] GC(11367) Pause Young (G1 Evacuation Pause) 237M->22M(368M) 2,593ms
[2774,132s][info][gc] GC(11368) Pause Young (G1 Evacuation Pause) 237M->22M(368M) 1,649ms
[2774,368s][info][gc] GC(11369) Pause Young (G1 Evacuation Pause) 236M->22M(368M) 3,797ms
[2774,629s][info][gc] GC(11370) Pause Young (G1 Evacuation Pause) 237M->22M(368M) 1,196ms
[2774,861s][info][gc] GC(11371) Pause Young (G1 Evacuation Pause) 237M->22M(368M) 1,231ms
[2775,093s][info][gc] GC(11372) Pause Young (G1 Evacuation Pause) 237M->22M(368M) 1,314ms
[2775,353s][info][gc] GC(11373) Pause Young (G1 Evacuation Pause) 237M->22M(368M) 1,220ms
[2775,620s][info][gc] GC(11374) Pause Young (G1 Evacuation Pause) 236M->22M(368M) 1,784ms
[2775,867s][info][gc] GC(11375) Pause Young (G1 Evacuation Pause) 237M->22M(368M) 1,903ms
[2776,121s][info][gc] GC(11376) Pause Young (G1 Evacuation Pause) 237M->22M(368M) 1,967ms
[2776,381s][info][gc] GC(11377) Pause Young (G1 Evacuation Pause) 237M->22M(368M) 3,752ms
[2776,632s][info][gc] GC(11378) Pause Young (G1 Evacuation Pause) 237M->22M(368M) 1,178ms
[2776,869s][info][gc] GC(11379) Pause Young (G1 Evacuation Pause) 237M->22M(368M) 4,322ms
[2777,139s][info][gc] GC(11380) Pause Young (G1 Evacuation Pause) 236M->22M(368M) 1,723ms
[2777,393s][info][gc] GC(11381) Pause Young (G1 Evacuation Pause) 237M->22M(368M) 1,782ms
[2777,637s][info][gc] GC(11382) Pause Young (G1 Evacuation Pause) 237M->22M(368M) 1,508ms
[2777,874s][info][gc] GC(11383) Pause Young (G1 Evacuation Pause) 237M->22M(368M) 4,125ms
[2778,127s][info][gc] GC(11384) Pause Young (G1 Evacuation Pause) 237M->22M(368M) 6,571ms
[2778,359s][info][gc] GC(11385) Pause Young (G1 Evacuation Pause) 236M->22M(368M) 1,079ms
[2778,591s][info][gc] GC(11386) Pause Young (G1 Evacuation Pause) 237M->22M(368M) 1,141ms
[2778,823s][info][gc] GC(11387) Pause Young (G1 Evacuation Pause) 237M->22M(368M) 1,178ms
[2779,079s][info][gc] GC(11388) Pause Young (G1 Evacuation Pause) 237M->22M(368M) 1,863ms
[2779,333s][info][gc] GC(11389) Pause Young (G1 Evacuation Pause) 237M->22M(368M) 1,758ms
[2779,573s][info][gc] GC(11390) Pause Young (G1 Evacuation Pause) 237M->23M(368M) 1,284ms
[2779,806s][info][gc] GC(11391) Pause Young (G1 Evacuation Pause) 237M->22M(368M) 1,426ms
[2780,062s][info][gc] GC(11392) Pause Young (G1 Evacuation Pause) 237M->22M(368M) 1,809ms
[2780,316s][info][gc] GC(11393) Pause Young (G1 Evacuation Pause) 237M->22M(368M) 1,720ms
[2780,569s][info][gc] GC(11394) Pause Young (G1 Evacuation Pause) 237M->22M(368M) 1,268ms
[2780,804s][info][gc] GC(11395) Pause Young (G1 Evacuation Pause) 236M->22M(368M) 1,169ms
[2781,036s][info][gc] GC(11396) Pause Young (G1 Evacuation Pause) 237M->22M(368M) 1,112ms
[2781,268s][info][gc] GC(11397) Pause Young (G1 Evacuation Pause) 237M->22M(368M) 1,088ms
[2781,522s][info][gc] GC(11398) Pause Young (G1 Evacuation Pause) 237M->22M(368M) 2,407ms
[2781,768s][info][gc] GC(11399) Pause Young (G1 Evacuation Pause) 237M->22M(368M) 1,882ms
[2782,023s][info][gc] GC(11400) Pause Young (G1 Evacuation Pause) 237M->22M(368M) 1,967ms
[2782,275s][info][gc] GC(11401) Pause Young (G1 Evacuation Pause) 236M->22M(368M) 1,331ms
[2782,513s][info][gc] GC(11402) Pause Young (G1 Evacuation Pause) 237M->22M(368M) 1,429ms
[2782,746s][info][gc] GC(11403) Pause Young (G1 Evacuation Pause) 237M->22M(368M) 1,305ms
[2782,979s][info][gc] GC(11404) Pause Young (G1 Evacuation Pause) 237M->22M(368M) 1,304ms
[2783,213s][info][gc] GC(11405) Pause Young (G1 Evacuation Pause) 237M->22M(368M) 1,665ms
[2783,459s][info][gc] GC(11406) Pause Young (G1 Evacuation Pause) 236M->22M(368M) 1,677ms
[2783,720s][info][gc] GC(11407) Pause Young (G1 Evacuation Pause) 237M->22M(368M) 2,260ms
[2783,971s][info][gc] GC(11408) Pause Young (G1 Evacuation Pause) 237M->22M(368M) 1,385ms
[2784,220s][info][gc] GC(11409) Pause Young (G1 Evacuation Pause) 237M->22M(368M) 1,592ms
[2784,482s][info][gc] GC(11410) Pause Young (G1 Evacuation Pause) 237M->22M(368M) 1,947ms
[2784,721s][info][gc] GC(11411) Pause Young (G1 Evacuation Pause) 236M->22M(368M) 1,071ms
[2784,970s][info][gc] GC(11412) Pause Young (G1 Evacuation Pause) 237M->22M(368M) 1,777ms
[2785,224s][info][gc] GC(11413) Pause Young (G1 Evacuation Pause) 237M->22M(368M) 1,833ms
[2785,467s][info][gc] GC(11414) Pause Young (G1 Evacuation Pause) 237M->22M(368M) 1,267ms
[2785,699s][info][gc] GC(11415) Pause Young (G1 Evacuation Pause) 237M->22M(368M) 1,175ms
[2785,944s][info][gc] GC(11416) Pause Young (G1 Evacuation Pause) 237M->23M(368M) 1,710ms
[2786,202s][info][gc] GC(11417) Pause Young (G1 Evacuation Pause) 237M->22M(368M) 1,708ms
[2786,450s][info][gc] GC(11418) Pause Young (G1 Evacuation Pause) 237M->22M(368M) 1,727ms
[2786,704s][info][gc] GC(11419) Pause Young (G1 Evacuation Pause) 237M->22M(368M) 1,720ms
[2786,958s][info][gc] GC(11420) Pause Young (G1 Evacuation Pause) 237M->22M(368M) 1,701ms
[2787,191s][info][gc] GC(11421) Pause Young (G1 Evacuation Pause) 237M->23M(368M) 1,312ms
[2787,438s][info][gc] GC(11422) Pause Young (G1 Evacuation Pause) 237M->22M(368M) 2,404ms
[2787,682s][info][gc] GC(11423) Pause Young (G1 Evacuation Pause) 237M->22M(368M) 2,474ms
[2787,917s][info][gc] GC(11424) Pause Young (G1 Evacuation Pause) 237M->22M(368M) 1,381ms
[2788,150s][info][gc] GC(11425) Pause Young (G1 Evacuation Pause) 237M->22M(368M) 1,487ms
[2788,391s][info][gc] GC(11426) Pause Young (G1 Evacuation Pause) 237M->22M(368M) 3,727ms
[2788,628s][info][gc] GC(11427) Pause Young (G1 Evacuation Pause) 236M->22M(368M) 1,212ms
[2788,860s][info][gc] GC(11428) Pause Young (G1 Evacuation Pause) 237M->22M(368M) 1,216ms
[2789,092s][info][gc] GC(11429) Pause Young (G1 Evacuation Pause) 237M->22M(368M) 1,109ms
[2789,324s][info][gc] GC(11430) Pause Young (G1 Evacuation Pause) 237M->22M(368M) 1,273ms
[2789,589s][info][gc] GC(11431) Pause Young (G1 Evacuation Pause) 237M->22M(368M) 1,900ms
[2789,843s][info][gc] GC(11432) Pause Young (G1 Evacuation Pause) 237M->23M(368M) 1,896ms
[2790,111s][info][gc] GC(11433) Pause Young (G1 Evacuation Pause) 237M->22M(368M) 1,719ms
[2790,347s][info][gc] GC(11434) Pause Young (G1 Evacuation Pause) 237M->22M(368M) 1,366ms
[2790,580s][info][gc] GC(11435) Pause Young (G1 Evacuation Pause) 237M->22M(368M) 1,388ms
[2790,812s][info][gc] GC(11436) Pause Young (G1 Evacuation Pause) 237M->22M(368M) 1,267ms
[2791,074s][info][gc] GC(11437) Pause Young (G1 Evacuation Pause) 237M->23M(368M) 1,607ms
[2791,314s][info][gc] GC(11438) Pause Young (G1 Evacuation Pause) 237M->22M(368M) 1,887ms
[2791,561s][info][gc] GC(11439) Pause Young (G1 Evacuation Pause) 237M->22M(368M) 1,487ms
[2791,805s][info][gc] GC(11440) Pause Young (G1 Evacuation Pause) 237M->22M(368M) 1,527ms
[2792,053s][info][gc] GC(11441) Pause Young (G1 Evacuation Pause) 237M->22M(368M) 2,731ms
[2792,285s][info][gc] GC(11442) Pause Young (G1 Evacuation Pause) 237M->23M(368M) 1,351ms
[2792,537s][info][gc] GC(11443) Pause Young (G1 Evacuation Pause) 237M->22M(368M) 1,721ms
[2792,773s][info][gc] GC(11444) Pause Young (G1 Evacuation Pause) 237M->22M(368M) 1,387ms
[2793,026s][info][gc] GC(11445) Pause Young (G1 Evacuation Pause) 237M->22M(368M) 1,412ms
[2793,293s][info][gc] GC(11446) Pause Young (G1 Evacuation Pause) 237M->22M(368M) 1,182ms
[2793,525s][info][gc] GC(11447) Pause Young (G1 Evacuation Pause) 237M->23M(368M) 1,341ms
[2793,757s][info][gc] GC(11448) Pause Young (G1 Evacuation Pause) 237M->22M(368M) 1,235ms
[2793,989s][info][gc] GC(11449) Pause Young (G1 Evacuation Pause) 237M->22M(368M) 1,200ms
[2794,249s][info][gc] GC(11450) Pause Young (G1 Evacuation Pause) 237M->22M(368M) 1,804ms
[2794,521s][info][gc] GC(11451) Pause Young (G1 Evacuation Pause) 237M->22M(368M) 1,751ms
[2794,779s][info][gc] GC(11452) Pause Young (G1 Evacuation Pause) 237M->22M(368M) 2,402ms
[2795,039s][info][gc] GC(11453) Pause Young (G1 Evacuation Pause) 236M->22M(368M) 1,677ms
[2795,303s][info][gc] GC(11454) Pause Young (G1 Evacuation Pause) 237M->22M(368M) 2,369ms
[2795,572s][info][gc] GC(11455) Pause Young (G1 Evacuation Pause) 237M->22M(368M) 2,536ms
[2795,840s][info][gc] GC(11456) Pause Young (G1 Evacuation Pause) 237M->22M(368M) 1,828ms
[2796,109s][info][gc] GC(11457) Pause Young (G1 Evacuation Pause) 237M->22M(368M) 2,463ms
[2796,363s][info][gc] GC(11458) Pause Young (G1 Evacuation Pause) 236M->22M(368M) 1,147ms
[2796,619s][info][gc] GC(11459) Pause Young (G1 Evacuation Pause) 237M->22M(368M) 1,049ms
[2796,851s][info][gc] GC(11460) Pause Young (G1 Evacuation Pause) 237M->22M(368M) 1,061ms
[2797,123s][info][gc] GC(11461) Pause Young (G1 Evacuation Pause) 237M->22M(368M) 1,769ms
[2797,383s][info][gc] GC(11462) Pause Young (G1 Evacuation Pause) 237M->22M(368M) 2,583ms
[2797,616s][info][gc] GC(11463) Pause Young (G1 Evacuation Pause) 237M->23M(368M) 1,160ms
[2797,848s][info][gc] GC(11464) Pause Young (G1 Evacuation Pause) 237M->22M(368M) 1,200ms
[2798,108s][info][gc] GC(11465) Pause Young (G1 Evacuation Pause) 237M->22M(368M) 1,860ms
[2798,347s][info][gc] GC(11466) Pause Young (G1 Evacuation Pause) 237M->22M(368M) 1,244ms
[2798,614s][info][gc] GC(11467) Pause Young (G1 Evacuation Pause) 237M->22M(368M) 1,740ms
[2798,849s][info][gc] GC(11468) Pause Young (G1 Evacuation Pause) 236M->21M(368M) 2,628ms
[2799,097s][info][gc] GC(11469) Pause Young (G1 Evacuation Pause) 236M->21M(368M) 1,139ms
[2799,330s][info][gc] GC(11470) Pause Young (G1 Evacuation Pause) 236M->22M(368M) 1,327ms
[2799,615s][info][gc] GC(11471) Pause Young (G1 Evacuation Pause) 237M->22M(368M) 2,249ms
[2799,873s][info][gc] GC(11472) Pause Young (G1 Evacuation Pause) 237M->22M(368M) 4,243ms
[2800,139s][info][gc] GC(11473) Pause Young (G1 Evacuation Pause) 237M->22M(368M) 3,092ms
[2800,372s][info][gc] GC(11474) Pause Young (G1 Evacuation Pause) 236M->22M(368M) 1,384ms
[2800,605s][info][gc] GC(11475) Pause Young (G1 Evacuation Pause) 237M->22M(368M) 1,490ms
[2800,839s][info][gc] GC(11476) Pause Young (G1 Evacuation Pause) 237M->22M(368M) 1,546ms
[2801,091s][info][gc] GC(11477) Pause Young (G1 Evacuation Pause) 237M->22M(368M) 1,625ms
[2801,337s][info][gc] GC(11478) Pause Young (G1 Evacuation Pause) 237M->22M(368M) 1,641ms
[2801,606s][info][gc] GC(11479) Pause Young (G1 Evacuation Pause) 236M->22M(368M) 1,674ms
[2801,860s][info][gc] GC(11480) Pause Young (G1 Evacuation Pause) 237M->22M(368M) 1,643ms
[2802,119s][info][gc] GC(11481) Pause Young (G1 Evacuation Pause) 237M->22M(368M) 1,938ms
[2802,352s][info][gc] GC(11482) Pause Young (G1 Evacuation Pause) 237M->22M(368M) 1,363ms
[2802,584s][info][gc] GC(11483) Pause Young (G1 Evacuation Pause) 237M->22M(368M) 1,311ms
[2802,817s][info][gc] GC(11484) Pause Young (G1 Evacuation Pause) 236M->21M(368M) 1,905ms
[2803,049s][info][gc] GC(11485) Pause Young (G1 Evacuation Pause) 236M->22M(368M) 1,050ms
[2803,281s][info][gc] GC(11486) Pause Young (G1 Evacuation Pause) 237M->22M(368M) 1,272ms
[2803,540s][info][gc] GC(11487) Pause Young (G1 Evacuation Pause) 237M->22M(368M) 1,952ms
[2803,793s][info][gc] GC(11488) Pause Young (G1 Evacuation Pause) 237M->22M(368M) 1,803ms
[2804,058s][info][gc] GC(11489) Pause Young (G1 Evacuation Pause) 237M->22M(368M) 1,832ms
[2804,304s][info][gc] GC(11490) Pause Young (G1 Evacuation Pause) 236M->22M(368M) 1,326ms
[2804,538s][info][gc] GC(11491) Pause Young (G1 Evacuation Pause) 237M->22M(368M) 2,741ms
[2804,775s][info][gc] GC(11492) Pause Young (G1 Evacuation Pause) 237M->22M(368M) 1,156ms
[2805,029s][info][gc] GC(11493) Pause Young (G1 Evacuation Pause) 237M->22M(368M) 1,919ms
[2805,262s][info][gc] GC(11494) Pause Young (G1 Evacuation Pause) 237M->22M(368M) 1,335ms
[2805,514s][info][gc] GC(11495) Pause Young (G1 Evacuation Pause) 236M->22M(368M) 1,827ms
[2805,768s][info][gc] GC(11496) Pause Young (G1 Evacuation Pause) 237M->22M(368M) 1,747ms
[2806,019s][info][gc] GC(11497) Pause Young (G1 Evacuation Pause) 237M->22M(368M) 1,264ms
[2806,251s][info][gc] GC(11498) Pause Young (G1 Evacuation Pause) 237M->22M(368M) 1,274ms
[2806,505s][info][gc] GC(11499) Pause Young (G1 Evacuation Pause) 237M->22M(368M) 3,311ms
[2806,743s][info][gc] GC(11500) Pause Young (G1 Evacuation Pause) 236M->22M(368M) 1,052ms
[2807,009s][info][gc] GC(11501) Pause Young (G1 Evacuation Pause) 237M->22M(368M) 2,249ms
[2807,266s][info][gc] GC(11502) Pause Young (G1 Evacuation Pause) 237M->22M(368M) 1,806ms
[2807,523s][info][gc] GC(11503) Pause Young (G1 Evacuation Pause) 237M->22M(368M) 1,716ms
[2807,768s][info][gc] GC(11504) Pause Young (G1 Evacuation Pause) 237M->22M(368M) 2,172ms
[2808,030s][info][gc] GC(11505) Pause Young (G1 Evacuation Pause) 237M->23M(368M) 1,811ms
[2808,276s][info][gc] GC(11506) Pause Young (G1 Evacuation Pause) 237M->22M(368M) 1,192ms
[2808,531s][info][gc] GC(11507) Pause Young (G1 Evacuation Pause) 237M->22M(368M) 1,830ms
[2808,777s][info][gc] GC(11508) Pause Young (G1 Evacuation Pause) 237M->22M(368M) 1,215ms
[2809,030s][info][gc] GC(11509) Pause Young (G1 Evacuation Pause) 237M->22M(368M) 1,830ms
[2809,274s][info][gc] GC(11510) Pause Young (G1 Evacuation Pause) 237M->22M(368M) 1,337ms
[2809,528s][info][gc] GC(11511) Pause Young (G1 Evacuation Pause) 236M->22M(368M) 1,754ms
[2809,782s][info][gc] GC(11512) Pause Young (G1 Evacuation Pause) 237M->22M(368M) 1,639ms
[2810,036s][info][gc] GC(11513) Pause Young (G1 Evacuation Pause) 237M->22M(368M) 1,215ms
[2810,268s][info][gc] GC(11514) Pause Young (G1 Evacuation Pause) 237M->22M(368M) 1,297ms
[2810,517s][info][gc] GC(11515) Pause Young (G1 Evacuation Pause) 237M->22M(368M) 1,652ms
[2810,750s][info][gc] GC(11516) Pause Young (G1 Evacuation Pause) 236M->22M(368M) 1,380ms
[2811,002s][info][gc] GC(11517) Pause Young (G1 Evacuation Pause) 237M->22M(368M) 1,833ms
[2811,250s][info][gc] GC(11518) Pause Young (G1 Evacuation Pause) 237M->22M(368M) 1,304ms
[2811,506s][info][gc] GC(11519) Pause Young (G1 Evacuation Pause) 237M->22M(368M) 2,449ms
[2811,781s][info][gc] GC(11520) Pause Young (G1 Evacuation Pause) 237M->22M(368M) 2,993ms
[2812,044s][info][gc] GC(11521) Pause Young (G1 Evacuation Pause) 236M->22M(368M) 1,640ms
[2812,298s][info][gc] GC(11522) Pause Young (G1 Evacuation Pause) 237M->22M(368M) 1,851ms
[2812,559s][info][gc] GC(11523) Pause Young (G1 Evacuation Pause) 237M->21M(368M) 8,592ms
[2812,831s][info][gc] GC(11524) Pause Young (G1 Evacuation Pause) 236M->22M(368M) 1,487ms
[2813,075s][info][gc] GC(11525) Pause Young (G1 Evacuation Pause) 237M->22M(368M) 1,430ms
[2813,307s][info][gc] GC(11526) Pause Young (G1 Evacuation Pause) 237M->23M(368M) 1,286ms
[2813,539s][info][gc] GC(11527) Pause Young (G1 Evacuation Pause) 237M->22M(368M) 1,070ms
[2813,789s][info][gc] GC(11528) Pause Young (G1 Evacuation Pause) 237M->22M(368M) 1,660ms
[2814,040s][info][gc] GC(11529) Pause Young (G1 Evacuation Pause) 237M->22M(368M) 1,172ms
[2814,294s][info][gc] GC(11530) Pause Young (G1 Evacuation Pause) 237M->22M(368M) 1,960ms
[2814,539s][info][gc] GC(11531) Pause Young (G1 Evacuation Pause) 237M->23M(368M) 1,664ms
[2814,772s][info][gc] GC(11532) Pause Young (G1 Evacuation Pause) 237M->22M(368M) 1,535ms
[2815,026s][info][gc] GC(11533) Pause Young (G1 Evacuation Pause) 237M->22M(368M) 1,868ms
[2815,259s][info][gc] GC(11534) Pause Young (G1 Evacuation Pause) 237M->22M(368M) 1,337ms
[2815,512s][info][gc] GC(11535) Pause Young (G1 Evacuation Pause) 237M->22M(368M) 1,792ms
[2815,766s][info][gc] GC(11536) Pause Young (G1 Evacuation Pause) 237M->22M(368M) 2,001ms
[2816,010s][info][gc] GC(11537) Pause Young (G1 Evacuation Pause) 236M->22M(368M) 1,200ms
[2816,243s][info][gc] GC(11538) Pause Young (G1 Evacuation Pause) 237M->22M(368M) 1,696ms
[2816,509s][info][gc] GC(11539) Pause Young (G1 Evacuation Pause) 237M->22M(368M) 2,388ms
[2816,748s][info][gc] GC(11540) Pause Young (G1 Evacuation Pause) 237M->22M(368M) 1,245ms
[2817,000s][info][gc] GC(11541) Pause Young (G1 Evacuation Pause) 237M->22M(368M) 1,891ms
[2817,254s][info][gc] GC(11542) Pause Young (G1 Evacuation Pause) 237M->23M(368M) 1,760ms
[2817,513s][info][gc] GC(11543) Pause Young (G1 Evacuation Pause) 237M->22M(368M) 1,744ms
[2817,758s][info][gc] GC(11544) Pause Young (G1 Evacuation Pause) 237M->22M(368M) 2,875ms
[2818,013s][info][gc] GC(11545) Pause Young (G1 Evacuation Pause) 237M->22M(368M) 3,248ms
[2818,259s][info][gc] GC(11546) Pause Young (G1 Evacuation Pause) 237M->22M(368M) 1,193ms
[2818,491s][info][gc] GC(11547) Pause Young (G1 Evacuation Pause) 236M->22M(368M) 1,088ms
[2818,737s][info][gc] GC(11548) Pause Young (G1 Evacuation Pause) 237M->22M(368M) 1,335ms
[2818,989s][info][gc] GC(11549) Pause Young (G1 Evacuation Pause) 237M->22M(368M) 4,215ms
[2819,222s][info][gc] GC(11550) Pause Young (G1 Evacuation Pause) 237M->22M(368M) 1,478ms
[2819,480s][info][gc] GC(11551) Pause Young (G1 Evacuation Pause) 237M->22M(368M) 3,560ms
[2819,740s][info][gc] GC(11552) Pause Young (G1 Evacuation Pause) 236M->22M(368M) 4,011ms
[2819,989s][info][gc] GC(11553) Pause Young (G1 Evacuation Pause) 237M->22M(368M) 1,102ms
[2820,231s][info][gc] GC(11554) Pause Young (G1 Evacuation Pause) 237M->22M(368M) 2,187ms
[2820,493s][info][gc] GC(11555) Pause Young (G1 Evacuation Pause) 237M->22M(368M) 1,911ms
[2820,731s][info][gc] GC(11556) Pause Young (G1 Evacuation Pause) 237M->22M(368M) 1,299ms
[2820,981s][info][gc] GC(11557) Pause Young (G1 Evacuation Pause) 236M->21M(368M) 1,701ms
[2821,229s][info][gc] GC(11558) Pause Young (G1 Evacuation Pause) 236M->22M(368M) 1,474ms
[2821,482s][info][gc] GC(11559) Pause Young (G1 Evacuation Pause) 237M->22M(368M) 2,653ms
[2821,739s][info][gc] GC(11560) Pause Young (G1 Evacuation Pause) 237M->22M(368M) 1,669ms
[2821,987s][info][gc] GC(11561) Pause Young (G1 Evacuation Pause) 237M->22M(368M) 1,241ms
[2822,219s][info][gc] GC(11562) Pause Young (G1 Evacuation Pause) 237M->22M(368M) 1,181ms
[2822,461s][info][gc] GC(11563) Pause Young (G1 Evacuation Pause) 236M->22M(368M) 2,004ms
[2822,710s][info][gc] GC(11564) Pause Young (G1 Evacuation Pause) 237M->22M(368M) 1,349ms
[2822,943s][info][gc] GC(11565) Pause Young (G1 Evacuation Pause) 237M->22M(368M) 1,073ms
[2823,175s][info][gc] GC(11566) Pause Young (G1 Evacuation Pause) 237M->22M(368M) 1,111ms
[2823,420s][info][gc] GC(11567) Pause Young (G1 Evacuation Pause) 237M->22M(368M) 2,438ms
[2823,674s][info][gc] GC(11568) Pause Young (G1 Evacuation Pause) 237M->23M(368M) 1,953ms
[2823,936s][info][gc] GC(11569) Pause Young (G1 Evacuation Pause) 237M->22M(368M) 2,063ms
[2824,187s][info][gc] GC(11570) Pause Young (G1 Evacuation Pause) 237M->22M(368M) 1,062ms
[2824,432s][info][gc] GC(11571) Pause Young (G1 Evacuation Pause) 237M->22M(368M) 1,415ms
[2824,672s][info][gc] GC(11572) Pause Young (G1 Evacuation Pause) 237M->22M(368M) 1,107ms
[2824,929s][info][gc] GC(11573) Pause Young (G1 Evacuation Pause) 237M->23M(368M) 1,923ms
[2825,165s][info][gc] GC(11574) Pause Young (G1 Evacuation Pause) 237M->22M(368M) 1,162ms
[2825,421s][info][gc] GC(11575) Pause Young (G1 Evacuation Pause) 237M->22M(368M) 2,343ms
[2825,685s][info][gc] GC(11576) Pause Young (G1 Evacuation Pause) 237M->22M(368M) 3,863ms
[2825,959s][info][gc] GC(11577) Pause Young (G1 Evacuation Pause) 237M->22M(368M) 1,803ms
[2826,213s][info][gc] GC(11578) Pause Young (G1 Evacuation Pause) 237M->23M(368M) 1,867ms
[2826,467s][info][gc] GC(11579) Pause Young (G1 Evacuation Pause) 237M->22M(368M) 1,667ms
[2826,707s][info][gc] GC(11580) Pause Young (G1 Evacuation Pause) 237M->22M(368M) 1,119ms
[2826,960s][info][gc] GC(11581) Pause Young (G1 Evacuation Pause) 237M->22M(368M) 2,344ms
[2827,214s][info][gc] GC(11582) Pause Young (G1 Evacuation Pause) 237M->22M(368M) 1,819ms
[2827,472s][info][gc] GC(11583) Pause Young (G1 Evacuation Pause) 237M->22M(368M) 1,707ms
[2827,726s][info][gc] GC(11584) Pause Young (G1 Evacuation Pause) 236M->22M(368M) 1,735ms
[2827,986s][info][gc] GC(11585) Pause Young (G1 Evacuation Pause) 237M->22M(368M) 2,551ms
[2828,236s][info][gc] GC(11586) Pause Young (G1 Evacuation Pause) 237M->22M(368M) 1,171ms
[2828,493s][info][gc] GC(11587) Pause Young (G1 Evacuation Pause) 237M->22M(368M) 1,686ms
[2828,726s][info][gc] GC(11588) Pause Young (G1 Evacuation Pause) 237M->22M(368M) 1,250ms
[2828,958s][info][gc] GC(11589) Pause Young (G1 Evacuation Pause) 237M->23M(368M) 1,368ms
[2829,190s][info][gc] GC(11590) Pause Young (G1 Evacuation Pause) 237M->22M(368M) 1,214ms
[2829,435s][info][gc] GC(11591) Pause Young (G1 Evacuation Pause) 237M->22M(368M) 2,351ms
[2829,688s][info][gc] GC(11592) Pause Young (G1 Evacuation Pause) 237M->22M(368M) 1,897ms
[2829,938s][info][gc] GC(11593) Pause Young (G1 Evacuation Pause) 237M->22M(368M) 1,327ms
[2830,171s][info][gc] GC(11594) Pause Young (G1 Evacuation Pause) 237M->23M(368M) 1,308ms
[2830,412s][info][gc] GC(11595) Pause Young (G1 Evacuation Pause) 237M->22M(368M) 1,663ms
[2830,666s][info][gc] GC(11596) Pause Young (G1 Evacuation Pause) 237M->22M(368M) 1,850ms
[2830,924s][info][gc] GC(11597) Pause Young (G1 Evacuation Pause) 237M->22M(368M) 1,876ms
[2831,160s][info][gc] GC(11598) Pause Young (G1 Evacuation Pause) 237M->22M(368M) 1,600ms
[2831,393s][info][gc] GC(11599) Pause Young (G1 Evacuation Pause) 237M->22M(368M) 1,455ms
[2831,625s][info][gc] GC(11600) Pause Young (G1 Evacuation Pause) 236M->22M(368M) 1,160ms
[2831,857s][info][gc] GC(11601) Pause Young (G1 Evacuation Pause) 237M->22M(368M) 1,292ms
[2832,097s][info][gc] GC(11602) Pause Young (G1 Evacuation Pause) 237M->22M(368M) 1,785ms
[2832,351s][info][gc] GC(11603) Pause Young (G1 Evacuation Pause) 237M->22M(368M) 1,824ms
[2832,602s][info][gc] GC(11604) Pause Young (G1 Evacuation Pause) 237M->22M(368M) 1,274ms
[2832,834s][info][gc] GC(11605) Pause Young (G1 Evacuation Pause) 236M->22M(368M) 1,191ms
[2833,098s][info][gc] GC(11606) Pause Young (G1 Evacuation Pause) 237M->22M(368M) 1,783ms
[2833,343s][info][gc] GC(11607) Pause Young (G1 Evacuation Pause) 237M->22M(368M) 1,152ms
[2833,601s][info][gc] GC(11608) Pause Young (G1 Evacuation Pause) 237M->22M(368M) 1,918ms
[2833,855s][info][gc] GC(11609) Pause Young (G1 Evacuation Pause) 237M->22M(368M) 1,686ms
[2834,088s][info][gc] GC(11610) Pause Young (G1 Evacuation Pause) 237M->23M(368M) 1,236ms
[2834,321s][info][gc] GC(11611) Pause Young (G1 Evacuation Pause) 237M->22M(368M) 2,228ms
[2834,577s][info][gc] GC(11612) Pause Young (G1 Evacuation Pause) 237M->22M(368M) 2,122ms
[2834,837s][info][gc] GC(11613) Pause Young (G1 Evacuation Pause) 237M->22M(368M) 1,868ms
[2835,083s][info][gc] GC(11614) Pause Young (G1 Evacuation Pause) 237M->22M(368M) 1,373ms
[2835,316s][info][gc] GC(11615) Pause Young (G1 Evacuation Pause) 237M->23M(368M) 1,315ms
[2835,548s][info][gc] GC(11616) Pause Young (G1 Evacuation Pause) 237M->22M(368M) 1,274ms
[2835,780s][info][gc] GC(11617) Pause Young (G1 Evacuation Pause) 237M->22M(368M) 1,319ms
[2836,050s][info][gc] GC(11618) Pause Young (G1 Evacuation Pause) 237M->22M(368M) 1,902ms
[2836,304s][info][gc] GC(11619) Pause Young (G1 Evacuation Pause) 237M->22M(368M) 1,697ms
[2836,566s][info][gc] GC(11620) Pause Young (G1 Evacuation Pause) 237M->22M(368M) 1,513ms
[2836,825s][info][gc] GC(11621) Pause Young (G1 Evacuation Pause) 236M->22M(368M) 1,743ms
[2837,088s][info][gc] GC(11622) Pause Young (G1 Evacuation Pause) 237M->22M(368M) 1,783ms
[2837,342s][info][gc] GC(11623) Pause Young (G1 Evacuation Pause) 237M->22M(368M) 1,754ms
[2837,607s][info][gc] GC(11624) Pause Young (G1 Evacuation Pause) 237M->22M(368M) 1,737ms
[2837,840s][info][gc] GC(11625) Pause Young (G1 Evacuation Pause) 237M->22M(368M) 1,320ms
[2838,102s][info][gc] GC(11626) Pause Young (G1 Evacuation Pause) 236M->22M(368M) 1,858ms
[2838,342s][info][gc] GC(11627) Pause Young (G1 Evacuation Pause) 237M->22M(368M) 1,258ms
[2838,609s][info][gc] GC(11628) Pause Young (G1 Evacuation Pause) 237M->22M(368M) 1,706ms
[2838,866s][info][gc] GC(11629) Pause Young (G1 Evacuation Pause) 237M->22M(368M) 3,141ms
[2839,114s][info][gc] GC(11630) Pause Young (G1 Evacuation Pause) 237M->22M(368M) 1,948ms
[2839,347s][info][gc] GC(11631) Pause Young (G1 Evacuation Pause) 236M->22M(368M) 1,393ms
[2839,580s][info][gc] GC(11632) Pause Young (G1 Evacuation Pause) 237M->22M(368M) 1,416ms
[2839,813s][info][gc] GC(11633) Pause Young (G1 Evacuation Pause) 237M->22M(368M) 1,496ms
[2840,046s][info][gc] GC(11634) Pause Young (G1 Evacuation Pause) 237M->22M(368M) 1,393ms
[2840,279s][info][gc] GC(11635) Pause Young (G1 Evacuation Pause) 237M->22M(368M) 1,415ms
[2840,543s][info][gc] GC(11636) Pause Young (G1 Evacuation Pause) 237M->23M(368M) 2,500ms
[2840,806s][info][gc] GC(11637) Pause Young (G1 Evacuation Pause) 237M->22M(368M) 1,766ms
[2841,060s][info][gc] GC(11638) Pause Young (G1 Evacuation Pause) 237M->22M(368M) 1,757ms
[2841,314s][info][gc] GC(11639) Pause Young (G1 Evacuation Pause) 237M->22M(368M) 1,843ms
[2841,568s][info][gc] GC(11640) Pause Young (G1 Evacuation Pause) 237M->22M(368M) 1,752ms
[2841,822s][info][gc] GC(11641) Pause Young (G1 Evacuation Pause) 237M->22M(368M) 1,752ms
[2842,075s][info][gc] GC(11642) Pause Young (G1 Evacuation Pause) 236M->22M(368M) 1,204ms
[2842,307s][info][gc] GC(11643) Pause Young (G1 Evacuation Pause) 237M->22M(368M) 1,212ms
[2842,552s][info][gc] GC(11644) Pause Young (G1 Evacuation Pause) 237M->22M(368M) 1,368ms
[2842,784s][info][gc] GC(11645) Pause Young (G1 Evacuation Pause) 237M->22M(368M) 1,376ms
[2843,021s][info][gc] GC(11646) Pause Young (G1 Evacuation Pause) 237M->22M(368M) 1,233ms
[2843,254s][info][gc] GC(11647) Pause Young (G1 Evacuation Pause) 236M->22M(368M) 1,932ms
[2843,486s][info][gc] GC(11648) Pause Young (G1 Evacuation Pause) 237M->22M(368M) 1,088ms
[2843,718s][info][gc] GC(11649) Pause Young (G1 Evacuation Pause) 237M->22M(368M) 1,256ms
[2843,950s][info][gc] GC(11650) Pause Young (G1 Evacuation Pause) 237M->22M(368M) 1,195ms
[2844,182s][info][gc] GC(11651) Pause Young (G1 Evacuation Pause) 237M->22M(368M) 1,144ms
[2844,435s][info][gc] GC(11652) Pause Young (G1 Evacuation Pause) 236M->22M(368M) 1,297ms
[2844,668s][info][gc] GC(11653) Pause Young (G1 Evacuation Pause) 237M->22M(368M) 1,410ms
[2844,901s][info][gc] GC(11654) Pause Young (G1 Evacuation Pause) 237M->22M(368M) 1,309ms
[2845,135s][info][gc] GC(11655) Pause Young (G1 Evacuation Pause) 237M->22M(368M) 1,420ms
[2845,372s][info][gc] GC(11656) Pause Young (G1 Evacuation Pause) 237M->22M(368M) 4,267ms
[2845,628s][info][gc] GC(11657) Pause Young (G1 Evacuation Pause) 236M->22M(368M) 1,719ms
[2845,886s][info][gc] GC(11658) Pause Young (G1 Evacuation Pause) 237M->21M(368M) 1,847ms
[2846,140s][info][gc] GC(11659) Pause Young (G1 Evacuation Pause) 236M->22M(368M) 1,758ms
[2846,398s][info][gc] GC(11660) Pause Young (G1 Evacuation Pause) 237M->22M(368M) 3,941ms
[2846,653s][info][gc] GC(11661) Pause Young (G1 Evacuation Pause) 237M->22M(368M) 1,776ms
[2846,919s][info][gc] GC(11662) Pause Young (G1 Evacuation Pause) 237M->23M(368M) 4,323ms
[2847,177s][info][gc] GC(11663) Pause Young (G1 Evacuation Pause) 237M->22M(368M) 1,738ms
[2847,438s][info][gc] GC(11664) Pause Young (G1 Evacuation Pause) 237M->22M(368M) 4,869ms
[2847,671s][info][gc] GC(11665) Pause Young (G1 Evacuation Pause) 237M->22M(368M) 1,218ms
[2847,903s][info][gc] GC(11666) Pause Young (G1 Evacuation Pause) 237M->22M(368M) 1,369ms
[2848,136s][info][gc] GC(11667) Pause Young (G1 Evacuation Pause) 237M->22M(368M) 1,292ms
[2848,373s][info][gc] GC(11668) Pause Young (G1 Evacuation Pause) 236M->22M(368M) 4,032ms
[2848,627s][info][gc] GC(11669) Pause Young (G1 Evacuation Pause) 237M->22M(368M) 1,216ms
[2848,887s][info][gc] GC(11670) Pause Young (G1 Evacuation Pause) 237M->22M(368M) 2,353ms
[2849,130s][info][gc] GC(11671) Pause Young (G1 Evacuation Pause) 237M->22M(368M) 1,120ms
[2849,362s][info][gc] GC(11672) Pause Young (G1 Evacuation Pause) 237M->22M(368M) 1,279ms
[2849,594s][info][gc] GC(11673) Pause Young (G1 Evacuation Pause) 236M->22M(368M) 1,128ms
[2849,826s][info][gc] GC(11674) Pause Young (G1 Evacuation Pause) 237M->22M(368M) 1,244ms
[2850,058s][info][gc] GC(11675) Pause Young (G1 Evacuation Pause) 237M->22M(368M) 1,256ms
[2850,298s][info][gc] GC(11676) Pause Young (G1 Evacuation Pause) 237M->22M(368M) 1,257ms
[2850,539s][info][gc] GC(11677) Pause Young (G1 Evacuation Pause) 237M->22M(368M) 1,175ms
[2850,771s][info][gc] GC(11678) Pause Young (G1 Evacuation Pause) 237M->23M(368M) 1,302ms
[2851,003s][info][gc] GC(11679) Pause Young (G1 Evacuation Pause) 237M->22M(368M) 1,172ms
[2851,235s][info][gc] GC(11680) Pause Young (G1 Evacuation Pause) 237M->22M(368M) 1,234ms
[2851,486s][info][gc] GC(11681) Pause Young (G1 Evacuation Pause) 237M->22M(368M) 2,300ms
[2851,742s][info][gc] GC(11682) Pause Young (G1 Evacuation Pause) 237M->22M(368M) 1,950ms
[2851,995s][info][gc] GC(11683) Pause Young (G1 Evacuation Pause) 236M->22M(368M) 1,699ms
[2852,246s][info][gc] GC(11684) Pause Young (G1 Evacuation Pause) 237M->22M(368M) 1,047ms
[2852,478s][info][gc] GC(11685) Pause Young (G1 Evacuation Pause) 237M->22M(368M) 1,252ms
[2852,725s][info][gc] GC(11686) Pause Young (G1 Evacuation Pause) 237M->22M(368M) 1,666ms
[2852,957s][info][gc] GC(11687) Pause Young (G1 Evacuation Pause) 237M->22M(368M) 1,272ms
[2853,189s][info][gc] GC(11688) Pause Young (G1 Evacuation Pause) 236M->21M(368M) 1,142ms
[2853,421s][info][gc] GC(11689) Pause Young (G1 Evacuation Pause) 236M->22M(368M) 1,243ms
[2853,653s][info][gc] GC(11690) Pause Young (G1 Evacuation Pause) 237M->22M(368M) 1,139ms
[2853,894s][info][gc] GC(11691) Pause Young (G1 Evacuation Pause) 237M->22M(368M) 2,314ms
[2854,148s][info][gc] GC(11692) Pause Young (G1 Evacuation Pause) 237M->22M(368M) 1,827ms
[2854,388s][info][gc] GC(11693) Pause Young (G1 Evacuation Pause) 237M->22M(368M) 2,559ms
[2854,622s][info][gc] GC(11694) Pause Young (G1 Evacuation Pause) 237M->23M(368M) 1,509ms
[2854,855s][info][gc] GC(11695) Pause Young (G1 Evacuation Pause) 237M->22M(368M) 1,405ms
[2855,088s][info][gc] GC(11696) Pause Young (G1 Evacuation Pause) 237M->22M(368M) 1,371ms
[2855,347s][info][gc] GC(11697) Pause Young (G1 Evacuation Pause) 237M->22M(368M) 1,799ms
[2855,582s][info][gc] GC(11698) Pause Young (G1 Evacuation Pause) 237M->22M(368M) 1,575ms
[2855,828s][info][gc] GC(11699) Pause Young (G1 Evacuation Pause) 237M->23M(368M) 1,668ms
[2856,085s][info][gc] GC(11700) Pause Young (G1 Evacuation Pause) 237M->22M(368M) 1,841ms
[2856,339s][info][gc] GC(11701) Pause Young (G1 Evacuation Pause) 237M->22M(368M) 1,818ms
[2856,598s][info][gc] GC(11702) Pause Young (G1 Evacuation Pause) 237M->22M(368M) 2,071ms
[2856,830s][info][gc] GC(11703) Pause Young (G1 Evacuation Pause) 237M->22M(368M) 1,292ms
[2857,072s][info][gc] GC(11704) Pause Young (G1 Evacuation Pause) 236M->22M(368M) 1,358ms
[2857,305s][info][gc] GC(11705) Pause Young (G1 Evacuation Pause) 237M->22M(368M) 1,238ms
[2857,548s][info][gc] GC(11706) Pause Young (G1 Evacuation Pause) 237M->22M(368M) 1,265ms
[2857,781s][info][gc] GC(11707) Pause Young (G1 Evacuation Pause) 237M->22M(368M) 1,328ms
[2858,048s][info][gc] GC(11708) Pause Young (G1 Evacuation Pause) 237M->22M(368M) 1,776ms
[2858,294s][info][gc] GC(11709) Pause Young (G1 Evacuation Pause) 237M->22M(368M) 1,265ms
[2858,558s][info][gc] GC(11710) Pause Young (G1 Evacuation Pause) 236M->22M(368M) 1,898ms
[2858,812s][info][gc] GC(11711) Pause Young (G1 Evacuation Pause) 237M->22M(368M) 1,606ms
[2859,065s][info][gc] GC(11712) Pause Young (G1 Evacuation Pause) 237M->22M(368M) 1,878ms
[2859,319s][info][gc] GC(11713) Pause Young (G1 Evacuation Pause) 237M->22M(368M) 1,734ms
[2859,562s][info][gc] GC(11714) Pause Young (G1 Evacuation Pause) 237M->22M(368M) 1,876ms
[2859,794s][info][gc] GC(11715) Pause Young (G1 Evacuation Pause) 236M->22M(368M) 1,186ms
[2860,026s][info][gc] GC(11716) Pause Young (G1 Evacuation Pause) 237M->22M(368M) 1,089ms
[2860,258s][info][gc] GC(11717) Pause Young (G1 Evacuation Pause) 237M->22M(368M) 1,100ms
[2860,502s][info][gc] GC(11718) Pause Young (G1 Evacuation Pause) 237M->22M(368M) 1,339ms
[2860,749s][info][gc] GC(11719) Pause Young (G1 Evacuation Pause) 237M->22M(368M) 1,268ms
[2860,981s][info][gc] GC(11720) Pause Young (G1 Evacuation Pause) 237M->23M(368M) 1,299ms
[2861,213s][info][gc] GC(11721) Pause Young (G1 Evacuation Pause) 237M->22M(368M) 1,043ms
[2861,445s][info][gc] GC(11722) Pause Young (G1 Evacuation Pause) 237M->22M(368M) 1,204ms
[2861,677s][info][gc] GC(11723) Pause Young (G1 Evacuation Pause) 237M->22M(368M) 1,130ms
[2861,922s][info][gc] GC(11724) Pause Young (G1 Evacuation Pause) 237M->22M(368M) 1,718ms
[2862,176s][info][gc] GC(11725) Pause Young (G1 Evacuation Pause) 237M->23M(368M) 1,852ms
[2862,435s][info][gc] GC(11726) Pause Young (G1 Evacuation Pause) 237M->22M(368M) 2,492ms
[2862,671s][info][gc] GC(11727) Pause Young (G1 Evacuation Pause) 237M->22M(368M) 1,396ms
[2862,918s][info][gc] GC(11728) Pause Young (G1 Evacuation Pause) 237M->22M(368M) 1,862ms
[2863,151s][info][gc] GC(11729) Pause Young (G1 Evacuation Pause) 237M->22M(368M) 1,111ms
[2863,383s][info][gc] GC(11730) Pause Young (G1 Evacuation Pause) 237M->22M(368M) 1,296ms
[2863,615s][info][gc] GC(11731) Pause Young (G1 Evacuation Pause) 236M->22M(368M) 1,038ms
[2863,881s][info][gc] GC(11732) Pause Young (G1 Evacuation Pause) 237M->22M(368M) 3,092ms
[2864,116s][info][gc] GC(11733) Pause Young (G1 Evacuation Pause) 237M->22M(368M) 1,436ms
[2864,348s][info][gc] GC(11734) Pause Young (G1 Evacuation Pause) 237M->22M(368M) 1,243ms
[2864,592s][info][gc] GC(11735) Pause Young (G1 Evacuation Pause) 237M->23M(368M) 3,137ms
[2864,824s][info][gc] GC(11736) Pause Young (G1 Evacuation Pause) 237M->22M(368M) 1,160ms
[2865,056s][info][gc] GC(11737) Pause Young (G1 Evacuation Pause) 237M->22M(368M) 1,372ms
[2865,289s][info][gc] GC(11738) Pause Young (G1 Evacuation Pause) 237M->22M(368M) 1,344ms
[2865,545s][info][gc] GC(11739) Pause Young (G1 Evacuation Pause) 237M->22M(368M) 1,882ms
[2865,799s][info][gc] GC(11740) Pause Young (G1 Evacuation Pause) 237M->22M(368M) 1,854ms
[2866,056s][info][gc] GC(11741) Pause Young (G1 Evacuation Pause) 237M->23M(368M) 1,883ms
[2866,310s][info][gc] GC(11742) Pause Young (G1 Evacuation Pause) 237M->22M(368M) 1,710ms
[2866,568s][info][gc] GC(11743) Pause Young (G1 Evacuation Pause) 237M->22M(368M) 1,695ms
[2866,821s][info][gc] GC(11744) Pause Young (G1 Evacuation Pause) 237M->22M(368M) 1,801ms
[2867,087s][info][gc] GC(11745) Pause Young (G1 Evacuation Pause) 237M->22M(368M) 1,864ms
[2867,341s][info][gc] GC(11746) Pause Young (G1 Evacuation Pause) 237M->23M(368M) 1,938ms
[2867,595s][info][gc] GC(11747) Pause Young (G1 Evacuation Pause) 237M->21M(368M) 2,059ms
[2867,829s][info][gc] GC(11748) Pause Young (G1 Evacuation Pause) 236M->22M(368M) 1,997ms
[2868,061s][info][gc] GC(11749) Pause Young (G1 Evacuation Pause) 237M->22M(368M) 1,179ms
[2868,293s][info][gc] GC(11750) Pause Young (G1 Evacuation Pause) 237M->22M(368M) 1,383ms
[2868,549s][info][gc] GC(11751) Pause Young (G1 Evacuation Pause) 237M->22M(368M) 3,534ms
[2868,794s][info][gc] GC(11752) Pause Young (G1 Evacuation Pause) 236M->22M(368M) 1,058ms
[2869,026s][info][gc] GC(11753) Pause Young (G1 Evacuation Pause) 237M->22M(368M) 1,074ms
[2869,258s][info][gc] GC(11754) Pause Young (G1 Evacuation Pause) 237M->22M(368M) 1,103ms
[2869,517s][info][gc] GC(11755) Pause Young (G1 Evacuation Pause) 237M->22M(368M) 1,880ms
[2869,771s][info][gc] GC(11756) Pause Young (G1 Evacuation Pause) 237M->22M(368M) 1,780ms
[2870,031s][info][gc] GC(11757) Pause Young (G1 Evacuation Pause) 236M->22M(368M) 1,804ms
[2870,279s][info][gc] GC(11758) Pause Young (G1 Evacuation Pause) 237M->22M(368M) 1,231ms
[2870,531s][info][gc] GC(11759) Pause Young (G1 Evacuation Pause) 237M->22M(368M) 1,688ms
[2870,766s][info][gc] GC(11760) Pause Young (G1 Evacuation Pause) 237M->22M(368M) 1,616ms
[2871,014s][info][gc] GC(11761) Pause Young (G1 Evacuation Pause) 237M->22M(368M) 1,673ms
[2871,247s][info][gc] GC(11762) Pause Young (G1 Evacuation Pause) 236M->22M(368M) 1,517ms
[2871,498s][info][gc] GC(11763) Pause Young (G1 Evacuation Pause) 237M->22M(368M) 1,769ms
[2871,752s][info][gc] GC(11764) Pause Young (G1 Evacuation Pause) 237M->22M(368M) 1,726ms
[2872,024s][info][gc] GC(11765) Pause Young (G1 Evacuation Pause) 237M->22M(368M) 2,369ms
[2872,289s][info][gc] GC(11766) Pause Young (G1 Evacuation Pause) 237M->22M(368M) 1,776ms
[2872,534s][info][gc] GC(11767) Pause Young (G1 Evacuation Pause) 237M->22M(368M) 1,477ms
[2872,766s][info][gc] GC(11768) Pause Young (G1 Evacuation Pause) 236M->22M(368M) 1,173ms
[2872,998s][info][gc] GC(11769) Pause Young (G1 Evacuation Pause) 237M->22M(368M) 1,104ms
[2873,230s][info][gc] GC(11770) Pause Young (G1 Evacuation Pause) 237M->22M(368M) 1,223ms
[2873,462s][info][gc] GC(11771) Pause Young (G1 Evacuation Pause) 237M->22M(368M) 1,312ms
[2873,706s][info][gc] GC(11772) Pause Young (G1 Evacuation Pause) 237M->23M(368M) 1,475ms
[2873,938s][info][gc] GC(11773) Pause Young (G1 Evacuation Pause) 237M->22M(368M) 1,336ms
[2874,175s][info][gc] GC(11774) Pause Young (G1 Evacuation Pause) 237M->22M(368M) 1,628ms
[2874,417s][info][gc] GC(11775) Pause Young (G1 Evacuation Pause) 237M->22M(368M) 1,572ms
[2874,657s][info][gc] GC(11776) Pause Young (G1 Evacuation Pause) 237M->22M(368M) 1,743ms
[2874,899s][info][gc] GC(11777) Pause Young (G1 Evacuation Pause) 237M->22M(368M) 1,710ms
[2875,135s][info][gc] GC(11778) Pause Young (G1 Evacuation Pause) 236M->22M(368M) 1,373ms
[2875,368s][info][gc] GC(11779) Pause Young (G1 Evacuation Pause) 237M->22M(368M) 1,420ms
[2875,601s][info][gc] GC(11780) Pause Young (G1 Evacuation Pause) 237M->22M(368M) 1,325ms
[2875,856s][info][gc] GC(11781) Pause Young (G1 Evacuation Pause) 237M->22M(368M) 1,822ms
[2876,114s][info][gc] GC(11782) Pause Young (G1 Evacuation Pause) 237M->22M(368M) 1,848ms
[2876,368s][info][gc] GC(11783) Pause Young (G1 Evacuation Pause) 237M->23M(368M) 1,958ms
[2876,604s][info][gc] GC(11784) Pause Young (G1 Evacuation Pause) 237M->22M(368M) 1,166ms
[2876,836s][info][gc] GC(11785) Pause Young (G1 Evacuation Pause) 237M->22M(368M) 1,088ms
[2877,070s][info][gc] GC(11786) Pause Young (G1 Evacuation Pause) 237M->22M(368M) 3,424ms
[2877,302s][info][gc] GC(11787) Pause Young (G1 Evacuation Pause) 237M->22M(368M) 1,263ms
[2877,534s][info][gc] GC(11788) Pause Young (G1 Evacuation Pause) 236M->22M(368M) 1,252ms
[2877,766s][info][gc] GC(11789) Pause Young (G1 Evacuation Pause) 237M->22M(368M) 1,298ms
[2878,025s][info][gc] GC(11790) Pause Young (G1 Evacuation Pause) 237M->22M(368M) 2,509ms
[2878,280s][info][gc] GC(11791) Pause Young (G1 Evacuation Pause) 237M->22M(368M) 1,439ms
[2878,534s][info][gc] GC(11792) Pause Young (G1 Evacuation Pause) 237M->22M(368M) 1,793ms
[2878,788s][info][gc] GC(11793) Pause Young (G1 Evacuation Pause) 236M->22M(368M) 1,581ms
[2879,051s][info][gc] GC(11794) Pause Young (G1 Evacuation Pause) 237M->22M(368M) 2,339ms
[2879,305s][info][gc] GC(11795) Pause Young (G1 Evacuation Pause) 237M->22M(368M) 1,877ms
[2879,563s][info][gc] GC(11796) Pause Young (G1 Evacuation Pause) 237M->22M(368M) 1,717ms
[2879,818s][info][gc] GC(11797) Pause Young (G1 Evacuation Pause) 237M->22M(368M) 2,727ms
[2880,050s][info][gc] GC(11798) Pause Young (G1 Evacuation Pause) 237M->22M(368M) 1,330ms
[2880,286s][info][gc] GC(11799) Pause Young (G1 Evacuation Pause) 236M->21M(368M) 3,950ms
[2880,541s][info][gc] GC(11800) Pause Young (G1 Evacuation Pause) 236M->22M(368M) 1,780ms
[2880,777s][info][gc] GC(11801) Pause Young (G1 Evacuation Pause) 237M->22M(368M) 1,105ms
[2881,028s][info][gc] GC(11802) Pause Young (G1 Evacuation Pause) 237M->22M(368M) 1,887ms
[2881,282s][info][gc] GC(11803) Pause Young (G1 Evacuation Pause) 237M->22M(368M) 1,946ms
[2881,536s][info][gc] GC(11804) Pause Young (G1 Evacuation Pause) 236M->22M(368M) 1,797ms
[2881,773s][info][gc] GC(11805) Pause Young (G1 Evacuation Pause) 237M->22M(368M) 1,223ms
[2882,025s][info][gc] GC(11806) Pause Young (G1 Evacuation Pause) 237M->22M(368M) 1,879ms
[2882,284s][info][gc] GC(11807) Pause Young (G1 Evacuation Pause) 237M->22M(368M) 1,699ms
[2882,525s][info][gc] GC(11808) Pause Young (G1 Evacuation Pause) 237M->22M(368M) 1,250ms
[2882,770s][info][gc] GC(11809) Pause Young (G1 Evacuation Pause) 237M->22M(368M) 2,471ms
[2883,015s][info][gc] GC(11810) Pause Young (G1 Evacuation Pause) 236M->22M(368M) 1,299ms
[2883,247s][info][gc] GC(11811) Pause Young (G1 Evacuation Pause) 237M->22M(368M) 1,139ms
[2883,494s][info][gc] GC(11812) Pause Young (G1 Evacuation Pause) 237M->22M(368M) 2,580ms
[2883,727s][info][gc] GC(11813) Pause Young (G1 Evacuation Pause) 237M->22M(368M) 1,770ms
[2883,960s][info][gc] GC(11814) Pause Young (G1 Evacuation Pause) 237M->23M(368M) 1,309ms
[2884,192s][info][gc] GC(11815) Pause Young (G1 Evacuation Pause) 237M->22M(368M) 1,131ms
[2884,425s][info][gc] GC(11816) Pause Young (G1 Evacuation Pause) 237M->22M(368M) 2,060ms
[2884,657s][info][gc] GC(11817) Pause Young (G1 Evacuation Pause) 237M->22M(368M) 1,280ms
[2884,898s][info][gc] GC(11818) Pause Young (G1 Evacuation Pause) 237M->22M(368M) 2,389ms
[2885,132s][info][gc] GC(11819) Pause Young (G1 Evacuation Pause) 237M->22M(368M) 1,489ms
[2885,368s][info][gc] GC(11820) Pause Young (G1 Evacuation Pause) 236M->22M(368M) 3,736ms
[2885,629s][info][gc] GC(11821) Pause Young (G1 Evacuation Pause) 237M->22M(368M) 1,786ms
[2885,889s][info][gc] GC(11822) Pause Young (G1 Evacuation Pause) 237M->22M(368M) 4,132ms
[2886,125s][info][gc] GC(11823) Pause Young (G1 Evacuation Pause) 237M->22M(368M) 1,535ms
[2886,359s][info][gc] GC(11824) Pause Young (G1 Evacuation Pause) 237M->22M(368M) 2,866ms
[2886,592s][info][gc] GC(11825) Pause Young (G1 Evacuation Pause) 236M->22M(368M) 1,407ms
[2886,825s][info][gc] GC(11826) Pause Young (G1 Evacuation Pause) 237M->22M(368M) 1,341ms
[2887,087s][info][gc] GC(11827) Pause Young (G1 Evacuation Pause) 237M->22M(368M) 1,821ms
[2887,347s][info][gc] GC(11828) Pause Young (G1 Evacuation Pause) 237M->22M(368M) 1,833ms
[2887,601s][info][gc] GC(11829) Pause Young (G1 Evacuation Pause) 237M->22M(368M) 1,775ms
[2887,834s][info][gc] GC(11830) Pause Young (G1 Evacuation Pause) 236M->22M(368M) 1,196ms
[2888,066s][info][gc] GC(11831) Pause Young (G1 Evacuation Pause) 237M->22M(368M) 1,091ms
[2888,298s][info][gc] GC(11832) Pause Young (G1 Evacuation Pause) 237M->22M(368M) 1,098ms
[2888,559s][info][gc] GC(11833) Pause Young (G1 Evacuation Pause) 237M->22M(368M) 2,966ms
[2888,791s][info][gc] GC(11834) Pause Young (G1 Evacuation Pause) 237M->22M(368M) 1,131ms
[2889,023s][info][gc] GC(11835) Pause Young (G1 Evacuation Pause) 236M->22M(368M) 1,289ms
[2889,257s][info][gc] GC(11836) Pause Young (G1 Evacuation Pause) 237M->21M(368M) 2,140ms
[2889,517s][info][gc] GC(11837) Pause Young (G1 Evacuation Pause) 236M->21M(368M) 2,684ms
[2889,750s][info][gc] GC(11838) Pause Young (G1 Evacuation Pause) 236M->22M(368M) 1,592ms
[2890,017s][info][gc] GC(11839) Pause Young (G1 Evacuation Pause) 237M->22M(368M) 1,857ms
[2890,271s][info][gc] GC(11840) Pause Young (G1 Evacuation Pause) 237M->23M(368M) 1,796ms
[2890,531s][info][gc] GC(11841) Pause Young (G1 Evacuation Pause) 237M->22M(368M) 1,746ms
[2890,768s][info][gc] GC(11842) Pause Young (G1 Evacuation Pause) 237M->22M(368M) 1,073ms
[2891,000s][info][gc] GC(11843) Pause Young (G1 Evacuation Pause) 237M->22M(368M) 1,298ms
[2891,232s][info][gc] GC(11844) Pause Young (G1 Evacuation Pause) 237M->22M(368M) 1,300ms
[2891,483s][info][gc] GC(11845) Pause Young (G1 Evacuation Pause) 237M->22M(368M) 1,712ms
[2891,737s][info][gc] GC(11846) Pause Young (G1 Evacuation Pause) 237M->23M(368M) 1,924ms
[2892,006s][info][gc] GC(11847) Pause Young (G1 Evacuation Pause) 237M->22M(368M) 2,493ms
[2892,271s][info][gc] GC(11848) Pause Young (G1 Evacuation Pause) 237M->22M(368M) 2,441ms
[2892,529s][info][gc] GC(11849) Pause Young (G1 Evacuation Pause) 237M->22M(368M) 1,861ms
[2892,763s][info][gc] GC(11850) Pause Young (G1 Evacuation Pause) 237M->22M(368M) 1,530ms
[2893,004s][info][gc] GC(11851) Pause Young (G1 Evacuation Pause) 237M->23M(368M) 1,720ms
[2893,241s][info][gc] GC(11852) Pause Young (G1 Evacuation Pause) 237M->22M(368M) 1,335ms
[2893,475s][info][gc] GC(11853) Pause Young (G1 Evacuation Pause) 237M->22M(368M) 2,477ms
[2893,715s][info][gc] GC(11854) Pause Young (G1 Evacuation Pause) 237M->22M(368M) 1,270ms
[2893,947s][info][gc] GC(11855) Pause Young (G1 Evacuation Pause) 237M->22M(368M) 1,195ms
[2894,180s][info][gc] GC(11856) Pause Young (G1 Evacuation Pause) 237M->22M(368M) 2,181ms
[2894,425s][info][gc] GC(11857) Pause Young (G1 Evacuation Pause) 236M->22M(368M) 2,189ms
[2894,679s][info][gc] GC(11858) Pause Young (G1 Evacuation Pause) 237M->22M(368M) 1,791ms
[2894,926s][info][gc] GC(11859) Pause Young (G1 Evacuation Pause) 237M->22M(368M) 1,247ms
[2895,159s][info][gc] GC(11860) Pause Young (G1 Evacuation Pause) 237M->22M(368M) 1,547ms
[2895,391s][info][gc] GC(11861) Pause Young (G1 Evacuation Pause) 236M->22M(368M) 1,264ms
[2895,624s][info][gc] GC(11862) Pause Young (G1 Evacuation Pause) 237M->22M(368M) 1,308ms
[2895,857s][info][gc] GC(11863) Pause Young (G1 Evacuation Pause) 237M->22M(368M) 1,235ms
[2896,124s][info][gc] GC(11864) Pause Young (G1 Evacuation Pause) 237M->22M(368M) 1,941ms
[2896,385s][info][gc] GC(11865) Pause Young (G1 Evacuation Pause) 237M->22M(368M) 3,937ms
[2896,620s][info][gc] GC(11866) Pause Young (G1 Evacuation Pause) 237M->22M(368M) 1,271ms
[2896,852s][info][gc] GC(11867) Pause Young (G1 Evacuation Pause) 236M->22M(368M) 1,414ms
[2897,085s][info][gc] GC(11868) Pause Young (G1 Evacuation Pause) 237M->22M(368M) 1,308ms
[2897,318s][info][gc] GC(11869) Pause Young (G1 Evacuation Pause) 237M->22M(368M) 1,277ms
[2897,565s][info][gc] GC(11870) Pause Young (G1 Evacuation Pause) 237M->22M(368M) 1,534ms
[2897,798s][info][gc] GC(11871) Pause Young (G1 Evacuation Pause) 237M->22M(368M) 1,509ms
[2898,055s][info][gc] GC(11872) Pause Young (G1 Evacuation Pause) 236M->22M(368M) 1,722ms
[2898,300s][info][gc] GC(11873) Pause Young (G1 Evacuation Pause) 237M->22M(368M) 1,223ms
[2898,554s][info][gc] GC(11874) Pause Young (G1 Evacuation Pause) 237M->22M(368M) 1,800ms
[2898,795s][info][gc] GC(11875) Pause Young (G1 Evacuation Pause) 237M->22M(368M) 1,494ms
[2899,043s][info][gc] GC(11876) Pause Young (G1 Evacuation Pause) 237M->22M(368M) 1,166ms
[2899,275s][info][gc] GC(11877) Pause Young (G1 Evacuation Pause) 236M->22M(368M) 1,155ms
[2899,526s][info][gc] GC(11878) Pause Young (G1 Evacuation Pause) 237M->22M(368M) 1,364ms
[2899,773s][info][gc] GC(11879) Pause Young (G1 Evacuation Pause) 237M->22M(368M) 1,747ms
[2900,031s][info][gc] GC(11880) Pause Young (G1 Evacuation Pause) 237M->22M(368M) 1,899ms
[2900,266s][info][gc] GC(11881) Pause Young (G1 Evacuation Pause) 237M->22M(368M) 1,561ms
[2900,503s][info][gc] GC(11882) Pause Young (G1 Evacuation Pause) 237M->22M(368M) 1,319ms
[2900,735s][info][gc] GC(11883) Pause Young (G1 Evacuation Pause) 236M->22M(368M) 1,052ms
[2900,971s][info][gc] GC(11884) Pause Young (G1 Evacuation Pause) 237M->22M(368M) 1,204ms
[2901,204s][info][gc] GC(11885) Pause Young (G1 Evacuation Pause) 237M->22M(368M) 1,378ms
[2901,448s][info][gc] GC(11886) Pause Young (G1 Evacuation Pause) 237M->22M(368M) 1,626ms
[2901,681s][info][gc] GC(11887) Pause Young (G1 Evacuation Pause) 237M->22M(368M) 1,541ms
[2901,926s][info][gc] GC(11888) Pause Young (G1 Evacuation Pause) 236M->22M(368M) 2,361ms
[2902,160s][info][gc] GC(11889) Pause Young (G1 Evacuation Pause) 237M->22M(368M) 1,205ms
[2902,392s][info][gc] GC(11890) Pause Young (G1 Evacuation Pause) 237M->22M(368M) 1,158ms
[2902,624s][info][gc] GC(11891) Pause Young (G1 Evacuation Pause) 237M->22M(368M) 1,120ms
[2902,856s][info][gc] GC(11892) Pause Young (G1 Evacuation Pause) 237M->22M(368M) 1,277ms
[2903,088s][info][gc] GC(11893) Pause Young (G1 Evacuation Pause) 236M->22M(368M) 1,129ms
[2903,320s][info][gc] GC(11894) Pause Young (G1 Evacuation Pause) 237M->22M(368M) 1,293ms
[2903,577s][info][gc] GC(11895) Pause Young (G1 Evacuation Pause) 237M->22M(368M) 1,893ms
[2903,810s][info][gc] GC(11896) Pause Young (G1 Evacuation Pause) 237M->22M(368M) 1,303ms
[2904,070s][info][gc] GC(11897) Pause Young (G1 Evacuation Pause) 237M->22M(368M) 2,897ms
[2904,331s][info][gc] GC(11898) Pause Young (G1 Evacuation Pause) 237M->23M(368M) 2,038ms
[2904,596s][info][gc] GC(11899) Pause Young (G1 Evacuation Pause) 237M->22M(368M) 1,204ms
[2904,843s][info][gc] GC(11900) Pause Young (G1 Evacuation Pause) 237M->22M(368M) 1,761ms
[2905,091s][info][gc] GC(11901) Pause Young (G1 Evacuation Pause) 237M->22M(368M) 1,351ms
[2905,324s][info][gc] GC(11902) Pause Young (G1 Evacuation Pause) 237M->22M(368M) 1,374ms
[2905,569s][info][gc] GC(11903) Pause Young (G1 Evacuation Pause) 237M->22M(368M) 1,479ms
[2905,802s][info][gc] GC(11904) Pause Young (G1 Evacuation Pause) 236M->22M(368M) 1,462ms
[2906,059s][info][gc] GC(11905) Pause Young (G1 Evacuation Pause) 237M->22M(368M) 1,701ms
[2906,313s][info][gc] GC(11906) Pause Young (G1 Evacuation Pause) 237M->22M(368M) 1,667ms
[2906,573s][info][gc] GC(11907) Pause Young (G1 Evacuation Pause) 237M->22M(368M) 1,862ms
[2906,827s][info][gc] GC(11908) Pause Young (G1 Evacuation Pause) 237M->22M(368M) 1,885ms
[2907,088s][info][gc] GC(11909) Pause Young (G1 Evacuation Pause) 236M->22M(368M) 1,807ms
[2907,342s][info][gc] GC(11910) Pause Young (G1 Evacuation Pause) 237M->22M(368M) 1,724ms
[2907,602s][info][gc] GC(11911) Pause Young (G1 Evacuation Pause) 237M->22M(368M) 1,977ms
[2907,856s][info][gc] GC(11912) Pause Young (G1 Evacuation Pause) 237M->22M(368M) 1,664ms
[2908,116s][info][gc] GC(11913) Pause Young (G1 Evacuation Pause) 237M->22M(368M) 1,849ms
[2908,356s][info][gc] GC(11914) Pause Young (G1 Evacuation Pause) 237M->23M(368M) 1,134ms
[2908,607s][info][gc] GC(11915) Pause Young (G1 Evacuation Pause) 237M->22M(368M) 1,485ms
[2908,839s][info][gc] GC(11916) Pause Young (G1 Evacuation Pause) 237M->22M(368M) 1,087ms
[2909,091s][info][gc] GC(11917) Pause Young (G1 Evacuation Pause) 237M->22M(368M) 1,227ms
[2909,323s][info][gc] GC(11918) Pause Young (G1 Evacuation Pause) 237M->22M(368M) 1,275ms
[2909,584s][info][gc] GC(11919) Pause Young (G1 Evacuation Pause) 237M->23M(368M) 1,809ms
[2909,838s][info][gc] GC(11920) Pause Young (G1 Evacuation Pause) 237M->22M(368M) 1,750ms
[2910,098s][info][gc] GC(11921) Pause Young (G1 Evacuation Pause) 237M->22M(368M) 1,731ms
[2910,353s][info][gc] GC(11922) Pause Young (G1 Evacuation Pause) 237M->22M(368M) 2,208ms
[2910,590s][info][gc] GC(11923) Pause Young (G1 Evacuation Pause) 236M->21M(368M) 2,473ms
[2910,824s][info][gc] GC(11924) Pause Young (G1 Evacuation Pause) 237M->22M(368M) 2,628ms
[2911,083s][info][gc] GC(11925) Pause Young (G1 Evacuation Pause) 236M->22M(368M) 1,720ms
[2911,330s][info][gc] GC(11926) Pause Young (G1 Evacuation Pause) 237M->22M(368M) 1,328ms
[2911,597s][info][gc] GC(11927) Pause Young (G1 Evacuation Pause) 237M->22M(368M) 1,646ms
[2911,851s][info][gc] GC(11928) Pause Young (G1 Evacuation Pause) 237M->22M(368M) 1,867ms
[2912,119s][info][gc] GC(11929) Pause Young (G1 Evacuation Pause) 237M->22M(368M) 1,735ms
[2912,359s][info][gc] GC(11930) Pause Young (G1 Evacuation Pause) 236M->22M(368M) 1,218ms
[2912,614s][info][gc] GC(11931) Pause Young (G1 Evacuation Pause) 237M->22M(368M) 1,191ms
[2912,846s][info][gc] GC(11932) Pause Young (G1 Evacuation Pause) 237M->22M(368M) 1,165ms
[2913,078s][info][gc] GC(11933) Pause Young (G1 Evacuation Pause) 237M->22M(368M) 1,204ms
[2913,310s][info][gc] GC(11934) Pause Young (G1 Evacuation Pause) 237M->22M(368M) 1,165ms
[2913,565s][info][gc] GC(11935) Pause Young (G1 Evacuation Pause) 236M->22M(368M) 1,773ms
[2913,798s][info][gc] GC(11936) Pause Young (G1 Evacuation Pause) 237M->22M(368M) 1,086ms
[2914,046s][info][gc] GC(11937) Pause Young (G1 Evacuation Pause) 237M->22M(368M) 1,565ms
[2914,278s][info][gc] GC(11938) Pause Young (G1 Evacuation Pause) 237M->22M(368M) 1,216ms
[2914,536s][info][gc] GC(11939) Pause Young (G1 Evacuation Pause) 237M->22M(368M) 2,422ms
[2914,790s][info][gc] GC(11940) Pause Young (G1 Evacuation Pause) 237M->23M(368M) 1,906ms
[2915,024s][info][gc] GC(11941) Pause Young (G1 Evacuation Pause) 237M->22M(368M) 1,505ms
[2915,281s][info][gc] GC(11942) Pause Young (G1 Evacuation Pause) 237M->22M(368M) 1,800ms
[2915,520s][info][gc] GC(11943) Pause Young (G1 Evacuation Pause) 237M->22M(368M) 1,233ms
[2915,752s][info][gc] GC(11944) Pause Young (G1 Evacuation Pause) 237M->22M(368M) 1,354ms
[2916,006s][info][gc] GC(11945) Pause Young (G1 Evacuation Pause) 237M->23M(368M) 1,236ms
[2916,238s][info][gc] GC(11946) Pause Young (G1 Evacuation Pause) 237M->22M(368M) 1,231ms
[2916,487s][info][gc] GC(11947) Pause Young (G1 Evacuation Pause) 237M->22M(368M) 1,688ms
[2916,726s][info][gc] GC(11948) Pause Young (G1 Evacuation Pause) 237M->22M(368M) 1,232ms
[2916,969s][info][gc] GC(11949) Pause Young (G1 Evacuation Pause) 237M->22M(368M) 1,172ms
[2917,202s][info][gc] GC(11950) Pause Young (G1 Evacuation Pause) 237M->22M(368M) 1,643ms
[2917,452s][info][gc] GC(11951) Pause Young (G1 Evacuation Pause) 236M->22M(368M) 1,690ms
[2917,711s][info][gc] GC(11952) Pause Young (G1 Evacuation Pause) 237M->22M(368M) 1,757ms
[2917,962s][info][gc] GC(11953) Pause Young (G1 Evacuation Pause) 237M->22M(368M) 2,373ms
[2918,213s][info][gc] GC(11954) Pause Young (G1 Evacuation Pause) 237M->22M(368M) 2,188ms
[2918,445s][info][gc] GC(11955) Pause Young (G1 Evacuation Pause) 237M->22M(368M) 1,306ms
[2918,678s][info][gc] GC(11956) Pause Young (G1 Evacuation Pause) 236M->22M(368M) 1,264ms
[2918,947s][info][gc] GC(11957) Pause Young (G1 Evacuation Pause) 237M->22M(368M) 1,698ms
[2919,201s][info][gc] GC(11958) Pause Young (G1 Evacuation Pause) 237M->22M(368M) 1,640ms
[2919,446s][info][gc] GC(11959) Pause Young (G1 Evacuation Pause) 237M->22M(368M) 1,366ms
[2919,694s][info][gc] GC(11960) Pause Young (G1 Evacuation Pause) 237M->22M(368M) 1,564ms
[2919,927s][info][gc] GC(11961) Pause Young (G1 Evacuation Pause) 237M->23M(368M) 1,560ms
[2920,159s][info][gc] GC(11962) Pause Young (G1 Evacuation Pause) 237M->22M(368M) 1,079ms
[2920,404s][info][gc] GC(11963) Pause Young (G1 Evacuation Pause) 237M->22M(368M) 4,010ms
[2920,670s][info][gc] GC(11964) Pause Young (G1 Evacuation Pause) 237M->22M(368M) 3,601ms
[2920,935s][info][gc] GC(11965) Pause Young (G1 Evacuation Pause) 237M->22M(368M) 2,498ms
[2921,174s][info][gc] GC(11966) Pause Young (G1 Evacuation Pause) 237M->23M(368M) 1,335ms
[2921,417s][info][gc] GC(11967) Pause Young (G1 Evacuation Pause) 237M->22M(368M) 2,322ms
[2921,675s][info][gc] GC(11968) Pause Young (G1 Evacuation Pause) 237M->22M(368M) 1,785ms
[2921,937s][info][gc] GC(11969) Pause Young (G1 Evacuation Pause) 237M->22M(368M) 2,416ms
[2922,191s][info][gc] GC(11970) Pause Young (G1 Evacuation Pause) 237M->22M(368M) 1,812ms
[2922,425s][info][gc] GC(11971) Pause Young (G1 Evacuation Pause) 237M->22M(368M) 1,320ms
[2922,657s][info][gc] GC(11972) Pause Young (G1 Evacuation Pause) 236M->22M(368M) 1,309ms
[2922,898s][info][gc] GC(11973) Pause Young (G1 Evacuation Pause) 237M->22M(368M) 2,306ms
[2923,134s][info][gc] GC(11974) Pause Young (G1 Evacuation Pause) 237M->22M(368M) 1,441ms
[2923,371s][info][gc] GC(11975) Pause Young (G1 Evacuation Pause) 237M->22M(368M) 3,962ms
[2923,626s][info][gc] GC(11976) Pause Young (G1 Evacuation Pause) 237M->22M(368M) 1,776ms
[2923,886s][info][gc] GC(11977) Pause Young (G1 Evacuation Pause) 237M->23M(368M) 3,490ms
[2924,119s][info][gc] GC(11978) Pause Young (G1 Evacuation Pause) 237M->22M(368M) 1,185ms
[2924,351s][info][gc] GC(11979) Pause Young (G1 Evacuation Pause) 237M->22M(368M) 1,328ms
[2924,625s][info][gc] GC(11980) Pause Young (G1 Evacuation Pause) 237M->22M(368M) 2,046ms
[2924,895s][info][gc] GC(11981) Pause Young (G1 Evacuation Pause) 237M->22M(368M) 2,164ms
[2925,149s][info][gc] GC(11982) Pause Young (G1 Evacuation Pause) 237M->23M(368M) 1,809ms
[2925,403s][info][gc] GC(11983) Pause Young (G1 Evacuation Pause) 237M->22M(368M) 1,841ms
[2925,657s][info][gc] GC(11984) Pause Young (G1 Evacuation Pause) 237M->22M(368M) 1,642ms
[2925,917s][info][gc] GC(11985) Pause Young (G1 Evacuation Pause) 237M->22M(368M) 1,809ms
[2926,171s][info][gc] GC(11986) Pause Young (G1 Evacuation Pause) 237M->22M(368M) 1,893ms
[2926,429s][info][gc] GC(11987) Pause Young (G1 Evacuation Pause) 237M->23M(368M) 1,721ms
[2926,671s][info][gc] GC(11988) Pause Young (G1 Evacuation Pause) 237M->22M(368M) 1,598ms
[2926,932s][info][gc] GC(11989) Pause Young (G1 Evacuation Pause) 237M->22M(368M) 1,780ms
[2927,185s][info][gc] GC(11990) Pause Young (G1 Evacuation Pause) 237M->22M(368M) 1,894ms
[2927,445s][info][gc] GC(11991) Pause Young (G1 Evacuation Pause) 237M->22M(368M) 2,292ms
[2927,699s][info][gc] GC(11992) Pause Young (G1 Evacuation Pause) 237M->22M(368M) 1,939ms
[2927,952s][info][gc] GC(11993) Pause Young (G1 Evacuation Pause) 236M->22M(368M) 1,453ms
[2928,185s][info][gc] GC(11994) Pause Young (G1 Evacuation Pause) 237M->22M(368M) 1,351ms
[2928,429s][info][gc] GC(11995) Pause Young (G1 Evacuation Pause) 237M->22M(368M) 1,724ms
[2928,677s][info][gc] GC(11996) Pause Young (G1 Evacuation Pause) 237M->22M(368M) 1,240ms
[2928,927s][info][gc] GC(11997) Pause Young (G1 Evacuation Pause) 237M->22M(368M) 1,779ms
[2929,172s][info][gc] GC(11998) Pause Young (G1 Evacuation Pause) 236M->22M(368M) 1,448ms
[2929,404s][info][gc] GC(11999) Pause Young (G1 Evacuation Pause) 237M->22M(368M) 1,250ms
[2929,645s][info][gc] GC(12000) Pause Young (G1 Evacuation Pause) 237M->22M(368M) 3,999ms
[2929,920s][info][gc] GC(12001) Pause Young (G1 Evacuation Pause) 237M->22M(368M) 2,486ms
[2930,180s][info][gc] GC(12002) Pause Young (G1 Evacuation Pause) 237M->22M(368M) 4,544ms
[2930,445s][info][gc] GC(12003) Pause Young (G1 Evacuation Pause) 236M->22M(368M) 1,543ms
[2930,683s][info][gc] GC(12004) Pause Young (G1 Evacuation Pause) 237M->21M(368M) 1,748ms
[2930,942s][info][gc] GC(12005) Pause Young (G1 Evacuation Pause) 236M->22M(368M) 1,793ms
[2931,196s][info][gc] GC(12006) Pause Young (G1 Evacuation Pause) 237M->22M(368M) 1,663ms
[2931,458s][info][gc] GC(12007) Pause Young (G1 Evacuation Pause) 237M->22M(368M) 1,880ms
[2931,691s][info][gc] GC(12008) Pause Young (G1 Evacuation Pause) 237M->23M(368M) 1,388ms
[2931,923s][info][gc] GC(12009) Pause Young (G1 Evacuation Pause) 237M->22M(368M) 1,371ms
[2932,175s][info][gc] GC(12010) Pause Young (G1 Evacuation Pause) 237M->22M(368M) 1,764ms
[2932,424s][info][gc] GC(12011) Pause Young (G1 Evacuation Pause) 237M->22M(368M) 2,414ms
[2932,667s][info][gc] GC(12012) Pause Young (G1 Evacuation Pause) 237M->22M(368M) 1,110ms
[2932,911s][info][gc] GC(12013) Pause Young (G1 Evacuation Pause) 237M->22M(368M) 2,512ms
[2933,147s][info][gc] GC(12014) Pause Young (G1 Evacuation Pause) 236M->22M(368M) 1,381ms
[2933,379s][info][gc] GC(12015) Pause Young (G1 Evacuation Pause) 237M->22M(368M) 1,127ms
[2933,611s][info][gc] GC(12016) Pause Young (G1 Evacuation Pause) 237M->22M(368M) 1,209ms
[2933,843s][info][gc] GC(12017) Pause Young (G1 Evacuation Pause) 237M->22M(368M) 1,176ms
[2934,115s][info][gc] GC(12018) Pause Young (G1 Evacuation Pause) 237M->22M(368M) 3,163ms
[2934,368s][info][gc] GC(12019) Pause Young (G1 Evacuation Pause) 236M->22M(368M) 1,613ms
[2934,619s][info][gc] GC(12020) Pause Young (G1 Evacuation Pause) 237M->22M(368M) 1,237ms
[2934,851s][info][gc] GC(12021) Pause Young (G1 Evacuation Pause) 237M->22M(368M) 1,278ms
[2935,117s][info][gc] GC(12022) Pause Young (G1 Evacuation Pause) 237M->22M(368M) 1,918ms
[2935,374s][info][gc] GC(12023) Pause Young (G1 Evacuation Pause) 237M->22M(368M) 4,117ms
[2935,639s][info][gc] GC(12024) Pause Young (G1 Evacuation Pause) 236M->22M(368M) 1,751ms
[2935,898s][info][gc] GC(12025) Pause Young (G1 Evacuation Pause) 237M->22M(368M) 1,713ms
[2936,152s][info][gc] GC(12026) Pause Young (G1 Evacuation Pause) 237M->22M(368M) 1,726ms
[2936,403s][info][gc] GC(12027) Pause Young (G1 Evacuation Pause) 237M->22M(368M) 4,384ms
[2936,658s][info][gc] GC(12028) Pause Young (G1 Evacuation Pause) 237M->22M(368M) 4,345ms
[2936,919s][info][gc] GC(12029) Pause Young (G1 Evacuation Pause) 237M->23M(368M) 2,649ms
[2937,172s][info][gc] GC(12030) Pause Young (G1 Evacuation Pause) 237M->22M(368M) 1,827ms
[2937,432s][info][gc] GC(12031) Pause Young (G1 Evacuation Pause) 237M->22M(368M) 1,695ms
[2937,685s][info][gc] GC(12032) Pause Young (G1 Evacuation Pause) 237M->22M(368M) 1,733ms
[2937,923s][info][gc] GC(12033) Pause Young (G1 Evacuation Pause) 237M->22M(368M) 1,645ms
[2938,156s][info][gc] GC(12034) Pause Young (G1 Evacuation Pause) 237M->23M(368M) 1,495ms
[2938,398s][info][gc] GC(12035) Pause Young (G1 Evacuation Pause) 237M->22M(368M) 2,180ms
[2938,652s][info][gc] GC(12036) Pause Young (G1 Evacuation Pause) 237M->22M(368M) 1,706ms
[2938,906s][info][gc] GC(12037) Pause Young (G1 Evacuation Pause) 237M->22M(368M) 1,908ms
[2939,160s][info][gc] GC(12038) Pause Young (G1 Evacuation Pause) 237M->22M(368M) 1,812ms
[2939,414s][info][gc] GC(12039) Pause Young (G1 Evacuation Pause) 237M->22M(368M) 1,857ms
[2939,669s][info][gc] GC(12040) Pause Young (G1 Evacuation Pause) 236M->22M(368M) 2,184ms
[2939,932s][info][gc] GC(12041) Pause Young (G1 Evacuation Pause) 237M->22M(368M) 6,035ms
[2940,164s][info][gc] GC(12042) Pause Young (G1 Evacuation Pause) 237M->22M(368M) 1,229ms
[2940,409s][info][gc] GC(12043) Pause Young (G1 Evacuation Pause) 237M->22M(368M) 4,112ms
[2940,646s][info][gc] GC(12044) Pause Young (G1 Evacuation Pause) 237M->22M(368M) 2,399ms
[2940,887s][info][gc] GC(12045) Pause Young (G1 Evacuation Pause) 237M->23M(368M) 3,463ms
[2941,131s][info][gc] GC(12046) Pause Young (G1 Evacuation Pause) 237M->22M(368M) 1,347ms
[2941,369s][info][gc] GC(12047) Pause Young (G1 Evacuation Pause) 237M->22M(368M) 3,935ms
[2941,626s][info][gc] GC(12048) Pause Young (G1 Evacuation Pause) 237M->22M(368M) 1,916ms
[2941,884s][info][gc] GC(12049) Pause Young (G1 Evacuation Pause) 237M->22M(368M) 2,575ms
[2942,116s][info][gc] GC(12050) Pause Young (G1 Evacuation Pause) 237M->23M(368M) 1,319ms
[2942,349s][info][gc] GC(12051) Pause Young (G1 Evacuation Pause) 237M->22M(368M) 2,136ms
[2942,581s][info][gc] GC(12052) Pause Young (G1 Evacuation Pause) 237M->22M(368M) 1,208ms
[2942,813s][info][gc] GC(12053) Pause Young (G1 Evacuation Pause) 237M->22M(368M) 1,223ms
[2943,045s][info][gc] GC(12054) Pause Young (G1 Evacuation Pause) 237M->22M(368M) 1,362ms
[2943,278s][info][gc] GC(12055) Pause Young (G1 Evacuation Pause) 237M->22M(368M) 1,303ms
[2943,536s][info][gc] GC(12056) Pause Young (G1 Evacuation Pause) 236M->22M(368M) 2,429ms
[2943,790s][info][gc] GC(12057) Pause Young (G1 Evacuation Pause) 237M->22M(368M) 1,819ms
[2944,048s][info][gc] GC(12058) Pause Young (G1 Evacuation Pause) 237M->22M(368M) 1,891ms
[2944,302s][info][gc] GC(12059) Pause Young (G1 Evacuation Pause) 237M->22M(368M) 1,833ms
[2944,564s][info][gc] GC(12060) Pause Young (G1 Evacuation Pause) 237M->22M(368M) 1,239ms
[2944,812s][info][gc] GC(12061) Pause Young (G1 Evacuation Pause) 236M->22M(368M) 1,892ms
[2945,072s][info][gc] GC(12062) Pause Young (G1 Evacuation Pause) 237M->22M(368M) 1,842ms
[2945,326s][info][gc] GC(12063) Pause Young (G1 Evacuation Pause) 237M->22M(368M) 1,730ms
[2945,589s][info][gc] GC(12064) Pause Young (G1 Evacuation Pause) 237M->22M(368M) 2,027ms
[2945,837s][info][gc] GC(12065) Pause Young (G1 Evacuation Pause) 237M->22M(368M) 1,727ms
[2946,091s][info][gc] GC(12066) Pause Young (G1 Evacuation Pause) 237M->23M(368M) 1,851ms
[2946,345s][info][gc] GC(12067) Pause Young (G1 Evacuation Pause) 237M->22M(368M) 1,735ms
[2946,578s][info][gc] GC(12068) Pause Young (G1 Evacuation Pause) 237M->22M(368M) 1,163ms
[2946,810s][info][gc] GC(12069) Pause Young (G1 Evacuation Pause) 237M->22M(368M) 1,184ms
[2947,042s][info][gc] GC(12070) Pause Young (G1 Evacuation Pause) 237M->22M(368M) 1,202ms
[2947,274s][info][gc] GC(12071) Pause Young (G1 Evacuation Pause) 237M->23M(368M) 1,309ms
[2947,506s][info][gc] GC(12072) Pause Young (G1 Evacuation Pause) 237M->22M(368M) 1,120ms
[2947,738s][info][gc] GC(12073) Pause Young (G1 Evacuation Pause) 237M->22M(368M) 1,268ms
[2947,970s][info][gc] GC(12074) Pause Young (G1 Evacuation Pause) 237M->22M(368M) 1,160ms
[2948,204s][info][gc] GC(12075) Pause Young (G1 Evacuation Pause) 237M->22M(368M) 3,011ms
[2948,436s][info][gc] GC(12076) Pause Young (G1 Evacuation Pause) 236M->22M(368M) 1,171ms
[2948,677s][info][gc] GC(12077) Pause Young (G1 Evacuation Pause) 237M->22M(368M) 1,541ms
[2948,922s][info][gc] GC(12078) Pause Young (G1 Evacuation Pause) 237M->22M(368M) 2,414ms
[2949,176s][info][gc] GC(12079) Pause Young (G1 Evacuation Pause) 237M->22M(368M) 1,784ms
[2949,440s][info][gc] GC(12080) Pause Young (G1 Evacuation Pause) 237M->22M(368M) 4,765ms
[2949,675s][info][gc] GC(12081) Pause Young (G1 Evacuation Pause) 237M->22M(368M) 1,616ms
[2949,911s][info][gc] GC(12082) Pause Young (G1 Evacuation Pause) 236M->22M(368M) 1,137ms
[2950,143s][info][gc] GC(12083) Pause Young (G1 Evacuation Pause) 237M->22M(368M) 1,156ms
[2950,384s][info][gc] GC(12084) Pause Young (G1 Evacuation Pause) 237M->22M(368M) 4,033ms
[2950,627s][info][gc] GC(12085) Pause Young (G1 Evacuation Pause) 237M->22M(368M) 1,514ms
[2950,860s][info][gc] GC(12086) Pause Young (G1 Evacuation Pause) 237M->23M(368M) 1,469ms
[2951,099s][info][gc] GC(12087) Pause Young (G1 Evacuation Pause) 237M->22M(368M) 1,669ms
[2951,337s][info][gc] GC(12088) Pause Young (G1 Evacuation Pause) 237M->22M(368M) 1,670ms
[2951,576s][info][gc] GC(12089) Pause Young (G1 Evacuation Pause) 237M->22M(368M) 1,704ms
[2951,811s][info][gc] GC(12090) Pause Young (G1 Evacuation Pause) 237M->22M(368M) 1,342ms
[2952,045s][info][gc] GC(12091) Pause Young (G1 Evacuation Pause) 237M->22M(368M) 2,167ms
[2952,277s][info][gc] GC(12092) Pause Young (G1 Evacuation Pause) 236M->22M(368M) 1,133ms
[2952,526s][info][gc] GC(12093) Pause Young (G1 Evacuation Pause) 237M->22M(368M) 1,587ms
[2952,770s][info][gc] GC(12094) Pause Young (G1 Evacuation Pause) 237M->22M(368M) 1,335ms
[2953,002s][info][gc] GC(12095) Pause Young (G1 Evacuation Pause) 237M->22M(368M) 1,327ms
[2953,235s][info][gc] GC(12096) Pause Young (G1 Evacuation Pause) 237M->22M(368M) 1,320ms
[2953,484s][info][gc] GC(12097) Pause Young (G1 Evacuation Pause) 237M->23M(368M) 1,859ms
[2953,738s][info][gc] GC(12098) Pause Young (G1 Evacuation Pause) 237M->22M(368M) 1,742ms
[2953,988s][info][gc] GC(12099) Pause Young (G1 Evacuation Pause) 237M->22M(368M) 1,835ms
[2954,242s][info][gc] GC(12100) Pause Young (G1 Evacuation Pause) 237M->22M(368M) 1,826ms
[2954,496s][info][gc] GC(12101) Pause Young (G1 Evacuation Pause) 237M->22M(368M) 1,903ms
[2954,732s][info][gc] GC(12102) Pause Young (G1 Evacuation Pause) 237M->22M(368M) 2,838ms
[2954,982s][info][gc] GC(12103) Pause Young (G1 Evacuation Pause) 236M->21M(368M) 3,326ms
[2955,214s][info][gc] GC(12104) Pause Young (G1 Evacuation Pause) 236M->22M(368M) 1,119ms
[2955,461s][info][gc] GC(12105) Pause Young (G1 Evacuation Pause) 237M->22M(368M) 1,798ms
[2955,715s][info][gc] GC(12106) Pause Young (G1 Evacuation Pause) 237M->22M(368M) 1,938ms
[2955,972s][info][gc] GC(12107) Pause Young (G1 Evacuation Pause) 237M->22M(368M) 1,791ms
[2956,226s][info][gc] GC(12108) Pause Young (G1 Evacuation Pause) 237M->23M(368M) 1,820ms
[2956,487s][info][gc] GC(12109) Pause Young (G1 Evacuation Pause) 237M->22M(368M) 1,685ms
[2956,729s][info][gc] GC(12110) Pause Young (G1 Evacuation Pause) 237M->22M(368M) 1,194ms
[2956,982s][info][gc] GC(12111) Pause Young (G1 Evacuation Pause) 237M->22M(368M) 2,276ms
[2957,236s][info][gc] GC(12112) Pause Young (G1 Evacuation Pause) 237M->22M(368M) 1,771ms
[2957,493s][info][gc] GC(12113) Pause Young (G1 Evacuation Pause) 237M->23M(368M) 1,301ms
[2957,725s][info][gc] GC(12114) Pause Young (G1 Evacuation Pause) 237M->22M(368M) 1,207ms
[2957,982s][info][gc] GC(12115) Pause Young (G1 Evacuation Pause) 237M->22M(368M) 1,786ms
[2958,237s][info][gc] GC(12116) Pause Young (G1 Evacuation Pause) 237M->22M(368M) 2,468ms
[2958,484s][info][gc] GC(12117) Pause Young (G1 Evacuation Pause) 237M->22M(368M) 1,943ms
[2958,738s][info][gc] GC(12118) Pause Young (G1 Evacuation Pause) 237M->23M(368M) 1,903ms
[2958,989s][info][gc] GC(12119) Pause Young (G1 Evacuation Pause) 237M->22M(368M) 1,588ms
[2959,229s][info][gc] GC(12120) Pause Young (G1 Evacuation Pause) 237M->22M(368M) 1,204ms
[2959,476s][info][gc] GC(12121) Pause Young (G1 Evacuation Pause) 237M->22M(368M) 1,918ms
[2959,730s][info][gc] GC(12122) Pause Young (G1 Evacuation Pause) 237M->22M(368M) 1,841ms
[2959,990s][info][gc] GC(12123) Pause Young (G1 Evacuation Pause) 237M->22M(368M) 1,588ms
[2960,224s][info][gc] GC(12124) Pause Young (G1 Evacuation Pause) 236M->22M(368M) 2,825ms
[2960,474s][info][gc] GC(12125) Pause Young (G1 Evacuation Pause) 237M->22M(368M) 1,496ms
[2960,706s][info][gc] GC(12126) Pause Young (G1 Evacuation Pause) 237M->22M(368M) 1,250ms
[2960,952s][info][gc] GC(12127) Pause Young (G1 Evacuation Pause) 237M->22M(368M) 1,744ms
[2961,206s][info][gc] GC(12128) Pause Young (G1 Evacuation Pause) 237M->22M(368M) 1,958ms
[2961,470s][info][gc] GC(12129) Pause Young (G1 Evacuation Pause) 237M->23M(368M) 2,518ms
[2961,715s][info][gc] GC(12130) Pause Young (G1 Evacuation Pause) 237M->22M(368M) 1,351ms
[2961,967s][info][gc] GC(12131) Pause Young (G1 Evacuation Pause) 237M->22M(368M) 4,747ms
[2962,221s][info][gc] GC(12132) Pause Young (G1 Evacuation Pause) 237M->22M(368M) 1,911ms
[2962,466s][info][gc] GC(12133) Pause Young (G1 Evacuation Pause) 237M->22M(368M) 1,451ms
[2962,699s][info][gc] GC(12134) Pause Young (G1 Evacuation Pause) 236M->21M(368M) 1,748ms
[2962,946s][info][gc] GC(12135) Pause Young (G1 Evacuation Pause) 236M->21M(368M) 3,412ms
[2963,181s][info][gc] GC(12136) Pause Young (G1 Evacuation Pause) 236M->22M(368M) 1,357ms
[2963,438s][info][gc] GC(12137) Pause Young (G1 Evacuation Pause) 237M->22M(368M) 1,870ms
[2963,695s][info][gc] GC(12138) Pause Young (G1 Evacuation Pause) 237M->22M(368M) 1,823ms
[2963,956s][info][gc] GC(12139) Pause Young (G1 Evacuation Pause) 237M->23M(368M) 1,738ms
[2964,210s][info][gc] GC(12140) Pause Young (G1 Evacuation Pause) 237M->22M(368M) 1,606ms
[2964,469s][info][gc] GC(12141) Pause Young (G1 Evacuation Pause) 237M->22M(368M) 1,768ms
[2964,711s][info][gc] GC(12142) Pause Young (G1 Evacuation Pause) 237M->22M(368M) 1,247ms
[2964,958s][info][gc] GC(12143) Pause Young (G1 Evacuation Pause) 237M->22M(368M) 1,834ms
[2965,202s][info][gc] GC(12144) Pause Young (G1 Evacuation Pause) 237M->23M(368M) 1,690ms
[2965,435s][info][gc] GC(12145) Pause Young (G1 Evacuation Pause) 237M->22M(368M) 1,591ms
[2965,667s][info][gc] GC(12146) Pause Young (G1 Evacuation Pause) 237M->22M(368M) 1,255ms
[2965,911s][info][gc] GC(12147) Pause Young (G1 Evacuation Pause) 237M->22M(368M) 1,978ms
[2966,143s][info][gc] GC(12148) Pause Young (G1 Evacuation Pause) 237M->22M(368M) 1,202ms
[2966,383s][info][gc] GC(12149) Pause Young (G1 Evacuation Pause) 237M->22M(368M) 4,365ms
[2966,641s][info][gc] GC(12150) Pause Young (G1 Evacuation Pause) 236M->22M(368M) 1,101ms
[2966,886s][info][gc] GC(12151) Pause Young (G1 Evacuation Pause) 237M->21M(368M) 8,075ms
[2967,149s][info][gc] GC(12152) Pause Young (G1 Evacuation Pause) 236M->22M(368M) 1,944ms
[2967,408s][info][gc] GC(12153) Pause Young (G1 Evacuation Pause) 237M->22M(368M) 2,509ms
[2967,662s][info][gc] GC(12154) Pause Young (G1 Evacuation Pause) 237M->23M(368M) 1,523ms
[2967,903s][info][gc] GC(12155) Pause Young (G1 Evacuation Pause) 237M->22M(368M) 2,207ms
[2968,157s][info][gc] GC(12156) Pause Young (G1 Evacuation Pause) 237M->22M(368M) 1,706ms
[2968,394s][info][gc] GC(12157) Pause Young (G1 Evacuation Pause) 237M->22M(368M) 1,283ms
[2968,635s][info][gc] GC(12158) Pause Young (G1 Evacuation Pause) 237M->22M(368M) 1,754ms
[2968,889s][info][gc] GC(12159) Pause Young (G1 Evacuation Pause) 237M->22M(368M) 1,768ms
[2969,140s][info][gc] GC(12160) Pause Young (G1 Evacuation Pause) 237M->23M(368M) 1,580ms
[2969,380s][info][gc] GC(12161) Pause Young (G1 Evacuation Pause) 237M->22M(368M) 3,497ms
[2969,635s][info][gc] GC(12162) Pause Young (G1 Evacuation Pause) 237M->22M(368M) 1,705ms
[2969,889s][info][gc] GC(12163) Pause Young (G1 Evacuation Pause) 237M->22M(368M) 1,735ms
[2970,143s][info][gc] GC(12164) Pause Young (G1 Evacuation Pause) 237M->22M(368M) 1,628ms
[2970,383s][info][gc] GC(12165) Pause Young (G1 Evacuation Pause) 237M->23M(368M) 4,286ms
[2970,653s][info][gc] GC(12166) Pause Young (G1 Evacuation Pause) 237M->22M(368M) 1,473ms
[2970,885s][info][gc] GC(12167) Pause Young (G1 Evacuation Pause) 237M->22M(368M) 1,113ms
[2971,130s][info][gc] GC(12168) Pause Young (G1 Evacuation Pause) 237M->22M(368M) 1,638ms
[2971,362s][info][gc] GC(12169) Pause Young (G1 Evacuation Pause) 237M->22M(368M) 1,262ms
[2971,594s][info][gc] GC(12170) Pause Young (G1 Evacuation Pause) 237M->22M(368M) 1,295ms
[2971,853s][info][gc] GC(12171) Pause Young (G1 Evacuation Pause) 236M->22M(368M) 2,363ms
[2972,091s][info][gc] GC(12172) Pause Young (G1 Evacuation Pause) 237M->22M(368M) 1,348ms
[2972,340s][info][gc] GC(12173) Pause Young (G1 Evacuation Pause) 237M->22M(368M) 1,928ms
[2972,599s][info][gc] GC(12174) Pause Young (G1 Evacuation Pause) 237M->22M(368M) 3,260ms
[2972,856s][info][gc] GC(12175) Pause Young (G1 Evacuation Pause) 237M->22M(368M) 1,873ms
[2973,101s][info][gc] GC(12176) Pause Young (G1 Evacuation Pause) 236M->22M(368M) 1,169ms
[2973,333s][info][gc] GC(12177) Pause Young (G1 Evacuation Pause) 237M->22M(368M) 1,225ms
[2973,597s][info][gc] GC(12178) Pause Young (G1 Evacuation Pause) 237M->22M(368M) 1,912ms
[2973,851s][info][gc] GC(12179) Pause Young (G1 Evacuation Pause) 237M->22M(368M) 1,707ms
[2974,119s][info][gc] GC(12180) Pause Young (G1 Evacuation Pause) 237M->22M(368M) 2,587ms
[2974,382s][info][gc] GC(12181) Pause Young (G1 Evacuation Pause) 236M->22M(368M) 2,324ms
[2974,635s][info][gc] GC(12182) Pause Young (G1 Evacuation Pause) 237M->22M(368M) 1,196ms
[2974,867s][info][gc] GC(12183) Pause Young (G1 Evacuation Pause) 237M->22M(368M) 1,084ms
[2975,100s][info][gc] GC(12184) Pause Young (G1 Evacuation Pause) 237M->22M(368M) 1,821ms
[2975,332s][info][gc] GC(12185) Pause Young (G1 Evacuation Pause) 237M->22M(368M) 1,163ms
[2975,564s][info][gc] GC(12186) Pause Young (G1 Evacuation Pause) 237M->22M(368M) 1,316ms
[2975,816s][info][gc] GC(12187) Pause Young (G1 Evacuation Pause) 236M->22M(368M) 1,664ms
[2976,050s][info][gc] GC(12188) Pause Young (G1 Evacuation Pause) 237M->22M(368M) 1,356ms
[2976,282s][info][gc] GC(12189) Pause Young (G1 Evacuation Pause) 237M->22M(368M) 1,402ms
[2976,540s][info][gc] GC(12190) Pause Young (G1 Evacuation Pause) 237M->22M(368M) 1,829ms
[2976,773s][info][gc] GC(12191) Pause Young (G1 Evacuation Pause) 237M->22M(368M) 1,319ms
[2977,037s][info][gc] GC(12192) Pause Young (G1 Evacuation Pause) 236M->22M(368M) 1,742ms
[2977,286s][info][gc] GC(12193) Pause Young (G1 Evacuation Pause) 237M->22M(368M) 1,436ms
[2977,531s][info][gc] GC(12194) Pause Young (G1 Evacuation Pause) 237M->22M(368M) 1,387ms
[2977,764s][info][gc] GC(12195) Pause Young (G1 Evacuation Pause) 237M->22M(368M) 1,540ms
[2978,017s][info][gc] GC(12196) Pause Young (G1 Evacuation Pause) 237M->22M(368M) 2,013ms
[2978,265s][info][gc] GC(12197) Pause Young (G1 Evacuation Pause) 236M->22M(368M) 1,052ms
[2978,497s][info][gc] GC(12198) Pause Young (G1 Evacuation Pause) 237M->22M(368M) 1,207ms
[2978,730s][info][gc] GC(12199) Pause Young (G1 Evacuation Pause) 237M->22M(368M) 1,678ms
[2978,962s][info][gc] GC(12200) Pause Young (G1 Evacuation Pause) 237M->22M(368M) 1,202ms
[2979,194s][info][gc] GC(12201) Pause Young (G1 Evacuation Pause) 237M->22M(368M) 1,312ms
[2979,427s][info][gc] GC(12202) Pause Young (G1 Evacuation Pause) 237M->23M(368M) 1,453ms
[2979,659s][info][gc] GC(12203) Pause Young (G1 Evacuation Pause) 237M->22M(368M) 1,095ms
[2979,891s][info][gc] GC(12204) Pause Young (G1 Evacuation Pause) 237M->22M(368M) 1,347ms
[2980,126s][info][gc] GC(12205) Pause Young (G1 Evacuation Pause) 237M->22M(368M) 2,713ms
[2980,360s][info][gc] GC(12206) Pause Young (G1 Evacuation Pause) 237M->22M(368M) 2,420ms
[2980,608s][info][gc] GC(12207) Pause Young (G1 Evacuation Pause) 236M->22M(368M) 1,059ms
[2980,840s][info][gc] GC(12208) Pause Young (G1 Evacuation Pause) 237M->22M(368M) 1,274ms
[2981,105s][info][gc] GC(12209) Pause Young (G1 Evacuation Pause) 237M->22M(368M) 2,255ms
[2981,341s][info][gc] GC(12210) Pause Young (G1 Evacuation Pause) 237M->22M(368M) 1,514ms
[2981,593s][info][gc] GC(12211) Pause Young (G1 Evacuation Pause) 237M->22M(368M) 2,591ms
[2981,826s][info][gc] GC(12212) Pause Young (G1 Evacuation Pause) 236M->21M(368M) 1,365ms
[2982,058s][info][gc] GC(12213) Pause Young (G1 Evacuation Pause) 236M->22M(368M) 1,097ms
[2982,290s][info][gc] GC(12214) Pause Young (G1 Evacuation Pause) 237M->22M(368M) 1,292ms
[2982,526s][info][gc] GC(12215) Pause Young (G1 Evacuation Pause) 237M->22M(368M) 1,115ms
[2982,758s][info][gc] GC(12216) Pause Young (G1 Evacuation Pause) 237M->22M(368M) 1,129ms
[2983,005s][info][gc] GC(12217) Pause Young (G1 Evacuation Pause) 237M->22M(368M) 1,927ms
[2983,258s][info][gc] GC(12218) Pause Young (G1 Evacuation Pause) 236M->22M(368M) 1,051ms
[2983,515s][info][gc] GC(12219) Pause Young (G1 Evacuation Pause) 237M->22M(368M) 1,550ms
[2983,748s][info][gc] GC(12220) Pause Young (G1 Evacuation Pause) 237M->22M(368M) 1,606ms
[2983,992s][info][gc] GC(12221) Pause Young (G1 Evacuation Pause) 237M->22M(368M) 1,314ms
[2984,225s][info][gc] GC(12222) Pause Young (G1 Evacuation Pause) 237M->22M(368M) 1,301ms
[2984,474s][info][gc] GC(12223) Pause Young (G1 Evacuation Pause) 237M->22M(368M) 3,601ms
[2984,717s][info][gc] GC(12224) Pause Young (G1 Evacuation Pause) 236M->22M(368M) 2,254ms
[2984,976s][info][gc] GC(12225) Pause Young (G1 Evacuation Pause) 237M->22M(368M) 1,758ms
[2985,230s][info][gc] GC(12226) Pause Young (G1 Evacuation Pause) 237M->22M(368M) 1,892ms
[2985,485s][info][gc] GC(12227) Pause Young (G1 Evacuation Pause) 237M->22M(368M) 1,685ms
[2985,745s][info][gc] GC(12228) Pause Young (G1 Evacuation Pause) 237M->23M(368M) 2,241ms
[2986,013s][info][gc] GC(12229) Pause Young (G1 Evacuation Pause) 237M->22M(368M) 2,447ms
[2986,267s][info][gc] GC(12230) Pause Young (G1 Evacuation Pause) 237M->22M(368M) 1,868ms
[2986,515s][info][gc] GC(12231) Pause Young (G1 Evacuation Pause) 237M->22M(368M) 1,412ms
[2986,747s][info][gc] GC(12232) Pause Young (G1 Evacuation Pause) 237M->22M(368M) 1,163ms
[2987,005s][info][gc] GC(12233) Pause Young (G1 Evacuation Pause) 237M->22M(368M) 1,903ms
[2987,260s][info][gc] GC(12234) Pause Young (G1 Evacuation Pause) 236M->22M(368M) 2,045ms
[2987,521s][info][gc] GC(12235) Pause Young (G1 Evacuation Pause) 237M->22M(368M) 1,611ms
[2987,775s][info][gc] GC(12236) Pause Young (G1 Evacuation Pause) 237M->22M(368M) 1,812ms
[2988,033s][info][gc] GC(12237) Pause Young (G1 Evacuation Pause) 237M->22M(368M) 1,966ms
[2988,282s][info][gc] GC(12238) Pause Young (G1 Evacuation Pause) 237M->22M(368M) 1,451ms
[2988,514s][info][gc] GC(12239) Pause Young (G1 Evacuation Pause) 236M->22M(368M) 1,179ms
[2988,764s][info][gc] GC(12240) Pause Young (G1 Evacuation Pause) 237M->22M(368M) 1,187ms
[2989,015s][info][gc] GC(12241) Pause Young (G1 Evacuation Pause) 237M->22M(368M) 1,789ms
[2989,269s][info][gc] GC(12242) Pause Young (G1 Evacuation Pause) 237M->22M(368M) 1,918ms
[2989,523s][info][gc] GC(12243) Pause Young (G1 Evacuation Pause) 237M->22M(368M) 1,911ms
[2989,781s][info][gc] GC(12244) Pause Young (G1 Evacuation Pause) 237M->23M(368M) 1,920ms
[2990,039s][info][gc] GC(12245) Pause Young (G1 Evacuation Pause) 237M->22M(368M) 1,826ms
[2990,293s][info][gc] GC(12246) Pause Young (G1 Evacuation Pause) 237M->22M(368M) 1,926ms
[2990,542s][info][gc] GC(12247) Pause Young (G1 Evacuation Pause) 237M->22M(368M) 1,259ms
[2990,774s][info][gc] GC(12248) Pause Young (G1 Evacuation Pause) 237M->22M(368M) 1,288ms
[2991,027s][info][gc] GC(12249) Pause Young (G1 Evacuation Pause) 237M->22M(368M) 1,760ms
[2991,260s][info][gc] GC(12250) Pause Young (G1 Evacuation Pause) 236M->22M(368M) 1,550ms
[2991,512s][info][gc] GC(12251) Pause Young (G1 Evacuation Pause) 237M->22M(368M) 1,759ms
[2991,745s][info][gc] GC(12252) Pause Young (G1 Evacuation Pause) 237M->22M(368M) 1,102ms
[2992,008s][info][gc] GC(12253) Pause Young (G1 Evacuation Pause) 237M->22M(368M) 1,715ms
[2992,262s][info][gc] GC(12254) Pause Young (G1 Evacuation Pause) 237M->22M(368M) 1,960ms
[2992,508s][info][gc] GC(12255) Pause Young (G1 Evacuation Pause) 236M->22M(368M) 1,317ms
[2992,741s][info][gc] GC(12256) Pause Young (G1 Evacuation Pause) 237M->22M(368M) 1,114ms
[2992,984s][info][gc] GC(12257) Pause Young (G1 Evacuation Pause) 237M->22M(368M) 1,223ms
[2993,217s][info][gc] GC(12258) Pause Young (G1 Evacuation Pause) 237M->22M(368M) 1,983ms
[2993,465s][info][gc] GC(12259) Pause Young (G1 Evacuation Pause) 237M->22M(368M) 1,817ms
[2993,700s][info][gc] GC(12260) Pause Young (G1 Evacuation Pause) 236M->22M(368M) 1,148ms
[2993,948s][info][gc] GC(12261) Pause Young (G1 Evacuation Pause) 237M->22M(368M) 2,316ms
[2994,207s][info][gc] GC(12262) Pause Young (G1 Evacuation Pause) 237M->22M(368M) 1,764ms
[2994,467s][info][gc] GC(12263) Pause Young (G1 Evacuation Pause) 237M->22M(368M) 1,895ms
[2994,721s][info][gc] GC(12264) Pause Young (G1 Evacuation Pause) 237M->22M(368M) 1,710ms
[2994,972s][info][gc] GC(12265) Pause Young (G1 Evacuation Pause) 237M->22M(368M) 3,335ms
[2995,225s][info][gc] GC(12266) Pause Young (G1 Evacuation Pause) 236M->22M(368M) 1,752ms
[2995,476s][info][gc] GC(12267) Pause Young (G1 Evacuation Pause) 237M->22M(368M) 1,257ms
[2995,723s][info][gc] GC(12268) Pause Young (G1 Evacuation Pause) 237M->22M(368M) 1,800ms
[2995,983s][info][gc] GC(12269) Pause Young (G1 Evacuation Pause) 237M->22M(368M) 1,900ms
[2996,230s][info][gc] GC(12270) Pause Young (G1 Evacuation Pause) 236M->22M(368M) 1,249ms
[2996,486s][info][gc] GC(12271) Pause Young (G1 Evacuation Pause) 237M->22M(368M) 1,703ms
[2996,738s][info][gc] GC(12272) Pause Young (G1 Evacuation Pause) 237M->22M(368M) 1,215ms
[2996,987s][info][gc] GC(12273) Pause Young (G1 Evacuation Pause) 237M->22M(368M) 1,755ms
[2997,241s][info][gc] GC(12274) Pause Young (G1 Evacuation Pause) 237M->22M(368M) 1,840ms
[2997,495s][info][gc] GC(12275) Pause Young (G1 Evacuation Pause) 237M->22M(368M) 1,773ms
[2997,752s][info][gc] GC(12276) Pause Young (G1 Evacuation Pause) 236M->22M(368M) 1,626ms
[2997,984s][info][gc] GC(12277) Pause Young (G1 Evacuation Pause) 237M->22M(368M) 1,255ms
[2998,220s][info][gc] GC(12278) Pause Young (G1 Evacuation Pause) 237M->22M(368M) 2,524ms
[2998,473s][info][gc] GC(12279) Pause Young (G1 Evacuation Pause) 237M->22M(368M) 2,357ms
[2998,715s][info][gc] GC(12280) Pause Young (G1 Evacuation Pause) 237M->22M(368M) 1,215ms
[2998,947s][info][gc] GC(12281) Pause Young (G1 Evacuation Pause) 236M->22M(368M) 1,182ms
[2999,179s][info][gc] GC(12282) Pause Young (G1 Evacuation Pause) 237M->22M(368M) 1,227ms
[2999,424s][info][gc] GC(12283) Pause Young (G1 Evacuation Pause) 237M->22M(368M) 2,431ms
[2999,660s][info][gc] GC(12284) Pause Young (G1 Evacuation Pause) 237M->22M(368M) 1,415ms
[2999,902s][info][gc] GC(12285) Pause Young (G1 Evacuation Pause) 237M->22M(368M) 2,320ms
[3000,150s][info][gc] GC(12286) Pause Young (G1 Evacuation Pause) 237M->23M(368M) 1,270ms
[3000,390s][info][gc] GC(12287) Pause Young (G1 Evacuation Pause) 237M->22M(368M) 3,882ms
[3000,651s][info][gc] GC(12288) Pause Young (G1 Evacuation Pause) 237M->22M(368M) 1,207ms
[3000,883s][info][gc] GC(12289) Pause Young (G1 Evacuation Pause) 237M->22M(368M) 1,224ms
[3001,155s][info][gc] GC(12290) Pause Young (G1 Evacuation Pause) 237M->22M(368M) 2,469ms
[3001,419s][info][gc] GC(12291) Pause Young (G1 Evacuation Pause) 237M->23M(368M) 1,743ms
[3001,672s][info][gc] GC(12292) Pause Young (G1 Evacuation Pause) 237M->22M(368M) 1,469ms
[3001,916s][info][gc] GC(12293) Pause Young (G1 Evacuation Pause) 237M->22M(368M) 1,937ms
[3002,172s][info][gc] GC(12294) Pause Young (G1 Evacuation Pause) 237M->22M(368M) 2,831ms
[3002,417s][info][gc] GC(12295) Pause Young (G1 Evacuation Pause) 237M->22M(368M) 1,835ms
[3002,653s][info][gc] GC(12296) Pause Young (G1 Evacuation Pause) 237M->22M(368M) 1,567ms
[3002,885s][info][gc] GC(12297) Pause Young (G1 Evacuation Pause) 236M->22M(368M) 1,371ms
[3003,118s][info][gc] GC(12298) Pause Young (G1 Evacuation Pause) 237M->22M(368M) 1,072ms
[3003,350s][info][gc] GC(12299) Pause Young (G1 Evacuation Pause) 237M->22M(368M) 1,312ms
[3003,612s][info][gc] GC(12300) Pause Young (G1 Evacuation Pause) 237M->22M(368M) 1,931ms
[3003,870s][info][gc] GC(12301) Pause Young (G1 Evacuation Pause) 237M->22M(368M) 3,802ms
[3004,124s][info][gc] GC(12302) Pause Young (G1 Evacuation Pause) 236M->22M(368M) 1,703ms
[3004,383s][info][gc] GC(12303) Pause Young (G1 Evacuation Pause) 237M->22M(368M) 2,493ms
[3004,631s][info][gc] GC(12304) Pause Young (G1 Evacuation Pause) 237M->22M(368M) 1,207ms
[3004,863s][info][gc] GC(12305) Pause Young (G1 Evacuation Pause) 237M->22M(368M) 1,090ms
[3005,121s][info][gc] GC(12306) Pause Young (G1 Evacuation Pause) 237M->22M(368M) 1,318ms
[3005,354s][info][gc] GC(12307) Pause Young (G1 Evacuation Pause) 236M->21M(368M) 1,875ms
[3005,623s][info][gc] GC(12308) Pause Young (G1 Evacuation Pause) 236M->22M(368M) 1,749ms
[3005,882s][info][gc] GC(12309) Pause Young (G1 Evacuation Pause) 237M->22M(368M) 2,486ms
[3006,136s][info][gc] GC(12310) Pause Young (G1 Evacuation Pause) 237M->22M(368M) 1,735ms
[3006,396s][info][gc] GC(12311) Pause Young (G1 Evacuation Pause) 237M->22M(368M) 2,951ms
[3006,651s][info][gc] GC(12312) Pause Young (G1 Evacuation Pause) 237M->23M(368M) 1,952ms
[3006,896s][info][gc] GC(12313) Pause Young (G1 Evacuation Pause) 237M->22M(368M) 2,263ms
[3007,152s][info][gc] GC(12314) Pause Young (G1 Evacuation Pause) 237M->22M(368M) 1,713ms
[3007,413s][info][gc] GC(12315) Pause Young (G1 Evacuation Pause) 237M->22M(368M) 1,918ms
[3007,667s][info][gc] GC(12316) Pause Young (G1 Evacuation Pause) 237M->22M(368M) 1,922ms
[3007,926s][info][gc] GC(12317) Pause Young (G1 Evacuation Pause) 237M->23M(368M) 1,991ms
[3008,180s][info][gc] GC(12318) Pause Young (G1 Evacuation Pause) 237M->22M(368M) 1,750ms
[3008,415s][info][gc] GC(12319) Pause Young (G1 Evacuation Pause) 237M->22M(368M) 1,228ms
[3008,647s][info][gc] GC(12320) Pause Young (G1 Evacuation Pause) 237M->22M(368M) 1,234ms
[3008,888s][info][gc] GC(12321) Pause Young (G1 Evacuation Pause) 237M->22M(368M) 4,180ms
[3009,151s][info][gc] GC(12322) Pause Young (G1 Evacuation Pause) 237M->22M(368M) 2,592ms
[3009,410s][info][gc] GC(12323) Pause Young (G1 Evacuation Pause) 236M->22M(368M) 2,231ms
[3009,670s][info][gc] GC(12324) Pause Young (G1 Evacuation Pause) 237M->22M(368M) 2,256ms
[3009,917s][info][gc] GC(12325) Pause Young (G1 Evacuation Pause) 237M->22M(368M) 3,490ms
[3010,150s][info][gc] GC(12326) Pause Young (G1 Evacuation Pause) 237M->22M(368M) 1,501ms
[3010,398s][info][gc] GC(12327) Pause Young (G1 Evacuation Pause) 237M->22M(368M) 2,485ms
[3010,649s][info][gc] GC(12328) Pause Young (G1 Evacuation Pause) 236M->22M(368M) 1,033ms
[3010,881s][info][gc] GC(12329) Pause Young (G1 Evacuation Pause) 237M->22M(368M) 1,056ms
[3011,113s][info][gc] GC(12330) Pause Young (G1 Evacuation Pause) 237M->22M(368M) 1,091ms
[3011,345s][info][gc] GC(12331) Pause Young (G1 Evacuation Pause) 237M->22M(368M) 1,219ms
[3011,604s][info][gc] GC(12332) Pause Young (G1 Evacuation Pause) 237M->22M(368M) 1,692ms
[3011,850s][info][gc] GC(12333) Pause Young (G1 Evacuation Pause) 236M->22M(368M) 1,171ms
[3012,126s][info][gc] GC(12334) Pause Young (G1 Evacuation Pause) 237M->22M(368M) 1,672ms
[3012,372s][info][gc] GC(12335) Pause Young (G1 Evacuation Pause) 237M->22M(368M) 3,949ms
[3012,625s][info][gc] GC(12336) Pause Young (G1 Evacuation Pause) 237M->22M(368M) 1,879ms
[3012,857s][info][gc] GC(12337) Pause Young (G1 Evacuation Pause) 237M->22M(368M) 1,243ms
[3013,122s][info][gc] GC(12338) Pause Young (G1 Evacuation Pause) 237M->23M(368M) 1,439ms
[3013,354s][info][gc] GC(12339) Pause Young (G1 Evacuation Pause) 237M->22M(368M) 1,101ms
[3013,617s][info][gc] GC(12340) Pause Young (G1 Evacuation Pause) 237M->22M(368M) 3,170ms
[3013,878s][info][gc] GC(12341) Pause Young (G1 Evacuation Pause) 237M->22M(368M) 4,095ms
[3014,132s][info][gc] GC(12342) Pause Young (G1 Evacuation Pause) 237M->22M(368M) 1,913ms
[3014,370s][info][gc] GC(12343) Pause Young (G1 Evacuation Pause) 237M->22M(368M) 4,008ms
[3014,628s][info][gc] GC(12344) Pause Young (G1 Evacuation Pause) 236M->22M(368M) 1,703ms
[3014,864s][info][gc] GC(12345) Pause Young (G1 Evacuation Pause) 237M->22M(368M) 1,377ms
[3015,098s][info][gc] GC(12346) Pause Young (G1 Evacuation Pause) 237M->22M(368M) 1,505ms
[3015,331s][info][gc] GC(12347) Pause Young (G1 Evacuation Pause) 237M->22M(368M) 1,543ms
[3015,596s][info][gc] GC(12348) Pause Young (G1 Evacuation Pause) 237M->22M(368M) 1,703ms
[3015,850s][info][gc] GC(12349) Pause Young (G1 Evacuation Pause) 236M->22M(368M) 1,821ms
[3016,110s][info][gc] GC(12350) Pause Young (G1 Evacuation Pause) 237M->22M(368M) 1,689ms
[3016,350s][info][gc] GC(12351) Pause Young (G1 Evacuation Pause) 237M->22M(368M) 1,512ms
[3016,604s][info][gc] GC(12352) Pause Young (G1 Evacuation Pause) 237M->22M(368M) 1,261ms
[3016,836s][info][gc] GC(12353) Pause Young (G1 Evacuation Pause) 237M->22M(368M) 1,268ms
[3017,068s][info][gc] GC(12354) Pause Young (G1 Evacuation Pause) 237M->23M(368M) 1,148ms
[3017,328s][info][gc] GC(12355) Pause Young (G1 Evacuation Pause) 237M->22M(368M) 1,759ms
[3017,574s][info][gc] GC(12356) Pause Young (G1 Evacuation Pause) 237M->22M(368M) 1,572ms
[3017,806s][info][gc] GC(12357) Pause Young (G1 Evacuation Pause) 237M->22M(368M) 1,166ms
[3018,067s][info][gc] GC(12358) Pause Young (G1 Evacuation Pause) 237M->22M(368M) 2,079ms
[3018,310s][info][gc] GC(12359) Pause Young (G1 Evacuation Pause) 237M->23M(368M) 1,163ms
[3018,579s][info][gc] GC(12360) Pause Young (G1 Evacuation Pause) 237M->22M(368M) 1,842ms
[3018,833s][info][gc] GC(12361) Pause Young (G1 Evacuation Pause) 237M->22M(368M) 1,705ms
[3019,096s][info][gc] GC(12362) Pause Young (G1 Evacuation Pause) 237M->22M(368M) 1,677ms
[3019,330s][info][gc] GC(12363) Pause Young (G1 Evacuation Pause) 237M->22M(368M) 1,760ms
[3019,585s][info][gc] GC(12364) Pause Young (G1 Evacuation Pause) 237M->22M(368M) 1,865ms
[3019,827s][info][gc] GC(12365) Pause Young (G1 Evacuation Pause) 236M->22M(368M) 1,314ms
[3020,097s][info][gc] GC(12366) Pause Young (G1 Evacuation Pause) 237M->22M(368M) 2,340ms
[3020,334s][info][gc] GC(12367) Pause Young (G1 Evacuation Pause) 237M->22M(368M) 2,506ms
[3020,599s][info][gc] GC(12368) Pause Young (G1 Evacuation Pause) 237M->22M(368M) 3,055ms
[3020,833s][info][gc] GC(12369) Pause Young (G1 Evacuation Pause) 237M->22M(368M) 1,502ms
[3021,089s][info][gc] GC(12370) Pause Young (G1 Evacuation Pause) 236M->22M(368M) 1,648ms
[3021,343s][info][gc] GC(12371) Pause Young (G1 Evacuation Pause) 237M->22M(368M) 1,665ms
[3021,597s][info][gc] GC(12372) Pause Young (G1 Evacuation Pause) 237M->22M(368M) 1,699ms
[3021,830s][info][gc] GC(12373) Pause Young (G1 Evacuation Pause) 237M->22M(368M) 1,129ms
[3022,088s][info][gc] GC(12374) Pause Young (G1 Evacuation Pause) 237M->22M(368M) 1,843ms
[3022,335s][info][gc] GC(12375) Pause Young (G1 Evacuation Pause) 237M->23M(368M) 1,156ms
[3022,603s][info][gc] GC(12376) Pause Young (G1 Evacuation Pause) 237M->22M(368M) 3,957ms
[3022,837s][info][gc] GC(12377) Pause Young (G1 Evacuation Pause) 237M->22M(368M) 1,505ms
[3023,074s][info][gc] GC(12378) Pause Young (G1 Evacuation Pause) 237M->22M(368M) 1,234ms
[3023,306s][info][gc] GC(12379) Pause Young (G1 Evacuation Pause) 237M->22M(368M) 1,281ms
[3023,538s][info][gc] GC(12380) Pause Young (G1 Evacuation Pause) 237M->22M(368M) 1,199ms
[3023,770s][info][gc] GC(12381) Pause Young (G1 Evacuation Pause) 236M->22M(368M) 1,126ms
[3024,002s][info][gc] GC(12382) Pause Young (G1 Evacuation Pause) 237M->22M(368M) 1,123ms
[3024,234s][info][gc] GC(12383) Pause Young (G1 Evacuation Pause) 237M->22M(368M) 1,280ms
[3024,485s][info][gc] GC(12384) Pause Young (G1 Evacuation Pause) 237M->22M(368M) 1,953ms
[3024,726s][info][gc] GC(12385) Pause Young (G1 Evacuation Pause) 237M->22M(368M) 1,275ms
[3024,974s][info][gc] GC(12386) Pause Young (G1 Evacuation Pause) 236M->22M(368M) 1,707ms
[3025,240s][info][gc] GC(12387) Pause Young (G1 Evacuation Pause) 237M->22M(368M) 4,591ms
[3025,509s][info][gc] GC(12388) Pause Young (G1 Evacuation Pause) 237M->22M(368M) 3,229ms
[3025,742s][info][gc] GC(12389) Pause Young (G1 Evacuation Pause) 237M->22M(368M) 1,645ms
[3025,987s][info][gc] GC(12390) Pause Young (G1 Evacuation Pause) 237M->22M(368M) 2,465ms
[3026,220s][info][gc] GC(12391) Pause Young (G1 Evacuation Pause) 236M->21M(368M) 2,059ms
[3026,468s][info][gc] GC(12392) Pause Young (G1 Evacuation Pause) 236M->22M(368M) 1,738ms
[3026,722s][info][gc] GC(12393) Pause Young (G1 Evacuation Pause) 237M->22M(368M) 1,752ms
[3026,976s][info][gc] GC(12394) Pause Young (G1 Evacuation Pause) 237M->22M(368M) 1,921ms
[3027,226s][info][gc] GC(12395) Pause Young (G1 Evacuation Pause) 237M->22M(368M) 1,313ms
[3027,476s][info][gc] GC(12396) Pause Young (G1 Evacuation Pause) 237M->22M(368M) 4,552ms
[3027,709s][info][gc] GC(12397) Pause Young (G1 Evacuation Pause) 236M->22M(368M) 1,213ms
[3027,958s][info][gc] GC(12398) Pause Young (G1 Evacuation Pause) 237M->22M(368M) 3,287ms
[3028,213s][info][gc] GC(12399) Pause Young (G1 Evacuation Pause) 237M->22M(368M) 3,631ms
[3028,459s][info][gc] GC(12400) Pause Young (G1 Evacuation Pause) 237M->22M(368M) 1,785ms
[3028,703s][info][gc] GC(12401) Pause Young (G1 Evacuation Pause) 237M->23M(368M) 1,266ms
[3028,955s][info][gc] GC(12402) Pause Young (G1 Evacuation Pause) 237M->22M(368M) 1,740ms
[3029,209s][info][gc] GC(12403) Pause Young (G1 Evacuation Pause) 237M->22M(368M) 1,766ms
[3029,464s][info][gc] GC(12404) Pause Young (G1 Evacuation Pause) 237M->22M(368M) 1,289ms
[3029,696s][info][gc] GC(12405) Pause Young (G1 Evacuation Pause) 237M->22M(368M) 1,321ms
[3029,945s][info][gc] GC(12406) Pause Young (G1 Evacuation Pause) 237M->23M(368M) 1,961ms
[3030,178s][info][gc] GC(12407) Pause Young (G1 Evacuation Pause) 237M->22M(368M) 1,251ms
[3030,424s][info][gc] GC(12408) Pause Young (G1 Evacuation Pause) 237M->22M(368M) 1,705ms
[3030,675s][info][gc] GC(12409) Pause Young (G1 Evacuation Pause) 237M->22M(368M) 1,385ms
[3030,918s][info][gc] GC(12410) Pause Young (G1 Evacuation Pause) 237M->22M(368M) 1,976ms
[3031,172s][info][gc] GC(12411) Pause Young (G1 Evacuation Pause) 237M->22M(368M) 1,967ms
[3031,430s][info][gc] GC(12412) Pause Young (G1 Evacuation Pause) 237M->23M(368M) 2,416ms
[3031,663s][info][gc] GC(12413) Pause Young (G1 Evacuation Pause) 237M->22M(368M) 1,200ms
[3031,907s][info][gc] GC(12414) Pause Young (G1 Evacuation Pause) 237M->22M(368M) 2,292ms
[3032,142s][info][gc] GC(12415) Pause Young (G1 Evacuation Pause) 237M->22M(368M) 1,361ms
[3032,385s][info][gc] GC(12416) Pause Young (G1 Evacuation Pause) 237M->22M(368M) 5,500ms
[3032,626s][info][gc] GC(12417) Pause Young (G1 Evacuation Pause) 236M->22M(368M) 2,442ms
[3032,859s][info][gc] GC(12418) Pause Young (G1 Evacuation Pause) 237M->22M(368M) 1,390ms
[3033,106s][info][gc] GC(12419) Pause Young (G1 Evacuation Pause) 237M->22M(368M) 1,828ms
[3033,347s][info][gc] GC(12420) Pause Young (G1 Evacuation Pause) 237M->22M(368M) 1,130ms
[3033,607s][info][gc] GC(12421) Pause Young (G1 Evacuation Pause) 237M->22M(368M) 1,772ms
[3033,861s][info][gc] GC(12422) Pause Young (G1 Evacuation Pause) 237M->23M(368M) 1,727ms
[3034,094s][info][gc] GC(12423) Pause Young (G1 Evacuation Pause) 237M->22M(368M) 1,253ms
[3034,326s][info][gc] GC(12424) Pause Young (G1 Evacuation Pause) 237M->22M(368M) 1,217ms
[3034,558s][info][gc] GC(12425) Pause Young (G1 Evacuation Pause) 237M->22M(368M) 1,248ms
[3034,802s][info][gc] GC(12426) Pause Young (G1 Evacuation Pause) 237M->22M(368M) 2,477ms
[3035,035s][info][gc] GC(12427) Pause Young (G1 Evacuation Pause) 236M->22M(368M) 1,181ms
[3035,267s][info][gc] GC(12428) Pause Young (G1 Evacuation Pause) 237M->22M(368M) 1,278ms
[3035,526s][info][gc] GC(12429) Pause Young (G1 Evacuation Pause) 237M->22M(368M) 2,614ms
[3035,783s][info][gc] GC(12430) Pause Young (G1 Evacuation Pause) 237M->22M(368M) 1,940ms
[3036,031s][info][gc] GC(12431) Pause Young (G1 Evacuation Pause) 237M->22M(368M) 1,543ms
[3036,263s][info][gc] GC(12432) Pause Young (G1 Evacuation Pause) 237M->22M(368M) 1,153ms
[3036,524s][info][gc] GC(12433) Pause Young (G1 Evacuation Pause) 236M->22M(368M) 1,539ms
[3036,757s][info][gc] GC(12434) Pause Young (G1 Evacuation Pause) 237M->22M(368M) 1,354ms
[3037,016s][info][gc] GC(12435) Pause Young (G1 Evacuation Pause) 237M->22M(368M) 1,775ms
[3037,249s][info][gc] GC(12436) Pause Young (G1 Evacuation Pause) 237M->22M(368M) 1,097ms
[3037,500s][info][gc] GC(12437) Pause Young (G1 Evacuation Pause) 237M->22M(368M) 1,833ms
[3037,755s][info][gc] GC(12438) Pause Young (G1 Evacuation Pause) 237M->22M(368M) 2,077ms
[3038,013s][info][gc] GC(12439) Pause Young (G1 Evacuation Pause) 236M->22M(368M) 2,275ms
[3038,262s][info][gc] GC(12440) Pause Young (G1 Evacuation Pause) 237M->22M(368M) 1,263ms
[3038,514s][info][gc] GC(12441) Pause Young (G1 Evacuation Pause) 237M->22M(368M) 1,921ms
[3038,768s][info][gc] GC(12442) Pause Young (G1 Evacuation Pause) 237M->22M(368M) 1,705ms
[3039,018s][info][gc] GC(12443) Pause Young (G1 Evacuation Pause) 237M->23M(368M) 1,532ms
[3039,251s][info][gc] GC(12444) Pause Young (G1 Evacuation Pause) 237M->22M(368M) 1,399ms
[3039,503s][info][gc] GC(12445) Pause Young (G1 Evacuation Pause) 237M->22M(368M) 3,296ms
[3039,756s][info][gc] GC(12446) Pause Young (G1 Evacuation Pause) 237M->22M(368M) 1,850ms
[3040,015s][info][gc] GC(12447) Pause Young (G1 Evacuation Pause) 237M->22M(368M) 1,838ms
[3040,256s][info][gc] GC(12448) Pause Young (G1 Evacuation Pause) 237M->23M(368M) 1,300ms
[3040,502s][info][gc] GC(12449) Pause Young (G1 Evacuation Pause) 237M->21M(368M) 2,838ms
[3040,743s][info][gc] GC(12450) Pause Young (G1 Evacuation Pause) 236M->22M(368M) 1,161ms
[3041,003s][info][gc] GC(12451) Pause Young (G1 Evacuation Pause) 237M->22M(368M) 1,387ms
[3041,236s][info][gc] GC(12452) Pause Young (G1 Evacuation Pause) 237M->22M(368M) 1,479ms
[3041,488s][info][gc] GC(12453) Pause Young (G1 Evacuation Pause) 237M->22M(368M) 2,477ms
[3041,742s][info][gc] GC(12454) Pause Young (G1 Evacuation Pause) 236M->22M(368M) 1,850ms
[3042,001s][info][gc] GC(12455) Pause Young (G1 Evacuation Pause) 237M->22M(368M) 1,750ms
[3042,243s][info][gc] GC(12456) Pause Young (G1 Evacuation Pause) 237M->22M(368M) 1,324ms
[3042,494s][info][gc] GC(12457) Pause Young (G1 Evacuation Pause) 237M->22M(368M) 1,686ms
[3042,731s][info][gc] GC(12458) Pause Young (G1 Evacuation Pause) 237M->22M(368M) 1,559ms
[3042,980s][info][gc] GC(12459) Pause Young (G1 Evacuation Pause) 236M->22M(368M) 1,720ms
[3043,229s][info][gc] GC(12460) Pause Young (G1 Evacuation Pause) 237M->21M(368M) 1,963ms
[3043,461s][info][gc] GC(12461) Pause Young (G1 Evacuation Pause) 236M->22M(368M) 1,095ms
[3043,693s][info][gc] GC(12462) Pause Young (G1 Evacuation Pause) 237M->22M(368M) 1,250ms
[3043,926s][info][gc] GC(12463) Pause Young (G1 Evacuation Pause) 237M->22M(368M) 1,292ms
[3044,160s][info][gc] GC(12464) Pause Young (G1 Evacuation Pause) 237M->23M(368M) 1,413ms
[3044,401s][info][gc] GC(12465) Pause Young (G1 Evacuation Pause) 237M->22M(368M) 2,379ms
[3044,634s][info][gc] GC(12466) Pause Young (G1 Evacuation Pause) 237M->22M(368M) 1,157ms
[3044,871s][info][gc] GC(12467) Pause Young (G1 Evacuation Pause) 237M->22M(368M) 3,958ms
[3045,130s][info][gc] GC(12468) Pause Young (G1 Evacuation Pause) 237M->22M(368M) 1,424ms
[3045,363s][info][gc] GC(12469) Pause Young (G1 Evacuation Pause) 236M->22M(368M) 1,452ms
[3045,596s][info][gc] GC(12470) Pause Young (G1 Evacuation Pause) 237M->22M(368M) 1,319ms
[3045,851s][info][gc] GC(12471) Pause Young (G1 Evacuation Pause) 237M->22M(368M) 1,823ms
[3046,097s][info][gc] GC(12472) Pause Young (G1 Evacuation Pause) 237M->22M(368M) 1,172ms
[3046,329s][info][gc] GC(12473) Pause Young (G1 Evacuation Pause) 237M->22M(368M) 1,237ms
[3046,591s][info][gc] GC(12474) Pause Young (G1 Evacuation Pause) 237M->22M(368M) 2,095ms
[3046,847s][info][gc] GC(12475) Pause Young (G1 Evacuation Pause) 236M->22M(368M) 1,708ms
[3047,111s][info][gc] GC(12476) Pause Young (G1 Evacuation Pause) 237M->22M(368M) 1,790ms
[3047,371s][info][gc] GC(12477) Pause Young (G1 Evacuation Pause) 237M->22M(368M) 5,952ms
[3047,603s][info][gc] GC(12478) Pause Young (G1 Evacuation Pause) 237M->22M(368M) 1,099ms
[3047,835s][info][gc] GC(12479) Pause Young (G1 Evacuation Pause) 237M->22M(368M) 1,137ms
[3048,091s][info][gc] GC(12480) Pause Young (G1 Evacuation Pause) 236M->22M(368M) 1,563ms
[3048,335s][info][gc] GC(12481) Pause Young (G1 Evacuation Pause) 237M->22M(368M) 1,113ms
[3048,597s][info][gc] GC(12482) Pause Young (G1 Evacuation Pause) 237M->21M(368M) 2,745ms
[3048,829s][info][gc] GC(12483) Pause Young (G1 Evacuation Pause) 236M->22M(368M) 1,095ms
[3049,087s][info][gc] GC(12484) Pause Young (G1 Evacuation Pause) 237M->22M(368M) 1,833ms
[3049,341s][info][gc] GC(12485) Pause Young (G1 Evacuation Pause) 237M->23M(368M) 1,834ms
[3049,601s][info][gc] GC(12486) Pause Young (G1 Evacuation Pause) 237M->22M(368M) 1,844ms
[3049,861s][info][gc] GC(12487) Pause Young (G1 Evacuation Pause) 237M->22M(368M) 1,632ms
[3050,094s][info][gc] GC(12488) Pause Young (G1 Evacuation Pause) 237M->22M(368M) 1,263ms
[3050,326s][info][gc] GC(12489) Pause Young (G1 Evacuation Pause) 237M->22M(368M) 1,280ms
[3050,558s][info][gc] GC(12490) Pause Young (G1 Evacuation Pause) 236M->21M(368M) 1,070ms
[3050,790s][info][gc] GC(12491) Pause Young (G1 Evacuation Pause) 236M->22M(368M) 1,062ms
[3051,047s][info][gc] GC(12492) Pause Young (G1 Evacuation Pause) 237M->22M(368M) 1,693ms
[3051,287s][info][gc] GC(12493) Pause Young (G1 Evacuation Pause) 237M->22M(368M) 1,453ms
[3051,546s][info][gc] GC(12494) Pause Young (G1 Evacuation Pause) 237M->22M(368M) 1,482ms
[3051,779s][info][gc] GC(12495) Pause Young (G1 Evacuation Pause) 237M->22M(368M) 1,435ms
[3052,037s][info][gc] GC(12496) Pause Young (G1 Evacuation Pause) 236M->22M(368M) 1,579ms
[3052,288s][info][gc] GC(12497) Pause Young (G1 Evacuation Pause) 237M->22M(368M) 1,237ms
[3052,520s][info][gc] GC(12498) Pause Young (G1 Evacuation Pause) 237M->22M(368M) 1,183ms
[3052,753s][info][gc] GC(12499) Pause Young (G1 Evacuation Pause) 237M->22M(368M) 1,980ms
[3052,985s][info][gc] GC(12500) Pause Young (G1 Evacuation Pause) 237M->22M(368M) 1,280ms
[3053,223s][info][gc] GC(12501) Pause Young (G1 Evacuation Pause) 236M->21M(368M) 2,881ms
[3053,456s][info][gc] GC(12502) Pause Young (G1 Evacuation Pause) 236M->22M(368M) 1,175ms
[3053,705s][info][gc] GC(12503) Pause Young (G1 Evacuation Pause) 237M->22M(368M) 4,098ms
[3053,969s][info][gc] GC(12504) Pause Young (G1 Evacuation Pause) 237M->22M(368M) 1,919ms
[3054,223s][info][gc] GC(12505) Pause Young (G1 Evacuation Pause) 237M->22M(368M) 1,828ms
[3054,485s][info][gc] GC(12506) Pause Young (G1 Evacuation Pause) 237M->23M(368M) 1,955ms
[3054,717s][info][gc] GC(12507) Pause Young (G1 Evacuation Pause) 237M->22M(368M) 1,235ms
[3054,969s][info][gc] GC(12508) Pause Young (G1 Evacuation Pause) 237M->22M(368M) 2,200ms
[3055,223s][info][gc] GC(12509) Pause Young (G1 Evacuation Pause) 237M->22M(368M) 1,727ms
[3055,469s][info][gc] GC(12510) Pause Young (G1 Evacuation Pause) 237M->22M(368M) 1,295ms
[3055,701s][info][gc] GC(12511) Pause Young (G1 Evacuation Pause) 237M->23M(368M) 1,266ms
[3055,941s][info][gc] GC(12512) Pause Young (G1 Evacuation Pause) 237M->22M(368M) 1,095ms
[3056,173s][info][gc] GC(12513) Pause Young (G1 Evacuation Pause) 237M->22M(368M) 1,272ms
[3056,405s][info][gc] GC(12514) Pause Young (G1 Evacuation Pause) 237M->22M(368M) 1,132ms
[3056,646s][info][gc] GC(12515) Pause Young (G1 Evacuation Pause) 237M->22M(368M) 1,173ms
[3056,878s][info][gc] GC(12516) Pause Young (G1 Evacuation Pause) 237M->22M(368M) 1,278ms
[3057,140s][info][gc] GC(12517) Pause Young (G1 Evacuation Pause) 236M->22M(368M) 1,844ms
[3057,402s][info][gc] GC(12518) Pause Young (G1 Evacuation Pause) 237M->22M(368M) 4,262ms
[3057,635s][info][gc] GC(12519) Pause Young (G1 Evacuation Pause) 237M->22M(368M) 1,295ms
[3057,873s][info][gc] GC(12520) Pause Young (G1 Evacuation Pause) 237M->22M(368M) 4,121ms
[3058,124s][info][gc] GC(12521) Pause Young (G1 Evacuation Pause) 237M->22M(368M) 1,313ms
[3058,356s][info][gc] GC(12522) Pause Young (G1 Evacuation Pause) 237M->23M(368M) 1,247ms
[3058,615s][info][gc] GC(12523) Pause Young (G1 Evacuation Pause) 237M->22M(368M) 1,686ms
[3058,872s][info][gc] GC(12524) Pause Young (G1 Evacuation Pause) 237M->22M(368M) 3,149ms
[3059,115s][info][gc] GC(12525) Pause Young (G1 Evacuation Pause) 237M->22M(368M) 1,222ms
[3059,347s][info][gc] GC(12526) Pause Young (G1 Evacuation Pause) 237M->22M(368M) 1,134ms
[3059,579s][info][gc] GC(12527) Pause Young (G1 Evacuation Pause) 236M->22M(368M) 1,076ms
[3059,811s][info][gc] GC(12528) Pause Young (G1 Evacuation Pause) 237M->22M(368M) 1,324ms
[3060,043s][info][gc] GC(12529) Pause Young (G1 Evacuation Pause) 237M->22M(368M) 1,319ms
[3060,277s][info][gc] GC(12530) Pause Young (G1 Evacuation Pause) 237M->22M(368M) 1,464ms
[3060,524s][info][gc] GC(12531) Pause Young (G1 Evacuation Pause) 237M->22M(368M) 1,442ms
[3060,763s][info][gc] GC(12532) Pause Young (G1 Evacuation Pause) 237M->23M(368M) 1,348ms
[3061,014s][info][gc] GC(12533) Pause Young (G1 Evacuation Pause) 237M->22M(368M) 1,819ms
[3061,271s][info][gc] GC(12534) Pause Young (G1 Evacuation Pause) 237M->22M(368M) 1,173ms
[3061,515s][info][gc] GC(12535) Pause Young (G1 Evacuation Pause) 237M->22M(368M) 1,598ms
[3061,756s][info][gc] GC(12536) Pause Young (G1 Evacuation Pause) 237M->22M(368M) 3,895ms
[3062,018s][info][gc] GC(12537) Pause Young (G1 Evacuation Pause) 237M->22M(368M) 2,407ms
[3062,275s][info][gc] GC(12538) Pause Young (G1 Evacuation Pause) 236M->22M(368M) 1,174ms
[3062,507s][info][gc] GC(12539) Pause Young (G1 Evacuation Pause) 237M->22M(368M) 1,204ms
[3062,739s][info][gc] GC(12540) Pause Young (G1 Evacuation Pause) 237M->22M(368M) 1,262ms
[3062,988s][info][gc] GC(12541) Pause Young (G1 Evacuation Pause) 237M->22M(368M) 2,739ms
[3063,226s][info][gc] GC(12542) Pause Young (G1 Evacuation Pause) 237M->22M(368M) 5,588ms
[3063,458s][info][gc] GC(12543) Pause Young (G1 Evacuation Pause) 236M->22M(368M) 1,106ms
[3063,690s][info][gc] GC(12544) Pause Young (G1 Evacuation Pause) 237M->22M(368M) 1,335ms
[3063,942s][info][gc] GC(12545) Pause Young (G1 Evacuation Pause) 237M->22M(368M) 2,345ms
[3064,191s][info][gc] GC(12546) Pause Young (G1 Evacuation Pause) 237M->22M(368M) 1,160ms
[3064,438s][info][gc] GC(12547) Pause Young (G1 Evacuation Pause) 237M->22M(368M) 1,853ms
[3064,681s][info][gc] GC(12548) Pause Young (G1 Evacuation Pause) 236M->22M(368M) 1,180ms
[3064,913s][info][gc] GC(12549) Pause Young (G1 Evacuation Pause) 237M->22M(368M) 1,062ms
[3065,145s][info][gc] GC(12550) Pause Young (G1 Evacuation Pause) 237M->22M(368M) 1,276ms
[3065,408s][info][gc] GC(12551) Pause Young (G1 Evacuation Pause) 237M->22M(368M) 1,775ms
[3065,662s][info][gc] GC(12552) Pause Young (G1 Evacuation Pause) 237M->22M(368M) 1,768ms
[3065,906s][info][gc] GC(12553) Pause Young (G1 Evacuation Pause) 236M->22M(368M) 1,550ms
[3066,167s][info][gc] GC(12554) Pause Young (G1 Evacuation Pause) 237M->22M(368M) 1,223ms
[3066,410s][info][gc] GC(12555) Pause Young (G1 Evacuation Pause) 237M->22M(368M) 2,411ms
[3066,664s][info][gc] GC(12556) Pause Young (G1 Evacuation Pause) 237M->22M(368M) 1,958ms
[3066,918s][info][gc] GC(12557) Pause Young (G1 Evacuation Pause) 237M->22M(368M) 1,835ms
[3067,152s][info][gc] GC(12558) Pause Young (G1 Evacuation Pause) 237M->23M(368M) 1,339ms
[3067,394s][info][gc] GC(12559) Pause Young (G1 Evacuation Pause) 237M->22M(368M) 2,291ms
[3067,648s][info][gc] GC(12560) Pause Young (G1 Evacuation Pause) 237M->22M(368M) 1,630ms
[3067,880s][info][gc] GC(12561) Pause Young (G1 Evacuation Pause) 237M->22M(368M) 1,248ms
[3068,139s][info][gc] GC(12562) Pause Young (G1 Evacuation Pause) 237M->22M(368M) 1,781ms
[3068,377s][info][gc] GC(12563) Pause Young (G1 Evacuation Pause) 237M->22M(368M) 1,245ms
[3068,638s][info][gc] GC(12564) Pause Young (G1 Evacuation Pause) 236M->22M(368M) 1,118ms
[3068,872s][info][gc] GC(12565) Pause Young (G1 Evacuation Pause) 237M->22M(368M) 1,230ms
[3069,104s][info][gc] GC(12566) Pause Young (G1 Evacuation Pause) 237M->22M(368M) 1,097ms
[3069,337s][info][gc] GC(12567) Pause Young (G1 Evacuation Pause) 237M->22M(368M) 1,860ms
[3069,593s][info][gc] GC(12568) Pause Young (G1 Evacuation Pause) 237M->22M(368M) 1,751ms
[3069,847s][info][gc] GC(12569) Pause Young (G1 Evacuation Pause) 236M->22M(368M) 1,705ms
[3070,106s][info][gc] GC(12570) Pause Young (G1 Evacuation Pause) 237M->22M(368M) 1,226ms
[3070,338s][info][gc] GC(12571) Pause Young (G1 Evacuation Pause) 237M->22M(368M) 1,225ms
[3070,603s][info][gc] GC(12572) Pause Young (G1 Evacuation Pause) 237M->22M(368M) 4,858ms
[3070,836s][info][gc] GC(12573) Pause Young (G1 Evacuation Pause) 237M->22M(368M) 1,374ms
[3071,096s][info][gc] GC(12574) Pause Young (G1 Evacuation Pause) 237M->23M(368M) 1,871ms
[3071,350s][info][gc] GC(12575) Pause Young (G1 Evacuation Pause) 237M->22M(368M) 1,882ms
[3071,592s][info][gc] GC(12576) Pause Young (G1 Evacuation Pause) 237M->22M(368M) 1,253ms
[3071,846s][info][gc] GC(12577) Pause Young (G1 Evacuation Pause) 237M->22M(368M) 1,815ms
[3072,100s][info][gc] GC(12578) Pause Young (G1 Evacuation Pause) 237M->22M(368M) 1,857ms
[3072,344s][info][gc] GC(12579) Pause Young (G1 Evacuation Pause) 237M->22M(368M) 2,248ms
[3072,591s][info][gc] GC(12580) Pause Young (G1 Evacuation Pause) 236M->22M(368M) 2,221ms
[3072,858s][info][gc] GC(12581) Pause Young (G1 Evacuation Pause) 237M->22M(368M) 1,368ms
[3073,091s][info][gc] GC(12582) Pause Young (G1 Evacuation Pause) 237M->22M(368M) 1,364ms
[3073,324s][info][gc] GC(12583) Pause Young (G1 Evacuation Pause) 237M->22M(368M) 1,306ms
[3073,557s][info][gc] GC(12584) Pause Young (G1 Evacuation Pause) 237M->22M(368M) 1,500ms
[3073,789s][info][gc] GC(12585) Pause Young (G1 Evacuation Pause) 236M->22M(368M) 1,205ms
[3074,046s][info][gc] GC(12586) Pause Young (G1 Evacuation Pause) 237M->22M(368M) 1,863ms
[3074,279s][info][gc] GC(12587) Pause Young (G1 Evacuation Pause) 237M->22M(368M) 1,191ms
[3074,540s][info][gc] GC(12588) Pause Young (G1 Evacuation Pause) 237M->22M(368M) 1,740ms
[3074,772s][info][gc] GC(12589) Pause Young (G1 Evacuation Pause) 237M->22M(368M) 1,320ms
[3075,005s][info][gc] GC(12590) Pause Young (G1 Evacuation Pause) 236M->21M(368M) 1,867ms
[3075,237s][info][gc] GC(12591) Pause Young (G1 Evacuation Pause) 236M->22M(368M) 1,214ms
[3075,488s][info][gc] GC(12592) Pause Young (G1 Evacuation Pause) 237M->22M(368M) 2,452ms
[3075,736s][info][gc] GC(12593) Pause Young (G1 Evacuation Pause) 237M->22M(368M) 1,896ms
[3075,988s][info][gc] GC(12594) Pause Young (G1 Evacuation Pause) 237M->22M(368M) 1,422ms
[3076,221s][info][gc] GC(12595) Pause Young (G1 Evacuation Pause) 237M->23M(368M) 1,470ms
[3076,469s][info][gc] GC(12596) Pause Young (G1 Evacuation Pause) 237M->22M(368M) 2,311ms
[3076,709s][info][gc] GC(12597) Pause Young (G1 Evacuation Pause) 237M->22M(368M) 1,188ms
[3076,959s][info][gc] GC(12598) Pause Young (G1 Evacuation Pause) 237M->22M(368M) 1,796ms
[3077,214s][info][gc] GC(12599) Pause Young (G1 Evacuation Pause) 237M->22M(368M) 2,011ms
[3077,473s][info][gc] GC(12600) Pause Young (G1 Evacuation Pause) 237M->22M(368M) 1,919ms
[3077,727s][info][gc] GC(12601) Pause Young (G1 Evacuation Pause) 236M->22M(368M) 1,764ms
[3077,984s][info][gc] GC(12602) Pause Young (G1 Evacuation Pause) 237M->22M(368M) 1,644ms
[3078,221s][info][gc] GC(12603) Pause Young (G1 Evacuation Pause) 237M->22M(368M) 5,556ms
[3078,469s][info][gc] GC(12604) Pause Young (G1 Evacuation Pause) 237M->22M(368M) 1,927ms
[3078,718s][info][gc] GC(12605) Pause Young (G1 Evacuation Pause) 237M->23M(368M) 1,485ms
[3078,966s][info][gc] GC(12606) Pause Young (G1 Evacuation Pause) 237M->21M(368M) 2,911ms
[3079,220s][info][gc] GC(12607) Pause Young (G1 Evacuation Pause) 236M->22M(368M) 1,920ms
[3079,486s][info][gc] GC(12608) Pause Young (G1 Evacuation Pause) 237M->22M(368M) 1,987ms
[3079,740s][info][gc] GC(12609) Pause Young (G1 Evacuation Pause) 237M->22M(368M) 1,909ms
[3080,001s][info][gc] GC(12610) Pause Young (G1 Evacuation Pause) 237M->22M(368M) 2,357ms
[3080,250s][info][gc] GC(12611) Pause Young (G1 Evacuation Pause) 236M->22M(368M) 1,552ms
[3080,504s][info][gc] GC(12612) Pause Young (G1 Evacuation Pause) 237M->22M(368M) 1,600ms
[3080,741s][info][gc] GC(12613) Pause Young (G1 Evacuation Pause) 237M->22M(368M) 1,141ms
[3080,987s][info][gc] GC(12614) Pause Young (G1 Evacuation Pause) 237M->22M(368M) 1,397ms
[3081,220s][info][gc] GC(12615) Pause Young (G1 Evacuation Pause) 237M->22M(368M) 1,419ms
[3081,469s][info][gc] GC(12616) Pause Young (G1 Evacuation Pause) 237M->23M(368M) 1,573ms
[3081,701s][info][gc] GC(12617) Pause Young (G1 Evacuation Pause) 237M->22M(368M) 1,067ms
[3081,949s][info][gc] GC(12618) Pause Young (G1 Evacuation Pause) 237M->22M(368M) 2,375ms
[3082,182s][info][gc] GC(12619) Pause Young (G1 Evacuation Pause) 237M->22M(368M) 1,154ms
[3082,414s][info][gc] GC(12620) Pause Young (G1 Evacuation Pause) 237M->22M(368M) 1,123ms
[3082,646s][info][gc] GC(12621) Pause Young (G1 Evacuation Pause) 236M->22M(368M) 1,053ms
[3082,894s][info][gc] GC(12622) Pause Young (G1 Evacuation Pause) 237M->21M(368M) 3,846ms
[3083,147s][info][gc] GC(12623) Pause Young (G1 Evacuation Pause) 236M->22M(368M) 1,783ms
[3083,387s][info][gc] GC(12624) Pause Young (G1 Evacuation Pause) 237M->22M(368M) 1,274ms
[3083,620s][info][gc] GC(12625) Pause Young (G1 Evacuation Pause) 237M->22M(368M) 1,209ms
[3083,855s][info][gc] GC(12626) Pause Young (G1 Evacuation Pause) 237M->22M(368M) 3,592ms
[3084,109s][info][gc] GC(12627) Pause Young (G1 Evacuation Pause) 236M->22M(368M) 1,465ms
[3084,342s][info][gc] GC(12628) Pause Young (G1 Evacuation Pause) 237M->22M(368M) 1,392ms
[3084,575s][info][gc] GC(12629) Pause Young (G1 Evacuation Pause) 237M->22M(368M) 1,465ms
[3084,810s][info][gc] GC(12630) Pause Young (G1 Evacuation Pause) 237M->22M(368M) 1,122ms
[3085,074s][info][gc] GC(12631) Pause Young (G1 Evacuation Pause) 237M->22M(368M) 2,454ms
[3085,328s][info][gc] GC(12632) Pause Young (G1 Evacuation Pause) 237M->23M(368M) 1,904ms
[3085,594s][info][gc] GC(12633) Pause Young (G1 Evacuation Pause) 237M->22M(368M) 1,801ms
[3085,832s][info][gc] GC(12634) Pause Young (G1 Evacuation Pause) 237M->22M(368M) 1,602ms
[3086,090s][info][gc] GC(12635) Pause Young (G1 Evacuation Pause) 237M->22M(368M) 1,792ms
[3086,323s][info][gc] GC(12636) Pause Young (G1 Evacuation Pause) 237M->22M(368M) 1,201ms
[3086,573s][info][gc] GC(12637) Pause Young (G1 Evacuation Pause) 237M->23M(368M) 1,537ms
[3086,833s][info][gc] GC(12638) Pause Young (G1 Evacuation Pause) 237M->22M(368M) 2,374ms
[3087,091s][info][gc] GC(12639) Pause Young (G1 Evacuation Pause) 237M->22M(368M) 1,696ms
[3087,345s][info][gc] GC(12640) Pause Young (G1 Evacuation Pause) 237M->22M(368M) 1,728ms
[3087,599s][info][gc] GC(12641) Pause Young (G1 Evacuation Pause) 237M->22M(368M) 1,856ms
[3087,837s][info][gc] GC(12642) Pause Young (G1 Evacuation Pause) 237M->22M(368M) 1,456ms
[3088,083s][info][gc] GC(12643) Pause Young (G1 Evacuation Pause) 236M->22M(368M) 1,053ms
[3088,331s][info][gc] GC(12644) Pause Young (G1 Evacuation Pause) 237M->22M(368M) 1,188ms
[3088,588s][info][gc] GC(12645) Pause Young (G1 Evacuation Pause) 237M->22M(368M) 1,462ms
[3088,820s][info][gc] GC(12646) Pause Young (G1 Evacuation Pause) 237M->22M(368M) 1,128ms
[3089,076s][info][gc] GC(12647) Pause Young (G1 Evacuation Pause) 237M->22M(368M) 1,868ms
[3089,308s][info][gc] GC(12648) Pause Young (G1 Evacuation Pause) 236M->22M(368M) 1,264ms
[3089,568s][info][gc] GC(12649) Pause Young (G1 Evacuation Pause) 237M->22M(368M) 1,858ms
[3089,822s][info][gc] GC(12650) Pause Young (G1 Evacuation Pause) 237M->22M(368M) 1,868ms
[3090,079s][info][gc] GC(12651) Pause Young (G1 Evacuation Pause) 237M->22M(368M) 1,731ms
[3090,316s][info][gc] GC(12652) Pause Young (G1 Evacuation Pause) 237M->22M(368M) 1,230ms
[3090,548s][info][gc] GC(12653) Pause Young (G1 Evacuation Pause) 236M->22M(368M) 1,231ms
[3090,780s][info][gc] GC(12654) Pause Young (G1 Evacuation Pause) 237M->22M(368M) 1,229ms
[3091,032s][info][gc] GC(12655) Pause Young (G1 Evacuation Pause) 237M->22M(368M) 1,662ms
[3091,266s][info][gc] GC(12656) Pause Young (G1 Evacuation Pause) 237M->22M(368M) 1,539ms
[3091,515s][info][gc] GC(12657) Pause Young (G1 Evacuation Pause) 237M->22M(368M) 1,435ms
[3091,748s][info][gc] GC(12658) Pause Young (G1 Evacuation Pause) 237M->23M(368M) 1,453ms
[3091,980s][info][gc] GC(12659) Pause Young (G1 Evacuation Pause) 237M->22M(368M) 1,266ms
[3092,213s][info][gc] GC(12660) Pause Young (G1 Evacuation Pause) 237M->22M(368M) 1,270ms
[3092,459s][info][gc] GC(12661) Pause Young (G1 Evacuation Pause) 237M->22M(368M) 1,712ms
[3092,701s][info][gc] GC(12662) Pause Young (G1 Evacuation Pause) 237M->22M(368M) 1,255ms
[3092,937s][info][gc] GC(12663) Pause Young (G1 Evacuation Pause) 237M->23M(368M) 1,268ms
[3093,175s][info][gc] GC(12664) Pause Young (G1 Evacuation Pause) 237M->22M(368M) 6,605ms
[3093,420s][info][gc] GC(12665) Pause Young (G1 Evacuation Pause) 237M->22M(368M) 2,284ms
[3093,679s][info][gc] GC(12666) Pause Young (G1 Evacuation Pause) 237M->22M(368M) 1,955ms
[3093,933s][info][gc] GC(12667) Pause Young (G1 Evacuation Pause) 237M->22M(368M) 1,841ms
[3094,187s][info][gc] GC(12668) Pause Young (G1 Evacuation Pause) 237M->22M(368M) 1,920ms
[3094,449s][info][gc] GC(12669) Pause Young (G1 Evacuation Pause) 236M->22M(368M) 2,049ms
[3094,681s][info][gc] GC(12670) Pause Young (G1 Evacuation Pause) 237M->22M(368M) 1,223ms
[3094,931s][info][gc] GC(12671) Pause Young (G1 Evacuation Pause) 237M->22M(368M) 2,412ms
[3095,185s][info][gc] GC(12672) Pause Young (G1 Evacuation Pause) 237M->22M(368M) 1,664ms
[3095,444s][info][gc] GC(12673) Pause Young (G1 Evacuation Pause) 237M->22M(368M) 1,929ms
[3095,677s][info][gc] GC(12674) Pause Young (G1 Evacuation Pause) 236M->22M(368M) 1,102ms
[3095,921s][info][gc] GC(12675) Pause Young (G1 Evacuation Pause) 237M->22M(368M) 1,615ms
[3096,154s][info][gc] GC(12676) Pause Young (G1 Evacuation Pause) 237M->22M(368M) 1,409ms
[3096,396s][info][gc] GC(12677) Pause Young (G1 Evacuation Pause) 237M->22M(368M) 2,327ms
[3096,644s][info][gc] GC(12678) Pause Young (G1 Evacuation Pause) 237M->22M(368M) 3,092ms
[3096,876s][info][gc] GC(12679) Pause Young (G1 Evacuation Pause) 236M->22M(368M) 1,024ms
[3097,108s][info][gc] GC(12680) Pause Young (G1 Evacuation Pause) 237M->22M(368M) 1,076ms
[3097,372s][info][gc] GC(12681) Pause Young (G1 Evacuation Pause) 237M->22M(368M) 4,020ms
[3097,627s][info][gc] GC(12682) Pause Young (G1 Evacuation Pause) 237M->22M(368M) 1,653ms
[3097,894s][info][gc] GC(12683) Pause Young (G1 Evacuation Pause) 237M->22M(368M) 2,147ms
[3098,148s][info][gc] GC(12684) Pause Young (G1 Evacuation Pause) 237M->23M(368M) 1,801ms
[3098,395s][info][gc] GC(12685) Pause Young (G1 Evacuation Pause) 237M->22M(368M) 1,788ms
[3098,637s][info][gc] GC(12686) Pause Young (G1 Evacuation Pause) 237M->22M(368M) 3,917ms
[3098,891s][info][gc] GC(12687) Pause Young (G1 Evacuation Pause) 237M->22M(368M) 1,823ms
[3099,124s][info][gc] GC(12688) Pause Young (G1 Evacuation Pause) 237M->22M(368M) 1,356ms
[3099,357s][info][gc] GC(12689) Pause Young (G1 Evacuation Pause) 237M->22M(368M) 1,262ms
[3099,612s][info][gc] GC(12690) Pause Young (G1 Evacuation Pause) 236M->22M(368M) 1,219ms
[3099,844s][info][gc] GC(12691) Pause Young (G1 Evacuation Pause) 237M->22M(368M) 1,132ms
[3100,105s][info][gc] GC(12692) Pause Young (G1 Evacuation Pause) 237M->22M(368M) 1,651ms
[3100,349s][info][gc] GC(12693) Pause Young (G1 Evacuation Pause) 237M->22M(368M) 1,274ms
[3100,610s][info][gc] GC(12694) Pause Young (G1 Evacuation Pause) 237M->22M(368M) 1,277ms
[3100,842s][info][gc] GC(12695) Pause Young (G1 Evacuation Pause) 236M->22M(368M) 1,202ms
[3101,108s][info][gc] GC(12696) Pause Young (G1 Evacuation Pause) 237M->22M(368M) 1,758ms
[3101,371s][info][gc] GC(12697) Pause Young (G1 Evacuation Pause) 237M->22M(368M) 3,934ms
[3101,624s][info][gc] GC(12698) Pause Young (G1 Evacuation Pause) 237M->22M(368M) 3,599ms
[3101,888s][info][gc] GC(12699) Pause Young (G1 Evacuation Pause) 237M->22M(368M) 3,966ms
[3102,145s][info][gc] GC(12700) Pause Young (G1 Evacuation Pause) 237M->22M(368M) 3,471ms
[3102,396s][info][gc] GC(12701) Pause Young (G1 Evacuation Pause) 236M->22M(368M) 1,688ms
[3102,628s][info][gc] GC(12702) Pause Young (G1 Evacuation Pause) 237M->22M(368M) 1,185ms
[3102,865s][info][gc] GC(12703) Pause Young (G1 Evacuation Pause) 237M->22M(368M) 4,152ms
[3103,129s][info][gc] GC(12704) Pause Young (G1 Evacuation Pause) 237M->22M(368M) 1,919ms
[3103,371s][info][gc] GC(12705) Pause Young (G1 Evacuation Pause) 237M->23M(368M) 1,337ms
[3103,603s][info][gc] GC(12706) Pause Young (G1 Evacuation Pause) 237M->22M(368M) 1,298ms
[3103,837s][info][gc] GC(12707) Pause Young (G1 Evacuation Pause) 237M->22M(368M) 1,552ms
[3104,100s][info][gc] GC(12708) Pause Young (G1 Evacuation Pause) 237M->22M(368M) 1,763ms
[3104,354s][info][gc] GC(12709) Pause Young (G1 Evacuation Pause) 237M->22M(368M) 1,712ms
[3104,610s][info][gc] GC(12710) Pause Young (G1 Evacuation Pause) 237M->22M(368M) 6,725ms
[3104,842s][info][gc] GC(12711) Pause Young (G1 Evacuation Pause) 236M->22M(368M) 1,267ms
[3105,074s][info][gc] GC(12712) Pause Young (G1 Evacuation Pause) 237M->22M(368M) 1,193ms
[3105,306s][info][gc] GC(12713) Pause Young (G1 Evacuation Pause) 237M->22M(368M) 1,271ms
[3105,573s][info][gc] GC(12714) Pause Young (G1 Evacuation Pause) 237M->22M(368M) 2,362ms
[3105,829s][info][gc] GC(12715) Pause Young (G1 Evacuation Pause) 237M->22M(368M) 1,934ms
[3106,093s][info][gc] GC(12716) Pause Young (G1 Evacuation Pause) 236M->22M(368M) 1,585ms
[3106,347s][info][gc] GC(12717) Pause Young (G1 Evacuation Pause) 237M->22M(368M) 1,784ms
[3106,609s][info][gc] GC(12718) Pause Young (G1 Evacuation Pause) 237M->22M(368M) 1,679ms
[3106,851s][info][gc] GC(12719) Pause Young (G1 Evacuation Pause) 237M->22M(368M) 1,178ms
[3107,119s][info][gc] GC(12720) Pause Young (G1 Evacuation Pause) 237M->22M(368M) 1,929ms
[3107,378s][info][gc] GC(12721) Pause Young (G1 Evacuation Pause) 236M->22M(368M) 3,541ms
[3107,632s][info][gc] GC(12722) Pause Young (G1 Evacuation Pause) 237M->22M(368M) 1,636ms
[3107,890s][info][gc] GC(12723) Pause Young (G1 Evacuation Pause) 237M->22M(368M) 2,487ms
[3108,144s][info][gc] GC(12724) Pause Young (G1 Evacuation Pause) 237M->22M(368M) 1,728ms
[3108,400s][info][gc] GC(12725) Pause Young (G1 Evacuation Pause) 237M->22M(368M) 2,624ms
[3108,633s][info][gc] GC(12726) Pause Young (G1 Evacuation Pause) 237M->23M(368M) 1,298ms
[3108,890s][info][gc] GC(12727) Pause Young (G1 Evacuation Pause) 237M->22M(368M) 2,342ms
[3109,125s][info][gc] GC(12728) Pause Young (G1 Evacuation Pause) 237M->22M(368M) 1,449ms
[3109,358s][info][gc] GC(12729) Pause Young (G1 Evacuation Pause) 237M->22M(368M) 1,402ms
[3109,625s][info][gc] GC(12730) Pause Young (G1 Evacuation Pause) 237M->22M(368M) 1,696ms
[3109,873s][info][gc] GC(12731) Pause Young (G1 Evacuation Pause) 236M->22M(368M) 3,989ms
[3110,131s][info][gc] GC(12732) Pause Young (G1 Evacuation Pause) 237M->22M(368M) 1,752ms
[3110,364s][info][gc] GC(12733) Pause Young (G1 Evacuation Pause) 237M->22M(368M) 1,328ms
[3110,598s][info][gc] GC(12734) Pause Young (G1 Evacuation Pause) 237M->22M(368M) 1,405ms
[3110,830s][info][gc] GC(12735) Pause Young (G1 Evacuation Pause) 237M->22M(368M) 1,282ms
[3111,087s][info][gc] GC(12736) Pause Young (G1 Evacuation Pause) 237M->22M(368M) 1,935ms
[3111,333s][info][gc] GC(12737) Pause Young (G1 Evacuation Pause) 236M->22M(368M) 1,447ms
[3111,566s][info][gc] GC(12738) Pause Young (G1 Evacuation Pause) 237M->22M(368M) 1,367ms
[3111,799s][info][gc] GC(12739) Pause Young (G1 Evacuation Pause) 237M->22M(368M) 1,509ms
[3112,048s][info][gc] GC(12740) Pause Young (G1 Evacuation Pause) 237M->22M(368M) 1,404ms
[3112,280s][info][gc] GC(12741) Pause Young (G1 Evacuation Pause) 237M->22M(368M) 1,304ms
[3112,512s][info][gc] GC(12742) Pause Young (G1 Evacuation Pause) 236M->22M(368M) 1,244ms
[3112,745s][info][gc] GC(12743) Pause Young (G1 Evacuation Pause) 237M->22M(368M) 1,040ms
[3112,977s][info][gc] GC(12744) Pause Young (G1 Evacuation Pause) 237M->22M(368M) 1,199ms
[3113,210s][info][gc] GC(12745) Pause Young (G1 Evacuation Pause) 237M->22M(368M) 1,927ms
[3113,460s][info][gc] GC(12746) Pause Young (G1 Evacuation Pause) 237M->22M(368M) 1,835ms
[3113,694s][info][gc] GC(12747) Pause Young (G1 Evacuation Pause) 237M->23M(368M) 1,620ms
[3113,939s][info][gc] GC(12748) Pause Young (G1 Evacuation Pause) 237M->22M(368M) 2,314ms
[3114,182s][info][gc] GC(12749) Pause Young (G1 Evacuation Pause) 237M->22M(368M) 1,255ms
[3114,427s][info][gc] GC(12750) Pause Young (G1 Evacuation Pause) 237M->22M(368M) 1,903ms
[3114,678s][info][gc] GC(12751) Pause Young (G1 Evacuation Pause) 237M->22M(368M) 1,415ms
[3114,923s][info][gc] GC(12752) Pause Young (G1 Evacuation Pause) 237M->23M(368M) 1,717ms
[3115,158s][info][gc] GC(12753) Pause Young (G1 Evacuation Pause) 237M->22M(368M) 1,575ms
[3115,402s][info][gc] GC(12754) Pause Young (G1 Evacuation Pause) 237M->22M(368M) 4,029ms
[3115,638s][info][gc] GC(12755) Pause Young (G1 Evacuation Pause) 237M->22M(368M) 1,459ms
[3115,875s][info][gc] GC(12756) Pause Young (G1 Evacuation Pause) 237M->22M(368M) 3,953ms
[3116,158s][info][gc] GC(12757) Pause Young (G1 Evacuation Pause) 237M->22M(368M) 2,607ms
[3116,429s][info][gc] GC(12758) Pause Young (G1 Evacuation Pause) 236M->22M(368M) 1,783ms
[3116,672s][info][gc] GC(12759) Pause Young (G1 Evacuation Pause) 237M->22M(368M) 1,172ms
[3116,921s][info][gc] GC(12760) Pause Young (G1 Evacuation Pause) 237M->22M(368M) 4,134ms
[3117,174s][info][gc] GC(12761) Pause Young (G1 Evacuation Pause) 237M->22M(368M) 1,110ms
[3117,406s][info][gc] GC(12762) Pause Young (G1 Evacuation Pause) 237M->22M(368M) 1,330ms
[3117,638s][info][gc] GC(12763) Pause Young (G1 Evacuation Pause) 236M->22M(368M) 1,196ms
[3117,905s][info][gc] GC(12764) Pause Young (G1 Evacuation Pause) 237M->22M(368M) 2,357ms
[3118,160s][info][gc] GC(12765) Pause Young (G1 Evacuation Pause) 237M->22M(368M) 1,781ms
[3118,410s][info][gc] GC(12766) Pause Young (G1 Evacuation Pause) 237M->22M(368M) 2,386ms
[3118,644s][info][gc] GC(12767) Pause Young (G1 Evacuation Pause) 237M->22M(368M) 1,681ms
[3118,884s][info][gc] GC(12768) Pause Young (G1 Evacuation Pause) 236M->22M(368M) 3,891ms
[3119,129s][info][gc] GC(12769) Pause Young (G1 Evacuation Pause) 237M->22M(368M) 1,245ms
[3119,362s][info][gc] GC(12770) Pause Young (G1 Evacuation Pause) 237M->22M(368M) 1,585ms
[3119,595s][info][gc] GC(12771) Pause Young (G1 Evacuation Pause) 237M->22M(368M) 1,588ms
[3119,841s][info][gc] GC(12772) Pause Young (G1 Evacuation Pause) 237M->22M(368M) 1,493ms
[3120,105s][info][gc] GC(12773) Pause Young (G1 Evacuation Pause) 237M->23M(368M) 2,472ms
[3120,342s][info][gc] GC(12774) Pause Young (G1 Evacuation Pause) 237M->22M(368M) 1,199ms
[3120,579s][info][gc] GC(12775) Pause Young (G1 Evacuation Pause) 237M->22M(368M) 4,215ms
[3120,816s][info][gc] GC(12776) Pause Young (G1 Evacuation Pause) 237M->22M(368M) 1,092ms
[3121,049s][info][gc] GC(12777) Pause Young (G1 Evacuation Pause) 237M->22M(368M) 2,065ms
[3121,282s][info][gc] GC(12778) Pause Young (G1 Evacuation Pause) 237M->22M(368M) 1,441ms
[3121,533s][info][gc] GC(12779) Pause Young (G1 Evacuation Pause) 236M->22M(368M) 1,663ms
[3121,787s][info][gc] GC(12780) Pause Young (G1 Evacuation Pause) 237M->22M(368M) 1,777ms
[3122,050s][info][gc] GC(12781) Pause Young (G1 Evacuation Pause) 237M->22M(368M) 4,845ms
[3122,284s][info][gc] GC(12782) Pause Young (G1 Evacuation Pause) 237M->22M(368M) 1,400ms
[3122,518s][info][gc] GC(12783) Pause Young (G1 Evacuation Pause) 237M->22M(368M) 1,511ms
[3122,753s][info][gc] GC(12784) Pause Young (G1 Evacuation Pause) 236M->22M(368M) 1,749ms
[3123,015s][info][gc] GC(12785) Pause Young (G1 Evacuation Pause) 237M->22M(368M) 1,705ms
[3123,260s][info][gc] GC(12786) Pause Young (G1 Evacuation Pause) 237M->22M(368M) 1,344ms
[3123,516s][info][gc] GC(12787) Pause Young (G1 Evacuation Pause) 237M->22M(368M) 1,808ms
[3123,770s][info][gc] GC(12788) Pause Young (G1 Evacuation Pause) 237M->22M(368M) 1,717ms
[3124,030s][info][gc] GC(12789) Pause Young (G1 Evacuation Pause) 237M->23M(368M) 1,965ms
[3124,284s][info][gc] GC(12790) Pause Young (G1 Evacuation Pause) 237M->22M(368M) 1,597ms
[3124,544s][info][gc] GC(12791) Pause Young (G1 Evacuation Pause) 237M->22M(368M) 1,877ms
[3124,778s][info][gc] GC(12792) Pause Young (G1 Evacuation Pause) 237M->22M(368M) 1,247ms
[3125,051s][info][gc] GC(12793) Pause Young (G1 Evacuation Pause) 237M->22M(368M) 1,911ms
[3125,305s][info][gc] GC(12794) Pause Young (G1 Evacuation Pause) 236M->22M(368M) 1,711ms
[3125,584s][info][gc] GC(12795) Pause Young (G1 Evacuation Pause) 237M->22M(368M) 1,689ms
[3125,838s][info][gc] GC(12796) Pause Young (G1 Evacuation Pause) 237M->22M(368M) 1,793ms
[3126,084s][info][gc] GC(12797) Pause Young (G1 Evacuation Pause) 237M->22M(368M) 1,078ms
[3126,316s][info][gc] GC(12798) Pause Young (G1 Evacuation Pause) 237M->22M(368M) 1,127ms
[3126,578s][info][gc] GC(12799) Pause Young (G1 Evacuation Pause) 237M->22M(368M) 1,975ms
[3126,831s][info][gc] GC(12800) Pause Young (G1 Evacuation Pause) 236M->22M(368M) 1,841ms
[3127,090s][info][gc] GC(12801) Pause Young (G1 Evacuation Pause) 237M->22M(368M) 2,901ms
[3127,324s][info][gc] GC(12802) Pause Young (G1 Evacuation Pause) 237M->22M(368M) 1,580ms
[3127,592s][info][gc] GC(12803) Pause Young (G1 Evacuation Pause) 237M->22M(368M) 4,531ms
[3127,858s][info][gc] GC(12804) Pause Young (G1 Evacuation Pause) 236M->21M(368M) 2,397ms
[3128,119s][info][gc] GC(12805) Pause Young (G1 Evacuation Pause) 236M->22M(368M) 1,713ms
[3128,362s][info][gc] GC(12806) Pause Young (G1 Evacuation Pause) 237M->22M(368M) 1,160ms
[3128,624s][info][gc] GC(12807) Pause Young (G1 Evacuation Pause) 237M->22M(368M) 1,080ms
[3128,857s][info][gc] GC(12808) Pause Young (G1 Evacuation Pause) 237M->22M(368M) 1,808ms
[3129,119s][info][gc] GC(12809) Pause Young (G1 Evacuation Pause) 237M->22M(368M) 1,748ms
[3129,380s][info][gc] GC(12810) Pause Young (G1 Evacuation Pause) 236M->22M(368M) 2,213ms
[3129,642s][info][gc] GC(12811) Pause Young (G1 Evacuation Pause) 237M->22M(368M) 4,156ms
[3129,902s][info][gc] GC(12812) Pause Young (G1 Evacuation Pause) 237M->22M(368M) 2,196ms
[3130,157s][info][gc] GC(12813) Pause Young (G1 Evacuation Pause) 237M->22M(368M) 1,207ms
[3130,399s][info][gc] GC(12814) Pause Young (G1 Evacuation Pause) 237M->22M(368M) 1,824ms
[3130,634s][info][gc] GC(12815) Pause Young (G1 Evacuation Pause) 237M->23M(368M) 1,689ms
[3130,871s][info][gc] GC(12816) Pause Young (G1 Evacuation Pause) 237M->22M(368M) 3,865ms
[3131,136s][info][gc] GC(12817) Pause Young (G1 Evacuation Pause) 237M->22M(368M) 1,866ms
[3131,396s][info][gc] GC(12818) Pause Young (G1 Evacuation Pause) 237M->22M(368M) 2,427ms
[3131,650s][info][gc] GC(12819) Pause Young (G1 Evacuation Pause) 237M->22M(368M) 1,868ms
[3131,910s][info][gc] GC(12820) Pause Young (G1 Evacuation Pause) 237M->23M(368M) 1,963ms
[3132,144s][info][gc] GC(12821) Pause Young (G1 Evacuation Pause) 237M->22M(368M) 1,462ms
[3132,385s][info][gc] GC(12822) Pause Young (G1 Evacuation Pause) 237M->22M(368M) 3,442ms
[3132,626s][info][gc] GC(12823) Pause Young (G1 Evacuation Pause) 237M->22M(368M) 1,102ms
[3132,874s][info][gc] GC(12824) Pause Young (G1 Evacuation Pause) 237M->22M(368M) 1,670ms
[3133,126s][info][gc] GC(12825) Pause Young (G1 Evacuation Pause) 237M->22M(368M) 1,845ms
[3133,366s][info][gc] GC(12826) Pause Young (G1 Evacuation Pause) 237M->23M(368M) 2,567ms
[3133,619s][info][gc] GC(12827) Pause Young (G1 Evacuation Pause) 237M->22M(368M) 1,742ms
[3133,891s][info][gc] GC(12828) Pause Young (G1 Evacuation Pause) 237M->22M(368M) 2,367ms
[3134,145s][info][gc] GC(12829) Pause Young (G1 Evacuation Pause) 237M->22M(368M) 1,669ms
[3134,405s][info][gc] GC(12830) Pause Young (G1 Evacuation Pause) 237M->22M(368M) 2,476ms
[3134,659s][info][gc] GC(12831) Pause Young (G1 Evacuation Pause) 236M->22M(368M) 1,599ms
[3134,913s][info][gc] GC(12832) Pause Young (G1 Evacuation Pause) 237M->22M(368M) 1,823ms
[3135,153s][info][gc] GC(12833) Pause Young (G1 Evacuation Pause) 237M->22M(368M) 1,421ms
[3135,397s][info][gc] GC(12834) Pause Young (G1 Evacuation Pause) 237M->22M(368M) 3,785ms
[3135,651s][info][gc] GC(12835) Pause Young (G1 Evacuation Pause) 237M->22M(368M) 1,788ms
[3135,910s][info][gc] GC(12836) Pause Young (G1 Evacuation Pause) 237M->22M(368M) 3,484ms
[3136,173s][info][gc] GC(12837) Pause Young (G1 Evacuation Pause) 236M->22M(368M) 1,789ms
[3136,447s][info][gc] GC(12838) Pause Young (G1 Evacuation Pause) 237M->22M(368M) 1,629ms
[3136,689s][info][gc] GC(12839) Pause Young (G1 Evacuation Pause) 237M->22M(368M) 1,532ms
[3136,922s][info][gc] GC(12840) Pause Young (G1 Evacuation Pause) 237M->22M(368M) 1,657ms
[3137,155s][info][gc] GC(12841) Pause Young (G1 Evacuation Pause) 237M->22M(368M) 2,032ms
[3137,389s][info][gc] GC(12842) Pause Young (G1 Evacuation Pause) 236M->22M(368M) 1,543ms
[3137,622s][info][gc] GC(12843) Pause Young (G1 Evacuation Pause) 237M->22M(368M) 1,494ms
[3137,886s][info][gc] GC(12844) Pause Young (G1 Evacuation Pause) 237M->22M(368M) 4,078ms
[3138,122s][info][gc] GC(12845) Pause Young (G1 Evacuation Pause) 237M->22M(368M) 1,403ms
[3138,354s][info][gc] GC(12846) Pause Young (G1 Evacuation Pause) 237M->22M(368M) 1,255ms
[3138,614s][info][gc] GC(12847) Pause Young (G1 Evacuation Pause) 236M->22M(368M) 1,731ms
[3138,851s][info][gc] GC(12848) Pause Young (G1 Evacuation Pause) 237M->22M(368M) 1,400ms
[3139,114s][info][gc] GC(12849) Pause Young (G1 Evacuation Pause) 237M->22M(368M) 2,293ms
[3139,368s][info][gc] GC(12850) Pause Young (G1 Evacuation Pause) 237M->22M(368M) 1,715ms
[3139,622s][info][gc] GC(12851) Pause Young (G1 Evacuation Pause) 237M->23M(368M) 1,774ms
[3139,855s][info][gc] GC(12852) Pause Young (G1 Evacuation Pause) 237M->22M(368M) 1,003ms
[3140,118s][info][gc] GC(12853) Pause Young (G1 Evacuation Pause) 237M->22M(368M) 1,397ms
[3140,351s][info][gc] GC(12854) Pause Young (G1 Evacuation Pause) 237M->22M(368M) 1,299ms
[3140,592s][info][gc] GC(12855) Pause Young (G1 Evacuation Pause) 237M->22M(368M) 2,859ms
[3140,824s][info][gc] GC(12856) Pause Young (G1 Evacuation Pause) 237M->22M(368M) 1,144ms
[3141,088s][info][gc] GC(12857) Pause Young (G1 Evacuation Pause) 237M->23M(368M) 2,257ms
[3141,343s][info][gc] GC(12858) Pause Young (G1 Evacuation Pause) 237M->22M(368M) 2,105ms
[3141,605s][info][gc] GC(12859) Pause Young (G1 Evacuation Pause) 237M->22M(368M) 2,809ms
[3141,860s][info][gc] GC(12860) Pause Young (G1 Evacuation Pause) 237M->22M(368M) 2,065ms
[3142,114s][info][gc] GC(12861) Pause Young (G1 Evacuation Pause) 237M->22M(368M) 1,995ms
[3142,346s][info][gc] GC(12862) Pause Young (G1 Evacuation Pause) 237M->23M(368M) 1,150ms
[3142,613s][info][gc] GC(12863) Pause Young (G1 Evacuation Pause) 237M->22M(368M) 1,810ms
[3142,867s][info][gc] GC(12864) Pause Young (G1 Evacuation Pause) 237M->22M(368M) 1,761ms
[3143,108s][info][gc] GC(12865) Pause Young (G1 Evacuation Pause) 237M->22M(368M) 1,170ms
[3143,340s][info][gc] GC(12866) Pause Young (G1 Evacuation Pause) 237M->22M(368M) 1,237ms
[3143,604s][info][gc] GC(12867) Pause Young (G1 Evacuation Pause) 237M->22M(368M) 1,903ms
[3143,843s][info][gc] GC(12868) Pause Young (G1 Evacuation Pause) 236M->22M(368M) 1,342ms
[3144,113s][info][gc] GC(12869) Pause Young (G1 Evacuation Pause) 237M->22M(368M) 2,188ms
[3144,375s][info][gc] GC(12870) Pause Young (G1 Evacuation Pause) 237M->22M(368M) 4,026ms
[3144,639s][info][gc] GC(12871) Pause Young (G1 Evacuation Pause) 237M->22M(368M) 1,294ms
[3144,880s][info][gc] GC(12872) Pause Young (G1 Evacuation Pause) 237M->22M(368M) 2,371ms
[3145,113s][info][gc] GC(12873) Pause Young (G1 Evacuation Pause) 236M->22M(368M) 1,088ms
[3145,345s][info][gc] GC(12874) Pause Young (G1 Evacuation Pause) 237M->22M(368M) 1,186ms
[3145,602s][info][gc] GC(12875) Pause Young (G1 Evacuation Pause) 237M->22M(368M) 1,652ms
[3145,860s][info][gc] GC(12876) Pause Young (G1 Evacuation Pause) 237M->22M(368M) 1,883ms
[3146,114s][info][gc] GC(12877) Pause Young (G1 Evacuation Pause) 237M->22M(368M) 1,889ms
[3146,372s][info][gc] GC(12878) Pause Young (G1 Evacuation Pause) 237M->23M(368M) 3,517ms
[3146,626s][info][gc] GC(12879) Pause Young (G1 Evacuation Pause) 237M->22M(368M) 1,861ms
[3146,884s][info][gc] GC(12880) Pause Young (G1 Evacuation Pause) 237M->22M(368M) 2,189ms
[3147,138s][info][gc] GC(12881) Pause Young (G1 Evacuation Pause) 237M->22M(368M) 1,894ms
[3147,396s][info][gc] GC(12882) Pause Young (G1 Evacuation Pause) 237M->22M(368M) 2,127ms
[3147,649s][info][gc] GC(12883) Pause Young (G1 Evacuation Pause) 237M->22M(368M) 1,918ms
[3147,882s][info][gc] GC(12884) Pause Young (G1 Evacuation Pause) 236M->22M(368M) 1,217ms
[3148,114s][info][gc] GC(12885) Pause Young (G1 Evacuation Pause) 237M->22M(368M) 1,336ms
[3148,347s][info][gc] GC(12886) Pause Young (G1 Evacuation Pause) 237M->22M(368M) 1,222ms
[3148,605s][info][gc] GC(12887) Pause Young (G1 Evacuation Pause) 237M->22M(368M) 1,467ms
[3148,866s][info][gc] GC(12888) Pause Young (G1 Evacuation Pause) 237M->23M(368M) 3,194ms
[3149,120s][info][gc] GC(12889) Pause Young (G1 Evacuation Pause) 237M->22M(368M) 1,810ms
[3149,378s][info][gc] GC(12890) Pause Young (G1 Evacuation Pause) 237M->22M(368M) 4,164ms
[3149,612s][info][gc] GC(12891) Pause Young (G1 Evacuation Pause) 237M->22M(368M) 1,185ms
[3149,844s][info][gc] GC(12892) Pause Young (G1 Evacuation Pause) 237M->22M(368M) 1,209ms
[3150,104s][info][gc] GC(12893) Pause Young (G1 Evacuation Pause) 237M->22M(368M) 1,829ms
[3150,341s][info][gc] GC(12894) Pause Young (G1 Evacuation Pause) 236M->22M(368M) 1,067ms
[3150,573s][info][gc] GC(12895) Pause Young (G1 Evacuation Pause) 237M->22M(368M) 1,189ms
[3150,805s][info][gc] GC(12896) Pause Young (G1 Evacuation Pause) 237M->22M(368M) 1,094ms
[3151,037s][info][gc] GC(12897) Pause Young (G1 Evacuation Pause) 237M->22M(368M) 1,092ms
[3151,269s][info][gc] GC(12898) Pause Young (G1 Evacuation Pause) 237M->22M(368M) 1,279ms
[3151,527s][info][gc] GC(12899) Pause Young (G1 Evacuation Pause) 237M->23M(368M) 1,670ms
[3151,760s][info][gc] GC(12900) Pause Young (G1 Evacuation Pause) 237M->22M(368M) 1,470ms
[3152,015s][info][gc] GC(12901) Pause Young (G1 Evacuation Pause) 237M->22M(368M) 1,805ms
[3152,270s][info][gc] GC(12902) Pause Young (G1 Evacuation Pause) 237M->22M(368M) 2,557ms
[3152,520s][info][gc] GC(12903) Pause Young (G1 Evacuation Pause) 237M->22M(368M) 1,681ms
[3152,773s][info][gc] GC(12904) Pause Young (G1 Evacuation Pause) 237M->22M(368M) 3,398ms
[3153,026s][info][gc] GC(12905) Pause Young (G1 Evacuation Pause) 236M->22M(368M) 1,732ms
[3153,279s][info][gc] GC(12906) Pause Young (G1 Evacuation Pause) 237M->22M(368M) 1,088ms
[3153,534s][info][gc] GC(12907) Pause Young (G1 Evacuation Pause) 237M->22M(368M) 1,664ms
[3153,791s][info][gc] GC(12908) Pause Young (G1 Evacuation Pause) 237M->22M(368M) 1,799ms
[3154,049s][info][gc] GC(12909) Pause Young (G1 Evacuation Pause) 237M->22M(368M) 1,852ms
[3154,303s][info][gc] GC(12910) Pause Young (G1 Evacuation Pause) 236M->22M(368M) 1,761ms
[3154,559s][info][gc] GC(12911) Pause Young (G1 Evacuation Pause) 237M->22M(368M) 1,786ms
[3154,794s][info][gc] GC(12912) Pause Young (G1 Evacuation Pause) 237M->22M(368M) 1,263ms
[3155,047s][info][gc] GC(12913) Pause Young (G1 Evacuation Pause) 237M->22M(368M) 1,876ms
[3155,301s][info][gc] GC(12914) Pause Young (G1 Evacuation Pause) 237M->22M(368M) 1,818ms
[3155,560s][info][gc] GC(12915) Pause Young (G1 Evacuation Pause) 236M->22M(368M) 1,676ms
[3155,811s][info][gc] GC(12916) Pause Young (G1 Evacuation Pause) 237M->22M(368M) 1,689ms
[3156,065s][info][gc] GC(12917) Pause Young (G1 Evacuation Pause) 237M->22M(368M) 1,765ms
[3156,319s][info][gc] GC(12918) Pause Young (G1 Evacuation Pause) 237M->22M(368M) 1,743ms
[3156,573s][info][gc] GC(12919) Pause Young (G1 Evacuation Pause) 237M->22M(368M) 1,893ms
[3156,807s][info][gc] GC(12920) Pause Young (G1 Evacuation Pause) 237M->23M(368M) 1,442ms
[3157,065s][info][gc] GC(12921) Pause Young (G1 Evacuation Pause) 237M->22M(368M) 1,656ms
[3157,324s][info][gc] GC(12922) Pause Young (G1 Evacuation Pause) 237M->22M(368M) 1,849ms
[3157,589s][info][gc] GC(12923) Pause Young (G1 Evacuation Pause) 237M->22M(368M) 1,807ms
[3157,845s][info][gc] GC(12924) Pause Young (G1 Evacuation Pause) 237M->22M(368M) 3,240ms
[3158,104s][info][gc] GC(12925) Pause Young (G1 Evacuation Pause) 236M->22M(368M) 1,581ms
[3158,346s][info][gc] GC(12926) Pause Young (G1 Evacuation Pause) 237M->22M(368M) 1,131ms
[3158,579s][info][gc] GC(12927) Pause Young (G1 Evacuation Pause) 237M->22M(368M) 1,548ms
[3158,812s][info][gc] GC(12928) Pause Young (G1 Evacuation Pause) 237M->22M(368M) 1,625ms
[3159,046s][info][gc] GC(12929) Pause Young (G1 Evacuation Pause) 237M->22M(368M) 1,511ms
[3159,302s][info][gc] GC(12930) Pause Young (G1 Evacuation Pause) 237M->22M(368M) 1,846ms
[3159,560s][info][gc] GC(12931) Pause Young (G1 Evacuation Pause) 236M->22M(368M) 1,666ms
[3159,806s][info][gc] GC(12932) Pause Young (G1 Evacuation Pause) 237M->22M(368M) 1,793ms
[3160,053s][info][gc] GC(12933) Pause Young (G1 Evacuation Pause) 237M->22M(368M) 1,268ms
[3160,285s][info][gc] GC(12934) Pause Young (G1 Evacuation Pause) 237M->22M(368M) 1,273ms
[3160,517s][info][gc] GC(12935) Pause Young (G1 Evacuation Pause) 237M->22M(368M) 1,172ms
[3160,769s][info][gc] GC(12936) Pause Young (G1 Evacuation Pause) 237M->23M(368M) 1,679ms
[3161,014s][info][gc] GC(12937) Pause Young (G1 Evacuation Pause) 237M->22M(368M) 1,597ms
[3161,256s][info][gc] GC(12938) Pause Young (G1 Evacuation Pause) 237M->22M(368M) 1,338ms
[3161,510s][info][gc] GC(12939) Pause Young (G1 Evacuation Pause) 237M->22M(368M) 3,283ms
[3161,763s][info][gc] GC(12940) Pause Young (G1 Evacuation Pause) 237M->22M(368M) 1,829ms
[3162,021s][info][gc] GC(12941) Pause Young (G1 Evacuation Pause) 237M->23M(368M) 1,793ms
[3162,254s][info][gc] GC(12942) Pause Young (G1 Evacuation Pause) 237M->22M(368M) 1,335ms
[3162,504s][info][gc] GC(12943) Pause Young (G1 Evacuation Pause) 237M->22M(368M) 1,897ms
[3162,758s][info][gc] GC(12944) Pause Young (G1 Evacuation Pause) 237M->22M(368M) 1,760ms
[3162,992s][info][gc] GC(12945) Pause Young (G1 Evacuation Pause) 237M->22M(368M) 1,637ms
[3163,225s][info][gc] GC(12946) Pause Young (G1 Evacuation Pause) 237M->22M(368M) 2,085ms
[3163,477s][info][gc] GC(12947) Pause Young (G1 Evacuation Pause) 236M->22M(368M) 1,818ms
[3163,733s][info][gc] GC(12948) Pause Young (G1 Evacuation Pause) 237M->22M(368M) 1,692ms
[3163,987s][info][gc] GC(12949) Pause Young (G1 Evacuation Pause) 237M->22M(368M) 1,220ms
[3164,219s][info][gc] GC(12950) Pause Young (G1 Evacuation Pause) 237M->22M(368M) 1,166ms
[3164,461s][info][gc] GC(12951) Pause Young (G1 Evacuation Pause) 237M->23M(368M) 1,491ms
[3164,700s][info][gc] GC(12952) Pause Young (G1 Evacuation Pause) 237M->22M(368M) 1,820ms
[3164,954s][info][gc] GC(12953) Pause Young (G1 Evacuation Pause) 237M->22M(368M) 1,778ms
[3165,208s][info][gc] GC(12954) Pause Young (G1 Evacuation Pause) 237M->22M(368M) 1,825ms
[3165,473s][info][gc] GC(12955) Pause Young (G1 Evacuation Pause) 237M->22M(368M) 3,232ms
[3165,707s][info][gc] GC(12956) Pause Young (G1 Evacuation Pause) 237M->22M(368M) 2,705ms
[3165,956s][info][gc] GC(12957) Pause Young (G1 Evacuation Pause) 236M->22M(368M) 1,577ms
[3166,210s][info][gc] GC(12958) Pause Young (G1 Evacuation Pause) 237M->22M(368M) 1,612ms
[3166,469s][info][gc] GC(12959) Pause Young (G1 Evacuation Pause) 237M->22M(368M) 1,906ms
[3166,716s][info][gc] GC(12960) Pause Young (G1 Evacuation Pause) 237M->22M(368M) 1,119ms
[3166,963s][info][gc] GC(12961) Pause Young (G1 Evacuation Pause) 237M->22M(368M) 1,441ms
[3167,196s][info][gc] GC(12962) Pause Young (G1 Evacuation Pause) 236M->22M(368M) 1,448ms
[3167,440s][info][gc] GC(12963) Pause Young (G1 Evacuation Pause) 237M->22M(368M) 1,680ms
[3167,675s][info][gc] GC(12964) Pause Young (G1 Evacuation Pause) 237M->22M(368M) 1,178ms
[3167,920s][info][gc] GC(12965) Pause Young (G1 Evacuation Pause) 237M->22M(368M) 1,813ms
[3168,174s][info][gc] GC(12966) Pause Young (G1 Evacuation Pause) 237M->22M(368M) 1,783ms
[3168,422s][info][gc] GC(12967) Pause Young (G1 Evacuation Pause) 236M->22M(368M) 2,248ms
[3168,676s][info][gc] GC(12968) Pause Young (G1 Evacuation Pause) 237M->22M(368M) 1,038ms
[3168,920s][info][gc] GC(12969) Pause Young (G1 Evacuation Pause) 237M->22M(368M) 1,849ms
[3169,174s][info][gc] GC(12970) Pause Young (G1 Evacuation Pause) 237M->22M(368M) 1,803ms
[3169,428s][info][gc] GC(12971) Pause Young (G1 Evacuation Pause) 237M->22M(368M) 1,665ms
[3169,686s][info][gc] GC(12972) Pause Young (G1 Evacuation Pause) 236M->21M(368M) 4,192ms
[3169,970s][info][gc] GC(12973) Pause Young (G1 Evacuation Pause) 236M->22M(368M) 1,870ms
[3170,216s][info][gc] GC(12974) Pause Young (G1 Evacuation Pause) 237M->22M(368M) 1,233ms
[3170,450s][info][gc] GC(12975) Pause Young (G1 Evacuation Pause) 237M->22M(368M) 1,399ms
[3170,694s][info][gc] GC(12976) Pause Young (G1 Evacuation Pause) 237M->22M(368M) 1,459ms
[3170,943s][info][gc] GC(12977) Pause Young (G1 Evacuation Pause) 237M->22M(368M) 2,362ms
[3171,205s][info][gc] GC(12978) Pause Young (G1 Evacuation Pause) 236M->22M(368M) 1,919ms
[3171,465s][info][gc] GC(12979) Pause Young (G1 Evacuation Pause) 237M->22M(368M) 2,371ms
[3171,723s][info][gc] GC(12980) Pause Young (G1 Evacuation Pause) 237M->22M(368M) 1,737ms
[3171,959s][info][gc] GC(12981) Pause Young (G1 Evacuation Pause) 237M->22M(368M) 1,577ms
[3172,192s][info][gc] GC(12982) Pause Young (G1 Evacuation Pause) 237M->22M(368M) 1,650ms
[3172,425s][info][gc] GC(12983) Pause Young (G1 Evacuation Pause) 237M->23M(368M) 1,541ms
[3172,659s][info][gc] GC(12984) Pause Young (G1 Evacuation Pause) 237M->21M(368M) 2,858ms
[3172,891s][info][gc] GC(12985) Pause Young (G1 Evacuation Pause) 236M->22M(368M) 1,355ms
[3173,124s][info][gc] GC(12986) Pause Young (G1 Evacuation Pause) 237M->22M(368M) 1,390ms
[3173,358s][info][gc] GC(12987) Pause Young (G1 Evacuation Pause) 237M->22M(368M) 1,783ms
[3173,591s][info][gc] GC(12988) Pause Young (G1 Evacuation Pause) 236M->22M(368M) 1,390ms
[3173,824s][info][gc] GC(12989) Pause Young (G1 Evacuation Pause) 237M->22M(368M) 1,464ms
[3174,057s][info][gc] GC(12990) Pause Young (G1 Evacuation Pause) 237M->22M(368M) 1,431ms
[3174,290s][info][gc] GC(12991) Pause Young (G1 Evacuation Pause) 237M->22M(368M) 1,487ms
[3174,546s][info][gc] GC(12992) Pause Young (G1 Evacuation Pause) 237M->22M(368M) 1,885ms
[3174,779s][info][gc] GC(12993) Pause Young (G1 Evacuation Pause) 237M->23M(368M) 1,264ms
[3175,025s][info][gc] GC(12994) Pause Young (G1 Evacuation Pause) 237M->22M(368M) 1,449ms
[3175,258s][info][gc] GC(12995) Pause Young (G1 Evacuation Pause) 237M->22M(368M) 1,511ms
[3175,509s][info][gc] GC(12996) Pause Young (G1 Evacuation Pause) 237M->22M(368M) 1,771ms
[3175,763s][info][gc] GC(12997) Pause Young (G1 Evacuation Pause) 237M->22M(368M) 1,910ms
[3176,022s][info][gc] GC(12998) Pause Young (G1 Evacuation Pause) 237M->23M(368M) 1,898ms
[3176,276s][info][gc] GC(12999) Pause Young (G1 Evacuation Pause) 237M->22M(368M) 1,810ms
[3176,522s][info][gc] GC(13000) Pause Young (G1 Evacuation Pause) 237M->22M(368M) 1,482ms
[3176,754s][info][gc] GC(13001) Pause Young (G1 Evacuation Pause) 237M->22M(368M) 1,088ms
[3177,005s][info][gc] GC(13002) Pause Young (G1 Evacuation Pause) 237M->22M(368M) 1,935ms
[3177,259s][info][gc] GC(13003) Pause Young (G1 Evacuation Pause) 237M->22M(368M) 1,925ms
[3177,524s][info][gc] GC(13004) Pause Young (G1 Evacuation Pause) 236M->22M(368M) 2,404ms
[3177,780s][info][gc] GC(13005) Pause Young (G1 Evacuation Pause) 237M->21M(368M) 2,525ms
[3178,032s][info][gc] GC(13006) Pause Young (G1 Evacuation Pause) 236M->22M(368M) 1,544ms
[3178,273s][info][gc] GC(13007) Pause Young (G1 Evacuation Pause) 237M->22M(368M) 1,326ms
[3178,533s][info][gc] GC(13008) Pause Young (G1 Evacuation Pause) 237M->22M(368M) 2,565ms
[3178,789s][info][gc] GC(13009) Pause Young (G1 Evacuation Pause) 237M->23M(368M) 1,769ms
[3179,048s][info][gc] GC(13010) Pause Young (G1 Evacuation Pause) 237M->22M(368M) 1,738ms
[3179,302s][info][gc] GC(13011) Pause Young (G1 Evacuation Pause) 237M->22M(368M) 1,684ms
[3179,536s][info][gc] GC(13012) Pause Young (G1 Evacuation Pause) 237M->22M(368M) 1,397ms
[3179,769s][info][gc] GC(13013) Pause Young (G1 Evacuation Pause) 237M->22M(368M) 1,541ms
[3180,002s][info][gc] GC(13014) Pause Young (G1 Evacuation Pause) 237M->23M(368M) 1,672ms
[3180,235s][info][gc] GC(13015) Pause Young (G1 Evacuation Pause) 237M->22M(368M) 1,398ms
[3180,489s][info][gc] GC(13016) Pause Young (G1 Evacuation Pause) 237M->22M(368M) 2,092ms
[3180,748s][info][gc] GC(13017) Pause Young (G1 Evacuation Pause) 237M->22M(368M) 1,857ms
[3181,025s][info][gc] GC(13018) Pause Young (G1 Evacuation Pause) 237M->22M(368M) 2,458ms
[3181,287s][info][gc] GC(13019) Pause Young (G1 Evacuation Pause) 236M->21M(368M) 1,787ms
[3181,546s][info][gc] GC(13020) Pause Young (G1 Evacuation Pause) 236M->21M(368M) 1,786ms
[3181,800s][info][gc] GC(13021) Pause Young (G1 Evacuation Pause) 236M->22M(368M) 1,865ms
[3182,033s][info][gc] GC(13022) Pause Young (G1 Evacuation Pause) 237M->22M(368M) 1,269ms
[3182,265s][info][gc] GC(13023) Pause Young (G1 Evacuation Pause) 237M->22M(368M) 1,167ms
[3182,497s][info][gc] GC(13024) Pause Young (G1 Evacuation Pause) 237M->22M(368M) 1,315ms
[3182,733s][info][gc] GC(13025) Pause Young (G1 Evacuation Pause) 237M->23M(368M) 1,251ms
[3182,965s][info][gc] GC(13026) Pause Young (G1 Evacuation Pause) 237M->22M(368M) 1,220ms
[3183,197s][info][gc] GC(13027) Pause Young (G1 Evacuation Pause) 237M->22M(368M) 1,227ms
[3183,442s][info][gc] GC(13028) Pause Young (G1 Evacuation Pause) 237M->22M(368M) 1,423ms
[3183,675s][info][gc] GC(13029) Pause Young (G1 Evacuation Pause) 237M->22M(368M) 1,422ms
[3183,908s][info][gc] GC(13030) Pause Young (G1 Evacuation Pause) 237M->23M(368M) 1,553ms
[3184,141s][info][gc] GC(13031) Pause Young (G1 Evacuation Pause) 237M->22M(368M) 1,366ms
[3184,374s][info][gc] GC(13032) Pause Young (G1 Evacuation Pause) 237M->22M(368M) 1,530ms
[3184,608s][info][gc] GC(13033) Pause Young (G1 Evacuation Pause) 237M->22M(368M) 3,337ms
[3184,870s][info][gc] GC(13034) Pause Young (G1 Evacuation Pause) 237M->22M(368M) 4,238ms
[3185,142s][info][gc] GC(13035) Pause Young (G1 Evacuation Pause) 237M->23M(368M) 1,864ms
[3185,399s][info][gc] GC(13036) Pause Young (G1 Evacuation Pause) 237M->22M(368M) 2,175ms
[3185,653s][info][gc] GC(13037) Pause Young (G1 Evacuation Pause) 237M->22M(368M) 1,744ms
[3185,898s][info][gc] GC(13038) Pause Young (G1 Evacuation Pause) 237M->22M(368M) 4,177ms
[3186,134s][info][gc] GC(13039) Pause Young (G1 Evacuation Pause) 237M->22M(368M) 1,576ms
[3186,371s][info][gc] GC(13040) Pause Young (G1 Evacuation Pause) 237M->23M(368M) 4,204ms
[3186,628s][info][gc] GC(13041) Pause Young (G1 Evacuation Pause) 237M->22M(368M) 1,605ms
[3186,879s][info][gc] GC(13042) Pause Young (G1 Evacuation Pause) 237M->22M(368M) 3,757ms
[3187,133s][info][gc] GC(13043) Pause Young (G1 Evacuation Pause) 237M->22M(368M) 1,841ms
[3187,394s][info][gc] GC(13044) Pause Young (G1 Evacuation Pause) 237M->22M(368M) 3,581ms
[3187,648s][info][gc] GC(13045) Pause Young (G1 Evacuation Pause) 237M->22M(368M) 1,818ms
[3187,908s][info][gc] GC(13046) Pause Young (G1 Evacuation Pause) 236M->22M(368M) 2,293ms
[3188,164s][info][gc] GC(13047) Pause Young (G1 Evacuation Pause) 237M->21M(368M) 3,372ms
[3188,408s][info][gc] GC(13048) Pause Young (G1 Evacuation Pause) 236M->22M(368M) 2,191ms
[3188,658s][info][gc] GC(13049) Pause Young (G1 Evacuation Pause) 237M->22M(368M) 1,488ms
[3188,903s][info][gc] GC(13050) Pause Young (G1 Evacuation Pause) 237M->22M(368M) 3,978ms
[3189,161s][info][gc] GC(13051) Pause Young (G1 Evacuation Pause) 237M->23M(368M) 3,362ms
[3189,414s][info][gc] GC(13052) Pause Young (G1 Evacuation Pause) 237M->21M(368M) 1,811ms
[3189,668s][info][gc] GC(13053) Pause Young (G1 Evacuation Pause) 236M->22M(368M) 1,674ms
[3189,930s][info][gc] GC(13054) Pause Young (G1 Evacuation Pause) 237M->22M(368M) 1,770ms
[3190,184s][info][gc] GC(13055) Pause Young (G1 Evacuation Pause) 237M->22M(368M) 1,627ms
[3190,437s][info][gc] GC(13056) Pause Young (G1 Evacuation Pause) 237M->23M(368M) 2,393ms
[3190,670s][info][gc] GC(13057) Pause Young (G1 Evacuation Pause) 237M->22M(368M) 1,349ms
[3190,914s][info][gc] GC(13058) Pause Young (G1 Evacuation Pause) 237M->22M(368M) 1,704ms
[3191,174s][info][gc] GC(13059) Pause Young (G1 Evacuation Pause) 237M->22M(368M) 1,792ms
[3191,428s][info][gc] GC(13060) Pause Young (G1 Evacuation Pause) 237M->22M(368M) 2,161ms
[3191,673s][info][gc] GC(13061) Pause Young (G1 Evacuation Pause) 237M->22M(368M) 1,714ms
[3191,918s][info][gc] GC(13062) Pause Young (G1 Evacuation Pause) 236M->22M(368M) 2,188ms
[3192,171s][info][gc] GC(13063) Pause Young (G1 Evacuation Pause) 237M->22M(368M) 1,774ms
[3192,421s][info][gc] GC(13064) Pause Young (G1 Evacuation Pause) 237M->22M(368M) 1,146ms
[3192,653s][info][gc] GC(13065) Pause Young (G1 Evacuation Pause) 237M->22M(368M) 1,164ms
[3192,895s][info][gc] GC(13066) Pause Young (G1 Evacuation Pause) 237M->22M(368M) 1,786ms
[3193,129s][info][gc] GC(13067) Pause Young (G1 Evacuation Pause) 236M->22M(368M) 1,388ms
[3193,373s][info][gc] GC(13068) Pause Young (G1 Evacuation Pause) 237M->22M(368M) 3,763ms
[3193,627s][info][gc] GC(13069) Pause Young (G1 Evacuation Pause) 237M->22M(368M) 1,712ms
[3193,888s][info][gc] GC(13070) Pause Young (G1 Evacuation Pause) 237M->22M(368M) 3,844ms
[3194,143s][info][gc] GC(13071) Pause Young (G1 Evacuation Pause) 237M->22M(368M) 1,828ms
[3194,402s][info][gc] GC(13072) Pause Young (G1 Evacuation Pause) 237M->23M(368M) 2,515ms
[3194,655s][info][gc] GC(13073) Pause Young (G1 Evacuation Pause) 237M->22M(368M) 1,732ms
[3194,912s][info][gc] GC(13074) Pause Young (G1 Evacuation Pause) 237M->22M(368M) 1,845ms
[3195,166s][info][gc] GC(13075) Pause Young (G1 Evacuation Pause) 237M->22M(368M) 2,007ms
[3195,422s][info][gc] GC(13076) Pause Young (G1 Evacuation Pause) 237M->22M(368M) 3,370ms
[3195,654s][info][gc] GC(13077) Pause Young (G1 Evacuation Pause) 237M->23M(368M) 1,273ms
[3195,917s][info][gc] GC(13078) Pause Young (G1 Evacuation Pause) 237M->22M(368M) 1,604ms
[3196,169s][info][gc] GC(13079) Pause Young (G1 Evacuation Pause) 237M->22M(368M) 1,346ms
[3196,403s][info][gc] GC(13080) Pause Young (G1 Evacuation Pause) 237M->22M(368M) 1,492ms
[3196,635s][info][gc] GC(13081) Pause Young (G1 Evacuation Pause) 237M->22M(368M) 1,294ms
[3196,867s][info][gc] GC(13082) Pause Young (G1 Evacuation Pause) 237M->23M(368M) 1,258ms
[3197,099s][info][gc] GC(13083) Pause Young (G1 Evacuation Pause) 237M->22M(368M) 1,283ms
[3197,332s][info][gc] GC(13084) Pause Young (G1 Evacuation Pause) 237M->22M(368M) 1,215ms
[3197,581s][info][gc] GC(13085) Pause Young (G1 Evacuation Pause) 237M->22M(368M) 1,169ms
[3197,814s][info][gc] GC(13086) Pause Young (G1 Evacuation Pause) 237M->22M(368M) 1,347ms
[3198,073s][info][gc] GC(13087) Pause Young (G1 Evacuation Pause) 236M->21M(368M) 1,784ms
[3198,306s][info][gc] GC(13088) Pause Young (G1 Evacuation Pause) 236M->22M(368M) 1,180ms
[3198,565s][info][gc] GC(13089) Pause Young (G1 Evacuation Pause) 237M->22M(368M) 1,627ms
[3198,798s][info][gc] GC(13090) Pause Young (G1 Evacuation Pause) 237M->22M(368M) 1,136ms
[3199,054s][info][gc] GC(13091) Pause Young (G1 Evacuation Pause) 237M->22M(368M) 3,519ms
[3199,308s][info][gc] GC(13092) Pause Young (G1 Evacuation Pause) 237M->22M(368M) 1,888ms
[3199,551s][info][gc] GC(13093) Pause Young (G1 Evacuation Pause) 236M->22M(368M) 1,256ms
[3199,783s][info][gc] GC(13094) Pause Young (G1 Evacuation Pause) 237M->22M(368M) 1,279ms
[3200,037s][info][gc] GC(13095) Pause Young (G1 Evacuation Pause) 237M->22M(368M) 1,909ms
[3200,270s][info][gc] GC(13096) Pause Young (G1 Evacuation Pause) 237M->22M(368M) 1,258ms
[3200,523s][info][gc] GC(13097) Pause Young (G1 Evacuation Pause) 237M->22M(368M) 1,763ms
[3200,777s][info][gc] GC(13098) Pause Young (G1 Evacuation Pause) 236M->22M(368M) 1,646ms
[3201,022s][info][gc] GC(13099) Pause Young (G1 Evacuation Pause) 237M->22M(368M) 1,184ms
[3201,254s][info][gc] GC(13100) Pause Young (G1 Evacuation Pause) 237M->22M(368M) 1,234ms
[3201,508s][info][gc] GC(13101) Pause Young (G1 Evacuation Pause) 237M->22M(368M) 1,658ms
[3201,751s][info][gc] GC(13102) Pause Young (G1 Evacuation Pause) 237M->22M(368M) 1,572ms
[3201,984s][info][gc] GC(13103) Pause Young (G1 Evacuation Pause) 237M->22M(368M) 1,466ms
[3202,237s][info][gc] GC(13104) Pause Young (G1 Evacuation Pause) 236M->22M(368M) 1,610ms
[3202,497s][info][gc] GC(13105) Pause Young (G1 Evacuation Pause) 237M->22M(368M) 1,841ms
[3202,751s][info][gc] GC(13106) Pause Young (G1 Evacuation Pause) 237M->22M(368M) 1,778ms
[3202,993s][info][gc] GC(13107) Pause Young (G1 Evacuation Pause) 237M->22M(368M) 1,558ms
[3203,226s][info][gc] GC(13108) Pause Young (G1 Evacuation Pause) 237M->22M(368M) 2,122ms
[3203,480s][info][gc] GC(13109) Pause Young (G1 Evacuation Pause) 236M->22M(368M) 1,677ms
[3203,731s][info][gc] GC(13110) Pause Young (G1 Evacuation Pause) 237M->22M(368M) 1,104ms
[3203,983s][info][gc] GC(13111) Pause Young (G1 Evacuation Pause) 237M->22M(368M) 1,643ms
[3204,241s][info][gc] GC(13112) Pause Young (G1 Evacuation Pause) 237M->22M(368M) 1,759ms
[3204,502s][info][gc] GC(13113) Pause Young (G1 Evacuation Pause) 237M->22M(368M) 1,960ms
[3204,759s][info][gc] GC(13114) Pause Young (G1 Evacuation Pause) 236M->22M(368M) 1,572ms
[3205,016s][info][gc] GC(13115) Pause Young (G1 Evacuation Pause) 237M->22M(368M) 1,610ms
[3205,261s][info][gc] GC(13116) Pause Young (G1 Evacuation Pause) 237M->22M(368M) 1,133ms
[3205,514s][info][gc] GC(13117) Pause Young (G1 Evacuation Pause) 237M->22M(368M) 1,773ms
[3205,768s][info][gc] GC(13118) Pause Young (G1 Evacuation Pause) 237M->22M(368M) 1,831ms
[3206,009s][info][gc] GC(13119) Pause Young (G1 Evacuation Pause) 237M->23M(368M) 1,418ms
[3206,242s][info][gc] GC(13120) Pause Young (G1 Evacuation Pause) 237M->22M(368M) 1,360ms
[3206,493s][info][gc] GC(13121) Pause Young (G1 Evacuation Pause) 237M->22M(368M) 1,188ms
[3206,725s][info][gc] GC(13122) Pause Young (G1 Evacuation Pause) 237M->22M(368M) 1,277ms
[3206,978s][info][gc] GC(13123) Pause Young (G1 Evacuation Pause) 237M->22M(368M) 2,550ms
[3207,237s][info][gc] GC(13124) Pause Young (G1 Evacuation Pause) 237M->23M(368M) 1,713ms
[3207,490s][info][gc] GC(13125) Pause Young (G1 Evacuation Pause) 237M->22M(368M) 2,447ms
[3207,744s][info][gc] GC(13126) Pause Young (G1 Evacuation Pause) 237M->22M(368M) 1,789ms
[3208,000s][info][gc] GC(13127) Pause Young (G1 Evacuation Pause) 237M->22M(368M) 2,320ms
[3208,255s][info][gc] GC(13128) Pause Young (G1 Evacuation Pause) 237M->22M(368M) 1,256ms
[3208,508s][info][gc] GC(13129) Pause Young (G1 Evacuation Pause) 237M->22M(368M) 2,447ms
[3208,756s][info][gc] GC(13130) Pause Young (G1 Evacuation Pause) 236M->22M(368M) 1,751ms
[3209,016s][info][gc] GC(13131) Pause Young (G1 Evacuation Pause) 237M->22M(368M) 1,604ms
[3209,270s][info][gc] GC(13132) Pause Young (G1 Evacuation Pause) 237M->22M(368M) 1,648ms
[3209,532s][info][gc] GC(13133) Pause Young (G1 Evacuation Pause) 237M->22M(368M) 1,667ms
[3209,786s][info][gc] GC(13134) Pause Young (G1 Evacuation Pause) 237M->22M(368M) 1,828ms
[3210,049s][info][gc] GC(13135) Pause Young (G1 Evacuation Pause) 237M->23M(368M) 1,891ms
[3210,303s][info][gc] GC(13136) Pause Young (G1 Evacuation Pause) 237M->22M(368M) 1,745ms
[3210,563s][info][gc] GC(13137) Pause Young (G1 Evacuation Pause) 237M->22M(368M) 1,629ms
[3210,832s][info][gc] GC(13138) Pause Young (G1 Evacuation Pause) 237M->22M(368M) 1,776ms
[3211,098s][info][gc] GC(13139) Pause Young (G1 Evacuation Pause) 237M->22M(368M) 2,515ms
[3211,337s][info][gc] GC(13140) Pause Young (G1 Evacuation Pause) 237M->23M(368M) 1,343ms
[3211,598s][info][gc] GC(13141) Pause Young (G1 Evacuation Pause) 237M->22M(368M) 1,742ms
[3211,853s][info][gc] GC(13142) Pause Young (G1 Evacuation Pause) 237M->22M(368M) 2,144ms
[3212,085s][info][gc] GC(13143) Pause Young (G1 Evacuation Pause) 237M->22M(368M) 1,272ms
[3212,317s][info][gc] GC(13144) Pause Young (G1 Evacuation Pause) 237M->22M(368M) 1,258ms
[3212,572s][info][gc] GC(13145) Pause Young (G1 Evacuation Pause) 236M->21M(368M) 2,746ms
[3212,836s][info][gc] GC(13146) Pause Young (G1 Evacuation Pause) 236M->22M(368M) 1,745ms
[3213,072s][info][gc] GC(13147) Pause Young (G1 Evacuation Pause) 237M->21M(368M) 1,424ms
[3213,304s][info][gc] GC(13148) Pause Young (G1 Evacuation Pause) 236M->22M(368M) 1,239ms
[3213,536s][info][gc] GC(13149) Pause Young (G1 Evacuation Pause) 237M->22M(368M) 1,141ms
[3213,768s][info][gc] GC(13150) Pause Young (G1 Evacuation Pause) 236M->21M(368M) 1,020ms
[3214,001s][info][gc] GC(13151) Pause Young (G1 Evacuation Pause) 236M->21M(368M) 2,045ms
[3214,233s][info][gc] GC(13152) Pause Young (G1 Evacuation Pause) 236M->22M(368M) 1,154ms
[3214,485s][info][gc] GC(13153) Pause Young (G1 Evacuation Pause) 237M->22M(368M) 1,717ms
[3214,739s][info][gc] GC(13154) Pause Young (G1 Evacuation Pause) 237M->22M(368M) 1,785ms
[3214,998s][info][gc] GC(13155) Pause Young (G1 Evacuation Pause) 237M->22M(368M) 1,666ms
[3215,231s][info][gc] GC(13156) Pause Young (G1 Evacuation Pause) 236M->22M(368M) 1,463ms
[3215,484s][info][gc] GC(13157) Pause Young (G1 Evacuation Pause) 237M->22M(368M) 2,236ms
[3215,717s][info][gc] GC(13158) Pause Young (G1 Evacuation Pause) 237M->22M(368M) 1,074ms
[3215,950s][info][gc] GC(13159) Pause Young (G1 Evacuation Pause) 237M->22M(368M) 1,417ms
[3216,194s][info][gc] GC(13160) Pause Young (G1 Evacuation Pause) 237M->22M(368M) 2,025ms
[3216,452s][info][gc] GC(13161) Pause Young (G1 Evacuation Pause) 237M->23M(368M) 1,947ms
[3216,695s][info][gc] GC(13162) Pause Young (G1 Evacuation Pause) 237M->22M(368M) 1,328ms
[3216,964s][info][gc] GC(13163) Pause Young (G1 Evacuation Pause) 237M->22M(368M) 1,640ms
[3217,221s][info][gc] GC(13164) Pause Young (G1 Evacuation Pause) 237M->22M(368M) 1,910ms
[3217,478s][info][gc] GC(13165) Pause Young (G1 Evacuation Pause) 237M->22M(368M) 3,178ms
[3217,734s][info][gc] GC(13166) Pause Young (G1 Evacuation Pause) 237M->23M(368M) 2,000ms
[3217,990s][info][gc] GC(13167) Pause Young (G1 Evacuation Pause) 237M->22M(368M) 1,723ms
[3218,243s][info][gc] GC(13168) Pause Young (G1 Evacuation Pause) 237M->22M(368M) 2,029ms
[3218,489s][info][gc] GC(13169) Pause Young (G1 Evacuation Pause) 237M->22M(368M) 1,530ms
[3218,722s][info][gc] GC(13170) Pause Young (G1 Evacuation Pause) 237M->22M(368M) 1,416ms
[3218,974s][info][gc] GC(13171) Pause Young (G1 Evacuation Pause) 237M->23M(368M) 1,875ms
[3219,226s][info][gc] GC(13172) Pause Young (G1 Evacuation Pause) 237M->22M(368M) 1,232ms
[3219,475s][info][gc] GC(13173) Pause Young (G1 Evacuation Pause) 237M->22M(368M) 1,617ms
[3219,724s][info][gc] GC(13174) Pause Young (G1 Evacuation Pause) 237M->22M(368M) 1,486ms
[3219,972s][info][gc] GC(13175) Pause Young (G1 Evacuation Pause) 237M->22M(368M) 1,891ms
[3220,219s][info][gc] GC(13176) Pause Young (G1 Evacuation Pause) 237M->22M(368M) 1,299ms
[3220,469s][info][gc] GC(13177) Pause Young (G1 Evacuation Pause) 236M->22M(368M) 1,663ms
[3220,724s][info][gc] GC(13178) Pause Young (G1 Evacuation Pause) 237M->22M(368M) 2,333ms
[3220,961s][info][gc] GC(13179) Pause Young (G1 Evacuation Pause) 237M->22M(368M) 1,361ms
[3221,194s][info][gc] GC(13180) Pause Young (G1 Evacuation Pause) 237M->22M(368M) 1,532ms
[3221,440s][info][gc] GC(13181) Pause Young (G1 Evacuation Pause) 237M->22M(368M) 1,782ms
[3221,694s][info][gc] GC(13182) Pause Young (G1 Evacuation Pause) 237M->23M(368M) 1,636ms
[3221,927s][info][gc] GC(13183) Pause Young (G1 Evacuation Pause) 237M->22M(368M) 1,349ms
[3222,160s][info][gc] GC(13184) Pause Young (G1 Evacuation Pause) 237M->22M(368M) 1,419ms
[3222,422s][info][gc] GC(13185) Pause Young (G1 Evacuation Pause) 237M->22M(368M) 2,160ms
[3222,676s][info][gc] GC(13186) Pause Young (G1 Evacuation Pause) 237M->22M(368M) 1,881ms
[3222,937s][info][gc] GC(13187) Pause Young (G1 Evacuation Pause) 237M->23M(368M) 1,815ms
[3223,191s][info][gc] GC(13188) Pause Young (G1 Evacuation Pause) 237M->22M(368M) 1,685ms
[3223,441s][info][gc] GC(13189) Pause Young (G1 Evacuation Pause) 237M->22M(368M) 2,311ms
[3223,704s][info][gc] GC(13190) Pause Young (G1 Evacuation Pause) 237M->22M(368M) 1,644ms
[3223,967s][info][gc] GC(13191) Pause Young (G1 Evacuation Pause) 237M->22M(368M) 2,434ms
[3224,222s][info][gc] GC(13192) Pause Young (G1 Evacuation Pause) 237M->22M(368M) 1,735ms
[3224,482s][info][gc] GC(13193) Pause Young (G1 Evacuation Pause) 236M->21M(368M) 3,407ms
[3224,722s][info][gc] GC(13194) Pause Young (G1 Evacuation Pause) 236M->22M(368M) 1,871ms
[3224,979s][info][gc] GC(13195) Pause Young (G1 Evacuation Pause) 237M->22M(368M) 1,689ms
[3225,221s][info][gc] GC(13196) Pause Young (G1 Evacuation Pause) 237M->22M(368M) 1,405ms
[3225,472s][info][gc] GC(13197) Pause Young (G1 Evacuation Pause) 237M->22M(368M) 1,911ms
[3225,726s][info][gc] GC(13198) Pause Young (G1 Evacuation Pause) 236M->22M(368M) 1,696ms
[3225,979s][info][gc] GC(13199) Pause Young (G1 Evacuation Pause) 237M->22M(368M) 1,173ms
[3226,211s][info][gc] GC(13200) Pause Young (G1 Evacuation Pause) 237M->22M(368M) 1,203ms
[3226,460s][info][gc] GC(13201) Pause Young (G1 Evacuation Pause) 237M->22M(368M) 1,670ms
[3226,714s][info][gc] GC(13202) Pause Young (G1 Evacuation Pause) 237M->22M(368M) 1,734ms
[3226,968s][info][gc] GC(13203) Pause Young (G1 Evacuation Pause) 237M->23M(368M) 1,889ms
[3227,225s][info][gc] GC(13204) Pause Young (G1 Evacuation Pause) 237M->22M(368M) 2,339ms
[3227,484s][info][gc] GC(13205) Pause Young (G1 Evacuation Pause) 237M->22M(368M) 1,626ms
[3227,742s][info][gc] GC(13206) Pause Young (G1 Evacuation Pause) 237M->22M(368M) 3,655ms
[3227,993s][info][gc] GC(13207) Pause Young (G1 Evacuation Pause) 237M->22M(368M) 1,440ms
[3228,225s][info][gc] GC(13208) Pause Young (G1 Evacuation Pause) 236M->22M(368M) 1,254ms
[3228,476s][info][gc] GC(13209) Pause Young (G1 Evacuation Pause) 237M->22M(368M) 1,688ms
[3228,718s][info][gc] GC(13210) Pause Young (G1 Evacuation Pause) 237M->22M(368M) 1,166ms
[3228,950s][info][gc] GC(13211) Pause Young (G1 Evacuation Pause) 237M->22M(368M) 1,143ms
[3229,182s][info][gc] GC(13212) Pause Young (G1 Evacuation Pause) 237M->22M(368M) 1,169ms
[3229,428s][info][gc] GC(13213) Pause Young (G1 Evacuation Pause) 237M->23M(368M) 1,841ms
[3229,688s][info][gc] GC(13214) Pause Young (G1 Evacuation Pause) 237M->22M(368M) 1,714ms
[3229,934s][info][gc] GC(13215) Pause Young (G1 Evacuation Pause) 237M->22M(368M) 2,389ms
[3230,192s][info][gc] GC(13216) Pause Young (G1 Evacuation Pause) 237M->22M(368M) 1,800ms
[3230,451s][info][gc] GC(13217) Pause Young (G1 Evacuation Pause) 237M->22M(368M) 2,547ms
[3230,707s][info][gc] GC(13218) Pause Young (G1 Evacuation Pause) 237M->22M(368M) 1,915ms
[3230,964s][info][gc] GC(13219) Pause Young (G1 Evacuation Pause) 236M->22M(368M) 1,302ms
[3231,197s][info][gc] GC(13220) Pause Young (G1 Evacuation Pause) 237M->22M(368M) 1,236ms
[3231,445s][info][gc] GC(13221) Pause Young (G1 Evacuation Pause) 237M->22M(368M) 2,471ms
[3231,699s][info][gc] GC(13222) Pause Young (G1 Evacuation Pause) 237M->22M(368M) 1,838ms
[3231,943s][info][gc] GC(13223) Pause Young (G1 Evacuation Pause) 237M->22M(368M) 1,697ms
[3232,197s][info][gc] GC(13224) Pause Young (G1 Evacuation Pause) 237M->23M(368M) 1,827ms
[3232,451s][info][gc] GC(13225) Pause Young (G1 Evacuation Pause) 237M->22M(368M) 1,477ms
[3232,694s][info][gc] GC(13226) Pause Young (G1 Evacuation Pause) 237M->22M(368M) 1,240ms
[3232,926s][info][gc] GC(13227) Pause Young (G1 Evacuation Pause) 237M->22M(368M) 1,130ms
[3233,159s][info][gc] GC(13228) Pause Young (G1 Evacuation Pause) 237M->22M(368M) 1,374ms
[3233,391s][info][gc] GC(13229) Pause Young (G1 Evacuation Pause) 237M->23M(368M) 1,292ms
[3233,623s][info][gc] GC(13230) Pause Young (G1 Evacuation Pause) 237M->22M(368M) 1,317ms
[3233,856s][info][gc] GC(13231) Pause Young (G1 Evacuation Pause) 237M->22M(368M) 1,350ms
[3234,090s][info][gc] GC(13232) Pause Young (G1 Evacuation Pause) 237M->22M(368M) 1,474ms
[3234,323s][info][gc] GC(13233) Pause Young (G1 Evacuation Pause) 237M->22M(368M) 1,421ms
[3234,587s][info][gc] GC(13234) Pause Young (G1 Evacuation Pause) 237M->22M(368M) 2,413ms
[3234,827s][info][gc] GC(13235) Pause Young (G1 Evacuation Pause) 236M->22M(368M) 1,217ms
[3235,059s][info][gc] GC(13236) Pause Young (G1 Evacuation Pause) 237M->22M(368M) 1,163ms
[3235,294s][info][gc] GC(13237) Pause Young (G1 Evacuation Pause) 237M->22M(368M) 3,634ms
[3235,548s][info][gc] GC(13238) Pause Young (G1 Evacuation Pause) 237M->22M(368M) 1,835ms
[3235,795s][info][gc] GC(13239) Pause Young (G1 Evacuation Pause) 237M->23M(368M) 1,499ms
[3236,055s][info][gc] GC(13240) Pause Young (G1 Evacuation Pause) 237M->22M(368M) 1,583ms
[3236,309s][info][gc] GC(13241) Pause Young (G1 Evacuation Pause) 237M->22M(368M) 1,614ms
[3236,576s][info][gc] GC(13242) Pause Young (G1 Evacuation Pause) 237M->22M(368M) 1,581ms
[3236,808s][info][gc] GC(13243) Pause Young (G1 Evacuation Pause) 237M->22M(368M) 1,247ms
[3237,069s][info][gc] GC(13244) Pause Young (G1 Evacuation Pause) 237M->22M(368M) 5,547ms
[3237,301s][info][gc] GC(13245) Pause Young (G1 Evacuation Pause) 237M->23M(368M) 1,155ms
[3237,533s][info][gc] GC(13246) Pause Young (G1 Evacuation Pause) 237M->22M(368M) 1,129ms
[3237,765s][info][gc] GC(13247) Pause Young (G1 Evacuation Pause) 237M->22M(368M) 1,180ms
[3238,035s][info][gc] GC(13248) Pause Young (G1 Evacuation Pause) 237M->22M(368M) 1,659ms
[3238,286s][info][gc] GC(13249) Pause Young (G1 Evacuation Pause) 237M->22M(368M) 1,296ms
[3238,518s][info][gc] GC(13250) Pause Young (G1 Evacuation Pause) 237M->23M(368M) 1,328ms
[3238,750s][info][gc] GC(13251) Pause Young (G1 Evacuation Pause) 237M->22M(368M) 1,227ms
[3238,982s][info][gc] GC(13252) Pause Young (G1 Evacuation Pause) 237M->22M(368M) 1,251ms
[3239,214s][info][gc] GC(13253) Pause Young (G1 Evacuation Pause) 237M->22M(368M) 1,357ms
[3239,465s][info][gc] GC(13254) Pause Young (G1 Evacuation Pause) 237M->22M(368M) 2,355ms
[3239,719s][info][gc] GC(13255) Pause Young (G1 Evacuation Pause) 237M->23M(368M) 1,883ms
[3239,977s][info][gc] GC(13256) Pause Young (G1 Evacuation Pause) 237M->22M(368M) 2,208ms
[3240,238s][info][gc] GC(13257) Pause Young (G1 Evacuation Pause) 237M->22M(368M) 1,862ms
[3240,471s][info][gc] GC(13258) Pause Young (G1 Evacuation Pause) 237M->22M(368M) 1,343ms
[3240,703s][info][gc] GC(13259) Pause Young (G1 Evacuation Pause) 237M->22M(368M) 1,246ms
[3240,957s][info][gc] GC(13260) Pause Young (G1 Evacuation Pause) 237M->22M(368M) 1,967ms
[3241,190s][info][gc] GC(13261) Pause Young (G1 Evacuation Pause) 236M->22M(368M) 1,398ms
[3241,424s][info][gc] GC(13262) Pause Young (G1 Evacuation Pause) 237M->22M(368M) 1,565ms
[3241,657s][info][gc] GC(13263) Pause Young (G1 Evacuation Pause) 237M->22M(368M) 1,660ms
[3241,898s][info][gc] GC(13264) Pause Young (G1 Evacuation Pause) 237M->22M(368M) 2,538ms
[3242,166s][info][gc] GC(13265) Pause Young (G1 Evacuation Pause) 237M->22M(368M) 2,552ms
[3242,429s][info][gc] GC(13266) Pause Young (G1 Evacuation Pause) 236M->22M(368M) 1,345ms
[3242,663s][info][gc] GC(13267) Pause Young (G1 Evacuation Pause) 237M->22M(368M) 1,540ms
[3242,905s][info][gc] GC(13268) Pause Young (G1 Evacuation Pause) 237M->22M(368M) 1,748ms
[3243,138s][info][gc] GC(13269) Pause Young (G1 Evacuation Pause) 237M->22M(368M) 1,430ms
[3243,375s][info][gc] GC(13270) Pause Young (G1 Evacuation Pause) 237M->22M(368M) 4,087ms
[3243,636s][info][gc] GC(13271) Pause Young (G1 Evacuation Pause) 236M->22M(368M) 3,371ms
[3243,914s][info][gc] GC(13272) Pause Young (G1 Evacuation Pause) 237M->22M(368M) 1,686ms
[3244,148s][info][gc] GC(13273) Pause Young (G1 Evacuation Pause) 237M->22M(368M) 1,439ms
[3244,381s][info][gc] GC(13274) Pause Young (G1 Evacuation Pause) 237M->22M(368M) 1,453ms
[3244,614s][info][gc] GC(13275) Pause Young (G1 Evacuation Pause) 237M->22M(368M) 2,015ms
[3244,846s][info][gc] GC(13276) Pause Young (G1 Evacuation Pause) 236M->22M(368M) 1,167ms
[3245,113s][info][gc] GC(13277) Pause Young (G1 Evacuation Pause) 237M->22M(368M) 1,735ms
[3245,370s][info][gc] GC(13278) Pause Young (G1 Evacuation Pause) 237M->22M(368M) 3,617ms
[3245,618s][info][gc] GC(13279) Pause Young (G1 Evacuation Pause) 237M->22M(368M) 1,251ms
[3245,850s][info][gc] GC(13280) Pause Young (G1 Evacuation Pause) 237M->22M(368M) 1,244ms
[3246,114s][info][gc] GC(13281) Pause Young (G1 Evacuation Pause) 237M->22M(368M) 1,606ms
[3246,346s][info][gc] GC(13282) Pause Young (G1 Evacuation Pause) 236M->22M(368M) 1,319ms
[3246,607s][info][gc] GC(13283) Pause Young (G1 Evacuation Pause) 237M->22M(368M) 1,682ms
[3246,843s][info][gc] GC(13284) Pause Young (G1 Evacuation Pause) 237M->22M(368M) 1,184ms
[3247,075s][info][gc] GC(13285) Pause Young (G1 Evacuation Pause) 237M->22M(368M) 1,217ms
[3247,333s][info][gc] GC(13286) Pause Young (G1 Evacuation Pause) 237M->22M(368M) 1,589ms
[3247,567s][info][gc] GC(13287) Pause Young (G1 Evacuation Pause) 236M->21M(368M) 2,507ms
[3247,800s][info][gc] GC(13288) Pause Young (G1 Evacuation Pause) 236M->22M(368M) 1,481ms
[3248,032s][info][gc] GC(13289) Pause Young (G1 Evacuation Pause) 237M->22M(368M) 1,214ms
[3248,266s][info][gc] GC(13290) Pause Young (G1 Evacuation Pause) 237M->22M(368M) 2,973ms
[3248,498s][info][gc] GC(13291) Pause Young (G1 Evacuation Pause) 237M->22M(368M) 1,339ms
[3248,733s][info][gc] GC(13292) Pause Young (G1 Evacuation Pause) 237M->23M(368M) 1,543ms
[3248,966s][info][gc] GC(13293) Pause Young (G1 Evacuation Pause) 237M->22M(368M) 1,373ms
[3249,199s][info][gc] GC(13294) Pause Young (G1 Evacuation Pause) 237M->22M(368M) 1,312ms
[3249,445s][info][gc] GC(13295) Pause Young (G1 Evacuation Pause) 237M->22M(368M) 1,799ms
[3249,699s][info][gc] GC(13296) Pause Young (G1 Evacuation Pause) 237M->22M(368M) 1,764ms
[3249,932s][info][gc] GC(13297) Pause Young (G1 Evacuation Pause) 236M->22M(368M) 1,164ms
[3250,164s][info][gc] GC(13298) Pause Young (G1 Evacuation Pause) 237M->22M(368M) 1,196ms
[3250,409s][info][gc] GC(13299) Pause Young (G1 Evacuation Pause) 237M->22M(368M) 2,383ms
[3250,645s][info][gc] GC(13300) Pause Young (G1 Evacuation Pause) 237M->22M(368M) 1,528ms
[3250,878s][info][gc] GC(13301) Pause Young (G1 Evacuation Pause) 237M->22M(368M) 1,440ms
[3251,110s][info][gc] GC(13302) Pause Young (G1 Evacuation Pause) 237M->23M(368M) 1,291ms
[3251,342s][info][gc] GC(13303) Pause Young (G1 Evacuation Pause) 237M->22M(368M) 1,204ms
[3251,602s][info][gc] GC(13304) Pause Young (G1 Evacuation Pause) 237M->22M(368M) 1,790ms
[3251,856s][info][gc] GC(13305) Pause Young (G1 Evacuation Pause) 237M->22M(368M) 1,651ms
[3252,098s][info][gc] GC(13306) Pause Young (G1 Evacuation Pause) 237M->22M(368M) 1,237ms
[3252,331s][info][gc] GC(13307) Pause Young (G1 Evacuation Pause) 237M->22M(368M) 1,386ms
[3252,592s][info][gc] GC(13308) Pause Young (G1 Evacuation Pause) 237M->23M(368M) 4,252ms
[3252,828s][info][gc] GC(13309) Pause Young (G1 Evacuation Pause) 237M->22M(368M) 1,331ms
[3253,077s][info][gc] GC(13310) Pause Young (G1 Evacuation Pause) 237M->22M(368M) 2,510ms
[3253,321s][info][gc] GC(13311) Pause Young (G1 Evacuation Pause) 237M->22M(368M) 1,113ms
[3253,577s][info][gc] GC(13312) Pause Young (G1 Evacuation Pause) 237M->22M(368M) 1,915ms
[3253,834s][info][gc] GC(13313) Pause Young (G1 Evacuation Pause) 237M->23M(368M) 1,837ms
[3254,092s][info][gc] GC(13314) Pause Young (G1 Evacuation Pause) 237M->22M(368M) 3,876ms
[3254,348s][info][gc] GC(13315) Pause Young (G1 Evacuation Pause) 237M->22M(368M) 1,697ms
[3254,613s][info][gc] GC(13316) Pause Young (G1 Evacuation Pause) 237M->22M(368M) 1,820ms
[3254,870s][info][gc] GC(13317) Pause Young (G1 Evacuation Pause) 237M->22M(368M) 3,704ms
[3255,124s][info][gc] GC(13318) Pause Young (G1 Evacuation Pause) 237M->23M(368M) 1,902ms
[3255,378s][info][gc] GC(13319) Pause Young (G1 Evacuation Pause) 237M->22M(368M) 1,700ms
[3255,632s][info][gc] GC(13320) Pause Young (G1 Evacuation Pause) 237M->22M(368M) 1,655ms
[3255,886s][info][gc] GC(13321) Pause Young (G1 Evacuation Pause) 237M->22M(368M) 1,945ms
[3256,140s][info][gc] GC(13322) Pause Young (G1 Evacuation Pause) 237M->22M(368M) 1,828ms
[3256,399s][info][gc] GC(13323) Pause Young (G1 Evacuation Pause) 237M->22M(368M) 2,444ms
[3256,649s][info][gc] GC(13324) Pause Young (G1 Evacuation Pause) 236M->22M(368M) 1,039ms
[3256,881s][info][gc] GC(13325) Pause Young (G1 Evacuation Pause) 237M->22M(368M) 1,109ms
[3257,141s][info][gc] GC(13326) Pause Young (G1 Evacuation Pause) 237M->22M(368M) 1,883ms
[3257,384s][info][gc] GC(13327) Pause Young (G1 Evacuation Pause) 237M->22M(368M) 4,146ms
[3257,617s][info][gc] GC(13328) Pause Young (G1 Evacuation Pause) 237M->22M(368M) 1,145ms
[3257,850s][info][gc] GC(13329) Pause Young (G1 Evacuation Pause) 236M->21M(368M) 1,934ms
[3258,082s][info][gc] GC(13330) Pause Young (G1 Evacuation Pause) 236M->22M(368M) 1,199ms
[3258,329s][info][gc] GC(13331) Pause Young (G1 Evacuation Pause) 237M->22M(368M) 1,220ms
[3258,594s][info][gc] GC(13332) Pause Young (G1 Evacuation Pause) 237M->22M(368M) 1,722ms
[3258,831s][info][gc] GC(13333) Pause Young (G1 Evacuation Pause) 237M->22M(368M) 1,407ms
[3259,064s][info][gc] GC(13334) Pause Young (G1 Evacuation Pause) 236M->22M(368M) 1,302ms
[3259,297s][info][gc] GC(13335) Pause Young (G1 Evacuation Pause) 237M->22M(368M) 1,191ms
[3259,557s][info][gc] GC(13336) Pause Young (G1 Evacuation Pause) 237M->22M(368M) 2,261ms
[3259,795s][info][gc] GC(13337) Pause Young (G1 Evacuation Pause) 237M->22M(368M) 1,158ms
[3260,054s][info][gc] GC(13338) Pause Young (G1 Evacuation Pause) 237M->22M(368M) 1,974ms
[3260,299s][info][gc] GC(13339) Pause Young (G1 Evacuation Pause) 236M->22M(368M) 1,188ms
[3260,553s][info][gc] GC(13340) Pause Young (G1 Evacuation Pause) 237M->22M(368M) 1,721ms
[3260,788s][info][gc] GC(13341) Pause Young (G1 Evacuation Pause) 237M->22M(368M) 1,209ms
[3261,027s][info][gc] GC(13342) Pause Young (G1 Evacuation Pause) 237M->22M(368M) 1,090ms
[3261,288s][info][gc] GC(13343) Pause Young (G1 Evacuation Pause) 237M->22M(368M) 1,903ms
[3261,547s][info][gc] GC(13344) Pause Young (G1 Evacuation Pause) 237M->23M(368M) 1,720ms
[3261,801s][info][gc] GC(13345) Pause Young (G1 Evacuation Pause) 237M->22M(368M) 1,740ms
[3262,061s][info][gc] GC(13346) Pause Young (G1 Evacuation Pause) 237M->22M(368M) 1,844ms
[3262,294s][info][gc] GC(13347) Pause Young (G1 Evacuation Pause) 237M->22M(368M) 1,164ms
[3262,547s][info][gc] GC(13348) Pause Young (G1 Evacuation Pause) 237M->22M(368M) 1,877ms
[3262,787s][info][gc] GC(13349) Pause Young (G1 Evacuation Pause) 237M->22M(368M) 1,318ms
[3263,032s][info][gc] GC(13350) Pause Young (G1 Evacuation Pause) 236M->22M(368M) 1,446ms
[3263,264s][info][gc] GC(13351) Pause Young (G1 Evacuation Pause) 237M->22M(368M) 1,072ms
[3263,518s][info][gc] GC(13352) Pause Young (G1 Evacuation Pause) 237M->22M(368M) 2,507ms
[3263,776s][info][gc] GC(13353) Pause Young (G1 Evacuation Pause) 237M->22M(368M) 1,801ms
[3264,036s][info][gc] GC(13354) Pause Young (G1 Evacuation Pause) 237M->22M(368M) 1,683ms
[3264,270s][info][gc] GC(13355) Pause Young (G1 Evacuation Pause) 237M->22M(368M) 2,194ms
[3264,502s][info][gc] GC(13356) Pause Young (G1 Evacuation Pause) 236M->22M(368M) 1,313ms
[3264,734s][info][gc] GC(13357) Pause Young (G1 Evacuation Pause) 237M->22M(368M) 1,089ms
[3264,966s][info][gc] GC(13358) Pause Young (G1 Evacuation Pause) 237M->22M(368M) 1,194ms
[3265,199s][info][gc] GC(13359) Pause Young (G1 Evacuation Pause) 237M->22M(368M) 1,548ms
[3265,446s][info][gc] GC(13360) Pause Young (G1 Evacuation Pause) 237M->23M(368M) 1,820ms
[3265,705s][info][gc] GC(13361) Pause Young (G1 Evacuation Pause) 237M->22M(368M) 1,682ms
[3265,956s][info][gc] GC(13362) Pause Young (G1 Evacuation Pause) 237M->22M(368M) 1,700ms
[3266,201s][info][gc] GC(13363) Pause Young (G1 Evacuation Pause) 237M->22M(368M) 1,284ms
[3266,472s][info][gc] GC(13364) Pause Young (G1 Evacuation Pause) 237M->22M(368M) 1,688ms
[3266,726s][info][gc] GC(13365) Pause Young (G1 Evacuation Pause) 237M->23M(368M) 1,958ms
[3266,984s][info][gc] GC(13366) Pause Young (G1 Evacuation Pause) 237M->22M(368M) 1,676ms
[3267,217s][info][gc] GC(13367) Pause Young (G1 Evacuation Pause) 237M->22M(368M) 1,415ms
[3267,466s][info][gc] GC(13368) Pause Young (G1 Evacuation Pause) 237M->22M(368M) 3,449ms
[3267,719s][info][gc] GC(13369) Pause Young (G1 Evacuation Pause) 237M->22M(368M) 1,838ms
[3267,971s][info][gc] GC(13370) Pause Young (G1 Evacuation Pause) 237M->22M(368M) 2,397ms
[3268,206s][info][gc] GC(13371) Pause Young (G1 Evacuation Pause) 236M->22M(368M) 1,353ms
[3268,452s][info][gc] GC(13372) Pause Young (G1 Evacuation Pause) 237M->22M(368M) 1,664ms
[3268,685s][info][gc] GC(13373) Pause Young (G1 Evacuation Pause) 237M->22M(368M) 1,159ms
[3268,917s][info][gc] GC(13374) Pause Young (G1 Evacuation Pause) 237M->22M(368M) 1,136ms
[3269,149s][info][gc] GC(13375) Pause Young (G1 Evacuation Pause) 237M->22M(368M) 1,185ms
[3269,386s][info][gc] GC(13376) Pause Young (G1 Evacuation Pause) 236M->22M(368M) 4,314ms
[3269,651s][info][gc] GC(13377) Pause Young (G1 Evacuation Pause) 237M->22M(368M) 2,201ms
[3269,909s][info][gc] GC(13378) Pause Young (G1 Evacuation Pause) 237M->22M(368M) 2,351ms
[3270,143s][info][gc] GC(13379) Pause Young (G1 Evacuation Pause) 237M->22M(368M) 1,232ms
[3270,377s][info][gc] GC(13380) Pause Young (G1 Evacuation Pause) 237M->22M(368M) 1,447ms
[3270,610s][info][gc] GC(13381) Pause Young (G1 Evacuation Pause) 237M->23M(368M) 1,389ms
[3270,843s][info][gc] GC(13382) Pause Young (G1 Evacuation Pause) 237M->22M(368M) 1,405ms
[3271,108s][info][gc] GC(13383) Pause Young (G1 Evacuation Pause) 237M->22M(368M) 2,468ms
[3271,357s][info][gc] GC(13384) Pause Young (G1 Evacuation Pause) 237M->22M(368M) 1,107ms
[3271,616s][info][gc] GC(13385) Pause Young (G1 Evacuation Pause) 237M->22M(368M) 1,926ms
[3271,858s][info][gc] GC(13386) Pause Young (G1 Evacuation Pause) 237M->23M(368M) 1,557ms
[3272,091s][info][gc] GC(13387) Pause Young (G1 Evacuation Pause) 237M->22M(368M) 1,456ms
[3272,324s][info][gc] GC(13388) Pause Young (G1 Evacuation Pause) 237M->22M(368M) 1,536ms
[3272,567s][info][gc] GC(13389) Pause Young (G1 Evacuation Pause) 237M->22M(368M) 1,760ms
[3272,799s][info][gc] GC(13390) Pause Young (G1 Evacuation Pause) 237M->22M(368M) 1,255ms
[3273,048s][info][gc] GC(13391) Pause Young (G1 Evacuation Pause) 237M->22M(368M) 1,648ms
[3273,281s][info][gc] GC(13392) Pause Young (G1 Evacuation Pause) 236M->22M(368M) 1,029ms
[3273,513s][info][gc] GC(13393) Pause Young (G1 Evacuation Pause) 237M->22M(368M) 1,086ms
[3273,768s][info][gc] GC(13394) Pause Young (G1 Evacuation Pause) 237M->22M(368M) 1,767ms
[3274,026s][info][gc] GC(13395) Pause Young (G1 Evacuation Pause) 237M->22M(368M) 1,672ms
[3274,280s][info][gc] GC(13396) Pause Young (G1 Evacuation Pause) 237M->22M(368M) 1,701ms
[3274,539s][info][gc] GC(13397) Pause Young (G1 Evacuation Pause) 237M->23M(368M) 1,780ms
[3274,785s][info][gc] GC(13398) Pause Young (G1 Evacuation Pause) 237M->22M(368M) 2,684ms
[3275,018s][info][gc] GC(13399) Pause Young (G1 Evacuation Pause) 237M->22M(368M) 1,585ms
[3275,251s][info][gc] GC(13400) Pause Young (G1 Evacuation Pause) 237M->22M(368M) 1,522ms
[3275,484s][info][gc] GC(13401) Pause Young (G1 Evacuation Pause) 237M->22M(368M) 1,411ms
[3275,717s][info][gc] GC(13402) Pause Young (G1 Evacuation Pause) 237M->22M(368M) 1,571ms
[3275,964s][info][gc] GC(13403) Pause Young (G1 Evacuation Pause) 236M->22M(368M) 1,785ms
[3276,218s][info][gc] GC(13404) Pause Young (G1 Evacuation Pause) 237M->22M(368M) 1,876ms
[3276,480s][info][gc] GC(13405) Pause Young (G1 Evacuation Pause) 237M->22M(368M) 2,485ms
[3276,720s][info][gc] GC(13406) Pause Young (G1 Evacuation Pause) 237M->22M(368M) 1,344ms
[3276,967s][info][gc] GC(13407) Pause Young (G1 Evacuation Pause) 237M->22M(368M) 1,855ms
[3277,221s][info][gc] GC(13408) Pause Young (G1 Evacuation Pause) 236M->22M(368M) 1,803ms
[3277,478s][info][gc] GC(13409) Pause Young (G1 Evacuation Pause) 237M->22M(368M) 2,378ms
[3277,724s][info][gc] GC(13410) Pause Young (G1 Evacuation Pause) 237M->22M(368M) 1,278ms
[3277,956s][info][gc] GC(13411) Pause Young (G1 Evacuation Pause) 237M->22M(368M) 1,326ms
[3278,188s][info][gc] GC(13412) Pause Young (G1 Evacuation Pause) 237M->23M(368M) 1,367ms
[3278,420s][info][gc] GC(13413) Pause Young (G1 Evacuation Pause) 237M->22M(368M) 1,102ms
[3278,652s][info][gc] GC(13414) Pause Young (G1 Evacuation Pause) 237M->22M(368M) 1,113ms
[3278,893s][info][gc] GC(13415) Pause Young (G1 Evacuation Pause) 237M->22M(368M) 2,346ms
[3279,129s][info][gc] GC(13416) Pause Young (G1 Evacuation Pause) 237M->22M(368M) 1,490ms
[3279,366s][info][gc] GC(13417) Pause Young (G1 Evacuation Pause) 237M->22M(368M) 3,944ms
[3279,622s][info][gc] GC(13418) Pause Young (G1 Evacuation Pause) 237M->23M(368M) 1,888ms
[3279,881s][info][gc] GC(13419) Pause Young (G1 Evacuation Pause) 237M->22M(368M) 2,340ms
[3280,116s][info][gc] GC(13420) Pause Young (G1 Evacuation Pause) 237M->22M(368M) 1,561ms
[3280,350s][info][gc] GC(13421) Pause Young (G1 Evacuation Pause) 237M->22M(368M) 1,382ms
[3280,598s][info][gc] GC(13422) Pause Young (G1 Evacuation Pause) 237M->22M(368M) 2,053ms
[3280,830s][info][gc] GC(13423) Pause Young (G1 Evacuation Pause) 236M->22M(368M) 1,170ms
[3281,088s][info][gc] GC(13424) Pause Young (G1 Evacuation Pause) 237M->22M(368M) 1,676ms
[3281,342s][info][gc] GC(13425) Pause Young (G1 Evacuation Pause) 237M->22M(368M) 1,710ms
[3281,600s][info][gc] GC(13426) Pause Young (G1 Evacuation Pause) 237M->22M(368M) 1,881ms
[3281,848s][info][gc] GC(13427) Pause Young (G1 Evacuation Pause) 237M->22M(368M) 1,319ms
[3282,111s][info][gc] GC(13428) Pause Young (G1 Evacuation Pause) 237M->22M(368M) 1,863ms
[3282,352s][info][gc] GC(13429) Pause Young (G1 Evacuation Pause) 236M->22M(368M) 1,263ms
[3282,584s][info][gc] GC(13430) Pause Young (G1 Evacuation Pause) 237M->22M(368M) 1,383ms
[3282,816s][info][gc] GC(13431) Pause Young (G1 Evacuation Pause) 237M->22M(368M) 1,251ms
[3283,079s][info][gc] GC(13432) Pause Young (G1 Evacuation Pause) 237M->22M(368M) 1,858ms
[3283,323s][info][gc] GC(13433) Pause Young (G1 Evacuation Pause) 237M->22M(368M) 1,340ms
[3283,584s][info][gc] GC(13434) Pause Young (G1 Evacuation Pause) 236M->22M(368M) 1,815ms
[3283,842s][info][gc] GC(13435) Pause Young (G1 Evacuation Pause) 237M->22M(368M) 1,855ms
[3284,101s][info][gc] GC(13436) Pause Young (G1 Evacuation Pause) 237M->22M(368M) 1,782ms
[3284,355s][info][gc] GC(13437) Pause Young (G1 Evacuation Pause) 237M->22M(368M) 1,766ms
[3284,600s][info][gc] GC(13438) Pause Young (G1 Evacuation Pause) 237M->22M(368M) 6,926ms
[3284,850s][info][gc] GC(13439) Pause Young (G1 Evacuation Pause) 236M->22M(368M) 1,738ms
[3285,108s][info][gc] GC(13440) Pause Young (G1 Evacuation Pause) 237M->22M(368M) 1,830ms
[3285,366s][info][gc] GC(13441) Pause Young (G1 Evacuation Pause) 237M->22M(368M) 3,794ms
[3285,622s][info][gc] GC(13442) Pause Young (G1 Evacuation Pause) 237M->22M(368M) 2,245ms
[3285,883s][info][gc] GC(13443) Pause Young (G1 Evacuation Pause) 237M->22M(368M) 4,182ms
[3286,146s][info][gc] GC(13444) Pause Young (G1 Evacuation Pause) 236M->22M(368M) 1,745ms
[3286,415s][info][gc] GC(13445) Pause Young (G1 Evacuation Pause) 237M->21M(368M) 7,671ms
[3286,667s][info][gc] GC(13446) Pause Young (G1 Evacuation Pause) 236M->22M(368M) 1,389ms
[3286,930s][info][gc] GC(13447) Pause Young (G1 Evacuation Pause) 237M->22M(368M) 1,830ms
[3287,184s][info][gc] GC(13448) Pause Young (G1 Evacuation Pause) 237M->22M(368M) 1,853ms
[3287,452s][info][gc] GC(13449) Pause Young (G1 Evacuation Pause) 237M->23M(368M) 2,537ms
[3287,687s][info][gc] GC(13450) Pause Young (G1 Evacuation Pause) 237M->22M(368M) 1,049ms
[3287,919s][info][gc] GC(13451) Pause Young (G1 Evacuation Pause) 237M->22M(368M) 1,351ms
[3288,152s][info][gc] GC(13452) Pause Young (G1 Evacuation Pause) 237M->22M(368M) 1,370ms
[3288,395s][info][gc] GC(13453) Pause Young (G1 Evacuation Pause) 237M->22M(368M) 2,455ms
[3288,636s][info][gc] GC(13454) Pause Young (G1 Evacuation Pause) 237M->22M(368M) 2,061ms
[3288,873s][info][gc] GC(13455) Pause Young (G1 Evacuation Pause) 236M->22M(368M) 3,887ms
[3289,131s][info][gc] GC(13456) Pause Young (G1 Evacuation Pause) 237M->22M(368M) 1,830ms
[3289,390s][info][gc] GC(13457) Pause Young (G1 Evacuation Pause) 237M->22M(368M) 2,744ms
[3289,626s][info][gc] GC(13458) Pause Young (G1 Evacuation Pause) 237M->22M(368M) 2,818ms
[3289,873s][info][gc] GC(13459) Pause Young (G1 Evacuation Pause) 236M->21M(368M) 3,872ms
[3290,136s][info][gc] GC(13460) Pause Young (G1 Evacuation Pause) 236M->22M(368M) 1,443ms
[3290,375s][info][gc] GC(13461) Pause Young (G1 Evacuation Pause) 237M->21M(368M) 2,028ms
[3290,608s][info][gc] GC(13462) Pause Young (G1 Evacuation Pause) 236M->22M(368M) 1,942ms
[3290,840s][info][gc] GC(13463) Pause Young (G1 Evacuation Pause) 237M->22M(368M) 1,117ms
[3291,101s][info][gc] GC(13464) Pause Young (G1 Evacuation Pause) 237M->22M(368M) 1,771ms
[3291,355s][info][gc] GC(13465) Pause Young (G1 Evacuation Pause) 236M->22M(368M) 1,729ms
[3291,614s][info][gc] GC(13466) Pause Young (G1 Evacuation Pause) 237M->22M(368M) 1,704ms
[3291,868s][info][gc] GC(13467) Pause Young (G1 Evacuation Pause) 237M->22M(368M) 1,927ms
[3292,122s][info][gc] GC(13468) Pause Young (G1 Evacuation Pause) 237M->22M(368M) 1,911ms
[3292,368s][info][gc] GC(13469) Pause Young (G1 Evacuation Pause) 237M->22M(368M) 4,250ms
[3292,611s][info][gc] GC(13470) Pause Young (G1 Evacuation Pause) 237M->22M(368M) 3,080ms
[3292,851s][info][gc] GC(13471) Pause Young (G1 Evacuation Pause) 236M->22M(368M) 1,511ms
[3293,093s][info][gc] GC(13472) Pause Young (G1 Evacuation Pause) 237M->22M(368M) 1,226ms
[3293,325s][info][gc] GC(13473) Pause Young (G1 Evacuation Pause) 237M->22M(368M) 1,296ms
[3293,586s][info][gc] GC(13474) Pause Young (G1 Evacuation Pause) 237M->22M(368M) 1,824ms
[3293,840s][info][gc] GC(13475) Pause Young (G1 Evacuation Pause) 237M->23M(368M) 1,712ms
[3294,100s][info][gc] GC(13476) Pause Young (G1 Evacuation Pause) 237M->22M(368M) 1,672ms
[3294,354s][info][gc] GC(13477) Pause Young (G1 Evacuation Pause) 237M->22M(368M) 1,725ms
[3294,608s][info][gc] GC(13478) Pause Young (G1 Evacuation Pause) 237M->22M(368M) 1,884ms
[3294,882s][info][gc] GC(13479) Pause Young (G1 Evacuation Pause) 237M->22M(368M) 1,812ms
[3295,135s][info][gc] GC(13480) Pause Young (G1 Evacuation Pause) 237M->22M(368M) 1,786ms
[3295,396s][info][gc] GC(13481) Pause Young (G1 Evacuation Pause) 236M->22M(368M) 3,156ms
[3295,631s][info][gc] GC(13482) Pause Young (G1 Evacuation Pause) 237M->22M(368M) 1,323ms
[3295,864s][info][gc] GC(13483) Pause Young (G1 Evacuation Pause) 237M->22M(368M) 1,522ms
[3296,097s][info][gc] GC(13484) Pause Young (G1 Evacuation Pause) 237M->22M(368M) 1,674ms
[3296,329s][info][gc] GC(13485) Pause Young (G1 Evacuation Pause) 237M->22M(368M) 1,338ms
[3296,589s][info][gc] GC(13486) Pause Young (G1 Evacuation Pause) 237M->23M(368M) 1,152ms
[3296,834s][info][gc] GC(13487) Pause Young (G1 Evacuation Pause) 237M->22M(368M) 1,854ms
[3297,088s][info][gc] GC(13488) Pause Young (G1 Evacuation Pause) 237M->22M(368M) 1,620ms
[3297,351s][info][gc] GC(13489) Pause Young (G1 Evacuation Pause) 237M->22M(368M) 1,776ms
[3297,626s][info][gc] GC(13490) Pause Young (G1 Evacuation Pause) 237M->22M(368M) 1,845ms
[3297,880s][info][gc] GC(13491) Pause Young (G1 Evacuation Pause) 237M->23M(368M) 1,807ms
[3298,134s][info][gc] GC(13492) Pause Young (G1 Evacuation Pause) 237M->22M(368M) 1,688ms
[3298,381s][info][gc] GC(13493) Pause Young (G1 Evacuation Pause) 237M->22M(368M) 2,638ms
[3298,615s][info][gc] GC(13494) Pause Young (G1 Evacuation Pause) 237M->22M(368M) 1,102ms
[3298,847s][info][gc] GC(13495) Pause Young (G1 Evacuation Pause) 237M->22M(368M) 1,273ms
[3299,079s][info][gc] GC(13496) Pause Young (G1 Evacuation Pause) 237M->22M(368M) 1,170ms
[3299,311s][info][gc] GC(13497) Pause Young (G1 Evacuation Pause) 236M->22M(368M) 1,149ms
[3299,574s][info][gc] GC(13498) Pause Young (G1 Evacuation Pause) 237M->22M(368M) 1,624ms
[3299,828s][info][gc] GC(13499) Pause Young (G1 Evacuation Pause) 237M->22M(368M) 1,851ms
[3300,088s][info][gc] GC(13500) Pause Young (G1 Evacuation Pause) 237M->22M(368M) 1,970ms
[3300,320s][info][gc] GC(13501) Pause Young (G1 Evacuation Pause) 237M->22M(368M) 1,254ms
[3300,582s][info][gc] GC(13502) Pause Young (G1 Evacuation Pause) 236M->22M(368M) 1,612ms
[3300,818s][info][gc] GC(13503) Pause Young (G1 Evacuation Pause) 237M->22M(368M) 1,061ms
[3301,060s][info][gc] GC(13504) Pause Young (G1 Evacuation Pause) 237M->22M(368M) 1,372ms
[3301,293s][info][gc] GC(13505) Pause Young (G1 Evacuation Pause) 237M->22M(368M) 1,532ms
[3301,526s][info][gc] GC(13506) Pause Young (G1 Evacuation Pause) 237M->22M(368M) 1,676ms
[3301,759s][info][gc] GC(13507) Pause Young (G1 Evacuation Pause) 236M->22M(368M) 1,553ms
[3301,992s][info][gc] GC(13508) Pause Young (G1 Evacuation Pause) 237M->22M(368M) 1,546ms
[3302,225s][info][gc] GC(13509) Pause Young (G1 Evacuation Pause) 237M->22M(368M) 1,527ms
[3302,458s][info][gc] GC(13510) Pause Young (G1 Evacuation Pause) 237M->22M(368M) 1,957ms
[3302,692s][info][gc] GC(13511) Pause Young (G1 Evacuation Pause) 237M->22M(368M) 1,744ms
[3302,939s][info][gc] GC(13512) Pause Young (G1 Evacuation Pause) 236M->22M(368M) 1,455ms
[3303,172s][info][gc] GC(13513) Pause Young (G1 Evacuation Pause) 237M->21M(368M) 1,500ms
[3303,415s][info][gc] GC(13514) Pause Young (G1 Evacuation Pause) 236M->22M(368M) 2,471ms
[3303,669s][info][gc] GC(13515) Pause Young (G1 Evacuation Pause) 237M->22M(368M) 1,807ms
[3303,914s][info][gc] GC(13516) Pause Young (G1 Evacuation Pause) 237M->22M(368M) 2,537ms
[3304,171s][info][gc] GC(13517) Pause Young (G1 Evacuation Pause) 237M->23M(368M) 1,728ms
[3304,443s][info][gc] GC(13518) Pause Young (G1 Evacuation Pause) 237M->22M(368M) 1,609ms
[3304,686s][info][gc] GC(13519) Pause Young (G1 Evacuation Pause) 237M->22M(368M) 2,513ms
[3304,951s][info][gc] GC(13520) Pause Young (G1 Evacuation Pause) 237M->22M(368M) 1,818ms
[3305,211s][info][gc] GC(13521) Pause Young (G1 Evacuation Pause) 237M->22M(368M) 1,874ms
[3305,474s][info][gc] GC(13522) Pause Young (G1 Evacuation Pause) 237M->22M(368M) 2,409ms
[3305,731s][info][gc] GC(13523) Pause Young (G1 Evacuation Pause) 236M->22M(368M) 1,712ms
[3305,992s][info][gc] GC(13524) Pause Young (G1 Evacuation Pause) 237M->22M(368M) 1,836ms
[3306,252s][info][gc] GC(13525) Pause Young (G1 Evacuation Pause) 237M->22M(368M) 2,412ms
[3306,511s][info][gc] GC(13526) Pause Young (G1 Evacuation Pause) 237M->22M(368M) 1,853ms
[3306,766s][info][gc] GC(13527) Pause Young (G1 Evacuation Pause) 237M->22M(368M) 1,990ms
[3307,009s][info][gc] GC(13528) Pause Young (G1 Evacuation Pause) 237M->23M(368M) 1,925ms
[3307,242s][info][gc] GC(13529) Pause Young (G1 Evacuation Pause) 237M->22M(368M) 1,785ms
[3307,498s][info][gc] GC(13530) Pause Young (G1 Evacuation Pause) 237M->22M(368M) 3,897ms
[3307,763s][info][gc] GC(13531) Pause Young (G1 Evacuation Pause) 237M->22M(368M) 1,828ms
[3308,018s][info][gc] GC(13532) Pause Young (G1 Evacuation Pause) 237M->22M(368M) 3,023ms
[3308,252s][info][gc] GC(13533) Pause Young (G1 Evacuation Pause) 236M->21M(368M) 2,206ms
[3308,485s][info][gc] GC(13534) Pause Young (G1 Evacuation Pause) 236M->21M(368M) 1,788ms
[3308,722s][info][gc] GC(13535) Pause Young (G1 Evacuation Pause) 236M->22M(368M) 1,606ms
[3308,992s][info][gc] GC(13536) Pause Young (G1 Evacuation Pause) 237M->22M(368M) 1,901ms
[3309,246s][info][gc] GC(13537) Pause Young (G1 Evacuation Pause) 237M->22M(368M) 1,864ms
[3309,507s][info][gc] GC(13538) Pause Young (G1 Evacuation Pause) 237M->23M(368M) 1,962ms
[3309,761s][info][gc] GC(13539) Pause Young (G1 Evacuation Pause) 237M->22M(368M) 1,685ms
[3310,018s][info][gc] GC(13540) Pause Young (G1 Evacuation Pause) 237M->22M(368M) 2,067ms
[3310,262s][info][gc] GC(13541) Pause Young (G1 Evacuation Pause) 237M->22M(368M) 1,489ms
[3310,495s][info][gc] GC(13542) Pause Young (G1 Evacuation Pause) 237M->22M(368M) 1,424ms
[3310,727s][info][gc] GC(13543) Pause Young (G1 Evacuation Pause) 237M->23M(368M) 1,312ms
[3310,959s][info][gc] GC(13544) Pause Young (G1 Evacuation Pause) 237M->22M(368M) 1,191ms
[3311,191s][info][gc] GC(13545) Pause Young (G1 Evacuation Pause) 237M->22M(368M) 1,165ms
[3311,436s][info][gc] GC(13546) Pause Young (G1 Evacuation Pause) 237M->22M(368M) 1,131ms
[3311,668s][info][gc] GC(13547) Pause Young (G1 Evacuation Pause) 237M->22M(368M) 1,354ms
[3311,915s][info][gc] GC(13548) Pause Young (G1 Evacuation Pause) 237M->22M(368M) 4,670ms
[3312,151s][info][gc] GC(13549) Pause Young (G1 Evacuation Pause) 236M->22M(368M) 1,395ms
[3312,392s][info][gc] GC(13550) Pause Young (G1 Evacuation Pause) 237M->22M(368M) 1,762ms
[3312,625s][info][gc] GC(13551) Pause Young (G1 Evacuation Pause) 237M->22M(368M) 1,187ms
[3312,857s][info][gc] GC(13552) Pause Young (G1 Evacuation Pause) 237M->22M(368M) 1,140ms
[3313,116s][info][gc] GC(13553) Pause Young (G1 Evacuation Pause) 237M->22M(368M) 1,879ms
[3313,365s][info][gc] GC(13554) Pause Young (G1 Evacuation Pause) 237M->23M(368M) 4,036ms
[3313,624s][info][gc] GC(13555) Pause Young (G1 Evacuation Pause) 237M->22M(368M) 2,064ms
[3313,876s][info][gc] GC(13556) Pause Young (G1 Evacuation Pause) 237M->22M(368M) 1,629ms
[3314,127s][info][gc] GC(13557) Pause Young (G1 Evacuation Pause) 237M->22M(368M) 1,629ms
[3314,384s][info][gc] GC(13558) Pause Young (G1 Evacuation Pause) 237M->22M(368M) 3,967ms
[3314,638s][info][gc] GC(13559) Pause Young (G1 Evacuation Pause) 236M->22M(368M) 1,779ms
[3314,892s][info][gc] GC(13560) Pause Young (G1 Evacuation Pause) 237M->22M(368M) 1,613ms
[3315,146s][info][gc] GC(13561) Pause Young (G1 Evacuation Pause) 237M->22M(368M) 1,720ms
[3315,406s][info][gc] GC(13562) Pause Young (G1 Evacuation Pause) 237M->22M(368M) 2,416ms
[3315,643s][info][gc] GC(13563) Pause Young (G1 Evacuation Pause) 237M->22M(368M) 1,113ms
[3315,885s][info][gc] GC(13564) Pause Young (G1 Evacuation Pause) 237M->23M(368M) 4,660ms
[3316,139s][info][gc] GC(13565) Pause Young (G1 Evacuation Pause) 237M->22M(368M) 1,774ms
[3316,398s][info][gc] GC(13566) Pause Young (G1 Evacuation Pause) 237M->22M(368M) 2,276ms
[3316,645s][info][gc] GC(13567) Pause Young (G1 Evacuation Pause) 237M->22M(368M) 1,097ms
[3316,886s][info][gc] GC(13568) Pause Young (G1 Evacuation Pause) 237M->22M(368M) 4,372ms
[3317,141s][info][gc] GC(13569) Pause Young (G1 Evacuation Pause) 236M->21M(368M) 1,643ms
[3317,388s][info][gc] GC(13570) Pause Young (G1 Evacuation Pause) 236M->21M(368M) 4,050ms
[3317,655s][info][gc] GC(13571) Pause Young (G1 Evacuation Pause) 236M->22M(368M) 2,102ms
[3317,904s][info][gc] GC(13572) Pause Young (G1 Evacuation Pause) 237M->22M(368M) 3,790ms
[3318,167s][info][gc] GC(13573) Pause Young (G1 Evacuation Pause) 237M->22M(368M) 1,751ms
[3318,420s][info][gc] GC(13574) Pause Young (G1 Evacuation Pause) 237M->22M(368M) 2,094ms
[3318,673s][info][gc] GC(13575) Pause Young (G1 Evacuation Pause) 236M->22M(368M) 1,828ms
[3318,933s][info][gc] GC(13576) Pause Young (G1 Evacuation Pause) 237M->22M(368M) 2,221ms
[3319,187s][info][gc] GC(13577) Pause Young (G1 Evacuation Pause) 237M->22M(368M) 1,732ms
[3319,447s][info][gc] GC(13578) Pause Young (G1 Evacuation Pause) 237M->22M(368M) 1,877ms
[3319,701s][info][gc] GC(13579) Pause Young (G1 Evacuation Pause) 237M->22M(368M) 1,899ms
[3319,955s][info][gc] GC(13580) Pause Young (G1 Evacuation Pause) 236M->22M(368M) 1,731ms
[3320,209s][info][gc] GC(13581) Pause Young (G1 Evacuation Pause) 237M->22M(368M) 1,824ms
[3320,457s][info][gc] GC(13582) Pause Young (G1 Evacuation Pause) 237M->22M(368M) 1,789ms
[3320,690s][info][gc] GC(13583) Pause Young (G1 Evacuation Pause) 237M->22M(368M) 1,085ms
[3320,922s][info][gc] GC(13584) Pause Young (G1 Evacuation Pause) 237M->22M(368M) 1,144ms
[3321,154s][info][gc] GC(13585) Pause Young (G1 Evacuation Pause) 237M->22M(368M) 1,167ms
[3321,398s][info][gc] GC(13586) Pause Young (G1 Evacuation Pause) 236M->22M(368M) 3,791ms
[3321,635s][info][gc] GC(13587) Pause Young (G1 Evacuation Pause) 237M->22M(368M) 1,575ms
[3321,872s][info][gc] GC(13588) Pause Young (G1 Evacuation Pause) 237M->22M(368M) 4,287ms
[3322,132s][info][gc] GC(13589) Pause Young (G1 Evacuation Pause) 237M->22M(368M) 1,909ms
[3322,389s][info][gc] GC(13590) Pause Young (G1 Evacuation Pause) 237M->22M(368M) 3,290ms
[3322,643s][info][gc] GC(13591) Pause Young (G1 Evacuation Pause) 236M->22M(368M) 1,673ms
[3322,885s][info][gc] GC(13592) Pause Young (G1 Evacuation Pause) 237M->22M(368M) 1,414ms
[3323,118s][info][gc] GC(13593) Pause Young (G1 Evacuation Pause) 237M->22M(368M) 1,383ms
[3323,350s][info][gc] GC(13594) Pause Young (G1 Evacuation Pause) 237M->22M(368M) 1,129ms
[3323,610s][info][gc] GC(13595) Pause Young (G1 Evacuation Pause) 237M->22M(368M) 1,856ms
[3323,867s][info][gc] GC(13596) Pause Young (G1 Evacuation Pause) 236M->22M(368M) 3,849ms
[3324,123s][info][gc] GC(13597) Pause Young (G1 Evacuation Pause) 237M->22M(368M) 1,608ms
[3324,356s][info][gc] GC(13598) Pause Young (G1 Evacuation Pause) 237M->22M(368M) 1,199ms
[3324,619s][info][gc] GC(13599) Pause Young (G1 Evacuation Pause) 237M->22M(368M) 1,088ms
[3324,851s][info][gc] GC(13600) Pause Young (G1 Evacuation Pause) 237M->22M(368M) 1,166ms
[3325,121s][info][gc] GC(13601) Pause Young (G1 Evacuation Pause) 237M->23M(368M) 2,490ms
[3325,379s][info][gc] GC(13602) Pause Young (G1 Evacuation Pause) 237M->22M(368M) 3,913ms
[3325,633s][info][gc] GC(13603) Pause Young (G1 Evacuation Pause) 237M->22M(368M) 1,764ms
[3325,888s][info][gc] GC(13604) Pause Young (G1 Evacuation Pause) 237M->22M(368M) 4,731ms
[3326,128s][info][gc] GC(13605) Pause Young (G1 Evacuation Pause) 237M->22M(368M) 1,408ms
[3326,365s][info][gc] GC(13606) Pause Young (G1 Evacuation Pause) 237M->22M(368M) 3,974ms
[3326,622s][info][gc] GC(13607) Pause Young (G1 Evacuation Pause) 236M->22M(368M) 1,705ms
[3326,855s][info][gc] GC(13608) Pause Young (G1 Evacuation Pause) 237M->22M(368M) 1,086ms
[3327,101s][info][gc] GC(13609) Pause Young (G1 Evacuation Pause) 237M->22M(368M) 1,600ms
[3327,336s][info][gc] GC(13610) Pause Young (G1 Evacuation Pause) 237M->22M(368M) 1,426ms
[3327,596s][info][gc] GC(13611) Pause Young (G1 Evacuation Pause) 237M->22M(368M) 1,923ms
[3327,845s][info][gc] GC(13612) Pause Young (G1 Evacuation Pause) 236M->22M(368M) 1,323ms
[3328,091s][info][gc] GC(13613) Pause Young (G1 Evacuation Pause) 237M->22M(368M) 1,232ms
[3328,323s][info][gc] GC(13614) Pause Young (G1 Evacuation Pause) 237M->22M(368M) 1,360ms
[3328,594s][info][gc] GC(13615) Pause Young (G1 Evacuation Pause) 237M->22M(368M) 1,494ms
[3328,834s][info][gc] GC(13616) Pause Young (G1 Evacuation Pause) 237M->22M(368M) 1,297ms
[3329,092s][info][gc] GC(13617) Pause Young (G1 Evacuation Pause) 237M->23M(368M) 1,974ms
[3329,346s][info][gc] GC(13618) Pause Young (G1 Evacuation Pause) 237M->22M(368M) 1,853ms
[3329,605s][info][gc] GC(13619) Pause Young (G1 Evacuation Pause) 237M->22M(368M) 1,638ms
[3329,858s][info][gc] GC(13620) Pause Young (G1 Evacuation Pause) 237M->22M(368M) 1,231ms
[3330,125s][info][gc] GC(13621) Pause Young (G1 Evacuation Pause) 237M->22M(368M) 1,861ms
[3330,379s][info][gc] GC(13622) Pause Young (G1 Evacuation Pause) 237M->23M(368M) 1,803ms
[3330,633s][info][gc] GC(13623) Pause Young (G1 Evacuation Pause) 237M->22M(368M) 1,716ms
[3330,890s][info][gc] GC(13624) Pause Young (G1 Evacuation Pause) 237M->22M(368M) 2,362ms
[3331,124s][info][gc] GC(13625) Pause Young (G1 Evacuation Pause) 237M->22M(368M) 1,386ms
[3331,357s][info][gc] GC(13626) Pause Young (G1 Evacuation Pause) 237M->22M(368M) 1,230ms
[3331,619s][info][gc] GC(13627) Pause Young (G1 Evacuation Pause) 237M->22M(368M) 1,997ms
[3331,876s][info][gc] GC(13628) Pause Young (G1 Evacuation Pause) 236M->22M(368M) 3,968ms
[3332,132s][info][gc] GC(13629) Pause Young (G1 Evacuation Pause) 237M->22M(368M) 1,352ms
[3332,390s][info][gc] GC(13630) Pause Young (G1 Evacuation Pause) 237M->22M(368M) 1,651ms
[3332,634s][info][gc] GC(13631) Pause Young (G1 Evacuation Pause) 237M->22M(368M) 1,346ms
[3332,871s][info][gc] GC(13632) Pause Young (G1 Evacuation Pause) 237M->23M(368M) 2,524ms
[3333,106s][info][gc] GC(13633) Pause Young (G1 Evacuation Pause) 237M->22M(368M) 1,495ms
[3333,338s][info][gc] GC(13634) Pause Young (G1 Evacuation Pause) 237M->22M(368M) 1,206ms
[3333,581s][info][gc] GC(13635) Pause Young (G1 Evacuation Pause) 237M->22M(368M) 1,227ms
[3333,813s][info][gc] GC(13636) Pause Young (G1 Evacuation Pause) 237M->22M(368M) 1,168ms
[3334,046s][info][gc] GC(13637) Pause Young (G1 Evacuation Pause) 237M->22M(368M) 2,236ms
[3334,279s][info][gc] GC(13638) Pause Young (G1 Evacuation Pause) 236M->22M(368M) 1,350ms
[3334,538s][info][gc] GC(13639) Pause Young (G1 Evacuation Pause) 237M->22M(368M) 2,390ms
[3334,772s][info][gc] GC(13640) Pause Young (G1 Evacuation Pause) 237M->22M(368M) 1,217ms
[3335,004s][info][gc] GC(13641) Pause Young (G1 Evacuation Pause) 237M->22M(368M) 1,143ms
[3335,237s][info][gc] GC(13642) Pause Young (G1 Evacuation Pause) 237M->22M(368M) 1,976ms
[3335,488s][info][gc] GC(13643) Pause Young (G1 Evacuation Pause) 236M->22M(368M) 1,733ms
[3335,744s][info][gc] GC(13644) Pause Young (G1 Evacuation Pause) 237M->22M(368M) 1,686ms
[3335,996s][info][gc] GC(13645) Pause Young (G1 Evacuation Pause) 237M->22M(368M) 1,731ms
[3336,250s][info][gc] GC(13646) Pause Young (G1 Evacuation Pause) 237M->22M(368M) 1,934ms
[3336,510s][info][gc] GC(13647) Pause Young (G1 Evacuation Pause) 237M->22M(368M) 2,357ms
[3336,753s][info][gc] GC(13648) Pause Young (G1 Evacuation Pause) 237M->22M(368M) 1,223ms
[3337,003s][info][gc] GC(13649) Pause Young (G1 Evacuation Pause) 236M->22M(368M) 1,826ms
[3337,236s][info][gc] GC(13650) Pause Young (G1 Evacuation Pause) 237M->22M(368M) 1,186ms
[3337,468s][info][gc] GC(13651) Pause Young (G1 Evacuation Pause) 237M->22M(368M) 1,234ms
[3337,702s][info][gc] GC(13652) Pause Young (G1 Evacuation Pause) 237M->22M(368M) 1,616ms
[3337,950s][info][gc] GC(13653) Pause Young (G1 Evacuation Pause) 236M->22M(368M) 1,568ms
[3338,198s][info][gc] GC(13654) Pause Young (G1 Evacuation Pause) 237M->22M(368M) 1,263ms
[3338,444s][info][gc] GC(13655) Pause Young (G1 Evacuation Pause) 237M->22M(368M) 1,839ms
[3338,688s][info][gc] GC(13656) Pause Young (G1 Evacuation Pause) 237M->22M(368M) 1,253ms
[3338,960s][info][gc] GC(13657) Pause Young (G1 Evacuation Pause) 237M->22M(368M) 1,727ms
[3339,214s][info][gc] GC(13658) Pause Young (G1 Evacuation Pause) 237M->22M(368M) 1,807ms
[3339,474s][info][gc] GC(13659) Pause Young (G1 Evacuation Pause) 236M->22M(368M) 1,741ms
[3339,728s][info][gc] GC(13660) Pause Young (G1 Evacuation Pause) 237M->22M(368M) 1,746ms
[3339,987s][info][gc] GC(13661) Pause Young (G1 Evacuation Pause) 237M->22M(368M) 1,863ms
[3340,232s][info][gc] GC(13662) Pause Young (G1 Evacuation Pause) 237M->22M(368M) 1,100ms
[3340,481s][info][gc] GC(13663) Pause Young (G1 Evacuation Pause) 237M->22M(368M) 1,688ms
[3340,715s][info][gc] GC(13664) Pause Young (G1 Evacuation Pause) 236M->22M(368M) 1,491ms
[3340,954s][info][gc] GC(13665) Pause Young (G1 Evacuation Pause) 237M->22M(368M) 1,615ms
[3341,213s][info][gc] GC(13666) Pause Young (G1 Evacuation Pause) 237M->22M(368M) 3,408ms
[3341,472s][info][gc] GC(13667) Pause Young (G1 Evacuation Pause) 237M->22M(368M) 1,713ms
[3341,705s][info][gc] GC(13668) Pause Young (G1 Evacuation Pause) 237M->22M(368M) 1,493ms
[3341,960s][info][gc] GC(13669) Pause Young (G1 Evacuation Pause) 237M->23M(368M) 1,860ms
[3342,217s][info][gc] GC(13670) Pause Young (G1 Evacuation Pause) 237M->22M(368M) 3,729ms
[3342,461s][info][gc] GC(13671) Pause Young (G1 Evacuation Pause) 237M->22M(368M) 1,776ms
[3342,704s][info][gc] GC(13672) Pause Young (G1 Evacuation Pause) 237M->22M(368M) 1,783ms
[3342,943s][info][gc] GC(13673) Pause Young (G1 Evacuation Pause) 237M->22M(368M) 1,131ms
[3343,175s][info][gc] GC(13674) Pause Young (G1 Evacuation Pause) 237M->22M(368M) 1,138ms
[3343,420s][info][gc] GC(13675) Pause Young (G1 Evacuation Pause) 236M->22M(368M) 1,664ms
[3343,673s][info][gc] GC(13676) Pause Young (G1 Evacuation Pause) 237M->22M(368M) 1,619ms
[3343,934s][info][gc] GC(13677) Pause Young (G1 Evacuation Pause) 237M->22M(368M) 2,474ms
[3344,167s][info][gc] GC(13678) Pause Young (G1 Evacuation Pause) 237M->22M(368M) 1,277ms
[3344,410s][info][gc] GC(13679) Pause Young (G1 Evacuation Pause) 237M->22M(368M) 2,374ms
[3344,656s][info][gc] GC(13680) Pause Young (G1 Evacuation Pause) 236M->22M(368M) 1,220ms
[3344,909s][info][gc] GC(13681) Pause Young (G1 Evacuation Pause) 237M->22M(368M) 1,778ms
[3345,144s][info][gc] GC(13682) Pause Young (G1 Evacuation Pause) 237M->22M(368M) 1,414ms
[3345,381s][info][gc] GC(13683) Pause Young (G1 Evacuation Pause) 237M->22M(368M) 4,080ms
[3345,631s][info][gc] GC(13684) Pause Young (G1 Evacuation Pause) 237M->22M(368M) 1,379ms
[3345,878s][info][gc] GC(13685) Pause Young (G1 Evacuation Pause) 237M->23M(368M) 1,776ms
[3346,128s][info][gc] GC(13686) Pause Young (G1 Evacuation Pause) 237M->22M(368M) 1,725ms
[3346,383s][info][gc] GC(13687) Pause Young (G1 Evacuation Pause) 237M->22M(368M) 3,337ms
[3346,632s][info][gc] GC(13688) Pause Young (G1 Evacuation Pause) 237M->22M(368M) 1,249ms
[3346,869s][info][gc] GC(13689) Pause Young (G1 Evacuation Pause) 237M->22M(368M) 4,230ms
[3347,128s][info][gc] GC(13690) Pause Young (G1 Evacuation Pause) 237M->23M(368M) 1,945ms
[3347,380s][info][gc] GC(13691) Pause Young (G1 Evacuation Pause) 237M->22M(368M) 1,045ms
[3347,613s][info][gc] GC(13692) Pause Young (G1 Evacuation Pause) 237M->22M(368M) 1,834ms
[3347,860s][info][gc] GC(13693) Pause Young (G1 Evacuation Pause) 237M->22M(368M) 1,372ms
[3348,117s][info][gc] GC(13694) Pause Young (G1 Evacuation Pause) 237M->22M(368M) 1,750ms
[3348,364s][info][gc] GC(13695) Pause Young (G1 Evacuation Pause) 237M->22M(368M) 4,068ms
[3348,603s][info][gc] GC(13696) Pause Young (G1 Evacuation Pause) 236M->21M(368M) 2,766ms
[3348,836s][info][gc] GC(13697) Pause Young (G1 Evacuation Pause) 236M->22M(368M) 1,417ms
[3349,069s][info][gc] GC(13698) Pause Young (G1 Evacuation Pause) 237M->22M(368M) 1,425ms
[3349,302s][info][gc] GC(13699) Pause Young (G1 Evacuation Pause) 237M->22M(368M) 1,591ms
[3349,557s][info][gc] GC(13700) Pause Young (G1 Evacuation Pause) 237M->22M(368M) 1,951ms
[3349,811s][info][gc] GC(13701) Pause Young (G1 Evacuation Pause) 236M->22M(368M) 1,566ms
[3350,064s][info][gc] GC(13702) Pause Young (G1 Evacuation Pause) 237M->22M(368M) 1,818ms
[3350,302s][info][gc] GC(13703) Pause Young (G1 Evacuation Pause) 237M->22M(368M) 1,231ms
[3350,555s][info][gc] GC(13704) Pause Young (G1 Evacuation Pause) 237M->22M(368M) 1,902ms
[3350,797s][info][gc] GC(13705) Pause Young (G1 Evacuation Pause) 237M->22M(368M) 1,613ms
[3351,052s][info][gc] GC(13706) Pause Young (G1 Evacuation Pause) 237M->23M(368M) 1,785ms
[3351,286s][info][gc] GC(13707) Pause Young (G1 Evacuation Pause) 237M->22M(368M) 1,489ms
[3351,551s][info][gc] GC(13708) Pause Young (G1 Evacuation Pause) 237M->22M(368M) 1,700ms
[3351,805s][info][gc] GC(13709) Pause Young (G1 Evacuation Pause) 237M->22M(368M) 1,896ms
[3352,056s][info][gc] GC(13710) Pause Young (G1 Evacuation Pause) 237M->22M(368M) 1,552ms
[3352,288s][info][gc] GC(13711) Pause Young (G1 Evacuation Pause) 236M->22M(368M) 1,103ms
[3352,520s][info][gc] GC(13712) Pause Young (G1 Evacuation Pause) 237M->22M(368M) 1,190ms
[3352,752s][info][gc] GC(13713) Pause Young (G1 Evacuation Pause) 237M->22M(368M) 1,211ms
[3352,998s][info][gc] GC(13714) Pause Young (G1 Evacuation Pause) 237M->22M(368M) 1,518ms
[3353,241s][info][gc] GC(13715) Pause Young (G1 Evacuation Pause) 237M->22M(368M) 3,499ms
[3353,490s][info][gc] GC(13716) Pause Young (G1 Evacuation Pause) 236M->21M(368M) 1,653ms
[3353,744s][info][gc] GC(13717) Pause Young (G1 Evacuation Pause) 236M->22M(368M) 1,652ms
[3354,001s][info][gc] GC(13718) Pause Young (G1 Evacuation Pause) 237M->22M(368M) 1,777ms
[3354,255s][info][gc] GC(13719) Pause Young (G1 Evacuation Pause) 237M->22M(368M) 1,832ms
[3354,508s][info][gc] GC(13720) Pause Young (G1 Evacuation Pause) 237M->22M(368M) 1,736ms
[3354,753s][info][gc] GC(13721) Pause Young (G1 Evacuation Pause) 237M->22M(368M) 1,423ms
[3355,004s][info][gc] GC(13722) Pause Young (G1 Evacuation Pause) 236M->22M(368M) 1,814ms
[3355,258s][info][gc] GC(13723) Pause Young (G1 Evacuation Pause) 237M->22M(368M) 1,741ms
[3355,502s][info][gc] GC(13724) Pause Young (G1 Evacuation Pause) 237M->22M(368M) 1,724ms
[3355,735s][info][gc] GC(13725) Pause Young (G1 Evacuation Pause) 237M->22M(368M) 1,391ms
[3355,968s][info][gc] GC(13726) Pause Young (G1 Evacuation Pause) 237M->22M(368M) 1,510ms
[3356,200s][info][gc] GC(13727) Pause Young (G1 Evacuation Pause) 236M->22M(368M) 1,311ms
[3356,446s][info][gc] GC(13728) Pause Young (G1 Evacuation Pause) 237M->21M(368M) 2,921ms
[3356,689s][info][gc] GC(13729) Pause Young (G1 Evacuation Pause) 236M->22M(368M) 1,266ms
[3356,947s][info][gc] GC(13730) Pause Young (G1 Evacuation Pause) 237M->22M(368M) 1,707ms
[3357,201s][info][gc] GC(13731) Pause Young (G1 Evacuation Pause) 237M->22M(368M) 1,758ms
[3357,467s][info][gc] GC(13732) Pause Young (G1 Evacuation Pause) 237M->23M(368M) 2,551ms
[3357,734s][info][gc] GC(13733) Pause Young (G1 Evacuation Pause) 237M->22M(368M) 2,252ms
[3357,994s][info][gc] GC(13734) Pause Young (G1 Evacuation Pause) 237M->22M(368M) 1,765ms
[3358,249s][info][gc] GC(13735) Pause Young (G1 Evacuation Pause) 237M->22M(368M) 2,474ms
[3358,495s][info][gc] GC(13736) Pause Young (G1 Evacuation Pause) 237M->22M(368M) 1,553ms
[3358,728s][info][gc] GC(13737) Pause Young (G1 Evacuation Pause) 237M->23M(368M) 1,639ms
[3358,988s][info][gc] GC(13738) Pause Young (G1 Evacuation Pause) 237M->22M(368M) 1,947ms
[3359,256s][info][gc] GC(13739) Pause Young (G1 Evacuation Pause) 237M->22M(368M) 1,760ms
[3359,508s][info][gc] GC(13740) Pause Young (G1 Evacuation Pause) 237M->22M(368M) 1,635ms
[3359,759s][info][gc] GC(13741) Pause Young (G1 Evacuation Pause) 237M->22M(368M) 1,582ms
[3360,012s][info][gc] GC(13742) Pause Young (G1 Evacuation Pause) 237M->22M(368M) 1,773ms
[3360,272s][info][gc] GC(13743) Pause Young (G1 Evacuation Pause) 236M->22M(368M) 1,741ms
[3360,523s][info][gc] GC(13744) Pause Young (G1 Evacuation Pause) 237M->22M(368M) 1,642ms
[3360,760s][info][gc] GC(13745) Pause Young (G1 Evacuation Pause) 237M->22M(368M) 1,204ms
[3361,011s][info][gc] GC(13746) Pause Young (G1 Evacuation Pause) 237M->22M(368M) 1,656ms
[3361,257s][info][gc] GC(13747) Pause Young (G1 Evacuation Pause) 237M->22M(368M) 1,392ms
[3361,511s][info][gc] GC(13748) Pause Young (G1 Evacuation Pause) 237M->23M(368M) 1,783ms
[3361,757s][info][gc] GC(13749) Pause Young (G1 Evacuation Pause) 237M->22M(368M) 1,548ms
[3361,990s][info][gc] GC(13750) Pause Young (G1 Evacuation Pause) 237M->22M(368M) 1,412ms
[3362,223s][info][gc] GC(13751) Pause Young (G1 Evacuation Pause) 237M->22M(368M) 1,389ms
[3362,456s][info][gc] GC(13752) Pause Young (G1 Evacuation Pause) 237M->22M(368M) 1,547ms
[3362,689s][info][gc] GC(13753) Pause Young (G1 Evacuation Pause) 237M->23M(368M) 1,413ms
[3362,922s][info][gc] GC(13754) Pause Young (G1 Evacuation Pause) 237M->22M(368M) 1,339ms
[3363,191s][info][gc] GC(13755) Pause Young (G1 Evacuation Pause) 237M->22M(368M) 2,395ms
[3363,430s][info][gc] GC(13756) Pause Young (G1 Evacuation Pause) 237M->22M(368M) 1,189ms
[3363,662s][info][gc] GC(13757) Pause Young (G1 Evacuation Pause) 237M->22M(368M) 1,356ms
[3363,895s][info][gc] GC(13758) Pause Young (G1 Evacuation Pause) 237M->22M(368M) 1,365ms
[3364,128s][info][gc] GC(13759) Pause Young (G1 Evacuation Pause) 236M->22M(368M) 1,247ms
[3364,360s][info][gc] GC(13760) Pause Young (G1 Evacuation Pause) 237M->22M(368M) 1,161ms
[3364,621s][info][gc] GC(13761) Pause Young (G1 Evacuation Pause) 237M->22M(368M) 5,458ms
[3364,854s][info][gc] GC(13762) Pause Young (G1 Evacuation Pause) 237M->22M(368M) 1,111ms
[3365,118s][info][gc] GC(13763) Pause Young (G1 Evacuation Pause) 236M->21M(368M) 2,787ms
[3365,372s][info][gc] GC(13764) Pause Young (G1 Evacuation Pause) 236M->22M(368M) 1,956ms
[3365,631s][info][gc] GC(13765) Pause Young (G1 Evacuation Pause) 237M->22M(368M) 5,346ms
[3365,888s][info][gc] GC(13766) Pause Young (G1 Evacuation Pause) 237M->22M(368M) 1,688ms
[3366,142s][info][gc] GC(13767) Pause Young (G1 Evacuation Pause) 237M->22M(368M) 1,826ms
[3366,396s][info][gc] GC(13768) Pause Young (G1 Evacuation Pause) 237M->22M(368M) 1,729ms
[3366,652s][info][gc] GC(13769) Pause Young (G1 Evacuation Pause) 237M->22M(368M) 3,617ms
[3366,884s][info][gc] GC(13770) Pause Young (G1 Evacuation Pause) 236M->22M(368M) 1,226ms
[3367,116s][info][gc] GC(13771) Pause Young (G1 Evacuation Pause) 237M->22M(368M) 1,317ms
[3367,350s][info][gc] GC(13772) Pause Young (G1 Evacuation Pause) 237M->22M(368M) 1,408ms
[3367,608s][info][gc] GC(13773) Pause Young (G1 Evacuation Pause) 237M->22M(368M) 1,880ms
[3367,862s][info][gc] GC(13774) Pause Young (G1 Evacuation Pause) 237M->23M(368M) 1,915ms
[3368,116s][info][gc] GC(13775) Pause Young (G1 Evacuation Pause) 237M->22M(368M) 1,824ms
[3368,358s][info][gc] GC(13776) Pause Young (G1 Evacuation Pause) 237M->22M(368M) 1,291ms
[3368,623s][info][gc] GC(13777) Pause Young (G1 Evacuation Pause) 237M->22M(368M) 2,469ms
[3368,876s][info][gc] GC(13778) Pause Young (G1 Evacuation Pause) 237M->22M(368M) 4,182ms
[3369,137s][info][gc] GC(13779) Pause Young (G1 Evacuation Pause) 237M->23M(368M) 1,718ms
[3369,401s][info][gc] GC(13780) Pause Young (G1 Evacuation Pause) 237M->22M(368M) 4,034ms
[3369,670s][info][gc] GC(13781) Pause Young (G1 Evacuation Pause) 237M->22M(368M) 2,368ms
[3369,933s][info][gc] GC(13782) Pause Young (G1 Evacuation Pause) 237M->22M(368M) 1,852ms
[3370,187s][info][gc] GC(13783) Pause Young (G1 Evacuation Pause) 237M->22M(368M) 1,790ms
[3370,442s][info][gc] GC(13784) Pause Young (G1 Evacuation Pause) 237M->22M(368M) 1,907ms
[3370,706s][info][gc] GC(13785) Pause Young (G1 Evacuation Pause) 236M->22M(368M) 2,322ms
[3370,971s][info][gc] GC(13786) Pause Young (G1 Evacuation Pause) 237M->22M(368M) 3,393ms
[3371,204s][info][gc] GC(13787) Pause Young (G1 Evacuation Pause) 237M->22M(368M) 1,583ms
[3371,452s][info][gc] GC(13788) Pause Young (G1 Evacuation Pause) 237M->22M(368M) 1,889ms
[3371,711s][info][gc] GC(13789) Pause Young (G1 Evacuation Pause) 237M->22M(368M) 1,882ms
[3371,965s][info][gc] GC(13790) Pause Young (G1 Evacuation Pause) 236M->22M(368M) 1,732ms
[3372,199s][info][gc] GC(13791) Pause Young (G1 Evacuation Pause) 237M->22M(368M) 1,487ms
[3372,438s][info][gc] GC(13792) Pause Young (G1 Evacuation Pause) 237M->22M(368M) 1,491ms
[3372,670s][info][gc] GC(13793) Pause Young (G1 Evacuation Pause) 237M->22M(368M) 1,097ms
[3372,902s][info][gc] GC(13794) Pause Young (G1 Evacuation Pause) 237M->22M(368M) 1,215ms
[3373,134s][info][gc] GC(13795) Pause Young (G1 Evacuation Pause) 237M->23M(368M) 1,320ms
[3373,366s][info][gc] GC(13796) Pause Young (G1 Evacuation Pause) 237M->22M(368M) 1,063ms
[3373,598s][info][gc] GC(13797) Pause Young (G1 Evacuation Pause) 237M->22M(368M) 1,242ms
[3373,830s][info][gc] GC(13798) Pause Young (G1 Evacuation Pause) 237M->22M(368M) 1,162ms
[3374,062s][info][gc] GC(13799) Pause Young (G1 Evacuation Pause) 237M->22M(368M) 1,168ms
[3374,294s][info][gc] GC(13800) Pause Young (G1 Evacuation Pause) 237M->23M(368M) 1,348ms
[3374,549s][info][gc] GC(13801) Pause Young (G1 Evacuation Pause) 237M->21M(368M) 3,244ms
[3374,794s][info][gc] GC(13802) Pause Young (G1 Evacuation Pause) 236M->22M(368M) 1,259ms
[3375,048s][info][gc] GC(13803) Pause Young (G1 Evacuation Pause) 237M->22M(368M) 1,792ms
[3375,302s][info][gc] GC(13804) Pause Young (G1 Evacuation Pause) 237M->22M(368M) 1,738ms
[3375,568s][info][gc] GC(13805) Pause Young (G1 Evacuation Pause) 237M->22M(368M) 1,846ms
[3375,822s][info][gc] GC(13806) Pause Young (G1 Evacuation Pause) 236M->22M(368M) 1,808ms
[3376,079s][info][gc] GC(13807) Pause Young (G1 Evacuation Pause) 237M->22M(368M) 1,706ms
[3376,333s][info][gc] GC(13808) Pause Young (G1 Evacuation Pause) 237M->22M(368M) 1,769ms
[3376,601s][info][gc] GC(13809) Pause Young (G1 Evacuation Pause) 237M->22M(368M) 3,230ms
[3376,834s][info][gc] GC(13810) Pause Young (G1 Evacuation Pause) 237M->22M(368M) 1,350ms
[3377,091s][info][gc] GC(13811) Pause Young (G1 Evacuation Pause) 237M->23M(368M) 1,893ms
[3377,332s][info][gc] GC(13812) Pause Young (G1 Evacuation Pause) 237M->22M(368M) 1,414ms
[3377,565s][info][gc] GC(13813) Pause Young (G1 Evacuation Pause) 237M->22M(368M) 1,415ms
[3377,798s][info][gc] GC(13814) Pause Young (G1 Evacuation Pause) 237M->22M(368M) 1,448ms
[3378,054s][info][gc] GC(13815) Pause Young (G1 Evacuation Pause) 237M->22M(368M) 1,848ms
[3378,302s][info][gc] GC(13816) Pause Young (G1 Evacuation Pause) 236M->22M(368M) 1,101ms
[3378,564s][info][gc] GC(13817) Pause Young (G1 Evacuation Pause) 237M->22M(368M) 1,656ms
[3378,827s][info][gc] GC(13818) Pause Young (G1 Evacuation Pause) 237M->22M(368M) 1,736ms
[3379,084s][info][gc] GC(13819) Pause Young (G1 Evacuation Pause) 237M->22M(368M) 1,885ms
[3379,338s][info][gc] GC(13820) Pause Young (G1 Evacuation Pause) 237M->22M(368M) 1,894ms
[3379,583s][info][gc] GC(13821) Pause Young (G1 Evacuation Pause) 237M->23M(368M) 1,569ms
[3379,816s][info][gc] GC(13822) Pause Young (G1 Evacuation Pause) 237M->22M(368M) 1,536ms
[3380,049s][info][gc] GC(13823) Pause Young (G1 Evacuation Pause) 237M->22M(368M) 2,063ms
[3380,281s][info][gc] GC(13824) Pause Young (G1 Evacuation Pause) 237M->22M(368M) 1,273ms
[3380,513s][info][gc] GC(13825) Pause Young (G1 Evacuation Pause) 237M->22M(368M) 1,316ms
[3380,745s][info][gc] GC(13826) Pause Young (G1 Evacuation Pause) 237M->22M(368M) 1,150ms
[3380,992s][info][gc] GC(13827) Pause Young (G1 Evacuation Pause) 236M->22M(368M) 1,784ms
[3381,246s][info][gc] GC(13828) Pause Young (G1 Evacuation Pause) 237M->22M(368M) 1,830ms
[3381,500s][info][gc] GC(13829) Pause Young (G1 Evacuation Pause) 237M->22M(368M) 1,887ms
[3381,754s][info][gc] GC(13830) Pause Young (G1 Evacuation Pause) 237M->22M(368M) 1,762ms
[3382,013s][info][gc] GC(13831) Pause Young (G1 Evacuation Pause) 237M->22M(368M) 1,747ms
[3382,267s][info][gc] GC(13832) Pause Young (G1 Evacuation Pause) 236M->22M(368M) 1,394ms
[3382,500s][info][gc] GC(13833) Pause Young (G1 Evacuation Pause) 237M->22M(368M) 1,349ms
[3382,732s][info][gc] GC(13834) Pause Young (G1 Evacuation Pause) 237M->22M(368M) 1,257ms
[3382,982s][info][gc] GC(13835) Pause Young (G1 Evacuation Pause) 237M->22M(368M) 1,688ms
[3383,215s][info][gc] GC(13836) Pause Young (G1 Evacuation Pause) 237M->22M(368M) 1,420ms
[3383,447s][info][gc] GC(13837) Pause Young (G1 Evacuation Pause) 237M->23M(368M) 1,299ms
[3383,680s][info][gc] GC(13838) Pause Young (G1 Evacuation Pause) 237M->22M(368M) 1,898ms
[3383,950s][info][gc] GC(13839) Pause Young (G1 Evacuation Pause) 237M->22M(368M) 2,492ms
[3384,205s][info][gc] GC(13840) Pause Young (G1 Evacuation Pause) 237M->22M(368M) 1,734ms
[3384,438s][info][gc] GC(13841) Pause Young (G1 Evacuation Pause) 237M->22M(368M) 1,286ms
[3384,685s][info][gc] GC(13842) Pause Young (G1 Evacuation Pause) 237M->23M(368M) 1,856ms
[3384,945s][info][gc] GC(13843) Pause Young (G1 Evacuation Pause) 237M->22M(368M) 2,168ms
[3385,181s][info][gc] GC(13844) Pause Young (G1 Evacuation Pause) 237M->22M(368M) 1,480ms
[3385,427s][info][gc] GC(13845) Pause Young (G1 Evacuation Pause) 237M->22M(368M) 2,337ms
[3385,681s][info][gc] GC(13846) Pause Young (G1 Evacuation Pause) 237M->22M(368M) 1,678ms
[3385,935s][info][gc] GC(13847) Pause Young (G1 Evacuation Pause) 237M->22M(368M) 1,818ms
[3386,169s][info][gc] GC(13848) Pause Young (G1 Evacuation Pause) 236M->22M(368M) 1,699ms
[3386,412s][info][gc] GC(13849) Pause Young (G1 Evacuation Pause) 237M->22M(368M) 2,333ms
[3386,666s][info][gc] GC(13850) Pause Young (G1 Evacuation Pause) 237M->22M(368M) 1,662ms
[3386,927s][info][gc] GC(13851) Pause Young (G1 Evacuation Pause) 237M->22M(368M) 1,994ms
[3387,182s][info][gc] GC(13852) Pause Young (G1 Evacuation Pause) 237M->22M(368M) 3,067ms
[3387,426s][info][gc] GC(13853) Pause Young (G1 Evacuation Pause) 236M->22M(368M) 2,274ms
[3387,680s][info][gc] GC(13854) Pause Young (G1 Evacuation Pause) 237M->22M(368M) 1,696ms
[3387,937s][info][gc] GC(13855) Pause Young (G1 Evacuation Pause) 237M->22M(368M) 1,709ms
[3388,191s][info][gc] GC(13856) Pause Young (G1 Evacuation Pause) 237M->22M(368M) 1,798ms
[3388,441s][info][gc] GC(13857) Pause Young (G1 Evacuation Pause) 237M->22M(368M) 1,810ms
[3388,685s][info][gc] GC(13858) Pause Young (G1 Evacuation Pause) 237M->23M(368M) 1,309ms
[3388,918s][info][gc] GC(13859) Pause Young (G1 Evacuation Pause) 237M->22M(368M) 1,355ms
[3389,151s][info][gc] GC(13860) Pause Young (G1 Evacuation Pause) 237M->22M(368M) 1,417ms
[3389,394s][info][gc] GC(13861) Pause Young (G1 Evacuation Pause) 237M->22M(368M) 2,389ms
[3389,632s][info][gc] GC(13862) Pause Young (G1 Evacuation Pause) 237M->22M(368M) 1,228ms
[3389,865s][info][gc] GC(13863) Pause Young (G1 Evacuation Pause) 237M->23M(368M) 1,456ms
[3390,100s][info][gc] GC(13864) Pause Young (G1 Evacuation Pause) 237M->22M(368M) 2,486ms
[3390,332s][info][gc] GC(13865) Pause Young (G1 Evacuation Pause) 237M->22M(368M) 1,058ms
[3390,587s][info][gc] GC(13866) Pause Young (G1 Evacuation Pause) 237M->22M(368M) 1,143ms
[3390,819s][info][gc] GC(13867) Pause Young (G1 Evacuation Pause) 237M->22M(368M) 1,159ms
[3391,059s][info][gc] GC(13868) Pause Young (G1 Evacuation Pause) 236M->22M(368M) 1,178ms
[3391,292s][info][gc] GC(13869) Pause Young (G1 Evacuation Pause) 237M->21M(368M) 1,936ms
[3391,552s][info][gc] GC(13870) Pause Young (G1 Evacuation Pause) 236M->22M(368M) 1,700ms
[3391,806s][info][gc] GC(13871) Pause Young (G1 Evacuation Pause) 237M->22M(368M) 1,811ms
[3392,060s][info][gc] GC(13872) Pause Young (G1 Evacuation Pause) 237M->22M(368M) 1,827ms
[3392,293s][info][gc] GC(13873) Pause Young (G1 Evacuation Pause) 237M->22M(368M) 1,259ms
[3392,525s][info][gc] GC(13874) Pause Young (G1 Evacuation Pause) 236M->22M(368M) 1,154ms
[3392,766s][info][gc] GC(13875) Pause Young (G1 Evacuation Pause) 237M->22M(368M) 1,214ms
[3393,021s][info][gc] GC(13876) Pause Young (G1 Evacuation Pause) 237M->22M(368M) 1,336ms
[3393,254s][info][gc] GC(13877) Pause Young (G1 Evacuation Pause) 237M->22M(368M) 2,079ms
[3393,487s][info][gc] GC(13878) Pause Young (G1 Evacuation Pause) 237M->22M(368M) 2,092ms
[3393,747s][info][gc] GC(13879) Pause Young (G1 Evacuation Pause) 236M->22M(368M) 1,351ms
[3393,981s][info][gc] GC(13880) Pause Young (G1 Evacuation Pause) 237M->22M(368M) 1,498ms
[3394,214s][info][gc] GC(13881) Pause Young (G1 Evacuation Pause) 237M->22M(368M) 1,376ms
[3394,463s][info][gc] GC(13882) Pause Young (G1 Evacuation Pause) 237M->22M(368M) 1,763ms
[3394,697s][info][gc] GC(13883) Pause Young (G1 Evacuation Pause) 237M->22M(368M) 1,632ms
[3394,966s][info][gc] GC(13884) Pause Young (G1 Evacuation Pause) 236M->22M(368M) 3,527ms
[3395,220s][info][gc] GC(13885) Pause Young (G1 Evacuation Pause) 237M->22M(368M) 1,812ms
[3395,464s][info][gc] GC(13886) Pause Young (G1 Evacuation Pause) 237M->22M(368M) 1,160ms
[3395,697s][info][gc] GC(13887) Pause Young (G1 Evacuation Pause) 237M->22M(368M) 1,934ms
[3395,941s][info][gc] GC(13888) Pause Young (G1 Evacuation Pause) 237M->22M(368M) 2,495ms
[3396,175s][info][gc] GC(13889) Pause Young (G1 Evacuation Pause) 237M->23M(368M) 1,136ms
[3396,442s][info][gc] GC(13890) Pause Young (G1 Evacuation Pause) 237M->21M(368M) 2,522ms
[3396,686s][info][gc] GC(13891) Pause Young (G1 Evacuation Pause) 236M->22M(368M) 1,235ms
[3396,932s][info][gc] GC(13892) Pause Young (G1 Evacuation Pause) 237M->22M(368M) 2,433ms
[3397,188s][info][gc] GC(13893) Pause Young (G1 Evacuation Pause) 237M->22M(368M) 1,736ms
[3397,445s][info][gc] GC(13894) Pause Young (G1 Evacuation Pause) 237M->22M(368M) 1,433ms
[3397,677s][info][gc] GC(13895) Pause Young (G1 Evacuation Pause) 236M->22M(368M) 1,084ms
[3397,918s][info][gc] GC(13896) Pause Young (G1 Evacuation Pause) 237M->22M(368M) 1,638ms
[3398,172s][info][gc] GC(13897) Pause Young (G1 Evacuation Pause) 237M->22M(368M) 1,880ms
[3398,418s][info][gc] GC(13898) Pause Young (G1 Evacuation Pause) 237M->22M(368M) 1,282ms
[3398,650s][info][gc] GC(13899) Pause Young (G1 Evacuation Pause) 237M->22M(368M) 1,404ms
[3398,883s][info][gc] GC(13900) Pause Young (G1 Evacuation Pause) 236M->22M(368M) 1,084ms
[3399,116s][info][gc] GC(13901) Pause Young (G1 Evacuation Pause) 237M->21M(368M) 1,898ms
[3399,349s][info][gc] GC(13902) Pause Young (G1 Evacuation Pause) 236M->22M(368M) 1,994ms
[3399,613s][info][gc] GC(13903) Pause Young (G1 Evacuation Pause) 237M->22M(368M) 1,654ms
[3399,867s][info][gc] GC(13904) Pause Young (G1 Evacuation Pause) 237M->22M(368M) 1,910ms
[3400,121s][info][gc] GC(13905) Pause Young (G1 Evacuation Pause) 237M->23M(368M) 1,842ms
[3400,383s][info][gc] GC(13906) Pause Young (G1 Evacuation Pause) 237M->22M(368M) 2,564ms
[3400,632s][info][gc] GC(13907) Pause Young (G1 Evacuation Pause) 237M->22M(368M) 1,184ms
[3400,864s][info][gc] GC(13908) Pause Young (G1 Evacuation Pause) 237M->22M(368M) 1,125ms
[3401,096s][info][gc] GC(13909) Pause Young (G1 Evacuation Pause) 237M->22M(368M) 1,287ms
[3401,328s][info][gc] GC(13910) Pause Young (G1 Evacuation Pause) 237M->23M(368M) 1,190ms
[3401,584s][info][gc] GC(13911) Pause Young (G1 Evacuation Pause) 237M->22M(368M) 2,519ms
[3401,838s][info][gc] GC(13912) Pause Young (G1 Evacuation Pause) 237M->22M(368M) 1,744ms
[3402,098s][info][gc] GC(13913) Pause Young (G1 Evacuation Pause) 237M->22M(368M) 1,717ms
[3402,344s][info][gc] GC(13914) Pause Young (G1 Evacuation Pause) 237M->22M(368M) 1,243ms
[3402,601s][info][gc] GC(13915) Pause Young (G1 Evacuation Pause) 237M->22M(368M) 1,943ms
[3402,857s][info][gc] GC(13916) Pause Young (G1 Evacuation Pause) 236M->22M(368M) 1,764ms
[3403,109s][info][gc] GC(13917) Pause Young (G1 Evacuation Pause) 237M->22M(368M) 1,562ms
[3403,341s][info][gc] GC(13918) Pause Young (G1 Evacuation Pause) 237M->22M(368M) 1,252ms
[3403,573s][info][gc] GC(13919) Pause Young (G1 Evacuation Pause) 237M->22M(368M) 1,287ms
[3403,806s][info][gc] GC(13920) Pause Young (G1 Evacuation Pause) 237M->22M(368M) 1,362ms
[3404,062s][info][gc] GC(13921) Pause Young (G1 Evacuation Pause) 236M->22M(368M) 1,724ms
[3404,316s][info][gc] GC(13922) Pause Young (G1 Evacuation Pause) 237M->22M(368M) 1,660ms
[3404,550s][info][gc] GC(13923) Pause Young (G1 Evacuation Pause) 237M->22M(368M) 1,490ms
[3404,792s][info][gc] GC(13924) Pause Young (G1 Evacuation Pause) 237M->22M(368M) 1,207ms
[3405,049s][info][gc] GC(13925) Pause Young (G1 Evacuation Pause) 237M->22M(368M) 1,776ms
[3405,305s][info][gc] GC(13926) Pause Young (G1 Evacuation Pause) 237M->22M(368M) 3,435ms
[3405,538s][info][gc] GC(13927) Pause Young (G1 Evacuation Pause) 236M->22M(368M) 1,437ms
[3405,771s][info][gc] GC(13928) Pause Young (G1 Evacuation Pause) 237M->22M(368M) 1,368ms
[3406,004s][info][gc] GC(13929) Pause Young (G1 Evacuation Pause) 237M->22M(368M) 1,446ms
[3406,237s][info][gc] GC(13930) Pause Young (G1 Evacuation Pause) 237M->22M(368M) 1,612ms
[3406,486s][info][gc] GC(13931) Pause Young (G1 Evacuation Pause) 237M->22M(368M) 3,007ms
[3406,743s][info][gc] GC(13932) Pause Young (G1 Evacuation Pause) 236M->22M(368M) 1,680ms
[3407,001s][info][gc] GC(13933) Pause Young (G1 Evacuation Pause) 237M->22M(368M) 2,070ms
[3407,233s][info][gc] GC(13934) Pause Young (G1 Evacuation Pause) 237M->22M(368M) 1,094ms
[3407,489s][info][gc] GC(13935) Pause Young (G1 Evacuation Pause) 237M->22M(368M) 4,775ms
[3407,724s][info][gc] GC(13936) Pause Young (G1 Evacuation Pause) 237M->22M(368M) 1,289ms
[3407,974s][info][gc] GC(13937) Pause Young (G1 Evacuation Pause) 236M->22M(368M) 2,370ms
[3408,229s][info][gc] GC(13938) Pause Young (G1 Evacuation Pause) 237M->22M(368M) 1,672ms
[3408,477s][info][gc] GC(13939) Pause Young (G1 Evacuation Pause) 237M->22M(368M) 1,821ms
[3408,717s][info][gc] GC(13940) Pause Young (G1 Evacuation Pause) 237M->22M(368M) 1,095ms
[3408,964s][info][gc] GC(13941) Pause Young (G1 Evacuation Pause) 237M->22M(368M) 1,720ms
[3409,218s][info][gc] GC(13942) Pause Young (G1 Evacuation Pause) 236M->22M(368M) 1,705ms
[3409,479s][info][gc] GC(13943) Pause Young (G1 Evacuation Pause) 237M->22M(368M) 1,723ms
[3409,733s][info][gc] GC(13944) Pause Young (G1 Evacuation Pause) 237M->22M(368M) 1,614ms
[3409,987s][info][gc] GC(13945) Pause Young (G1 Evacuation Pause) 237M->22M(368M) 1,807ms
[3410,234s][info][gc] GC(13946) Pause Young (G1 Evacuation Pause) 237M->22M(368M) 3,466ms
[3410,482s][info][gc] GC(13947) Pause Young (G1 Evacuation Pause) 236M->22M(368M) 1,584ms
[3410,729s][info][gc] GC(13948) Pause Young (G1 Evacuation Pause) 237M->22M(368M) 1,458ms
[3410,981s][info][gc] GC(13949) Pause Young (G1 Evacuation Pause) 237M->22M(368M) 1,609ms
[3411,235s][info][gc] GC(13950) Pause Young (G1 Evacuation Pause) 237M->22M(368M) 1,627ms
[3411,482s][info][gc] GC(13951) Pause Young (G1 Evacuation Pause) 237M->22M(368M) 1,881ms
[3411,715s][info][gc] GC(13952) Pause Young (G1 Evacuation Pause) 237M->23M(368M) 1,244ms
[3411,947s][info][gc] GC(13953) Pause Young (G1 Evacuation Pause) 237M->22M(368M) 1,292ms
[3412,180s][info][gc] GC(13954) Pause Young (G1 Evacuation Pause) 237M->22M(368M) 1,404ms
[3412,412s][info][gc] GC(13955) Pause Young (G1 Evacuation Pause) 237M->22M(368M) 1,217ms
[3412,648s][info][gc] GC(13956) Pause Young (G1 Evacuation Pause) 237M->22M(368M) 1,158ms
[3412,880s][info][gc] GC(13957) Pause Young (G1 Evacuation Pause) 237M->23M(368M) 1,315ms
[3413,112s][info][gc] GC(13958) Pause Young (G1 Evacuation Pause) 237M->22M(368M) 1,083ms
[3413,344s][info][gc] GC(13959) Pause Young (G1 Evacuation Pause) 237M->22M(368M) 1,158ms
[3413,613s][info][gc] GC(13960) Pause Young (G1 Evacuation Pause) 237M->22M(368M) 3,439ms
[3413,870s][info][gc] GC(13961) Pause Young (G1 Evacuation Pause) 237M->22M(368M) 1,786ms
[3414,117s][info][gc] GC(13962) Pause Young (G1 Evacuation Pause) 237M->22M(368M) 1,328ms
[3414,350s][info][gc] GC(13963) Pause Young (G1 Evacuation Pause) 236M->21M(368M) 2,057ms
[3414,610s][info][gc] GC(13964) Pause Young (G1 Evacuation Pause) 236M->21M(368M) 2,928ms
[3414,864s][info][gc] GC(13965) Pause Young (G1 Evacuation Pause) 236M->22M(368M) 1,738ms
[3415,097s][info][gc] GC(13966) Pause Young (G1 Evacuation Pause) 237M->22M(368M) 1,539ms
[3415,362s][info][gc] GC(13967) Pause Young (G1 Evacuation Pause) 237M->22M(368M) 1,908ms
[3415,622s][info][gc] GC(13968) Pause Young (G1 Evacuation Pause) 236M->22M(368M) 1,830ms
[3415,868s][info][gc] GC(13969) Pause Young (G1 Evacuation Pause) 237M->22M(368M) 3,994ms
[3416,111s][info][gc] GC(13970) Pause Young (G1 Evacuation Pause) 237M->22M(368M) 1,202ms
[3416,345s][info][gc] GC(13971) Pause Young (G1 Evacuation Pause) 237M->22M(368M) 1,235ms
[3416,608s][info][gc] GC(13972) Pause Young (G1 Evacuation Pause) 237M->22M(368M) 1,822ms
[3416,882s][info][gc] GC(13973) Pause Young (G1 Evacuation Pause) 237M->23M(368M) 4,194ms
[3417,144s][info][gc] GC(13974) Pause Young (G1 Evacuation Pause) 237M->22M(368M) 1,747ms
[3417,402s][info][gc] GC(13975) Pause Young (G1 Evacuation Pause) 237M->22M(368M) 1,713ms
[3417,656s][info][gc] GC(13976) Pause Young (G1 Evacuation Pause) 237M->22M(368M) 1,706ms
[3417,910s][info][gc] GC(13977) Pause Young (G1 Evacuation Pause) 237M->22M(368M) 1,746ms
[3418,143s][info][gc] GC(13978) Pause Young (G1 Evacuation Pause) 237M->22M(368M) 1,283ms
[3418,384s][info][gc] GC(13979) Pause Young (G1 Evacuation Pause) 236M->22M(368M) 4,080ms
[3418,639s][info][gc] GC(13980) Pause Young (G1 Evacuation Pause) 237M->22M(368M) 4,077ms
[3418,899s][info][gc] GC(13981) Pause Young (G1 Evacuation Pause) 237M->22M(368M) 1,682ms
[3419,140s][info][gc] GC(13982) Pause Young (G1 Evacuation Pause) 237M->22M(368M) 1,244ms
[3419,381s][info][gc] GC(13983) Pause Young (G1 Evacuation Pause) 237M->22M(368M) 3,435ms
[3419,634s][info][gc] GC(13984) Pause Young (G1 Evacuation Pause) 236M->22M(368M) 1,781ms
[3419,896s][info][gc] GC(13985) Pause Young (G1 Evacuation Pause) 237M->21M(368M) 4,074ms
[3420,129s][info][gc] GC(13986) Pause Young (G1 Evacuation Pause) 236M->22M(368M) 1,207ms
[3420,361s][info][gc] GC(13987) Pause Young (G1 Evacuation Pause) 237M->22M(368M) 1,090ms
[3420,630s][info][gc] GC(13988) Pause Young (G1 Evacuation Pause) 237M->22M(368M) 2,333ms
[3420,867s][info][gc] GC(13989) Pause Young (G1 Evacuation Pause) 236M->21M(368M) 3,919ms
[3421,122s][info][gc] GC(13990) Pause Young (G1 Evacuation Pause) 236M->22M(368M) 1,849ms
[3421,376s][info][gc] GC(13991) Pause Young (G1 Evacuation Pause) 237M->22M(368M) 1,786ms
[3421,630s][info][gc] GC(13992) Pause Young (G1 Evacuation Pause) 237M->22M(368M) 1,800ms
[3421,889s][info][gc] GC(13993) Pause Young (G1 Evacuation Pause) 237M->22M(368M) 2,569ms
[3422,142s][info][gc] GC(13994) Pause Young (G1 Evacuation Pause) 236M->22M(368M) 1,697ms
[3422,389s][info][gc] GC(13995) Pause Young (G1 Evacuation Pause) 237M->22M(368M) 3,707ms
[3422,657s][info][gc] GC(13996) Pause Young (G1 Evacuation Pause) 237M->22M(368M) 2,246ms
[3422,918s][info][gc] GC(13997) Pause Young (G1 Evacuation Pause) 237M->22M(368M) 1,730ms
[3423,172s][info][gc] GC(13998) Pause Young (G1 Evacuation Pause) 237M->22M(368M) 1,821ms
[3423,427s][info][gc] GC(13999) Pause Young (G1 Evacuation Pause) 237M->23M(368M) 2,497ms
[3423,670s][info][gc] GC(14000) Pause Young (G1 Evacuation Pause) 237M->22M(368M) 1,398ms
[3423,914s][info][gc] GC(14001) Pause Young (G1 Evacuation Pause) 237M->22M(368M) 2,385ms
[3424,150s][info][gc] GC(14002) Pause Young (G1 Evacuation Pause) 237M->22M(368M) 1,518ms
[3424,394s][info][gc] GC(14003) Pause Young (G1 Evacuation Pause) 237M->22M(368M) 4,026ms
[3424,628s][info][gc] GC(14004) Pause Young (G1 Evacuation Pause) 237M->23M(368M) 1,232ms
[3424,891s][info][gc] GC(14005) Pause Young (G1 Evacuation Pause) 237M->22M(368M) 1,745ms
[3425,124s][info][gc] GC(14006) Pause Young (G1 Evacuation Pause) 237M->22M(368M) 1,183ms
[3425,356s][info][gc] GC(14007) Pause Young (G1 Evacuation Pause) 237M->22M(368M) 1,201ms
[3425,618s][info][gc] GC(14008) Pause Young (G1 Evacuation Pause) 237M->22M(368M) 1,851ms
[3425,877s][info][gc] GC(14009) Pause Young (G1 Evacuation Pause) 237M->22M(368M) 4,359ms
[3426,133s][info][gc] GC(14010) Pause Young (G1 Evacuation Pause) 237M->22M(368M) 1,830ms
[3426,391s][info][gc] GC(14011) Pause Young (G1 Evacuation Pause) 236M->22M(368M) 1,649ms
[3426,625s][info][gc] GC(14012) Pause Young (G1 Evacuation Pause) 237M->22M(368M) 1,492ms
[3426,858s][info][gc] GC(14013) Pause Young (G1 Evacuation Pause) 237M->22M(368M) 1,405ms
[3427,091s][info][gc] GC(14014) Pause Young (G1 Evacuation Pause) 237M->22M(368M) 1,507ms
[3427,324s][info][gc] GC(14015) Pause Young (G1 Evacuation Pause) 237M->23M(368M) 1,446ms
[3427,582s][info][gc] GC(14016) Pause Young (G1 Evacuation Pause) 237M->22M(368M) 1,746ms
[3427,836s][info][gc] GC(14017) Pause Young (G1 Evacuation Pause) 237M->22M(368M) 1,794ms
[3428,069s][info][gc] GC(14018) Pause Young (G1 Evacuation Pause) 237M->22M(368M) 1,857ms
[3428,301s][info][gc] GC(14019) Pause Young (G1 Evacuation Pause) 237M->22M(368M) 1,276ms
[3428,558s][info][gc] GC(14020) Pause Young (G1 Evacuation Pause) 237M->23M(368M) 1,871ms
[3428,797s][info][gc] GC(14021) Pause Young (G1 Evacuation Pause) 237M->22M(368M) 1,546ms
[3429,054s][info][gc] GC(14022) Pause Young (G1 Evacuation Pause) 237M->22M(368M) 1,485ms
[3429,305s][info][gc] GC(14023) Pause Young (G1 Evacuation Pause) 237M->22M(368M) 2,062ms
[3429,562s][info][gc] GC(14024) Pause Young (G1 Evacuation Pause) 237M->22M(368M) 1,869ms
[3429,795s][info][gc] GC(14025) Pause Young (G1 Evacuation Pause) 237M->22M(368M) 1,162ms
[3430,027s][info][gc] GC(14026) Pause Young (G1 Evacuation Pause) 236M->22M(368M) 1,180ms
[3430,259s][info][gc] GC(14027) Pause Young (G1 Evacuation Pause) 237M->22M(368M) 1,250ms
[3430,491s][info][gc] GC(14028) Pause Young (G1 Evacuation Pause) 237M->22M(368M) 1,266ms
[3430,723s][info][gc] GC(14029) Pause Young (G1 Evacuation Pause) 237M->22M(368M) 1,164ms
[3430,955s][info][gc] GC(14030) Pause Young (G1 Evacuation Pause) 237M->22M(368M) 1,182ms
[3431,187s][info][gc] GC(14031) Pause Young (G1 Evacuation Pause) 236M->22M(368M) 1,133ms
[3431,420s][info][gc] GC(14032) Pause Young (G1 Evacuation Pause) 237M->21M(368M) 2,087ms
[3431,653s][info][gc] GC(14033) Pause Young (G1 Evacuation Pause) 236M->22M(368M) 2,109ms
[3431,896s][info][gc] GC(14034) Pause Young (G1 Evacuation Pause) 237M->22M(368M) 2,412ms
[3432,135s][info][gc] GC(14035) Pause Young (G1 Evacuation Pause) 237M->22M(368M) 5,946ms
[3432,373s][info][gc] GC(14036) Pause Young (G1 Evacuation Pause) 236M->22M(368M) 4,084ms
[3432,618s][info][gc] GC(14037) Pause Young (G1 Evacuation Pause) 237M->22M(368M) 1,055ms
[3432,850s][info][gc] GC(14038) Pause Young (G1 Evacuation Pause) 237M->22M(368M) 1,210ms
[3433,087s][info][gc] GC(14039) Pause Young (G1 Evacuation Pause) 237M->22M(368M) 1,362ms
[3433,319s][info][gc] GC(14040) Pause Young (G1 Evacuation Pause) 237M->22M(368M) 1,327ms
[3433,578s][info][gc] GC(14041) Pause Young (G1 Evacuation Pause) 237M->22M(368M) 5,017ms
[3433,824s][info][gc] GC(14042) Pause Young (G1 Evacuation Pause) 236M->22M(368M) 1,492ms
[3434,075s][info][gc] GC(14043) Pause Young (G1 Evacuation Pause) 237M->22M(368M) 1,703ms
[3434,310s][info][gc] GC(14044) Pause Young (G1 Evacuation Pause) 237M->22M(368M) 3,103ms
[3434,542s][info][gc] GC(14045) Pause Young (G1 Evacuation Pause) 237M->22M(368M) 1,301ms
[3434,774s][info][gc] GC(14046) Pause Young (G1 Evacuation Pause) 237M->22M(368M) 1,337ms
[3435,024s][info][gc] GC(14047) Pause Young (G1 Evacuation Pause) 236M->22M(368M) 1,679ms
[3435,278s][info][gc] GC(14048) Pause Young (G1 Evacuation Pause) 237M->22M(368M) 1,795ms
[3435,538s][info][gc] GC(14049) Pause Young (G1 Evacuation Pause) 237M->22M(368M) 1,724ms
[3435,792s][info][gc] GC(14050) Pause Young (G1 Evacuation Pause) 237M->22M(368M) 1,670ms
[3436,040s][info][gc] GC(14051) Pause Young (G1 Evacuation Pause) 237M->22M(368M) 1,150ms
[3436,274s][info][gc] GC(14052) Pause Young (G1 Evacuation Pause) 236M->22M(368M) 1,088ms
[3436,544s][info][gc] GC(14053) Pause Young (G1 Evacuation Pause) 237M->22M(368M) 1,601ms
[3436,781s][info][gc] GC(14054) Pause Young (G1 Evacuation Pause) 237M->22M(368M) 1,162ms
[3437,049s][info][gc] GC(14055) Pause Young (G1 Evacuation Pause) 237M->22M(368M) 1,898ms
[3437,287s][info][gc] GC(14056) Pause Young (G1 Evacuation Pause) 237M->22M(368M) 1,366ms
[3437,545s][info][gc] GC(14057) Pause Young (G1 Evacuation Pause) 237M->23M(368M) 1,809ms
[3437,799s][info][gc] GC(14058) Pause Young (G1 Evacuation Pause) 237M->22M(368M) 1,679ms
[3438,065s][info][gc] GC(14059) Pause Young (G1 Evacuation Pause) 237M->22M(368M) 2,359ms
[3438,300s][info][gc] GC(14060) Pause Young (G1 Evacuation Pause) 237M->22M(368M) 1,158ms
[3438,549s][info][gc] GC(14061) Pause Young (G1 Evacuation Pause) 237M->22M(368M) 1,497ms
[3438,782s][info][gc] GC(14062) Pause Young (G1 Evacuation Pause) 236M->22M(368M) 1,498ms
[3439,041s][info][gc] GC(14063) Pause Young (G1 Evacuation Pause) 237M->22M(368M) 2,337ms
[3439,296s][info][gc] GC(14064) Pause Young (G1 Evacuation Pause) 237M->22M(368M) 1,661ms
[3439,553s][info][gc] GC(14065) Pause Young (G1 Evacuation Pause) 237M->22M(368M) 1,793ms
[3439,796s][info][gc] GC(14066) Pause Young (G1 Evacuation Pause) 237M->22M(368M) 1,338ms
[3440,044s][info][gc] GC(14067) Pause Young (G1 Evacuation Pause) 237M->22M(368M) 1,508ms
[3440,277s][info][gc] GC(14068) Pause Young (G1 Evacuation Pause) 236M->22M(368M) 1,551ms
[3440,535s][info][gc] GC(14069) Pause Young (G1 Evacuation Pause) 237M->22M(368M) 2,407ms
[3440,794s][info][gc] GC(14070) Pause Young (G1 Evacuation Pause) 237M->22M(368M) 1,802ms
[3441,042s][info][gc] GC(14071) Pause Young (G1 Evacuation Pause) 237M->22M(368M) 1,577ms
[3441,275s][info][gc] GC(14072) Pause Young (G1 Evacuation Pause) 237M->22M(368M) 1,578ms
[3441,530s][info][gc] GC(14073) Pause Young (G1 Evacuation Pause) 237M->23M(368M) 1,758ms
[3441,784s][info][gc] GC(14074) Pause Young (G1 Evacuation Pause) 237M->22M(368M) 1,770ms
[3442,035s][info][gc] GC(14075) Pause Young (G1 Evacuation Pause) 237M->22M(368M) 1,122ms
[3442,295s][info][gc] GC(14076) Pause Young (G1 Evacuation Pause) 237M->22M(368M) 1,822ms
[3442,551s][info][gc] GC(14077) Pause Young (G1 Evacuation Pause) 237M->22M(368M) 2,222ms
[3442,787s][info][gc] GC(14078) Pause Young (G1 Evacuation Pause) 237M->23M(368M) 1,359ms
[3443,020s][info][gc] GC(14079) Pause Young (G1 Evacuation Pause) 237M->22M(368M) 1,336ms
[3443,254s][info][gc] GC(14080) Pause Young (G1 Evacuation Pause) 237M->22M(368M) 2,003ms
[3443,500s][info][gc] GC(14081) Pause Young (G1 Evacuation Pause) 237M->22M(368M) 1,407ms
[3443,733s][info][gc] GC(14082) Pause Young (G1 Evacuation Pause) 237M->22M(368M) 1,557ms
[3443,966s][info][gc] GC(14083) Pause Young (G1 Evacuation Pause) 236M->22M(368M) 1,540ms
[3444,199s][info][gc] GC(14084) Pause Young (G1 Evacuation Pause) 237M->22M(368M) 1,496ms
[3444,441s][info][gc] GC(14085) Pause Young (G1 Evacuation Pause) 237M->22M(368M) 1,204ms
[3444,684s][info][gc] GC(14086) Pause Young (G1 Evacuation Pause) 237M->22M(368M) 1,262ms
[3444,916s][info][gc] GC(14087) Pause Young (G1 Evacuation Pause) 237M->22M(368M) 1,364ms
[3445,173s][info][gc] GC(14088) Pause Young (G1 Evacuation Pause) 237M->22M(368M) 1,747ms
[3445,418s][info][gc] GC(14089) Pause Young (G1 Evacuation Pause) 236M->22M(368M) 1,747ms
[3445,654s][info][gc] GC(14090) Pause Young (G1 Evacuation Pause) 237M->22M(368M) 1,363ms
[3445,896s][info][gc] GC(14091) Pause Young (G1 Evacuation Pause) 237M->22M(368M) 1,943ms
[3446,133s][info][gc] GC(14092) Pause Young (G1 Evacuation Pause) 237M->22M(368M) 1,315ms
[3446,370s][info][gc] GC(14093) Pause Young (G1 Evacuation Pause) 237M->22M(368M) 4,026ms
[3446,603s][info][gc] GC(14094) Pause Young (G1 Evacuation Pause) 236M->22M(368M) 1,095ms
[3446,835s][info][gc] GC(14095) Pause Young (G1 Evacuation Pause) 237M->22M(368M) 1,070ms
[3447,067s][info][gc] GC(14096) Pause Young (G1 Evacuation Pause) 237M->22M(368M) 1,210ms
[3447,299s][info][gc] GC(14097) Pause Young (G1 Evacuation Pause) 237M->22M(368M) 1,221ms
[3447,552s][info][gc] GC(14098) Pause Young (G1 Evacuation Pause) 237M->22M(368M) 1,577ms
[3447,784s][info][gc] GC(14099) Pause Young (G1 Evacuation Pause) 236M->22M(368M) 1,297ms
[3448,016s][info][gc] GC(14100) Pause Young (G1 Evacuation Pause) 237M->22M(368M) 1,215ms
[3448,249s][info][gc] GC(14101) Pause Young (G1 Evacuation Pause) 237M->22M(368M) 1,941ms
[3448,512s][info][gc] GC(14102) Pause Young (G1 Evacuation Pause) 237M->22M(368M) 1,747ms
[3448,758s][info][gc] GC(14103) Pause Young (G1 Evacuation Pause) 237M->22M(368M) 1,783ms
[3449,011s][info][gc] GC(14104) Pause Young (G1 Evacuation Pause) 236M->22M(368M) 1,636ms
[3449,261s][info][gc] GC(14105) Pause Young (G1 Evacuation Pause) 237M->22M(368M) 1,768ms
[3449,513s][info][gc] GC(14106) Pause Young (G1 Evacuation Pause) 237M->22M(368M) 1,577ms
[3449,746s][info][gc] GC(14107) Pause Young (G1 Evacuation Pause) 237M->22M(368M) 1,578ms
[3450,000s][info][gc] GC(14108) Pause Young (G1 Evacuation Pause) 237M->22M(368M) 4,256ms
[3450,255s][info][gc] GC(14109) Pause Young (G1 Evacuation Pause) 236M->21M(368M) 1,637ms
[3450,510s][info][gc] GC(14110) Pause Young (G1 Evacuation Pause) 236M->22M(368M) 1,734ms
[3450,760s][info][gc] GC(14111) Pause Young (G1 Evacuation Pause) 237M->22M(368M) 1,538ms
[3451,003s][info][gc] GC(14112) Pause Young (G1 Evacuation Pause) 237M->22M(368M) 1,373ms
[3451,236s][info][gc] GC(14113) Pause Young (G1 Evacuation Pause) 237M->22M(368M) 1,481ms
[3451,469s][info][gc] GC(14114) Pause Young (G1 Evacuation Pause) 237M->22M(368M) 1,591ms
[3451,702s][info][gc] GC(14115) Pause Young (G1 Evacuation Pause) 236M->22M(368M) 1,447ms
[3451,934s][info][gc] GC(14116) Pause Young (G1 Evacuation Pause) 237M->22M(368M) 1,392ms
[3452,168s][info][gc] GC(14117) Pause Young (G1 Evacuation Pause) 237M->22M(368M) 1,439ms
[3452,400s][info][gc] GC(14118) Pause Young (G1 Evacuation Pause) 237M->22M(368M) 1,275ms
[3452,633s][info][gc] GC(14119) Pause Young (G1 Evacuation Pause) 237M->22M(368M) 1,359ms
[3452,866s][info][gc] GC(14120) Pause Young (G1 Evacuation Pause) 237M->23M(368M) 1,375ms
[3453,098s][info][gc] GC(14121) Pause Young (G1 Evacuation Pause) 237M->22M(368M) 1,441ms
[3453,331s][info][gc] GC(14122) Pause Young (G1 Evacuation Pause) 237M->22M(368M) 1,241ms
[3453,564s][info][gc] GC(14123) Pause Young (G1 Evacuation Pause) 237M->22M(368M) 1,995ms
[3453,796s][info][gc] GC(14124) Pause Young (G1 Evacuation Pause) 237M->22M(368M) 1,334ms
[3454,029s][info][gc] GC(14125) Pause Young (G1 Evacuation Pause) 236M->21M(368M) 1,271ms
[3454,261s][info][gc] GC(14126) Pause Young (G1 Evacuation Pause) 236M->22M(368M) 1,038ms
[3454,493s][info][gc] GC(14127) Pause Young (G1 Evacuation Pause) 237M->22M(368M) 1,064ms
[3454,725s][info][gc] GC(14128) Pause Young (G1 Evacuation Pause) 237M->22M(368M) 1,157ms
[3454,976s][info][gc] GC(14129) Pause Young (G1 Evacuation Pause) 237M->22M(368M) 2,160ms
[3455,229s][info][gc] GC(14130) Pause Young (G1 Evacuation Pause) 237M->22M(368M) 1,729ms
[3455,483s][info][gc] GC(14131) Pause Young (G1 Evacuation Pause) 236M->22M(368M) 1,577ms
[3455,746s][info][gc] GC(14132) Pause Young (G1 Evacuation Pause) 237M->22M(368M) 2,360ms
[3456,002s][info][gc] GC(14133) Pause Young (G1 Evacuation Pause) 237M->22M(368M) 1,800ms
[3456,256s][info][gc] GC(14134) Pause Young (G1 Evacuation Pause) 237M->22M(368M) 1,668ms
[3456,513s][info][gc] GC(14135) Pause Young (G1 Evacuation Pause) 237M->22M(368M) 1,803ms
[3456,753s][info][gc] GC(14136) Pause Young (G1 Evacuation Pause) 236M->22M(368M) 1,106ms
[3456,985s][info][gc] GC(14137) Pause Young (G1 Evacuation Pause) 237M->22M(368M) 1,214ms
[3457,217s][info][gc] GC(14138) Pause Young (G1 Evacuation Pause) 237M->22M(368M) 1,099ms
[3457,469s][info][gc] GC(14139) Pause Young (G1 Evacuation Pause) 237M->22M(368M) 1,922ms
[3457,723s][info][gc] GC(14140) Pause Young (G1 Evacuation Pause) 237M->22M(368M) 1,749ms
[3457,977s][info][gc] GC(14141) Pause Young (G1 Evacuation Pause) 236M->22M(368M) 1,733ms
[3458,233s][info][gc] GC(14142) Pause Young (G1 Evacuation Pause) 237M->21M(368M) 3,707ms
[3458,484s][info][gc] GC(14143) Pause Young (G1 Evacuation Pause) 236M->22M(368M) 1,688ms
[3458,743s][info][gc] GC(14144) Pause Young (G1 Evacuation Pause) 237M->22M(368M) 1,754ms
[3458,992s][info][gc] GC(14145) Pause Young (G1 Evacuation Pause) 237M->22M(368M) 1,781ms
[3459,246s][info][gc] GC(14146) Pause Young (G1 Evacuation Pause) 236M->22M(368M) 1,749ms
[3459,500s][info][gc] GC(14147) Pause Young (G1 Evacuation Pause) 237M->22M(368M) 1,680ms
[3459,754s][info][gc] GC(14148) Pause Young (G1 Evacuation Pause) 237M->22M(368M) 1,804ms
[3460,012s][info][gc] GC(14149) Pause Young (G1 Evacuation Pause) 237M->22M(368M) 1,433ms
[3460,245s][info][gc] GC(14150) Pause Young (G1 Evacuation Pause) 237M->22M(368M) 1,572ms
[3460,498s][info][gc] GC(14151) Pause Young (G1 Evacuation Pause) 237M->22M(368M) 3,351ms
[3460,731s][info][gc] GC(14152) Pause Young (G1 Evacuation Pause) 236M->22M(368M) 1,458ms
[3460,980s][info][gc] GC(14153) Pause Young (G1 Evacuation Pause) 237M->22M(368M) 1,744ms
[3461,234s][info][gc] GC(14154) Pause Young (G1 Evacuation Pause) 237M->22M(368M) 1,727ms
[3461,467s][info][gc] GC(14155) Pause Young (G1 Evacuation Pause) 237M->22M(368M) 1,294ms
[3461,725s][info][gc] GC(14156) Pause Young (G1 Evacuation Pause) 237M->22M(368M) 1,801ms
[3461,975s][info][gc] GC(14157) Pause Young (G1 Evacuation Pause) 236M->22M(368M) 1,653ms
[3462,229s][info][gc] GC(14158) Pause Young (G1 Evacuation Pause) 237M->22M(368M) 1,641ms
[3462,476s][info][gc] GC(14159) Pause Young (G1 Evacuation Pause) 237M->22M(368M) 1,068ms
[3462,717s][info][gc] GC(14160) Pause Young (G1 Evacuation Pause) 237M->22M(368M) 1,481ms
[3462,976s][info][gc] GC(14161) Pause Young (G1 Evacuation Pause) 237M->22M(368M) 1,649ms
[3463,208s][info][gc] GC(14162) Pause Young (G1 Evacuation Pause) 236M->22M(368M) 1,199ms
[3463,440s][info][gc] GC(14163) Pause Young (G1 Evacuation Pause) 237M->22M(368M) 1,201ms
[3463,673s][info][gc] GC(14164) Pause Young (G1 Evacuation Pause) 237M->21M(368M) 1,921ms
[3463,921s][info][gc] GC(14165) Pause Young (G1 Evacuation Pause) 236M->22M(368M) 3,938ms
[3464,186s][info][gc] GC(14166) Pause Young (G1 Evacuation Pause) 237M->22M(368M) 1,954ms
[3464,420s][info][gc] GC(14167) Pause Young (G1 Evacuation Pause) 236M->22M(368M) 1,445ms
[3464,652s][info][gc] GC(14168) Pause Young (G1 Evacuation Pause) 237M->22M(368M) 1,179ms
[3464,895s][info][gc] GC(14169) Pause Young (G1 Evacuation Pause) 237M->22M(368M) 2,338ms
[3465,130s][info][gc] GC(14170) Pause Young (G1 Evacuation Pause) 237M->22M(368M) 1,538ms
[3465,367s][info][gc] GC(14171) Pause Young (G1 Evacuation Pause) 237M->22M(368M) 4,277ms
[3465,623s][info][gc] GC(14172) Pause Young (G1 Evacuation Pause) 236M->22M(368M) 1,651ms
[3465,881s][info][gc] GC(14173) Pause Young (G1 Evacuation Pause) 237M->22M(368M) 2,303ms
[3466,121s][info][gc] GC(14174) Pause Young (G1 Evacuation Pause) 237M->22M(368M) 1,144ms
[3466,353s][info][gc] GC(14175) Pause Young (G1 Evacuation Pause) 237M->22M(368M) 1,083ms
[3466,587s][info][gc] GC(14176) Pause Young (G1 Evacuation Pause) 237M->22M(368M) 3,325ms
[3466,819s][info][gc] GC(14177) Pause Young (G1 Evacuation Pause) 237M->22M(368M) 1,151ms
[3467,082s][info][gc] GC(14178) Pause Young (G1 Evacuation Pause) 236M->22M(368M) 1,677ms
[3467,336s][info][gc] GC(14179) Pause Young (G1 Evacuation Pause) 237M->22M(368M) 1,839ms
[3467,594s][info][gc] GC(14180) Pause Young (G1 Evacuation Pause) 237M->22M(368M) 1,729ms
[3467,848s][info][gc] GC(14181) Pause Young (G1 Evacuation Pause) 237M->22M(368M) 1,758ms
[3468,100s][info][gc] GC(14182) Pause Young (G1 Evacuation Pause) 237M->22M(368M) 1,767ms
[3468,347s][info][gc] GC(14183) Pause Young (G1 Evacuation Pause) 237M->23M(368M) 1,376ms
[3468,578s][info][gc] GC(14184) Pause Young (G1 Evacuation Pause) 237M->22M(368M) 1,252ms
[3468,811s][info][gc] GC(14185) Pause Young (G1 Evacuation Pause) 237M->22M(368M) 1,224ms
[3469,072s][info][gc] GC(14186) Pause Young (G1 Evacuation Pause) 237M->22M(368M) 1,890ms
[3469,305s][info][gc] GC(14187) Pause Young (G1 Evacuation Pause) 237M->22M(368M) 1,284ms
[3469,537s][info][gc] GC(14188) Pause Young (G1 Evacuation Pause) 237M->23M(368M) 1,169ms
[3469,788s][info][gc] GC(14189) Pause Young (G1 Evacuation Pause) 237M->22M(368M) 1,675ms
[3470,041s][info][gc] GC(14190) Pause Young (G1 Evacuation Pause) 237M->22M(368M) 1,692ms
[3470,274s][info][gc] GC(14191) Pause Young (G1 Evacuation Pause) 237M->22M(368M) 1,238ms
[3470,526s][info][gc] GC(14192) Pause Young (G1 Evacuation Pause) 237M->22M(368M) 1,810ms
[3470,781s][info][gc] GC(14193) Pause Young (G1 Evacuation Pause) 237M->23M(368M) 1,840ms
[3471,021s][info][gc] GC(14194) Pause Young (G1 Evacuation Pause) 237M->22M(368M) 1,047ms
[3471,253s][info][gc] GC(14195) Pause Young (G1 Evacuation Pause) 237M->22M(368M) 1,067ms
[3471,504s][info][gc] GC(14196) Pause Young (G1 Evacuation Pause) 237M->22M(368M) 1,784ms
[3471,758s][info][gc] GC(14197) Pause Young (G1 Evacuation Pause) 237M->22M(368M) 1,706ms
[3472,016s][info][gc] GC(14198) Pause Young (G1 Evacuation Pause) 237M->22M(368M) 1,434ms
[3472,248s][info][gc] GC(14199) Pause Young (G1 Evacuation Pause) 236M->22M(368M) 1,026ms
[3472,510s][info][gc] GC(14200) Pause Young (G1 Evacuation Pause) 237M->22M(368M) 1,822ms
[3472,743s][info][gc] GC(14201) Pause Young (G1 Evacuation Pause) 237M->22M(368M) 1,358ms
[3472,990s][info][gc] GC(14202) Pause Young (G1 Evacuation Pause) 237M->22M(368M) 1,627ms
[3473,234s][info][gc] GC(14203) Pause Young (G1 Evacuation Pause) 237M->22M(368M) 1,949ms
[3473,480s][info][gc] GC(14204) Pause Young (G1 Evacuation Pause) 236M->22M(368M) 1,485ms
[3473,713s][info][gc] GC(14205) Pause Young (G1 Evacuation Pause) 237M->22M(368M) 1,391ms
[3473,959s][info][gc] GC(14206) Pause Young (G1 Evacuation Pause) 237M->22M(368M) 1,384ms
[3474,197s][info][gc] GC(14207) Pause Young (G1 Evacuation Pause) 237M->22M(368M) 1,525ms
[3474,442s][info][gc] GC(14208) Pause Young (G1 Evacuation Pause) 237M->22M(368M) 1,956ms
[3474,696s][info][gc] GC(14209) Pause Young (G1 Evacuation Pause) 237M->23M(368M) 1,875ms
[3474,942s][info][gc] GC(14210) Pause Young (G1 Evacuation Pause) 237M->22M(368M) 2,660ms
[3475,175s][info][gc] GC(14211) Pause Young (G1 Evacuation Pause) 237M->22M(368M) 1,552ms
[3475,408s][info][gc] GC(14212) Pause Young (G1 Evacuation Pause) 237M->22M(368M) 1,386ms
[3475,641s][info][gc] GC(14213) Pause Young (G1 Evacuation Pause) 237M->22M(368M) 1,479ms
[3475,874s][info][gc] GC(14214) Pause Young (G1 Evacuation Pause) 237M->23M(368M) 1,404ms
[3476,106s][info][gc] GC(14215) Pause Young (G1 Evacuation Pause) 237M->22M(368M) 1,312ms
[3476,339s][info][gc] GC(14216) Pause Young (G1 Evacuation Pause) 237M->22M(368M) 2,110ms
[3476,601s][info][gc] GC(14217) Pause Young (G1 Evacuation Pause) 237M->22M(368M) 2,534ms
[3476,834s][info][gc] GC(14218) Pause Young (G1 Evacuation Pause) 237M->22M(368M) 1,292ms
[3477,095s][info][gc] GC(14219) Pause Young (G1 Evacuation Pause) 237M->22M(368M) 1,711ms
[3477,349s][info][gc] GC(14220) Pause Young (G1 Evacuation Pause) 236M->21M(368M) 1,791ms
[3477,603s][info][gc] GC(14221) Pause Young (G1 Evacuation Pause) 236M->22M(368M) 1,748ms
[3477,857s][info][gc] GC(14222) Pause Young (G1 Evacuation Pause) 237M->22M(368M) 1,667ms
[3478,121s][info][gc] GC(14223) Pause Young (G1 Evacuation Pause) 237M->22M(368M) 2,252ms
[3478,370s][info][gc] GC(14224) Pause Young (G1 Evacuation Pause) 237M->22M(368M) 4,396ms
[3478,625s][info][gc] GC(14225) Pause Young (G1 Evacuation Pause) 236M->22M(368M) 1,787ms
[3478,879s][info][gc] GC(14226) Pause Young (G1 Evacuation Pause) 237M->22M(368M) 1,740ms
[3479,133s][info][gc] GC(14227) Pause Young (G1 Evacuation Pause) 237M->22M(368M) 1,778ms
[3479,391s][info][gc] GC(14228) Pause Young (G1 Evacuation Pause) 237M->22M(368M) 2,425ms
[3479,645s][info][gc] GC(14229) Pause Young (G1 Evacuation Pause) 237M->22M(368M) 1,870ms
[3479,901s][info][gc] GC(14230) Pause Young (G1 Evacuation Pause) 237M->23M(368M) 2,549ms
[3480,154s][info][gc] GC(14231) Pause Young (G1 Evacuation Pause) 237M->22M(368M) 1,733ms
[3480,394s][info][gc] GC(14232) Pause Young (G1 Evacuation Pause) 237M->22M(368M) 4,102ms
[3480,647s][info][gc] GC(14233) Pause Young (G1 Evacuation Pause) 237M->22M(368M) 1,227ms
[3480,899s][info][gc] GC(14234) Pause Young (G1 Evacuation Pause) 237M->22M(368M) 1,856ms
[3481,155s][info][gc] GC(14235) Pause Young (G1 Evacuation Pause) 237M->23M(368M) 1,769ms
[3481,409s][info][gc] GC(14236) Pause Young (G1 Evacuation Pause) 237M->22M(368M) 1,829ms
[3481,663s][info][gc] GC(14237) Pause Young (G1 Evacuation Pause) 237M->22M(368M) 1,832ms
[3481,917s][info][gc] GC(14238) Pause Young (G1 Evacuation Pause) 237M->22M(368M) 1,457ms
[3482,150s][info][gc] GC(14239) Pause Young (G1 Evacuation Pause) 237M->22M(368M) 1,476ms
[3482,408s][info][gc] GC(14240) Pause Young (G1 Evacuation Pause) 237M->23M(368M) 2,089ms
[3482,641s][info][gc] GC(14241) Pause Young (G1 Evacuation Pause) 237M->22M(368M) 1,025ms
[3482,905s][info][gc] GC(14242) Pause Young (G1 Evacuation Pause) 237M->22M(368M) 2,483ms
[3483,167s][info][gc] GC(14243) Pause Young (G1 Evacuation Pause) 237M->22M(368M) 1,838ms
[3483,408s][info][gc] GC(14244) Pause Young (G1 Evacuation Pause) 237M->22M(368M) 1,184ms
[3483,640s][info][gc] GC(14245) Pause Young (G1 Evacuation Pause) 237M->22M(368M) 1,266ms
[3483,872s][info][gc] GC(14246) Pause Young (G1 Evacuation Pause) 236M->22M(368M) 1,168ms
[3484,105s][info][gc] GC(14247) Pause Young (G1 Evacuation Pause) 237M->21M(368M) 1,807ms
[3484,348s][info][gc] GC(14248) Pause Young (G1 Evacuation Pause) 236M->22M(368M) 1,913ms
[3484,600s][info][gc] GC(14249) Pause Young (G1 Evacuation Pause) 237M->22M(368M) 1,526ms
[3484,832s][info][gc] GC(14250) Pause Young (G1 Evacuation Pause) 237M->22M(368M) 1,268ms
[3485,089s][info][gc] GC(14251) Pause Young (G1 Evacuation Pause) 237M->23M(368M) 1,908ms
[3485,322s][info][gc] GC(14252) Pause Young (G1 Evacuation Pause) 237M->22M(368M) 1,215ms
[3485,578s][info][gc] GC(14253) Pause Young (G1 Evacuation Pause) 237M->22M(368M) 1,916ms
[3485,832s][info][gc] GC(14254) Pause Young (G1 Evacuation Pause) 237M->22M(368M) 1,825ms
[3486,086s][info][gc] GC(14255) Pause Young (G1 Evacuation Pause) 237M->22M(368M) 1,679ms
[3486,322s][info][gc] GC(14256) Pause Young (G1 Evacuation Pause) 237M->23M(368M) 1,475ms
[3486,580s][info][gc] GC(14257) Pause Young (G1 Evacuation Pause) 237M->22M(368M) 1,714ms
[3486,839s][info][gc] GC(14258) Pause Young (G1 Evacuation Pause) 237M->22M(368M) 1,710ms
[3487,097s][info][gc] GC(14259) Pause Young (G1 Evacuation Pause) 237M->22M(368M) 1,411ms
[3487,330s][info][gc] GC(14260) Pause Young (G1 Evacuation Pause) 237M->22M(368M) 1,573ms
[3487,589s][info][gc] GC(14261) Pause Young (G1 Evacuation Pause) 237M->22M(368M) 3,403ms
[3487,821s][info][gc] GC(14262) Pause Young (G1 Evacuation Pause) 236M->22M(368M) 1,246ms
[3488,081s][info][gc] GC(14263) Pause Young (G1 Evacuation Pause) 237M->22M(368M) 1,711ms
[3488,332s][info][gc] GC(14264) Pause Young (G1 Evacuation Pause) 237M->22M(368M) 3,844ms
[3488,589s][info][gc] GC(14265) Pause Young (G1 Evacuation Pause) 237M->22M(368M) 1,602ms
[3488,823s][info][gc] GC(14266) Pause Young (G1 Evacuation Pause) 237M->22M(368M) 1,219ms
[3489,086s][info][gc] GC(14267) Pause Young (G1 Evacuation Pause) 236M->22M(368M) 1,586ms
[3489,339s][info][gc] GC(14268) Pause Young (G1 Evacuation Pause) 237M->22M(368M) 1,831ms
[3489,585s][info][gc] GC(14269) Pause Young (G1 Evacuation Pause) 237M->22M(368M) 1,203ms
[3489,817s][info][gc] GC(14270) Pause Young (G1 Evacuation Pause) 237M->22M(368M) 1,305ms
[3490,049s][info][gc] GC(14271) Pause Young (G1 Evacuation Pause) 237M->22M(368M) 1,322ms
[3490,281s][info][gc] GC(14272) Pause Young (G1 Evacuation Pause) 236M->22M(368M) 1,222ms
[3490,513s][info][gc] GC(14273) Pause Young (G1 Evacuation Pause) 237M->22M(368M) 1,152ms
[3490,745s][info][gc] GC(14274) Pause Young (G1 Evacuation Pause) 237M->22M(368M) 1,325ms
[3490,996s][info][gc] GC(14275) Pause Young (G1 Evacuation Pause) 237M->22M(368M) 1,871ms
[3491,250s][info][gc] GC(14276) Pause Young (G1 Evacuation Pause) 237M->22M(368M) 1,635ms
[3491,502s][info][gc] GC(14277) Pause Young (G1 Evacuation Pause) 237M->23M(368M) 1,838ms
[3491,756s][info][gc] GC(14278) Pause Young (G1 Evacuation Pause) 237M->22M(368M) 1,652ms
[3492,015s][info][gc] GC(14279) Pause Young (G1 Evacuation Pause) 237M->22M(368M) 1,614ms
[3492,269s][info][gc] GC(14280) Pause Young (G1 Evacuation Pause) 237M->22M(368M) 1,641ms
[3492,501s][info][gc] GC(14281) Pause Young (G1 Evacuation Pause) 237M->22M(368M) 1,327ms
[3492,738s][info][gc] GC(14282) Pause Young (G1 Evacuation Pause) 236M->22M(368M) 1,135ms
[3492,976s][info][gc] GC(14283) Pause Young (G1 Evacuation Pause) 237M->21M(368M) 1,472ms
[3493,208s][info][gc] GC(14284) Pause Young (G1 Evacuation Pause) 236M->22M(368M) 1,348ms
[3493,451s][info][gc] GC(14285) Pause Young (G1 Evacuation Pause) 237M->22M(368M) 1,394ms
[3493,692s][info][gc] GC(14286) Pause Young (G1 Evacuation Pause) 237M->22M(368M) 2,064ms
[3493,951s][info][gc] GC(14287) Pause Young (G1 Evacuation Pause) 237M->22M(368M) 1,855ms
[3494,206s][info][gc] GC(14288) Pause Young (G1 Evacuation Pause) 236M->21M(368M) 2,899ms
[3494,465s][info][gc] GC(14289) Pause Young (G1 Evacuation Pause) 236M->22M(368M) 1,753ms
[3494,722s][info][gc] GC(14290) Pause Young (G1 Evacuation Pause) 237M->22M(368M) 1,660ms
[3494,968s][info][gc] GC(14291) Pause Young (G1 Evacuation Pause) 237M->22M(368M) 1,281ms
[3495,200s][info][gc] GC(14292) Pause Young (G1 Evacuation Pause) 237M->22M(368M) 1,184ms
[3495,447s][info][gc] GC(14293) Pause Young (G1 Evacuation Pause) 236M->22M(368M) 2,105ms
[3495,700s][info][gc] GC(14294) Pause Young (G1 Evacuation Pause) 237M->21M(368M) 1,752ms
[3495,946s][info][gc] GC(14295) Pause Young (G1 Evacuation Pause) 236M->22M(368M) 1,147ms
[3496,178s][info][gc] GC(14296) Pause Young (G1 Evacuation Pause) 237M->22M(368M) 1,297ms
[3496,421s][info][gc] GC(14297) Pause Young (G1 Evacuation Pause) 237M->22M(368M) 1,831ms
[3496,666s][info][gc] GC(14298) Pause Young (G1 Evacuation Pause) 237M->23M(368M) 1,315ms
[3496,911s][info][gc] GC(14299) Pause Young (G1 Evacuation Pause) 237M->22M(368M) 2,315ms
[3497,147s][info][gc] GC(14300) Pause Young (G1 Evacuation Pause) 237M->22M(368M) 1,514ms
[3497,387s][info][gc] GC(14301) Pause Young (G1 Evacuation Pause) 237M->22M(368M) 3,507ms
[3497,622s][info][gc] GC(14302) Pause Young (G1 Evacuation Pause) 237M->22M(368M) 1,470ms
[3497,854s][info][gc] GC(14303) Pause Young (G1 Evacuation Pause) 237M->23M(368M) 1,150ms
[3498,122s][info][gc] GC(14304) Pause Young (G1 Evacuation Pause) 237M->22M(368M) 1,842ms
[3498,369s][info][gc] GC(14305) Pause Young (G1 Evacuation Pause) 237M->22M(368M) 3,818ms
[3498,625s][info][gc] GC(14306) Pause Young (G1 Evacuation Pause) 237M->22M(368M) 1,831ms
[3498,884s][info][gc] GC(14307) Pause Young (G1 Evacuation Pause) 237M->22M(368M) 2,703ms
[3499,147s][info][gc] GC(14308) Pause Young (G1 Evacuation Pause) 237M->23M(368M) 1,927ms
[3499,406s][info][gc] GC(14309) Pause Young (G1 Evacuation Pause) 237M->22M(368M) 2,423ms
[3499,662s][info][gc] GC(14310) Pause Young (G1 Evacuation Pause) 237M->22M(368M) 3,467ms
[3499,924s][info][gc] GC(14311) Pause Young (G1 Evacuation Pause) 237M->22M(368M) 3,819ms
[3500,156s][info][gc] GC(14312) Pause Young (G1 Evacuation Pause) 237M->22M(368M) 1,367ms
[3500,399s][info][gc] GC(14313) Pause Young (G1 Evacuation Pause) 237M->22M(368M) 2,328ms
[3500,635s][info][gc] GC(14314) Pause Young (G1 Evacuation Pause) 236M->22M(368M) 1,198ms
[3500,872s][info][gc] GC(14315) Pause Young (G1 Evacuation Pause) 237M->22M(368M) 3,856ms
[3501,116s][info][gc] GC(14316) Pause Young (G1 Evacuation Pause) 237M->22M(368M) 2,561ms
[3501,350s][info][gc] GC(14317) Pause Young (G1 Evacuation Pause) 237M->22M(368M) 2,824ms
[3501,612s][info][gc] GC(14318) Pause Young (G1 Evacuation Pause) 237M->22M(368M) 1,838ms
[3501,850s][info][gc] GC(14319) Pause Young (G1 Evacuation Pause) 236M->22M(368M) 1,423ms
[3502,116s][info][gc] GC(14320) Pause Young (G1 Evacuation Pause) 237M->22M(368M) 1,654ms
[3502,387s][info][gc] GC(14321) Pause Young (G1 Evacuation Pause) 237M->22M(368M) 3,443ms
[3502,621s][info][gc] GC(14322) Pause Young (G1 Evacuation Pause) 237M->22M(368M) 1,305ms
[3502,855s][info][gc] GC(14323) Pause Young (G1 Evacuation Pause) 237M->22M(368M) 2,216ms
[3503,087s][info][gc] GC(14324) Pause Young (G1 Evacuation Pause) 236M->22M(368M) 1,279ms
[3503,320s][info][gc] GC(14325) Pause Young (G1 Evacuation Pause) 237M->22M(368M) 1,180ms
[3503,585s][info][gc] GC(14326) Pause Young (G1 Evacuation Pause) 237M->22M(368M) 1,793ms
[3503,839s][info][gc] GC(14327) Pause Young (G1 Evacuation Pause) 237M->22M(368M) 1,782ms
[3504,095s][info][gc] GC(14328) Pause Young (G1 Evacuation Pause) 237M->22M(368M) 1,758ms
[3504,349s][info][gc] GC(14329) Pause Young (G1 Evacuation Pause) 237M->22M(368M) 1,810ms
[3504,608s][info][gc] GC(14330) Pause Young (G1 Evacuation Pause) 236M->22M(368M) 1,965ms
[3504,840s][info][gc] GC(14331) Pause Young (G1 Evacuation Pause) 237M->22M(368M) 1,059ms
[3505,104s][info][gc] GC(14332) Pause Young (G1 Evacuation Pause) 237M->22M(368M) 1,771ms
[3505,358s][info][gc] GC(14333) Pause Young (G1 Evacuation Pause) 237M->22M(368M) 1,939ms
[3505,612s][info][gc] GC(14334) Pause Young (G1 Evacuation Pause) 237M->22M(368M) 1,746ms
[3505,873s][info][gc] GC(14335) Pause Young (G1 Evacuation Pause) 237M->23M(368M) 2,778ms
[3506,106s][info][gc] GC(14336) Pause Young (G1 Evacuation Pause) 237M->22M(368M) 1,207ms
[3506,338s][info][gc] GC(14337) Pause Young (G1 Evacuation Pause) 237M->22M(368M) 1,079ms
[3506,596s][info][gc] GC(14338) Pause Young (G1 Evacuation Pause) 237M->22M(368M) 1,897ms
[3506,850s][info][gc] GC(14339) Pause Young (G1 Evacuation Pause) 237M->22M(368M) 1,800ms
[3507,090s][info][gc] GC(14340) Pause Young (G1 Evacuation Pause) 237M->23M(368M) 1,831ms
[3507,346s][info][gc] GC(14341) Pause Young (G1 Evacuation Pause) 237M->21M(368M) 3,430ms
[3507,599s][info][gc] GC(14342) Pause Young (G1 Evacuation Pause) 236M->22M(368M) 1,751ms
[3507,853s][info][gc] GC(14343) Pause Young (G1 Evacuation Pause) 237M->22M(368M) 1,838ms
[3508,107s][info][gc] GC(14344) Pause Young (G1 Evacuation Pause) 237M->22M(368M) 1,694ms
[3508,351s][info][gc] GC(14345) Pause Young (G1 Evacuation Pause) 237M->23M(368M) 1,223ms
[3508,616s][info][gc] GC(14346) Pause Young (G1 Evacuation Pause) 237M->21M(368M) 3,142ms
[3508,848s][info][gc] GC(14347) Pause Young (G1 Evacuation Pause) 236M->22M(368M) 1,203ms
[3509,094s][info][gc] GC(14348) Pause Young (G1 Evacuation Pause) 237M->22M(368M) 1,280ms
[3509,326s][info][gc] GC(14349) Pause Young (G1 Evacuation Pause) 237M->22M(368M) 1,174ms
[3509,558s][info][gc] GC(14350) Pause Young (G1 Evacuation Pause) 237M->22M(368M) 1,207ms
[3509,790s][info][gc] GC(14351) Pause Young (G1 Evacuation Pause) 236M->22M(368M) 1,223ms
[3510,052s][info][gc] GC(14352) Pause Young (G1 Evacuation Pause) 237M->22M(368M) 1,435ms
[3510,285s][info][gc] GC(14353) Pause Young (G1 Evacuation Pause) 237M->22M(368M) 1,967ms
[3510,526s][info][gc] GC(14354) Pause Young (G1 Evacuation Pause) 237M->22M(368M) 1,285ms
[3510,771s][info][gc] GC(14355) Pause Young (G1 Evacuation Pause) 237M->22M(368M) 1,426ms
[3511,022s][info][gc] GC(14356) Pause Young (G1 Evacuation Pause) 236M->22M(368M) 1,698ms
[3511,276s][info][gc] GC(14357) Pause Young (G1 Evacuation Pause) 237M->21M(368M) 2,890ms
[3511,508s][info][gc] GC(14358) Pause Young (G1 Evacuation Pause) 236M->22M(368M) 1,127ms
[3511,740s][info][gc] GC(14359) Pause Young (G1 Evacuation Pause) 237M->22M(368M) 1,209ms
[3511,973s][info][gc] GC(14360) Pause Young (G1 Evacuation Pause) 237M->22M(368M) 1,827ms
[3512,214s][info][gc] GC(14361) Pause Young (G1 Evacuation Pause) 236M->22M(368M) 1,420ms
[3512,447s][info][gc] GC(14362) Pause Young (G1 Evacuation Pause) 237M->22M(368M) 1,491ms
[3512,691s][info][gc] GC(14363) Pause Young (G1 Evacuation Pause) 237M->22M(368M) 1,362ms
[3512,925s][info][gc] GC(14364) Pause Young (G1 Evacuation Pause) 237M->22M(368M) 1,490ms
[3513,158s][info][gc] GC(14365) Pause Young (G1 Evacuation Pause) 237M->22M(368M) 1,415ms
[3513,390s][info][gc] GC(14366) Pause Young (G1 Evacuation Pause) 237M->23M(368M) 1,313ms
[3513,622s][info][gc] GC(14367) Pause Young (G1 Evacuation Pause) 237M->22M(368M) 1,230ms
[3513,854s][info][gc] GC(14368) Pause Young (G1 Evacuation Pause) 237M->22M(368M) 1,221ms
[3514,121s][info][gc] GC(14369) Pause Young (G1 Evacuation Pause) 237M->22M(368M) 1,817ms
[3514,361s][info][gc] GC(14370) Pause Young (G1 Evacuation Pause) 237M->22M(368M) 1,600ms
[3514,594s][info][gc] GC(14371) Pause Young (G1 Evacuation Pause) 237M->22M(368M) 1,593ms
[3514,830s][info][gc] GC(14372) Pause Young (G1 Evacuation Pause) 236M->22M(368M) 1,181ms
[3515,091s][info][gc] GC(14373) Pause Young (G1 Evacuation Pause) 237M->22M(368M) 1,886ms
[3515,346s][info][gc] GC(14374) Pause Young (G1 Evacuation Pause) 237M->22M(368M) 1,750ms
[3515,598s][info][gc] GC(14375) Pause Young (G1 Evacuation Pause) 237M->22M(368M) 1,512ms
[3515,831s][info][gc] GC(14376) Pause Young (G1 Evacuation Pause) 236M->21M(368M) 1,370ms
[3516,089s][info][gc] GC(14377) Pause Young (G1 Evacuation Pause) 236M->22M(368M) 1,664ms
[3516,324s][info][gc] GC(14378) Pause Young (G1 Evacuation Pause) 237M->22M(368M) 1,064ms
[3516,566s][info][gc] GC(14379) Pause Young (G1 Evacuation Pause) 237M->22M(368M) 1,456ms
[3516,799s][info][gc] GC(14380) Pause Young (G1 Evacuation Pause) 237M->22M(368M) 1,235ms
[3517,044s][info][gc] GC(14381) Pause Young (G1 Evacuation Pause) 237M->22M(368M) 1,508ms
[3517,293s][info][gc] GC(14382) Pause Young (G1 Evacuation Pause) 236M->22M(368M) 1,514ms
[3517,534s][info][gc] GC(14383) Pause Young (G1 Evacuation Pause) 237M->22M(368M) 1,480ms
[3517,771s][info][gc] GC(14384) Pause Young (G1 Evacuation Pause) 237M->22M(368M) 1,121ms
[3518,022s][info][gc] GC(14385) Pause Young (G1 Evacuation Pause) 237M->22M(368M) 1,468ms
[3518,255s][info][gc] GC(14386) Pause Young (G1 Evacuation Pause) 237M->22M(368M) 1,978ms
[3518,488s][info][gc] GC(14387) Pause Young (G1 Evacuation Pause) 237M->23M(368M) 1,154ms
[3518,724s][info][gc] GC(14388) Pause Young (G1 Evacuation Pause) 237M->22M(368M) 1,256ms
[3518,972s][info][gc] GC(14389) Pause Young (G1 Evacuation Pause) 237M->22M(368M) 1,642ms
[3519,220s][info][gc] GC(14390) Pause Young (G1 Evacuation Pause) 237M->22M(368M) 1,589ms
[3519,470s][info][gc] GC(14391) Pause Young (G1 Evacuation Pause) 237M->22M(368M) 1,733ms
[3519,725s][info][gc] GC(14392) Pause Young (G1 Evacuation Pause) 237M->23M(368M) 1,918ms
[3519,974s][info][gc] GC(14393) Pause Young (G1 Evacuation Pause) 237M->22M(368M) 1,795ms
[3520,215s][info][gc] GC(14394) Pause Young (G1 Evacuation Pause) 237M->22M(368M) 1,476ms
[3520,449s][info][gc] GC(14395) Pause Young (G1 Evacuation Pause) 237M->22M(368M) 1,637ms
[3520,688s][info][gc] GC(14396) Pause Young (G1 Evacuation Pause) 237M->22M(368M) 1,125ms
[3520,933s][info][gc] GC(14397) Pause Young (G1 Evacuation Pause) 237M->22M(368M) 1,960ms
[3521,186s][info][gc] GC(14398) Pause Young (G1 Evacuation Pause) 237M->23M(368M) 1,751ms
[3521,444s][info][gc] GC(14399) Pause Young (G1 Evacuation Pause) 237M->22M(368M) 1,346ms
[3521,678s][info][gc] GC(14400) Pause Young (G1 Evacuation Pause) 237M->22M(368M) 1,571ms
[3521,910s][info][gc] GC(14401) Pause Young (G1 Evacuation Pause) 237M->22M(368M) 1,310ms
[3522,169s][info][gc] GC(14402) Pause Young (G1 Evacuation Pause) 237M->22M(368M) 1,943ms
[3522,419s][info][gc] GC(14403) Pause Young (G1 Evacuation Pause) 236M->22M(368M) 1,580ms
[3522,672s][info][gc] GC(14404) Pause Young (G1 Evacuation Pause) 237M->22M(368M) 1,679ms
[3522,928s][info][gc] GC(14405) Pause Young (G1 Evacuation Pause) 237M->22M(368M) 1,763ms
[3523,162s][info][gc] GC(14406) Pause Young (G1 Evacuation Pause) 237M->22M(368M) 1,300ms
[3523,394s][info][gc] GC(14407) Pause Young (G1 Evacuation Pause) 237M->22M(368M) 1,248ms
[3523,626s][info][gc] GC(14408) Pause Young (G1 Evacuation Pause) 237M->23M(368M) 1,259ms
[3523,890s][info][gc] GC(14409) Pause Young (G1 Evacuation Pause) 237M->22M(368M) 2,326ms
[3524,144s][info][gc] GC(14410) Pause Young (G1 Evacuation Pause) 237M->22M(368M) 1,632ms
[3524,398s][info][gc] GC(14411) Pause Young (G1 Evacuation Pause) 237M->22M(368M) 1,760ms
[3524,639s][info][gc] GC(14412) Pause Young (G1 Evacuation Pause) 237M->22M(368M) 1,127ms
[3524,871s][info][gc] GC(14413) Pause Young (G1 Evacuation Pause) 237M->22M(368M) 1,266ms
[3525,103s][info][gc] GC(14414) Pause Young (G1 Evacuation Pause) 236M->22M(368M) 1,197ms
[3525,335s][info][gc] GC(14415) Pause Young (G1 Evacuation Pause) 237M->22M(368M) 1,211ms
[3525,598s][info][gc] GC(14416) Pause Young (G1 Evacuation Pause) 237M->22M(368M) 1,772ms
[3525,854s][info][gc] GC(14417) Pause Young (G1 Evacuation Pause) 237M->22M(368M) 1,461ms
[3526,112s][info][gc] GC(14418) Pause Young (G1 Evacuation Pause) 236M->21M(368M) 1,498ms
[3526,345s][info][gc] GC(14419) Pause Young (G1 Evacuation Pause) 236M->22M(368M) 1,447ms
[3526,593s][info][gc] GC(14420) Pause Young (G1 Evacuation Pause) 237M->21M(368M) 2,081ms
[3526,842s][info][gc] GC(14421) Pause Young (G1 Evacuation Pause) 236M->22M(368M) 1,661ms
[3527,107s][info][gc] GC(14422) Pause Young (G1 Evacuation Pause) 237M->22M(368M) 1,851ms
[3527,361s][info][gc] GC(14423) Pause Young (G1 Evacuation Pause) 237M->22M(368M) 1,836ms
[3527,615s][info][gc] GC(14424) Pause Young (G1 Evacuation Pause) 237M->23M(368M) 1,849ms
[3527,868s][info][gc] GC(14425) Pause Young (G1 Evacuation Pause) 237M->22M(368M) 3,810ms
[3528,128s][info][gc] GC(14426) Pause Young (G1 Evacuation Pause) 237M->22M(368M) 1,778ms
[3528,375s][info][gc] GC(14427) Pause Young (G1 Evacuation Pause) 237M->22M(368M) 4,189ms
[3528,614s][info][gc] GC(14428) Pause Young (G1 Evacuation Pause) 237M->22M(368M) 2,395ms
[3528,853s][info][gc] GC(14429) Pause Young (G1 Evacuation Pause) 236M->21M(368M) 1,646ms
[3529,086s][info][gc] GC(14430) Pause Young (G1 Evacuation Pause) 236M->22M(368M) 1,365ms
[3529,319s][info][gc] GC(14431) Pause Young (G1 Evacuation Pause) 237M->22M(368M) 1,545ms
[3529,567s][info][gc] GC(14432) Pause Young (G1 Evacuation Pause) 237M->22M(368M) 1,211ms
[3529,811s][info][gc] GC(14433) Pause Young (G1 Evacuation Pause) 237M->22M(368M) 2,334ms
[3530,071s][info][gc] GC(14434) Pause Young (G1 Evacuation Pause) 237M->23M(368M) 1,734ms
[3530,325s][info][gc] GC(14435) Pause Young (G1 Evacuation Pause) 237M->22M(368M) 1,865ms
[3530,585s][info][gc] GC(14436) Pause Young (G1 Evacuation Pause) 237M->22M(368M) 1,783ms
[3530,839s][info][gc] GC(14437) Pause Young (G1 Evacuation Pause) 237M->22M(368M) 1,876ms
[3531,098s][info][gc] GC(14438) Pause Young (G1 Evacuation Pause) 237M->22M(368M) 1,781ms
[3531,337s][info][gc] GC(14439) Pause Young (G1 Evacuation Pause) 237M->22M(368M) 1,337ms
[3531,601s][info][gc] GC(14440) Pause Young (G1 Evacuation Pause) 236M->22M(368M) 1,749ms
[3531,858s][info][gc] GC(14441) Pause Young (G1 Evacuation Pause) 237M->22M(368M) 2,347ms
[3532,093s][info][gc] GC(14442) Pause Young (G1 Evacuation Pause) 237M->22M(368M) 1,934ms
[3532,325s][info][gc] GC(14443) Pause Young (G1 Evacuation Pause) 237M->22M(368M) 1,278ms
[3532,557s][info][gc] GC(14444) Pause Young (G1 Evacuation Pause) 237M->22M(368M) 1,173ms
[3532,789s][info][gc] GC(14445) Pause Young (G1 Evacuation Pause) 236M->22M(368M) 1,378ms
[3533,044s][info][gc] GC(14446) Pause Young (G1 Evacuation Pause) 237M->22M(368M) 1,662ms
[3533,293s][info][gc] GC(14447) Pause Young (G1 Evacuation Pause) 237M->22M(368M) 1,089ms
[3533,547s][info][gc] GC(14448) Pause Young (G1 Evacuation Pause) 237M->22M(368M) 1,833ms
[3533,804s][info][gc] GC(14449) Pause Young (G1 Evacuation Pause) 237M->22M(368M) 4,359ms
[3534,072s][info][gc] GC(14450) Pause Young (G1 Evacuation Pause) 236M->22M(368M) 1,669ms
[3534,327s][info][gc] GC(14451) Pause Young (G1 Evacuation Pause) 237M->22M(368M) 2,014ms
[3534,589s][info][gc] GC(14452) Pause Young (G1 Evacuation Pause) 237M->22M(368M) 1,075ms
[3534,821s][info][gc] GC(14453) Pause Young (G1 Evacuation Pause) 237M->22M(368M) 1,305ms
[3535,079s][info][gc] GC(14454) Pause Young (G1 Evacuation Pause) 237M->22M(368M) 1,737ms
[3535,312s][info][gc] GC(14455) Pause Young (G1 Evacuation Pause) 237M->23M(368M) 1,276ms
[3535,545s][info][gc] GC(14456) Pause Young (G1 Evacuation Pause) 237M->22M(368M) 1,500ms
[3535,781s][info][gc] GC(14457) Pause Young (G1 Evacuation Pause) 237M->22M(368M) 1,629ms
[3536,016s][info][gc] GC(14458) Pause Young (G1 Evacuation Pause) 237M->22M(368M) 1,649ms
[3536,258s][info][gc] GC(14459) Pause Young (G1 Evacuation Pause) 237M->22M(368M) 3,018ms
[3536,515s][info][gc] GC(14460) Pause Young (G1 Evacuation Pause) 236M->21M(368M) 1,697ms
[3536,755s][info][gc] GC(14461) Pause Young (G1 Evacuation Pause) 236M->22M(368M) 1,250ms
[3536,987s][info][gc] GC(14462) Pause Young (G1 Evacuation Pause) 237M->22M(368M) 1,145ms
[3537,219s][info][gc] GC(14463) Pause Young (G1 Evacuation Pause) 237M->22M(368M) 1,220ms
[3537,451s][info][gc] GC(14464) Pause Young (G1 Evacuation Pause) 237M->22M(368M) 1,260ms
[3537,700s][info][gc] GC(14465) Pause Young (G1 Evacuation Pause) 237M->22M(368M) 4,231ms
[3537,960s][info][gc] GC(14466) Pause Young (G1 Evacuation Pause) 236M->22M(368M) 1,761ms
[3538,194s][info][gc] GC(14467) Pause Young (G1 Evacuation Pause) 237M->22M(368M) 1,416ms
[3538,438s][info][gc] GC(14468) Pause Young (G1 Evacuation Pause) 237M->22M(368M) 1,788ms
[3538,692s][info][gc] GC(14469) Pause Young (G1 Evacuation Pause) 237M->22M(368M) 1,703ms
[3538,946s][info][gc] GC(14470) Pause Young (G1 Evacuation Pause) 237M->22M(368M) 1,876ms
[3539,200s][info][gc] GC(14471) Pause Young (G1 Evacuation Pause) 237M->23M(368M) 1,855ms
[3539,465s][info][gc] GC(14472) Pause Young (G1 Evacuation Pause) 237M->22M(368M) 2,264ms
[3539,726s][info][gc] GC(14473) Pause Young (G1 Evacuation Pause) 237M->22M(368M) 4,176ms
[3539,985s][info][gc] GC(14474) Pause Young (G1 Evacuation Pause) 237M->22M(368M) 1,957ms
[3540,231s][info][gc] GC(14475) Pause Young (G1 Evacuation Pause) 237M->22M(368M) 1,254ms
[3540,484s][info][gc] GC(14476) Pause Young (G1 Evacuation Pause) 237M->23M(368M) 1,952ms
[3540,718s][info][gc] GC(14477) Pause Young (G1 Evacuation Pause) 237M->22M(368M) 1,568ms
[3540,964s][info][gc] GC(14478) Pause Young (G1 Evacuation Pause) 237M->22M(368M) 1,785ms
[3541,198s][info][gc] GC(14479) Pause Young (G1 Evacuation Pause) 237M->22M(368M) 1,565ms
[3541,448s][info][gc] GC(14480) Pause Young (G1 Evacuation Pause) 237M->22M(368M) 1,955ms
[3541,681s][info][gc] GC(14481) Pause Young (G1 Evacuation Pause) 236M->21M(368M) 1,014ms
[3541,925s][info][gc] GC(14482) Pause Young (G1 Evacuation Pause) 236M->22M(368M) 2,289ms
[3542,179s][info][gc] GC(14483) Pause Young (G1 Evacuation Pause) 237M->22M(368M) 1,728ms
[3542,426s][info][gc] GC(14484) Pause Young (G1 Evacuation Pause) 237M->22M(368M) 1,467ms
[3542,659s][info][gc] GC(14485) Pause Young (G1 Evacuation Pause) 237M->22M(368M) 1,400ms
[3542,900s][info][gc] GC(14486) Pause Young (G1 Evacuation Pause) 237M->22M(368M) 2,389ms
[3543,136s][info][gc] GC(14487) Pause Young (G1 Evacuation Pause) 236M->22M(368M) 1,329ms
[3543,373s][info][gc] GC(14488) Pause Young (G1 Evacuation Pause) 237M->21M(368M) 4,045ms
[3543,637s][info][gc] GC(14489) Pause Young (G1 Evacuation Pause) 236M->22M(368M) 2,293ms
[3543,885s][info][gc] GC(14490) Pause Young (G1 Evacuation Pause) 237M->22M(368M) 4,094ms
[3544,140s][info][gc] GC(14491) Pause Young (G1 Evacuation Pause) 237M->22M(368M) 1,953ms
[3544,394s][info][gc] GC(14492) Pause Young (G1 Evacuation Pause) 237M->23M(368M) 1,821ms
[3544,627s][info][gc] GC(14493) Pause Young (G1 Evacuation Pause) 237M->22M(368M) 1,036ms
[3544,888s][info][gc] GC(14494) Pause Young (G1 Evacuation Pause) 237M->22M(368M) 1,842ms
[3545,142s][info][gc] GC(14495) Pause Young (G1 Evacuation Pause) 237M->22M(368M) 2,213ms
[3545,400s][info][gc] GC(14496) Pause Young (G1 Evacuation Pause) 237M->22M(368M) 2,447ms
[3545,654s][info][gc] GC(14497) Pause Young (G1 Evacuation Pause) 236M->22M(368M) 1,597ms
[3545,909s][info][gc] GC(14498) Pause Young (G1 Evacuation Pause) 237M->22M(368M) 2,216ms
[3546,170s][info][gc] GC(14499) Pause Young (G1 Evacuation Pause) 237M->22M(368M) 1,693ms
[3546,427s][info][gc] GC(14500) Pause Young (G1 Evacuation Pause) 237M->22M(368M) 1,658ms
[3546,682s][info][gc] GC(14501) Pause Young (G1 Evacuation Pause) 237M->22M(368M) 2,269ms
[3546,939s][info][gc] GC(14502) Pause Young (G1 Evacuation Pause) 237M->22M(368M) 1,857ms
[3547,193s][info][gc] GC(14503) Pause Young (G1 Evacuation Pause) 236M->22M(368M) 1,582ms
[3547,452s][info][gc] GC(14504) Pause Young (G1 Evacuation Pause) 237M->22M(368M) 1,684ms
[3547,685s][info][gc] GC(14505) Pause Young (G1 Evacuation Pause) 237M->22M(368M) 1,085ms
[3547,929s][info][gc] GC(14506) Pause Young (G1 Evacuation Pause) 237M->22M(368M) 2,537ms
[3548,198s][info][gc] GC(14507) Pause Young (G1 Evacuation Pause) 237M->22M(368M) 1,895ms
[3548,447s][info][gc] GC(14508) Pause Young (G1 Evacuation Pause) 236M->22M(368M) 2,239ms
[3548,690s][info][gc] GC(14509) Pause Young (G1 Evacuation Pause) 237M->22M(368M) 1,162ms
[3548,949s][info][gc] GC(14510) Pause Young (G1 Evacuation Pause) 237M->22M(368M) 1,766ms
[3549,203s][info][gc] GC(14511) Pause Young (G1 Evacuation Pause) 237M->22M(368M) 1,839ms
[3549,462s][info][gc] GC(14512) Pause Young (G1 Evacuation Pause) 237M->22M(368M) 1,754ms
[3549,716s][info][gc] GC(14513) Pause Young (G1 Evacuation Pause) 236M->22M(368M) 1,643ms
[3549,970s][info][gc] GC(14514) Pause Young (G1 Evacuation Pause) 237M->22M(368M) 1,820ms
[3550,218s][info][gc] GC(14515) Pause Young (G1 Evacuation Pause) 237M->22M(368M) 1,218ms
[3550,450s][info][gc] GC(14516) Pause Young (G1 Evacuation Pause) 237M->22M(368M) 1,275ms
[3550,682s][info][gc] GC(14517) Pause Young (G1 Evacuation Pause) 237M->22M(368M) 1,180ms
[3550,927s][info][gc] GC(14518) Pause Young (G1 Evacuation Pause) 236M->22M(368M) 1,309ms
[3551,161s][info][gc] GC(14519) Pause Young (G1 Evacuation Pause) 237M->22M(368M) 1,507ms
[3551,394s][info][gc] GC(14520) Pause Young (G1 Evacuation Pause) 237M->22M(368M) 1,392ms
[3551,627s][info][gc] GC(14521) Pause Young (G1 Evacuation Pause) 237M->22M(368M) 1,428ms
[3551,859s][info][gc] GC(14522) Pause Young (G1 Evacuation Pause) 237M->22M(368M) 1,328ms
[3552,093s][info][gc] GC(14523) Pause Young (G1 Evacuation Pause) 237M->23M(368M) 1,380ms
[3552,325s][info][gc] GC(14524) Pause Young (G1 Evacuation Pause) 237M->22M(368M) 1,276ms
[3552,570s][info][gc] GC(14525) Pause Young (G1 Evacuation Pause) 237M->22M(368M) 1,420ms
[3552,804s][info][gc] GC(14526) Pause Young (G1 Evacuation Pause) 237M->22M(368M) 1,522ms
[3553,043s][info][gc] GC(14527) Pause Young (G1 Evacuation Pause) 237M->22M(368M) 1,297ms
[3553,299s][info][gc] GC(14528) Pause Young (G1 Evacuation Pause) 237M->22M(368M) 1,282ms
[3553,556s][info][gc] GC(14529) Pause Young (G1 Evacuation Pause) 236M->22M(368M) 1,681ms
[3553,810s][info][gc] GC(14530) Pause Young (G1 Evacuation Pause) 237M->22M(368M) 1,777ms
[3554,064s][info][gc] GC(14531) Pause Young (G1 Evacuation Pause) 237M->22M(368M) 1,139ms
[3554,297s][info][gc] GC(14532) Pause Young (G1 Evacuation Pause) 237M->22M(368M) 1,440ms
[3554,543s][info][gc] GC(14533) Pause Young (G1 Evacuation Pause) 237M->22M(368M) 1,672ms
[3554,775s][info][gc] GC(14534) Pause Young (G1 Evacuation Pause) 236M->22M(368M) 1,319ms
[3555,023s][info][gc] GC(14535) Pause Young (G1 Evacuation Pause) 237M->22M(368M) 1,159ms
[3555,255s][info][gc] GC(14536) Pause Young (G1 Evacuation Pause) 237M->22M(368M) 1,391ms
[3555,507s][info][gc] GC(14537) Pause Young (G1 Evacuation Pause) 237M->22M(368M) 1,701ms
[3555,740s][info][gc] GC(14538) Pause Young (G1 Evacuation Pause) 237M->22M(368M) 1,248ms
[3555,972s][info][gc] GC(14539) Pause Young (G1 Evacuation Pause) 236M->22M(368M) 1,200ms
[3556,204s][info][gc] GC(14540) Pause Young (G1 Evacuation Pause) 237M->22M(368M) 1,222ms
[3556,453s][info][gc] GC(14541) Pause Young (G1 Evacuation Pause) 237M->22M(368M) 3,905ms
[3556,700s][info][gc] GC(14542) Pause Young (G1 Evacuation Pause) 237M->22M(368M) 1,304ms
[3556,933s][info][gc] GC(14543) Pause Young (G1 Evacuation Pause) 237M->22M(368M) 1,360ms
[3557,166s][info][gc] GC(14544) Pause Young (G1 Evacuation Pause) 237M->23M(368M) 1,658ms
[3557,399s][info][gc] GC(14545) Pause Young (G1 Evacuation Pause) 237M->22M(368M) 1,425ms
[3557,631s][info][gc] GC(14546) Pause Young (G1 Evacuation Pause) 237M->22M(368M) 1,157ms
[3557,868s][info][gc] GC(14547) Pause Young (G1 Evacuation Pause) 237M->22M(368M) 4,003ms
[3558,129s][info][gc] GC(14548) Pause Young (G1 Evacuation Pause) 237M->22M(368M) 1,850ms
[3558,376s][info][gc] GC(14549) Pause Young (G1 Evacuation Pause) 237M->22M(368M) 3,753ms
[3558,631s][info][gc] GC(14550) Pause Young (G1 Evacuation Pause) 236M->22M(368M) 1,821ms
[3558,884s][info][gc] GC(14551) Pause Young (G1 Evacuation Pause) 237M->22M(368M) 1,489ms
[3559,118s][info][gc] GC(14552) Pause Young (G1 Evacuation Pause) 237M->22M(368M) 2,951ms
[3559,351s][info][gc] GC(14553) Pause Young (G1 Evacuation Pause) 237M->22M(368M) 1,313ms
[3559,597s][info][gc] GC(14554) Pause Young (G1 Evacuation Pause) 237M->22M(368M) 1,665ms
[3559,829s][info][gc] GC(14555) Pause Young (G1 Evacuation Pause) 236M->22M(368M) 1,187ms
[3560,096s][info][gc] GC(14556) Pause Young (G1 Evacuation Pause) 237M->22M(368M) 1,412ms
[3560,329s][info][gc] GC(14557) Pause Young (G1 Evacuation Pause) 237M->22M(368M) 1,124ms
[3560,561s][info][gc] GC(14558) Pause Young (G1 Evacuation Pause) 237M->22M(368M) 1,306ms
[3560,807s][info][gc] GC(14559) Pause Young (G1 Evacuation Pause) 237M->22M(368M) 1,250ms
[3561,070s][info][gc] GC(14560) Pause Young (G1 Evacuation Pause) 237M->23M(368M) 2,495ms
[3561,324s][info][gc] GC(14561) Pause Young (G1 Evacuation Pause) 237M->22M(368M) 1,781ms
[3561,568s][info][gc] GC(14562) Pause Young (G1 Evacuation Pause) 237M->22M(368M) 1,227ms
[3561,800s][info][gc] GC(14563) Pause Young (G1 Evacuation Pause) 237M->22M(368M) 1,342ms
[3562,032s][info][gc] GC(14564) Pause Young (G1 Evacuation Pause) 237M->22M(368M) 1,234ms
[3562,264s][info][gc] GC(14565) Pause Young (G1 Evacuation Pause) 237M->23M(368M) 1,356ms
[3562,497s][info][gc] GC(14566) Pause Young (G1 Evacuation Pause) 237M->22M(368M) 1,160ms
[3562,729s][info][gc] GC(14567) Pause Young (G1 Evacuation Pause) 237M->22M(368M) 1,215ms
[3562,961s][info][gc] GC(14568) Pause Young (G1 Evacuation Pause) 237M->22M(368M) 1,324ms
[3563,194s][info][gc] GC(14569) Pause Young (G1 Evacuation Pause) 237M->22M(368M) 1,321ms
[3563,427s][info][gc] GC(14570) Pause Young (G1 Evacuation Pause) 237M->22M(368M) 1,152ms
[3563,659s][info][gc] GC(14571) Pause Young (G1 Evacuation Pause) 236M->22M(368M) 1,046ms
[3563,904s][info][gc] GC(14572) Pause Young (G1 Evacuation Pause) 237M->22M(368M) 4,111ms
[3564,155s][info][gc] GC(14573) Pause Young (G1 Evacuation Pause) 237M->22M(368M) 1,227ms
[3564,388s][info][gc] GC(14574) Pause Young (G1 Evacuation Pause) 237M->22M(368M) 2,221ms
[3564,632s][info][gc] GC(14575) Pause Young (G1 Evacuation Pause) 237M->22M(368M) 1,257ms
[3564,883s][info][gc] GC(14576) Pause Young (G1 Evacuation Pause) 236M->22M(368M) 1,663ms
[3565,137s][info][gc] GC(14577) Pause Young (G1 Evacuation Pause) 237M->22M(368M) 1,637ms
[3565,395s][info][gc] GC(14578) Pause Young (G1 Evacuation Pause) 237M->22M(368M) 2,243ms
[3565,649s][info][gc] GC(14579) Pause Young (G1 Evacuation Pause) 237M->22M(368M) 1,733ms
[3565,908s][info][gc] GC(14580) Pause Young (G1 Evacuation Pause) 237M->22M(368M) 2,473ms
[3566,162s][info][gc] GC(14581) Pause Young (G1 Evacuation Pause) 236M->22M(368M) 1,592ms
[3566,421s][info][gc] GC(14582) Pause Young (G1 Evacuation Pause) 237M->22M(368M) 2,099ms
[3566,674s][info][gc] GC(14583) Pause Young (G1 Evacuation Pause) 237M->22M(368M) 1,645ms
[3566,931s][info][gc] GC(14584) Pause Young (G1 Evacuation Pause) 237M->22M(368M) 1,650ms
[3567,185s][info][gc] GC(14585) Pause Young (G1 Evacuation Pause) 237M->22M(368M) 1,845ms
[3567,439s][info][gc] GC(14586) Pause Young (G1 Evacuation Pause) 237M->23M(368M) 1,865ms
[3567,672s][info][gc] GC(14587) Pause Young (G1 Evacuation Pause) 237M->22M(368M) 1,108ms
[3567,904s][info][gc] GC(14588) Pause Young (G1 Evacuation Pause) 237M->22M(368M) 1,201ms
[3568,137s][info][gc] GC(14589) Pause Young (G1 Evacuation Pause) 237M->22M(368M) 2,104ms
[3568,374s][info][gc] GC(14590) Pause Young (G1 Evacuation Pause) 237M->22M(368M) 4,087ms
[3568,637s][info][gc] GC(14591) Pause Young (G1 Evacuation Pause) 237M->22M(368M) 1,407ms
[3568,869s][info][gc] GC(14592) Pause Young (G1 Evacuation Pause) 236M->22M(368M) 1,026ms
[3569,101s][info][gc] GC(14593) Pause Young (G1 Evacuation Pause) 237M->22M(368M) 1,219ms
[3569,333s][info][gc] GC(14594) Pause Young (G1 Evacuation Pause) 237M->22M(368M) 1,306ms
[3569,590s][info][gc] GC(14595) Pause Young (G1 Evacuation Pause) 237M->22M(368M) 1,866ms
[3569,844s][info][gc] GC(14596) Pause Young (G1 Evacuation Pause) 237M->22M(368M) 1,843ms
[3570,106s][info][gc] GC(14597) Pause Young (G1 Evacuation Pause) 236M->22M(368M) 1,739ms
[3570,349s][info][gc] GC(14598) Pause Young (G1 Evacuation Pause) 237M->22M(368M) 1,185ms
[3570,594s][info][gc] GC(14599) Pause Young (G1 Evacuation Pause) 237M->22M(368M) 1,786ms
[3570,848s][info][gc] GC(14600) Pause Young (G1 Evacuation Pause) 237M->22M(368M) 1,669ms
[3571,081s][info][gc] GC(14601) Pause Young (G1 Evacuation Pause) 237M->22M(368M) 1,179ms
[3571,313s][info][gc] GC(14602) Pause Young (G1 Evacuation Pause) 237M->23M(368M) 1,239ms
[3571,577s][info][gc] GC(14603) Pause Young (G1 Evacuation Pause) 237M->22M(368M) 1,746ms
[3571,831s][info][gc] GC(14604) Pause Young (G1 Evacuation Pause) 237M->22M(368M) 1,770ms
[3572,085s][info][gc] GC(14605) Pause Young (G1 Evacuation Pause) 237M->22M(368M) 1,747ms
[3572,333s][info][gc] GC(14606) Pause Young (G1 Evacuation Pause) 237M->22M(368M) 1,120ms
[3572,565s][info][gc] GC(14607) Pause Young (G1 Evacuation Pause) 237M->23M(368M) 1,145ms
[3572,810s][info][gc] GC(14608) Pause Young (G1 Evacuation Pause) 237M->22M(368M) 1,207ms
[3573,066s][info][gc] GC(14609) Pause Young (G1 Evacuation Pause) 237M->22M(368M) 1,833ms
[3573,300s][info][gc] GC(14610) Pause Young (G1 Evacuation Pause) 237M->22M(368M) 1,261ms
[3573,532s][info][gc] GC(14611) Pause Young (G1 Evacuation Pause) 237M->22M(368M) 1,312ms
[3573,764s][info][gc] GC(14612) Pause Young (G1 Evacuation Pause) 237M->22M(368M) 1,141ms
[3574,005s][info][gc] GC(14613) Pause Young (G1 Evacuation Pause) 236M->22M(368M) 1,466ms
[3574,238s][info][gc] GC(14614) Pause Young (G1 Evacuation Pause) 237M->22M(368M) 1,606ms
[3574,471s][info][gc] GC(14615) Pause Young (G1 Evacuation Pause) 237M->22M(368M) 1,401ms
[3574,719s][info][gc] GC(14616) Pause Young (G1 Evacuation Pause) 237M->22M(368M) 1,661ms
[3574,980s][info][gc] GC(14617) Pause Young (G1 Evacuation Pause) 237M->22M(368M) 3,420ms
[3575,213s][info][gc] GC(14618) Pause Young (G1 Evacuation Pause) 236M->22M(368M) 1,446ms
[3575,460s][info][gc] GC(14619) Pause Young (G1 Evacuation Pause) 237M->22M(368M) 1,808ms
[3575,714s][info][gc] GC(14620) Pause Young (G1 Evacuation Pause) 237M->22M(368M) 1,711ms
[3575,958s][info][gc] GC(14621) Pause Young (G1 Evacuation Pause) 237M->22M(368M) 1,904ms
[3576,202s][info][gc] GC(14622) Pause Young (G1 Evacuation Pause) 237M->22M(368M) 1,847ms
[3576,460s][info][gc] GC(14623) Pause Young (G1 Evacuation Pause) 236M->22M(368M) 1,649ms
[3576,703s][info][gc] GC(14624) Pause Young (G1 Evacuation Pause) 237M->22M(368M) 1,557ms
[3576,949s][info][gc] GC(14625) Pause Young (G1 Evacuation Pause) 237M->22M(368M) 1,731ms
[3577,199s][info][gc] GC(14626) Pause Young (G1 Evacuation Pause) 237M->22M(368M) 2,023ms
[3577,445s][info][gc] GC(14627) Pause Young (G1 Evacuation Pause) 237M->22M(368M) 1,911ms
[3577,700s][info][gc] GC(14628) Pause Young (G1 Evacuation Pause) 237M->23M(368M) 1,965ms
[3577,959s][info][gc] GC(14629) Pause Young (G1 Evacuation Pause) 237M->22M(368M) 1,712ms
[3578,196s][info][gc] GC(14630) Pause Young (G1 Evacuation Pause) 237M->22M(368M) 2,557ms
[3578,442s][info][gc] GC(14631) Pause Young (G1 Evacuation Pause) 237M->22M(368M) 2,957ms
[3578,696s][info][gc] GC(14632) Pause Young (G1 Evacuation Pause) 237M->22M(368M) 1,739ms
[3578,951s][info][gc] GC(14633) Pause Young (G1 Evacuation Pause) 237M->22M(368M) 1,538ms
[3579,184s][info][gc] GC(14634) Pause Young (G1 Evacuation Pause) 236M->22M(368M) 1,379ms
[3579,430s][info][gc] GC(14635) Pause Young (G1 Evacuation Pause) 237M->22M(368M) 1,794ms
[3579,684s][info][gc] GC(14636) Pause Young (G1 Evacuation Pause) 237M->22M(368M) 1,738ms
[3579,943s][info][gc] GC(14637) Pause Young (G1 Evacuation Pause) 237M->22M(368M) 1,907ms
[3580,197s][info][gc] GC(14638) Pause Young (G1 Evacuation Pause) 237M->23M(368M) 1,878ms
[3580,435s][info][gc] GC(14639) Pause Young (G1 Evacuation Pause) 237M->22M(368M) 1,208ms
[3580,676s][info][gc] GC(14640) Pause Young (G1 Evacuation Pause) 237M->22M(368M) 1,047ms
[3580,909s][info][gc] GC(14641) Pause Young (G1 Evacuation Pause) 237M->22M(368M) 1,274ms
[3581,142s][info][gc] GC(14642) Pause Young (G1 Evacuation Pause) 237M->22M(368M) 1,287ms
[3581,384s][info][gc] GC(14643) Pause Young (G1 Evacuation Pause) 237M->22M(368M) 4,064ms
[3581,638s][info][gc] GC(14644) Pause Young (G1 Evacuation Pause) 237M->23M(368M) 2,000ms
[3581,876s][info][gc] GC(14645) Pause Young (G1 Evacuation Pause) 237M->22M(368M) 4,047ms
[3582,131s][info][gc] GC(14646) Pause Young (G1 Evacuation Pause) 237M->22M(368M) 1,188ms
[3582,368s][info][gc] GC(14647) Pause Young (G1 Evacuation Pause) 237M->22M(368M) 3,959ms
[3582,608s][info][gc] GC(14648) Pause Young (G1 Evacuation Pause) 237M->22M(368M) 1,645ms
[3582,851s][info][gc] GC(14649) Pause Young (G1 Evacuation Pause) 236M->22M(368M) 1,155ms
[3583,117s][info][gc] GC(14650) Pause Young (G1 Evacuation Pause) 237M->22M(368M) 1,814ms
[3583,381s][info][gc] GC(14651) Pause Young (G1 Evacuation Pause) 237M->22M(368M) 3,160ms
[3583,641s][info][gc] GC(14652) Pause Young (G1 Evacuation Pause) 237M->22M(368M) 1,880ms
[3583,905s][info][gc] GC(14653) Pause Young (G1 Evacuation Pause) 237M->22M(368M) 4,423ms
[3584,166s][info][gc] GC(14654) Pause Young (G1 Evacuation Pause) 237M->22M(368M) 3,590ms
[3584,420s][info][gc] GC(14655) Pause Young (G1 Evacuation Pause) 236M->22M(368M) 1,750ms
[3584,679s][info][gc] GC(14656) Pause Young (G1 Evacuation Pause) 237M->22M(368M) 1,580ms
[3584,912s][info][gc] GC(14657) Pause Young (G1 Evacuation Pause) 237M->22M(368M) 1,391ms
[3585,145s][info][gc] GC(14658) Pause Young (G1 Evacuation Pause) 237M->22M(368M) 1,489ms
[3585,386s][info][gc] GC(14659) Pause Young (G1 Evacuation Pause) 237M->22M(368M) 3,607ms
[3585,640s][info][gc] GC(14660) Pause Young (G1 Evacuation Pause) 236M->22M(368M) 1,846ms
[3585,898s][info][gc] GC(14661) Pause Young (G1 Evacuation Pause) 237M->22M(368M) 3,792ms
[3586,136s][info][gc] GC(14662) Pause Young (G1 Evacuation Pause) 237M->22M(368M) 1,097ms
[3586,373s][info][gc] GC(14663) Pause Young (G1 Evacuation Pause) 237M->22M(368M) 4,124ms
[3586,630s][info][gc] GC(14664) Pause Young (G1 Evacuation Pause) 237M->22M(368M) 1,312ms
[3586,903s][info][gc] GC(14665) Pause Young (G1 Evacuation Pause) 236M->22M(368M) 2,183ms
[3587,157s][info][gc] GC(14666) Pause Young (G1 Evacuation Pause) 237M->22M(368M) 1,829ms
[3587,417s][info][gc] GC(14667) Pause Young (G1 Evacuation Pause) 237M->22M(368M) 1,874ms
[3587,671s][info][gc] GC(14668) Pause Young (G1 Evacuation Pause) 237M->22M(368M) 1,760ms
[3587,925s][info][gc] GC(14669) Pause Young (G1 Evacuation Pause) 237M->22M(368M) 1,778ms
[3588,180s][info][gc] GC(14670) Pause Young (G1 Evacuation Pause) 237M->23M(368M) 1,967ms
[3588,438s][info][gc] GC(14671) Pause Young (G1 Evacuation Pause) 237M->22M(368M) 1,782ms
[3588,672s][info][gc] GC(14672) Pause Young (G1 Evacuation Pause) 237M->22M(368M) 1,364ms
[3588,905s][info][gc] GC(14673) Pause Young (G1 Evacuation Pause) 237M->22M(368M) 1,665ms
[3589,137s][info][gc] GC(14674) Pause Young (G1 Evacuation Pause) 237M->22M(368M) 1,242ms
[3589,403s][info][gc] GC(14675) Pause Young (G1 Evacuation Pause) 237M->22M(368M) 1,876ms
[3589,658s][info][gc] GC(14676) Pause Young (G1 Evacuation Pause) 236M->21M(368M) 2,899ms
[3589,916s][info][gc] GC(14677) Pause Young (G1 Evacuation Pause) 236M->22M(368M) 1,686ms
[3590,164s][info][gc] GC(14678) Pause Young (G1 Evacuation Pause) 237M->22M(368M) 1,087ms
[3590,408s][info][gc] GC(14679) Pause Young (G1 Evacuation Pause) 237M->22M(368M) 2,637ms
[3590,655s][info][gc] GC(14680) Pause Young (G1 Evacuation Pause) 237M->23M(368M) 3,757ms
[3590,905s][info][gc] GC(14681) Pause Young (G1 Evacuation Pause) 237M->22M(368M) 2,177ms
[3591,148s][info][gc] GC(14682) Pause Young (G1 Evacuation Pause) 237M->22M(368M) 1,230ms
[3591,389s][info][gc] GC(14683) Pause Young (G1 Evacuation Pause) 237M->22M(368M) 4,093ms
[3591,662s][info][gc] GC(14684) Pause Young (G1 Evacuation Pause) 237M->22M(368M) 1,493ms
[3591,905s][info][gc] GC(14685) Pause Young (G1 Evacuation Pause) 237M->22M(368M) 2,228ms
[3592,146s][info][gc] GC(14686) Pause Young (G1 Evacuation Pause) 236M->22M(368M) 1,030ms
[3592,395s][info][gc] GC(14687) Pause Young (G1 Evacuation Pause) 237M->22M(368M) 1,837ms
[3592,644s][info][gc] GC(14688) Pause Young (G1 Evacuation Pause) 237M->22M(368M) 1,218ms
[3592,884s][info][gc] GC(14689) Pause Young (G1 Evacuation Pause) 237M->22M(368M) 3,607ms
[3593,120s][info][gc] GC(14690) Pause Young (G1 Evacuation Pause) 237M->22M(368M) 1,564ms
[3593,367s][info][gc] GC(14691) Pause Young (G1 Evacuation Pause) 237M->23M(368M) 4,075ms
[3593,623s][info][gc] GC(14692) Pause Young (G1 Evacuation Pause) 237M->22M(368M) 1,740ms
[3593,882s][info][gc] GC(14693) Pause Young (G1 Evacuation Pause) 237M->22M(368M) 2,496ms
[3594,115s][info][gc] GC(14694) Pause Young (G1 Evacuation Pause) 237M->22M(368M) 1,227ms
[3594,347s][info][gc] GC(14695) Pause Young (G1 Evacuation Pause) 237M->22M(368M) 1,258ms
[3594,579s][info][gc] GC(14696) Pause Young (G1 Evacuation Pause) 237M->23M(368M) 1,154ms
[3594,840s][info][gc] GC(14697) Pause Young (G1 Evacuation Pause) 237M->22M(368M) 1,705ms
[3595,101s][info][gc] GC(14698) Pause Young (G1 Evacuation Pause) 237M->22M(368M) 1,773ms
[3595,355s][info][gc] GC(14699) Pause Young (G1 Evacuation Pause) 237M->22M(368M) 1,777ms
[3595,609s][info][gc] GC(14700) Pause Young (G1 Evacuation Pause) 237M->22M(368M) 1,772ms
[3595,842s][info][gc] GC(14701) Pause Young (G1 Evacuation Pause) 237M->22M(368M) 1,232ms
[3596,101s][info][gc] GC(14702) Pause Young (G1 Evacuation Pause) 236M->22M(368M) 1,931ms
[3596,334s][info][gc] GC(14703) Pause Young (G1 Evacuation Pause) 237M->22M(368M) 1,062ms
[3596,581s][info][gc] GC(14704) Pause Young (G1 Evacuation Pause) 237M->22M(368M) 2,536ms
[3596,814s][info][gc] GC(14705) Pause Young (G1 Evacuation Pause) 237M->22M(368M) 1,467ms
[3597,069s][info][gc] GC(14706) Pause Young (G1 Evacuation Pause) 237M->22M(368M) 1,763ms
[3597,323s][info][gc] GC(14707) Pause Young (G1 Evacuation Pause) 237M->23M(368M) 1,813ms
[3597,582s][info][gc] GC(14708) Pause Young (G1 Evacuation Pause) 237M->22M(368M) 1,860ms
[3597,833s][info][gc] GC(14709) Pause Young (G1 Evacuation Pause) 237M->22M(368M) 1,117ms
[3598,091s][info][gc] GC(14710) Pause Young (G1 Evacuation Pause) 237M->22M(368M) 1,819ms
[3598,336s][info][gc] GC(14711) Pause Young (G1 Evacuation Pause) 237M->22M(368M) 1,303ms
[3598,568s][info][gc] GC(14712) Pause Young (G1 Evacuation Pause) 237M->23M(368M) 1,194ms
[3598,800s][info][gc] GC(14713) Pause Young (G1 Evacuation Pause) 237M->22M(368M) 1,087ms
[3599,060s][info][gc] GC(14714) Pause Young (G1 Evacuation Pause) 237M->22M(368M) 1,712ms
[3599,314s][info][gc] GC(14715) Pause Young (G1 Evacuation Pause) 237M->22M(368M) 1,920ms
[3599,547s][info][gc] GC(14716) Pause Young (G1 Evacuation Pause) 237M->22M(368M) 1,253ms
[3599,779s][info][gc] GC(14717) Pause Young (G1 Evacuation Pause) 237M->23M(368M) 1,162ms
[3600,045s][info][gc] GC(14718) Pause Young (G1 Evacuation Pause) 237M->22M(368M) 3,217ms
[3600,295s][info][gc] GC(14719) Pause Young (G1 Evacuation Pause) 237M->22M(368M) 1,377ms
[3600,540s][info][gc] GC(14720) Pause Young (G1 Evacuation Pause) 237M->22M(368M) 1,603ms
[3600,772s][info][gc] GC(14721) Pause Young (G1 Evacuation Pause) 237M->22M(368M) 1,300ms
[3601,021s][info][gc] GC(14722) Pause Young (G1 Evacuation Pause) 237M->22M(368M) 1,870ms
[3601,275s][info][gc] GC(14723) Pause Young (G1 Evacuation Pause) 236M->22M(368M) 1,798ms
[3601,529s][info][gc] GC(14724) Pause Young (G1 Evacuation Pause) 237M->22M(368M) 1,763ms
[3601,792s][info][gc] GC(14725) Pause Young (G1 Evacuation Pause) 237M->22M(368M) 1,717ms
[3602,049s][info][gc] GC(14726) Pause Young (G1 Evacuation Pause) 237M->22M(368M) 1,891ms
[3602,293s][info][gc] GC(14727) Pause Young (G1 Evacuation Pause) 237M->22M(368M) 1,278ms
[3602,542s][info][gc] GC(14728) Pause Young (G1 Evacuation Pause) 236M->22M(368M) 1,461ms
[3602,776s][info][gc] GC(14729) Pause Young (G1 Evacuation Pause) 237M->21M(368M) 2,865ms
[3603,041s][info][gc] GC(14730) Pause Young (G1 Evacuation Pause) 236M->22M(368M) 1,827ms
[3603,294s][info][gc] GC(14731) Pause Young (G1 Evacuation Pause) 237M->22M(368M) 1,236ms
[3603,544s][info][gc] GC(14732) Pause Young (G1 Evacuation Pause) 237M->22M(368M) 1,643ms
[3603,776s][info][gc] GC(14733) Pause Young (G1 Evacuation Pause) 237M->23M(368M) 1,158ms
[3604,033s][info][gc] GC(14734) Pause Young (G1 Evacuation Pause) 237M->22M(368M) 1,894ms
[3604,287s][info][gc] GC(14735) Pause Young (G1 Evacuation Pause) 237M->22M(368M) 1,779ms
[3604,545s][info][gc] GC(14736) Pause Young (G1 Evacuation Pause) 237M->22M(368M) 1,739ms
[3604,796s][info][gc] GC(14737) Pause Young (G1 Evacuation Pause) 237M->22M(368M) 2,034ms
[3605,035s][info][gc] GC(14738) Pause Young (G1 Evacuation Pause) 237M->23M(368M) 1,593ms
[3605,269s][info][gc] GC(14739) Pause Young (G1 Evacuation Pause) 237M->22M(368M) 2,810ms
[3605,525s][info][gc] GC(14740) Pause Young (G1 Evacuation Pause) 237M->22M(368M) 1,585ms
[3605,758s][info][gc] GC(14741) Pause Young (G1 Evacuation Pause) 237M->22M(368M) 1,531ms
[3606,011s][info][gc] GC(14742) Pause Young (G1 Evacuation Pause) 237M->22M(368M) 1,839ms
[3606,253s][info][gc] GC(14743) Pause Young (G1 Evacuation Pause) 237M->23M(368M) 1,384ms
[3606,506s][info][gc] GC(14744) Pause Young (G1 Evacuation Pause) 237M->21M(368M) 3,239ms
[3606,754s][info][gc] GC(14745) Pause Young (G1 Evacuation Pause) 236M->22M(368M) 1,194ms
[3607,009s][info][gc] GC(14746) Pause Young (G1 Evacuation Pause) 237M->22M(368M) 1,923ms
[3607,263s][info][gc] GC(14747) Pause Young (G1 Evacuation Pause) 237M->22M(368M) 1,911ms
[3607,524s][info][gc] GC(14748) Pause Young (G1 Evacuation Pause) 237M->22M(368M) 1,893ms
[3607,778s][info][gc] GC(14749) Pause Young (G1 Evacuation Pause) 236M->22M(368M) 1,745ms
[3608,032s][info][gc] GC(14750) Pause Young (G1 Evacuation Pause) 237M->22M(368M) 1,537ms
[3608,267s][info][gc] GC(14751) Pause Young (G1 Evacuation Pause) 237M->22M(368M) 3,429ms
[3608,516s][info][gc] GC(14752) Pause Young (G1 Evacuation Pause) 237M->22M(368M) 1,751ms
[3608,757s][info][gc] GC(14753) Pause Young (G1 Evacuation Pause) 237M->22M(368M) 1,314ms
[3609,020s][info][gc] GC(14754) Pause Young (G1 Evacuation Pause) 237M->23M(368M) 1,808ms
[3609,274s][info][gc] GC(14755) Pause Young (G1 Evacuation Pause) 237M->22M(368M) 1,831ms
[3609,514s][info][gc] GC(14756) Pause Young (G1 Evacuation Pause) 237M->22M(368M) 1,223ms
[3609,747s][info][gc] GC(14757) Pause Young (G1 Evacuation Pause) 237M->22M(368M) 1,464ms
[3609,980s][info][gc] GC(14758) Pause Young (G1 Evacuation Pause) 237M->22M(368M) 1,456ms
[3610,212s][info][gc] GC(14759) Pause Young (G1 Evacuation Pause) 237M->23M(368M) 1,264ms
[3610,460s][info][gc] GC(14760) Pause Young (G1 Evacuation Pause) 237M->22M(368M) 1,580ms
[3610,693s][info][gc] GC(14761) Pause Young (G1 Evacuation Pause) 237M->22M(368M) 1,495ms
[3610,926s][info][gc] GC(14762) Pause Young (G1 Evacuation Pause) 237M->22M(368M) 1,550ms
[3611,179s][info][gc] GC(14763) Pause Young (G1 Evacuation Pause) 237M->22M(368M) 1,925ms
[3611,439s][info][gc] GC(14764) Pause Young (G1 Evacuation Pause) 237M->22M(368M) 1,935ms
[3611,693s][info][gc] GC(14765) Pause Young (G1 Evacuation Pause) 236M->22M(368M) 1,749ms
[3611,943s][info][gc] GC(14766) Pause Young (G1 Evacuation Pause) 237M->22M(368M) 1,229ms
[3612,175s][info][gc] GC(14767) Pause Young (G1 Evacuation Pause) 237M->22M(368M) 1,325ms
[3612,421s][info][gc] GC(14768) Pause Young (G1 Evacuation Pause) 237M->22M(368M) 1,802ms
[3612,669s][info][gc] GC(14769) Pause Young (G1 Evacuation Pause) 237M->22M(368M) 1,641ms
[3612,902s][info][gc] GC(14770) Pause Young (G1 Evacuation Pause) 236M->22M(368M) 1,586ms
[3613,156s][info][gc] GC(14771) Pause Young (G1 Evacuation Pause) 237M->22M(368M) 1,992ms
[3613,401s][info][gc] GC(14772) Pause Young (G1 Evacuation Pause) 237M->22M(368M) 2,408ms
[3613,659s][info][gc] GC(14773) Pause Young (G1 Evacuation Pause) 237M->22M(368M) 3,754ms
[3613,919s][info][gc] GC(14774) Pause Young (G1 Evacuation Pause) 237M->22M(368M) 2,511ms
[3614,174s][info][gc] GC(14775) Pause Young (G1 Evacuation Pause) 237M->23M(368M) 1,931ms
[3614,442s][info][gc] GC(14776) Pause Young (G1 Evacuation Pause) 237M->22M(368M) 2,364ms
[3614,696s][info][gc] GC(14777) Pause Young (G1 Evacuation Pause) 237M->22M(368M) 1,946ms
[3614,950s][info][gc] GC(14778) Pause Young (G1 Evacuation Pause) 237M->22M(368M) 1,767ms
[3615,208s][info][gc] GC(14779) Pause Young (G1 Evacuation Pause) 237M->22M(368M) 1,836ms
[3615,443s][info][gc] GC(14780) Pause Young (G1 Evacuation Pause) 237M->23M(368M) 1,163ms
[3615,676s][info][gc] GC(14781) Pause Young (G1 Evacuation Pause) 237M->22M(368M) 1,876ms
[3615,925s][info][gc] GC(14782) Pause Young (G1 Evacuation Pause) 237M->22M(368M) 1,517ms
[3616,158s][info][gc] GC(14783) Pause Young (G1 Evacuation Pause) 237M->22M(368M) 1,832ms
[3616,390s][info][gc] GC(14784) Pause Young (G1 Evacuation Pause) 237M->22M(368M) 1,173ms
[3616,622s][info][gc] GC(14785) Pause Young (G1 Evacuation Pause) 237M->23M(368M) 1,201ms
[3616,854s][info][gc] GC(14786) Pause Young (G1 Evacuation Pause) 237M->22M(368M) 1,125ms
[3617,086s][info][gc] GC(14787) Pause Young (G1 Evacuation Pause) 237M->22M(368M) 1,087ms
[3617,321s][info][gc] GC(14788) Pause Young (G1 Evacuation Pause) 237M->22M(368M) 1,325ms
[3617,554s][info][gc] GC(14789) Pause Young (G1 Evacuation Pause) 237M->22M(368M) 1,676ms
[3617,792s][info][gc] GC(14790) Pause Young (G1 Evacuation Pause) 236M->21M(368M) 1,025ms
[3618,031s][info][gc] GC(14791) Pause Young (G1 Evacuation Pause) 236M->22M(368M) 2,266ms
[3618,266s][info][gc] GC(14792) Pause Young (G1 Evacuation Pause) 237M->21M(368M) 2,119ms
[3618,511s][info][gc] GC(14793) Pause Young (G1 Evacuation Pause) 236M->22M(368M) 1,484ms
[3618,745s][info][gc] GC(14794) Pause Young (G1 Evacuation Pause) 237M->22M(368M) 1,187ms
[3618,979s][info][gc] GC(14795) Pause Young (G1 Evacuation Pause) 237M->22M(368M) 1,296ms
[3619,214s][info][gc] GC(14796) Pause Young (G1 Evacuation Pause) 237M->23M(368M) 1,318ms
[3619,458s][info][gc] GC(14797) Pause Young (G1 Evacuation Pause) 237M->22M(368M) 4,745ms
[3619,703s][info][gc] GC(14798) Pause Young (G1 Evacuation Pause) 237M->22M(368M) 2,259ms
[3619,936s][info][gc] GC(14799) Pause Young (G1 Evacuation Pause) 237M->22M(368M) 1,113ms
[3620,169s][info][gc] GC(14800) Pause Young (G1 Evacuation Pause) 237M->22M(368M) 1,928ms
[3620,411s][info][gc] GC(14801) Pause Young (G1 Evacuation Pause) 237M->23M(368M) 1,259ms
[3620,659s][info][gc] GC(14802) Pause Young (G1 Evacuation Pause) 237M->22M(368M) 1,346ms
[3620,908s][info][gc] GC(14803) Pause Young (G1 Evacuation Pause) 237M->22M(368M) 9,027ms
[3621,180s][info][gc] GC(14804) Pause Young (G1 Evacuation Pause) 237M->22M(368M) 2,818ms
[3621,422s][info][gc] GC(14805) Pause Young (G1 Evacuation Pause) 237M->22M(368M) 1,371ms
[3621,662s][info][gc] GC(14806) Pause Young (G1 Evacuation Pause) 237M->22M(368M) 2,335ms
[3621,918s][info][gc] GC(14807) Pause Young (G1 Evacuation Pause) 236M->22M(368M) 1,754ms
[3622,156s][info][gc] GC(14808) Pause Young (G1 Evacuation Pause) 237M->22M(368M) 1,059ms
[3622,400s][info][gc] GC(14809) Pause Young (G1 Evacuation Pause) 237M->22M(368M) 2,095ms
[3622,645s][info][gc] GC(14810) Pause Young (G1 Evacuation Pause) 237M->22M(368M) 1,241ms
[3622,889s][info][gc] GC(14811) Pause Young (G1 Evacuation Pause) 237M->22M(368M) 1,279ms
[3623,128s][info][gc] GC(14812) Pause Young (G1 Evacuation Pause) 236M->21M(368M) 2,037ms
[3623,369s][info][gc] GC(14813) Pause Young (G1 Evacuation Pause) 236M->22M(368M) 4,126ms
[3623,628s][info][gc] GC(14814) Pause Young (G1 Evacuation Pause) 237M->22M(368M) 1,884ms
[3623,882s][info][gc] GC(14815) Pause Young (G1 Evacuation Pause) 237M->22M(368M) 1,792ms
[3624,128s][info][gc] GC(14816) Pause Young (G1 Evacuation Pause) 237M->22M(368M) 2,153ms
[3624,360s][info][gc] GC(14817) Pause Young (G1 Evacuation Pause) 236M->22M(368M) 1,186ms
[3624,598s][info][gc] GC(14818) Pause Young (G1 Evacuation Pause) 237M->22M(368M) 1,229ms
[3624,830s][info][gc] GC(14819) Pause Young (G1 Evacuation Pause) 237M->22M(368M) 1,259ms
[3625,092s][info][gc] GC(14820) Pause Young (G1 Evacuation Pause) 237M->22M(368M) 1,591ms
[3625,329s][info][gc] GC(14821) Pause Young (G1 Evacuation Pause) 237M->22M(368M) 1,277ms
[3625,597s][info][gc] GC(14822) Pause Young (G1 Evacuation Pause) 237M->22M(368M) 9,275ms
[3625,833s][info][gc] GC(14823) Pause Young (G1 Evacuation Pause) 236M->22M(368M) 1,092ms
[3626,067s][info][gc] GC(14824) Pause Young (G1 Evacuation Pause) 237M->22M(368M) 1,053ms
[3626,326s][info][gc] GC(14825) Pause Young (G1 Evacuation Pause) 237M->22M(368M) 1,863ms
[3626,585s][info][gc] GC(14826) Pause Young (G1 Evacuation Pause) 237M->22M(368M) 1,676ms
[3626,839s][info][gc] GC(14827) Pause Young (G1 Evacuation Pause) 237M->22M(368M) 1,724ms
[3627,088s][info][gc] GC(14828) Pause Young (G1 Evacuation Pause) 236M->22M(368M) 1,066ms
[3627,327s][info][gc] GC(14829) Pause Young (G1 Evacuation Pause) 237M->22M(368M) 3,208ms
[3627,566s][info][gc] GC(14830) Pause Young (G1 Evacuation Pause) 237M->22M(368M) 1,235ms
[3631,850s][info][gc] GC(14831) Pause Young (G1 Evacuation Pause) 237M->22M(368M) 1,490ms
[3632,116s][info][gc] GC(14832) Pause Young (G1 Evacuation Pause) 237M->22M(368M) 1,215ms
[3632,359s][info][gc] GC(14833) Pause Young (G1 Evacuation Pause) 236M->22M(368M) 3,215ms
[3632,592s][info][gc] GC(14834) Pause Young (G1 Evacuation Pause) 237M->22M(368M) 1,898ms
[3632,829s][info][gc] GC(14835) Pause Young (G1 Evacuation Pause) 237M->22M(368M) 2,064ms
[3633,062s][info][gc] GC(14836) Pause Young (G1 Evacuation Pause) 237M->22M(368M) 1,356ms
[3633,294s][info][gc] GC(14837) Pause Young (G1 Evacuation Pause) 237M->22M(368M) 1,320ms
[3633,547s][info][gc] GC(14838) Pause Young (G1 Evacuation Pause) 237M->23M(368M) 1,998ms
[3633,793s][info][gc] GC(14839) Pause Young (G1 Evacuation Pause) 237M->22M(368M) 1,158ms
[3634,035s][info][gc] GC(14840) Pause Young (G1 Evacuation Pause) 237M->22M(368M) 1,138ms
[3634,268s][info][gc] GC(14841) Pause Young (G1 Evacuation Pause) 237M->22M(368M) 1,786ms
[3634,505s][info][gc] GC(14842) Pause Young (G1 Evacuation Pause) 237M->22M(368M) 6,022ms
[3634,738s][info][gc] GC(14843) Pause Young (G1 Evacuation Pause) 237M->22M(368M) 2,116ms
[3634,981s][info][gc] GC(14844) Pause Young (G1 Evacuation Pause) 236M->22M(368M) 1,223ms
[3635,213s][info][gc] GC(14845) Pause Young (G1 Evacuation Pause) 237M->22M(368M) 1,246ms
[3635,446s][info][gc] GC(14846) Pause Young (G1 Evacuation Pause) 237M->22M(368M) 2,189ms
[3635,684s][info][gc] GC(14847) Pause Young (G1 Evacuation Pause) 237M->22M(368M) 2,176ms
[3635,932s][info][gc] GC(14848) Pause Young (G1 Evacuation Pause) 236M->21M(368M) 2,207ms
[3636,168s][info][gc] GC(14849) Pause Young (G1 Evacuation Pause) 236M->21M(368M) 4,841ms
[3636,402s][info][gc] GC(14850) Pause Young (G1 Evacuation Pause) 236M->22M(368M) 1,098ms
[3636,634s][info][gc] GC(14851) Pause Young (G1 Evacuation Pause) 237M->22M(368M) 1,212ms
[3636,871s][info][gc] GC(14852) Pause Young (G1 Evacuation Pause) 237M->22M(368M) 6,191ms
[3637,140s][info][gc] GC(14853) Pause Young (G1 Evacuation Pause) 237M->22M(368M) 3,159ms
[3637,439s][info][gc] GC(14854) Pause Young (G1 Evacuation Pause) 236M->22M(368M) 1,120ms
[3637,702s][info][gc] GC(14855) Pause Young (G1 Evacuation Pause) 237M->22M(368M) 3,712ms
[3638,132s][info][gc] GC(14856) Pause Young (G1 Evacuation Pause) 237M->22M(368M) 17,444ms
[3638,470s][info][gc] GC(14857) Pause Young (G1 Evacuation Pause) 237M->22M(368M) 3,312ms
[3638,743s][info][gc] GC(14858) Pause Young (G1 Evacuation Pause) 237M->22M(368M) 2,307ms
[3638,976s][info][gc] GC(14859) Pause Young (G1 Evacuation Pause) 236M->22M(368M) 1,161ms
[3639,208s][info][gc] GC(14860) Pause Young (G1 Evacuation Pause) 237M->22M(368M) 1,189ms
[3639,472s][info][gc] GC(14861) Pause Young (G1 Evacuation Pause) 237M->21M(368M) 7,368ms
[3639,704s][info][gc] GC(14862) Pause Young (G1 Evacuation Pause) 236M->22M(368M) 1,215ms
[3639,949s][info][gc] GC(14863) Pause Young (G1 Evacuation Pause) 237M->22M(368M) 1,447ms
[3640,203s][info][gc] GC(14864) Pause Young (G1 Evacuation Pause) 237M->23M(368M) 1,612ms
[3640,444s][info][gc] GC(14865) Pause Young (G1 Evacuation Pause) 237M->22M(368M) 1,234ms
[3640,685s][info][gc] GC(14866) Pause Young (G1 Evacuation Pause) 237M->22M(368M) 1,190ms
[3640,917s][info][gc] GC(14867) Pause Young (G1 Evacuation Pause) 237M->22M(368M) 1,091ms
[3641,149s][info][gc] GC(14868) Pause Young (G1 Evacuation Pause) 237M->22M(368M) 1,175ms
[3641,388s][info][gc] GC(14869) Pause Young (G1 Evacuation Pause) 237M->23M(368M) 3,433ms
[3641,622s][info][gc] GC(14870) Pause Young (G1 Evacuation Pause) 237M->22M(368M) 1,169ms
[3641,854s][info][gc] GC(14871) Pause Young (G1 Evacuation Pause) 237M->22M(368M) 1,132ms
[3642,106s][info][gc] GC(14872) Pause Young (G1 Evacuation Pause) 237M->22M(368M) 2,438ms
[3642,368s][info][gc] GC(14873) Pause Young (G1 Evacuation Pause) 237M->22M(368M) 2,955ms
[3642,604s][info][gc] GC(14874) Pause Young (G1 Evacuation Pause) 237M->22M(368M) 1,650ms
[3642,862s][info][gc] GC(14875) Pause Young (G1 Evacuation Pause) 236M->22M(368M) 1,985ms
[3643,102s][info][gc] GC(14876) Pause Young (G1 Evacuation Pause) 237M->22M(368M) 1,192ms
[3643,334s][info][gc] GC(14877) Pause Young (G1 Evacuation Pause) 237M->22M(368M) 1,211ms
[3643,598s][info][gc] GC(14878) Pause Young (G1 Evacuation Pause) 237M->22M(368M) 1,744ms
[3643,844s][info][gc] GC(14879) Pause Young (G1 Evacuation Pause) 237M->22M(368M) 1,117ms
[3644,095s][info][gc] GC(14880) Pause Young (G1 Evacuation Pause) 237M->23M(368M) 1,333ms
[3644,327s][info][gc] GC(14881) Pause Young (G1 Evacuation Pause) 237M->22M(368M) 1,120ms
[3644,576s][info][gc] GC(14882) Pause Young (G1 Evacuation Pause) 237M->22M(368M) 1,121ms
[3644,808s][info][gc] GC(14883) Pause Young (G1 Evacuation Pause) 237M->22M(368M) 1,242ms
[3645,040s][info][gc] GC(14884) Pause Young (G1 Evacuation Pause) 237M->22M(368M) 1,247ms
[3645,272s][info][gc] GC(14885) Pause Young (G1 Evacuation Pause) 236M->22M(368M) 1,167ms
[3645,504s][info][gc] GC(14886) Pause Young (G1 Evacuation Pause) 237M->22M(368M) 1,163ms
[3645,749s][info][gc] GC(14887) Pause Young (G1 Evacuation Pause) 237M->22M(368M) 1,129ms
[3645,981s][info][gc] GC(14888) Pause Young (G1 Evacuation Pause) 237M->22M(368M) 1,217ms
[3646,213s][info][gc] GC(14889) Pause Young (G1 Evacuation Pause) 237M->22M(368M) 1,260ms
[3646,460s][info][gc] GC(14890) Pause Young (G1 Evacuation Pause) 236M->22M(368M) 1,789ms
[3646,713s][info][gc] GC(14891) Pause Young (G1 Evacuation Pause) 237M->21M(368M) 1,918ms
[3646,946s][info][gc] GC(14892) Pause Young (G1 Evacuation Pause) 236M->22M(368M) 1,849ms
[3647,178s][info][gc] GC(14893) Pause Young (G1 Evacuation Pause) 237M->22M(368M) 1,155ms
[3647,411s][info][gc] GC(14894) Pause Young (G1 Evacuation Pause) 237M->22M(368M) 1,902ms
[3647,644s][info][gc] GC(14895) Pause Young (G1 Evacuation Pause) 236M->21M(368M) 2,563ms
[3647,879s][info][gc] GC(14896) Pause Young (G1 Evacuation Pause) 236M->21M(368M) 1,809ms
[3648,112s][info][gc] GC(14897) Pause Young (G1 Evacuation Pause) 236M->21M(368M) 2,037ms
[3648,345s][info][gc] GC(14898) Pause Young (G1 Evacuation Pause) 236M->22M(368M) 1,849ms
[3648,578s][info][gc] GC(14899) Pause Young (G1 Evacuation Pause) 237M->22M(368M) 2,210ms
[3648,818s][info][gc] GC(14900) Pause Young (G1 Evacuation Pause) 237M->22M(368M) 2,777ms
[3649,050s][info][gc] GC(14901) Pause Young (G1 Evacuation Pause) 237M->23M(368M) 1,257ms
[3649,286s][info][gc] GC(14902) Pause Young (G1 Evacuation Pause) 237M->22M(368M) 1,699ms
[3649,518s][info][gc] GC(14903) Pause Young (G1 Evacuation Pause) 237M->22M(368M) 1,136ms
[3649,758s][info][gc] GC(14904) Pause Young (G1 Evacuation Pause) 237M->22M(368M) 5,792ms
[3649,994s][info][gc] GC(14905) Pause Young (G1 Evacuation Pause) 237M->22M(368M) 1,235ms
[3650,238s][info][gc] GC(14906) Pause Young (G1 Evacuation Pause) 236M->21M(368M) 12,618ms
[3650,471s][info][gc] GC(14907) Pause Young (G1 Evacuation Pause) 236M->21M(368M) 1,740ms
[3650,704s][info][gc] GC(14908) Pause Young (G1 Evacuation Pause) 236M->22M(368M) 2,626ms
[3650,938s][info][gc] GC(14909) Pause Young (G1 Evacuation Pause) 237M->22M(368M) 2,929ms
[3651,172s][info][gc] GC(14910) Pause Young (G1 Evacuation Pause) 237M->22M(368M) 1,976ms
[3651,405s][info][gc] GC(14911) Pause Young (G1 Evacuation Pause) 236M->21M(368M) 2,073ms
[3651,638s][info][gc] GC(14912) Pause Young (G1 Evacuation Pause) 236M->21M(368M) 1,819ms
[3651,871s][info][gc] GC(14913) Pause Young (G1 Evacuation Pause) 236M->22M(368M) 2,638ms
[3652,105s][info][gc] GC(14914) Pause Young (G1 Evacuation Pause) 237M->22M(368M) 2,568ms
[3652,338s][info][gc] GC(14915) Pause Young (G1 Evacuation Pause) 237M->22M(368M) 1,867ms
[3652,572s][info][gc] GC(14916) Pause Young (G1 Evacuation Pause) 237M->22M(368M) 2,645ms
[3652,805s][info][gc] GC(14917) Pause Young (G1 Evacuation Pause) 236M->21M(368M) 2,022ms
[3653,041s][info][gc] GC(14918) Pause Young (G1 Evacuation Pause) 236M->22M(368M) 2,698ms
[3653,274s][info][gc] GC(14919) Pause Young (G1 Evacuation Pause) 237M->22M(368M) 1,935ms
[3653,507s][info][gc] GC(14920) Pause Young (G1 Evacuation Pause) 237M->22M(368M) 1,816ms
[3653,741s][info][gc] GC(14921) Pause Young (G1 Evacuation Pause) 236M->21M(368M) 2,787ms
[3653,975s][info][gc] GC(14922) Pause Young (G1 Evacuation Pause) 237M->22M(368M) 2,370ms
[3654,208s][info][gc] GC(14923) Pause Young (G1 Evacuation Pause) 236M->22M(368M) 1,876ms
[3654,442s][info][gc] GC(14924) Pause Young (G1 Evacuation Pause) 237M->22M(368M) 1,970ms
[3654,675s][info][gc] GC(14925) Pause Young (G1 Evacuation Pause) 237M->22M(368M) 1,876ms
[3654,910s][info][gc] GC(14926) Pause Young (G1 Evacuation Pause) 237M->22M(368M) 2,555ms
[3655,143s][info][gc] GC(14927) Pause Young (G1 Evacuation Pause) 237M->22M(368M) 2,114ms
[3655,376s][info][gc] GC(14928) Pause Young (G1 Evacuation Pause) 236M->21M(368M) 2,221ms
[3655,609s][info][gc] GC(14929) Pause Young (G1 Evacuation Pause) 236M->22M(368M) 1,714ms
[3655,846s][info][gc] GC(14930) Pause Young (G1 Evacuation Pause) 237M->22M(368M) 1,789ms
[3656,079s][info][gc] GC(14931) Pause Young (G1 Evacuation Pause) 237M->22M(368M) 1,819ms
[3656,312s][info][gc] GC(14932) Pause Young (G1 Evacuation Pause) 236M->21M(368M) 1,851ms
[3656,545s][info][gc] GC(14933) Pause Young (G1 Evacuation Pause) 236M->21M(368M) 1,731ms
[3656,778s][info][gc] GC(14934) Pause Young (G1 Evacuation Pause) 236M->21M(368M) 2,536ms
[3657,011s][info][gc] GC(14935) Pause Young (G1 Evacuation Pause) 236M->22M(368M) 2,233ms
[3657,245s][info][gc] GC(14936) Pause Young (G1 Evacuation Pause) 237M->22M(368M) 2,906ms
[3657,478s][info][gc] GC(14937) Pause Young (G1 Evacuation Pause) 237M->22M(368M) 1,820ms
[3657,711s][info][gc] GC(14938) Pause Young (G1 Evacuation Pause) 236M->21M(368M) 1,790ms
[3657,943s][info][gc] GC(14939) Pause Young (G1 Evacuation Pause) 236M->22M(368M) 1,064ms
[3658,178s][info][gc] GC(14940) Pause Young (G1 Evacuation Pause) 237M->22M(368M) 3,734ms
[3658,411s][info][gc] GC(14941) Pause Young (G1 Evacuation Pause) 237M->22M(368M) 1,852ms
[3658,644s][info][gc] GC(14942) Pause Young (G1 Evacuation Pause) 236M->21M(368M) 2,456ms
[3658,888s][info][gc] GC(14943) Pause Young (G1 Evacuation Pause) 237M->22M(368M) 11,650ms
[3659,121s][info][gc] GC(14944) Pause Young (G1 Evacuation Pause) 236M->22M(368M) 1,982ms
[3659,354s][info][gc] GC(14945) Pause Young (G1 Evacuation Pause) 237M->22M(368M) 2,158ms
[3659,586s][info][gc] GC(14946) Pause Young (G1 Evacuation Pause) 237M->22M(368M) 1,256ms
[3659,820s][info][gc] GC(14947) Pause Young (G1 Evacuation Pause) 237M->22M(368M) 2,884ms
[3660,054s][info][gc] GC(14948) Pause Young (G1 Evacuation Pause) 237M->22M(368M) 2,866ms
[3660,288s][info][gc] GC(14949) Pause Young (G1 Evacuation Pause) 236M->21M(368M) 2,689ms
[3660,521s][info][gc] GC(14950) Pause Young (G1 Evacuation Pause) 236M->22M(368M) 1,716ms
[3660,754s][info][gc] GC(14951) Pause Young (G1 Evacuation Pause) 237M->22M(368M) 2,148ms
[3660,990s][info][gc] GC(14952) Pause Young (G1 Evacuation Pause) 237M->22M(368M) 1,204ms
[3661,223s][info][gc] GC(14953) Pause Young (G1 Evacuation Pause) 237M->23M(368M) 1,977ms
[3661,458s][info][gc] GC(14954) Pause Young (G1 Evacuation Pause) 237M->22M(368M) 1,747ms
[3661,691s][info][gc] GC(14955) Pause Young (G1 Evacuation Pause) 237M->22M(368M) 1,916ms
[3661,925s][info][gc] GC(14956) Pause Young (G1 Evacuation Pause) 237M->22M(368M) 2,594ms
[3662,158s][info][gc] GC(14957) Pause Young (G1 Evacuation Pause) 237M->22M(368M) 1,813ms
[3662,391s][info][gc] GC(14958) Pause Young (G1 Evacuation Pause) 236M->21M(368M) 1,727ms
[3662,624s][info][gc] GC(14959) Pause Young (G1 Evacuation Pause) 236M->21M(368M) 2,641ms
[3662,859s][info][gc] GC(14960) Pause Young (G1 Evacuation Pause) 236M->21M(368M) 3,063ms
[3663,092s][info][gc] GC(14961) Pause Young (G1 Evacuation Pause) 236M->22M(368M) 1,899ms
[3663,325s][info][gc] GC(14962) Pause Young (G1 Evacuation Pause) 237M->22M(368M) 1,949ms
[3663,559s][info][gc] GC(14963) Pause Young (G1 Evacuation Pause) 237M->22M(368M) 2,668ms
[3663,794s][info][gc] GC(14964) Pause Young (G1 Evacuation Pause) 236M->21M(368M) 1,762ms
[3664,027s][info][gc] GC(14965) Pause Young (G1 Evacuation Pause) 236M->22M(368M) 2,591ms
[3664,260s][info][gc] GC(14966) Pause Young (G1 Evacuation Pause) 237M->22M(368M) 1,729ms
[3664,493s][info][gc] GC(14967) Pause Young (G1 Evacuation Pause) 237M->22M(368M) 1,738ms
[3664,726s][info][gc] GC(14968) Pause Young (G1 Evacuation Pause) 237M->22M(368M) 1,832ms
[3664,959s][info][gc] GC(14969) Pause Young (G1 Evacuation Pause) 236M->21M(368M) 2,581ms
[3665,193s][info][gc] GC(14970) Pause Young (G1 Evacuation Pause) 236M->21M(368M) 1,748ms
[3665,426s][info][gc] GC(14971) Pause Young (G1 Evacuation Pause) 236M->21M(368M) 2,107ms
[3665,660s][info][gc] GC(14972) Pause Young (G1 Evacuation Pause) 236M->22M(368M) 2,749ms
[3665,894s][info][gc] GC(14973) Pause Young (G1 Evacuation Pause) 237M->22M(368M) 2,867ms
[3666,127s][info][gc] GC(14974) Pause Young (G1 Evacuation Pause) 237M->23M(368M) 2,147ms
[3666,361s][info][gc] GC(14975) Pause Young (G1 Evacuation Pause) 237M->21M(368M) 3,209ms
[3666,595s][info][gc] GC(14976) Pause Young (G1 Evacuation Pause) 236M->22M(368M) 1,795ms
[3666,831s][info][gc] GC(14977) Pause Young (G1 Evacuation Pause) 237M->22M(368M) 2,136ms
[3667,064s][info][gc] GC(14978) Pause Young (G1 Evacuation Pause) 237M->22M(368M) 1,904ms
[3667,297s][info][gc] GC(14979) Pause Young (G1 Evacuation Pause) 236M->21M(368M) 2,422ms
[3667,529s][info][gc] GC(14980) Pause Young (G1 Evacuation Pause) 236M->21M(368M) 1,699ms
[3667,766s][info][gc] GC(14981) Pause Young (G1 Evacuation Pause) 236M->22M(368M) 4,606ms
[3668,000s][info][gc] GC(14982) Pause Young (G1 Evacuation Pause) 237M->22M(368M) 2,753ms
[3668,234s][info][gc] GC(14983) Pause Young (G1 Evacuation Pause) 237M->22M(368M) 2,674ms
[3668,468s][info][gc] GC(14984) Pause Young (G1 Evacuation Pause) 237M->22M(368M) 2,771ms
[3668,701s][info][gc] GC(14985) Pause Young (G1 Evacuation Pause) 236M->21M(368M) 2,656ms
[3668,934s][info][gc] GC(14986) Pause Young (G1 Evacuation Pause) 236M->22M(368M) 1,972ms
[3669,170s][info][gc] GC(14987) Pause Young (G1 Evacuation Pause) 237M->22M(368M) 4,654ms
[3669,402s][info][gc] GC(14988) Pause Young (G1 Evacuation Pause) 237M->22M(368M) 1,223ms
[3669,639s][info][gc] GC(14989) Pause Young (G1 Evacuation Pause) 237M->22M(368M) 2,992ms
[3669,872s][info][gc] GC(14990) Pause Young (G1 Evacuation Pause) 237M->22M(368M) 1,833ms
[3670,105s][info][gc] GC(14991) Pause Young (G1 Evacuation Pause) 236M->22M(368M) 1,736ms
[3670,338s][info][gc] GC(14992) Pause Young (G1 Evacuation Pause) 237M->22M(368M) 1,706ms
[3670,571s][info][gc] GC(14993) Pause Young (G1 Evacuation Pause) 237M->22M(368M) 1,898ms
[3670,804s][info][gc] GC(14994) Pause Young (G1 Evacuation Pause) 237M->22M(368M) 1,852ms
[3671,037s][info][gc] GC(14995) Pause Young (G1 Evacuation Pause) 236M->21M(368M) 1,818ms
[3671,270s][info][gc] GC(14996) Pause Young (G1 Evacuation Pause) 236M->21M(368M) 1,780ms
[3671,503s][info][gc] GC(14997) Pause Young (G1 Evacuation Pause) 236M->22M(368M) 1,766ms
[3671,735s][info][gc] GC(14998) Pause Young (G1 Evacuation Pause) 237M->22M(368M) 1,091ms
[3671,973s][info][gc] GC(14999) Pause Young (G1 Evacuation Pause) 237M->22M(368M) 2,677ms
[3672,206s][info][gc] GC(15000) Pause Young (G1 Evacuation Pause) 237M->22M(368M) 2,099ms
[3672,439s][info][gc] GC(15001) Pause Young (G1 Evacuation Pause) 236M->21M(368M) 2,534ms
[3672,672s][info][gc] GC(15002) Pause Young (G1 Evacuation Pause) 236M->22M(368M) 2,635ms
[3672,905s][info][gc] GC(15003) Pause Young (G1 Evacuation Pause) 237M->22M(368M) 1,062ms
[3673,138s][info][gc] GC(15004) Pause Young (G1 Evacuation Pause) 237M->22M(368M) 2,156ms
[3673,370s][info][gc] GC(15005) Pause Young (G1 Evacuation Pause) 237M->23M(368M) 1,165ms
[3673,602s][info][gc] GC(15006) Pause Young (G1 Evacuation Pause) 237M->21M(368M) 1,712ms
[3673,836s][info][gc] GC(15007) Pause Young (G1 Evacuation Pause) 236M->22M(368M) 1,743ms
[3674,069s][info][gc] GC(15008) Pause Young (G1 Evacuation Pause) 237M->22M(368M) 1,938ms
[3674,302s][info][gc] GC(15009) Pause Young (G1 Evacuation Pause) 237M->22M(368M) 1,828ms
[3674,538s][info][gc] GC(15010) Pause Young (G1 Evacuation Pause) 236M->21M(368M) 2,531ms
[3674,772s][info][gc] GC(15011) Pause Young (G1 Evacuation Pause) 237M->22M(368M) 2,734ms
[3675,005s][info][gc] GC(15012) Pause Young (G1 Evacuation Pause) 236M->21M(368M) 2,391ms
[3675,238s][info][gc] GC(15013) Pause Young (G1 Evacuation Pause) 236M->22M(368M) 2,532ms
[3675,473s][info][gc] GC(15014) Pause Young (G1 Evacuation Pause) 237M->22M(368M) 3,489ms
[3675,707s][info][gc] GC(15015) Pause Young (G1 Evacuation Pause) 237M->22M(368M) 3,011ms
[3675,942s][info][gc] GC(15016) Pause Young (G1 Evacuation Pause) 237M->22M(368M) 1,871ms
[3676,175s][info][gc] GC(15017) Pause Young (G1 Evacuation Pause) 236M->22M(368M) 1,736ms
[3676,408s][info][gc] GC(15018) Pause Young (G1 Evacuation Pause) 237M->22M(368M) 1,742ms
[3676,642s][info][gc] GC(15019) Pause Young (G1 Evacuation Pause) 237M->22M(368M) 2,712ms
[3676,876s][info][gc] GC(15020) Pause Young (G1 Evacuation Pause) 237M->22M(368M) 2,007ms
[3677,110s][info][gc] GC(15021) Pause Young (G1 Evacuation Pause) 237M->22M(368M) 2,813ms
[3677,343s][info][gc] GC(15022) Pause Young (G1 Evacuation Pause) 236M->21M(368M) 2,072ms
[3677,577s][info][gc] GC(15023) Pause Young (G1 Evacuation Pause) 236M->22M(368M) 2,547ms
[3677,810s][info][gc] GC(15024) Pause Young (G1 Evacuation Pause) 237M->22M(368M) 1,772ms
[3678,043s][info][gc] GC(15025) Pause Young (G1 Evacuation Pause) 237M->22M(368M) 2,420ms
[3678,277s][info][gc] GC(15026) Pause Young (G1 Evacuation Pause) 237M->22M(368M) 2,743ms
[3678,513s][info][gc] GC(15027) Pause Young (G1 Evacuation Pause) 236M->21M(368M) 5,026ms
[3678,746s][info][gc] GC(15028) Pause Young (G1 Evacuation Pause) 236M->22M(368M) 1,930ms
[3678,980s][info][gc] GC(15029) Pause Young (G1 Evacuation Pause) 237M->22M(368M) 2,718ms
[3679,213s][info][gc] GC(15030) Pause Young (G1 Evacuation Pause) 237M->22M(368M) 1,756ms
[3679,446s][info][gc] GC(15031) Pause Young (G1 Evacuation Pause) 236M->21M(368M) 2,383ms
[3679,679s][info][gc] GC(15032) Pause Young (G1 Evacuation Pause) 237M->22M(368M) 1,960ms
[3679,911s][info][gc] GC(15033) Pause Young (G1 Evacuation Pause) 236M->22M(368M) 1,154ms
[3680,149s][info][gc] GC(15034) Pause Young (G1 Evacuation Pause) 237M->22M(368M) 6,848ms
[3680,382s][info][gc] GC(15035) Pause Young (G1 Evacuation Pause) 237M->22M(368M) 2,652ms
[3680,615s][info][gc] GC(15036) Pause Young (G1 Evacuation Pause) 237M->22M(368M) 1,139ms
[3680,848s][info][gc] GC(15037) Pause Young (G1 Evacuation Pause) 237M->23M(368M) 1,169ms
[3681,083s][info][gc] GC(15038) Pause Young (G1 Evacuation Pause) 237M->21M(368M) 3,769ms
[3681,319s][info][gc] GC(15039) Pause Young (G1 Evacuation Pause) 236M->22M(368M) 2,654ms
[3681,552s][info][gc] GC(15040) Pause Young (G1 Evacuation Pause) 237M->22M(368M) 2,146ms
[3681,785s][info][gc] GC(15041) Pause Young (G1 Evacuation Pause) 237M->22M(368M) 1,933ms
[3682,018s][info][gc] GC(15042) Pause Young (G1 Evacuation Pause) 236M->21M(368M) 2,546ms
[3682,251s][info][gc] GC(15043) Pause Young (G1 Evacuation Pause) 236M->21M(368M) 1,777ms
[3682,484s][info][gc] GC(15044) Pause Young (G1 Evacuation Pause) 236M->21M(368M) 1,841ms
[3682,718s][info][gc] GC(15045) Pause Young (G1 Evacuation Pause) 236M->22M(368M) 2,656ms
[3682,951s][info][gc] GC(15046) Pause Young (G1 Evacuation Pause) 237M->22M(368M) 1,819ms
[3683,184s][info][gc] GC(15047) Pause Young (G1 Evacuation Pause) 236M->21M(368M) 1,915ms
[3683,417s][info][gc] GC(15048) Pause Young (G1 Evacuation Pause) 236M->21M(368M) 1,752ms
[3683,649s][info][gc] GC(15049) Pause Young (G1 Evacuation Pause) 236M->22M(368M) 1,086ms
[3683,889s][info][gc] GC(15050) Pause Young (G1 Evacuation Pause) 237M->22M(368M) 1,782ms
[3684,122s][info][gc] GC(15051) Pause Young (G1 Evacuation Pause) 237M->22M(368M) 1,901ms
[3684,355s][info][gc] GC(15052) Pause Young (G1 Evacuation Pause) 237M->22M(368M) 1,772ms
[3684,588s][info][gc] GC(15053) Pause Young (G1 Evacuation Pause) 236M->22M(368M) 1,151ms
[3684,821s][info][gc] GC(15054) Pause Young (G1 Evacuation Pause) 237M->21M(368M) 1,817ms
[3685,054s][info][gc] GC(15055) Pause Young (G1 Evacuation Pause) 236M->22M(368M) 2,377ms
[3685,287s][info][gc] GC(15056) Pause Young (G1 Evacuation Pause) 237M->22M(368M) 1,908ms
[3685,520s][info][gc] GC(15057) Pause Young (G1 Evacuation Pause) 237M->22M(368M) 1,797ms
[3685,753s][info][gc] GC(15058) Pause Young (G1 Evacuation Pause) 236M->21M(368M) 2,398ms
[3685,987s][info][gc] GC(15059) Pause Young (G1 Evacuation Pause) 236M->21M(368M) 1,730ms
[3686,220s][info][gc] GC(15060) Pause Young (G1 Evacuation Pause) 236M->22M(368M) 1,795ms
[3686,454s][info][gc] GC(15061) Pause Young (G1 Evacuation Pause) 237M->22M(368M) 2,682ms
[3686,687s][info][gc] GC(15062) Pause Young (G1 Evacuation Pause) 237M->22M(368M) 2,067ms
[3686,930s][info][gc] GC(15063) Pause Young (G1 Evacuation Pause) 236M->21M(368M) 1,765ms
[3687,165s][info][gc] GC(15064) Pause Young (G1 Evacuation Pause) 236M->21M(368M) 1,752ms
[3687,402s][info][gc] GC(15065) Pause Young (G1 Evacuation Pause) 236M->21M(368M) 5,794ms
[3687,635s][info][gc] GC(15066) Pause Young (G1 Evacuation Pause) 236M->22M(368M) 2,188ms
[3687,869s][info][gc] GC(15067) Pause Young (G1 Evacuation Pause) 237M->22M(368M) 2,630ms
[3688,102s][info][gc] GC(15068) Pause Young (G1 Evacuation Pause) 237M->22M(368M) 1,832ms
[3688,335s][info][gc] GC(15069) Pause Young (G1 Evacuation Pause) 236M->21M(368M) 1,753ms
[3688,570s][info][gc] GC(15070) Pause Young (G1 Evacuation Pause) 236M->22M(368M) 1,813ms
[3688,806s][info][gc] GC(15071) Pause Young (G1 Evacuation Pause) 237M->22M(368M) 1,844ms
[3689,042s][info][gc] GC(15072) Pause Young (G1 Evacuation Pause) 237M->22M(368M) 4,917ms
[3689,275s][info][gc] GC(15073) Pause Young (G1 Evacuation Pause) 237M->22M(368M) 1,850ms
[3689,508s][info][gc] GC(15074) Pause Young (G1 Evacuation Pause) 236M->21M(368M) 1,724ms
[3689,741s][info][gc] GC(15075) Pause Young (G1 Evacuation Pause) 236M->22M(368M) 1,889ms
[3689,974s][info][gc] GC(15076) Pause Young (G1 Evacuation Pause) 237M->22M(368M) 1,896ms
[3690,207s][info][gc] GC(15077) Pause Young (G1 Evacuation Pause) 237M->22M(368M) 1,771ms
[3690,441s][info][gc] GC(15078) Pause Young (G1 Evacuation Pause) 237M->22M(368M) 2,671ms
[3690,675s][info][gc] GC(15079) Pause Young (G1 Evacuation Pause) 237M->22M(368M) 1,868ms
[3690,908s][info][gc] GC(15080) Pause Young (G1 Evacuation Pause) 236M->22M(368M) 1,779ms
[3691,141s][info][gc] GC(15081) Pause Young (G1 Evacuation Pause) 237M->22M(368M) 1,839ms
[3691,375s][info][gc] GC(15082) Pause Young (G1 Evacuation Pause) 237M->22M(368M) 1,921ms
[3691,608s][info][gc] GC(15083) Pause Young (G1 Evacuation Pause) 237M->22M(368M) 2,574ms
[3691,842s][info][gc] GC(15084) Pause Young (G1 Evacuation Pause) 237M->22M(368M) 2,725ms
[3692,076s][info][gc] GC(15085) Pause Young (G1 Evacuation Pause) 236M->21M(368M) 3,071ms
[3692,310s][info][gc] GC(15086) Pause Young (G1 Evacuation Pause) 236M->22M(368M) 2,851ms
[3692,543s][info][gc] GC(15087) Pause Young (G1 Evacuation Pause) 237M->22M(368M) 1,895ms
[3692,777s][info][gc] GC(15088) Pause Young (G1 Evacuation Pause) 237M->22M(368M) 1,791ms
[3693,010s][info][gc] GC(15089) Pause Young (G1 Evacuation Pause) 237M->22M(368M) 1,854ms
[3693,246s][info][gc] GC(15090) Pause Young (G1 Evacuation Pause) 236M->21M(368M) 1,886ms
[3693,479s][info][gc] GC(15091) Pause Young (G1 Evacuation Pause) 236M->22M(368M) 2,562ms
[3693,712s][info][gc] GC(15092) Pause Young (G1 Evacuation Pause) 237M->22M(368M) 1,875ms
[3693,946s][info][gc] GC(15093) Pause Young (G1 Evacuation Pause) 237M->22M(368M) 2,600ms
[3694,178s][info][gc] GC(15094) Pause Young (G1 Evacuation Pause) 237M->22M(368M) 1,148ms
[3694,411s][info][gc] GC(15095) Pause Young (G1 Evacuation Pause) 236M->22M(368M) 1,900ms
[3694,646s][info][gc] GC(15096) Pause Young (G1 Evacuation Pause) 237M->22M(368M) 2,757ms
[3694,880s][info][gc] GC(15097) Pause Young (G1 Evacuation Pause) 237M->22M(368M) 2,673ms
[3695,114s][info][gc] GC(15098) Pause Young (G1 Evacuation Pause) 237M->22M(368M) 2,993ms
[3695,346s][info][gc] GC(15099) Pause Young (G1 Evacuation Pause) 237M->22M(368M) 1,263ms
[3695,579s][info][gc] GC(15100) Pause Young (G1 Evacuation Pause) 236M->22M(368M) 2,019ms
[3695,812s][info][gc] GC(15101) Pause Young (G1 Evacuation Pause) 237M->21M(368M) 1,811ms
[3696,050s][info][gc] GC(15102) Pause Young (G1 Evacuation Pause) 236M->22M(368M) 7,129ms
[3696,284s][info][gc] GC(15103) Pause Young (G1 Evacuation Pause) 237M->22M(368M) 2,671ms
[3696,518s][info][gc] GC(15104) Pause Young (G1 Evacuation Pause) 237M->22M(368M) 2,752ms
[3696,751s][info][gc] GC(15105) Pause Young (G1 Evacuation Pause) 237M->22M(368M) 2,100ms
[3696,987s][info][gc] GC(15106) Pause Young (G1 Evacuation Pause) 236M->21M(368M) 2,032ms
[3697,220s][info][gc] GC(15107) Pause Young (G1 Evacuation Pause) 236M->22M(368M) 1,743ms
[3697,454s][info][gc] GC(15108) Pause Young (G1 Evacuation Pause) 237M->22M(368M) 2,466ms
[3697,686s][info][gc] GC(15109) Pause Young (G1 Evacuation Pause) 237M->22M(368M) 1,111ms
[3697,919s][info][gc] GC(15110) Pause Young (G1 Evacuation Pause) 237M->22M(368M) 1,846ms
[3698,151s][info][gc] GC(15111) Pause Young (G1 Evacuation Pause) 236M->22M(368M) 1,095ms
[3698,384s][info][gc] GC(15112) Pause Young (G1 Evacuation Pause) 237M->22M(368M) 1,809ms
[3698,618s][info][gc] GC(15113) Pause Young (G1 Evacuation Pause) 237M->22M(368M) 1,788ms
[3698,852s][info][gc] GC(15114) Pause Young (G1 Evacuation Pause) 237M->22M(368M) 2,630ms
[3699,086s][info][gc] GC(15115) Pause Young (G1 Evacuation Pause) 237M->22M(368M) 2,703ms
[3699,319s][info][gc] GC(15116) Pause Young (G1 Evacuation Pause) 236M->21M(368M) 1,870ms
[3699,552s][info][gc] GC(15117) Pause Young (G1 Evacuation Pause) 236M->21M(368M) 2,501ms
[3699,787s][info][gc] GC(15118) Pause Young (G1 Evacuation Pause) 236M->22M(368M) 1,831ms
[3700,021s][info][gc] GC(15119) Pause Young (G1 Evacuation Pause) 237M->22M(368M) 1,850ms
[3700,254s][info][gc] GC(15120) Pause Young (G1 Evacuation Pause) 237M->22M(368M) 1,973ms
[3700,487s][info][gc] GC(15121) Pause Young (G1 Evacuation Pause) 236M->21M(368M) 1,950ms
[3700,720s][info][gc] GC(15122) Pause Young (G1 Evacuation Pause) 236M->21M(368M) 1,763ms
[3700,954s][info][gc] GC(15123) Pause Young (G1 Evacuation Pause) 236M->22M(368M) 2,560ms
[3701,188s][info][gc] GC(15124) Pause Young (G1 Evacuation Pause) 237M->22M(368M) 1,822ms
[3701,420s][info][gc] GC(15125) Pause Young (G1 Evacuation Pause) 237M->22M(368M) 1,216ms
[3701,654s][info][gc] GC(15126) Pause Young (G1 Evacuation Pause) 236M->21M(368M) 2,068ms
[3701,887s][info][gc] GC(15127) Pause Young (G1 Evacuation Pause) 236M->21M(368M) 1,751ms
[3702,120s][info][gc] GC(15128) Pause Young (G1 Evacuation Pause) 236M->22M(368M) 1,790ms
[3702,354s][info][gc] GC(15129) Pause Young (G1 Evacuation Pause) 237M->22M(368M) 2,714ms
[3702,586s][info][gc] GC(15130) Pause Young (G1 Evacuation Pause) 237M->22M(368M) 1,250ms
[3702,823s][info][gc] GC(15131) Pause Young (G1 Evacuation Pause) 236M->21M(368M) 6,429ms
[3703,056s][info][gc] GC(15132) Pause Young (G1 Evacuation Pause) 236M->21M(368M) 1,804ms
[3703,289s][info][gc] GC(15133) Pause Young (G1 Evacuation Pause) 236M->21M(368M) 1,977ms
[3703,522s][info][gc] GC(15134) Pause Young (G1 Evacuation Pause) 236M->22M(368M) 1,927ms
[3703,758s][info][gc] GC(15135) Pause Young (G1 Evacuation Pause) 237M->22M(368M) 4,958ms
[3703,993s][info][gc] GC(15136) Pause Young (G1 Evacuation Pause) 237M->22M(368M) 3,010ms
[3704,227s][info][gc] GC(15137) Pause Young (G1 Evacuation Pause) 236M->21M(368M) 3,141ms
[3704,459s][info][gc] GC(15138) Pause Young (G1 Evacuation Pause) 236M->22M(368M) 1,548ms
[3704,694s][info][gc] GC(15139) Pause Young (G1 Evacuation Pause) 237M->22M(368M) 2,665ms
[3704,928s][info][gc] GC(15140) Pause Young (G1 Evacuation Pause) 237M->22M(368M) 2,818ms
[3705,162s][info][gc] GC(15141) Pause Young (G1 Evacuation Pause) 237M->22M(368M) 2,710ms
[3705,395s][info][gc] GC(15142) Pause Young (G1 Evacuation Pause) 237M->22M(368M) 2,125ms
[3705,630s][info][gc] GC(15143) Pause Young (G1 Evacuation Pause) 236M->21M(368M) 3,827ms
[3705,863s][info][gc] GC(15144) Pause Young (G1 Evacuation Pause) 236M->22M(368M) 1,125ms
[3706,095s][info][gc] GC(15145) Pause Young (G1 Evacuation Pause) 237M->22M(368M) 1,196ms
[3706,327s][info][gc] GC(15146) Pause Young (G1 Evacuation Pause) 237M->22M(368M) 1,197ms
[3706,560s][info][gc] GC(15147) Pause Young (G1 Evacuation Pause) 237M->22M(368M) 1,771ms
[3706,792s][info][gc] GC(15148) Pause Young (G1 Evacuation Pause) 236M->22M(368M) 1,715ms
[3707,026s][info][gc] GC(15149) Pause Young (G1 Evacuation Pause) 237M->22M(368M) 1,759ms
[3707,259s][info][gc] GC(15150) Pause Young (G1 Evacuation Pause) 237M->22M(368M) 1,870ms
[3707,492s][info][gc] GC(15151) Pause Young (G1 Evacuation Pause) 237M->22M(368M) 1,824ms
[3707,726s][info][gc] GC(15152) Pause Young (G1 Evacuation Pause) 236M->21M(368M) 2,747ms
[3707,960s][info][gc] GC(15153) Pause Young (G1 Evacuation Pause) 236M->21M(368M) 2,568ms
[3708,193s][info][gc] GC(15154) Pause Young (G1 Evacuation Pause) 236M->21M(368M) 2,543ms
[3708,428s][info][gc] GC(15155) Pause Young (G1 Evacuation Pause) 236M->22M(368M) 2,618ms
[3708,661s][info][gc] GC(15156) Pause Young (G1 Evacuation Pause) 237M->22M(368M) 1,750ms
[3708,894s][info][gc] GC(15157) Pause Young (G1 Evacuation Pause) 237M->22M(368M) 1,827ms
[3709,127s][info][gc] GC(15158) Pause Young (G1 Evacuation Pause) 236M->21M(368M) 1,798ms
[3709,360s][info][gc] GC(15159) Pause Young (G1 Evacuation Pause) 236M->21M(368M) 1,931ms
[3709,593s][info][gc] GC(15160) Pause Young (G1 Evacuation Pause) 236M->22M(368M) 2,564ms
[3709,826s][info][gc] GC(15161) Pause Young (G1 Evacuation Pause) 237M->22M(368M) 1,199ms
[3710,058s][info][gc] GC(15162) Pause Young (G1 Evacuation Pause) 237M->22M(368M) 1,213ms
[3710,291s][info][gc] GC(15163) Pause Young (G1 Evacuation Pause) 236M->21M(368M) 1,893ms
[3710,525s][info][gc] GC(15164) Pause Young (G1 Evacuation Pause) 236M->21M(368M) 1,762ms
[3710,758s][info][gc] GC(15165) Pause Young (G1 Evacuation Pause) 236M->21M(368M) 1,800ms
[3710,991s][info][gc] GC(15166) Pause Young (G1 Evacuation Pause) 236M->22M(368M) 2,105ms
[3711,224s][info][gc] GC(15167) Pause Young (G1 Evacuation Pause) 237M->22M(368M) 1,774ms
[3711,457s][info][gc] GC(15168) Pause Young (G1 Evacuation Pause) 237M->22M(368M) 1,833ms
[3711,691s][info][gc] GC(15169) Pause Young (G1 Evacuation Pause) 236M->21M(368M) 2,902ms
[3711,926s][info][gc] GC(15170) Pause Young (G1 Evacuation Pause) 236M->22M(368M) 2,669ms
[3712,159s][info][gc] GC(15171) Pause Young (G1 Evacuation Pause) 237M->22M(368M) 1,939ms
[3712,392s][info][gc] GC(15172) Pause Young (G1 Evacuation Pause) 237M->22M(368M) 1,849ms
[3712,625s][info][gc] GC(15173) Pause Young (G1 Evacuation Pause) 236M->21M(368M) 1,738ms
[3712,858s][info][gc] GC(15174) Pause Young (G1 Evacuation Pause) 236M->21M(368M) 2,675ms
[3713,091s][info][gc] GC(15175) Pause Young (G1 Evacuation Pause) 236M->22M(368M) 1,836ms
[3713,323s][info][gc] GC(15176) Pause Young (G1 Evacuation Pause) 237M->22M(368M) 1,064ms
[3713,556s][info][gc] GC(15177) Pause Young (G1 Evacuation Pause) 237M->22M(368M) 1,816ms
[3713,789s][info][gc] GC(15178) Pause Young (G1 Evacuation Pause) 237M->22M(368M) 1,790ms
[3714,022s][info][gc] GC(15179) Pause Young (G1 Evacuation Pause) 236M->21M(368M) 1,913ms
[3714,256s][info][gc] GC(15180) Pause Young (G1 Evacuation Pause) 236M->22M(368M) 1,940ms
[3714,489s][info][gc] GC(15181) Pause Young (G1 Evacuation Pause) 237M->22M(368M) 1,777ms
[3714,722s][info][gc] GC(15182) Pause Young (G1 Evacuation Pause) 237M->22M(368M) 2,402ms
[3714,955s][info][gc] GC(15183) Pause Young (G1 Evacuation Pause) 237M->22M(368M) 1,967ms
[3715,188s][info][gc] GC(15184) Pause Young (G1 Evacuation Pause) 236M->22M(368M) 1,744ms
[3715,420s][info][gc] GC(15185) Pause Young (G1 Evacuation Pause) 237M->21M(368M) 1,711ms
[3715,658s][info][gc] GC(15186) Pause Young (G1 Evacuation Pause) 236M->22M(368M) 6,445ms
[3715,894s][info][gc] GC(15187) Pause Young (G1 Evacuation Pause) 237M->22M(368M) 4,677ms
[3716,127s][info][gc] GC(15188) Pause Young (G1 Evacuation Pause) 237M->22M(368M) 1,900ms
[3716,366s][info][gc] GC(15189) Pause Young (G1 Evacuation Pause) 236M->21M(368M) 8,559ms
[3716,598s][info][gc] GC(15190) Pause Young (G1 Evacuation Pause) 236M->22M(368M) 1,118ms
[3716,831s][info][gc] GC(15191) Pause Young (G1 Evacuation Pause) 237M->22M(368M) 1,813ms
[3717,064s][info][gc] GC(15192) Pause Young (G1 Evacuation Pause) 237M->22M(368M) 2,549ms
[3717,298s][info][gc] GC(15193) Pause Young (G1 Evacuation Pause) 237M->22M(368M) 1,917ms
[3717,533s][info][gc] GC(15194) Pause Young (G1 Evacuation Pause) 236M->21M(368M) 4,104ms
[3717,766s][info][gc] GC(15195) Pause Young (G1 Evacuation Pause) 236M->21M(368M) 1,837ms
[3718,003s][info][gc] GC(15196) Pause Young (G1 Evacuation Pause) 236M->21M(368M) 1,857ms
[3718,237s][info][gc] GC(15197) Pause Young (G1 Evacuation Pause) 236M->22M(368M) 2,700ms
[3718,472s][info][gc] GC(15198) Pause Young (G1 Evacuation Pause) 237M->22M(368M) 2,894ms
[3718,705s][info][gc] GC(15199) Pause Young (G1 Evacuation Pause) 237M->22M(368M) 2,488ms
[3718,937s][info][gc] GC(15200) Pause Young (G1 Evacuation Pause) 236M->22M(368M) 1,014ms
[3719,170s][info][gc] GC(15201) Pause Young (G1 Evacuation Pause) 237M->22M(368M) 1,799ms
[3719,404s][info][gc] GC(15202) Pause Young (G1 Evacuation Pause) 237M->22M(368M) 2,126ms
[3719,637s][info][gc] GC(15203) Pause Young (G1 Evacuation Pause) 237M->22M(368M) 1,795ms
[3719,869s][info][gc] GC(15204) Pause Young (G1 Evacuation Pause) 236M->21M(368M) 1,687ms
[3720,102s][info][gc] GC(15205) Pause Young (G1 Evacuation Pause) 236M->21M(368M) 2,509ms
[3720,336s][info][gc] GC(15206) Pause Young (G1 Evacuation Pause) 236M->21M(368M) 1,821ms
[3720,569s][info][gc] GC(15207) Pause Young (G1 Evacuation Pause) 236M->22M(368M) 1,759ms
[3720,802s][info][gc] GC(15208) Pause Young (G1 Evacuation Pause) 237M->22M(368M) 1,804ms
[3721,034s][info][gc] GC(15209) Pause Young (G1 Evacuation Pause) 237M->22M(368M) 1,230ms
[3721,268s][info][gc] GC(15210) Pause Young (G1 Evacuation Pause) 236M->21M(368M) 2,601ms
[3721,507s][info][gc] GC(15211) Pause Young (G1 Evacuation Pause) 236M->21M(368M) 7,946ms
[3721,740s][info][gc] GC(15212) Pause Young (G1 Evacuation Pause) 236M->22M(368M) 1,833ms
[3721,973s][info][gc] GC(15213) Pause Young (G1 Evacuation Pause) 237M->22M(368M) 2,234ms
[3722,206s][info][gc] GC(15214) Pause Young (G1 Evacuation Pause) 237M->22M(368M) 2,508ms
[3722,441s][info][gc] GC(15215) Pause Young (G1 Evacuation Pause) 237M->22M(368M) 4,075ms
[3722,674s][info][gc] GC(15216) Pause Young (G1 Evacuation Pause) 236M->21M(368M) 2,386ms
[3722,907s][info][gc] GC(15217) Pause Young (G1 Evacuation Pause) 236M->22M(368M) 1,774ms
[3723,141s][info][gc] GC(15218) Pause Young (G1 Evacuation Pause) 237M->22M(368M) 2,708ms
[3723,374s][info][gc] GC(15219) Pause Young (G1 Evacuation Pause) 237M->22M(368M) 1,886ms
[3723,607s][info][gc] GC(15220) Pause Young (G1 Evacuation Pause) 237M->22M(368M) 1,924ms
[3723,840s][info][gc] GC(15221) Pause Young (G1 Evacuation Pause) 236M->21M(368M) 1,743ms
[3724,074s][info][gc] GC(15222) Pause Young (G1 Evacuation Pause) 236M->21M(368M) 2,464ms
[3724,306s][info][gc] GC(15223) Pause Young (G1 Evacuation Pause) 236M->22M(368M) 1,174ms
[3724,539s][info][gc] GC(15224) Pause Young (G1 Evacuation Pause) 237M->22M(368M) 1,842ms
[3724,774s][info][gc] GC(15225) Pause Young (G1 Evacuation Pause) 237M->22M(368M) 2,652ms
[3725,006s][info][gc] GC(15226) Pause Young (G1 Evacuation Pause) 236M->21M(368M) 1,927ms
[3725,238s][info][gc] GC(15227) Pause Young (G1 Evacuation Pause) 236M->22M(368M) 1,155ms
[3725,471s][info][gc] GC(15228) Pause Young (G1 Evacuation Pause) 237M->22M(368M) 1,796ms
[3725,704s][info][gc] GC(15229) Pause Young (G1 Evacuation Pause) 237M->22M(368M) 1,931ms
[3725,937s][info][gc] GC(15230) Pause Young (G1 Evacuation Pause) 237M->22M(368M) 2,146ms
[3726,171s][info][gc] GC(15231) Pause Young (G1 Evacuation Pause) 237M->22M(368M) 2,777ms
[3726,404s][info][gc] GC(15232) Pause Young (G1 Evacuation Pause) 236M->22M(368M) 1,825ms
[3726,637s][info][gc] GC(15233) Pause Young (G1 Evacuation Pause) 237M->22M(368M) 2,070ms
[3726,870s][info][gc] GC(15234) Pause Young (G1 Evacuation Pause) 237M->22M(368M) 1,942ms
[3727,103s][info][gc] GC(15235) Pause Young (G1 Evacuation Pause) 237M->22M(368M) 2,364ms
[3727,337s][info][gc] GC(15236) Pause Young (G1 Evacuation Pause) 237M->22M(368M) 2,670ms
[3727,569s][info][gc] GC(15237) Pause Young (G1 Evacuation Pause) 236M->21M(368M) 2,603ms
[3727,802s][info][gc] GC(15238) Pause Young (G1 Evacuation Pause) 236M->22M(368M) 1,828ms
[3728,035s][info][gc] GC(15239) Pause Young (G1 Evacuation Pause) 237M->22M(368M) 2,016ms
[3728,267s][info][gc] GC(15240) Pause Young (G1 Evacuation Pause) 237M->22M(368M) 1,160ms
[3728,502s][info][gc] GC(15241) Pause Young (G1 Evacuation Pause) 237M->23M(368M) 3,709ms
[3728,735s][info][gc] GC(15242) Pause Young (G1 Evacuation Pause) 237M->21M(368M) 1,688ms
[3728,968s][info][gc] GC(15243) Pause Young (G1 Evacuation Pause) 236M->22M(368M) 1,828ms
[3729,201s][info][gc] GC(15244) Pause Young (G1 Evacuation Pause) 237M->22M(368M) 1,864ms
[3729,434s][info][gc] GC(15245) Pause Young (G1 Evacuation Pause) 237M->22M(368M) 1,945ms
[3729,667s][info][gc] GC(15246) Pause Young (G1 Evacuation Pause) 237M->22M(368M) 1,790ms
[3729,900s][info][gc] GC(15247) Pause Young (G1 Evacuation Pause) 236M->21M(368M) 2,680ms
[3730,134s][info][gc] GC(15248) Pause Young (G1 Evacuation Pause) 236M->21M(368M) 1,924ms
[3730,367s][info][gc] GC(15249) Pause Young (G1 Evacuation Pause) 236M->22M(368M) 1,912ms
[3730,600s][info][gc] GC(15250) Pause Young (G1 Evacuation Pause) 237M->22M(368M) 2,635ms
[3730,834s][info][gc] GC(15251) Pause Young (G1 Evacuation Pause) 237M->22M(368M) 2,736ms
[3731,067s][info][gc] GC(15252) Pause Young (G1 Evacuation Pause) 237M->22M(368M) 1,995ms
[3731,300s][info][gc] GC(15253) Pause Young (G1 Evacuation Pause) 236M->22M(368M) 1,765ms
[3731,533s][info][gc] GC(15254) Pause Young (G1 Evacuation Pause) 237M->22M(368M) 2,618ms
[3731,767s][info][gc] GC(15255) Pause Young (G1 Evacuation Pause) 237M->22M(368M) 2,370ms
[3732,001s][info][gc] GC(15256) Pause Young (G1 Evacuation Pause) 237M->22M(368M) 1,847ms
[3732,234s][info][gc] GC(15257) Pause Young (G1 Evacuation Pause) 237M->22M(368M) 1,828ms
[3732,466s][info][gc] GC(15258) Pause Young (G1 Evacuation Pause) 236M->22M(368M) 1,126ms
[3732,700s][info][gc] GC(15259) Pause Young (G1 Evacuation Pause) 237M->22M(368M) 1,745ms
[3732,932s][info][gc] GC(15260) Pause Young (G1 Evacuation Pause) 237M->22M(368M) 1,168ms
[3733,167s][info][gc] GC(15261) Pause Young (G1 Evacuation Pause) 237M->22M(368M) 2,875ms
[3733,400s][info][gc] GC(15262) Pause Young (G1 Evacuation Pause) 237M->22M(368M) 1,806ms
[3733,633s][info][gc] GC(15263) Pause Young (G1 Evacuation Pause) 236M->22M(368M) 1,908ms
[3733,870s][info][gc] GC(15264) Pause Young (G1 Evacuation Pause) 237M->22M(368M) 5,924ms
[3734,103s][info][gc] GC(15265) Pause Young (G1 Evacuation Pause) 237M->22M(368M) 1,961ms
[3734,336s][info][gc] GC(15266) Pause Young (G1 Evacuation Pause) 237M->22M(368M) 1,839ms
[3734,568s][info][gc] GC(15267) Pause Young (G1 Evacuation Pause) 237M->22M(368M) 1,129ms
[3734,801s][info][gc] GC(15268) Pause Young (G1 Evacuation Pause) 236M->21M(368M) 2,340ms
[3735,034s][info][gc] GC(15269) Pause Young (G1 Evacuation Pause) 236M->22M(368M) 1,736ms
[3735,267s][info][gc] GC(15270) Pause Young (G1 Evacuation Pause) 237M->22M(368M) 1,766ms
[3735,500s][info][gc] GC(15271) Pause Young (G1 Evacuation Pause) 237M->22M(368M) 1,813ms
[3735,732s][info][gc] GC(15272) Pause Young (G1 Evacuation Pause) 237M->22M(368M) 1,229ms
[3735,966s][info][gc] GC(15273) Pause Young (G1 Evacuation Pause) 236M->21M(368M) 2,875ms
[3736,198s][info][gc] GC(15274) Pause Young (G1 Evacuation Pause) 236M->22M(368M) 1,191ms
[3736,432s][info][gc] GC(15275) Pause Young (G1 Evacuation Pause) 237M->22M(368M) 1,780ms
[3736,666s][info][gc] GC(15276) Pause Young (G1 Evacuation Pause) 237M->22M(368M) 2,681ms
[3736,898s][info][gc] GC(15277) Pause Young (G1 Evacuation Pause) 237M->22M(368M) 2,127ms
[3737,131s][info][gc] GC(15278) Pause Young (G1 Evacuation Pause) 237M->22M(368M) 1,881ms
[3737,364s][info][gc] GC(15279) Pause Young (G1 Evacuation Pause) 236M->22M(368M) 1,778ms
[3737,598s][info][gc] GC(15280) Pause Young (G1 Evacuation Pause) 237M->22M(368M) 2,702ms
[3737,832s][info][gc] GC(15281) Pause Young (G1 Evacuation Pause) 237M->22M(368M) 2,785ms
[3738,065s][info][gc] GC(15282) Pause Young (G1 Evacuation Pause) 237M->22M(368M) 1,945ms
[3738,299s][info][gc] GC(15283) Pause Young (G1 Evacuation Pause) 237M->22M(368M) 2,672ms
[3738,531s][info][gc] GC(15284) Pause Young (G1 Evacuation Pause) 236M->21M(368M) 2,089ms
[3738,764s][info][gc] GC(15285) Pause Young (G1 Evacuation Pause) 236M->22M(368M) 2,650ms
[3738,999s][info][gc] GC(15286) Pause Young (G1 Evacuation Pause) 237M->22M(368M) 2,865ms
[3739,233s][info][gc] GC(15287) Pause Young (G1 Evacuation Pause) 237M->22M(368M) 2,663ms
[3739,467s][info][gc] GC(15288) Pause Young (G1 Evacuation Pause) 237M->22M(368M) 2,791ms
[3739,700s][info][gc] GC(15289) Pause Young (G1 Evacuation Pause) 236M->21M(368M) 1,740ms
[3739,933s][info][gc] GC(15290) Pause Young (G1 Evacuation Pause) 236M->22M(368M) 1,728ms
[3740,166s][info][gc] GC(15291) Pause Young (G1 Evacuation Pause) 237M->22M(368M) 1,865ms
[3740,402s][info][gc] GC(15292) Pause Young (G1 Evacuation Pause) 237M->22M(368M) 2,642ms
[3740,635s][info][gc] GC(15293) Pause Young (G1 Evacuation Pause) 237M->22M(368M) 2,151ms
[3740,870s][info][gc] GC(15294) Pause Young (G1 Evacuation Pause) 237M->22M(368M) 2,706ms
[3741,103s][info][gc] GC(15295) Pause Young (G1 Evacuation Pause) 236M->21M(368M) 1,844ms
[3741,336s][info][gc] GC(15296) Pause Young (G1 Evacuation Pause) 236M->22M(368M) 2,607ms
[3741,570s][info][gc] GC(15297) Pause Young (G1 Evacuation Pause) 237M->22M(368M) 2,918ms
[3741,803s][info][gc] GC(15298) Pause Young (G1 Evacuation Pause) 237M->22M(368M) 2,012ms
[3742,035s][info][gc] GC(15299) Pause Young (G1 Evacuation Pause) 236M->22M(368M) 1,055ms
[3742,282s][info][gc] GC(15300) Pause Young (G1 Evacuation Pause) 237M->21M(368M) 13,851ms
[3742,526s][info][gc] GC(15301) Pause Young (G1 Evacuation Pause) 236M->21M(368M) 1,884ms
[3742,760s][info][gc] GC(15302) Pause Young (G1 Evacuation Pause) 236M->22M(368M) 1,783ms
[3742,993s][info][gc] GC(15303) Pause Young (G1 Evacuation Pause) 237M->22M(368M) 1,882ms
[3743,226s][info][gc] GC(15304) Pause Young (G1 Evacuation Pause) 236M->21M(368M) 1,728ms
[3743,459s][info][gc] GC(15305) Pause Young (G1 Evacuation Pause) 236M->21M(368M) 1,940ms
[3743,695s][info][gc] GC(15306) Pause Young (G1 Evacuation Pause) 236M->21M(368M) 2,667ms
[3743,928s][info][gc] GC(15307) Pause Young (G1 Evacuation Pause) 236M->22M(368M) 2,552ms
[3744,161s][info][gc] GC(15308) Pause Young (G1 Evacuation Pause) 237M->22M(368M) 1,955ms
[3744,394s][info][gc] GC(15309) Pause Young (G1 Evacuation Pause) 237M->22M(368M) 1,897ms
[3744,627s][info][gc] GC(15310) Pause Young (G1 Evacuation Pause) 236M->21M(368M) 1,889ms
[3744,861s][info][gc] GC(15311) Pause Young (G1 Evacuation Pause) 236M->21M(368M) 3,504ms
[3745,095s][info][gc] GC(15312) Pause Young (G1 Evacuation Pause) 236M->22M(368M) 2,576ms
[3745,328s][info][gc] GC(15313) Pause Young (G1 Evacuation Pause) 237M->22M(368M) 1,829ms
[3745,562s][info][gc] GC(15314) Pause Young (G1 Evacuation Pause) 237M->22M(368M) 1,783ms
[3745,794s][info][gc] GC(15315) Pause Young (G1 Evacuation Pause) 236M->22M(368M) 1,134ms
[3746,026s][info][gc] GC(15316) Pause Young (G1 Evacuation Pause) 237M->22M(368M) 1,081ms
[3746,259s][info][gc] GC(15317) Pause Young (G1 Evacuation Pause) 237M->22M(368M) 1,861ms
[3746,492s][info][gc] GC(15318) Pause Young (G1 Evacuation Pause) 237M->22M(368M) 1,793ms
[3746,726s][info][gc] GC(15319) Pause Young (G1 Evacuation Pause) 237M->22M(368M) 2,997ms
[3746,959s][info][gc] GC(15320) Pause Young (G1 Evacuation Pause) 237M->23M(368M) 1,847ms
[3747,192s][info][gc] GC(15321) Pause Young (G1 Evacuation Pause) 237M->21M(368M) 1,891ms
[3747,425s][info][gc] GC(15322) Pause Young (G1 Evacuation Pause) 236M->22M(368M) 1,718ms
[3747,658s][info][gc] GC(15323) Pause Young (G1 Evacuation Pause) 237M->22M(368M) 2,190ms
[3747,891s][info][gc] GC(15324) Pause Young (G1 Evacuation Pause) 237M->22M(368M) 1,865ms
[3748,123s][info][gc] GC(15325) Pause Young (G1 Evacuation Pause) 236M->22M(368M) 1,006ms
[3748,356s][info][gc] GC(15326) Pause Young (G1 Evacuation Pause) 237M->21M(368M) 2,474ms
[3748,590s][info][gc] GC(15327) Pause Young (G1 Evacuation Pause) 236M->21M(368M) 2,736ms
[3748,824s][info][gc] GC(15328) Pause Young (G1 Evacuation Pause) 236M->22M(368M) 2,638ms
[3749,056s][info][gc] GC(15329) Pause Young (G1 Evacuation Pause) 237M->22M(368M) 1,910ms
[3749,289s][info][gc] GC(15330) Pause Young (G1 Evacuation Pause) 237M->22M(368M) 1,941ms
[3749,523s][info][gc] GC(15331) Pause Young (G1 Evacuation Pause) 236M->21M(368M) 2,117ms
[3749,756s][info][gc] GC(15332) Pause Young (G1 Evacuation Pause) 236M->22M(368M) 1,799ms
[3749,988s][info][gc] GC(15333) Pause Young (G1 Evacuation Pause) 237M->22M(368M) 1,045ms
[3750,221s][info][gc] GC(15334) Pause Young (G1 Evacuation Pause) 237M->22M(368M) 2,299ms
[3750,455s][info][gc] GC(15335) Pause Young (G1 Evacuation Pause) 237M->22M(368M) 2,743ms
[3750,689s][info][gc] GC(15336) Pause Young (G1 Evacuation Pause) 237M->22M(368M) 2,705ms
[3750,922s][info][gc] GC(15337) Pause Young (G1 Evacuation Pause) 236M->21M(368M) 2,076ms
[3751,155s][info][gc] GC(15338) Pause Young (G1 Evacuation Pause) 236M->22M(368M) 1,906ms
[3751,388s][info][gc] GC(15339) Pause Young (G1 Evacuation Pause) 237M->22M(368M) 2,055ms
[3751,621s][info][gc] GC(15340) Pause Young (G1 Evacuation Pause) 237M->22M(368M) 2,140ms
[3751,856s][info][gc] GC(15341) Pause Young (G1 Evacuation Pause) 236M->21M(368M) 4,564ms
[3752,090s][info][gc] GC(15342) Pause Young (G1 Evacuation Pause) 236M->21M(368M) 2,614ms
[3752,323s][info][gc] GC(15343) Pause Young (G1 Evacuation Pause) 236M->22M(368M) 1,953ms
[3752,556s][info][gc] GC(15344) Pause Young (G1 Evacuation Pause) 237M->22M(368M) 1,792ms
[3752,790s][info][gc] GC(15345) Pause Young (G1 Evacuation Pause) 237M->22M(368M) 1,861ms
[3753,023s][info][gc] GC(15346) Pause Young (G1 Evacuation Pause) 236M->21M(368M) 2,036ms
[3753,256s][info][gc] GC(15347) Pause Young (G1 Evacuation Pause) 236M->21M(368M) 1,970ms
[3753,489s][info][gc] GC(15348) Pause Young (G1 Evacuation Pause) 236M->21M(368M) 1,962ms
[3753,722s][info][gc] GC(15349) Pause Young (G1 Evacuation Pause) 236M->22M(368M) 1,787ms
[3753,958s][info][gc] GC(15350) Pause Young (G1 Evacuation Pause) 237M->22M(368M) 1,868ms
[3754,191s][info][gc] GC(15351) Pause Young (G1 Evacuation Pause) 236M->21M(368M) 2,589ms
[3754,424s][info][gc] GC(15352) Pause Young (G1 Evacuation Pause) 236M->21M(368M) 2,585ms
[3754,657s][info][gc] GC(15353) Pause Young (G1 Evacuation Pause) 236M->21M(368M) 1,804ms
[3754,890s][info][gc] GC(15354) Pause Young (G1 Evacuation Pause) 236M->22M(368M) 1,827ms
[3755,124s][info][gc] GC(15355) Pause Young (G1 Evacuation Pause) 237M->22M(368M) 2,791ms
[3755,357s][info][gc] GC(15356) Pause Young (G1 Evacuation Pause) 237M->22M(368M) 2,218ms
[3755,590s][info][gc] GC(15357) Pause Young (G1 Evacuation Pause) 236M->21M(368M) 2,594ms
[3755,823s][info][gc] GC(15358) Pause Young (G1 Evacuation Pause) 236M->22M(368M) 2,107ms
[3756,056s][info][gc] GC(15359) Pause Young (G1 Evacuation Pause) 237M->22M(368M) 1,761ms
[3756,291s][info][gc] GC(15360) Pause Young (G1 Evacuation Pause) 237M->22M(368M) 1,860ms
[3756,525s][info][gc] GC(15361) Pause Young (G1 Evacuation Pause) 236M->21M(368M) 2,556ms
[3756,758s][info][gc] GC(15362) Pause Young (G1 Evacuation Pause) 237M->22M(368M) 1,993ms
[3756,993s][info][gc] GC(15363) Pause Young (G1 Evacuation Pause) 236M->22M(368M) 1,070ms
[3757,245s][info][gc] GC(15364) Pause Young (G1 Evacuation Pause) 237M->22M(368M) 1,353ms
[3757,511s][info][gc] GC(15365) Pause Young (G1 Evacuation Pause) 237M->22M(368M) 3,337ms
[3757,768s][info][gc] GC(15366) Pause Young (G1 Evacuation Pause) 237M->22M(368M) 2,136ms
[3758,025s][info][gc] GC(15367) Pause Young (G1 Evacuation Pause) 236M->22M(368M) 1,639ms
[3758,266s][info][gc] GC(15368) Pause Young (G1 Evacuation Pause) 237M->22M(368M) 1,376ms
[3758,518s][info][gc] GC(15369) Pause Young (G1 Evacuation Pause) 237M->22M(368M) 1,803ms
[3758,764s][info][gc] GC(15370) Pause Young (G1 Evacuation Pause) 237M->22M(368M) 1,798ms
[3759,018s][info][gc] GC(15371) Pause Young (G1 Evacuation Pause) 237M->22M(368M) 1,945ms
[3759,272s][info][gc] GC(15372) Pause Young (G1 Evacuation Pause) 236M->22M(368M) 1,738ms
[3759,525s][info][gc] GC(15373) Pause Young (G1 Evacuation Pause) 237M->21M(368M) 1,836ms
[3759,773s][info][gc] GC(15374) Pause Young (G1 Evacuation Pause) 236M->22M(368M) 1,515ms
[3760,005s][info][gc] GC(15375) Pause Young (G1 Evacuation Pause) 237M->22M(368M) 1,447ms
[3760,238s][info][gc] GC(15376) Pause Young (G1 Evacuation Pause) 237M->22M(368M) 1,339ms
[3760,487s][info][gc] GC(15377) Pause Young (G1 Evacuation Pause) 237M->22M(368M) 1,769ms
[3760,721s][info][gc] GC(15378) Pause Young (G1 Evacuation Pause) 236M->22M(368M) 1,146ms
[3760,970s][info][gc] GC(15379) Pause Young (G1 Evacuation Pause) 237M->22M(368M) 1,988ms
[3761,226s][info][gc] GC(15380) Pause Young (G1 Evacuation Pause) 237M->22M(368M) 1,618ms
[3761,460s][info][gc] GC(15381) Pause Young (G1 Evacuation Pause) 237M->22M(368M) 1,565ms
[3761,715s][info][gc] GC(15382) Pause Young (G1 Evacuation Pause) 237M->22M(368M) 1,342ms
[3761,963s][info][gc] GC(15383) Pause Young (G1 Evacuation Pause) 236M->22M(368M) 1,449ms
[3762,196s][info][gc] GC(15384) Pause Young (G1 Evacuation Pause) 237M->22M(368M) 1,362ms
[3762,440s][info][gc] GC(15385) Pause Young (G1 Evacuation Pause) 237M->22M(368M) 1,601ms
[3762,684s][info][gc] GC(15386) Pause Young (G1 Evacuation Pause) 237M->22M(368M) 1,106ms
[3762,945s][info][gc] GC(15387) Pause Young (G1 Evacuation Pause) 237M->22M(368M) 2,005ms
[3763,199s][info][gc] GC(15388) Pause Young (G1 Evacuation Pause) 237M->23M(368M) 1,784ms
[3763,457s][info][gc] GC(15389) Pause Young (G1 Evacuation Pause) 237M->22M(368M) 1,775ms
[3763,711s][info][gc] GC(15390) Pause Young (G1 Evacuation Pause) 237M->22M(368M) 1,785ms
[3763,960s][info][gc] GC(15391) Pause Young (G1 Evacuation Pause) 237M->22M(368M) 2,240ms
[3764,226s][info][gc] GC(15392) Pause Young (G1 Evacuation Pause) 237M->22M(368M) 2,646ms
[3764,487s][info][gc] GC(15393) Pause Young (G1 Evacuation Pause) 236M->22M(368M) 1,674ms
[3764,733s][info][gc] GC(15394) Pause Young (G1 Evacuation Pause) 237M->22M(368M) 1,209ms
[3764,981s][info][gc] GC(15395) Pause Young (G1 Evacuation Pause) 237M->22M(368M) 1,475ms
[3765,214s][info][gc] GC(15396) Pause Young (G1 Evacuation Pause) 237M->22M(368M) 1,525ms
[3765,459s][info][gc] GC(15397) Pause Young (G1 Evacuation Pause) 237M->22M(368M) 1,741ms
[3765,692s][info][gc] GC(15398) Pause Young (G1 Evacuation Pause) 237M->23M(368M) 1,234ms
[3765,938s][info][gc] GC(15399) Pause Young (G1 Evacuation Pause) 237M->22M(368M) 2,322ms
[3766,192s][info][gc] GC(15400) Pause Young (G1 Evacuation Pause) 237M->22M(368M) 1,833ms
[3766,446s][info][gc] GC(15401) Pause Young (G1 Evacuation Pause) 237M->22M(368M) 1,957ms
[3766,698s][info][gc] GC(15402) Pause Young (G1 Evacuation Pause) 237M->22M(368M) 1,190ms
[3766,942s][info][gc] GC(15403) Pause Young (G1 Evacuation Pause) 236M->21M(368M) 1,588ms
[3767,195s][info][gc] GC(15404) Pause Young (G1 Evacuation Pause) 236M->21M(368M) 1,615ms
[3767,454s][info][gc] GC(15405) Pause Young (G1 Evacuation Pause) 236M->22M(368M) 2,268ms
[3767,713s][info][gc] GC(15406) Pause Young (G1 Evacuation Pause) 237M->22M(368M) 1,697ms
[3767,948s][info][gc] GC(15407) Pause Young (G1 Evacuation Pause) 237M->22M(368M) 1,092ms
[3768,180s][info][gc] GC(15408) Pause Young (G1 Evacuation Pause) 237M->22M(368M) 1,110ms
[3768,423s][info][gc] GC(15409) Pause Young (G1 Evacuation Pause) 236M->22M(368M) 1,750ms
[3768,678s][info][gc] GC(15410) Pause Young (G1 Evacuation Pause) 237M->21M(368M) 3,199ms
[3768,928s][info][gc] GC(15411) Pause Young (G1 Evacuation Pause) 236M->22M(368M) 1,523ms
[3769,160s][info][gc] GC(15412) Pause Young (G1 Evacuation Pause) 237M->22M(368M) 1,162ms
[3769,404s][info][gc] GC(15413) Pause Young (G1 Evacuation Pause) 237M->22M(368M) 1,484ms
[3769,637s][info][gc] GC(15414) Pause Young (G1 Evacuation Pause) 237M->23M(368M) 1,551ms
[3769,874s][info][gc] GC(15415) Pause Young (G1 Evacuation Pause) 237M->22M(368M) 3,998ms
[3770,146s][info][gc] GC(15416) Pause Young (G1 Evacuation Pause) 237M->22M(368M) 1,727ms
[3770,387s][info][gc] GC(15417) Pause Young (G1 Evacuation Pause) 237M->22M(368M) 3,839ms
[3770,641s][info][gc] GC(15418) Pause Young (G1 Evacuation Pause) 236M->21M(368M) 1,611ms
[3770,877s][info][gc] GC(15419) Pause Young (G1 Evacuation Pause) 237M->22M(368M) 1,555ms
[3771,109s][info][gc] GC(15420) Pause Young (G1 Evacuation Pause) 236M->22M(368M) 1,430ms
[3771,343s][info][gc] GC(15421) Pause Young (G1 Evacuation Pause) 237M->22M(368M) 1,522ms
[3771,590s][info][gc] GC(15422) Pause Young (G1 Evacuation Pause) 237M->22M(368M) 1,125ms
[3771,822s][info][gc] GC(15423) Pause Young (G1 Evacuation Pause) 237M->22M(368M) 1,241ms
[3772,066s][info][gc] GC(15424) Pause Young (G1 Evacuation Pause) 237M->22M(368M) 1,645ms
[3772,335s][info][gc] GC(15425) Pause Young (G1 Evacuation Pause) 236M->21M(368M) 2,292ms
[3772,589s][info][gc] GC(15426) Pause Young (G1 Evacuation Pause) 236M->22M(368M) 1,787ms
[3772,843s][info][gc] GC(15427) Pause Young (G1 Evacuation Pause) 237M->22M(368M) 1,810ms
[3773,097s][info][gc] GC(15428) Pause Young (G1 Evacuation Pause) 237M->22M(368M) 1,799ms
[3773,351s][info][gc] GC(15429) Pause Young (G1 Evacuation Pause) 237M->22M(368M) 1,740ms
[3773,612s][info][gc] GC(15430) Pause Young (G1 Evacuation Pause) 237M->23M(368M) 2,531ms
[3773,876s][info][gc] GC(15431) Pause Young (G1 Evacuation Pause) 237M->22M(368M) 3,801ms
[3774,137s][info][gc] GC(15432) Pause Young (G1 Evacuation Pause) 237M->22M(368M) 1,802ms
[3774,373s][info][gc] GC(15433) Pause Young (G1 Evacuation Pause) 237M->22M(368M) 1,098ms
[3774,605s][info][gc] GC(15434) Pause Young (G1 Evacuation Pause) 237M->22M(368M) 1,101ms
[3774,837s][info][gc] GC(15435) Pause Young (G1 Evacuation Pause) 237M->23M(368M) 1,131ms
[3775,108s][info][gc] GC(15436) Pause Young (G1 Evacuation Pause) 237M->22M(368M) 3,059ms
[3775,357s][info][gc] GC(15437) Pause Young (G1 Evacuation Pause) 237M->22M(368M) 1,893ms
[3775,589s][info][gc] GC(15438) Pause Young (G1 Evacuation Pause) 237M->22M(368M) 1,232ms
[3775,821s][info][gc] GC(15439) Pause Young (G1 Evacuation Pause) 237M->22M(368M) 1,208ms
[3776,053s][info][gc] GC(15440) Pause Young (G1 Evacuation Pause) 237M->22M(368M) 1,278ms
[3776,285s][info][gc] GC(15441) Pause Young (G1 Evacuation Pause) 236M->22M(368M) 1,178ms
[3776,539s][info][gc] GC(15442) Pause Young (G1 Evacuation Pause) 237M->22M(368M) 1,754ms
[3776,784s][info][gc] GC(15443) Pause Young (G1 Evacuation Pause) 237M->22M(368M) 1,123ms
[3777,017s][info][gc] GC(15444) Pause Young (G1 Evacuation Pause) 237M->22M(368M) 2,391ms
[3777,250s][info][gc] GC(15445) Pause Young (G1 Evacuation Pause) 236M->21M(368M) 1,253ms
[3777,484s][info][gc] GC(15446) Pause Young (G1 Evacuation Pause) 236M->21M(368M) 2,107ms
[3777,716s][info][gc] GC(15447) Pause Young (G1 Evacuation Pause) 236M->22M(368M) 1,196ms
[3777,965s][info][gc] GC(15448) Pause Young (G1 Evacuation Pause) 237M->22M(368M) 2,399ms
[3778,219s][info][gc] GC(15449) Pause Young (G1 Evacuation Pause) 237M->22M(368M) 1,761ms
[3778,458s][info][gc] GC(15450) Pause Young (G1 Evacuation Pause) 237M->22M(368M) 1,936ms
[3778,690s][info][gc] GC(15451) Pause Young (G1 Evacuation Pause) 236M->22M(368M) 1,411ms
[3778,924s][info][gc] GC(15452) Pause Young (G1 Evacuation Pause) 237M->22M(368M) 1,566ms
[3779,190s][info][gc] GC(15453) Pause Young (G1 Evacuation Pause) 237M->22M(368M) 2,715ms
[3779,470s][info][gc] GC(15454) Pause Young (G1 Evacuation Pause) 237M->22M(368M) 4,796ms
[3779,733s][info][gc] GC(15455) Pause Young (G1 Evacuation Pause) 237M->22M(368M) 2,851ms
[3779,984s][info][gc] GC(15456) Pause Young (G1 Evacuation Pause) 237M->23M(368M) 2,406ms
[3780,238s][info][gc] GC(15457) Pause Young (G1 Evacuation Pause) 237M->21M(368M) 2,055ms
[3780,471s][info][gc] GC(15458) Pause Young (G1 Evacuation Pause) 236M->22M(368M) 1,107ms
[3780,703s][info][gc] GC(15459) Pause Young (G1 Evacuation Pause) 237M->22M(368M) 1,298ms
[3780,950s][info][gc] GC(15460) Pause Young (G1 Evacuation Pause) 237M->22M(368M) 1,765ms
[3781,211s][info][gc] GC(15461) Pause Young (G1 Evacuation Pause) 237M->22M(368M) 1,760ms
[3781,465s][info][gc] GC(15462) Pause Young (G1 Evacuation Pause) 236M->22M(368M) 1,811ms
[3781,701s][info][gc] GC(15463) Pause Young (G1 Evacuation Pause) 237M->22M(368M) 2,718ms
[3781,940s][info][gc] GC(15464) Pause Young (G1 Evacuation Pause) 237M->22M(368M) 1,300ms
[3782,172s][info][gc] GC(15465) Pause Young (G1 Evacuation Pause) 237M->22M(368M) 1,129ms
[3782,404s][info][gc] GC(15466) Pause Young (G1 Evacuation Pause) 237M->22M(368M) 1,278ms
[3782,636s][info][gc] GC(15467) Pause Young (G1 Evacuation Pause) 236M->22M(368M) 1,160ms
[3782,879s][info][gc] GC(15468) Pause Young (G1 Evacuation Pause) 237M->22M(368M) 10,319ms
[3783,140s][info][gc] GC(15469) Pause Young (G1 Evacuation Pause) 237M->22M(368M) 1,658ms
[3783,400s][info][gc] GC(15470) Pause Young (G1 Evacuation Pause) 237M->22M(368M) 2,317ms
[3783,655s][info][gc] GC(15471) Pause Young (G1 Evacuation Pause) 237M->22M(368M) 4,134ms
[3783,902s][info][gc] GC(15472) Pause Young (G1 Evacuation Pause) 236M->22M(368M) 1,085ms
[3784,156s][info][gc] GC(15473) Pause Young (G1 Evacuation Pause) 237M->22M(368M) 1,693ms
[3784,413s][info][gc] GC(15474) Pause Young (G1 Evacuation Pause) 237M->22M(368M) 1,764ms
[3784,649s][info][gc] GC(15475) Pause Young (G1 Evacuation Pause) 237M->22M(368M) 1,392ms
[3784,889s][info][gc] GC(15476) Pause Young (G1 Evacuation Pause) 237M->22M(368M) 2,300ms
[3785,123s][info][gc] GC(15477) Pause Young (G1 Evacuation Pause) 236M->21M(368M) 2,368ms
[3785,357s][info][gc] GC(15478) Pause Young (G1 Evacuation Pause) 236M->21M(368M) 2,482ms
[3785,591s][info][gc] GC(15479) Pause Young (G1 Evacuation Pause) 236M->22M(368M) 2,246ms
[3785,823s][info][gc] GC(15480) Pause Young (G1 Evacuation Pause) 237M->22M(368M) 1,209ms
[3786,083s][info][gc] GC(15481) Pause Young (G1 Evacuation Pause) 237M->22M(368M) 2,333ms
[3786,320s][info][gc] GC(15482) Pause Young (G1 Evacuation Pause) 237M->23M(368M) 1,194ms
[3786,578s][info][gc] GC(15483) Pause Young (G1 Evacuation Pause) 237M->22M(368M) 1,996ms
[3786,819s][info][gc] GC(15484) Pause Young (G1 Evacuation Pause) 237M->22M(368M) 1,145ms
[3787,069s][info][gc] GC(15485) Pause Young (G1 Evacuation Pause) 237M->22M(368M) 1,236ms
[3787,302s][info][gc] GC(15486) Pause Young (G1 Evacuation Pause) 237M->22M(368M) 1,288ms
[3787,559s][info][gc] GC(15487) Pause Young (G1 Evacuation Pause) 237M->23M(368M) 1,668ms
[3787,802s][info][gc] GC(15488) Pause Young (G1 Evacuation Pause) 237M->22M(368M) 1,072ms
[3788,034s][info][gc] GC(15489) Pause Young (G1 Evacuation Pause) 237M->22M(368M) 1,189ms
[3788,266s][info][gc] GC(15490) Pause Young (G1 Evacuation Pause) 237M->22M(368M) 1,075ms
[3788,498s][info][gc] GC(15491) Pause Young (G1 Evacuation Pause) 237M->22M(368M) 1,115ms
[3788,730s][info][gc] GC(15492) Pause Young (G1 Evacuation Pause) 237M->22M(368M) 1,385ms
[3788,986s][info][gc] GC(15493) Pause Young (G1 Evacuation Pause) 236M->22M(368M) 3,282ms
[3789,266s][info][gc] GC(15494) Pause Young (G1 Evacuation Pause) 237M->22M(368M) 1,998ms
[3789,519s][info][gc] GC(15495) Pause Young (G1 Evacuation Pause) 237M->22M(368M) 1,823ms
[3789,773s][info][gc] GC(15496) Pause Young (G1 Evacuation Pause) 237M->22M(368M) 1,654ms
[3790,023s][info][gc] GC(15497) Pause Young (G1 Evacuation Pause) 237M->22M(368M) 1,216ms
[3790,285s][info][gc] GC(15498) Pause Young (G1 Evacuation Pause) 236M->22M(368M) 1,626ms
[3790,532s][info][gc] GC(15499) Pause Young (G1 Evacuation Pause) 237M->22M(368M) 1,384ms
[3790,766s][info][gc] GC(15500) Pause Young (G1 Evacuation Pause) 237M->22M(368M) 1,358ms
[3791,022s][info][gc] GC(15501) Pause Young (G1 Evacuation Pause) 237M->22M(368M) 2,613ms
[3791,263s][info][gc] GC(15502) Pause Young (G1 Evacuation Pause) 237M->22M(368M) 1,145ms
[3791,516s][info][gc] GC(15503) Pause Young (G1 Evacuation Pause) 237M->22M(368M) 4,013ms
[3791,753s][info][gc] GC(15504) Pause Young (G1 Evacuation Pause) 236M->22M(368M) 1,928ms
[3791,998s][info][gc] GC(15505) Pause Young (G1 Evacuation Pause) 237M->22M(368M) 1,913ms
[3792,230s][info][gc] GC(15506) Pause Young (G1 Evacuation Pause) 237M->22M(368M) 1,102ms
[3792,478s][info][gc] GC(15507) Pause Young (G1 Evacuation Pause) 237M->22M(368M) 1,688ms
[3792,712s][info][gc] GC(15508) Pause Young (G1 Evacuation Pause) 237M->22M(368M) 1,639ms
[3792,960s][info][gc] GC(15509) Pause Young (G1 Evacuation Pause) 236M->22M(368M) 2,095ms
[3793,214s][info][gc] GC(15510) Pause Young (G1 Evacuation Pause) 237M->22M(368M) 1,261ms
[3793,474s][info][gc] GC(15511) Pause Young (G1 Evacuation Pause) 237M->22M(368M) 1,547ms
[3793,708s][info][gc] GC(15512) Pause Young (G1 Evacuation Pause) 237M->22M(368M) 2,977ms
[3793,941s][info][gc] GC(15513) Pause Young (G1 Evacuation Pause) 237M->22M(368M) 1,135ms
[3794,173s][info][gc] GC(15514) Pause Young (G1 Evacuation Pause) 236M->22M(368M) 1,028ms
[3794,417s][info][gc] GC(15515) Pause Young (G1 Evacuation Pause) 237M->22M(368M) 1,833ms
[3794,668s][info][gc] GC(15516) Pause Young (G1 Evacuation Pause) 237M->22M(368M) 1,214ms
[3794,900s][info][gc] GC(15517) Pause Young (G1 Evacuation Pause) 237M->22M(368M) 1,138ms
[3795,132s][info][gc] GC(15518) Pause Young (G1 Evacuation Pause) 237M->22M(368M) 1,266ms
[3795,364s][info][gc] GC(15519) Pause Young (G1 Evacuation Pause) 236M->22M(368M) 1,030ms
[3795,596s][info][gc] GC(15520) Pause Young (G1 Evacuation Pause) 237M->22M(368M) 1,181ms
[3795,828s][info][gc] GC(15521) Pause Young (G1 Evacuation Pause) 237M->22M(368M) 1,089ms
[3796,072s][info][gc] GC(15522) Pause Young (G1 Evacuation Pause) 237M->22M(368M) 1,299ms
[3796,334s][info][gc] GC(15523) Pause Young (G1 Evacuation Pause) 237M->22M(368M) 3,011ms
[3796,590s][info][gc] GC(15524) Pause Young (G1 Evacuation Pause) 236M->21M(368M) 3,409ms
[3796,829s][info][gc] GC(15525) Pause Young (G1 Evacuation Pause) 236M->22M(368M) 1,105ms
[3797,088s][info][gc] GC(15526) Pause Young (G1 Evacuation Pause) 237M->22M(368M) 1,707ms
[3797,354s][info][gc] GC(15527) Pause Young (G1 Evacuation Pause) 237M->22M(368M) 1,947ms
[3797,586s][info][gc] GC(15528) Pause Young (G1 Evacuation Pause) 237M->22M(368M) 1,143ms
[3797,818s][info][gc] GC(15529) Pause Young (G1 Evacuation Pause) 237M->23M(368M) 1,287ms
[3798,082s][info][gc] GC(15530) Pause Young (G1 Evacuation Pause) 237M->22M(368M) 1,630ms
[3798,315s][info][gc] GC(15531) Pause Young (G1 Evacuation Pause) 237M->22M(368M) 1,175ms
[3798,574s][info][gc] GC(15532) Pause Young (G1 Evacuation Pause) 237M->22M(368M) 5,047ms
[3798,807s][info][gc] GC(15533) Pause Young (G1 Evacuation Pause) 237M->22M(368M) 1,367ms
[3799,064s][info][gc] GC(15534) Pause Young (G1 Evacuation Pause) 237M->22M(368M) 1,856ms
[3799,318s][info][gc] GC(15535) Pause Young (G1 Evacuation Pause) 237M->23M(368M) 1,938ms
[3799,573s][info][gc] GC(15536) Pause Young (G1 Evacuation Pause) 237M->22M(368M) 1,718ms
[3799,814s][info][gc] GC(15537) Pause Young (G1 Evacuation Pause) 237M->22M(368M) 1,181ms
[3800,063s][info][gc] GC(15538) Pause Young (G1 Evacuation Pause) 237M->22M(368M) 1,162ms
[3800,295s][info][gc] GC(15539) Pause Young (G1 Evacuation Pause) 237M->22M(368M) 1,203ms
[3800,550s][info][gc] GC(15540) Pause Young (G1 Evacuation Pause) 237M->23M(368M) 1,984ms
[3800,804s][info][gc] GC(15541) Pause Young (G1 Evacuation Pause) 237M->22M(368M) 1,579ms
[3801,042s][info][gc] GC(15542) Pause Young (G1 Evacuation Pause) 237M->22M(368M) 1,976ms
[3801,276s][info][gc] GC(15543) Pause Young (G1 Evacuation Pause) 237M->22M(368M) 1,913ms
[3801,509s][info][gc] GC(15544) Pause Young (G1 Evacuation Pause) 237M->22M(368M) 2,201ms
[3801,741s][info][gc] GC(15545) Pause Young (G1 Evacuation Pause) 237M->23M(368M) 1,125ms
[3801,974s][info][gc] GC(15546) Pause Young (G1 Evacuation Pause) 237M->22M(368M) 1,982ms
[3802,212s][info][gc] GC(15547) Pause Young (G1 Evacuation Pause) 237M->22M(368M) 1,198ms
[3802,444s][info][gc] GC(15548) Pause Young (G1 Evacuation Pause) 237M->22M(368M) 1,090ms
[3802,679s][info][gc] GC(15549) Pause Young (G1 Evacuation Pause) 237M->22M(368M) 2,927ms
[3802,937s][info][gc] GC(15550) Pause Young (G1 Evacuation Pause) 237M->22M(368M) 2,116ms
[3803,190s][info][gc] GC(15551) Pause Young (G1 Evacuation Pause) 236M->22M(368M) 2,031ms
[3803,449s][info][gc] GC(15552) Pause Young (G1 Evacuation Pause) 237M->22M(368M) 1,618ms
[3803,725s][info][gc] GC(15553) Pause Young (G1 Evacuation Pause) 237M->22M(368M) 2,639ms
[3803,978s][info][gc] GC(15554) Pause Young (G1 Evacuation Pause) 237M->22M(368M) 1,516ms
[3804,246s][info][gc] GC(15555) Pause Young (G1 Evacuation Pause) 237M->22M(368M) 2,972ms
[3804,514s][info][gc] GC(15556) Pause Young (G1 Evacuation Pause) 236M->22M(368M) 1,870ms
[3804,793s][info][gc] GC(15557) Pause Young (G1 Evacuation Pause) 237M->22M(368M) 2,198ms
[3805,076s][info][gc] GC(15558) Pause Young (G1 Evacuation Pause) 237M->22M(368M) 1,617ms
[3805,346s][info][gc] GC(15559) Pause Young (G1 Evacuation Pause) 237M->22M(368M) 3,576ms
[3805,622s][info][gc] GC(15560) Pause Young (G1 Evacuation Pause) 237M->22M(368M) 1,932ms
[3805,886s][info][gc] GC(15561) Pause Young (G1 Evacuation Pause) 236M->21M(368M) 3,015ms
[3806,157s][info][gc] GC(15562) Pause Young (G1 Evacuation Pause) 236M->22M(368M) 1,681ms
[3806,416s][info][gc] GC(15563) Pause Young (G1 Evacuation Pause) 237M->22M(368M) 1,829ms
[3806,663s][info][gc] GC(15564) Pause Young (G1 Evacuation Pause) 237M->22M(368M) 1,238ms
[3806,896s][info][gc] GC(15565) Pause Young (G1 Evacuation Pause) 237M->22M(368M) 2,251ms
[3807,128s][info][gc] GC(15566) Pause Young (G1 Evacuation Pause) 236M->22M(368M) 1,372ms
[3807,382s][info][gc] GC(15567) Pause Young (G1 Evacuation Pause) 237M->21M(368M) 3,626ms
[3807,618s][info][gc] GC(15568) Pause Young (G1 Evacuation Pause) 236M->22M(368M) 2,936ms
[3807,850s][info][gc] GC(15569) Pause Young (G1 Evacuation Pause) 237M->22M(368M) 1,254ms
[3808,083s][info][gc] GC(15570) Pause Young (G1 Evacuation Pause) 237M->22M(368M) 1,248ms
[3808,315s][info][gc] GC(15571) Pause Young (G1 Evacuation Pause) 237M->22M(368M) 1,372ms
[3808,571s][info][gc] GC(15572) Pause Young (G1 Evacuation Pause) 236M->22M(368M) 1,598ms
[3808,812s][info][gc] GC(15573) Pause Young (G1 Evacuation Pause) 237M->22M(368M) 1,106ms
[3809,068s][info][gc] GC(15574) Pause Young (G1 Evacuation Pause) 237M->22M(368M) 1,867ms
[3809,322s][info][gc] GC(15575) Pause Young (G1 Evacuation Pause) 237M->22M(368M) 1,947ms
[3809,582s][info][gc] GC(15576) Pause Young (G1 Evacuation Pause) 236M->22M(368M) 2,076ms
[3809,836s][info][gc] GC(15577) Pause Young (G1 Evacuation Pause) 237M->22M(368M) 1,929ms
[3810,075s][info][gc] GC(15578) Pause Young (G1 Evacuation Pause) 237M->22M(368M) 1,199ms
[3810,307s][info][gc] GC(15579) Pause Young (G1 Evacuation Pause) 237M->22M(368M) 1,110ms
[3810,553s][info][gc] GC(15580) Pause Young (G1 Evacuation Pause) 237M->22M(368M) 1,462ms
[3810,804s][info][gc] GC(15581) Pause Young (G1 Evacuation Pause) 237M->23M(368M) 1,777ms
[3811,063s][info][gc] GC(15582) Pause Young (G1 Evacuation Pause) 237M->22M(368M) 1,549ms
[3811,296s][info][gc] GC(15583) Pause Young (G1 Evacuation Pause) 237M->22M(368M) 1,471ms
[3811,558s][info][gc] GC(15584) Pause Young (G1 Evacuation Pause) 237M->22M(368M) 1,813ms
[3811,808s][info][gc] GC(15585) Pause Young (G1 Evacuation Pause) 237M->22M(368M) 1,133ms
[3812,059s][info][gc] GC(15586) Pause Young (G1 Evacuation Pause) 237M->22M(368M) 1,386ms
[3812,293s][info][gc] GC(15587) Pause Young (G1 Evacuation Pause) 237M->23M(368M) 1,675ms
[3812,526s][info][gc] GC(15588) Pause Young (G1 Evacuation Pause) 237M->22M(368M) 1,563ms
[3812,759s][info][gc] GC(15589) Pause Young (G1 Evacuation Pause) 237M->22M(368M) 1,566ms
[3813,009s][info][gc] GC(15590) Pause Young (G1 Evacuation Pause) 237M->22M(368M) 2,406ms
[3813,242s][info][gc] GC(15591) Pause Young (G1 Evacuation Pause) 237M->22M(368M) 1,198ms
[3813,474s][info][gc] GC(15592) Pause Young (G1 Evacuation Pause) 237M->23M(368M) 1,372ms
[3813,706s][info][gc] GC(15593) Pause Young (G1 Evacuation Pause) 237M->22M(368M) 1,172ms
[3813,950s][info][gc] GC(15594) Pause Young (G1 Evacuation Pause) 237M->22M(368M) 1,342ms
[3814,183s][info][gc] GC(15595) Pause Young (G1 Evacuation Pause) 237M->22M(368M) 1,342ms
[3814,427s][info][gc] GC(15596) Pause Young (G1 Evacuation Pause) 237M->22M(368M) 1,382ms
[3814,661s][info][gc] GC(15597) Pause Young (G1 Evacuation Pause) 237M->22M(368M) 1,651ms
[3814,903s][info][gc] GC(15598) Pause Young (G1 Evacuation Pause) 236M->22M(368M) 2,291ms
[3815,136s][info][gc] GC(15599) Pause Young (G1 Evacuation Pause) 237M->22M(368M) 1,117ms
[3815,368s][info][gc] GC(15600) Pause Young (G1 Evacuation Pause) 237M->22M(368M) 1,084ms
[3815,601s][info][gc] GC(15601) Pause Young (G1 Evacuation Pause) 237M->22M(368M) 1,915ms
[3815,833s][info][gc] GC(15602) Pause Young (G1 Evacuation Pause) 237M->22M(368M) 1,258ms
[3816,091s][info][gc] GC(15603) Pause Young (G1 Evacuation Pause) 236M->22M(368M) 1,582ms
[3816,345s][info][gc] GC(15604) Pause Young (G1 Evacuation Pause) 237M->22M(368M) 1,918ms
[3816,604s][info][gc] GC(15605) Pause Young (G1 Evacuation Pause) 237M->22M(368M) 1,197ms
[3816,836s][info][gc] GC(15606) Pause Young (G1 Evacuation Pause) 237M->22M(368M) 1,093ms
[3817,068s][info][gc] GC(15607) Pause Young (G1 Evacuation Pause) 237M->22M(368M) 1,247ms
[3817,300s][info][gc] GC(15608) Pause Young (G1 Evacuation Pause) 237M->23M(368M) 1,260ms
[3817,532s][info][gc] GC(15609) Pause Young (G1 Evacuation Pause) 237M->22M(368M) 1,176ms
[3817,764s][info][gc] GC(15610) Pause Young (G1 Evacuation Pause) 237M->22M(368M) 1,081ms
[3817,997s][info][gc] GC(15611) Pause Young (G1 Evacuation Pause) 237M->22M(368M) 1,844ms
[3818,255s][info][gc] GC(15612) Pause Young (G1 Evacuation Pause) 237M->22M(368M) 1,693ms
[3818,515s][info][gc] GC(15613) Pause Young (G1 Evacuation Pause) 236M->22M(368M) 1,711ms
[3818,758s][info][gc] GC(15614) Pause Young (G1 Evacuation Pause) 237M->22M(368M) 1,349ms
[3819,014s][info][gc] GC(15615) Pause Young (G1 Evacuation Pause) 237M->22M(368M) 2,387ms
[3819,277s][info][gc] GC(15616) Pause Young (G1 Evacuation Pause) 237M->22M(368M) 2,289ms
[3819,544s][info][gc] GC(15617) Pause Young (G1 Evacuation Pause) 237M->22M(368M) 2,330ms
[3819,796s][info][gc] GC(15618) Pause Young (G1 Evacuation Pause) 237M->22M(368M) 1,306ms
[3820,053s][info][gc] GC(15619) Pause Young (G1 Evacuation Pause) 236M->22M(368M) 1,712ms
[3820,307s][info][gc] GC(15620) Pause Young (G1 Evacuation Pause) 237M->22M(368M) 1,864ms
[3820,555s][info][gc] GC(15621) Pause Young (G1 Evacuation Pause) 237M->22M(368M) 1,226ms
[3820,788s][info][gc] GC(15622) Pause Young (G1 Evacuation Pause) 237M->22M(368M) 1,570ms
[3821,057s][info][gc] GC(15623) Pause Young (G1 Evacuation Pause) 237M->22M(368M) 1,777ms
[3821,330s][info][gc] GC(15624) Pause Young (G1 Evacuation Pause) 237M->23M(368M) 4,122ms
[3821,597s][info][gc] GC(15625) Pause Young (G1 Evacuation Pause) 237M->22M(368M) 1,839ms
[3821,850s][info][gc] GC(15626) Pause Young (G1 Evacuation Pause) 237M->22M(368M) 1,808ms
[3822,086s][info][gc] GC(15627) Pause Young (G1 Evacuation Pause) 237M->22M(368M) 1,113ms
[3822,318s][info][gc] GC(15628) Pause Young (G1 Evacuation Pause) 237M->22M(368M) 1,214ms
[3822,550s][info][gc] GC(15629) Pause Young (G1 Evacuation Pause) 237M->23M(368M) 1,342ms
[3822,803s][info][gc] GC(15630) Pause Young (G1 Evacuation Pause) 237M->22M(368M) 1,819ms
[3823,050s][info][gc] GC(15631) Pause Young (G1 Evacuation Pause) 237M->22M(368M) 1,207ms
[3823,282s][info][gc] GC(15632) Pause Young (G1 Evacuation Pause) 237M->22M(368M) 1,215ms
[3823,515s][info][gc] GC(15633) Pause Young (G1 Evacuation Pause) 237M->22M(368M) 1,864ms
[3823,747s][info][gc] GC(15634) Pause Young (G1 Evacuation Pause) 236M->22M(368M) 1,132ms
[3823,997s][info][gc] GC(15635) Pause Young (G1 Evacuation Pause) 237M->22M(368M) 1,162ms
[3824,234s][info][gc] GC(15636) Pause Young (G1 Evacuation Pause) 237M->22M(368M) 1,407ms
[3824,476s][info][gc] GC(15637) Pause Young (G1 Evacuation Pause) 237M->22M(368M) 1,285ms
[3824,709s][info][gc] GC(15638) Pause Young (G1 Evacuation Pause) 237M->22M(368M) 1,107ms
[3824,954s][info][gc] GC(15639) Pause Young (G1 Evacuation Pause) 237M->22M(368M) 1,419ms
[3825,208s][info][gc] GC(15640) Pause Young (G1 Evacuation Pause) 236M->22M(368M) 1,674ms
[3825,468s][info][gc] GC(15641) Pause Young (G1 Evacuation Pause) 237M->22M(368M) 1,714ms
[3825,722s][info][gc] GC(15642) Pause Young (G1 Evacuation Pause) 237M->22M(368M) 1,793ms
[3825,982s][info][gc] GC(15643) Pause Young (G1 Evacuation Pause) 237M->22M(368M) 2,717ms
[3826,216s][info][gc] GC(15644) Pause Young (G1 Evacuation Pause) 237M->22M(368M) 1,274ms
[3826,461s][info][gc] GC(15645) Pause Young (G1 Evacuation Pause) 236M->22M(368M) 1,794ms
[3826,719s][info][gc] GC(15646) Pause Young (G1 Evacuation Pause) 237M->22M(368M) 1,496ms
[3826,970s][info][gc] GC(15647) Pause Young (G1 Evacuation Pause) 237M->22M(368M) 2,241ms
[3827,224s][info][gc] GC(15648) Pause Young (G1 Evacuation Pause) 237M->22M(368M) 2,305ms
[3827,492s][info][gc] GC(15649) Pause Young (G1 Evacuation Pause) 237M->22M(368M) 1,729ms
[3827,749s][info][gc] GC(15650) Pause Young (G1 Evacuation Pause) 237M->23M(368M) 1,264ms
[3827,990s][info][gc] GC(15651) Pause Young (G1 Evacuation Pause) 237M->22M(368M) 4,051ms
[3828,264s][info][gc] GC(15652) Pause Young (G1 Evacuation Pause) 237M->22M(368M) 2,268ms
[3828,526s][info][gc] GC(15653) Pause Young (G1 Evacuation Pause) 237M->22M(368M) 2,321ms
[3828,760s][info][gc] GC(15654) Pause Young (G1 Evacuation Pause) 237M->22M(368M) 1,385ms
[3829,014s][info][gc] GC(15655) Pause Young (G1 Evacuation Pause) 237M->22M(368M) 1,978ms
[3829,268s][info][gc] GC(15656) Pause Young (G1 Evacuation Pause) 236M->22M(368M) 1,841ms
[3829,528s][info][gc] GC(15657) Pause Young (G1 Evacuation Pause) 237M->22M(368M) 1,806ms
[3829,782s][info][gc] GC(15658) Pause Young (G1 Evacuation Pause) 237M->22M(368M) 1,887ms
[3830,047s][info][gc] GC(15659) Pause Young (G1 Evacuation Pause) 237M->22M(368M) 3,482ms
[3830,281s][info][gc] GC(15660) Pause Young (G1 Evacuation Pause) 237M->22M(368M) 1,426ms
[3830,553s][info][gc] GC(15661) Pause Young (G1 Evacuation Pause) 236M->22M(368M) 1,453ms
[3830,786s][info][gc] GC(15662) Pause Young (G1 Evacuation Pause) 237M->22M(368M) 1,458ms
[3831,040s][info][gc] GC(15663) Pause Young (G1 Evacuation Pause) 237M->22M(368M) 1,721ms
[3831,294s][info][gc] GC(15664) Pause Young (G1 Evacuation Pause) 237M->22M(368M) 1,919ms
[3831,555s][info][gc] GC(15665) Pause Young (G1 Evacuation Pause) 237M->22M(368M) 2,072ms
[3831,801s][info][gc] GC(15666) Pause Young (G1 Evacuation Pause) 236M->22M(368M) 1,026ms
[3832,042s][info][gc] GC(15667) Pause Young (G1 Evacuation Pause) 237M->22M(368M) 1,307ms
[3832,274s][info][gc] GC(15668) Pause Young (G1 Evacuation Pause) 237M->22M(368M) 1,232ms
[3832,531s][info][gc] GC(15669) Pause Young (G1 Evacuation Pause) 237M->22M(368M) 4,171ms
[3832,786s][info][gc] GC(15670) Pause Young (G1 Evacuation Pause) 237M->22M(368M) 2,164ms
[3833,041s][info][gc] GC(15671) Pause Young (G1 Evacuation Pause) 237M->23M(368M) 2,289ms
[3833,296s][info][gc] GC(15672) Pause Young (G1 Evacuation Pause) 237M->22M(368M) 2,079ms
[3833,558s][info][gc] GC(15673) Pause Young (G1 Evacuation Pause) 237M->22M(368M) 1,788ms
[3833,826s][info][gc] GC(15674) Pause Young (G1 Evacuation Pause) 237M->22M(368M) 2,347ms
[3834,096s][info][gc] GC(15675) Pause Young (G1 Evacuation Pause) 237M->22M(368M) 1,780ms
[3834,345s][info][gc] GC(15676) Pause Young (G1 Evacuation Pause) 236M->22M(368M) 1,147ms
[3834,577s][info][gc] GC(15677) Pause Young (G1 Evacuation Pause) 237M->22M(368M) 1,015ms
[3834,828s][info][gc] GC(15678) Pause Young (G1 Evacuation Pause) 237M->22M(368M) 1,723ms
[3835,072s][info][gc] GC(15679) Pause Young (G1 Evacuation Pause) 237M->22M(368M) 1,170ms
[3835,327s][info][gc] GC(15680) Pause Young (G1 Evacuation Pause) 237M->22M(368M) 1,264ms
[3835,592s][info][gc] GC(15681) Pause Young (G1 Evacuation Pause) 237M->22M(368M) 2,348ms
[3835,842s][info][gc] GC(15682) Pause Young (G1 Evacuation Pause) 236M->22M(368M) 1,211ms
[3836,098s][info][gc] GC(15683) Pause Young (G1 Evacuation Pause) 237M->22M(368M) 1,917ms
[3836,330s][info][gc] GC(15684) Pause Young (G1 Evacuation Pause) 237M->22M(368M) 1,377ms
[3836,576s][info][gc] GC(15685) Pause Young (G1 Evacuation Pause) 237M->22M(368M) 1,554ms
[3836,808s][info][gc] GC(15686) Pause Young (G1 Evacuation Pause) 237M->22M(368M) 1,354ms
[3837,069s][info][gc] GC(15687) Pause Young (G1 Evacuation Pause) 236M->22M(368M) 1,344ms
[3837,314s][info][gc] GC(15688) Pause Young (G1 Evacuation Pause) 237M->22M(368M) 2,196ms
[3837,551s][info][gc] GC(15689) Pause Young (G1 Evacuation Pause) 237M->22M(368M) 2,758ms
[3837,783s][info][gc] GC(15690) Pause Young (G1 Evacuation Pause) 237M->22M(368M) 1,101ms
[3838,015s][info][gc] GC(15691) Pause Young (G1 Evacuation Pause) 237M->22M(368M) 1,265ms
[3838,247s][info][gc] GC(15692) Pause Young (G1 Evacuation Pause) 236M->22M(368M) 1,177ms
[3838,499s][info][gc] GC(15693) Pause Young (G1 Evacuation Pause) 237M->22M(368M) 1,736ms
[3838,753s][info][gc] GC(15694) Pause Young (G1 Evacuation Pause) 237M->22M(368M) 1,784ms
[3839,021s][info][gc] GC(15695) Pause Young (G1 Evacuation Pause) 237M->22M(368M) 2,249ms
[3839,279s][info][gc] GC(15696) Pause Young (G1 Evacuation Pause) 237M->22M(368M) 1,816ms
[3839,533s][info][gc] GC(15697) Pause Young (G1 Evacuation Pause) 237M->23M(368M) 1,961ms
[3839,783s][info][gc] GC(15698) Pause Young (G1 Evacuation Pause) 237M->22M(368M) 1,178ms
[3840,036s][info][gc] GC(15699) Pause Young (G1 Evacuation Pause) 237M->22M(368M) 1,695ms
[3840,280s][info][gc] GC(15700) Pause Young (G1 Evacuation Pause) 237M->22M(368M) 1,118ms
[3840,537s][info][gc] GC(15701) Pause Young (G1 Evacuation Pause) 237M->22M(368M) 1,805ms
[3840,773s][info][gc] GC(15702) Pause Young (G1 Evacuation Pause) 237M->22M(368M) 1,215ms
[3841,028s][info][gc] GC(15703) Pause Young (G1 Evacuation Pause) 236M->22M(368M) 1,636ms
[3841,299s][info][gc] GC(15704) Pause Young (G1 Evacuation Pause) 237M->22M(368M) 2,302ms
[3841,565s][info][gc] GC(15705) Pause Young (G1 Evacuation Pause) 237M->22M(368M) 2,291ms
[3841,811s][info][gc] GC(15706) Pause Young (G1 Evacuation Pause) 237M->22M(368M) 1,222ms
[3842,049s][info][gc] GC(15707) Pause Young (G1 Evacuation Pause) 237M->22M(368M) 1,270ms
[3842,281s][info][gc] GC(15708) Pause Young (G1 Evacuation Pause) 236M->22M(368M) 1,022ms
[3842,529s][info][gc] GC(15709) Pause Young (G1 Evacuation Pause) 237M->22M(368M) 1,062ms
[3842,761s][info][gc] GC(15710) Pause Young (G1 Evacuation Pause) 237M->22M(368M) 1,237ms
[3842,993s][info][gc] GC(15711) Pause Young (G1 Evacuation Pause) 237M->22M(368M) 1,152ms
[3843,225s][info][gc] GC(15712) Pause Young (G1 Evacuation Pause) 237M->22M(368M) 1,309ms
[3843,476s][info][gc] GC(15713) Pause Young (G1 Evacuation Pause) 236M->22M(368M) 2,284ms
[3843,730s][info][gc] GC(15714) Pause Young (G1 Evacuation Pause) 237M->22M(368M) 1,731ms
[3843,964s][info][gc] GC(15715) Pause Young (G1 Evacuation Pause) 237M->22M(368M) 1,071ms
[3844,196s][info][gc] GC(15716) Pause Young (G1 Evacuation Pause) 237M->22M(368M) 1,238ms
[3844,441s][info][gc] GC(15717) Pause Young (G1 Evacuation Pause) 237M->22M(368M) 1,691ms
[3844,695s][info][gc] GC(15718) Pause Young (G1 Evacuation Pause) 237M->23M(368M) 1,749ms
[3844,948s][info][gc] GC(15719) Pause Young (G1 Evacuation Pause) 237M->22M(368M) 1,079ms
[3845,180s][info][gc] GC(15720) Pause Young (G1 Evacuation Pause) 237M->22M(368M) 1,281ms
[3845,446s][info][gc] GC(15721) Pause Young (G1 Evacuation Pause) 237M->22M(368M) 1,780ms
[3845,680s][info][gc] GC(15722) Pause Young (G1 Evacuation Pause) 237M->22M(368M) 1,171ms
[3845,925s][info][gc] GC(15723) Pause Young (G1 Evacuation Pause) 237M->22M(368M) 1,796ms
[3846,157s][info][gc] GC(15724) Pause Young (G1 Evacuation Pause) 236M->22M(368M) 1,234ms
[3846,398s][info][gc] GC(15725) Pause Young (G1 Evacuation Pause) 237M->22M(368M) 2,461ms
[3846,641s][info][gc] GC(15726) Pause Young (G1 Evacuation Pause) 237M->22M(368M) 1,324ms
[3846,881s][info][gc] GC(15727) Pause Young (G1 Evacuation Pause) 237M->22M(368M) 4,167ms
[3847,125s][info][gc] GC(15728) Pause Young (G1 Evacuation Pause) 237M->22M(368M) 1,975ms
[3847,384s][info][gc] GC(15729) Pause Young (G1 Evacuation Pause) 236M->22M(368M) 4,800ms
[3847,641s][info][gc] GC(15730) Pause Young (G1 Evacuation Pause) 237M->22M(368M) 2,974ms
[3847,892s][info][gc] GC(15731) Pause Young (G1 Evacuation Pause) 237M->22M(368M) 2,284ms
[3848,150s][info][gc] GC(15732) Pause Young (G1 Evacuation Pause) 237M->22M(368M) 1,564ms
[3848,383s][info][gc] GC(15733) Pause Young (G1 Evacuation Pause) 237M->22M(368M) 1,515ms
[3848,616s][info][gc] GC(15734) Pause Young (G1 Evacuation Pause) 237M->23M(368M) 1,508ms
[3848,848s][info][gc] GC(15735) Pause Young (G1 Evacuation Pause) 237M->22M(368M) 1,190ms
[3849,110s][info][gc] GC(15736) Pause Young (G1 Evacuation Pause) 237M->22M(368M) 1,643ms
[3849,368s][info][gc] GC(15737) Pause Young (G1 Evacuation Pause) 237M->22M(368M) 4,277ms
[3849,628s][info][gc] GC(15738) Pause Young (G1 Evacuation Pause) 237M->22M(368M) 2,539ms
[3849,895s][info][gc] GC(15739) Pause Young (G1 Evacuation Pause) 237M->23M(368M) 3,570ms
[3850,130s][info][gc] GC(15740) Pause Young (G1 Evacuation Pause) 237M->22M(368M) 1,456ms
[3850,367s][info][gc] GC(15741) Pause Young (G1 Evacuation Pause) 237M->22M(368M) 4,162ms
[3850,643s][info][gc] GC(15742) Pause Young (G1 Evacuation Pause) 237M->22M(368M) 2,471ms
[3850,912s][info][gc] GC(15743) Pause Young (G1 Evacuation Pause) 237M->22M(368M) 2,493ms
[3851,172s][info][gc] GC(15744) Pause Young (G1 Evacuation Pause) 237M->22M(368M) 2,536ms
[3851,434s][info][gc] GC(15745) Pause Young (G1 Evacuation Pause) 236M->22M(368M) 2,409ms
[3851,686s][info][gc] GC(15746) Pause Young (G1 Evacuation Pause) 237M->22M(368M) 1,597ms
[3851,930s][info][gc] GC(15747) Pause Young (G1 Evacuation Pause) 237M->22M(368M) 1,474ms
[3852,163s][info][gc] GC(15748) Pause Young (G1 Evacuation Pause) 237M->22M(368M) 1,356ms
[3852,405s][info][gc] GC(15749) Pause Young (G1 Evacuation Pause) 237M->22M(368M) 1,491ms
[3852,637s][info][gc] GC(15750) Pause Young (G1 Evacuation Pause) 236M->22M(368M) 1,204ms
[3852,895s][info][gc] GC(15751) Pause Young (G1 Evacuation Pause) 237M->22M(368M) 1,756ms
[3853,150s][info][gc] GC(15752) Pause Young (G1 Evacuation Pause) 237M->22M(368M) 2,304ms
[3853,414s][info][gc] GC(15753) Pause Young (G1 Evacuation Pause) 237M->22M(368M) 2,469ms
[3853,679s][info][gc] GC(15754) Pause Young (G1 Evacuation Pause) 236M->21M(368M) 2,268ms
[3853,935s][info][gc] GC(15755) Pause Young (G1 Evacuation Pause) 236M->21M(368M) 1,175ms
[3854,167s][info][gc] GC(15756) Pause Young (G1 Evacuation Pause) 236M->22M(368M) 1,167ms
[3854,409s][info][gc] GC(15757) Pause Young (G1 Evacuation Pause) 237M->22M(368M) 2,401ms
[3854,663s][info][gc] GC(15758) Pause Young (G1 Evacuation Pause) 237M->22M(368M) 1,800ms
[3854,918s][info][gc] GC(15759) Pause Young (G1 Evacuation Pause) 236M->21M(368M) 1,277ms
[3855,150s][info][gc] GC(15760) Pause Young (G1 Evacuation Pause) 236M->21M(368M) 1,039ms
[3855,391s][info][gc] GC(15761) Pause Young (G1 Evacuation Pause) 236M->21M(368M) 4,754ms
[3855,668s][info][gc] GC(15762) Pause Young (G1 Evacuation Pause) 236M->22M(368M) 1,650ms
[3855,916s][info][gc] GC(15763) Pause Young (G1 Evacuation Pause) 237M->22M(368M) 1,739ms
[3856,170s][info][gc] GC(15764) Pause Young (G1 Evacuation Pause) 237M->22M(368M) 1,828ms
[3856,428s][info][gc] GC(15765) Pause Young (G1 Evacuation Pause) 237M->23M(368M) 1,563ms
[3856,660s][info][gc] GC(15766) Pause Young (G1 Evacuation Pause) 237M->22M(368M) 1,398ms
[3856,893s][info][gc] GC(15767) Pause Young (G1 Evacuation Pause) 237M->22M(368M) 1,267ms
[3857,125s][info][gc] GC(15768) Pause Young (G1 Evacuation Pause) 237M->22M(368M) 1,283ms
[3857,357s][info][gc] GC(15769) Pause Young (G1 Evacuation Pause) 237M->22M(368M) 1,177ms
[3857,589s][info][gc] GC(15770) Pause Young (G1 Evacuation Pause) 237M->22M(368M) 1,236ms
[3857,844s][info][gc] GC(15771) Pause Young (G1 Evacuation Pause) 236M->22M(368M) 1,642ms
[3858,089s][info][gc] GC(15772) Pause Young (G1 Evacuation Pause) 237M->22M(368M) 1,042ms
[3858,321s][info][gc] GC(15773) Pause Young (G1 Evacuation Pause) 237M->22M(368M) 1,199ms
[3858,577s][info][gc] GC(15774) Pause Young (G1 Evacuation Pause) 237M->22M(368M) 1,730ms
[3858,831s][info][gc] GC(15775) Pause Young (G1 Evacuation Pause) 237M->22M(368M) 1,763ms
[3859,090s][info][gc] GC(15776) Pause Young (G1 Evacuation Pause) 237M->23M(368M) 1,771ms
[3859,346s][info][gc] GC(15777) Pause Young (G1 Evacuation Pause) 237M->21M(368M) 3,417ms
[3859,615s][info][gc] GC(15778) Pause Young (G1 Evacuation Pause) 236M->22M(368M) 1,736ms
[3859,857s][info][gc] GC(15779) Pause Young (G1 Evacuation Pause) 237M->22M(368M) 1,225ms
[3860,115s][info][gc] GC(15780) Pause Young (G1 Evacuation Pause) 237M->22M(368M) 1,842ms
[3860,358s][info][gc] GC(15781) Pause Young (G1 Evacuation Pause) 237M->23M(368M) 1,544ms
[3860,593s][info][gc] GC(15782) Pause Young (G1 Evacuation Pause) 237M->22M(368M) 1,504ms
[3860,825s][info][gc] GC(15783) Pause Young (G1 Evacuation Pause) 237M->22M(368M) 1,211ms
[3861,089s][info][gc] GC(15784) Pause Young (G1 Evacuation Pause) 237M->22M(368M) 2,257ms
[3861,339s][info][gc] GC(15785) Pause Young (G1 Evacuation Pause) 237M->22M(368M) 1,151ms
[3861,606s][info][gc] GC(15786) Pause Young (G1 Evacuation Pause) 237M->23M(368M) 2,423ms
[3861,876s][info][gc] GC(15787) Pause Young (G1 Evacuation Pause) 237M->22M(368M) 3,892ms
[3862,117s][info][gc] GC(15788) Pause Young (G1 Evacuation Pause) 237M->22M(368M) 1,951ms
[3862,380s][info][gc] GC(15789) Pause Young (G1 Evacuation Pause) 237M->22M(368M) 3,238ms
[3862,634s][info][gc] GC(15790) Pause Young (G1 Evacuation Pause) 237M->22M(368M) 1,920ms
[3862,890s][info][gc] GC(15791) Pause Young (G1 Evacuation Pause) 237M->22M(368M) 2,421ms
[3863,145s][info][gc] GC(15792) Pause Young (G1 Evacuation Pause) 236M->22M(368M) 1,645ms
[3863,402s][info][gc] GC(15793) Pause Young (G1 Evacuation Pause) 237M->22M(368M) 2,367ms
[3863,636s][info][gc] GC(15794) Pause Young (G1 Evacuation Pause) 237M->22M(368M) 1,087ms
[3863,897s][info][gc] GC(15795) Pause Young (G1 Evacuation Pause) 237M->22M(368M) 1,846ms
[3864,151s][info][gc] GC(15796) Pause Young (G1 Evacuation Pause) 237M->22M(368M) 1,801ms
[3864,409s][info][gc] GC(15797) Pause Young (G1 Evacuation Pause) 236M->22M(368M) 2,354ms
[3864,656s][info][gc] GC(15798) Pause Young (G1 Evacuation Pause) 237M->22M(368M) 1,108ms
[3864,888s][info][gc] GC(15799) Pause Young (G1 Evacuation Pause) 237M->22M(368M) 1,290ms
[3865,121s][info][gc] GC(15800) Pause Young (G1 Evacuation Pause) 237M->22M(368M) 1,619ms
[3865,354s][info][gc] GC(15801) Pause Young (G1 Evacuation Pause) 237M->22M(368M) 1,421ms
[3865,603s][info][gc] GC(15802) Pause Young (G1 Evacuation Pause) 237M->23M(368M) 1,308ms
[3865,836s][info][gc] GC(15803) Pause Young (G1 Evacuation Pause) 237M->22M(368M) 1,385ms
[3866,084s][info][gc] GC(15804) Pause Young (G1 Evacuation Pause) 237M->22M(368M) 1,624ms
[3866,317s][info][gc] GC(15805) Pause Young (G1 Evacuation Pause) 237M->22M(368M) 1,426ms
[3866,582s][info][gc] GC(15806) Pause Young (G1 Evacuation Pause) 237M->22M(368M) 2,680ms
[3866,836s][info][gc] GC(15807) Pause Young (G1 Evacuation Pause) 236M->22M(368M) 1,736ms
[3867,094s][info][gc] GC(15808) Pause Young (G1 Evacuation Pause) 237M->21M(368M) 1,838ms
[3867,327s][info][gc] GC(15809) Pause Young (G1 Evacuation Pause) 236M->22M(368M) 1,067ms
[3867,583s][info][gc] GC(15810) Pause Young (G1 Evacuation Pause) 237M->22M(368M) 1,857ms
[3867,829s][info][gc] GC(15811) Pause Young (G1 Evacuation Pause) 237M->22M(368M) 1,153ms
[3868,087s][info][gc] GC(15812) Pause Young (G1 Evacuation Pause) 237M->22M(368M) 1,886ms
[3868,342s][info][gc] GC(15813) Pause Young (G1 Evacuation Pause) 236M->21M(368M) 2,911ms
[3868,598s][info][gc] GC(15814) Pause Young (G1 Evacuation Pause) 236M->22M(368M) 1,219ms
[3868,830s][info][gc] GC(15815) Pause Young (G1 Evacuation Pause) 237M->22M(368M) 1,254ms
[3869,088s][info][gc] GC(15816) Pause Young (G1 Evacuation Pause) 237M->22M(368M) 1,749ms
[3869,347s][info][gc] GC(15817) Pause Young (G1 Evacuation Pause) 237M->22M(368M) 1,747ms
[3869,606s][info][gc] GC(15818) Pause Young (G1 Evacuation Pause) 236M->22M(368M) 1,738ms
[3869,868s][info][gc] GC(15819) Pause Young (G1 Evacuation Pause) 237M->22M(368M) 1,638ms
[3870,122s][info][gc] GC(15820) Pause Young (G1 Evacuation Pause) 237M->22M(368M) 1,796ms
[3870,382s][info][gc] GC(15821) Pause Young (G1 Evacuation Pause) 237M->22M(368M) 4,412ms
[3870,638s][info][gc] GC(15822) Pause Young (G1 Evacuation Pause) 237M->22M(368M) 3,100ms
[3870,898s][info][gc] GC(15823) Pause Young (G1 Evacuation Pause) 236M->22M(368M) 2,240ms
[3871,152s][info][gc] GC(15824) Pause Young (G1 Evacuation Pause) 237M->22M(368M) 1,698ms
[3871,406s][info][gc] GC(15825) Pause Young (G1 Evacuation Pause) 237M->22M(368M) 1,843ms
[3871,642s][info][gc] GC(15826) Pause Young (G1 Evacuation Pause) 237M->22M(368M) 1,441ms
[3871,879s][info][gc] GC(15827) Pause Young (G1 Evacuation Pause) 237M->22M(368M) 4,415ms
[3872,145s][info][gc] GC(15828) Pause Young (G1 Evacuation Pause) 236M->22M(368M) 1,630ms
[3872,399s][info][gc] GC(15829) Pause Young (G1 Evacuation Pause) 237M->21M(368M) 1,835ms
[3872,653s][info][gc] GC(15830) Pause Young (G1 Evacuation Pause) 236M->22M(368M) 1,697ms
[3872,907s][info][gc] GC(15831) Pause Young (G1 Evacuation Pause) 237M->22M(368M) 1,741ms
[3873,168s][info][gc] GC(15832) Pause Young (G1 Evacuation Pause) 237M->22M(368M) 2,287ms
[3873,428s][info][gc] GC(15833) Pause Young (G1 Evacuation Pause) 237M->22M(368M) 1,894ms
[3873,675s][info][gc] GC(15834) Pause Young (G1 Evacuation Pause) 236M->22M(368M) 1,835ms
[3873,926s][info][gc] GC(15835) Pause Young (G1 Evacuation Pause) 237M->22M(368M) 1,265ms
[3874,158s][info][gc] GC(15836) Pause Young (G1 Evacuation Pause) 237M->22M(368M) 1,170ms
[3874,394s][info][gc] GC(15837) Pause Young (G1 Evacuation Pause) 237M->22M(368M) 1,114ms
[3874,627s][info][gc] GC(15838) Pause Young (G1 Evacuation Pause) 237M->22M(368M) 1,913ms
[3874,859s][info][gc] GC(15839) Pause Young (G1 Evacuation Pause) 236M->22M(368M) 1,186ms
[3875,091s][info][gc] GC(15840) Pause Young (G1 Evacuation Pause) 237M->22M(368M) 1,056ms
[3875,323s][info][gc] GC(15841) Pause Young (G1 Evacuation Pause) 237M->22M(368M) 1,107ms
[3875,582s][info][gc] GC(15842) Pause Young (G1 Evacuation Pause) 237M->22M(368M) 2,619ms
[3875,815s][info][gc] GC(15843) Pause Young (G1 Evacuation Pause) 237M->22M(368M) 1,135ms
[3876,095s][info][gc] GC(15844) Pause Young (G1 Evacuation Pause) 237M->22M(368M) 2,539ms
[3876,349s][info][gc] GC(15845) Pause Young (G1 Evacuation Pause) 236M->22M(368M) 1,753ms
[3876,603s][info][gc] GC(15846) Pause Young (G1 Evacuation Pause) 237M->22M(368M) 1,124ms
[3876,836s][info][gc] GC(15847) Pause Young (G1 Evacuation Pause) 237M->22M(368M) 1,172ms
[3877,100s][info][gc] GC(15848) Pause Young (G1 Evacuation Pause) 237M->22M(368M) 1,824ms
[3877,356s][info][gc] GC(15849) Pause Young (G1 Evacuation Pause) 237M->23M(368M) 1,766ms
[3877,613s][info][gc] GC(15850) Pause Young (G1 Evacuation Pause) 237M->21M(368M) 1,880ms
[3877,871s][info][gc] GC(15851) Pause Young (G1 Evacuation Pause) 236M->22M(368M) 3,913ms
[3878,121s][info][gc] GC(15852) Pause Young (G1 Evacuation Pause) 237M->22M(368M) 1,151ms
[3878,354s][info][gc] GC(15853) Pause Young (G1 Evacuation Pause) 237M->22M(368M) 1,986ms
[3878,586s][info][gc] GC(15854) Pause Young (G1 Evacuation Pause) 236M->21M(368M) 1,317ms
[3878,818s][info][gc] GC(15855) Pause Young (G1 Evacuation Pause) 236M->22M(368M) 1,338ms
[3879,050s][info][gc] GC(15856) Pause Young (G1 Evacuation Pause) 237M->22M(368M) 1,159ms
[3879,282s][info][gc] GC(15857) Pause Young (G1 Evacuation Pause) 237M->22M(368M) 1,404ms
[3879,541s][info][gc] GC(15858) Pause Young (G1 Evacuation Pause) 237M->22M(368M) 2,268ms
[3879,801s][info][gc] GC(15859) Pause Young (G1 Evacuation Pause) 237M->22M(368M) 1,369ms
[3880,056s][info][gc] GC(15860) Pause Young (G1 Evacuation Pause) 236M->22M(368M) 1,715ms
[3880,310s][info][gc] GC(15861) Pause Young (G1 Evacuation Pause) 237M->22M(368M) 1,838ms
[3880,579s][info][gc] GC(15862) Pause Young (G1 Evacuation Pause) 237M->22M(368M) 2,383ms
[3880,833s][info][gc] GC(15863) Pause Young (G1 Evacuation Pause) 237M->22M(368M) 1,744ms
[3881,090s][info][gc] GC(15864) Pause Young (G1 Evacuation Pause) 237M->22M(368M) 1,897ms
[3881,336s][info][gc] GC(15865) Pause Young (G1 Evacuation Pause) 236M->22M(368M) 1,522ms
[3881,600s][info][gc] GC(15866) Pause Young (G1 Evacuation Pause) 237M->22M(368M) 1,740ms
[3881,840s][info][gc] GC(15867) Pause Young (G1 Evacuation Pause) 237M->22M(368M) 1,081ms
[3882,080s][info][gc] GC(15868) Pause Young (G1 Evacuation Pause) 237M->22M(368M) 1,372ms
[3882,314s][info][gc] GC(15869) Pause Young (G1 Evacuation Pause) 237M->22M(368M) 1,497ms
[3882,566s][info][gc] GC(15870) Pause Young (G1 Evacuation Pause) 236M->21M(368M) 2,494ms
[3882,800s][info][gc] GC(15871) Pause Young (G1 Evacuation Pause) 236M->22M(368M) 1,328ms
[3883,051s][info][gc] GC(15872) Pause Young (G1 Evacuation Pause) 237M->22M(368M) 1,750ms
[3883,308s][info][gc] GC(15873) Pause Young (G1 Evacuation Pause) 237M->22M(368M) 1,813ms
[3883,573s][info][gc] GC(15874) Pause Young (G1 Evacuation Pause) 237M->22M(368M) 1,802ms
[3883,835s][info][gc] GC(15875) Pause Young (G1 Evacuation Pause) 237M->23M(368M) 1,326ms
[3884,081s][info][gc] GC(15876) Pause Young (G1 Evacuation Pause) 237M->22M(368M) 1,283ms
[3884,338s][info][gc] GC(15877) Pause Young (G1 Evacuation Pause) 237M->22M(368M) 2,786ms
[3884,599s][info][gc] GC(15878) Pause Young (G1 Evacuation Pause) 237M->22M(368M) 2,114ms
[3884,843s][info][gc] GC(15879) Pause Young (G1 Evacuation Pause) 237M->22M(368M) 1,406ms
[3885,110s][info][gc] GC(15880) Pause Young (G1 Evacuation Pause) 237M->22M(368M) 2,349ms
[3885,368s][info][gc] GC(15881) Pause Young (G1 Evacuation Pause) 236M->22M(368M) 4,124ms
[3885,623s][info][gc] GC(15882) Pause Young (G1 Evacuation Pause) 237M->22M(368M) 1,804ms
[3885,856s][info][gc] GC(15883) Pause Young (G1 Evacuation Pause) 237M->22M(368M) 1,310ms
[3886,105s][info][gc] GC(15884) Pause Young (G1 Evacuation Pause) 237M->22M(368M) 1,537ms
[3886,338s][info][gc] GC(15885) Pause Young (G1 Evacuation Pause) 237M->22M(368M) 1,434ms
[3886,600s][info][gc] GC(15886) Pause Young (G1 Evacuation Pause) 237M->23M(368M) 2,515ms
[3886,853s][info][gc] GC(15887) Pause Young (G1 Evacuation Pause) 237M->22M(368M) 1,678ms
[3887,086s][info][gc] GC(15888) Pause Young (G1 Evacuation Pause) 237M->22M(368M) 1,573ms
[3887,319s][info][gc] GC(15889) Pause Young (G1 Evacuation Pause) 237M->22M(368M) 1,620ms
[3887,552s][info][gc] GC(15890) Pause Young (G1 Evacuation Pause) 237M->22M(368M) 1,629ms
[3887,803s][info][gc] GC(15891) Pause Young (G1 Evacuation Pause) 237M->23M(368M) 1,247ms
[3888,035s][info][gc] GC(15892) Pause Young (G1 Evacuation Pause) 237M->22M(368M) 1,178ms
[3888,303s][info][gc] GC(15893) Pause Young (G1 Evacuation Pause) 237M->22M(368M) 1,891ms
[3888,557s][info][gc] GC(15894) Pause Young (G1 Evacuation Pause) 237M->22M(368M) 1,655ms
[3888,793s][info][gc] GC(15895) Pause Young (G1 Evacuation Pause) 237M->22M(368M) 1,878ms
[3889,025s][info][gc] GC(15896) Pause Young (G1 Evacuation Pause) 236M->22M(368M) 1,163ms
[3889,257s][info][gc] GC(15897) Pause Young (G1 Evacuation Pause) 237M->22M(368M) 1,220ms
[3889,510s][info][gc] GC(15898) Pause Young (G1 Evacuation Pause) 237M->22M(368M) 1,867ms
[3889,764s][info][gc] GC(15899) Pause Young (G1 Evacuation Pause) 237M->22M(368M) 1,776ms
[3890,018s][info][gc] GC(15900) Pause Young (G1 Evacuation Pause) 237M->22M(368M) 1,921ms
[3890,268s][info][gc] GC(15901) Pause Young (G1 Evacuation Pause) 237M->22M(368M) 1,132ms
[3890,534s][info][gc] GC(15902) Pause Young (G1 Evacuation Pause) 236M->22M(368M) 1,598ms
[3890,788s][info][gc] GC(15903) Pause Young (G1 Evacuation Pause) 237M->22M(368M) 1,704ms
[3891,042s][info][gc] GC(15904) Pause Young (G1 Evacuation Pause) 237M->22M(368M) 1,525ms
[3891,274s][info][gc] GC(15905) Pause Young (G1 Evacuation Pause) 237M->22M(368M) 1,242ms
[3891,528s][info][gc] GC(15906) Pause Young (G1 Evacuation Pause) 237M->22M(368M) 1,787ms
[3891,772s][info][gc] GC(15907) Pause Young (G1 Evacuation Pause) 236M->21M(368M) 2,064ms
[3892,030s][info][gc] GC(15908) Pause Young (G1 Evacuation Pause) 236M->22M(368M) 2,408ms
[3892,295s][info][gc] GC(15909) Pause Young (G1 Evacuation Pause) 237M->22M(368M) 2,269ms
[3892,528s][info][gc] GC(15910) Pause Young (G1 Evacuation Pause) 237M->22M(368M) 1,232ms
[3892,760s][info][gc] GC(15911) Pause Young (G1 Evacuation Pause) 237M->22M(368M) 1,356ms
[3893,011s][info][gc] GC(15912) Pause Young (G1 Evacuation Pause) 237M->23M(368M) 1,730ms
[3893,255s][info][gc] GC(15913) Pause Young (G1 Evacuation Pause) 237M->22M(368M) 1,093ms
[3893,526s][info][gc] GC(15914) Pause Young (G1 Evacuation Pause) 237M->22M(368M) 2,374ms
[3893,788s][info][gc] GC(15915) Pause Young (G1 Evacuation Pause) 237M->22M(368M) 1,640ms
[3894,049s][info][gc] GC(15916) Pause Young (G1 Evacuation Pause) 237M->22M(368M) 1,813ms
[3894,282s][info][gc] GC(15917) Pause Young (G1 Evacuation Pause) 237M->23M(368M) 1,245ms
[3894,534s][info][gc] GC(15918) Pause Young (G1 Evacuation Pause) 237M->22M(368M) 1,916ms
[3894,792s][info][gc] GC(15919) Pause Young (G1 Evacuation Pause) 237M->22M(368M) 3,410ms
[3895,028s][info][gc] GC(15920) Pause Young (G1 Evacuation Pause) 237M->22M(368M) 1,129ms
[3895,260s][info][gc] GC(15921) Pause Young (G1 Evacuation Pause) 237M->22M(368M) 1,170ms
[3895,499s][info][gc] GC(15922) Pause Young (G1 Evacuation Pause) 237M->22M(368M) 1,665ms
[3895,732s][info][gc] GC(15923) Pause Young (G1 Evacuation Pause) 236M->22M(368M) 1,488ms
[3895,980s][info][gc] GC(15924) Pause Young (G1 Evacuation Pause) 237M->22M(368M) 1,712ms
[3896,234s][info][gc] GC(15925) Pause Young (G1 Evacuation Pause) 237M->22M(368M) 1,933ms
[3896,492s][info][gc] GC(15926) Pause Young (G1 Evacuation Pause) 237M->22M(368M) 2,125ms
[3896,725s][info][gc] GC(15927) Pause Young (G1 Evacuation Pause) 237M->23M(368M) 1,539ms
[3896,968s][info][gc] GC(15928) Pause Young (G1 Evacuation Pause) 237M->22M(368M) 1,322ms
[3897,202s][info][gc] GC(15929) Pause Young (G1 Evacuation Pause) 237M->21M(368M) 2,028ms
[3897,436s][info][gc] GC(15930) Pause Young (G1 Evacuation Pause) 236M->22M(368M) 1,495ms
[3897,669s][info][gc] GC(15931) Pause Young (G1 Evacuation Pause) 237M->22M(368M) 1,587ms
[3897,913s][info][gc] GC(15932) Pause Young (G1 Evacuation Pause) 237M->22M(368M) 2,385ms
[3898,167s][info][gc] GC(15933) Pause Young (G1 Evacuation Pause) 236M->22M(368M) 1,635ms
[3898,426s][info][gc] GC(15934) Pause Young (G1 Evacuation Pause) 237M->22M(368M) 1,649ms
[3898,682s][info][gc] GC(15935) Pause Young (G1 Evacuation Pause) 237M->21M(368M) 3,900ms
[3898,932s][info][gc] GC(15936) Pause Young (G1 Evacuation Pause) 236M->22M(368M) 2,278ms
[3899,196s][info][gc] GC(15937) Pause Young (G1 Evacuation Pause) 237M->22M(368M) 2,491ms
[3899,458s][info][gc] GC(15938) Pause Young (G1 Evacuation Pause) 237M->22M(368M) 2,452ms
[3899,718s][info][gc] GC(15939) Pause Young (G1 Evacuation Pause) 236M->22M(368M) 2,271ms
[3899,973s][info][gc] GC(15940) Pause Young (G1 Evacuation Pause) 237M->22M(368M) 2,282ms
[3900,229s][info][gc] GC(15941) Pause Young (G1 Evacuation Pause) 237M->22M(368M) 2,189ms
[3900,488s][info][gc] GC(15942) Pause Young (G1 Evacuation Pause) 237M->22M(368M) 1,806ms
[3900,731s][info][gc] GC(15943) Pause Young (G1 Evacuation Pause) 237M->22M(368M) 1,599ms
[3900,979s][info][gc] GC(15944) Pause Young (G1 Evacuation Pause) 236M->22M(368M) 1,044ms
[3901,211s][info][gc] GC(15945) Pause Young (G1 Evacuation Pause) 237M->22M(368M) 1,136ms
[3901,443s][info][gc] GC(15946) Pause Young (G1 Evacuation Pause) 237M->22M(368M) 1,087ms
[3901,675s][info][gc] GC(15947) Pause Young (G1 Evacuation Pause) 237M->22M(368M) 1,145ms
[3901,913s][info][gc] GC(15948) Pause Young (G1 Evacuation Pause) 237M->22M(368M) 1,292ms
[3902,155s][info][gc] GC(15949) Pause Young (G1 Evacuation Pause) 236M->22M(368M) 2,455ms
[3902,396s][info][gc] GC(15950) Pause Young (G1 Evacuation Pause) 237M->22M(368M) 1,519ms
[3902,629s][info][gc] GC(15951) Pause Young (G1 Evacuation Pause) 237M->22M(368M) 2,068ms
[3902,866s][info][gc] GC(15952) Pause Young (G1 Evacuation Pause) 237M->22M(368M) 3,865ms
[3903,103s][info][gc] GC(15953) Pause Young (G1 Evacuation Pause) 237M->22M(368M) 1,128ms
[3903,369s][info][gc] GC(15954) Pause Young (G1 Evacuation Pause) 237M->23M(368M) 3,109ms
[3903,623s][info][gc] GC(15955) Pause Young (G1 Evacuation Pause) 237M->22M(368M) 1,608ms
[3903,858s][info][gc] GC(15956) Pause Young (G1 Evacuation Pause) 237M->22M(368M) 1,128ms
[3904,090s][info][gc] GC(15957) Pause Young (G1 Evacuation Pause) 237M->22M(368M) 1,284ms
[3904,322s][info][gc] GC(15958) Pause Young (G1 Evacuation Pause) 237M->22M(368M) 1,292ms
[3904,568s][info][gc] GC(15959) Pause Young (G1 Evacuation Pause) 237M->23M(368M) 1,493ms
[3904,800s][info][gc] GC(15960) Pause Young (G1 Evacuation Pause) 237M->22M(368M) 1,220ms
[3905,057s][info][gc] GC(15961) Pause Young (G1 Evacuation Pause) 237M->22M(368M) 1,688ms
[3905,311s][info][gc] GC(15962) Pause Young (G1 Evacuation Pause) 237M->22M(368M) 1,779ms
[3905,575s][info][gc] GC(15963) Pause Young (G1 Evacuation Pause) 237M->22M(368M) 1,799ms
[3905,829s][info][gc] GC(15964) Pause Young (G1 Evacuation Pause) 237M->22M(368M) 1,883ms
[3906,085s][info][gc] GC(15965) Pause Young (G1 Evacuation Pause) 236M->22M(368M) 1,590ms
[3906,339s][info][gc] GC(15966) Pause Young (G1 Evacuation Pause) 237M->22M(368M) 1,718ms
[3906,601s][info][gc] GC(15967) Pause Young (G1 Evacuation Pause) 237M->22M(368M) 1,712ms
[3906,855s][info][gc] GC(15968) Pause Young (G1 Evacuation Pause) 237M->22M(368M) 1,896ms
[3907,114s][info][gc] GC(15969) Pause Young (G1 Evacuation Pause) 237M->23M(368M) 1,904ms
[3907,352s][info][gc] GC(15970) Pause Young (G1 Evacuation Pause) 237M->21M(368M) 1,472ms
[3907,611s][info][gc] GC(15971) Pause Young (G1 Evacuation Pause) 236M->22M(368M) 1,749ms
[3907,846s][info][gc] GC(15972) Pause Young (G1 Evacuation Pause) 237M->22M(368M) 1,123ms
[3908,078s][info][gc] GC(15973) Pause Young (G1 Evacuation Pause) 237M->22M(368M) 1,235ms
[3908,329s][info][gc] GC(15974) Pause Young (G1 Evacuation Pause) 237M->22M(368M) 1,812ms
[3908,583s][info][gc] GC(15975) Pause Young (G1 Evacuation Pause) 236M->22M(368M) 1,739ms
[3908,837s][info][gc] GC(15976) Pause Young (G1 Evacuation Pause) 237M->22M(368M) 1,688ms
[3909,095s][info][gc] GC(15977) Pause Young (G1 Evacuation Pause) 237M->22M(368M) 1,809ms
[3909,349s][info][gc] GC(15978) Pause Young (G1 Evacuation Pause) 237M->22M(368M) 1,826ms
[3909,606s][info][gc] GC(15979) Pause Young (G1 Evacuation Pause) 237M->22M(368M) 2,039ms
[3909,839s][info][gc] GC(15980) Pause Young (G1 Evacuation Pause) 236M->22M(368M) 1,309ms
[3910,104s][info][gc] GC(15981) Pause Young (G1 Evacuation Pause) 237M->22M(368M) 1,665ms
[3910,358s][info][gc] GC(15982) Pause Young (G1 Evacuation Pause) 237M->22M(368M) 1,761ms
[3910,612s][info][gc] GC(15983) Pause Young (G1 Evacuation Pause) 237M->22M(368M) 1,685ms
[3910,848s][info][gc] GC(15984) Pause Young (G1 Evacuation Pause) 237M->22M(368M) 1,415ms
[3911,080s][info][gc] GC(15985) Pause Young (G1 Evacuation Pause) 237M->23M(368M) 1,277ms
[3911,312s][info][gc] GC(15986) Pause Young (G1 Evacuation Pause) 237M->22M(368M) 1,516ms
[3911,545s][info][gc] GC(15987) Pause Young (G1 Evacuation Pause) 237M->22M(368M) 1,517ms
[3911,781s][info][gc] GC(15988) Pause Young (G1 Evacuation Pause) 237M->22M(368M) 3,821ms
[3912,022s][info][gc] GC(15989) Pause Young (G1 Evacuation Pause) 237M->22M(368M) 1,328ms
[3912,255s][info][gc] GC(15990) Pause Young (G1 Evacuation Pause) 237M->22M(368M) 1,305ms
[3912,494s][info][gc] GC(15991) Pause Young (G1 Evacuation Pause) 236M->22M(368M) 1,309ms
[3912,727s][info][gc] GC(15992) Pause Young (G1 Evacuation Pause) 237M->22M(368M) 1,404ms
[3912,960s][info][gc] GC(15993) Pause Young (G1 Evacuation Pause) 237M->22M(368M) 1,344ms
[3913,218s][info][gc] GC(15994) Pause Young (G1 Evacuation Pause) 237M->22M(368M) 2,486ms
[3913,484s][info][gc] GC(15995) Pause Young (G1 Evacuation Pause) 236M->21M(368M) 2,275ms
[3913,742s][info][gc] GC(15996) Pause Young (G1 Evacuation Pause) 236M->21M(368M) 2,310ms
[3913,991s][info][gc] GC(15997) Pause Young (G1 Evacuation Pause) 236M->22M(368M) 1,338ms
[3914,225s][info][gc] GC(15998) Pause Young (G1 Evacuation Pause) 237M->22M(368M) 1,565ms
[3914,477s][info][gc] GC(15999) Pause Young (G1 Evacuation Pause) 237M->22M(368M) 2,278ms
[3914,735s][info][gc] GC(16000) Pause Young (G1 Evacuation Pause) 237M->22M(368M) 1,400ms
[3914,968s][info][gc] GC(16001) Pause Young (G1 Evacuation Pause) 237M->23M(368M) 1,203ms
[3915,217s][info][gc] GC(16002) Pause Young (G1 Evacuation Pause) 237M->22M(368M) 1,344ms
[3915,451s][info][gc] GC(16003) Pause Young (G1 Evacuation Pause) 237M->22M(368M) 1,580ms
[3915,684s][info][gc] GC(16004) Pause Young (G1 Evacuation Pause) 237M->22M(368M) 1,587ms
[3915,937s][info][gc] GC(16005) Pause Young (G1 Evacuation Pause) 237M->22M(368M) 2,482ms
[3916,198s][info][gc] GC(16006) Pause Young (G1 Evacuation Pause) 236M->22M(368M) 2,385ms
[3916,458s][info][gc] GC(16007) Pause Young (G1 Evacuation Pause) 237M->22M(368M) 1,904ms
[3916,713s][info][gc] GC(16008) Pause Young (G1 Evacuation Pause) 237M->21M(368M) 3,197ms
[3916,972s][info][gc] GC(16009) Pause Young (G1 Evacuation Pause) 236M->22M(368M) 1,674ms
[3917,231s][info][gc] GC(16010) Pause Young (G1 Evacuation Pause) 237M->22M(368M) 2,535ms
[3917,480s][info][gc] GC(16011) Pause Young (G1 Evacuation Pause) 237M->22M(368M) 2,509ms
[3917,734s][info][gc] GC(16012) Pause Young (G1 Evacuation Pause) 236M->22M(368M) 1,900ms
[3917,992s][info][gc] GC(16013) Pause Young (G1 Evacuation Pause) 237M->22M(368M) 1,745ms
[3918,246s][info][gc] GC(16014) Pause Young (G1 Evacuation Pause) 237M->22M(368M) 2,020ms
[3918,479s][info][gc] GC(16015) Pause Young (G1 Evacuation Pause) 236M->21M(368M) 1,370ms
[3918,713s][info][gc] GC(16016) Pause Young (G1 Evacuation Pause) 237M->22M(368M) 1,674ms
[3918,960s][info][gc] GC(16017) Pause Young (G1 Evacuation Pause) 236M->22M(368M) 1,672ms
[3919,214s][info][gc] GC(16018) Pause Young (G1 Evacuation Pause) 237M->21M(368M) 2,064ms
[3919,462s][info][gc] GC(16019) Pause Young (G1 Evacuation Pause) 236M->22M(368M) 1,824ms
[3919,716s][info][gc] GC(16020) Pause Young (G1 Evacuation Pause) 237M->22M(368M) 1,798ms
[3919,951s][info][gc] GC(16021) Pause Young (G1 Evacuation Pause) 237M->22M(368M) 1,304ms
[3920,184s][info][gc] GC(16022) Pause Young (G1 Evacuation Pause) 237M->23M(368M) 1,380ms
[3920,417s][info][gc] GC(16023) Pause Young (G1 Evacuation Pause) 237M->22M(368M) 2,311ms
[3920,650s][info][gc] GC(16024) Pause Young (G1 Evacuation Pause) 237M->22M(368M) 1,453ms
[3920,904s][info][gc] GC(16025) Pause Young (G1 Evacuation Pause) 237M->22M(368M) 3,998ms
[3921,159s][info][gc] GC(16026) Pause Young (G1 Evacuation Pause) 237M->22M(368M) 1,107ms
[3921,400s][info][gc] GC(16027) Pause Young (G1 Evacuation Pause) 237M->23M(368M) 1,848ms
[3921,633s][info][gc] GC(16028) Pause Young (G1 Evacuation Pause) 237M->22M(368M) 1,168ms
[3921,886s][info][gc] GC(16029) Pause Young (G1 Evacuation Pause) 237M->22M(368M) 4,951ms
[3922,119s][info][gc] GC(16030) Pause Young (G1 Evacuation Pause) 237M->22M(368M) 1,390ms
[3922,353s][info][gc] GC(16031) Pause Young (G1 Evacuation Pause) 237M->22M(368M) 1,505ms
[3922,585s][info][gc] GC(16032) Pause Young (G1 Evacuation Pause) 236M->22M(368M) 1,282ms
[3922,818s][info][gc] GC(16033) Pause Young (G1 Evacuation Pause) 237M->21M(368M) 1,365ms
[3923,077s][info][gc] GC(16034) Pause Young (G1 Evacuation Pause) 236M->22M(368M) 1,751ms
[3923,331s][info][gc] GC(16035) Pause Young (G1 Evacuation Pause) 237M->22M(368M) 1,791ms
[3923,599s][info][gc] GC(16036) Pause Young (G1 Evacuation Pause) 237M->22M(368M) 1,739ms
[3923,850s][info][gc] GC(16037) Pause Young (G1 Evacuation Pause) 237M->22M(368M) 1,461ms
[3924,117s][info][gc] GC(16038) Pause Young (G1 Evacuation Pause) 236M->22M(368M) 2,440ms
[3924,375s][info][gc] GC(16039) Pause Young (G1 Evacuation Pause) 237M->21M(368M) 2,994ms
[3924,634s][info][gc] GC(16040) Pause Young (G1 Evacuation Pause) 236M->22M(368M) 1,854ms
[3924,888s][info][gc] GC(16041) Pause Young (G1 Evacuation Pause) 237M->22M(368M) 1,869ms
[3925,127s][info][gc] GC(16042) Pause Young (G1 Evacuation Pause) 237M->22M(368M) 1,293ms
[3925,359s][info][gc] GC(16043) Pause Young (G1 Evacuation Pause) 237M->23M(368M) 1,176ms
[3925,623s][info][gc] GC(16044) Pause Young (G1 Evacuation Pause) 237M->22M(368M) 2,508ms
[3925,859s][info][gc] GC(16045) Pause Young (G1 Evacuation Pause) 237M->22M(368M) 1,564ms
[3926,092s][info][gc] GC(16046) Pause Young (G1 Evacuation Pause) 237M->22M(368M) 1,598ms
[3926,350s][info][gc] GC(16047) Pause Young (G1 Evacuation Pause) 237M->22M(368M) 2,290ms
[3926,613s][info][gc] GC(16048) Pause Young (G1 Evacuation Pause) 237M->23M(368M) 1,652ms
[3926,851s][info][gc] GC(16049) Pause Young (G1 Evacuation Pause) 237M->22M(368M) 1,904ms
[3927,113s][info][gc] GC(16050) Pause Young (G1 Evacuation Pause) 237M->22M(368M) 1,763ms
[3927,371s][info][gc] GC(16051) Pause Young (G1 Evacuation Pause) 237M->22M(368M) 4,065ms
[3927,608s][info][gc] GC(16052) Pause Young (G1 Evacuation Pause) 237M->22M(368M) 1,615ms
[3927,853s][info][gc] GC(16053) Pause Young (G1 Evacuation Pause) 236M->21M(368M) 1,078ms
[3928,114s][info][gc] GC(16054) Pause Young (G1 Evacuation Pause) 236M->21M(368M) 2,252ms
[3928,372s][info][gc] GC(16055) Pause Young (G1 Evacuation Pause) 236M->22M(368M) 1,653ms
[3928,605s][info][gc] GC(16056) Pause Young (G1 Evacuation Pause) 237M->22M(368M) 1,219ms
[3928,837s][info][gc] GC(16057) Pause Young (G1 Evacuation Pause) 237M->22M(368M) 1,356ms
[3929,099s][info][gc] GC(16058) Pause Young (G1 Evacuation Pause) 237M->22M(368M) 1,844ms
[3929,360s][info][gc] GC(16059) Pause Young (G1 Evacuation Pause) 237M->23M(368M) 1,804ms
[3929,615s][info][gc] GC(16060) Pause Young (G1 Evacuation Pause) 237M->22M(368M) 2,337ms
[3929,869s][info][gc] GC(16061) Pause Young (G1 Evacuation Pause) 237M->22M(368M) 4,566ms
[3930,154s][info][gc] GC(16062) Pause Young (G1 Evacuation Pause) 237M->22M(368M) 4,035ms
[3930,420s][info][gc] GC(16063) Pause Young (G1 Evacuation Pause) 237M->22M(368M) 1,788ms
[3930,676s][info][gc] GC(16064) Pause Young (G1 Evacuation Pause) 237M->23M(368M) 3,537ms
[3930,935s][info][gc] GC(16065) Pause Young (G1 Evacuation Pause) 237M->21M(368M) 2,634ms
[3931,198s][info][gc] GC(16066) Pause Young (G1 Evacuation Pause) 236M->22M(368M) 2,234ms
[3931,456s][info][gc] GC(16067) Pause Young (G1 Evacuation Pause) 237M->22M(368M) 1,727ms
[3931,690s][info][gc] GC(16068) Pause Young (G1 Evacuation Pause) 237M->22M(368M) 1,447ms
[3931,935s][info][gc] GC(16069) Pause Young (G1 Evacuation Pause) 237M->23M(368M) 1,208ms
[3932,180s][info][gc] GC(16070) Pause Young (G1 Evacuation Pause) 237M->22M(368M) 1,713ms
[3932,432s][info][gc] GC(16071) Pause Young (G1 Evacuation Pause) 237M->22M(368M) 1,460ms
[3932,666s][info][gc] GC(16072) Pause Young (G1 Evacuation Pause) 237M->22M(368M) 2,433ms
[3932,915s][info][gc] GC(16073) Pause Young (G1 Evacuation Pause) 237M->22M(368M) 1,793ms
[3933,149s][info][gc] GC(16074) Pause Young (G1 Evacuation Pause) 237M->22M(368M) 1,647ms
[3933,388s][info][gc] GC(16075) Pause Young (G1 Evacuation Pause) 236M->22M(368M) 2,964ms
[3933,625s][info][gc] GC(16076) Pause Young (G1 Evacuation Pause) 237M->22M(368M) 1,143ms
[3933,857s][info][gc] GC(16077) Pause Young (G1 Evacuation Pause) 237M->22M(368M) 1,272ms
[3934,090s][info][gc] GC(16078) Pause Young (G1 Evacuation Pause) 237M->22M(368M) 1,456ms
[3934,324s][info][gc] GC(16079) Pause Young (G1 Evacuation Pause) 237M->22M(368M) 1,449ms
[3934,556s][info][gc] GC(16080) Pause Young (G1 Evacuation Pause) 236M->22M(368M) 1,318ms
[3934,789s][info][gc] GC(16081) Pause Young (G1 Evacuation Pause) 237M->21M(368M) 1,284ms
[3935,028s][info][gc] GC(16082) Pause Young (G1 Evacuation Pause) 236M->22M(368M) 1,432ms
[3935,261s][info][gc] GC(16083) Pause Young (G1 Evacuation Pause) 237M->22M(368M) 1,508ms
[3935,494s][info][gc] GC(16084) Pause Young (G1 Evacuation Pause) 237M->22M(368M) 1,687ms
[3935,727s][info][gc] GC(16085) Pause Young (G1 Evacuation Pause) 236M->21M(368M) 2,038ms
[3935,967s][info][gc] GC(16086) Pause Young (G1 Evacuation Pause) 236M->21M(368M) 3,727ms
[3936,202s][info][gc] GC(16087) Pause Young (G1 Evacuation Pause) 236M->22M(368M) 1,380ms
[3936,436s][info][gc] GC(16088) Pause Young (G1 Evacuation Pause) 237M->22M(368M) 1,415ms
[3936,675s][info][gc] GC(16089) Pause Young (G1 Evacuation Pause) 237M->22M(368M) 2,688ms
[3936,933s][info][gc] GC(16090) Pause Young (G1 Evacuation Pause) 237M->23M(368M) 1,867ms
[3937,169s][info][gc] GC(16091) Pause Young (G1 Evacuation Pause) 237M->22M(368M) 1,045ms
[3937,401s][info][gc] GC(16092) Pause Young (G1 Evacuation Pause) 237M->22M(368M) 1,192ms
[3937,633s][info][gc] GC(16093) Pause Young (G1 Evacuation Pause) 237M->22M(368M) 1,364ms
[3937,878s][info][gc] GC(16094) Pause Young (G1 Evacuation Pause) 237M->22M(368M) 3,298ms
[3938,115s][info][gc] GC(16095) Pause Young (G1 Evacuation Pause) 237M->22M(368M) 1,855ms
[3938,367s][info][gc] GC(16096) Pause Young (G1 Evacuation Pause) 236M->21M(368M) 4,408ms
[3938,602s][info][gc] GC(16097) Pause Young (G1 Evacuation Pause) 236M->22M(368M) 1,354ms
[3938,836s][info][gc] GC(16098) Pause Young (G1 Evacuation Pause) 237M->22M(368M) 1,463ms
[3939,068s][info][gc] GC(16099) Pause Young (G1 Evacuation Pause) 237M->22M(368M) 1,424ms
[3939,301s][info][gc] GC(16100) Pause Young (G1 Evacuation Pause) 237M->22M(368M) 1,333ms
[3939,561s][info][gc] GC(16101) Pause Young (G1 Evacuation Pause) 236M->22M(368M) 1,727ms
[3939,817s][info][gc] GC(16102) Pause Young (G1 Evacuation Pause) 237M->22M(368M) 1,126ms
[3940,049s][info][gc] GC(16103) Pause Young (G1 Evacuation Pause) 237M->22M(368M) 1,353ms
[3940,283s][info][gc] GC(16104) Pause Young (G1 Evacuation Pause) 237M->22M(368M) 1,694ms
[3940,515s][info][gc] GC(16105) Pause Young (G1 Evacuation Pause) 237M->22M(368M) 1,263ms
[3940,760s][info][gc] GC(16106) Pause Young (G1 Evacuation Pause) 237M->23M(368M) 1,127ms
[3941,028s][info][gc] GC(16107) Pause Young (G1 Evacuation Pause) 237M->22M(368M) 1,835ms
[3941,282s][info][gc] GC(16108) Pause Young (G1 Evacuation Pause) 237M->22M(368M) 1,730ms
[3941,540s][info][gc] GC(16109) Pause Young (G1 Evacuation Pause) 237M->22M(368M) 1,705ms
[3941,794s][info][gc] GC(16110) Pause Young (G1 Evacuation Pause) 237M->22M(368M) 1,784ms
[3942,037s][info][gc] GC(16111) Pause Young (G1 Evacuation Pause) 237M->23M(368M) 1,445ms
[3942,269s][info][gc] GC(16112) Pause Young (G1 Evacuation Pause) 237M->22M(368M) 1,228ms
[3942,501s][info][gc] GC(16113) Pause Young (G1 Evacuation Pause) 237M->22M(368M) 1,294ms
[3942,733s][info][gc] GC(16114) Pause Young (G1 Evacuation Pause) 237M->22M(368M) 1,425ms
[3942,965s][info][gc] GC(16115) Pause Young (G1 Evacuation Pause) 237M->22M(368M) 1,428ms
[3943,197s][info][gc] GC(16116) Pause Young (G1 Evacuation Pause) 237M->22M(368M) 1,241ms
[3943,429s][info][gc] GC(16117) Pause Young (G1 Evacuation Pause) 236M->22M(368M) 1,404ms
[3943,662s][info][gc] GC(16118) Pause Young (G1 Evacuation Pause) 237M->22M(368M) 1,286ms
[3943,896s][info][gc] GC(16119) Pause Young (G1 Evacuation Pause) 237M->22M(368M) 2,175ms
[3944,128s][info][gc] GC(16120) Pause Young (G1 Evacuation Pause) 237M->22M(368M) 1,278ms
[3944,361s][info][gc] GC(16121) Pause Young (G1 Evacuation Pause) 237M->22M(368M) 1,246ms
[3944,593s][info][gc] GC(16122) Pause Young (G1 Evacuation Pause) 236M->22M(368M) 1,190ms
[3944,845s][info][gc] GC(16123) Pause Young (G1 Evacuation Pause) 237M->22M(368M) 1,665ms
[3945,103s][info][gc] GC(16124) Pause Young (G1 Evacuation Pause) 237M->22M(368M) 1,836ms
[3945,344s][info][gc] GC(16125) Pause Young (G1 Evacuation Pause) 237M->22M(368M) 1,376ms
[3945,578s][info][gc] GC(16126) Pause Young (G1 Evacuation Pause) 237M->22M(368M) 1,764ms
[3945,810s][info][gc] GC(16127) Pause Young (G1 Evacuation Pause) 236M->22M(368M) 1,309ms
[3946,067s][info][gc] GC(16128) Pause Young (G1 Evacuation Pause) 237M->22M(368M) 1,783ms
[3946,321s][info][gc] GC(16129) Pause Young (G1 Evacuation Pause) 237M->22M(368M) 1,691ms
[3946,554s][info][gc] GC(16130) Pause Young (G1 Evacuation Pause) 237M->22M(368M) 1,136ms
[3946,786s][info][gc] GC(16131) Pause Young (G1 Evacuation Pause) 237M->22M(368M) 1,129ms
[3947,039s][info][gc] GC(16132) Pause Young (G1 Evacuation Pause) 237M->23M(368M) 1,896ms
[3947,300s][info][gc] GC(16133) Pause Young (G1 Evacuation Pause) 237M->22M(368M) 2,395ms
[3947,550s][info][gc] GC(16134) Pause Young (G1 Evacuation Pause) 237M->22M(368M) 1,225ms
[3947,789s][info][gc] GC(16135) Pause Young (G1 Evacuation Pause) 237M->22M(368M) 1,082ms
[3948,037s][info][gc] GC(16136) Pause Young (G1 Evacuation Pause) 237M->22M(368M) 1,571ms
[3948,294s][info][gc] GC(16137) Pause Young (G1 Evacuation Pause) 237M->23M(368M) 1,975ms
[3948,541s][info][gc] GC(16138) Pause Young (G1 Evacuation Pause) 237M->22M(368M) 1,159ms
[3948,773s][info][gc] GC(16139) Pause Young (G1 Evacuation Pause) 237M->22M(368M) 1,161ms
[3949,005s][info][gc] GC(16140) Pause Young (G1 Evacuation Pause) 237M->22M(368M) 1,293ms
[3949,237s][info][gc] GC(16141) Pause Young (G1 Evacuation Pause) 237M->22M(368M) 1,208ms
[3949,470s][info][gc] GC(16142) Pause Young (G1 Evacuation Pause) 237M->22M(368M) 2,250ms
[3949,702s][info][gc] GC(16143) Pause Young (G1 Evacuation Pause) 236M->22M(368M) 1,517ms
[3949,950s][info][gc] GC(16144) Pause Young (G1 Evacuation Pause) 237M->22M(368M) 2,464ms
[3950,206s][info][gc] GC(16145) Pause Young (G1 Evacuation Pause) 237M->22M(368M) 2,245ms
[3950,457s][info][gc] GC(16146) Pause Young (G1 Evacuation Pause) 237M->22M(368M) 2,396ms
[3950,711s][info][gc] GC(16147) Pause Young (G1 Evacuation Pause) 237M->22M(368M) 1,781ms
[3950,950s][info][gc] GC(16148) Pause Young (G1 Evacuation Pause) 237M->23M(368M) 1,328ms
[3951,182s][info][gc] GC(16149) Pause Young (G1 Evacuation Pause) 237M->22M(368M) 1,093ms
[3951,424s][info][gc] GC(16150) Pause Young (G1 Evacuation Pause) 237M->22M(368M) 1,845ms
[3951,670s][info][gc] GC(16151) Pause Young (G1 Evacuation Pause) 237M->22M(368M) 1,227ms
[3951,902s][info][gc] GC(16152) Pause Young (G1 Evacuation Pause) 237M->22M(368M) 1,118ms
[3952,134s][info][gc] GC(16153) Pause Young (G1 Evacuation Pause) 237M->23M(368M) 1,226ms
[3952,399s][info][gc] GC(16154) Pause Young (G1 Evacuation Pause) 237M->22M(368M) 2,269ms
[3952,658s][info][gc] GC(16155) Pause Young (G1 Evacuation Pause) 237M->22M(368M) 1,383ms
[3952,892s][info][gc] GC(16156) Pause Young (G1 Evacuation Pause) 237M->22M(368M) 1,598ms
[3953,125s][info][gc] GC(16157) Pause Young (G1 Evacuation Pause) 237M->22M(368M) 1,411ms
[3953,385s][info][gc] GC(16158) Pause Young (G1 Evacuation Pause) 237M->23M(368M) 2,849ms
[3953,620s][info][gc] GC(16159) Pause Young (G1 Evacuation Pause) 237M->22M(368M) 1,943ms
[3953,852s][info][gc] GC(16160) Pause Young (G1 Evacuation Pause) 237M->22M(368M) 1,448ms
[3954,084s][info][gc] GC(16161) Pause Young (G1 Evacuation Pause) 237M->22M(368M) 1,377ms
[3954,316s][info][gc] GC(16162) Pause Young (G1 Evacuation Pause) 237M->22M(368M) 1,302ms
[3954,548s][info][gc] GC(16163) Pause Young (G1 Evacuation Pause) 237M->22M(368M) 1,194ms
[3954,780s][info][gc] GC(16164) Pause Young (G1 Evacuation Pause) 236M->22M(368M) 1,085ms
[3955,012s][info][gc] GC(16165) Pause Young (G1 Evacuation Pause) 237M->22M(368M) 1,473ms
[3955,246s][info][gc] GC(16166) Pause Young (G1 Evacuation Pause) 237M->22M(368M) 1,605ms
[3955,497s][info][gc] GC(16167) Pause Young (G1 Evacuation Pause) 237M->22M(368M) 2,329ms
[3955,745s][info][gc] GC(16168) Pause Young (G1 Evacuation Pause) 237M->22M(368M) 1,618ms
[3955,977s][info][gc] GC(16169) Pause Young (G1 Evacuation Pause) 237M->23M(368M) 1,343ms
[3956,209s][info][gc] GC(16170) Pause Young (G1 Evacuation Pause) 237M->22M(368M) 1,239ms
[3956,457s][info][gc] GC(16171) Pause Young (G1 Evacuation Pause) 237M->22M(368M) 2,305ms
[3956,706s][info][gc] GC(16172) Pause Young (G1 Evacuation Pause) 237M->22M(368M) 1,109ms
[3956,954s][info][gc] GC(16173) Pause Young (G1 Evacuation Pause) 237M->22M(368M) 1,696ms
[3957,215s][info][gc] GC(16174) Pause Young (G1 Evacuation Pause) 237M->23M(368M) 1,515ms
[3957,459s][info][gc] GC(16175) Pause Young (G1 Evacuation Pause) 237M->22M(368M) 2,355ms
[3957,718s][info][gc] GC(16176) Pause Young (G1 Evacuation Pause) 237M->22M(368M) 2,368ms
[3957,983s][info][gc] GC(16177) Pause Young (G1 Evacuation Pause) 237M->22M(368M) 2,437ms
[3958,235s][info][gc] GC(16178) Pause Young (G1 Evacuation Pause) 237M->22M(368M) 2,226ms
[3958,482s][info][gc] GC(16179) Pause Young (G1 Evacuation Pause) 236M->22M(368M) 1,326ms
[3958,716s][info][gc] GC(16180) Pause Young (G1 Evacuation Pause) 237M->22M(368M) 1,480ms
[3958,949s][info][gc] GC(16181) Pause Young (G1 Evacuation Pause) 237M->21M(368M) 1,569ms
[3959,182s][info][gc] GC(16182) Pause Young (G1 Evacuation Pause) 236M->22M(368M) 1,495ms
[3959,415s][info][gc] GC(16183) Pause Young (G1 Evacuation Pause) 237M->22M(368M) 1,567ms
[3959,648s][info][gc] GC(16184) Pause Young (G1 Evacuation Pause) 237M->23M(368M) 1,592ms
[3959,889s][info][gc] GC(16185) Pause Young (G1 Evacuation Pause) 237M->22M(368M) 3,953ms
[3960,150s][info][gc] GC(16186) Pause Young (G1 Evacuation Pause) 237M->22M(368M) 1,871ms
[3960,407s][info][gc] GC(16187) Pause Young (G1 Evacuation Pause) 237M->22M(368M) 1,840ms
[3960,660s][info][gc] GC(16188) Pause Young (G1 Evacuation Pause) 237M->22M(368M) 1,595ms
[3960,900s][info][gc] GC(16189) Pause Young (G1 Evacuation Pause) 237M->22M(368M) 2,396ms
[3961,134s][info][gc] GC(16190) Pause Young (G1 Evacuation Pause) 236M->22M(368M) 1,290ms
[3961,398s][info][gc] GC(16191) Pause Young (G1 Evacuation Pause) 237M->22M(368M) 1,758ms
[3961,631s][info][gc] GC(16192) Pause Young (G1 Evacuation Pause) 237M->22M(368M) 1,222ms
[3961,870s][info][gc] GC(16193) Pause Young (G1 Evacuation Pause) 237M->22M(368M) 5,979ms
[3962,129s][info][gc] GC(16194) Pause Young (G1 Evacuation Pause) 237M->22M(368M) 1,832ms
[3962,394s][info][gc] GC(16195) Pause Young (G1 Evacuation Pause) 237M->22M(368M) 2,759ms
[3962,650s][info][gc] GC(16196) Pause Young (G1 Evacuation Pause) 236M->22M(368M) 1,772ms
[3962,892s][info][gc] GC(16197) Pause Young (G1 Evacuation Pause) 237M->22M(368M) 5,584ms
[3963,158s][info][gc] GC(16198) Pause Young (G1 Evacuation Pause) 237M->22M(368M) 2,530ms
[3963,421s][info][gc] GC(16199) Pause Young (G1 Evacuation Pause) 237M->22M(368M) 1,918ms
[3963,669s][info][gc] GC(16200) Pause Young (G1 Evacuation Pause) 237M->23M(368M) 1,376ms
[3963,902s][info][gc] GC(16201) Pause Young (G1 Evacuation Pause) 237M->22M(368M) 1,051ms
[3964,145s][info][gc] GC(16202) Pause Young (G1 Evacuation Pause) 237M->22M(368M) 1,199ms
[3964,408s][info][gc] GC(16203) Pause Young (G1 Evacuation Pause) 237M->22M(368M) 2,365ms
[3964,649s][info][gc] GC(16204) Pause Young (G1 Evacuation Pause) 237M->22M(368M) 2,267ms
[3964,911s][info][gc] GC(16205) Pause Young (G1 Evacuation Pause) 237M->22M(368M) 1,391ms
[3965,143s][info][gc] GC(16206) Pause Young (G1 Evacuation Pause) 236M->22M(368M) 1,169ms
[3965,379s][info][gc] GC(16207) Pause Young (G1 Evacuation Pause) 237M->22M(368M) 1,193ms
[3965,621s][info][gc] GC(16208) Pause Young (G1 Evacuation Pause) 237M->22M(368M) 2,087ms
[3965,863s][info][gc] GC(16209) Pause Young (G1 Evacuation Pause) 237M->22M(368M) 3,224ms
[3966,096s][info][gc] GC(16210) Pause Young (G1 Evacuation Pause) 237M->22M(368M) 1,170ms
[3966,354s][info][gc] GC(16211) Pause Young (G1 Evacuation Pause) 236M->21M(368M) 2,529ms
[3966,616s][info][gc] GC(16212) Pause Young (G1 Evacuation Pause) 236M->22M(368M) 1,043ms
[3966,848s][info][gc] GC(16213) Pause Young (G1 Evacuation Pause) 237M->22M(368M) 1,324ms
[3967,080s][info][gc] GC(16214) Pause Young (G1 Evacuation Pause) 237M->22M(368M) 1,353ms
[3967,313s][info][gc] GC(16215) Pause Young (G1 Evacuation Pause) 237M->22M(368M) 1,213ms
[3967,545s][info][gc] GC(16216) Pause Young (G1 Evacuation Pause) 237M->23M(368M) 1,162ms
[3967,791s][info][gc] GC(16217) Pause Young (G1 Evacuation Pause) 237M->22M(368M) 1,049ms
[3968,054s][info][gc] GC(16218) Pause Young (G1 Evacuation Pause) 237M->22M(368M) 1,767ms
[3968,304s][info][gc] GC(16219) Pause Young (G1 Evacuation Pause) 237M->22M(368M) 1,174ms
[3968,542s][info][gc] GC(16220) Pause Young (G1 Evacuation Pause) 237M->22M(368M) 1,140ms
[3968,778s][info][gc] GC(16221) Pause Young (G1 Evacuation Pause) 237M->22M(368M) 2,193ms
[3969,024s][info][gc] GC(16222) Pause Young (G1 Evacuation Pause) 236M->22M(368M) 1,923ms
[3969,262s][info][gc] GC(16223) Pause Young (G1 Evacuation Pause) 237M->22M(368M) 1,285ms
[3969,506s][info][gc] GC(16224) Pause Young (G1 Evacuation Pause) 237M->22M(368M) 9,077ms
[3969,767s][info][gc] GC(16225) Pause Young (G1 Evacuation Pause) 237M->22M(368M) 4,660ms
[3970,006s][info][gc] GC(16226) Pause Young (G1 Evacuation Pause) 236M->21M(368M) 1,173ms
[3970,238s][info][gc] GC(16227) Pause Young (G1 Evacuation Pause) 236M->22M(368M) 1,063ms
[3970,470s][info][gc] GC(16228) Pause Young (G1 Evacuation Pause) 237M->22M(368M) 1,290ms
[3970,702s][info][gc] GC(16229) Pause Young (G1 Evacuation Pause) 237M->22M(368M) 1,104ms
[3970,934s][info][gc] GC(16230) Pause Young (G1 Evacuation Pause) 237M->22M(368M) 1,278ms
[3971,168s][info][gc] GC(16231) Pause Young (G1 Evacuation Pause) 236M->21M(368M) 1,133ms
[3971,412s][info][gc] GC(16232) Pause Young (G1 Evacuation Pause) 236M->21M(368M) 1,590ms
[3971,644s][info][gc] GC(16233) Pause Young (G1 Evacuation Pause) 236M->22M(368M) 1,214ms
[3971,890s][info][gc] GC(16234) Pause Young (G1 Evacuation Pause) 237M->22M(368M) 1,483ms
[3972,151s][info][gc] GC(16235) Pause Young (G1 Evacuation Pause) 237M->22M(368M) 3,025ms
[3972,385s][info][gc] GC(16236) Pause Young (G1 Evacuation Pause) 237M->22M(368M) 1,122ms
[3972,623s][info][gc] GC(16237) Pause Young (G1 Evacuation Pause) 236M->21M(368M) 2,018ms
[3972,883s][info][gc] GC(16238) Pause Young (G1 Evacuation Pause) 236M->21M(368M) 1,168ms
[3973,119s][info][gc] GC(16239) Pause Young (G1 Evacuation Pause) 236M->22M(368M) 1,550ms
[3973,354s][info][gc] GC(16240) Pause Young (G1 Evacuation Pause) 237M->22M(368M) 1,873ms
[3973,586s][info][gc] GC(16241) Pause Young (G1 Evacuation Pause) 237M->22M(368M) 1,174ms
[3973,819s][info][gc] GC(16242) Pause Young (G1 Evacuation Pause) 237M->23M(368M) 1,266ms
[3974,065s][info][gc] GC(16243) Pause Young (G1 Evacuation Pause) 237M->22M(368M) 2,302ms
[3974,307s][info][gc] GC(16244) Pause Young (G1 Evacuation Pause) 237M->22M(368M) 1,250ms
[3974,562s][info][gc] GC(16245) Pause Young (G1 Evacuation Pause) 237M->22M(368M) 1,657ms
[3974,808s][info][gc] GC(16246) Pause Young (G1 Evacuation Pause) 237M->22M(368M) 1,531ms
[3975,052s][info][gc] GC(16247) Pause Young (G1 Evacuation Pause) 237M->22M(368M) 2,627ms
[3975,285s][info][gc] GC(16248) Pause Young (G1 Evacuation Pause) 236M->22M(368M) 1,534ms
[3975,539s][info][gc] GC(16249) Pause Young (G1 Evacuation Pause) 237M->22M(368M) 1,685ms
[3975,788s][info][gc] GC(16250) Pause Young (G1 Evacuation Pause) 237M->22M(368M) 1,164ms
[3976,046s][info][gc] GC(16251) Pause Young (G1 Evacuation Pause) 237M->22M(368M) 2,480ms
[3976,302s][info][gc] GC(16252) Pause Young (G1 Evacuation Pause) 237M->22M(368M) 2,194ms
[3976,564s][info][gc] GC(16253) Pause Young (G1 Evacuation Pause) 236M->22M(368M) 1,719ms
[3976,818s][info][gc] GC(16254) Pause Young (G1 Evacuation Pause) 237M->22M(368M) 1,702ms
[3977,075s][info][gc] GC(16255) Pause Young (G1 Evacuation Pause) 237M->22M(368M) 1,667ms
[3977,308s][info][gc] GC(16256) Pause Young (G1 Evacuation Pause) 237M->22M(368M) 1,546ms
[3977,541s][info][gc] GC(16257) Pause Young (G1 Evacuation Pause) 237M->22M(368M) 1,637ms
[3977,773s][info][gc] GC(16258) Pause Young (G1 Evacuation Pause) 236M->22M(368M) 1,306ms
[3978,028s][info][gc] GC(16259) Pause Young (G1 Evacuation Pause) 237M->22M(368M) 1,873ms
[3978,272s][info][gc] GC(16260) Pause Young (G1 Evacuation Pause) 237M->22M(368M) 1,136ms
[3978,508s][info][gc] GC(16261) Pause Young (G1 Evacuation Pause) 237M->22M(368M) 1,116ms
[3978,740s][info][gc] GC(16262) Pause Young (G1 Evacuation Pause) 237M->22M(368M) 1,290ms
[3978,972s][info][gc] GC(16263) Pause Young (G1 Evacuation Pause) 236M->22M(368M) 1,143ms
[3979,214s][info][gc] GC(16264) Pause Young (G1 Evacuation Pause) 237M->22M(368M) 1,759ms
[3979,472s][info][gc] GC(16265) Pause Young (G1 Evacuation Pause) 237M->22M(368M) 1,862ms
[3979,710s][info][gc] GC(16266) Pause Young (G1 Evacuation Pause) 237M->22M(368M) 1,519ms
[3979,952s][info][gc] GC(16267) Pause Young (G1 Evacuation Pause) 237M->22M(368M) 1,610ms
[3980,184s][info][gc] GC(16268) Pause Young (G1 Evacuation Pause) 237M->23M(368M) 1,272ms
[3980,429s][info][gc] GC(16269) Pause Young (G1 Evacuation Pause) 237M->22M(368M) 2,186ms
[3980,683s][info][gc] GC(16270) Pause Young (G1 Evacuation Pause) 237M->22M(368M) 1,740ms
[3980,930s][info][gc] GC(16271) Pause Young (G1 Evacuation Pause) 237M->22M(368M) 1,338ms
[3981,163s][info][gc] GC(16272) Pause Young (G1 Evacuation Pause) 237M->22M(368M) 1,268ms
[3981,405s][info][gc] GC(16273) Pause Young (G1 Evacuation Pause) 237M->22M(368M) 1,220ms
[3981,660s][info][gc] GC(16274) Pause Young (G1 Evacuation Pause) 236M->22M(368M) 1,650ms
[3981,915s][info][gc] GC(16275) Pause Young (G1 Evacuation Pause) 237M->22M(368M) 2,316ms
[3982,150s][info][gc] GC(16276) Pause Young (G1 Evacuation Pause) 237M->22M(368M) 1,226ms
[3982,382s][info][gc] GC(16277) Pause Young (G1 Evacuation Pause) 237M->22M(368M) 1,384ms
[3982,614s][info][gc] GC(16278) Pause Young (G1 Evacuation Pause) 237M->22M(368M) 1,284ms
[3982,846s][info][gc] GC(16279) Pause Young (G1 Evacuation Pause) 236M->22M(368M) 1,348ms
[3983,084s][info][gc] GC(16280) Pause Young (G1 Evacuation Pause) 237M->22M(368M) 1,290ms
[3983,319s][info][gc] GC(16281) Pause Young (G1 Evacuation Pause) 237M->22M(368M) 2,429ms
[3983,559s][info][gc] GC(16282) Pause Young (G1 Evacuation Pause) 237M->22M(368M) 1,229ms
[3983,812s][info][gc] GC(16283) Pause Young (G1 Evacuation Pause) 237M->22M(368M) 1,861ms
[3984,069s][info][gc] GC(16284) Pause Young (G1 Evacuation Pause) 237M->22M(368M) 2,666ms
[3984,306s][info][gc] GC(16285) Pause Young (G1 Evacuation Pause) 236M->22M(368M) 1,296ms
[3984,541s][info][gc] GC(16286) Pause Young (G1 Evacuation Pause) 237M->22M(368M) 1,218ms
[3984,785s][info][gc] GC(16287) Pause Young (G1 Evacuation Pause) 237M->22M(368M) 1,565ms
[3985,017s][info][gc] GC(16288) Pause Young (G1 Evacuation Pause) 237M->22M(368M) 1,320ms
[3985,250s][info][gc] GC(16289) Pause Young (G1 Evacuation Pause) 237M->23M(368M) 1,363ms
[3985,496s][info][gc] GC(16290) Pause Young (G1 Evacuation Pause) 237M->22M(368M) 1,051ms
[3985,742s][info][gc] GC(16291) Pause Young (G1 Evacuation Pause) 237M->22M(368M) 1,169ms
[3985,976s][info][gc] GC(16292) Pause Young (G1 Evacuation Pause) 237M->22M(368M) 2,563ms
[3986,214s][info][gc] GC(16293) Pause Young (G1 Evacuation Pause) 237M->22M(368M) 1,147ms
[3986,446s][info][gc] GC(16294) Pause Young (G1 Evacuation Pause) 237M->22M(368M) 1,303ms
[3986,678s][info][gc] GC(16295) Pause Young (G1 Evacuation Pause) 236M->22M(368M) 1,191ms
[3986,913s][info][gc] GC(16296) Pause Young (G1 Evacuation Pause) 237M->22M(368M) 1,303ms
[3987,145s][info][gc] GC(16297) Pause Young (G1 Evacuation Pause) 237M->22M(368M) 1,270ms
[3987,377s][info][gc] GC(16298) Pause Young (G1 Evacuation Pause) 237M->22M(368M) 1,303ms
[3987,612s][info][gc] GC(16299) Pause Young (G1 Evacuation Pause) 237M->22M(368M) 2,609ms
[3987,850s][info][gc] GC(16300) Pause Young (G1 Evacuation Pause) 236M->22M(368M) 1,177ms
[3988,082s][info][gc] GC(16301) Pause Young (G1 Evacuation Pause) 237M->22M(368M) 1,191ms
[3988,314s][info][gc] GC(16302) Pause Young (G1 Evacuation Pause) 237M->22M(368M) 1,227ms
[3988,567s][info][gc] GC(16303) Pause Young (G1 Evacuation Pause) 237M->22M(368M) 2,265ms
[3988,803s][info][gc] GC(16304) Pause Young (G1 Evacuation Pause) 237M->22M(368M) 1,157ms
[3989,037s][info][gc] GC(16305) Pause Young (G1 Evacuation Pause) 236M->22M(368M) 1,180ms
[3989,269s][info][gc] GC(16306) Pause Young (G1 Evacuation Pause) 237M->22M(368M) 1,117ms
[3989,501s][info][gc] GC(16307) Pause Young (G1 Evacuation Pause) 237M->22M(368M) 1,199ms
[3989,737s][info][gc] GC(16308) Pause Young (G1 Evacuation Pause) 237M->22M(368M) 1,235ms
[3989,972s][info][gc] GC(16309) Pause Young (G1 Evacuation Pause) 237M->22M(368M) 1,128ms
[3990,204s][info][gc] GC(16310) Pause Young (G1 Evacuation Pause) 237M->23M(368M) 1,356ms
[3990,451s][info][gc] GC(16311) Pause Young (G1 Evacuation Pause) 237M->22M(368M) 1,721ms
[3990,703s][info][gc] GC(16312) Pause Young (G1 Evacuation Pause) 237M->22M(368M) 7,522ms
[3990,937s][info][gc] GC(16313) Pause Young (G1 Evacuation Pause) 237M->22M(368M) 1,089ms
[3991,174s][info][gc] GC(16314) Pause Young (G1 Evacuation Pause) 237M->22M(368M) 1,225ms
[3991,414s][info][gc] GC(16315) Pause Young (G1 Evacuation Pause) 237M->22M(368M) 3,904ms
[3991,672s][info][gc] GC(16316) Pause Young (G1 Evacuation Pause) 236M->21M(368M) 8,291ms
[3991,919s][info][gc] GC(16317) Pause Young (G1 Evacuation Pause) 236M->22M(368M) 1,143ms
[3992,165s][info][gc] GC(16318) Pause Young (G1 Evacuation Pause) 237M->22M(368M) 2,090ms
[3992,466s][info][gc] GC(16319) Pause Young (G1 Evacuation Pause) 237M->22M(368M) 6,337ms
[3992,754s][info][gc] GC(16320) Pause Young (G1 Evacuation Pause) 237M->22M(368M) 1,296ms
[3992,995s][info][gc] GC(16321) Pause Young (G1 Evacuation Pause) 236M->22M(368M) 1,039ms
[3993,242s][info][gc] GC(16322) Pause Young (G1 Evacuation Pause) 237M->21M(368M) 2,373ms
[3993,494s][info][gc] GC(16323) Pause Young (G1 Evacuation Pause) 236M->22M(368M) 2,835ms
[3993,740s][info][gc] GC(16324) Pause Young (G1 Evacuation Pause) 237M->22M(368M) 1,158ms
[3993,972s][info][gc] GC(16325) Pause Young (G1 Evacuation Pause) 237M->22M(368M) 1,391ms
[3994,223s][info][gc] GC(16326) Pause Young (G1 Evacuation Pause) 237M->23M(368M) 1,858ms
[3994,470s][info][gc] GC(16327) Pause Young (G1 Evacuation Pause) 237M->22M(368M) 1,914ms
[3994,750s][info][gc] GC(16328) Pause Young (G1 Evacuation Pause) 237M->22M(368M) 4,611ms
[3995,020s][info][gc] GC(16329) Pause Young (G1 Evacuation Pause) 237M->22M(368M) 1,729ms
[3995,271s][info][gc] GC(16330) Pause Young (G1 Evacuation Pause) 237M->22M(368M) 2,006ms
[3995,510s][info][gc] GC(16331) Pause Young (G1 Evacuation Pause) 236M->21M(368M) 1,792ms
[3995,780s][info][gc] GC(16332) Pause Young (G1 Evacuation Pause) 236M->22M(368M) 1,296ms
[3996,014s][info][gc] GC(16333) Pause Young (G1 Evacuation Pause) 237M->21M(368M) 2,059ms
[3996,260s][info][gc] GC(16334) Pause Young (G1 Evacuation Pause) 236M->22M(368M) 1,223ms
[3996,492s][info][gc] GC(16335) Pause Young (G1 Evacuation Pause) 237M->22M(368M) 1,228ms
[3996,724s][info][gc] GC(16336) Pause Young (G1 Evacuation Pause) 237M->22M(368M) 1,177ms
[3996,964s][info][gc] GC(16337) Pause Young (G1 Evacuation Pause) 236M->22M(368M) 1,152ms
[3997,196s][info][gc] GC(16338) Pause Young (G1 Evacuation Pause) 237M->22M(368M) 1,146ms
[3997,443s][info][gc] GC(16339) Pause Young (G1 Evacuation Pause) 237M->22M(368M) 2,318ms
[3997,684s][info][gc] GC(16340) Pause Young (G1 Evacuation Pause) 237M->22M(368M) 1,373ms
[3997,926s][info][gc] GC(16341) Pause Young (G1 Evacuation Pause) 237M->22M(368M) 1,266ms
[3998,158s][info][gc] GC(16342) Pause Young (G1 Evacuation Pause) 236M->22M(368M) 1,282ms
[3998,399s][info][gc] GC(16343) Pause Young (G1 Evacuation Pause) 237M->22M(368M) 1,704ms
[3998,632s][info][gc] GC(16344) Pause Young (G1 Evacuation Pause) 237M->22M(368M) 1,124ms
[3998,864s][info][gc] GC(16345) Pause Young (G1 Evacuation Pause) 237M->22M(368M) 1,173ms
[3999,096s][info][gc] GC(16346) Pause Young (G1 Evacuation Pause) 237M->22M(368M) 1,178ms
[3999,335s][info][gc] GC(16347) Pause Young (G1 Evacuation Pause) 237M->23M(368M) 2,627ms
[3999,591s][info][gc] GC(16348) Pause Young (G1 Evacuation Pause) 237M->22M(368M) 1,953ms
[3999,823s][info][gc] GC(16349) Pause Young (G1 Evacuation Pause) 237M->22M(368M) 1,198ms
[4000,082s][info][gc] GC(16350) Pause Young (G1 Evacuation Pause) 237M->22M(368M) 1,759ms
[4000,316s][info][gc] GC(16351) Pause Young (G1 Evacuation Pause) 237M->22M(368M) 1,577ms
[4000,548s][info][gc] GC(16352) Pause Young (G1 Evacuation Pause) 237M->23M(368M) 1,298ms
[4000,780s][info][gc] GC(16353) Pause Young (G1 Evacuation Pause) 237M->22M(368M) 1,193ms
[4001,046s][info][gc] GC(16354) Pause Young (G1 Evacuation Pause) 237M->22M(368M) 1,902ms
[4001,283s][info][gc] GC(16355) Pause Young (G1 Evacuation Pause) 237M->22M(368M) 2,004ms
[4001,515s][info][gc] GC(16356) Pause Young (G1 Evacuation Pause) 237M->22M(368M) 1,141ms
[4001,747s][info][gc] GC(16357) Pause Young (G1 Evacuation Pause) 237M->22M(368M) 1,119ms
[4001,996s][info][gc] GC(16358) Pause Young (G1 Evacuation Pause) 236M->22M(368M) 1,541ms
[4002,240s][info][gc] GC(16359) Pause Young (G1 Evacuation Pause) 237M->22M(368M) 1,744ms
[4002,491s][info][gc] GC(16360) Pause Young (G1 Evacuation Pause) 237M->22M(368M) 1,358ms
[4002,747s][info][gc] GC(16361) Pause Young (G1 Evacuation Pause) 237M->22M(368M) 2,252ms
[4003,009s][info][gc] GC(16362) Pause Young (G1 Evacuation Pause) 236M->21M(368M) 3,990ms
[4003,273s][info][gc] GC(16363) Pause Young (G1 Evacuation Pause) 236M->22M(368M) 1,181ms
[4003,532s][info][gc] GC(16364) Pause Young (G1 Evacuation Pause) 237M->22M(368M) 1,234ms
[4003,764s][info][gc] GC(16365) Pause Young (G1 Evacuation Pause) 237M->22M(368M) 1,274ms
[4004,009s][info][gc] GC(16366) Pause Young (G1 Evacuation Pause) 237M->22M(368M) 1,382ms
[4004,253s][info][gc] GC(16367) Pause Young (G1 Evacuation Pause) 237M->23M(368M) 1,723ms
[4004,496s][info][gc] GC(16368) Pause Young (G1 Evacuation Pause) 237M->22M(368M) 1,439ms
[4004,729s][info][gc] GC(16369) Pause Young (G1 Evacuation Pause) 237M->22M(368M) 1,289ms
[4004,979s][info][gc] GC(16370) Pause Young (G1 Evacuation Pause) 237M->22M(368M) 1,778ms
[4005,224s][info][gc] GC(16371) Pause Young (G1 Evacuation Pause) 237M->22M(368M) 2,135ms
[4005,457s][info][gc] GC(16372) Pause Young (G1 Evacuation Pause) 237M->22M(368M) 1,228ms
[4005,690s][info][gc] GC(16373) Pause Young (G1 Evacuation Pause) 237M->22M(368M) 2,017ms
[4005,930s][info][gc] GC(16374) Pause Young (G1 Evacuation Pause) 236M->22M(368M) 1,240ms
[4006,163s][info][gc] GC(16375) Pause Young (G1 Evacuation Pause) 237M->22M(368M) 1,235ms
[4006,405s][info][gc] GC(16376) Pause Young (G1 Evacuation Pause) 237M->22M(368M) 1,510ms
[4006,681s][info][gc] GC(16377) Pause Young (G1 Evacuation Pause) 237M->22M(368M) 1,262ms
[4006,935s][info][gc] GC(16378) Pause Young (G1 Evacuation Pause) 237M->22M(368M) 1,861ms
[4007,202s][info][gc] GC(16379) Pause Young (G1 Evacuation Pause) 236M->21M(368M) 4,623ms
[4007,470s][info][gc] GC(16380) Pause Young (G1 Evacuation Pause) 236M->22M(368M) 1,230ms
[4007,729s][info][gc] GC(16381) Pause Young (G1 Evacuation Pause) 237M->22M(368M) 1,755ms
[4007,993s][info][gc] GC(16382) Pause Young (G1 Evacuation Pause) 237M->22M(368M) 1,678ms
[4008,240s][info][gc] GC(16383) Pause Young (G1 Evacuation Pause) 237M->22M(368M) 2,356ms
[4008,496s][info][gc] GC(16384) Pause Young (G1 Evacuation Pause) 236M->21M(368M) 2,375ms
[4008,741s][info][gc] GC(16385) Pause Young (G1 Evacuation Pause) 236M->22M(368M) 2,205ms
[4008,976s][info][gc] GC(16386) Pause Young (G1 Evacuation Pause) 237M->22M(368M) 2,595ms
[4009,212s][info][gc] GC(16387) Pause Young (G1 Evacuation Pause) 237M->22M(368M) 1,579ms
[4009,467s][info][gc] GC(16388) Pause Young (G1 Evacuation Pause) 237M->22M(368M) 2,369ms
[4009,716s][info][gc] GC(16389) Pause Young (G1 Evacuation Pause) 237M->23M(368M) 1,881ms
[4009,971s][info][gc] GC(16390) Pause Young (G1 Evacuation Pause) 237M->22M(368M) 1,786ms
[4010,223s][info][gc] GC(16391) Pause Young (G1 Evacuation Pause) 237M->22M(368M) 6,185ms
[4010,486s][info][gc] GC(16392) Pause Young (G1 Evacuation Pause) 237M->22M(368M) 7,477ms
[4010,730s][info][gc] GC(16393) Pause Young (G1 Evacuation Pause) 237M->22M(368M) 2,179ms
[4010,978s][info][gc] GC(16394) Pause Young (G1 Evacuation Pause) 236M->22M(368M) 1,909ms
[4011,210s][info][gc] GC(16395) Pause Young (G1 Evacuation Pause) 237M->22M(368M) 1,199ms
[4011,469s][info][gc] GC(16396) Pause Young (G1 Evacuation Pause) 237M->22M(368M) 5,290ms
[4011,734s][info][gc] GC(16397) Pause Young (G1 Evacuation Pause) 237M->22M(368M) 1,129ms
[4011,979s][info][gc] GC(16398) Pause Young (G1 Evacuation Pause) 237M->22M(368M) 3,650ms
[4012,234s][info][gc] GC(16399) Pause Young (G1 Evacuation Pause) 236M->21M(368M) 2,203ms
[4012,474s][info][gc] GC(16400) Pause Young (G1 Evacuation Pause) 236M->21M(368M) 4,398ms
[4012,708s][info][gc] GC(16401) Pause Young (G1 Evacuation Pause) 236M->22M(368M) 1,153ms
[4012,950s][info][gc] GC(16402) Pause Young (G1 Evacuation Pause) 237M->22M(368M) 2,111ms
[4013,193s][info][gc] GC(16403) Pause Young (G1 Evacuation Pause) 237M->22M(368M) 2,009ms
[4013,488s][info][gc] GC(16404) Pause Young (G1 Evacuation Pause) 237M->23M(368M) 4,997ms
[4013,824s][info][gc] GC(16405) Pause Young (G1 Evacuation Pause) 237M->22M(368M) 4,288ms
[4014,123s][info][gc] GC(16406) Pause Young (G1 Evacuation Pause) 237M->22M(368M) 3,706ms
[4014,420s][info][gc] GC(16407) Pause Young (G1 Evacuation Pause) 237M->22M(368M) 1,421ms
[4014,674s][info][gc] GC(16408) Pause Young (G1 Evacuation Pause) 237M->22M(368M) 1,463ms
[4014,916s][info][gc] GC(16409) Pause Young (G1 Evacuation Pause) 237M->22M(368M) 1,432ms
[4015,148s][info][gc] GC(16410) Pause Young (G1 Evacuation Pause) 236M->22M(368M) 1,063ms
[4015,389s][info][gc] GC(16411) Pause Young (G1 Evacuation Pause) 237M->22M(368M) 4,003ms
[4015,646s][info][gc] GC(16412) Pause Young (G1 Evacuation Pause) 237M->22M(368M) 1,118ms
[4015,891s][info][gc] GC(16413) Pause Young (G1 Evacuation Pause) 237M->22M(368M) 1,346ms
[4016,141s][info][gc] GC(16414) Pause Young (G1 Evacuation Pause) 237M->22M(368M) 1,246ms
[4016,385s][info][gc] GC(16415) Pause Young (G1 Evacuation Pause) 237M->22M(368M) 2,613ms
[4016,623s][info][gc] GC(16416) Pause Young (G1 Evacuation Pause) 236M->22M(368M) 1,262ms
[4016,870s][info][gc] GC(16417) Pause Young (G1 Evacuation Pause) 237M->22M(368M) 1,414ms
[4017,111s][info][gc] GC(16418) Pause Young (G1 Evacuation Pause) 237M->22M(368M) 1,104ms
[4017,345s][info][gc] GC(16419) Pause Young (G1 Evacuation Pause) 237M->22M(368M) 1,269ms
[4017,590s][info][gc] GC(16420) Pause Young (G1 Evacuation Pause) 237M->22M(368M) 2,863ms
[4017,838s][info][gc] GC(16421) Pause Young (G1 Evacuation Pause) 236M->22M(368M) 2,098ms
[4018,077s][info][gc] GC(16422) Pause Young (G1 Evacuation Pause) 237M->22M(368M) 1,176ms
[4018,311s][info][gc] GC(16423) Pause Young (G1 Evacuation Pause) 237M->22M(368M) 1,114ms
[4018,557s][info][gc] GC(16424) Pause Young (G1 Evacuation Pause) 237M->22M(368M) 2,407ms
[4018,794s][info][gc] GC(16425) Pause Young (G1 Evacuation Pause) 237M->22M(368M) 2,058ms
[4019,042s][info][gc] GC(16426) Pause Young (G1 Evacuation Pause) 236M->21M(368M) 2,980ms
[4019,286s][info][gc] GC(16427) Pause Young (G1 Evacuation Pause) 236M->22M(368M) 4,486ms
[4019,537s][info][gc] GC(16428) Pause Young (G1 Evacuation Pause) 237M->22M(368M) 2,202ms
[4019,836s][info][gc] GC(16429) Pause Young (G1 Evacuation Pause) 237M->22M(368M) 7,640ms
[4020,122s][info][gc] GC(16430) Pause Young (G1 Evacuation Pause) 237M->22M(368M) 1,444ms
[4020,427s][info][gc] GC(16431) Pause Young (G1 Evacuation Pause) 236M->21M(368M) 3,456ms
[4020,697s][info][gc] GC(16432) Pause Young (G1 Evacuation Pause) 236M->21M(368M) 4,389ms
[4020,969s][info][gc] GC(16433) Pause Young (G1 Evacuation Pause) 236M->21M(368M) 5,765ms
[4021,241s][info][gc] GC(16434) Pause Young (G1 Evacuation Pause) 236M->22M(368M) 4,204ms
[4021,500s][info][gc] GC(16435) Pause Young (G1 Evacuation Pause) 237M->22M(368M) 1,731ms
[4021,769s][info][gc] GC(16436) Pause Young (G1 Evacuation Pause) 236M->21M(368M) 2,375ms
[4022,064s][info][gc] GC(16437) Pause Young (G1 Evacuation Pause) 236M->22M(368M) 1,755ms
[4022,330s][info][gc] GC(16438) Pause Young (G1 Evacuation Pause) 237M->22M(368M) 2,012ms
[4022,587s][info][gc] GC(16439) Pause Young (G1 Evacuation Pause) 237M->22M(368M) 1,757ms
[4022,847s][info][gc] GC(16440) Pause Young (G1 Evacuation Pause) 237M->22M(368M) 3,101ms
[4023,102s][info][gc] GC(16441) Pause Young (G1 Evacuation Pause) 236M->22M(368M) 1,699ms
[4023,362s][info][gc] GC(16442) Pause Young (G1 Evacuation Pause) 237M->21M(368M) 2,818ms
[4023,623s][info][gc] GC(16443) Pause Young (G1 Evacuation Pause) 236M->22M(368M) 1,723ms
[4023,884s][info][gc] GC(16444) Pause Young (G1 Evacuation Pause) 237M->22M(368M) 3,311ms
[4024,165s][info][gc] GC(16445) Pause Young (G1 Evacuation Pause) 237M->22M(368M) 2,365ms
[4024,437s][info][gc] GC(16446) Pause Young (G1 Evacuation Pause) 236M->21M(368M) 7,251ms
[4024,708s][info][gc] GC(16447) Pause Young (G1 Evacuation Pause) 236M->21M(368M) 1,510ms
[4024,948s][info][gc] GC(16448) Pause Young (G1 Evacuation Pause) 236M->22M(368M) 1,081ms
[4025,239s][info][gc] GC(16449) Pause Young (G1 Evacuation Pause) 237M->22M(368M) 2,403ms
[4025,521s][info][gc] GC(16450) Pause Young (G1 Evacuation Pause) 237M->22M(368M) 2,739ms
[4025,796s][info][gc] GC(16451) Pause Young (G1 Evacuation Pause) 237M->22M(368M) 3,881ms
[4026,066s][info][gc] GC(16452) Pause Young (G1 Evacuation Pause) 236M->22M(368M) 1,495ms
[4026,304s][info][gc] GC(16453) Pause Young (G1 Evacuation Pause) 237M->22M(368M) 1,188ms
[4026,544s][info][gc] GC(16454) Pause Young (G1 Evacuation Pause) 237M->22M(368M) 3,981ms
[4026,786s][info][gc] GC(16455) Pause Young (G1 Evacuation Pause) 237M->22M(368M) 1,460ms
[4027,019s][info][gc] GC(16456) Pause Young (G1 Evacuation Pause) 237M->22M(368M) 1,278ms
[4027,251s][info][gc] GC(16457) Pause Young (G1 Evacuation Pause) 237M->23M(368M) 1,209ms
[4027,503s][info][gc] GC(16458) Pause Young (G1 Evacuation Pause) 237M->22M(368M) 2,190ms
[4027,742s][info][gc] GC(16459) Pause Young (G1 Evacuation Pause) 237M->22M(368M) 1,394ms
[4027,975s][info][gc] GC(16460) Pause Young (G1 Evacuation Pause) 237M->22M(368M) 1,128ms
[4028,228s][info][gc] GC(16461) Pause Young (G1 Evacuation Pause) 237M->22M(368M) 1,238ms
[4028,487s][info][gc] GC(16462) Pause Young (G1 Evacuation Pause) 237M->23M(368M) 1,925ms
[4028,726s][info][gc] GC(16463) Pause Young (G1 Evacuation Pause) 237M->22M(368M) 1,493ms
[4028,979s][info][gc] GC(16464) Pause Young (G1 Evacuation Pause) 237M->22M(368M) 1,236ms
[4029,212s][info][gc] GC(16465) Pause Young (G1 Evacuation Pause) 237M->22M(368M) 1,330ms
[4029,455s][info][gc] GC(16466) Pause Young (G1 Evacuation Pause) 237M->22M(368M) 1,543ms
[4029,688s][info][gc] GC(16467) Pause Young (G1 Evacuation Pause) 237M->22M(368M) 1,465ms
[4029,931s][info][gc] GC(16468) Pause Young (G1 Evacuation Pause) 236M->22M(368M) 1,060ms
[4030,172s][info][gc] GC(16469) Pause Young (G1 Evacuation Pause) 237M->22M(368M) 2,279ms
[4030,433s][info][gc] GC(16470) Pause Young (G1 Evacuation Pause) 237M->22M(368M) 3,211ms
[4030,673s][info][gc] GC(16471) Pause Young (G1 Evacuation Pause) 237M->22M(368M) 1,249ms
[4030,930s][info][gc] GC(16472) Pause Young (G1 Evacuation Pause) 237M->22M(368M) 4,460ms
[4031,186s][info][gc] GC(16473) Pause Young (G1 Evacuation Pause) 236M->22M(368M) 1,833ms
[4031,457s][info][gc] GC(16474) Pause Young (G1 Evacuation Pause) 237M->22M(368M) 1,780ms
[4031,709s][info][gc] GC(16475) Pause Young (G1 Evacuation Pause) 237M->22M(368M) 2,331ms
[4031,955s][info][gc] GC(16476) Pause Young (G1 Evacuation Pause) 237M->22M(368M) 1,262ms
[4032,211s][info][gc] GC(16477) Pause Young (G1 Evacuation Pause) 237M->22M(368M) 1,269ms
[4032,460s][info][gc] GC(16478) Pause Young (G1 Evacuation Pause) 237M->23M(368M) 1,564ms
[4032,692s][info][gc] GC(16479) Pause Young (G1 Evacuation Pause) 237M->22M(368M) 1,330ms
[4032,944s][info][gc] GC(16480) Pause Young (G1 Evacuation Pause) 237M->22M(368M) 1,271ms
[4033,190s][info][gc] GC(16481) Pause Young (G1 Evacuation Pause) 237M->22M(368M) 1,938ms
[4033,439s][info][gc] GC(16482) Pause Young (G1 Evacuation Pause) 237M->22M(368M) 1,944ms
[4033,707s][info][gc] GC(16483) Pause Young (G1 Evacuation Pause) 236M->22M(368M) 1,770ms
[4033,965s][info][gc] GC(16484) Pause Young (G1 Evacuation Pause) 237M->22M(368M) 1,189ms
[4034,222s][info][gc] GC(16485) Pause Young (G1 Evacuation Pause) 237M->22M(368M) 2,337ms
[4034,484s][info][gc] GC(16486) Pause Young (G1 Evacuation Pause) 237M->22M(368M) 3,218ms
[4034,740s][info][gc] GC(16487) Pause Young (G1 Evacuation Pause) 236M->21M(368M) 4,170ms
[4035,001s][info][gc] GC(16488) Pause Young (G1 Evacuation Pause) 236M->21M(368M) 1,344ms
[4035,234s][info][gc] GC(16489) Pause Young (G1 Evacuation Pause) 236M->22M(368M) 1,311ms
[4035,479s][info][gc] GC(16490) Pause Young (G1 Evacuation Pause) 237M->22M(368M) 1,521ms
[4035,711s][info][gc] GC(16491) Pause Young (G1 Evacuation Pause) 237M->22M(368M) 1,368ms
[4035,953s][info][gc] GC(16492) Pause Young (G1 Evacuation Pause) 237M->22M(368M) 1,115ms
[4036,185s][info][gc] GC(16493) Pause Young (G1 Evacuation Pause) 237M->22M(368M) 1,236ms
[4036,450s][info][gc] GC(16494) Pause Young (G1 Evacuation Pause) 236M->22M(368M) 1,546ms
[4036,683s][info][gc] GC(16495) Pause Young (G1 Evacuation Pause) 237M->22M(368M) 1,473ms
[4036,925s][info][gc] GC(16496) Pause Young (G1 Evacuation Pause) 237M->22M(368M) 1,269ms
[4037,157s][info][gc] GC(16497) Pause Young (G1 Evacuation Pause) 237M->22M(368M) 1,260ms
[4037,402s][info][gc] GC(16498) Pause Young (G1 Evacuation Pause) 237M->22M(368M) 4,222ms
[4037,659s][info][gc] GC(16499) Pause Young (G1 Evacuation Pause) 236M->22M(368M) 1,673ms
[4037,915s][info][gc] GC(16500) Pause Young (G1 Evacuation Pause) 237M->21M(368M) 2,945ms
[4038,147s][info][gc] GC(16501) Pause Young (G1 Evacuation Pause) 236M->22M(368M) 1,256ms
[4038,386s][info][gc] GC(16502) Pause Young (G1 Evacuation Pause) 237M->22M(368M) 2,375ms
[4038,621s][info][gc] GC(16503) Pause Young (G1 Evacuation Pause) 237M->22M(368M) 1,517ms
[4038,855s][info][gc] GC(16504) Pause Young (G1 Evacuation Pause) 237M->22M(368M) 2,776ms
[4039,087s][info][gc] GC(16505) Pause Young (G1 Evacuation Pause) 236M->22M(368M) 1,022ms
[4039,319s][info][gc] GC(16506) Pause Young (G1 Evacuation Pause) 237M->22M(368M) 1,204ms
[4039,551s][info][gc] GC(16507) Pause Young (G1 Evacuation Pause) 237M->22M(368M) 1,259ms
[4039,783s][info][gc] GC(16508) Pause Young (G1 Evacuation Pause) 237M->22M(368M) 1,172ms
[4040,016s][info][gc] GC(16509) Pause Young (G1 Evacuation Pause) 237M->23M(368M) 1,487ms
[4040,249s][info][gc] GC(16510) Pause Young (G1 Evacuation Pause) 237M->22M(368M) 1,270ms
[4040,482s][info][gc] GC(16511) Pause Young (G1 Evacuation Pause) 237M->22M(368M) 1,321ms
[4040,727s][info][gc] GC(16512) Pause Young (G1 Evacuation Pause) 237M->22M(368M) 2,424ms
[4040,986s][info][gc] GC(16513) Pause Young (G1 Evacuation Pause) 237M->22M(368M) 2,432ms
[4041,238s][info][gc] GC(16514) Pause Young (G1 Evacuation Pause) 237M->22M(368M) 1,326ms
[4041,472s][info][gc] GC(16515) Pause Young (G1 Evacuation Pause) 236M->21M(368M) 2,122ms
[4041,717s][info][gc] GC(16516) Pause Young (G1 Evacuation Pause) 236M->22M(368M) 3,814ms
[4041,959s][info][gc] GC(16517) Pause Young (G1 Evacuation Pause) 237M->22M(368M) 1,521ms
[4042,216s][info][gc] GC(16518) Pause Young (G1 Evacuation Pause) 237M->22M(368M) 1,982ms
[4042,448s][info][gc] GC(16519) Pause Young (G1 Evacuation Pause) 237M->22M(368M) 1,123ms
[4042,693s][info][gc] GC(16520) Pause Young (G1 Evacuation Pause) 237M->23M(368M) 1,303ms
[4042,956s][info][gc] GC(16521) Pause Young (G1 Evacuation Pause) 237M->22M(368M) 3,915ms
[4043,194s][info][gc] GC(16522) Pause Young (G1 Evacuation Pause) 237M->22M(368M) 1,140ms
[4043,433s][info][gc] GC(16523) Pause Young (G1 Evacuation Pause) 237M->22M(368M) 1,365ms
[4043,672s][info][gc] GC(16524) Pause Young (G1 Evacuation Pause) 237M->22M(368M) 1,271ms
[4043,913s][info][gc] GC(16525) Pause Young (G1 Evacuation Pause) 237M->22M(368M) 2,636ms
[4044,152s][info][gc] GC(16526) Pause Young (G1 Evacuation Pause) 236M->22M(368M) 1,056ms
[4044,425s][info][gc] GC(16527) Pause Young (G1 Evacuation Pause) 237M->22M(368M) 2,142ms
[4044,680s][info][gc] GC(16528) Pause Young (G1 Evacuation Pause) 237M->22M(368M) 5,523ms
[4044,933s][info][gc] GC(16529) Pause Young (G1 Evacuation Pause) 237M->22M(368M) 1,161ms
[4045,185s][info][gc] GC(16530) Pause Young (G1 Evacuation Pause) 237M->22M(368M) 2,154ms
[4045,442s][info][gc] GC(16531) Pause Young (G1 Evacuation Pause) 236M->22M(368M) 4,627ms
[4045,696s][info][gc] GC(16532) Pause Young (G1 Evacuation Pause) 237M->22M(368M) 5,525ms
[4045,964s][info][gc] GC(16533) Pause Young (G1 Evacuation Pause) 237M->22M(368M) 1,517ms
[4046,203s][info][gc] GC(16534) Pause Young (G1 Evacuation Pause) 237M->22M(368M) 1,417ms
[4046,437s][info][gc] GC(16535) Pause Young (G1 Evacuation Pause) 237M->22M(368M) 1,187ms
[4046,670s][info][gc] GC(16536) Pause Young (G1 Evacuation Pause) 236M->22M(368M) 1,137ms
[4046,902s][info][gc] GC(16537) Pause Young (G1 Evacuation Pause) 237M->22M(368M) 1,274ms
[4047,134s][info][gc] GC(16538) Pause Young (G1 Evacuation Pause) 237M->22M(368M) 1,435ms
[4047,374s][info][gc] GC(16539) Pause Young (G1 Evacuation Pause) 237M->22M(368M) 1,242ms
[4047,617s][info][gc] GC(16540) Pause Young (G1 Evacuation Pause) 237M->22M(368M) 2,342ms
[4047,867s][info][gc] GC(16541) Pause Young (G1 Evacuation Pause) 237M->23M(368M) 1,701ms
[4048,111s][info][gc] GC(16542) Pause Young (G1 Evacuation Pause) 237M->22M(368M) 1,052ms
[4048,358s][info][gc] GC(16543) Pause Young (G1 Evacuation Pause) 237M->22M(368M) 2,244ms
[4048,608s][info][gc] GC(16544) Pause Young (G1 Evacuation Pause) 237M->22M(368M) 1,640ms
[4048,841s][info][gc] GC(16545) Pause Young (G1 Evacuation Pause) 237M->22M(368M) 1,294ms
[4049,100s][info][gc] GC(16546) Pause Young (G1 Evacuation Pause) 236M->22M(368M) 1,517ms
[4049,348s][info][gc] GC(16547) Pause Young (G1 Evacuation Pause) 237M->21M(368M) 1,433ms
[4049,590s][info][gc] GC(16548) Pause Young (G1 Evacuation Pause) 236M->22M(368M) 1,469ms
[4049,832s][info][gc] GC(16549) Pause Young (G1 Evacuation Pause) 237M->22M(368M) 2,293ms
[4050,069s][info][gc] GC(16550) Pause Young (G1 Evacuation Pause) 237M->22M(368M) 1,594ms
[4050,323s][info][gc] GC(16551) Pause Young (G1 Evacuation Pause) 237M->23M(368M) 1,447ms
[4050,569s][info][gc] GC(16552) Pause Young (G1 Evacuation Pause) 237M->22M(368M) 4,505ms
[4050,821s][info][gc] GC(16553) Pause Young (G1 Evacuation Pause) 237M->22M(368M) 4,760ms
[4051,112s][info][gc] GC(16554) Pause Young (G1 Evacuation Pause) 237M->22M(368M) 1,729ms
[4051,369s][info][gc] GC(16555) Pause Young (G1 Evacuation Pause) 237M->22M(368M) 3,041ms
[4051,627s][info][gc] GC(16556) Pause Young (G1 Evacuation Pause) 237M->22M(368M) 1,920ms
[4051,877s][info][gc] GC(16557) Pause Young (G1 Evacuation Pause) 236M->22M(368M) 3,990ms
[4052,134s][info][gc] GC(16558) Pause Young (G1 Evacuation Pause) 237M->22M(368M) 1,859ms
[4052,393s][info][gc] GC(16559) Pause Young (G1 Evacuation Pause) 237M->22M(368M) 2,267ms
[4052,636s][info][gc] GC(16560) Pause Young (G1 Evacuation Pause) 237M->22M(368M) 1,167ms
[4052,873s][info][gc] GC(16561) Pause Young (G1 Evacuation Pause) 237M->22M(368M) 3,949ms
[4053,126s][info][gc] GC(16562) Pause Young (G1 Evacuation Pause) 237M->23M(368M) 1,279ms
[4053,358s][info][gc] GC(16563) Pause Young (G1 Evacuation Pause) 237M->22M(368M) 1,171ms
[4053,626s][info][gc] GC(16564) Pause Young (G1 Evacuation Pause) 237M->22M(368M) 1,787ms
[4053,880s][info][gc] GC(16565) Pause Young (G1 Evacuation Pause) 237M->22M(368M) 4,222ms
[4054,126s][info][gc] GC(16566) Pause Young (G1 Evacuation Pause) 237M->22M(368M) 2,793ms
[4054,387s][info][gc] GC(16567) Pause Young (G1 Evacuation Pause) 236M->22M(368M) 1,623ms
[4054,621s][info][gc] GC(16568) Pause Young (G1 Evacuation Pause) 237M->22M(368M) 1,057ms
[4054,881s][info][gc] GC(16569) Pause Young (G1 Evacuation Pause) 237M->21M(368M) 2,061ms
[4055,119s][info][gc] GC(16570) Pause Young (G1 Evacuation Pause) 236M->22M(368M) 1,195ms
[4055,351s][info][gc] GC(16571) Pause Young (G1 Evacuation Pause) 237M->22M(368M) 1,295ms
[4055,587s][info][gc] GC(16572) Pause Young (G1 Evacuation Pause) 237M->22M(368M) 1,570ms
[4055,826s][info][gc] GC(16573) Pause Young (G1 Evacuation Pause) 236M->22M(368M) 1,348ms
[4056,064s][info][gc] GC(16574) Pause Young (G1 Evacuation Pause) 237M->22M(368M) 2,056ms
[4056,297s][info][gc] GC(16575) Pause Young (G1 Evacuation Pause) 237M->22M(368M) 1,255ms
[4056,534s][info][gc] GC(16576) Pause Young (G1 Evacuation Pause) 237M->22M(368M) 2,681ms
[4056,768s][info][gc] GC(16577) Pause Young (G1 Evacuation Pause) 237M->23M(368M) 1,262ms
[4057,000s][info][gc] GC(16578) Pause Young (G1 Evacuation Pause) 237M->21M(368M) 1,126ms
[4057,232s][info][gc] GC(16579) Pause Young (G1 Evacuation Pause) 236M->22M(368M) 1,125ms
[4057,465s][info][gc] GC(16580) Pause Young (G1 Evacuation Pause) 237M->22M(368M) 1,227ms
[4057,708s][info][gc] GC(16581) Pause Young (G1 Evacuation Pause) 237M->22M(368M) 1,476ms
[4057,941s][info][gc] GC(16582) Pause Young (G1 Evacuation Pause) 237M->22M(368M) 1,402ms
[4058,174s][info][gc] GC(16583) Pause Young (G1 Evacuation Pause) 236M->22M(368M) 1,116ms
[4058,413s][info][gc] GC(16584) Pause Young (G1 Evacuation Pause) 237M->22M(368M) 1,068ms
[4058,668s][info][gc] GC(16585) Pause Young (G1 Evacuation Pause) 237M->22M(368M) 1,269ms
[4058,901s][info][gc] GC(16586) Pause Young (G1 Evacuation Pause) 237M->22M(368M) 1,116ms
[4059,145s][info][gc] GC(16587) Pause Young (G1 Evacuation Pause) 237M->22M(368M) 1,637ms
[4059,384s][info][gc] GC(16588) Pause Young (G1 Evacuation Pause) 237M->23M(368M) 4,168ms
[4059,641s][info][gc] GC(16589) Pause Young (G1 Evacuation Pause) 237M->22M(368M) 3,433ms
[4059,894s][info][gc] GC(16590) Pause Young (G1 Evacuation Pause) 237M->22M(368M) 1,209ms
[4060,126s][info][gc] GC(16591) Pause Young (G1 Evacuation Pause) 237M->22M(368M) 1,136ms
[4060,358s][info][gc] GC(16592) Pause Young (G1 Evacuation Pause) 237M->22M(368M) 1,156ms
[4060,614s][info][gc] GC(16593) Pause Young (G1 Evacuation Pause) 237M->23M(368M) 1,497ms
[4060,857s][info][gc] GC(16594) Pause Young (G1 Evacuation Pause) 237M->22M(368M) 1,978ms
[4061,102s][info][gc] GC(16595) Pause Young (G1 Evacuation Pause) 237M->22M(368M) 1,156ms
[4061,334s][info][gc] GC(16596) Pause Young (G1 Evacuation Pause) 237M->22M(368M) 1,153ms
[4061,574s][info][gc] GC(16597) Pause Young (G1 Evacuation Pause) 237M->22M(368M) 1,171ms
[4061,806s][info][gc] GC(16598) Pause Young (G1 Evacuation Pause) 237M->22M(368M) 1,284ms
[4062,040s][info][gc] GC(16599) Pause Young (G1 Evacuation Pause) 236M->22M(368M) 1,000ms
[4062,272s][info][gc] GC(16600) Pause Young (G1 Evacuation Pause) 237M->22M(368M) 1,062ms
[4062,514s][info][gc] GC(16601) Pause Young (G1 Evacuation Pause) 237M->22M(368M) 2,256ms
[4062,754s][info][gc] GC(16602) Pause Young (G1 Evacuation Pause) 237M->22M(368M) 1,471ms
[4062,998s][info][gc] GC(16603) Pause Young (G1 Evacuation Pause) 237M->22M(368M) 2,036ms
[4063,252s][info][gc] GC(16604) Pause Young (G1 Evacuation Pause) 236M->21M(368M) 1,745ms
[4063,501s][info][gc] GC(16605) Pause Young (G1 Evacuation Pause) 236M->21M(368M) 3,920ms
[4063,741s][info][gc] GC(16606) Pause Young (G1 Evacuation Pause) 236M->22M(368M) 1,061ms
[4063,973s][info][gc] GC(16607) Pause Young (G1 Evacuation Pause) 237M->22M(368M) 1,223ms
[4064,206s][info][gc] GC(16608) Pause Young (G1 Evacuation Pause) 237M->22M(368M) 1,173ms
[4064,452s][info][gc] GC(16609) Pause Young (G1 Evacuation Pause) 237M->23M(368M) 1,566ms
[4064,685s][info][gc] GC(16610) Pause Young (G1 Evacuation Pause) 237M->22M(368M) 1,417ms
[4064,918s][info][gc] GC(16611) Pause Young (G1 Evacuation Pause) 237M->22M(368M) 1,154ms
[4065,161s][info][gc] GC(16612) Pause Young (G1 Evacuation Pause) 237M->22M(368M) 1,937ms
[4065,401s][info][gc] GC(16613) Pause Young (G1 Evacuation Pause) 237M->22M(368M) 1,891ms
[4065,638s][info][gc] GC(16614) Pause Young (G1 Evacuation Pause) 236M->22M(368M) 1,479ms
[4065,871s][info][gc] GC(16615) Pause Young (G1 Evacuation Pause) 237M->22M(368M) 1,152ms
[4066,112s][info][gc] GC(16616) Pause Young (G1 Evacuation Pause) 237M->22M(368M) 1,172ms
[4066,359s][info][gc] GC(16617) Pause Young (G1 Evacuation Pause) 237M->22M(368M) 3,301ms
[4066,603s][info][gc] GC(16618) Pause Young (G1 Evacuation Pause) 237M->22M(368M) 1,862ms
[4066,842s][info][gc] GC(16619) Pause Young (G1 Evacuation Pause) 237M->23M(368M) 1,335ms
[4067,086s][info][gc] GC(16620) Pause Young (G1 Evacuation Pause) 237M->22M(368M) 1,413ms
[4067,321s][info][gc] GC(16621) Pause Young (G1 Evacuation Pause) 237M->22M(368M) 2,636ms
[4067,553s][info][gc] GC(16622) Pause Young (G1 Evacuation Pause) 237M->22M(368M) 1,395ms
[4067,786s][info][gc] GC(16623) Pause Young (G1 Evacuation Pause) 237M->22M(368M) 1,401ms
[4068,020s][info][gc] GC(16624) Pause Young (G1 Evacuation Pause) 237M->22M(368M) 1,628ms
[4068,252s][info][gc] GC(16625) Pause Young (G1 Evacuation Pause) 236M->22M(368M) 1,104ms
[4068,516s][info][gc] GC(16626) Pause Young (G1 Evacuation Pause) 237M->22M(368M) 1,850ms
[4068,765s][info][gc] GC(16627) Pause Young (G1 Evacuation Pause) 237M->22M(368M) 1,107ms
[4069,001s][info][gc] GC(16628) Pause Young (G1 Evacuation Pause) 237M->22M(368M) 1,125ms
[4069,243s][info][gc] GC(16629) Pause Young (G1 Evacuation Pause) 237M->22M(368M) 1,261ms
[4069,504s][info][gc] GC(16630) Pause Young (G1 Evacuation Pause) 236M->22M(368M) 1,813ms
[4069,756s][info][gc] GC(16631) Pause Young (G1 Evacuation Pause) 237M->22M(368M) 1,694ms
[4070,001s][info][gc] GC(16632) Pause Young (G1 Evacuation Pause) 237M->22M(368M) 1,089ms
[4070,241s][info][gc] GC(16633) Pause Young (G1 Evacuation Pause) 237M->22M(368M) 2,283ms
[4070,500s][info][gc] GC(16634) Pause Young (G1 Evacuation Pause) 237M->22M(368M) 1,747ms
[4070,745s][info][gc] GC(16635) Pause Young (G1 Evacuation Pause) 237M->22M(368M) 1,581ms
[4071,000s][info][gc] GC(16636) Pause Young (G1 Evacuation Pause) 236M->22M(368M) 7,236ms
[4071,233s][info][gc] GC(16637) Pause Young (G1 Evacuation Pause) 237M->22M(368M) 1,176ms
[4071,471s][info][gc] GC(16638) Pause Young (G1 Evacuation Pause) 237M->22M(368M) 1,265ms
[4071,703s][info][gc] GC(16639) Pause Young (G1 Evacuation Pause) 237M->22M(368M) 1,161ms
[4071,940s][info][gc] GC(16640) Pause Young (G1 Evacuation Pause) 237M->23M(368M) 1,264ms
[4072,178s][info][gc] GC(16641) Pause Young (G1 Evacuation Pause) 237M->22M(368M) 1,424ms
[4072,413s][info][gc] GC(16642) Pause Young (G1 Evacuation Pause) 237M->22M(368M) 1,434ms
[4072,645s][info][gc] GC(16643) Pause Young (G1 Evacuation Pause) 237M->22M(368M) 1,133ms
[4072,877s][info][gc] GC(16644) Pause Young (G1 Evacuation Pause) 237M->22M(368M) 1,248ms
[4073,123s][info][gc] GC(16645) Pause Young (G1 Evacuation Pause) 237M->22M(368M) 1,947ms
[4073,367s][info][gc] GC(16646) Pause Young (G1 Evacuation Pause) 236M->22M(368M) 1,127ms
[4073,599s][info][gc] GC(16647) Pause Young (G1 Evacuation Pause) 237M->22M(368M) 1,050ms
[4073,863s][info][gc] GC(16648) Pause Young (G1 Evacuation Pause) 237M->22M(368M) 2,643ms
[4074,098s][info][gc] GC(16649) Pause Young (G1 Evacuation Pause) 237M->22M(368M) 1,304ms
[4074,335s][info][gc] GC(16650) Pause Young (G1 Evacuation Pause) 237M->22M(368M) 1,249ms
[4074,569s][info][gc] GC(16651) Pause Young (G1 Evacuation Pause) 236M->22M(368M) 1,020ms
[4074,802s][info][gc] GC(16652) Pause Young (G1 Evacuation Pause) 237M->21M(368M) 2,257ms
[4075,041s][info][gc] GC(16653) Pause Young (G1 Evacuation Pause) 236M->22M(368M) 1,153ms
[4075,279s][info][gc] GC(16654) Pause Young (G1 Evacuation Pause) 237M->22M(368M) 1,269ms
[4075,514s][info][gc] GC(16655) Pause Young (G1 Evacuation Pause) 237M->23M(368M) 1,313ms
[4075,747s][info][gc] GC(16656) Pause Young (G1 Evacuation Pause) 237M->22M(368M) 1,032ms
[4075,986s][info][gc] GC(16657) Pause Young (G1 Evacuation Pause) 237M->21M(368M) 2,005ms
[4076,218s][info][gc] GC(16658) Pause Young (G1 Evacuation Pause) 236M->22M(368M) 1,215ms
[4076,466s][info][gc] GC(16659) Pause Young (G1 Evacuation Pause) 237M->22M(368M) 2,360ms
[4076,710s][info][gc] GC(16660) Pause Young (G1 Evacuation Pause) 237M->22M(368M) 1,270ms
[4076,951s][info][gc] GC(16661) Pause Young (G1 Evacuation Pause) 237M->23M(368M) 1,233ms
[4077,187s][info][gc] GC(16662) Pause Young (G1 Evacuation Pause) 237M->22M(368M) 1,088ms
[4077,420s][info][gc] GC(16663) Pause Young (G1 Evacuation Pause) 237M->22M(368M) 1,072ms
[4077,655s][info][gc] GC(16664) Pause Young (G1 Evacuation Pause) 237M->22M(368M) 1,158ms
[4077,891s][info][gc] GC(16665) Pause Young (G1 Evacuation Pause) 237M->22M(368M) 1,248ms
[4078,123s][info][gc] GC(16666) Pause Young (G1 Evacuation Pause) 237M->22M(368M) 1,222ms
[4078,355s][info][gc] GC(16667) Pause Young (G1 Evacuation Pause) 236M->22M(368M) 1,067ms
[4078,595s][info][gc] GC(16668) Pause Young (G1 Evacuation Pause) 237M->22M(368M) 5,577ms
[4078,841s][info][gc] GC(16669) Pause Young (G1 Evacuation Pause) 237M->22M(368M) 1,994ms
[4079,076s][info][gc] GC(16670) Pause Young (G1 Evacuation Pause) 237M->22M(368M) 1,172ms
[4079,320s][info][gc] GC(16671) Pause Young (G1 Evacuation Pause) 237M->22M(368M) 1,775ms
[4079,562s][info][gc] GC(16672) Pause Young (G1 Evacuation Pause) 236M->22M(368M) 1,202ms
[4079,795s][info][gc] GC(16673) Pause Young (G1 Evacuation Pause) 237M->22M(368M) 1,228ms
[4080,027s][info][gc] GC(16674) Pause Young (G1 Evacuation Pause) 237M->22M(368M) 1,116ms
[4080,259s][info][gc] GC(16675) Pause Young (G1 Evacuation Pause) 237M->22M(368M) 1,172ms
[4080,502s][info][gc] GC(16676) Pause Young (G1 Evacuation Pause) 237M->22M(368M) 1,564ms
[4080,734s][info][gc] GC(16677) Pause Young (G1 Evacuation Pause) 236M->22M(368M) 1,326ms
[4080,976s][info][gc] GC(16678) Pause Young (G1 Evacuation Pause) 237M->21M(368M) 2,180ms
[4081,208s][info][gc] GC(16679) Pause Young (G1 Evacuation Pause) 236M->22M(368M) 1,154ms
[4081,445s][info][gc] GC(16680) Pause Young (G1 Evacuation Pause) 237M->22M(368M) 2,299ms
[4081,711s][info][gc] GC(16681) Pause Young (G1 Evacuation Pause) 237M->22M(368M) 2,012ms
[4081,985s][info][gc] GC(16682) Pause Young (G1 Evacuation Pause) 237M->22M(368M) 3,967ms
[4082,265s][info][gc] GC(16683) Pause Young (G1 Evacuation Pause) 236M->22M(368M) 3,912ms
[4082,520s][info][gc] GC(16684) Pause Young (G1 Evacuation Pause) 237M->22M(368M) 1,436ms
[4082,758s][info][gc] GC(16685) Pause Young (G1 Evacuation Pause) 237M->22M(368M) 1,284ms
[4083,010s][info][gc] GC(16686) Pause Young (G1 Evacuation Pause) 237M->22M(368M) 1,707ms
[4083,264s][info][gc] GC(16687) Pause Young (G1 Evacuation Pause) 237M->22M(368M) 1,719ms
[4083,512s][info][gc] GC(16688) Pause Young (G1 Evacuation Pause) 236M->22M(368M) 1,288ms
[4083,744s][info][gc] GC(16689) Pause Young (G1 Evacuation Pause) 237M->22M(368M) 1,263ms
[4083,997s][info][gc] GC(16690) Pause Young (G1 Evacuation Pause) 237M->22M(368M) 1,215ms
[4084,233s][info][gc] GC(16691) Pause Young (G1 Evacuation Pause) 237M->22M(368M) 1,757ms
[4084,514s][info][gc] GC(16692) Pause Young (G1 Evacuation Pause) 237M->22M(368M) 14,243ms
[4084,755s][info][gc] GC(16693) Pause Young (G1 Evacuation Pause) 236M->21M(368M) 1,891ms
[4085,011s][info][gc] GC(16694) Pause Young (G1 Evacuation Pause) 236M->21M(368M) 1,995ms
[4085,246s][info][gc] GC(16695) Pause Young (G1 Evacuation Pause) 236M->22M(368M) 1,230ms
[4085,523s][info][gc] GC(16696) Pause Young (G1 Evacuation Pause) 237M->22M(368M) 1,622ms
[4085,757s][info][gc] GC(16697) Pause Young (G1 Evacuation Pause) 237M->22M(368M) 1,111ms
[4086,008s][info][gc] GC(16698) Pause Young (G1 Evacuation Pause) 237M->22M(368M) 1,937ms
[4086,243s][info][gc] GC(16699) Pause Young (G1 Evacuation Pause) 236M->21M(368M) 2,600ms
[4086,477s][info][gc] GC(16700) Pause Young (G1 Evacuation Pause) 236M->22M(368M) 1,983ms
[4086,716s][info][gc] GC(16701) Pause Young (G1 Evacuation Pause) 237M->22M(368M) 2,197ms
[4086,981s][info][gc] GC(16702) Pause Young (G1 Evacuation Pause) 237M->22M(368M) 1,996ms
[4087,216s][info][gc] GC(16703) Pause Young (G1 Evacuation Pause) 237M->23M(368M) 2,032ms
[4087,455s][info][gc] GC(16704) Pause Young (G1 Evacuation Pause) 237M->22M(368M) 1,884ms
[4087,688s][info][gc] GC(16705) Pause Young (G1 Evacuation Pause) 237M->22M(368M) 1,974ms
[4087,922s][info][gc] GC(16706) Pause Young (G1 Evacuation Pause) 237M->22M(368M) 1,777ms
[4088,154s][info][gc] GC(16707) Pause Young (G1 Evacuation Pause) 237M->22M(368M) 1,243ms
[4088,387s][info][gc] GC(16708) Pause Young (G1 Evacuation Pause) 237M->22M(368M) 2,026ms
[4088,637s][info][gc] GC(16709) Pause Young (G1 Evacuation Pause) 236M->21M(368M) 2,152ms
[4088,882s][info][gc] GC(16710) Pause Young (G1 Evacuation Pause) 236M->22M(368M) 2,402ms
[4089,118s][info][gc] GC(16711) Pause Young (G1 Evacuation Pause) 237M->22M(368M) 1,906ms
[4089,351s][info][gc] GC(16712) Pause Young (G1 Evacuation Pause) 237M->22M(368M) 1,880ms
[4089,584s][info][gc] GC(16713) Pause Young (G1 Evacuation Pause) 237M->22M(368M) 1,754ms
[4089,816s][info][gc] GC(16714) Pause Young (G1 Evacuation Pause) 236M->22M(368M) 1,684ms
[4090,048s][info][gc] GC(16715) Pause Young (G1 Evacuation Pause) 237M->21M(368M) 1,702ms
[4090,281s][info][gc] GC(16716) Pause Young (G1 Evacuation Pause) 236M->22M(368M) 1,744ms
[4090,514s][info][gc] GC(16717) Pause Young (G1 Evacuation Pause) 237M->22M(368M) 1,815ms
[4090,748s][info][gc] GC(16718) Pause Young (G1 Evacuation Pause) 237M->22M(368M) 1,941ms
[4090,980s][info][gc] GC(16719) Pause Young (G1 Evacuation Pause) 236M->21M(368M) 1,721ms
[4091,213s][info][gc] GC(16720) Pause Young (G1 Evacuation Pause) 236M->21M(368M) 1,726ms
[4091,447s][info][gc] GC(16721) Pause Young (G1 Evacuation Pause) 236M->22M(368M) 1,750ms
[4091,680s][info][gc] GC(16722) Pause Young (G1 Evacuation Pause) 237M->22M(368M) 1,838ms
[4091,912s][info][gc] GC(16723) Pause Young (G1 Evacuation Pause) 237M->22M(368M) 1,529ms
[4092,144s][info][gc] GC(16724) Pause Young (G1 Evacuation Pause) 236M->21M(368M) 1,676ms
[4092,376s][info][gc] GC(16725) Pause Young (G1 Evacuation Pause) 236M->21M(368M) 1,721ms
[4092,609s][info][gc] GC(16726) Pause Young (G1 Evacuation Pause) 236M->21M(368M) 1,767ms
[4092,842s][info][gc] GC(16727) Pause Young (G1 Evacuation Pause) 236M->22M(368M) 1,791ms
[4093,075s][info][gc] GC(16728) Pause Young (G1 Evacuation Pause) 237M->22M(368M) 1,952ms
[4093,308s][info][gc] GC(16729) Pause Young (G1 Evacuation Pause) 237M->22M(368M) 2,010ms
[4093,541s][info][gc] GC(16730) Pause Young (G1 Evacuation Pause) 236M->22M(368M) 1,778ms
[4093,774s][info][gc] GC(16731) Pause Young (G1 Evacuation Pause) 237M->22M(368M) 1,857ms
[4094,007s][info][gc] GC(16732) Pause Young (G1 Evacuation Pause) 237M->22M(368M) 1,727ms
[4094,240s][info][gc] GC(16733) Pause Young (G1 Evacuation Pause) 237M->22M(368M) 1,773ms
[4094,473s][info][gc] GC(16734) Pause Young (G1 Evacuation Pause) 237M->22M(368M) 1,778ms
[4094,707s][info][gc] GC(16735) Pause Young (G1 Evacuation Pause) 236M->22M(368M) 1,746ms
[4094,939s][info][gc] GC(16736) Pause Young (G1 Evacuation Pause) 237M->21M(368M) 1,712ms
[4095,173s][info][gc] GC(16737) Pause Young (G1 Evacuation Pause) 236M->22M(368M) 1,811ms
[4095,407s][info][gc] GC(16738) Pause Young (G1 Evacuation Pause) 237M->22M(368M) 1,947ms
[4095,640s][info][gc] GC(16739) Pause Young (G1 Evacuation Pause) 236M->21M(368M) 1,976ms
[4095,874s][info][gc] GC(16740) Pause Young (G1 Evacuation Pause) 236M->21M(368M) 1,848ms
[4096,109s][info][gc] GC(16741) Pause Young (G1 Evacuation Pause) 236M->21M(368M) 2,041ms
[4096,342s][info][gc] GC(16742) Pause Young (G1 Evacuation Pause) 236M->22M(368M) 2,009ms
[4096,575s][info][gc] GC(16743) Pause Young (G1 Evacuation Pause) 237M->22M(368M) 2,017ms
[4096,809s][info][gc] GC(16744) Pause Young (G1 Evacuation Pause) 237M->22M(368M) 2,600ms
[4097,049s][info][gc] GC(16745) Pause Young (G1 Evacuation Pause) 237M->22M(368M) 1,844ms
[4097,283s][info][gc] GC(16746) Pause Young (G1 Evacuation Pause) 236M->22M(368M) 2,059ms
[4097,516s][info][gc] GC(16747) Pause Young (G1 Evacuation Pause) 237M->22M(368M) 1,764ms
[4097,750s][info][gc] GC(16748) Pause Young (G1 Evacuation Pause) 237M->22M(368M) 1,959ms
[4097,986s][info][gc] GC(16749) Pause Young (G1 Evacuation Pause) 237M->22M(368M) 1,883ms
[4098,219s][info][gc] GC(16750) Pause Young (G1 Evacuation Pause) 237M->22M(368M) 2,007ms
[4098,452s][info][gc] GC(16751) Pause Young (G1 Evacuation Pause) 236M->22M(368M) 1,714ms
[4098,685s][info][gc] GC(16752) Pause Young (G1 Evacuation Pause) 237M->22M(368M) 1,901ms
[4098,918s][info][gc] GC(16753) Pause Young (G1 Evacuation Pause) 237M->22M(368M) 1,923ms
[4099,151s][info][gc] GC(16754) Pause Young (G1 Evacuation Pause) 237M->22M(368M) 1,893ms
[4099,384s][info][gc] GC(16755) Pause Young (G1 Evacuation Pause) 237M->22M(368M) 2,068ms
[4099,617s][info][gc] GC(16756) Pause Young (G1 Evacuation Pause) 236M->22M(368M) 1,830ms
[4099,850s][info][gc] GC(16757) Pause Young (G1 Evacuation Pause) 237M->21M(368M) 1,790ms
[4100,084s][info][gc] GC(16758) Pause Young (G1 Evacuation Pause) 236M->22M(368M) 2,012ms
[4100,317s][info][gc] GC(16759) Pause Young (G1 Evacuation Pause) 237M->22M(368M) 1,934ms
[4100,550s][info][gc] GC(16760) Pause Young (G1 Evacuation Pause) 237M->22M(368M) 1,788ms
[4100,783s][info][gc] GC(16761) Pause Young (G1 Evacuation Pause) 236M->21M(368M) 1,857ms
[4101,016s][info][gc] GC(16762) Pause Young (G1 Evacuation Pause) 236M->21M(368M) 1,864ms
[4101,249s][info][gc] GC(16763) Pause Young (G1 Evacuation Pause) 236M->22M(368M) 1,909ms
[4101,482s][info][gc] GC(16764) Pause Young (G1 Evacuation Pause) 237M->22M(368M) 1,899ms
[4101,715s][info][gc] GC(16765) Pause Young (G1 Evacuation Pause) 237M->22M(368M) 2,031ms
[4101,948s][info][gc] GC(16766) Pause Young (G1 Evacuation Pause) 236M->22M(368M) 1,798ms
[4102,181s][info][gc] GC(16767) Pause Young (G1 Evacuation Pause) 237M->21M(368M) 1,766ms
[4102,414s][info][gc] GC(16768) Pause Young (G1 Evacuation Pause) 236M->22M(368M) 1,919ms
[4102,647s][info][gc] GC(16769) Pause Young (G1 Evacuation Pause) 237M->22M(368M) 2,229ms
[4102,880s][info][gc] GC(16770) Pause Young (G1 Evacuation Pause) 237M->22M(368M) 1,800ms
[4103,113s][info][gc] GC(16771) Pause Young (G1 Evacuation Pause) 237M->22M(368M) 1,957ms
[4103,346s][info][gc] GC(16772) Pause Young (G1 Evacuation Pause) 236M->21M(368M) 1,735ms
[4103,579s][info][gc] GC(16773) Pause Young (G1 Evacuation Pause) 236M->22M(368M) 1,848ms
[4103,812s][info][gc] GC(16774) Pause Young (G1 Evacuation Pause) 237M->22M(368M) 1,933ms
[4104,045s][info][gc] GC(16775) Pause Young (G1 Evacuation Pause) 237M->22M(368M) 1,864ms
[4104,278s][info][gc] GC(16776) Pause Young (G1 Evacuation Pause) 237M->22M(368M) 1,950ms
[4104,511s][info][gc] GC(16777) Pause Young (G1 Evacuation Pause) 236M->22M(368M) 1,958ms
[4104,744s][info][gc] GC(16778) Pause Young (G1 Evacuation Pause) 237M->22M(368M) 1,873ms
[4104,977s][info][gc] GC(16779) Pause Young (G1 Evacuation Pause) 237M->22M(368M) 1,786ms
[4105,210s][info][gc] GC(16780) Pause Young (G1 Evacuation Pause) 237M->22M(368M) 2,515ms
[4105,443s][info][gc] GC(16781) Pause Young (G1 Evacuation Pause) 237M->22M(368M) 1,993ms
[4105,676s][info][gc] GC(16782) Pause Young (G1 Evacuation Pause) 236M->21M(368M) 1,886ms
[4105,909s][info][gc] GC(16783) Pause Young (G1 Evacuation Pause) 236M->21M(368M) 1,834ms
[4106,142s][info][gc] GC(16784) Pause Young (G1 Evacuation Pause) 236M->21M(368M) 1,817ms
[4106,375s][info][gc] GC(16785) Pause Young (G1 Evacuation Pause) 236M->22M(368M) 1,768ms
[4106,608s][info][gc] GC(16786) Pause Young (G1 Evacuation Pause) 237M->22M(368M) 1,759ms
[4106,840s][info][gc] GC(16787) Pause Young (G1 Evacuation Pause) 236M->21M(368M) 1,669ms
[4107,072s][info][gc] GC(16788) Pause Young (G1 Evacuation Pause) 236M->21M(368M) 1,705ms
[4107,306s][info][gc] GC(16789) Pause Young (G1 Evacuation Pause) 236M->21M(368M) 1,776ms
[4107,539s][info][gc] GC(16790) Pause Young (G1 Evacuation Pause) 236M->22M(368M) 1,747ms
[4107,772s][info][gc] GC(16791) Pause Young (G1 Evacuation Pause) 237M->22M(368M) 1,839ms
[4108,005s][info][gc] GC(16792) Pause Young (G1 Evacuation Pause) 237M->22M(368M) 2,029ms
[4108,243s][info][gc] GC(16793) Pause Young (G1 Evacuation Pause) 236M->22M(368M) 1,848ms
[4108,479s][info][gc] GC(16794) Pause Young (G1 Evacuation Pause) 237M->22M(368M) 1,929ms
[4108,712s][info][gc] GC(16795) Pause Young (G1 Evacuation Pause) 237M->22M(368M) 1,759ms
[4108,946s][info][gc] GC(16796) Pause Young (G1 Evacuation Pause) 237M->22M(368M) 2,163ms
[4109,179s][info][gc] GC(16797) Pause Young (G1 Evacuation Pause) 237M->22M(368M) 1,801ms
[4109,416s][info][gc] GC(16798) Pause Young (G1 Evacuation Pause) 236M->21M(368M) 1,792ms
[4109,650s][info][gc] GC(16799) Pause Young (G1 Evacuation Pause) 236M->22M(368M) 2,522ms
[4109,883s][info][gc] GC(16800) Pause Young (G1 Evacuation Pause) 237M->22M(368M) 1,847ms
[4110,116s][info][gc] GC(16801) Pause Young (G1 Evacuation Pause) 237M->22M(368M) 1,991ms
[4110,349s][info][gc] GC(16802) Pause Young (G1 Evacuation Pause) 237M->22M(368M) 1,869ms
[4110,582s][info][gc] GC(16803) Pause Young (G1 Evacuation Pause) 236M->21M(368M) 1,927ms
[4110,821s][info][gc] GC(16804) Pause Young (G1 Evacuation Pause) 236M->21M(368M) 7,915ms
[4111,054s][info][gc] GC(16805) Pause Young (G1 Evacuation Pause) 236M->22M(368M) 1,872ms
[4111,287s][info][gc] GC(16806) Pause Young (G1 Evacuation Pause) 237M->22M(368M) 1,745ms
[4111,520s][info][gc] GC(16807) Pause Young (G1 Evacuation Pause) 237M->22M(368M) 1,778ms
[4111,752s][info][gc] GC(16808) Pause Young (G1 Evacuation Pause) 236M->21M(368M) 1,656ms
[4111,985s][info][gc] GC(16809) Pause Young (G1 Evacuation Pause) 236M->21M(368M) 1,762ms
[4112,218s][info][gc] GC(16810) Pause Young (G1 Evacuation Pause) 236M->22M(368M) 1,722ms
[4112,451s][info][gc] GC(16811) Pause Young (G1 Evacuation Pause) 237M->22M(368M) 1,742ms
[4112,684s][info][gc] GC(16812) Pause Young (G1 Evacuation Pause) 237M->22M(368M) 1,970ms
[4112,917s][info][gc] GC(16813) Pause Young (G1 Evacuation Pause) 237M->22M(368M) 2,008ms
[4113,150s][info][gc] GC(16814) Pause Young (G1 Evacuation Pause) 236M->22M(368M) 1,695ms
[4113,383s][info][gc] GC(16815) Pause Young (G1 Evacuation Pause) 237M->22M(368M) 1,728ms
[4113,616s][info][gc] GC(16816) Pause Young (G1 Evacuation Pause) 237M->22M(368M) 1,940ms
[4113,849s][info][gc] GC(16817) Pause Young (G1 Evacuation Pause) 237M->22M(368M) 1,944ms
[4114,082s][info][gc] GC(16818) Pause Young (G1 Evacuation Pause) 237M->22M(368M) 1,865ms
[4114,315s][info][gc] GC(16819) Pause Young (G1 Evacuation Pause) 236M->22M(368M) 1,874ms
[4114,548s][info][gc] GC(16820) Pause Young (G1 Evacuation Pause) 237M->22M(368M) 1,848ms
[4114,781s][info][gc] GC(16821) Pause Young (G1 Evacuation Pause) 237M->22M(368M) 1,960ms
[4115,014s][info][gc] GC(16822) Pause Young (G1 Evacuation Pause) 237M->22M(368M) 1,890ms
[4115,247s][info][gc] GC(16823) Pause Young (G1 Evacuation Pause) 237M->22M(368M) 1,790ms
[4115,479s][info][gc] GC(16824) Pause Young (G1 Evacuation Pause) 236M->21M(368M) 1,679ms
[4115,712s][info][gc] GC(16825) Pause Young (G1 Evacuation Pause) 236M->21M(368M) 1,883ms
[4115,945s][info][gc] GC(16826) Pause Young (G1 Evacuation Pause) 236M->21M(368M) 1,796ms
[4116,178s][info][gc] GC(16827) Pause Young (G1 Evacuation Pause) 236M->22M(368M) 1,907ms
[4116,411s][info][gc] GC(16828) Pause Young (G1 Evacuation Pause) 237M->22M(368M) 1,843ms
[4116,645s][info][gc] GC(16829) Pause Young (G1 Evacuation Pause) 237M->22M(368M) 3,542ms
[4116,878s][info][gc] GC(16830) Pause Young (G1 Evacuation Pause) 236M->22M(368M) 1,891ms
[4117,111s][info][gc] GC(16831) Pause Young (G1 Evacuation Pause) 237M->22M(368M) 1,974ms
[4117,344s][info][gc] GC(16832) Pause Young (G1 Evacuation Pause) 237M->22M(368M) 1,713ms
[4117,578s][info][gc] GC(16833) Pause Young (G1 Evacuation Pause) 237M->22M(368M) 1,848ms
[4117,811s][info][gc] GC(16834) Pause Young (G1 Evacuation Pause) 236M->22M(368M) 1,814ms
[4118,044s][info][gc] GC(16835) Pause Young (G1 Evacuation Pause) 237M->21M(368M) 1,946ms
[4118,277s][info][gc] GC(16836) Pause Young (G1 Evacuation Pause) 236M->21M(368M) 1,753ms
[4118,518s][info][gc] GC(16837) Pause Young (G1 Evacuation Pause) 236M->22M(368M) 1,919ms
[4118,752s][info][gc] GC(16838) Pause Young (G1 Evacuation Pause) 237M->22M(368M) 2,697ms
[4118,986s][info][gc] GC(16839) Pause Young (G1 Evacuation Pause) 237M->22M(368M) 2,844ms
[4119,219s][info][gc] GC(16840) Pause Young (G1 Evacuation Pause) 236M->21M(368M) 2,629ms
[4119,455s][info][gc] GC(16841) Pause Young (G1 Evacuation Pause) 236M->22M(368M) 3,995ms
[4119,689s][info][gc] GC(16842) Pause Young (G1 Evacuation Pause) 237M->22M(368M) 2,879ms
[4119,925s][info][gc] GC(16843) Pause Young (G1 Evacuation Pause) 237M->22M(368M) 2,835ms
[4120,158s][info][gc] GC(16844) Pause Young (G1 Evacuation Pause) 237M->22M(368M) 1,712ms
[4120,391s][info][gc] GC(16845) Pause Young (G1 Evacuation Pause) 236M->22M(368M) 2,528ms
[4120,626s][info][gc] GC(16846) Pause Young (G1 Evacuation Pause) 237M->21M(368M) 2,385ms
[4120,859s][info][gc] GC(16847) Pause Young (G1 Evacuation Pause) 236M->22M(368M) 1,833ms
[4121,092s][info][gc] GC(16848) Pause Young (G1 Evacuation Pause) 237M->22M(368M) 2,017ms
[4121,327s][info][gc] GC(16849) Pause Young (G1 Evacuation Pause) 236M->21M(368M) 2,853ms
[4121,560s][info][gc] GC(16850) Pause Young (G1 Evacuation Pause) 237M->22M(368M) 2,547ms
[4121,802s][info][gc] GC(16851) Pause Young (G1 Evacuation Pause) 236M->22M(368M) 4,805ms
[4122,036s][info][gc] GC(16852) Pause Young (G1 Evacuation Pause) 237M->22M(368M) 2,854ms
[4122,270s][info][gc] GC(16853) Pause Young (G1 Evacuation Pause) 237M->22M(368M) 2,838ms
[4122,505s][info][gc] GC(16854) Pause Young (G1 Evacuation Pause) 237M->22M(368M) 2,043ms
[4122,739s][info][gc] GC(16855) Pause Young (G1 Evacuation Pause) 236M->21M(368M) 2,723ms
[4122,972s][info][gc] GC(16856) Pause Young (G1 Evacuation Pause) 236M->21M(368M) 1,866ms
[4123,206s][info][gc] GC(16857) Pause Young (G1 Evacuation Pause) 236M->21M(368M) 2,745ms
[4123,440s][info][gc] GC(16858) Pause Young (G1 Evacuation Pause) 236M->22M(368M) 2,861ms
[4123,673s][info][gc] GC(16859) Pause Young (G1 Evacuation Pause) 237M->22M(368M) 2,570ms
[4123,908s][info][gc] GC(16860) Pause Young (G1 Evacuation Pause) 237M->22M(368M) 2,782ms
[4124,141s][info][gc] GC(16861) Pause Young (G1 Evacuation Pause) 236M->21M(368M) 2,207ms
[4124,374s][info][gc] GC(16862) Pause Young (G1 Evacuation Pause) 236M->21M(368M) 2,083ms
[4124,607s][info][gc] GC(16863) Pause Young (G1 Evacuation Pause) 236M->22M(368M) 1,994ms
[4124,840s][info][gc] GC(16864) Pause Young (G1 Evacuation Pause) 237M->22M(368M) 1,999ms
[4125,073s][info][gc] GC(16865) Pause Young (G1 Evacuation Pause) 237M->22M(368M) 2,003ms
[4125,306s][info][gc] GC(16866) Pause Young (G1 Evacuation Pause) 236M->21M(368M) 1,933ms
[4125,539s][info][gc] GC(16867) Pause Young (G1 Evacuation Pause) 236M->22M(368M) 1,936ms
[4125,772s][info][gc] GC(16868) Pause Young (G1 Evacuation Pause) 237M->22M(368M) 2,051ms
[4126,009s][info][gc] GC(16869) Pause Young (G1 Evacuation Pause) 237M->22M(368M) 3,981ms
[4126,242s][info][gc] GC(16870) Pause Young (G1 Evacuation Pause) 237M->22M(368M) 1,885ms
[4126,475s][info][gc] GC(16871) Pause Young (G1 Evacuation Pause) 236M->21M(368M) 2,622ms
[4126,709s][info][gc] GC(16872) Pause Young (G1 Evacuation Pause) 236M->21M(368M) 2,283ms
[4126,943s][info][gc] GC(16873) Pause Young (G1 Evacuation Pause) 236M->22M(368M) 1,835ms
[4127,176s][info][gc] GC(16874) Pause Young (G1 Evacuation Pause) 237M->22M(368M) 1,781ms
[4127,410s][info][gc] GC(16875) Pause Young (G1 Evacuation Pause) 237M->22M(368M) 2,157ms
[4127,646s][info][gc] GC(16876) Pause Young (G1 Evacuation Pause) 237M->22M(368M) 2,685ms
[4127,880s][info][gc] GC(16877) Pause Young (G1 Evacuation Pause) 236M->21M(368M) 1,669ms
[4128,118s][info][gc] GC(16878) Pause Young (G1 Evacuation Pause) 236M->22M(368M) 1,925ms
[4128,352s][info][gc] GC(16879) Pause Young (G1 Evacuation Pause) 237M->22M(368M) 3,516ms
[4128,666s][info][gc] GC(16880) Pause Young (G1 Evacuation Pause) 237M->22M(368M) 10,922ms
[4128,938s][info][gc] GC(16881) Pause Young (G1 Evacuation Pause) 237M->22M(368M) 14,155ms
[4129,197s][info][gc] GC(16882) Pause Young (G1 Evacuation Pause) 236M->22M(368M) 6,044ms
[4129,438s][info][gc] GC(16883) Pause Young (G1 Evacuation Pause) 237M->22M(368M) 1,032ms
[4129,716s][info][gc] GC(16884) Pause Young (G1 Evacuation Pause) 237M->22M(368M) 3,307ms
[4129,977s][info][gc] GC(16885) Pause Young (G1 Evacuation Pause) 237M->22M(368M) 1,799ms
[4130,223s][info][gc] GC(16886) Pause Young (G1 Evacuation Pause) 237M->22M(368M) 3,320ms
[4130,499s][info][gc] GC(16887) Pause Young (G1 Evacuation Pause) 237M->22M(368M) 4,445ms
[4130,782s][info][gc] GC(16888) Pause Young (G1 Evacuation Pause) 236M->22M(368M) 3,569ms
[4136,748s][info][gc] GC(16889) Pause Young (G1 Evacuation Pause) 236M->21M(368M) 123,815ms
[4144,708s][info][gc] GC(16890) Pause Young (G1 Evacuation Pause) 237M->22M(368M) 623,294ms
[4147,080s][info][gc] GC(16891) Pause Young (G1 Evacuation Pause) 237M->22M(433M) 1282,155ms
[4147,122s][info][gc] GC(16892) Pause Young (G1 Evacuation Pause) 37M->26M(433M) 5,005ms
[4147,148s][info][gc] GC(16893) Pause Young (G1 Evacuation Pause) 44M->31M(433M) 4,447ms
[4148,190s][info][gc] GC(16894) Pause Young (G1 Evacuation Pause) 49M->32M(433M) 1019,855ms
[4148,346s][info][gc] GC(16895) Pause Young (G1 Evacuation Pause) 50M->32M(433M) 1,676ms
[4148,373s][info][gc] GC(16896) Pause Young (G1 Evacuation Pause) 50M->39M(433M) 12,154ms
[4148,406s][info][gc] GC(16897) Pause Young (G1 Evacuation Pause) 57M->44M(433M) 8,307ms
[4148,433s][info][gc] GC(16898) Pause Young (G1 Evacuation Pause) 62M->46M(433M) 3,701ms
[4149,058s][info][gc] GC(16899) Pause Young (G1 Evacuation Pause) 302M->48M(433M) 171,321ms
[4149,368s][info][gc] GC(16900) Pause Young (G1 Evacuation Pause) 301M->46M(433M) 1,507ms
[4149,676s][info][gc] GC(16901) Pause Young (G1 Evacuation Pause) 302M->46M(433M) 2,252ms
[4150,047s][info][gc] GC(16902) Pause Young (G1 Evacuation Pause) 302M->46M(1050M) 70,882ms
