[0.029s][info][gc] Using G1
[0,140s][info][gc] GC(0) Pause Young (G1 Evacuation Pause) 14M->3M(124M) 2,340ms
[0,247s][info][gc] GC(1) Pause Young (G1 Evacuation Pause) 75M->4M(124M) 1,662ms
[0,324s][info][gc] GC(2) Pause Young (G1 Evacuation Pause) 74M->2M(124M) 1,313ms
[0,403s][info][gc] GC(3) Pause Young (G1 Evacuation Pause) 74M->3M(124M) 1,475ms
[0,482s][info][gc] GC(4) Pause Young (G1 Evacuation Pause) 74M->2M(149M) 1,644ms
[0,580s][info][gc] GC(5) Pause Young (G1 Evacuation Pause) 89M->7M(149M) 1,842ms
[0,670s][info][gc] GC(6) Pause Young (G1 Evacuation Pause) 89M->8M(149M) 2,069ms
[0,763s][info][gc] GC(7) Pause Young (G1 Evacuation Pause) 90M->8M(149M) 4,942ms
[0,853s][info][gc] GC(8) Pause Young (G1 Evacuation Pause) 90M->8M(189M) 1,885ms
[0,988s][info][gc] GC(9) Pause Young (G1 Evacuation Pause) 114M->2M(189M) 0,512ms
[1,101s][info][gc] GC(10) Pause Young (G1 Evacuation Pause) 114M->11M(189M) 1,638ms
[1,222s][info][gc] GC(11) Pause Young (G1 Evacuation Pause) 114M->3M(189M) 0,671ms
[1,335s][info][gc] GC(12) Pause Young (G1 Evacuation Pause) 114M->10M(189M) 2,005ms
[1,449s][info][gc] GC(13) Pause Young (G1 Evacuation Pause) 113M->12M(189M) 2,022ms
[1,563s][info][gc] GC(14) Pause Young (G1 Evacuation Pause) 114M->11M(227M) 2,331ms
[1,721s][info][gc] GC(15) Pause Young (G1 Evacuation Pause) 137M->5M(227M) 0,723ms
[1,877s][info][gc] GC(16) Pause Young (G1 Evacuation Pause) 137M->3M(227M) 1,044ms
[2,035s][info][gc] GC(17) Pause Young (G1 Evacuation Pause) 137M->4M(227M) 1,058ms
[2,192s][info][gc] GC(18) Pause Young (G1 Evacuation Pause) 137M->4M(227M) 1,317ms
[2,337s][info][gc] GC(19) Pause Young (G1 Evacuation Pause) 137M->4M(227M) 0,753ms
[2,496s][info][gc] GC(20) Pause Young (G1 Evacuation Pause) 137M->4M(227M) 1,597ms
[2,654s][info][gc] GC(21) Pause Young (G1 Evacuation Pause) 137M->4M(227M) 1,158ms
[2,811s][info][gc] GC(22) Pause Young (G1 Evacuation Pause) 137M->4M(227M) 1,158ms
[2,968s][info][gc] GC(23) Pause Young (G1 Evacuation Pause) 137M->4M(227M) 1,282ms
[3,124s][info][gc] GC(24) Pause Young (G1 Evacuation Pause) 137M->4M(227M) 0,824ms
[3,268s][info][gc] GC(25) Pause Young (G1 Evacuation Pause) 137M->4M(227M) 0,911ms
[3,430s][info][gc] GC(26) Pause Young (G1 Evacuation Pause) 137M->4M(227M) 1,513ms
[3,588s][info][gc] GC(27) Pause Young (G1 Evacuation Pause) 137M->4M(227M) 1,530ms
[3,748s][info][gc] GC(28) Pause Young (G1 Evacuation Pause) 137M->4M(227M) 2,965ms
[3,899s][info][gc] GC(29) Pause Young (G1 Evacuation Pause) 137M->4M(227M) 1,119ms
[4,043s][info][gc] GC(30) Pause Young (G1 Evacuation Pause) 137M->4M(227M) 0,928ms
[4,187s][info][gc] GC(31) Pause Young (G1 Evacuation Pause) 137M->4M(227M) 0,934ms
[4,331s][info][gc] GC(32) Pause Young (G1 Evacuation Pause) 137M->4M(227M) 1,075ms
[4,476s][info][gc] GC(33) Pause Young (G1 Evacuation Pause) 137M->4M(227M) 1,061ms
[4,622s][info][gc] GC(34) Pause Young (G1 Evacuation Pause) 137M->4M(227M) 0,812ms
[4,767s][info][gc] GC(35) Pause Young (G1 Evacuation Pause) 137M->4M(227M) 1,542ms
[4,911s][info][gc] GC(36) Pause Young (G1 Evacuation Pause) 136M->3M(227M) 0,657ms
[5,055s][info][gc] GC(37) Pause Young (G1 Evacuation Pause) 136M->3M(227M) 0,746ms
[5,199s][info][gc] GC(38) Pause Young (G1 Evacuation Pause) 137M->4M(227M) 0,885ms
[5,344s][info][gc] GC(39) Pause Young (G1 Evacuation Pause) 136M->3M(227M) 0,597ms
[5,489s][info][gc] GC(40) Pause Young (G1 Evacuation Pause) 136M->3M(227M) 1,399ms
[5,640s][info][gc] GC(41) Pause Young (G1 Evacuation Pause) 137M->4M(227M) 0,871ms
[5,784s][info][gc] GC(42) Pause Young (G1 Evacuation Pause) 136M->3M(227M) 0,751ms
[5,928s][info][gc] GC(43) Pause Young (G1 Evacuation Pause) 136M->3M(227M) 0,631ms
[6,073s][info][gc] GC(44) Pause Young (G1 Evacuation Pause) 136M->3M(227M) 0,747ms
[6,217s][info][gc] GC(45) Pause Young (G1 Evacuation Pause) 136M->3M(227M) 0,759ms
[6,361s][info][gc] GC(46) Pause Young (G1 Evacuation Pause) 136M->4M(227M) 0,774ms
[6,505s][info][gc] GC(47) Pause Young (G1 Evacuation Pause) 137M->4M(227M) 0,757ms
[6,669s][info][gc] GC(48) Pause Young (G1 Evacuation Pause) 137M->3M(227M) 1,157ms
[6,832s][info][gc] GC(49) Pause Young (G1 Evacuation Pause) 136M->4M(227M) 1,496ms
[6,992s][info][gc] GC(50) Pause Young (G1 Evacuation Pause) 137M->3M(227M) 1,038ms
[7,150s][info][gc] GC(51) Pause Young (G1 Evacuation Pause) 136M->3M(227M) 2,512ms
[7,313s][info][gc] GC(52) Pause Young (G1 Evacuation Pause) 136M->4M(227M) 1,249ms
[7,459s][info][gc] GC(53) Pause Young (G1 Evacuation Pause) 137M->4M(227M) 1,469ms
[7,603s][info][gc] GC(54) Pause Young (G1 Evacuation Pause) 137M->4M(227M) 1,465ms
[7,750s][info][gc] GC(55) Pause Young (G1 Evacuation Pause) 137M->4M(227M) 1,514ms
[7,893s][info][gc] GC(56) Pause Young (G1 Evacuation Pause) 137M->4M(227M) 0,702ms
[8,037s][info][gc] GC(57) Pause Young (G1 Evacuation Pause) 137M->4M(227M) 0,786ms
[8,181s][info][gc] GC(58) Pause Young (G1 Evacuation Pause) 137M->4M(227M) 0,793ms
[8,346s][info][gc] GC(59) Pause Young (G1 Evacuation Pause) 137M->4M(227M) 1,982ms
[8,501s][info][gc] GC(60) Pause Young (G1 Evacuation Pause) 137M->4M(227M) 0,688ms
[8,654s][info][gc] GC(61) Pause Young (G1 Evacuation Pause) 137M->4M(227M) 1,079ms
[8,812s][info][gc] GC(62) Pause Young (G1 Evacuation Pause) 137M->4M(227M) 1,229ms
[8,969s][info][gc] GC(63) Pause Young (G1 Evacuation Pause) 137M->4M(227M) 1,226ms
[9,126s][info][gc] GC(64) Pause Young (G1 Evacuation Pause) 137M->4M(227M) 1,120ms
[9,290s][info][gc] GC(65) Pause Young (G1 Evacuation Pause) 137M->4M(227M) 1,632ms
[9,448s][info][gc] GC(66) Pause Young (G1 Evacuation Pause) 137M->4M(227M) 1,328ms
[9,606s][info][gc] GC(67) Pause Young (G1 Evacuation Pause) 137M->4M(227M) 1,092ms
[9,763s][info][gc] GC(68) Pause Young (G1 Evacuation Pause) 137M->4M(227M) 1,227ms
[9,920s][info][gc] GC(69) Pause Young (G1 Evacuation Pause) 137M->4M(227M) 1,357ms
[10,077s][info][gc] GC(70) Pause Young (G1 Evacuation Pause) 137M->4M(227M) 1,384ms
[10,223s][info][gc] GC(71) Pause Young (G1 Evacuation Pause) 137M->4M(227M) 0,933ms
[10,383s][info][gc] GC(72) Pause Young (G1 Evacuation Pause) 137M->4M(227M) 0,870ms
[10,527s][info][gc] GC(73) Pause Young (G1 Evacuation Pause) 137M->4M(227M) 0,733ms
[10,671s][info][gc] GC(74) Pause Young (G1 Evacuation Pause) 137M->4M(227M) 0,871ms
[10,815s][info][gc] GC(75) Pause Young (G1 Evacuation Pause) 137M->4M(227M) 0,870ms
[10,959s][info][gc] GC(76) Pause Young (G1 Evacuation Pause) 137M->4M(227M) 0,746ms
[11,103s][info][gc] GC(77) Pause Young (G1 Evacuation Pause) 137M->4M(227M) 0,891ms
[11,247s][info][gc] GC(78) Pause Young (G1 Evacuation Pause) 136M->3M(227M) 0,730ms
[11,391s][info][gc] GC(79) Pause Young (G1 Evacuation Pause) 136M->3M(227M) 0,751ms
[11,535s][info][gc] GC(80) Pause Young (G1 Evacuation Pause) 137M->4M(227M) 0,876ms
[11,681s][info][gc] GC(81) Pause Young (G1 Evacuation Pause) 137M->4M(227M) 2,187ms
[11,837s][info][gc] GC(82) Pause Young (G1 Evacuation Pause) 137M->4M(227M) 1,199ms
[11,994s][info][gc] GC(83) Pause Young (G1 Evacuation Pause) 136M->3M(227M) 1,210ms
[12,151s][info][gc] GC(84) Pause Young (G1 Evacuation Pause) 136M->3M(227M) 1,043ms
[12,314s][info][gc] GC(85) Pause Young (G1 Evacuation Pause) 136M->3M(227M) 1,134ms
[12,471s][info][gc] GC(86) Pause Young (G1 Evacuation Pause) 136M->4M(227M) 1,027ms
[12,627s][info][gc] GC(87) Pause Young (G1 Evacuation Pause) 137M->4M(227M) 0,587ms
[12,789s][info][gc] GC(88) Pause Young (G1 Evacuation Pause) 137M->4M(227M) 1,163ms
[12,946s][info][gc] GC(89) Pause Young (G1 Evacuation Pause) 137M->4M(227M) 1,071ms
[13,103s][info][gc] GC(90) Pause Young (G1 Evacuation Pause) 137M->4M(227M) 1,233ms
[13,259s][info][gc] GC(91) Pause Young (G1 Evacuation Pause) 137M->4M(227M) 1,026ms
[13,422s][info][gc] GC(92) Pause Young (G1 Evacuation Pause) 137M->3M(227M) 1,152ms
[13,572s][info][gc] GC(93) Pause Young (G1 Evacuation Pause) 136M->3M(227M) 0,717ms
[13,716s][info][gc] GC(94) Pause Young (G1 Evacuation Pause) 136M->4M(227M) 0,703ms
[13,876s][info][gc] GC(95) Pause Young (G1 Evacuation Pause) 137M->4M(227M) 1,249ms
[14,028s][info][gc] GC(96) Pause Young (G1 Evacuation Pause) 137M->4M(227M) 0,814ms
[14,180s][info][gc] GC(97) Pause Young (G1 Evacuation Pause) 137M->4M(227M) 0,919ms
[14,334s][info][gc] GC(98) Pause Young (G1 Evacuation Pause) 137M->4M(227M) 0,988ms
[14,481s][info][gc] GC(99) Pause Young (G1 Evacuation Pause) 137M->4M(227M) 2,217ms
[14,629s][info][gc] GC(100) Pause Young (G1 Evacuation Pause) 137M->4M(227M) 0,912ms
[14,773s][info][gc] GC(101) Pause Young (G1 Evacuation Pause) 137M->4M(227M) 0,816ms
[14,924s][info][gc] GC(102) Pause Young (G1 Evacuation Pause) 137M->4M(227M) 2,658ms
[15,087s][info][gc] GC(103) Pause Young (G1 Evacuation Pause) 137M->4M(227M) 1,325ms
[15,253s][info][gc] GC(104) Pause Young (G1 Evacuation Pause) 137M->4M(227M) 1,315ms
[15,409s][info][gc] GC(105) Pause Young (G1 Evacuation Pause) 137M->4M(227M) 0,892ms
[15,576s][info][gc] GC(106) Pause Young (G1 Evacuation Pause) 137M->4M(227M) 2,597ms
[15,736s][info][gc] GC(107) Pause Young (G1 Evacuation Pause) 137M->4M(227M) 1,087ms
[15,898s][info][gc] GC(108) Pause Young (G1 Evacuation Pause) 137M->4M(227M) 1,126ms
[16,055s][info][gc] GC(109) Pause Young (G1 Evacuation Pause) 137M->4M(227M) 1,194ms
[16,212s][info][gc] GC(110) Pause Young (G1 Evacuation Pause) 137M->4M(227M) 1,077ms
[16,375s][info][gc] GC(111) Pause Young (G1 Evacuation Pause) 137M->4M(227M) 1,144ms
[16,532s][info][gc] GC(112) Pause Young (G1 Evacuation Pause) 137M->4M(227M) 1,190ms
[16,689s][info][gc] GC(113) Pause Young (G1 Evacuation Pause) 137M->4M(227M) 1,182ms
[16,849s][info][gc] GC(114) Pause Young (G1 Evacuation Pause) 137M->4M(227M) 3,790ms
[17,013s][info][gc] GC(115) Pause Young (G1 Evacuation Pause) 137M->4M(227M) 1,263ms
[17,170s][info][gc] GC(116) Pause Young (G1 Evacuation Pause) 137M->4M(227M) 1,173ms
[17,337s][info][gc] GC(117) Pause Young (G1 Evacuation Pause) 137M->4M(227M) 1,704ms
[17,494s][info][gc] GC(118) Pause Young (G1 Evacuation Pause) 137M->4M(227M) 1,184ms
[17,651s][info][gc] GC(119) Pause Young (G1 Evacuation Pause) 137M->4M(227M) 1,199ms
[17,813s][info][gc] GC(120) Pause Young (G1 Evacuation Pause) 137M->4M(227M) 0,926ms
[17,981s][info][gc] GC(121) Pause Young (G1 Evacuation Pause) 137M->4M(227M) 1,114ms
[18,130s][info][gc] GC(122) Pause Young (G1 Evacuation Pause) 137M->4M(227M) 0,924ms
[18,277s][info][gc] GC(123) Pause Young (G1 Evacuation Pause) 137M->4M(227M) 2,808ms
[18,440s][info][gc] GC(124) Pause Young (G1 Evacuation Pause) 136M->3M(227M) 1,064ms
[18,600s][info][gc] GC(125) Pause Young (G1 Evacuation Pause) 136M->3M(227M) 1,038ms
[18,758s][info][gc] GC(126) Pause Young (G1 Evacuation Pause) 136M->3M(227M) 1,648ms
[18,916s][info][gc] GC(127) Pause Young (G1 Evacuation Pause) 137M->4M(227M) 1,239ms
[19,072s][info][gc] GC(128) Pause Young (G1 Evacuation Pause) 136M->3M(227M) 0,980ms
[19,231s][info][gc] GC(129) Pause Young (G1 Evacuation Pause) 136M->3M(227M) 2,523ms
[19,394s][info][gc] GC(130) Pause Young (G1 Evacuation Pause) 136M->3M(227M) 1,107ms
[19,551s][info][gc] GC(131) Pause Young (G1 Evacuation Pause) 136M->3M(227M) 0,652ms
[19,695s][info][gc] GC(132) Pause Young (G1 Evacuation Pause) 136M->3M(227M) 0,621ms
[19,851s][info][gc] GC(133) Pause Young (G1 Evacuation Pause) 136M->3M(227M) 1,156ms
[19,999s][info][gc] GC(134) Pause Young (G1 Evacuation Pause) 136M->4M(227M) 0,651ms
[20,143s][info][gc] GC(135) Pause Young (G1 Evacuation Pause) 137M->3M(227M) 0,786ms
[20,294s][info][gc] GC(136) Pause Young (G1 Evacuation Pause) 136M->3M(227M) 2,587ms
[20,455s][info][gc] GC(137) Pause Young (G1 Evacuation Pause) 136M->3M(227M) 1,167ms
[20,612s][info][gc] GC(138) Pause Young (G1 Evacuation Pause) 136M->4M(227M) 1,130ms
[20,768s][info][gc] GC(139) Pause Young (G1 Evacuation Pause) 137M->4M(227M) 1,043ms
[20,919s][info][gc] GC(140) Pause Young (G1 Evacuation Pause) 137M->4M(227M) 0,797ms
[21,063s][info][gc] GC(141) Pause Young (G1 Evacuation Pause) 137M->4M(227M) 0,801ms
[21,207s][info][gc] GC(142) Pause Young (G1 Evacuation Pause) 137M->4M(227M) 0,676ms
[21,351s][info][gc] GC(143) Pause Young (G1 Evacuation Pause) 137M->4M(227M) 0,752ms
[21,495s][info][gc] GC(144) Pause Young (G1 Evacuation Pause) 137M->4M(227M) 0,798ms
[21,639s][info][gc] GC(145) Pause Young (G1 Evacuation Pause) 137M->4M(227M) 0,805ms
[21,790s][info][gc] GC(146) Pause Young (G1 Evacuation Pause) 137M->4M(227M) 2,670ms
[21,951s][info][gc] GC(147) Pause Young (G1 Evacuation Pause) 137M->4M(227M) 2,200ms
[22,101s][info][gc] GC(148) Pause Young (G1 Evacuation Pause) 137M->4M(227M) 1,559ms
[22,249s][info][gc] GC(149) Pause Young (G1 Evacuation Pause) 137M->4M(227M) 1,399ms
[22,392s][info][gc] GC(150) Pause Young (G1 Evacuation Pause) 137M->4M(227M) 0,706ms
[22,544s][info][gc] GC(151) Pause Young (G1 Evacuation Pause) 137M->4M(227M) 2,150ms
[22,689s][info][gc] GC(152) Pause Young (G1 Evacuation Pause) 137M->4M(227M) 0,735ms
[22,835s][info][gc] GC(153) Pause Young (G1 Evacuation Pause) 137M->4M(227M) 1,492ms
[22,996s][info][gc] GC(154) Pause Young (G1 Evacuation Pause) 137M->4M(227M) 1,496ms
[23,144s][info][gc] GC(155) Pause Young (G1 Evacuation Pause) 137M->4M(227M) 1,498ms
[23,314s][info][gc] GC(156) Pause Young (G1 Evacuation Pause) 137M->4M(227M) 1,484ms
[23,477s][info][gc] GC(157) Pause Young (G1 Evacuation Pause) 137M->4M(227M) 5,050ms
[23,679s][info][gc] GC(158) Pause Young (G1 Evacuation Pause) 137M->4M(227M) 1,501ms
[23,840s][info][gc] GC(159) Pause Young (G1 Evacuation Pause) 137M->4M(227M) 1,476ms
[23,985s][info][gc] GC(160) Pause Young (G1 Evacuation Pause) 137M->4M(227M) 1,435ms
[24,155s][info][gc] GC(161) Pause Young (G1 Evacuation Pause) 137M->4M(227M) 1,843ms
[24,316s][info][gc] GC(162) Pause Young (G1 Evacuation Pause) 137M->4M(227M) 1,188ms
[24,473s][info][gc] GC(163) Pause Young (G1 Evacuation Pause) 137M->4M(227M) 1,312ms
[24,630s][info][gc] GC(164) Pause Young (G1 Evacuation Pause) 137M->4M(227M) 1,266ms
[24,787s][info][gc] GC(165) Pause Young (G1 Evacuation Pause) 136M->3M(227M) 1,100ms
[24,943s][info][gc] GC(166) Pause Young (G1 Evacuation Pause) 136M->3M(227M) 1,042ms
[25,092s][info][gc] GC(167) Pause Young (G1 Evacuation Pause) 137M->4M(227M) 1,183ms
[25,236s][info][gc] GC(168) Pause Young (G1 Evacuation Pause) 136M->3M(227M) 0,994ms
[25,399s][info][gc] GC(169) Pause Young (G1 Evacuation Pause) 137M->4M(227M) 1,344ms
[25,557s][info][gc] GC(170) Pause Young (G1 Evacuation Pause) 136M->3M(227M) 1,454ms
[25,715s][info][gc] GC(171) Pause Young (G1 Evacuation Pause) 137M->4M(227M) 1,511ms
[25,867s][info][gc] GC(172) Pause Young (G1 Evacuation Pause) 136M->3M(227M) 1,000ms
[26,012s][info][gc] GC(173) Pause Young (G1 Evacuation Pause) 136M->3M(227M) 0,876ms
[26,156s][info][gc] GC(174) Pause Young (G1 Evacuation Pause) 136M->4M(227M) 0,851ms
[26,300s][info][gc] GC(175) Pause Young (G1 Evacuation Pause) 137M->3M(227M) 0,830ms
[26,444s][info][gc] GC(176) Pause Young (G1 Evacuation Pause) 136M->4M(227M) 0,877ms
[26,588s][info][gc] GC(177) Pause Young (G1 Evacuation Pause) 137M->3M(227M) 0,978ms
[26,733s][info][gc] GC(178) Pause Young (G1 Evacuation Pause) 136M->4M(227M) 1,039ms
[26,878s][info][gc] GC(179) Pause Young (G1 Evacuation Pause) 137M->3M(227M) 1,036ms
[27,023s][info][gc] GC(180) Pause Young (G1 Evacuation Pause) 136M->3M(227M) 1,071ms
[27,167s][info][gc] GC(181) Pause Young (G1 Evacuation Pause) 136M->4M(227M) 1,036ms
[27,311s][info][gc] GC(182) Pause Young (G1 Evacuation Pause) 137M->3M(227M) 1,071ms
[27,457s][info][gc] GC(183) Pause Young (G1 Evacuation Pause) 136M->3M(227M) 1,760ms
[27,601s][info][gc] GC(184) Pause Young (G1 Evacuation Pause) 136M->4M(227M) 0,922ms
[27,745s][info][gc] GC(185) Pause Young (G1 Evacuation Pause) 137M->4M(227M) 0,716ms
[27,907s][info][gc] GC(186) Pause Young (G1 Evacuation Pause) 137M->4M(227M) 1,170ms
[28,064s][info][gc] GC(187) Pause Young (G1 Evacuation Pause) 137M->4M(227M) 1,156ms
[28,221s][info][gc] GC(188) Pause Young (G1 Evacuation Pause) 137M->4M(227M) 1,172ms
[28,383s][info][gc] GC(189) Pause Young (G1 Evacuation Pause) 137M->4M(227M) 1,284ms
[28,540s][info][gc] GC(190) Pause Young (G1 Evacuation Pause) 137M->4M(227M) 1,235ms
[28,697s][info][gc] GC(191) Pause Young (G1 Evacuation Pause) 137M->4M(227M) 1,126ms
[28,859s][info][gc] GC(192) Pause Young (G1 Evacuation Pause) 137M->4M(227M) 1,048ms
[29,016s][info][gc] GC(193) Pause Young (G1 Evacuation Pause) 137M->4M(227M) 1,086ms
[29,173s][info][gc] GC(194) Pause Young (G1 Evacuation Pause) 137M->4M(227M) 1,291ms
[29,330s][info][gc] GC(195) Pause Young (G1 Evacuation Pause) 137M->4M(227M) 1,078ms
[29,487s][info][gc] GC(196) Pause Young (G1 Evacuation Pause) 137M->4M(227M) 1,311ms
[29,644s][info][gc] GC(197) Pause Young (G1 Evacuation Pause) 137M->4M(227M) 1,080ms
[29,806s][info][gc] GC(198) Pause Young (G1 Evacuation Pause) 137M->4M(227M) 1,725ms
[29,968s][info][gc] GC(199) Pause Young (G1 Evacuation Pause) 137M->4M(227M) 1,099ms
[30,114s][info][gc] GC(200) Pause Young (G1 Evacuation Pause) 137M->4M(227M) 0,866ms
[30,258s][info][gc] GC(201) Pause Young (G1 Evacuation Pause) 137M->4M(227M) 0,710ms
[30,424s][info][gc] GC(202) Pause Young (G1 Evacuation Pause) 137M->4M(227M) 1,085ms
[30,574s][info][gc] GC(203) Pause Young (G1 Evacuation Pause) 137M->4M(227M) 0,866ms
[30,718s][info][gc] GC(204) Pause Young (G1 Evacuation Pause) 137M->4M(227M) 0,688ms
[30,889s][info][gc] GC(205) Pause Young (G1 Evacuation Pause) 137M->4M(227M) 1,352ms
[31,046s][info][gc] GC(206) Pause Young (G1 Evacuation Pause) 137M->4M(227M) 1,348ms
[31,212s][info][gc] GC(207) Pause Young (G1 Evacuation Pause) 137M->4M(227M) 1,163ms
[31,376s][info][gc] GC(208) Pause Young (G1 Evacuation Pause) 137M->4M(227M) 1,205ms
[31,533s][info][gc] GC(209) Pause Young (G1 Evacuation Pause) 137M->4M(227M) 1,395ms
[31,689s][info][gc] GC(210) Pause Young (G1 Evacuation Pause) 136M->3M(227M) 0,977ms
[31,847s][info][gc] GC(211) Pause Young (G1 Evacuation Pause) 136M->3M(227M) 1,113ms
[32,004s][info][gc] GC(212) Pause Young (G1 Evacuation Pause) 137M->4M(227M) 1,360ms
[32,161s][info][gc] GC(213) Pause Young (G1 Evacuation Pause) 136M->3M(227M) 1,089ms
[32,305s][info][gc] GC(214) Pause Young (G1 Evacuation Pause) 136M->3M(227M) 0,590ms
[32,449s][info][gc] GC(215) Pause Young (G1 Evacuation Pause) 136M->3M(227M) 0,618ms
[32,595s][info][gc] GC(216) Pause Young (G1 Evacuation Pause) 136M->3M(227M) 0,725ms
[32,739s][info][gc] GC(217) Pause Young (G1 Evacuation Pause) 136M->3M(227M) 0,648ms
[32,883s][info][gc] GC(218) Pause Young (G1 Evacuation Pause) 136M->3M(227M) 0,660ms
[33,027s][info][gc] GC(219) Pause Young (G1 Evacuation Pause) 136M->4M(227M) 0,672ms
[33,171s][info][gc] GC(220) Pause Young (G1 Evacuation Pause) 137M->4M(227M) 0,643ms
[33,328s][info][gc] GC(221) Pause Young (G1 Evacuation Pause) 137M->4M(227M) 1,040ms
[33,486s][info][gc] GC(222) Pause Young (G1 Evacuation Pause) 137M->3M(227M) 1,274ms
[33,635s][info][gc] GC(223) Pause Young (G1 Evacuation Pause) 136M->3M(227M) 1,538ms
[33,801s][info][gc] GC(224) Pause Young (G1 Evacuation Pause) 136M->4M(227M) 1,325ms
[33,962s][info][gc] GC(225) Pause Young (G1 Evacuation Pause) 137M->4M(227M) 0,835ms
[34,121s][info][gc] GC(226) Pause Young (G1 Evacuation Pause) 137M->4M(227M) 1,688ms
[34,284s][info][gc] GC(227) Pause Young (G1 Evacuation Pause) 137M->4M(227M) 1,573ms
[34,432s][info][gc] GC(228) Pause Young (G1 Evacuation Pause) 137M->4M(227M) 0,952ms
[34,577s][info][gc] GC(229) Pause Young (G1 Evacuation Pause) 137M->4M(227M) 0,921ms
[34,726s][info][gc] GC(230) Pause Young (G1 Evacuation Pause) 137M->4M(227M) 0,728ms
[34,870s][info][gc] GC(231) Pause Young (G1 Evacuation Pause) 137M->4M(227M) 0,784ms
[35,014s][info][gc] GC(232) Pause Young (G1 Evacuation Pause) 137M->4M(227M) 0,795ms
[35,158s][info][gc] GC(233) Pause Young (G1 Evacuation Pause) 137M->4M(227M) 0,757ms
[35,312s][info][gc] GC(234) Pause Young (G1 Evacuation Pause) 137M->4M(227M) 2,044ms
[35,473s][info][gc] GC(235) Pause Young (G1 Evacuation Pause) 137M->4M(227M) 1,280ms
[35,630s][info][gc] GC(236) Pause Young (G1 Evacuation Pause) 137M->4M(227M) 1,232ms
[35,789s][info][gc] GC(237) Pause Young (G1 Evacuation Pause) 137M->4M(227M) 1,542ms
[35,949s][info][gc] GC(238) Pause Young (G1 Evacuation Pause) 137M->4M(227M) 2,901ms
[36,095s][info][gc] GC(239) Pause Young (G1 Evacuation Pause) 137M->4M(227M) 0,822ms
[36,242s][info][gc] GC(240) Pause Young (G1 Evacuation Pause) 137M->4M(227M) 2,835ms
[36,391s][info][gc] GC(241) Pause Young (G1 Evacuation Pause) 137M->4M(227M) 0,693ms
[36,535s][info][gc] GC(242) Pause Young (G1 Evacuation Pause) 137M->4M(227M) 0,694ms
[36,679s][info][gc] GC(243) Pause Young (G1 Evacuation Pause) 137M->4M(227M) 0,827ms
[36,830s][info][gc] GC(244) Pause Young (G1 Evacuation Pause) 137M->4M(227M) 0,977ms
[36,974s][info][gc] GC(245) Pause Young (G1 Evacuation Pause) 137M->4M(227M) 0,859ms
[37,118s][info][gc] GC(246) Pause Young (G1 Evacuation Pause) 137M->4M(227M) 0,820ms
[37,262s][info][gc] GC(247) Pause Young (G1 Evacuation Pause) 137M->4M(227M) 0,705ms
[37,428s][info][gc] GC(248) Pause Young (G1 Evacuation Pause) 137M->4M(227M) 1,349ms
[37,578s][info][gc] GC(249) Pause Young (G1 Evacuation Pause) 137M->4M(227M) 1,053ms
[37,722s][info][gc] GC(250) Pause Young (G1 Evacuation Pause) 137M->4M(227M) 0,766ms
[37,879s][info][gc] GC(251) Pause Young (G1 Evacuation Pause) 137M->4M(227M) 1,275ms
[38,036s][info][gc] GC(252) Pause Young (G1 Evacuation Pause) 137M->4M(227M) 1,356ms
[38,186s][info][gc] GC(253) Pause Young (G1 Evacuation Pause) 137M->4M(227M) 0,831ms
[38,346s][info][gc] GC(254) Pause Young (G1 Evacuation Pause) 137M->4M(227M) 1,738ms
[38,490s][info][gc] GC(255) Pause Young (G1 Evacuation Pause) 136M->3M(227M) 0,720ms
[38,643s][info][gc] GC(256) Pause Young (G1 Evacuation Pause) 136M->3M(227M) 0,720ms
[38,802s][info][gc] GC(257) Pause Young (G1 Evacuation Pause) 136M->3M(227M) 2,557ms
[38,975s][info][gc] GC(258) Pause Young (G1 Evacuation Pause) 136M->3M(227M) 1,215ms
[39,135s][info][gc] GC(259) Pause Young (G1 Evacuation Pause) 136M->3M(227M) 0,794ms
[39,279s][info][gc] GC(260) Pause Young (G1 Evacuation Pause) 136M->3M(227M) 0,867ms
[39,423s][info][gc] GC(261) Pause Young (G1 Evacuation Pause) 136M->3M(227M) 0,930ms
[39,568s][info][gc] GC(262) Pause Young (G1 Evacuation Pause) 136M->3M(227M) 0,666ms
[39,712s][info][gc] GC(263) Pause Young (G1 Evacuation Pause) 136M->4M(227M) 0,671ms
[39,868s][info][gc] GC(264) Pause Young (G1 Evacuation Pause) 137M->4M(227M) 0,857ms
[40,013s][info][gc] GC(265) Pause Young (G1 Evacuation Pause) 137M->3M(227M) 1,642ms
[40,157s][info][gc] GC(266) Pause Young (G1 Evacuation Pause) 136M->4M(227M) 0,731ms
[40,301s][info][gc] GC(267) Pause Young (G1 Evacuation Pause) 137M->3M(227M) 0,848ms
[40,445s][info][gc] GC(268) Pause Young (G1 Evacuation Pause) 136M->3M(227M) 0,864ms
[40,589s][info][gc] GC(269) Pause Young (G1 Evacuation Pause) 136M->4M(227M) 0,863ms
[40,733s][info][gc] GC(270) Pause Young (G1 Evacuation Pause) 137M->4M(227M) 0,860ms
[40,898s][info][gc] GC(271) Pause Young (G1 Evacuation Pause) 137M->4M(227M) 1,522ms
[41,047s][info][gc] GC(272) Pause Young (G1 Evacuation Pause) 137M->4M(227M) 0,879ms
[41,192s][info][gc] GC(273) Pause Young (G1 Evacuation Pause) 137M->4M(227M) 1,466ms
[41,352s][info][gc] GC(274) Pause Young (G1 Evacuation Pause) 137M->4M(227M) 1,079ms
[41,509s][info][gc] GC(275) Pause Young (G1 Evacuation Pause) 137M->4M(227M) 1,128ms
[41,653s][info][gc] GC(276) Pause Young (G1 Evacuation Pause) 137M->4M(227M) 0,784ms
[41,803s][info][gc] GC(277) Pause Young (G1 Evacuation Pause) 137M->4M(227M) 0,909ms
[41,947s][info][gc] GC(278) Pause Young (G1 Evacuation Pause) 137M->4M(227M) 0,703ms
[42,091s][info][gc] GC(279) Pause Young (G1 Evacuation Pause) 137M->4M(227M) 0,858ms
[42,235s][info][gc] GC(280) Pause Young (G1 Evacuation Pause) 137M->4M(227M) 0,868ms
[42,379s][info][gc] GC(281) Pause Young (G1 Evacuation Pause) 137M->4M(227M) 0,717ms
[42,523s][info][gc] GC(282) Pause Young (G1 Evacuation Pause) 137M->4M(227M) 0,695ms
[42,667s][info][gc] GC(283) Pause Young (G1 Evacuation Pause) 137M->4M(227M) 0,852ms
[42,826s][info][gc] GC(284) Pause Young (G1 Evacuation Pause) 137M->4M(227M) 2,810ms
[42,976s][info][gc] GC(285) Pause Young (G1 Evacuation Pause) 137M->4M(227M) 0,714ms
[43,120s][info][gc] GC(286) Pause Young (G1 Evacuation Pause) 137M->4M(227M) 0,777ms
[43,264s][info][gc] GC(287) Pause Young (G1 Evacuation Pause) 137M->4M(227M) 0,708ms
[43,408s][info][gc] GC(288) Pause Young (G1 Evacuation Pause) 137M->4M(227M) 0,753ms
[43,552s][info][gc] GC(289) Pause Young (G1 Evacuation Pause) 137M->4M(227M) 0,931ms
[43,709s][info][gc] GC(290) Pause Young (G1 Evacuation Pause) 137M->4M(227M) 0,831ms
[43,870s][info][gc] GC(291) Pause Young (G1 Evacuation Pause) 137M->4M(227M) 1,727ms
[44,036s][info][gc] GC(292) Pause Young (G1 Evacuation Pause) 137M->4M(227M) 1,249ms
[44,193s][info][gc] GC(293) Pause Young (G1 Evacuation Pause) 137M->4M(227M) 1,225ms
[44,354s][info][gc] GC(294) Pause Young (G1 Evacuation Pause) 137M->4M(227M) 1,249ms
[44,511s][info][gc] GC(295) Pause Young (G1 Evacuation Pause) 137M->4M(227M) 1,258ms
[44,668s][info][gc] GC(296) Pause Young (G1 Evacuation Pause) 137M->4M(227M) 1,273ms
[44,831s][info][gc] GC(297) Pause Young (G1 Evacuation Pause) 137M->4M(227M) 1,116ms
[44,987s][info][gc] GC(298) Pause Young (G1 Evacuation Pause) 137M->4M(227M) 3,391ms
[45,145s][info][gc] GC(299) Pause Young (G1 Evacuation Pause) 136M->3M(227M) 1,022ms
[45,307s][info][gc] GC(300) Pause Young (G1 Evacuation Pause) 136M->3M(227M) 1,473ms
[45,464s][info][gc] GC(301) Pause Young (G1 Evacuation Pause) 136M->3M(227M) 0,972ms
[45,621s][info][gc] GC(302) Pause Young (G1 Evacuation Pause) 136M->3M(227M) 1,044ms
[45,781s][info][gc] GC(303) Pause Young (G1 Evacuation Pause) 136M->3M(227M) 2,590ms
[45,929s][info][gc] GC(304) Pause Young (G1 Evacuation Pause) 136M->3M(227M) 0,929ms
[46,076s][info][gc] GC(305) Pause Young (G1 Evacuation Pause) 136M->3M(227M) 3,246ms
[46,220s][info][gc] GC(306) Pause Young (G1 Evacuation Pause) 136M->3M(227M) 1,029ms
[46,380s][info][gc] GC(307) Pause Young (G1 Evacuation Pause) 136M->3M(227M) 1,088ms
[46,537s][info][gc] GC(308) Pause Young (G1 Evacuation Pause) 136M->4M(227M) 1,158ms
[46,701s][info][gc] GC(309) Pause Young (G1 Evacuation Pause) 137M->4M(227M) 1,171ms
[46,858s][info][gc] GC(310) Pause Young (G1 Evacuation Pause) 137M->3M(227M) 1,170ms
[47,015s][info][gc] GC(311) Pause Young (G1 Evacuation Pause) 136M->3M(227M) 1,139ms
[47,172s][info][gc] GC(312) Pause Young (G1 Evacuation Pause) 136M->4M(227M) 1,557ms
[47,334s][info][gc] GC(313) Pause Young (G1 Evacuation Pause) 137M->3M(227M) 1,180ms
[47,491s][info][gc] GC(314) Pause Young (G1 Evacuation Pause) 136M->4M(227M) 1,065ms
[47,637s][info][gc] GC(315) Pause Young (G1 Evacuation Pause) 137M->4M(227M) 0,780ms
[47,781s][info][gc] GC(316) Pause Young (G1 Evacuation Pause) 137M->4M(227M) 0,805ms
[47,942s][info][gc] GC(317) Pause Young (G1 Evacuation Pause) 137M->4M(227M) 1,193ms
[48,099s][info][gc] GC(318) Pause Young (G1 Evacuation Pause) 137M->4M(227M) 1,181ms
[48,256s][info][gc] GC(319) Pause Young (G1 Evacuation Pause) 137M->4M(227M) 1,202ms
[48,419s][info][gc] GC(320) Pause Young (G1 Evacuation Pause) 137M->4M(227M) 1,287ms
[48,572s][info][gc] GC(321) Pause Young (G1 Evacuation Pause) 137M->4M(227M) 0,731ms
[48,716s][info][gc] GC(322) Pause Young (G1 Evacuation Pause) 137M->4M(227M) 0,666ms
[48,868s][info][gc] GC(323) Pause Young (G1 Evacuation Pause) 137M->4M(227M) 1,748ms
[49,023s][info][gc] GC(324) Pause Young (G1 Evacuation Pause) 137M->4M(227M) 1,107ms
[49,168s][info][gc] GC(325) Pause Young (G1 Evacuation Pause) 137M->4M(227M) 1,005ms
[49,324s][info][gc] GC(326) Pause Young (G1 Evacuation Pause) 137M->4M(227M) 1,158ms
[49,481s][info][gc] GC(327) Pause Young (G1 Evacuation Pause) 137M->4M(227M) 1,236ms
[49,638s][info][gc] GC(328) Pause Young (G1 Evacuation Pause) 137M->4M(227M) 1,071ms
[49,797s][info][gc] GC(329) Pause Young (G1 Evacuation Pause) 137M->4M(227M) 1,540ms
[49,955s][info][gc] GC(330) Pause Young (G1 Evacuation Pause) 137M->4M(227M) 0,932ms
[50,109s][info][gc] GC(331) Pause Young (G1 Evacuation Pause) 137M->4M(227M) 1,183ms
[50,268s][info][gc] GC(332) Pause Young (G1 Evacuation Pause) 137M->4M(227M) 2,781ms
[50,431s][info][gc] GC(333) Pause Young (G1 Evacuation Pause) 137M->4M(227M) 1,335ms
[50,588s][info][gc] GC(334) Pause Young (G1 Evacuation Pause) 137M->4M(227M) 1,340ms
[50,745s][info][gc] GC(335) Pause Young (G1 Evacuation Pause) 137M->4M(227M) 1,642ms
[50,892s][info][gc] GC(336) Pause Young (G1 Evacuation Pause) 137M->4M(227M) 0,841ms
[51,047s][info][gc] GC(337) Pause Young (G1 Evacuation Pause) 137M->4M(227M) 1,508ms
[51,199s][info][gc] GC(338) Pause Young (G1 Evacuation Pause) 137M->4M(227M) 2,231ms
[51,347s][info][gc] GC(339) Pause Young (G1 Evacuation Pause) 137M->3M(227M) 1,593ms
[51,489s][info][gc] GC(340) Pause Young (G1 Evacuation Pause) 137M->11M(227M) 3,894ms
[51,627s][info][gc] GC(341) Pause Young (G1 Evacuation Pause) 136M->12M(227M) 3,158ms
[51,790s][info][gc] GC(342) Pause Young (G1 Evacuation Pause) 137M->13M(227M) 5,977ms
[51,933s][info][gc] GC(343) Pause Young (G1 Evacuation Pause) 139M->6M(227M) 1,109ms
[52,094s][info][gc] GC(344) Pause Young (G1 Evacuation Pause) 139M->5M(227M) 2,304ms
[52,252s][info][gc] GC(345) Pause Young (G1 Evacuation Pause) 138M->5M(227M) 1,354ms
[52,413s][info][gc] GC(346) Pause Young (G1 Evacuation Pause) 138M->5M(227M) 1,407ms
[52,571s][info][gc] GC(347) Pause Young (G1 Evacuation Pause) 138M->5M(227M) 1,360ms
[52,729s][info][gc] GC(348) Pause Young (G1 Evacuation Pause) 138M->5M(227M) 1,338ms
[52,879s][info][gc] GC(349) Pause Young (G1 Evacuation Pause) 138M->5M(227M) 0,907ms
[53,023s][info][gc] GC(350) Pause Young (G1 Evacuation Pause) 138M->5M(227M) 0,975ms
[53,170s][info][gc] GC(351) Pause Young (G1 Evacuation Pause) 138M->5M(227M) 0,957ms
[53,316s][info][gc] GC(352) Pause Young (G1 Evacuation Pause) 138M->5M(227M) 0,820ms
[53,460s][info][gc] GC(353) Pause Young (G1 Evacuation Pause) 138M->5M(227M) 0,675ms
[53,606s][info][gc] GC(354) Pause Young (G1 Evacuation Pause) 138M->5M(227M) 2,212ms
[53,764s][info][gc] GC(355) Pause Young (G1 Evacuation Pause) 138M->4M(227M) 1,639ms
[53,925s][info][gc] GC(356) Pause Young (G1 Evacuation Pause) 138M->3M(227M) 2,267ms
[54,141s][info][gc] GC(357) Pause Young (G1 Evacuation Pause) 138M->11M(227M) 7,067ms
[54,379s][info][gc] GC(358) Pause Young (G1 Evacuation Pause) 138M->13M(227M) 7,708ms
[54,540s][info][gc] GC(359) Pause Young (G1 Evacuation Pause) 138M->6M(227M) 2,369ms
[54,702s][info][gc] GC(360) Pause Young (G1 Evacuation Pause) 139M->5M(227M) 3,118ms
[54,864s][info][gc] GC(361) Pause Young (G1 Evacuation Pause) 139M->5M(227M) 1,396ms
[55,014s][info][gc] GC(362) Pause Young (G1 Evacuation Pause) 139M->6M(227M) 1,919ms
[55,187s][info][gc] GC(363) Pause Young (G1 Evacuation Pause) 139M->6M(227M) 2,099ms
[55,347s][info][gc] GC(364) Pause Young (G1 Evacuation Pause) 139M->5M(227M) 1,140ms
[55,492s][info][gc] GC(365) Pause Young (G1 Evacuation Pause) 139M->7M(227M) 1,144ms
[55,636s][info][gc] GC(366) Pause Young (G1 Evacuation Pause) 139M->6M(227M) 1,032ms
[55,791s][info][gc] GC(367) Pause Young (G1 Evacuation Pause) 139M->5M(227M) 1,543ms
[55,936s][info][gc] GC(368) Pause Young (G1 Evacuation Pause) 139M->6M(227M) 1,657ms
[56,080s][info][gc] GC(369) Pause Young (G1 Evacuation Pause) 139M->7M(227M) 0,967ms
[56,224s][info][gc] GC(370) Pause Young (G1 Evacuation Pause) 139M->6M(227M) 0,748ms
[56,373s][info][gc] GC(371) Pause Young (G1 Evacuation Pause) 139M->5M(227M) 0,860ms
[56,517s][info][gc] GC(372) Pause Young (G1 Evacuation Pause) 139M->6M(227M) 0,863ms
[56,665s][info][gc] GC(373) Pause Young (G1 Evacuation Pause) 139M->6M(227M) 0,896ms
[56,813s][info][gc] GC(374) Pause Young (G1 Evacuation Pause) 139M->7M(227M) 1,950ms
[56,957s][info][gc] GC(375) Pause Young (G1 Evacuation Pause) 139M->6M(227M) 0,850ms
[57,108s][info][gc] GC(376) Pause Young (G1 Evacuation Pause) 139M->6M(227M) 2,019ms
[57,260s][info][gc] GC(377) Pause Young (G1 Evacuation Pause) 140M->6M(227M) 1,689ms
[57,405s][info][gc] GC(378) Pause Young (G1 Evacuation Pause) 139M->7M(227M) 0,883ms
[57,549s][info][gc] GC(379) Pause Young (G1 Evacuation Pause) 139M->6M(227M) 0,755ms
[57,693s][info][gc] GC(380) Pause Young (G1 Evacuation Pause) 140M->7M(227M) 0,975ms
[57,861s][info][gc] GC(381) Pause Young (G1 Evacuation Pause) 139M->6M(227M) 5,872ms
[58,035s][info][gc] GC(382) Pause Young (G1 Evacuation Pause) 140M->6M(227M) 2,076ms
[58,194s][info][gc] GC(383) Pause Young (G1 Evacuation Pause) 139M->6M(227M) 0,928ms
[58,339s][info][gc] GC(384) Pause Young (G1 Evacuation Pause) 139M->6M(227M) 1,820ms
[58,484s][info][gc] GC(385) Pause Young (G1 Evacuation Pause) 139M->6M(227M) 1,746ms
[58,628s][info][gc] GC(386) Pause Young (G1 Evacuation Pause) 139M->6M(227M) 1,000ms
[58,772s][info][gc] GC(387) Pause Young (G1 Evacuation Pause) 139M->6M(227M) 1,012ms
[58,916s][info][gc] GC(388) Pause Young (G1 Evacuation Pause) 139M->6M(227M) 0,868ms
[59,075s][info][gc] GC(389) Pause Young (G1 Evacuation Pause) 139M->6M(227M) 1,700ms
[59,235s][info][gc] GC(390) Pause Young (G1 Evacuation Pause) 139M->6M(227M) 3,307ms
[59,398s][info][gc] GC(391) Pause Young (G1 Evacuation Pause) 139M->6M(227M) 1,767ms
[59,556s][info][gc] GC(392) Pause Young (G1 Evacuation Pause) 139M->6M(227M) 1,729ms
[59,714s][info][gc] GC(393) Pause Young (G1 Evacuation Pause) 139M->6M(227M) 1,660ms
[59,859s][info][gc] GC(394) Pause Young (G1 Evacuation Pause) 139M->6M(227M) 0,965ms
[60,022s][info][gc] GC(395) Pause Young (G1 Evacuation Pause) 139M->6M(227M) 1,630ms
[60,184s][info][gc] GC(396) Pause Young (G1 Evacuation Pause) 139M->6M(227M) 1,586ms
[60,328s][info][gc] GC(397) Pause Young (G1 Evacuation Pause) 139M->6M(227M) 0,839ms
[60,472s][info][gc] GC(398) Pause Young (G1 Evacuation Pause) 139M->6M(227M) 1,025ms
[60,616s][info][gc] GC(399) Pause Young (G1 Evacuation Pause) 139M->6M(227M) 0,972ms
[60,760s][info][gc] GC(400) Pause Young (G1 Evacuation Pause) 139M->6M(227M) 0,880ms
[60,904s][info][gc] GC(401) Pause Young (G1 Evacuation Pause) 139M->6M(227M) 0,966ms
[61,049s][info][gc] GC(402) Pause Young (G1 Evacuation Pause) 139M->6M(227M) 1,220ms
[61,192s][info][gc] GC(403) Pause Young (G1 Evacuation Pause) 139M->6M(227M) 0,970ms
[61,352s][info][gc] GC(404) Pause Young (G1 Evacuation Pause) 139M->6M(227M) 2,426ms
[61,499s][info][gc] GC(405) Pause Young (G1 Evacuation Pause) 139M->6M(227M) 1,275ms
[61,645s][info][gc] GC(406) Pause Young (G1 Evacuation Pause) 139M->6M(227M) 1,253ms
[61,796s][info][gc] GC(407) Pause Young (G1 Evacuation Pause) 140M->7M(227M) 1,269ms
[61,959s][info][gc] GC(408) Pause Young (G1 Evacuation Pause) 140M->6M(227M) 1,698ms
[62,111s][info][gc] GC(409) Pause Young (G1 Evacuation Pause) 139M->7M(227M) 1,702ms
[62,258s][info][gc] GC(410) Pause Young (G1 Evacuation Pause) 140M->6M(227M) 1,200ms
[62,458s][info][gc] GC(411) Pause Young (G1 Evacuation Pause) 139M->6M(227M) 4,267ms
[62,639s][info][gc] GC(412) Pause Young (G1 Evacuation Pause) 139M->6M(227M) 1,144ms
[62,783s][info][gc] GC(413) Pause Young (G1 Evacuation Pause) 139M->6M(227M) 1,041ms
[62,937s][info][gc] GC(414) Pause Young (G1 Evacuation Pause) 139M->6M(227M) 1,260ms
[63,082s][info][gc] GC(415) Pause Young (G1 Evacuation Pause) 139M->7M(227M) 1,358ms
[63,238s][info][gc] GC(416) Pause Young (G1 Evacuation Pause) 140M->7M(227M) 3,408ms
[63,383s][info][gc] GC(417) Pause Young (G1 Evacuation Pause) 140M->7M(227M) 1,034ms
[63,527s][info][gc] GC(418) Pause Young (G1 Evacuation Pause) 140M->7M(227M) 0,930ms
[63,671s][info][gc] GC(419) Pause Young (G1 Evacuation Pause) 140M->7M(227M) 1,029ms
[63,833s][info][gc] GC(420) Pause Young (G1 Evacuation Pause) 140M->7M(227M) 3,413ms
[63,979s][info][gc] GC(421) Pause Young (G1 Evacuation Pause) 140M->7M(227M) 1,127ms
[64,123s][info][gc] GC(422) Pause Young (G1 Evacuation Pause) 140M->6M(227M) 1,144ms
[64,272s][info][gc] GC(423) Pause Young (G1 Evacuation Pause) 139M->7M(227M) 3,904ms
[64,426s][info][gc] GC(424) Pause Young (G1 Evacuation Pause) 140M->7M(227M) 1,340ms
[64,571s][info][gc] GC(425) Pause Young (G1 Evacuation Pause) 140M->7M(227M) 1,248ms
[64,716s][info][gc] GC(426) Pause Young (G1 Evacuation Pause) 140M->7M(227M) 1,433ms
[64,878s][info][gc] GC(427) Pause Young (G1 Evacuation Pause) 140M->7M(227M) 1,570ms
[65,036s][info][gc] GC(428) Pause Young (G1 Evacuation Pause) 140M->7M(227M) 1,614ms
[65,194s][info][gc] GC(429) Pause Young (G1 Evacuation Pause) 140M->7M(227M) 1,565ms
[65,352s][info][gc] GC(430) Pause Young (G1 Evacuation Pause) 140M->7M(227M) 1,710ms
[65,510s][info][gc] GC(431) Pause Young (G1 Evacuation Pause) 140M->7M(227M) 1,725ms
[65,667s][info][gc] GC(432) Pause Young (G1 Evacuation Pause) 140M->7M(227M) 1,817ms
[65,811s][info][gc] GC(433) Pause Young (G1 Evacuation Pause) 140M->7M(227M) 0,981ms
[65,977s][info][gc] GC(434) Pause Young (G1 Evacuation Pause) 140M->6M(227M) 2,570ms
[66,124s][info][gc] GC(435) Pause Young (G1 Evacuation Pause) 139M->6M(227M) 1,877ms
[66,269s][info][gc] GC(436) Pause Young (G1 Evacuation Pause) 140M->8M(227M) 1,813ms
[66,413s][info][gc] GC(437) Pause Young (G1 Evacuation Pause) 140M->6M(227M) 0,806ms
[66,557s][info][gc] GC(438) Pause Young (G1 Evacuation Pause) 139M->6M(227M) 0,929ms
[66,715s][info][gc] GC(439) Pause Young (G1 Evacuation Pause) 140M->7M(227M) 1,725ms
[66,872s][info][gc] GC(440) Pause Young (G1 Evacuation Pause) 139M->6M(227M) 1,730ms
[67,024s][info][gc] GC(441) Pause Young (G1 Evacuation Pause) 139M->6M(227M) 0,986ms
[67,168s][info][gc] GC(442) Pause Young (G1 Evacuation Pause) 139M->6M(227M) 0,835ms
[67,323s][info][gc] GC(443) Pause Young (G1 Evacuation Pause) 139M->6M(227M) 1,722ms
[67,481s][info][gc] GC(444) Pause Young (G1 Evacuation Pause) 140M->7M(227M) 1,649ms
[67,639s][info][gc] GC(445) Pause Young (G1 Evacuation Pause) 140M->8M(227M) 1,775ms
[67,795s][info][gc] GC(446) Pause Young (G1 Evacuation Pause) 140M->7M(227M) 3,883ms
[67,954s][info][gc] GC(447) Pause Young (G1 Evacuation Pause) 140M->6M(227M) 1,691ms
[68,112s][info][gc] GC(448) Pause Young (G1 Evacuation Pause) 140M->7M(227M) 1,611ms
[68,264s][info][gc] GC(449) Pause Young (G1 Evacuation Pause) 140M->7M(227M) 0,876ms
[68,408s][info][gc] GC(450) Pause Young (G1 Evacuation Pause) 140M->7M(227M) 1,053ms
[68,562s][info][gc] GC(451) Pause Young (G1 Evacuation Pause) 140M->7M(227M) 1,170ms
[68,705s][info][gc] GC(452) Pause Young (G1 Evacuation Pause) 140M->7M(227M) 1,054ms
[68,849s][info][gc] GC(453) Pause Young (G1 Evacuation Pause) 140M->7M(227M) 0,842ms
[68,993s][info][gc] GC(454) Pause Young (G1 Evacuation Pause) 140M->7M(227M) 0,896ms
[69,158s][info][gc] GC(455) Pause Young (G1 Evacuation Pause) 140M->7M(227M) 1,334ms
[69,303s][info][gc] GC(456) Pause Young (G1 Evacuation Pause) 140M->7M(227M) 1,707ms
[69,448s][info][gc] GC(457) Pause Young (G1 Evacuation Pause) 140M->7M(227M) 1,680ms
[69,592s][info][gc] GC(458) Pause Young (G1 Evacuation Pause) 140M->7M(227M) 0,820ms
[69,736s][info][gc] GC(459) Pause Young (G1 Evacuation Pause) 140M->7M(227M) 0,817ms
[69,880s][info][gc] GC(460) Pause Young (G1 Evacuation Pause) 140M->7M(227M) 0,815ms
[70,030s][info][gc] GC(461) Pause Young (G1 Evacuation Pause) 140M->7M(227M) 0,834ms
[70,176s][info][gc] GC(462) Pause Young (G1 Evacuation Pause) 140M->7M(227M) 1,713ms
[70,321s][info][gc] GC(463) Pause Young (G1 Evacuation Pause) 140M->7M(227M) 1,777ms
[70,465s][info][gc] GC(464) Pause Young (G1 Evacuation Pause) 140M->7M(227M) 0,910ms
[70,635s][info][gc] GC(465) Pause Young (G1 Evacuation Pause) 140M->7M(227M) 1,554ms
[70,792s][info][gc] GC(466) Pause Young (G1 Evacuation Pause) 140M->7M(227M) 1,738ms
[70,950s][info][gc] GC(467) Pause Young (G1 Evacuation Pause) 140M->7M(227M) 1,749ms
[71,108s][info][gc] GC(468) Pause Young (G1 Evacuation Pause) 140M->7M(227M) 1,776ms
[71,266s][info][gc] GC(469) Pause Young (G1 Evacuation Pause) 140M->7M(227M) 1,453ms
[71,438s][info][gc] GC(470) Pause Young (G1 Evacuation Pause) 140M->7M(227M) 1,571ms
[71,596s][info][gc] GC(471) Pause Young (G1 Evacuation Pause) 140M->7M(227M) 1,575ms
[71,753s][info][gc] GC(472) Pause Young (G1 Evacuation Pause) 140M->7M(227M) 1,550ms
[71,910s][info][gc] GC(473) Pause Young (G1 Evacuation Pause) 140M->7M(227M) 1,195ms
[72,066s][info][gc] GC(474) Pause Young (G1 Evacuation Pause) 140M->7M(227M) 1,808ms
[72,224s][info][gc] GC(475) Pause Young (G1 Evacuation Pause) 140M->7M(227M) 1,883ms
[72,374s][info][gc] GC(476) Pause Young (G1 Evacuation Pause) 140M->7M(227M) 1,522ms
[72,521s][info][gc] GC(477) Pause Young (G1 Evacuation Pause) 140M->7M(227M) 1,143ms
[72,667s][info][gc] GC(478) Pause Young (G1 Evacuation Pause) 140M->7M(227M) 1,220ms
[72,828s][info][gc] GC(479) Pause Young (G1 Evacuation Pause) 140M->7M(227M) 1,601ms
[72,972s][info][gc] GC(480) Pause Young (G1 Evacuation Pause) 140M->7M(227M) 0,780ms
[73,125s][info][gc] GC(481) Pause Young (G1 Evacuation Pause) 140M->7M(227M) 1,194ms
[73,273s][info][gc] GC(482) Pause Young (G1 Evacuation Pause) 140M->7M(227M) 3,794ms
[73,439s][info][gc] GC(483) Pause Young (G1 Evacuation Pause) 140M->7M(227M) 4,275ms
[73,590s][info][gc] GC(484) Pause Young (G1 Evacuation Pause) 140M->7M(227M) 0,811ms
[73,734s][info][gc] GC(485) Pause Young (G1 Evacuation Pause) 140M->7M(227M) 0,876ms
[73,878s][info][gc] GC(486) Pause Young (G1 Evacuation Pause) 140M->7M(227M) 0,866ms
[74,032s][info][gc] GC(487) Pause Young (G1 Evacuation Pause) 140M->7M(227M) 1,662ms
[74,178s][info][gc] GC(488) Pause Young (G1 Evacuation Pause) 141M->8M(227M) 0,886ms
[74,336s][info][gc] GC(489) Pause Young (G1 Evacuation Pause) 141M->8M(227M) 1,287ms
[74,481s][info][gc] GC(490) Pause Young (G1 Evacuation Pause) 141M->8M(227M) 1,511ms
[74,626s][info][gc] GC(491) Pause Young (G1 Evacuation Pause) 141M->8M(227M) 1,303ms
[74,771s][info][gc] GC(492) Pause Young (G1 Evacuation Pause) 141M->8M(227M) 1,430ms
[74,916s][info][gc] GC(493) Pause Young (G1 Evacuation Pause) 141M->8M(227M) 1,336ms
[75,061s][info][gc] GC(494) Pause Young (G1 Evacuation Pause) 140M->7M(227M) 1,417ms
[75,206s][info][gc] GC(495) Pause Young (G1 Evacuation Pause) 141M->8M(227M) 1,266ms
[75,351s][info][gc] GC(496) Pause Young (G1 Evacuation Pause) 141M->8M(227M) 1,332ms
[75,496s][info][gc] GC(497) Pause Young (G1 Evacuation Pause) 141M->8M(227M) 1,409ms
[75,641s][info][gc] GC(498) Pause Young (G1 Evacuation Pause) 141M->8M(227M) 1,496ms
[75,793s][info][gc] GC(499) Pause Young (G1 Evacuation Pause) 141M->8M(227M) 3,801ms
[75,942s][info][gc] GC(500) Pause Young (G1 Evacuation Pause) 141M->8M(227M) 0,927ms
[76,086s][info][gc] GC(501) Pause Young (G1 Evacuation Pause) 141M->8M(227M) 0,975ms
[76,230s][info][gc] GC(502) Pause Young (G1 Evacuation Pause) 141M->8M(227M) 1,004ms
[76,374s][info][gc] GC(503) Pause Young (G1 Evacuation Pause) 141M->8M(227M) 0,973ms
[76,523s][info][gc] GC(504) Pause Young (G1 Evacuation Pause) 141M->8M(227M) 3,944ms
[76,685s][info][gc] GC(505) Pause Young (G1 Evacuation Pause) 141M->8M(227M) 1,068ms
[76,839s][info][gc] GC(506) Pause Young (G1 Evacuation Pause) 141M->8M(227M) 1,588ms
[76,991s][info][gc] GC(507) Pause Young (G1 Evacuation Pause) 141M->8M(227M) 1,037ms
[77,136s][info][gc] GC(508) Pause Young (G1 Evacuation Pause) 141M->8M(227M) 1,171ms
[77,281s][info][gc] GC(509) Pause Young (G1 Evacuation Pause) 141M->8M(227M) 1,171ms
[77,449s][info][gc] GC(510) Pause Young (G1 Evacuation Pause) 141M->8M(227M) 1,427ms
[77,594s][info][gc] GC(511) Pause Young (G1 Evacuation Pause) 141M->8M(227M) 1,379ms
[77,739s][info][gc] GC(512) Pause Young (G1 Evacuation Pause) 141M->8M(227M) 1,229ms
[77,907s][info][gc] GC(513) Pause Young (G1 Evacuation Pause) 141M->8M(227M) 2,053ms
[78,071s][info][gc] GC(514) Pause Young (G1 Evacuation Pause) 141M->8M(227M) 1,711ms
[78,216s][info][gc] GC(515) Pause Young (G1 Evacuation Pause) 141M->8M(227M) 1,699ms
[78,360s][info][gc] GC(516) Pause Young (G1 Evacuation Pause) 141M->8M(227M) 1,051ms
[78,529s][info][gc] GC(517) Pause Young (G1 Evacuation Pause) 141M->8M(227M) 1,565ms
[78,686s][info][gc] GC(518) Pause Young (G1 Evacuation Pause) 141M->8M(227M) 1,547ms
[78,863s][info][gc] GC(519) Pause Young (G1 Evacuation Pause) 141M->8M(227M) 2,463ms
[79,021s][info][gc] GC(520) Pause Young (G1 Evacuation Pause) 141M->8M(227M) 1,700ms
[79,179s][info][gc] GC(521) Pause Young (G1 Evacuation Pause) 141M->8M(227M) 1,721ms
[79,340s][info][gc] GC(522) Pause Young (G1 Evacuation Pause) 141M->8M(227M) 1,991ms
[79,498s][info][gc] GC(523) Pause Young (G1 Evacuation Pause) 141M->8M(227M) 1,592ms
[79,643s][info][gc] GC(524) Pause Young (G1 Evacuation Pause) 141M->8M(227M) 0,850ms
[79,787s][info][gc] GC(525) Pause Young (G1 Evacuation Pause) 141M->8M(227M) 1,000ms
[79,948s][info][gc] GC(526) Pause Young (G1 Evacuation Pause) 141M->8M(227M) 1,638ms
[80,116s][info][gc] GC(527) Pause Young (G1 Evacuation Pause) 141M->8M(227M) 1,722ms
[80,263s][info][gc] GC(528) Pause Young (G1 Evacuation Pause) 141M->8M(227M) 1,190ms
[80,429s][info][gc] GC(529) Pause Young (G1 Evacuation Pause) 141M->8M(227M) 1,551ms
[80,574s][info][gc] GC(530) Pause Young (G1 Evacuation Pause) 141M->8M(227M) 0,914ms
[80,718s][info][gc] GC(531) Pause Young (G1 Evacuation Pause) 141M->8M(227M) 0,984ms
[80,862s][info][gc] GC(532) Pause Young (G1 Evacuation Pause) 141M->8M(227M) 0,967ms
[81,006s][info][gc] GC(533) Pause Young (G1 Evacuation Pause) 141M->8M(227M) 1,030ms
[81,150s][info][gc] GC(534) Pause Young (G1 Evacuation Pause) 141M->8M(227M) 1,060ms
[81,294s][info][gc] GC(535) Pause Young (G1 Evacuation Pause) 141M->8M(227M) 1,034ms
[81,438s][info][gc] GC(536) Pause Young (G1 Evacuation Pause) 141M->8M(227M) 1,122ms
[81,582s][info][gc] GC(537) Pause Young (G1 Evacuation Pause) 141M->8M(227M) 0,990ms
[81,726s][info][gc] GC(538) Pause Young (G1 Evacuation Pause) 141M->8M(227M) 1,038ms
[81,870s][info][gc] GC(539) Pause Young (G1 Evacuation Pause) 141M->8M(227M) 0,947ms
[82,040s][info][gc] GC(540) Pause Young (G1 Evacuation Pause) 141M->8M(227M) 1,700ms
[82,185s][info][gc] GC(541) Pause Young (G1 Evacuation Pause) 141M->8M(227M) 1,706ms
[82,330s][info][gc] GC(542) Pause Young (G1 Evacuation Pause) 141M->8M(227M) 2,211ms
[82,478s][info][gc] GC(543) Pause Young (G1 Evacuation Pause) 141M->8M(227M) 4,993ms
[82,622s][info][gc] GC(544) Pause Young (G1 Evacuation Pause) 142M->9M(227M) 1,034ms
[82,768s][info][gc] GC(545) Pause Young (G1 Evacuation Pause) 141M->8M(227M) 2,698ms
[82,929s][info][gc] GC(546) Pause Young (G1 Evacuation Pause) 141M->8M(227M) 1,728ms
[83,087s][info][gc] GC(547) Pause Young (G1 Evacuation Pause) 141M->8M(227M) 1,870ms
[83,245s][info][gc] GC(548) Pause Young (G1 Evacuation Pause) 141M->8M(227M) 1,716ms
[83,403s][info][gc] GC(549) Pause Young (G1 Evacuation Pause) 141M->8M(227M) 1,836ms
[83,548s][info][gc] GC(550) Pause Young (G1 Evacuation Pause) 141M->8M(227M) 0,884ms
[83,692s][info][gc] GC(551) Pause Young (G1 Evacuation Pause) 141M->8M(227M) 0,865ms
[83,836s][info][gc] GC(552) Pause Young (G1 Evacuation Pause) 141M->8M(227M) 0,915ms
[83,980s][info][gc] GC(553) Pause Young (G1 Evacuation Pause) 142M->9M(227M) 0,869ms
[84,124s][info][gc] GC(554) Pause Young (G1 Evacuation Pause) 142M->9M(227M) 0,877ms
[84,272s][info][gc] GC(555) Pause Young (G1 Evacuation Pause) 142M->9M(227M) 3,329ms
[84,441s][info][gc] GC(556) Pause Young (G1 Evacuation Pause) 142M->9M(227M) 3,439ms
[84,597s][info][gc] GC(557) Pause Young (G1 Evacuation Pause) 142M->9M(227M) 1,009ms
[84,741s][info][gc] GC(558) Pause Young (G1 Evacuation Pause) 142M->9M(227M) 0,871ms
[84,885s][info][gc] GC(559) Pause Young (G1 Evacuation Pause) 142M->9M(227M) 0,947ms
[85,029s][info][gc] GC(560) Pause Young (G1 Evacuation Pause) 142M->9M(227M) 0,998ms
[85,173s][info][gc] GC(561) Pause Young (G1 Evacuation Pause) 142M->9M(227M) 1,004ms
[85,330s][info][gc] GC(562) Pause Young (G1 Evacuation Pause) 142M->9M(227M) 1,960ms
[85,487s][info][gc] GC(563) Pause Young (G1 Evacuation Pause) 142M->9M(227M) 1,454ms
[85,651s][info][gc] GC(564) Pause Young (G1 Evacuation Pause) 142M->9M(227M) 1,638ms
[85,796s][info][gc] GC(565) Pause Young (G1 Evacuation Pause) 142M->9M(227M) 0,906ms
[85,943s][info][gc] GC(566) Pause Young (G1 Evacuation Pause) 142M->8M(227M) 3,600ms
[86,104s][info][gc] GC(567) Pause Young (G1 Evacuation Pause) 141M->8M(227M) 2,662ms
[86,252s][info][gc] GC(568) Pause Young (G1 Evacuation Pause) 141M->9M(227M) 2,016ms
[86,418s][info][gc] GC(569) Pause Young (G1 Evacuation Pause) 142M->9M(227M) 1,661ms
[86,576s][info][gc] GC(570) Pause Young (G1 Evacuation Pause) 142M->9M(227M) 1,669ms
[86,722s][info][gc] GC(571) Pause Young (G1 Evacuation Pause) 142M->8M(227M) 1,342ms
[86,867s][info][gc] GC(572) Pause Young (G1 Evacuation Pause) 141M->9M(227M) 1,315ms
[87,011s][info][gc] GC(573) Pause Young (G1 Evacuation Pause) 142M->9M(227M) 1,032ms
[87,156s][info][gc] GC(574) Pause Young (G1 Evacuation Pause) 142M->9M(227M) 1,733ms
[87,324s][info][gc] GC(575) Pause Young (G1 Evacuation Pause) 142M->9M(227M) 2,370ms
[87,482s][info][gc] GC(576) Pause Young (G1 Evacuation Pause) 142M->9M(227M) 1,714ms
[87,640s][info][gc] GC(577) Pause Young (G1 Evacuation Pause) 142M->9M(227M) 1,802ms
[87,798s][info][gc] GC(578) Pause Young (G1 Evacuation Pause) 142M->9M(227M) 1,680ms
[87,956s][info][gc] GC(579) Pause Young (G1 Evacuation Pause) 142M->9M(227M) 1,695ms
[88,101s][info][gc] GC(580) Pause Young (G1 Evacuation Pause) 142M->9M(227M) 0,900ms
[88,245s][info][gc] GC(581) Pause Young (G1 Evacuation Pause) 142M->9M(227M) 0,902ms
[88,401s][info][gc] GC(582) Pause Young (G1 Evacuation Pause) 142M->9M(227M) 0,821ms
[88,468s][info][gc] GC(583) Pause Full (System.gc()) 48M->5M(20M) 25,756ms
[88,478s][info][gc] GC(584) Pause Young (G1 Evacuation Pause) 14M->14M(24M) 4,301ms
[88,490s][info][gc] GC(585) Pause Initial Mark (G1 Evacuation Pause) 16M->13M(24M) 1,608ms
[88,490s][info][gc] GC(586) Concurrent Cycle
[88,494s][info][gc] GC(587) Pause Young (G1 Evacuation Pause) 16M->15M(24M) 3,005ms
[88,499s][info][gc] GC(588) Pause Young (G1 Evacuation Pause) 17M->17M(24M) 3,398ms
[88,506s][info][gc] GC(589) Pause Young (G1 Evacuation Pause) 19M->19M(74M) 3,047ms
[88,518s][info][gc] GC(586) Pause Remark 22M->22M(74M) 2,164ms
[88,521s][info][gc] GC(586) Pause Cleanup 28M->22M(74M) 0,161ms
[88,523s][info][gc] GC(586) Concurrent Cycle 32,488ms
[88,561s][info][gc] GC(590) Pause Young (G1 Evacuation Pause) 48M->17M(74M) 1,433ms
[88,597s][info][gc] GC(591) Pause Young (G1 Evacuation Pause) 52M->22M(74M) 1,956ms
[88,631s][info][gc] GC(592) Pause Young (G1 Evacuation Pause) 54M->24M(74M) 1,480ms
[88,665s][info][gc] GC(593) Pause Young (G1 Evacuation Pause) 53M->24M(99M) 1,234ms
[88,715s][info][gc] GC(594) Pause Young (G1 Evacuation Pause) 66M->25M(99M) 1,224ms
[88,760s][info][gc] GC(595) Pause Young (G1 Evacuation Pause) 67M->27M(99M) 1,369ms
[88,817s][info][gc] GC(596) Pause Young (G1 Evacuation Pause) 69M->29M(99M) 4,149ms
[88,866s][info][gc] GC(597) Pause Young (G1 Evacuation Pause) 69M->31M(172M) 3,424ms
[88,995s][info][gc] GC(598) Pause Young (G1 Evacuation Pause) 119M->29M(172M) 1,002ms
[89,106s][info][gc] GC(599) Pause Young (G1 Evacuation Pause) 123M->31M(172M) 1,722ms
[89,220s][info][gc] GC(600) Pause Young (G1 Evacuation Pause) 126M->34M(172M) 2,240ms
[89,335s][info][gc] GC(601) Pause Young (G1 Evacuation Pause) 128M->36M(238M) 3,206ms
[89,503s][info][gc] GC(602) Pause Young (G1 Evacuation Pause) 167M->34M(238M) 3,065ms
[89,648s][info][gc] GC(603) Pause Young (G1 Evacuation Pause) 167M->34M(238M) 1,563ms
[89,793s][info][gc] GC(604) Pause Young (G1 Evacuation Pause) 167M->34M(238M) 1,644ms
[89,947s][info][gc] GC(605) Pause Young (G1 Evacuation Pause) 167M->34M(238M) 9,183ms
[90,101s][info][gc] GC(606) Pause Young (G1 Evacuation Pause) 167M->33M(238M) 2,448ms
[90,246s][info][gc] GC(607) Pause Young (G1 Evacuation Pause) 166M->33M(315M) 1,959ms
[90,488s][info][gc] GC(608) Pause Young (G1 Evacuation Pause) 213M->29M(315M) 1,048ms
[90,688s][info][gc] GC(609) Pause Young (G1 Evacuation Pause) 213M->29M(315M) 1,087ms
[90,886s][info][gc] GC(610) Pause Young (G1 Evacuation Pause) 213M->29M(315M) 0,987ms
[91,098s][info][gc] GC(611) Pause Young (G1 Evacuation Pause) 214M->30M(315M) 1,705ms
[91,312s][info][gc] GC(612) Pause Young (G1 Evacuation Pause) 214M->29M(315M) 1,878ms
[91,520s][info][gc] GC(613) Pause Young (G1 Evacuation Pause) 213M->29M(315M) 1,430ms
[91,735s][info][gc] GC(614) Pause Young (G1 Evacuation Pause) 213M->29M(315M) 3,479ms
[91,940s][info][gc] GC(615) Pause Young (G1 Evacuation Pause) 213M->29M(315M) 1,467ms
[92,140s][info][gc] GC(616) Pause Young (G1 Evacuation Pause) 213M->29M(315M) 1,633ms
[92,354s][info][gc] GC(617) Pause Young (G1 Evacuation Pause) 214M->30M(315M) 1,872ms
[92,554s][info][gc] GC(618) Pause Young (G1 Evacuation Pause) 214M->29M(315M) 1,120ms
[92,754s][info][gc] GC(619) Pause Young (G1 Evacuation Pause) 213M->29M(315M) 2,401ms
[92,978s][info][gc] GC(620) Pause Young (G1 Evacuation Pause) 213M->29M(315M) 2,034ms
[93,211s][info][gc] GC(621) Pause Young (G1 Evacuation Pause) 213M->29M(315M) 1,892ms
[93,436s][info][gc] GC(622) Pause Young (G1 Evacuation Pause) 213M->29M(315M) 1,850ms
[93,654s][info][gc] GC(623) Pause Young (G1 Evacuation Pause) 214M->30M(315M) 1,949ms
[93,856s][info][gc] GC(624) Pause Young (G1 Evacuation Pause) 214M->30M(315M) 2,654ms
[94,065s][info][gc] GC(625) Pause Young (G1 Evacuation Pause) 214M->29M(315M) 2,950ms
[94,265s][info][gc] GC(626) Pause Young (G1 Evacuation Pause) 213M->29M(315M) 1,916ms
[94,465s][info][gc] GC(627) Pause Young (G1 Evacuation Pause) 213M->29M(315M) 1,084ms
[94,664s][info][gc] GC(628) Pause Young (G1 Evacuation Pause) 213M->29M(315M) 1,382ms
[94,880s][info][gc] GC(629) Pause Young (G1 Evacuation Pause) 214M->30M(315M) 2,039ms
[95,105s][info][gc] GC(630) Pause Young (G1 Evacuation Pause) 214M->30M(315M) 2,715ms
[95,329s][info][gc] GC(631) Pause Full (System.gc()) 210M->5M(30M) 31,249ms
[95,338s][info][gc] GC(632) Pause Young (G1 Evacuation Pause) 15M->15M(30M) 2,089ms
[95,348s][info][gc] GC(633) Pause Initial Mark (G1 Evacuation Pause) 17M->15M(30M) 0,808ms
[95,348s][info][gc] GC(634) Concurrent Cycle
[95,349s][info][gc] GC(635) Pause Young (G1 Evacuation Pause) 17M->17M(30M) 0,762ms
[95,351s][info][gc] GC(636) Pause Young (G1 Evacuation Pause) 20M->20M(30M) 1,300ms
[95,365s][info][gc] GC(634) Pause Remark 24M->24M(30M) 1,964ms
[95,367s][info][gc] GC(637) Pause Young (G1 Evacuation Pause) 24M->24M(33M) 1,952ms
[95,370s][info][gc] GC(638) Pause Young (G1 Evacuation Pause) 28M->28M(37M) 2,434ms
[95,375s][info][gc] GC(639) Pause Young (G1 Evacuation Pause) 32M->32M(50M) 3,260ms
[95,375s][info][gc] GC(634) Pause Cleanup 33M->26M(50M) 0,117ms
[95,376s][info][gc] GC(634) Concurrent Cycle 27,741ms
[95,391s][info][gc] GC(640) Pause Young (G1 Evacuation Pause) 30M->29M(50M) 2,907ms
[95,394s][info][gc] GC(641) Pause Mixed (G1 Evacuation Pause) 33M->33M(50M) 1,902ms
[95,407s][info][gc] GC(642) Pause Initial Mark (G1 Evacuation Pause) 37M->37M(50M) 2,897ms
[95,407s][info][gc] GC(643) Concurrent Cycle
[95,411s][info][gc] GC(644) Pause Young (G1 Evacuation Pause) 40M->40M(103M) 3,112ms
[95,426s][info][gc] GC(643) Pause Remark 48M->48M(103M) 1,825ms
[95,429s][info][gc] GC(643) Pause Cleanup 55M->35M(103M) 0,155ms
[95,430s][info][gc] GC(643) Concurrent Cycle 22,641ms
[95,445s][info][gc] GC(645) Pause Young (G1 Evacuation Pause) 38M->28M(103M) 4,008ms
[95,448s][info][gc] GC(646) Pause Mixed (G1 Evacuation Pause) 31M->24M(103M) 2,395ms
[95,475s][info][gc] GC(647) Pause Young (G1 Evacuation Pause) 47M->37M(103M) 3,211ms
[95,512s][info][gc] GC(648) Pause Young (G1 Evacuation Pause) 57M->40M(309M) 8,682ms
[95,638s][info][gc] GC(649) Pause Young (G1 Evacuation Pause) 129M->40M(309M) 1,153ms
[95,752s][info][gc] GC(650) Pause Young (G1 Evacuation Pause) 142M->39M(309M) 1,003ms
[95,879s][info][gc] GC(651) Pause Young (G1 Evacuation Pause) 157M->44M(309M) 2,030ms
[96,026s][info][gc] GC(652) Pause Young (G1 Evacuation Pause) 171M->39M(690M) 3,356ms
[96,501s][info][gc] GC(653) Pause Young (G1 Evacuation Pause) 396M->37M(690M) 1,211ms
[96,969s][info][gc] GC(654) Pause Young (G1 Evacuation Pause) 450M->41M(690M) 1,321ms
[97,410s][info][gc] GC(655) Pause Young (G1 Evacuation Pause) 450M->41M(690M) 1,306ms
[97,862s][info][gc] GC(656) Pause Young (G1 Evacuation Pause) 450M->41M(690M) 2,036ms
[98,324s][info][gc] GC(657) Pause Young (G1 Evacuation Pause) 450M->40M(690M) 4,826ms
[98,812s][info][gc] GC(658) Pause Young (G1 Evacuation Pause) 450M->41M(690M) 1,696ms
[99,254s][info][gc] GC(659) Pause Young (G1 Evacuation Pause) 450M->41M(690M) 1,384ms
[99,705s][info][gc] GC(660) Pause Young (G1 Evacuation Pause) 450M->41M(690M) 2,046ms
[100,147s][info][gc] GC(661) Pause Young (G1 Evacuation Pause) 451M->42M(690M) 1,298ms
[100,642s][info][gc] GC(662) Pause Young (G1 Evacuation Pause) 450M->41M(690M) 2,186ms
[101,098s][info][gc] GC(663) Pause Young (G1 Evacuation Pause) 451M->41M(690M) 1,663ms
[101,540s][info][gc] GC(664) Pause Young (G1 Evacuation Pause) 450M->41M(690M) 1,709ms
[101,990s][info][gc] GC(665) Pause Young (G1 Evacuation Pause) 450M->41M(690M) 2,114ms
[102,455s][info][gc] GC(666) Pause Young (G1 Evacuation Pause) 450M->41M(690M) 2,654ms
[102,952s][info][gc] GC(667) Pause Young (G1 Evacuation Pause) 451M->41M(690M) 3,056ms
[103,435s][info][gc] GC(668) Pause Young (G1 Evacuation Pause) 450M->41M(690M) 2,258ms
[103,894s][info][gc] GC(669) Pause Young (G1 Evacuation Pause) 450M->41M(690M) 1,254ms
[104,361s][info][gc] GC(670) Pause Young (G1 Evacuation Pause) 450M->41M(690M) 2,308ms
[104,815s][info][gc] GC(671) Pause Young (G1 Evacuation Pause) 450M->41M(690M) 4,134ms
[105,257s][info][gc] GC(672) Pause Young (G1 Evacuation Pause) 451M->41M(690M) 1,921ms
[105,699s][info][gc] GC(673) Pause Young (G1 Evacuation Pause) 450M->42M(690M) 1,346ms
[106,147s][info][gc] GC(674) Pause Young (G1 Evacuation Pause) 451M->41M(690M) 1,280ms
[106,637s][info][gc] GC(675) Pause Young (G1 Evacuation Pause) 451M->42M(690M) 2,289ms
[107,142s][info][gc] GC(676) Pause Young (G1 Evacuation Pause) 451M->42M(690M) 2,408ms
[107,622s][info][gc] GC(677) Pause Young (G1 Evacuation Pause) 451M->42M(690M) 1,280ms
[108,104s][info][gc] GC(678) Pause Young (G1 Evacuation Pause) 451M->42M(690M) 2,318ms
[108,590s][info][gc] GC(679) Pause Young (G1 Evacuation Pause) 451M->41M(690M) 2,308ms
[109,063s][info][gc] GC(680) Pause Young (G1 Evacuation Pause) 450M->41M(690M) 2,207ms
[109,532s][info][gc] GC(681) Pause Young (G1 Evacuation Pause) 450M->41M(690M) 1,767ms
[109,997s][info][gc] GC(682) Pause Young (G1 Evacuation Pause) 451M->41M(690M) 2,175ms
[110,464s][info][gc] GC(683) Pause Young (G1 Evacuation Pause) 450M->41M(690M) 2,170ms
[110,959s][info][gc] GC(684) Pause Young (G1 Evacuation Pause) 450M->41M(690M) 2,199ms
[111,441s][info][gc] GC(685) Pause Young (G1 Evacuation Pause) 451M->42M(690M) 1,875ms
[111,882s][info][gc] GC(686) Pause Young (G1 Evacuation Pause) 451M->42M(690M) 1,392ms
[112,323s][info][gc] GC(687) Pause Young (G1 Evacuation Pause) 451M->42M(690M) 1,946ms
[112,765s][info][gc] GC(688) Pause Young (G1 Evacuation Pause) 451M->41M(690M) 1,257ms
[113,219s][info][gc] GC(689) Pause Young (G1 Evacuation Pause) 450M->41M(690M) 1,468ms
[113,661s][info][gc] GC(690) Pause Young (G1 Evacuation Pause) 450M->41M(690M) 1,505ms
[114,125s][info][gc] GC(691) Pause Young (G1 Evacuation Pause) 450M->40M(690M) 2,063ms
[114,575s][info][gc] GC(692) Pause Young (G1 Evacuation Pause) 450M->41M(690M) 5,512ms
[115,034s][info][gc] GC(693) Pause Young (G1 Evacuation Pause) 451M->42M(690M) 1,938ms
[115,503s][info][gc] GC(694) Pause Young (G1 Evacuation Pause) 451M->42M(690M) 2,295ms
[115,966s][info][gc] GC(695) Pause Young (G1 Evacuation Pause) 451M->42M(690M) 1,561ms
[116,408s][info][gc] GC(696) Pause Young (G1 Evacuation Pause) 451M->42M(690M) 1,798ms
[116,867s][info][gc] GC(697) Pause Young (G1 Evacuation Pause) 451M->41M(690M) 2,201ms
[117,349s][info][gc] GC(698) Pause Young (G1 Evacuation Pause) 450M->41M(690M) 2,364ms
[117,839s][info][gc] GC(699) Pause Young (G1 Evacuation Pause) 451M->42M(690M) 3,273ms
[118,291s][info][gc] GC(700) Pause Young (G1 Evacuation Pause) 451M->41M(690M) 3,190ms
[118,794s][info][gc] GC(701) Pause Young (G1 Evacuation Pause) 450M->41M(690M) 2,247ms
[119,282s][info][gc] GC(702) Pause Young (G1 Evacuation Pause) 451M->42M(690M) 2,405ms
[119,727s][info][gc] GC(703) Pause Young (G1 Evacuation Pause) 451M->42M(690M) 3,362ms
[120,235s][info][gc] GC(704) Pause Young (G1 Evacuation Pause) 451M->42M(690M) 2,298ms
[120,710s][info][gc] GC(705) Pause Young (G1 Evacuation Pause) 451M->42M(690M) 1,389ms
[121,194s][info][gc] GC(706) Pause Young (G1 Evacuation Pause) 451M->42M(690M) 2,183ms
[121,681s][info][gc] GC(707) Pause Young (G1 Evacuation Pause) 451M->41M(690M) 2,234ms
[122,163s][info][gc] GC(708) Pause Young (G1 Evacuation Pause) 451M->42M(690M) 1,441ms
[122,638s][info][gc] GC(709) Pause Young (G1 Evacuation Pause) 451M->42M(690M) 1,958ms
[123,110s][info][gc] GC(710) Pause Young (G1 Evacuation Pause) 451M->42M(690M) 2,007ms
[123,596s][info][gc] GC(711) Pause Young (G1 Evacuation Pause) 451M->41M(690M) 3,918ms
[124,055s][info][gc] GC(712) Pause Young (G1 Evacuation Pause) 451M->42M(690M) 5,370ms
[124,508s][info][gc] GC(713) Pause Young (G1 Evacuation Pause) 451M->42M(690M) 5,739ms
[124,953s][info][gc] GC(714) Pause Young (G1 Evacuation Pause) 451M->42M(690M) 1,375ms
[125,416s][info][gc] GC(715) Pause Young (G1 Evacuation Pause) 451M->42M(690M) 1,369ms
[125,877s][info][gc] GC(716) Pause Young (G1 Evacuation Pause) 451M->42M(690M) 3,076ms
[126,374s][info][gc] GC(717) Pause Young (G1 Evacuation Pause) 451M->41M(690M) 1,752ms
[126,837s][info][gc] GC(718) Pause Young (G1 Evacuation Pause) 451M->42M(690M) 3,139ms
[127,316s][info][gc] GC(719) Pause Young (G1 Evacuation Pause) 451M->41M(690M) 2,923ms
[127,809s][info][gc] GC(720) Pause Young (G1 Evacuation Pause) 451M->42M(690M) 2,793ms
[128,251s][info][gc] GC(721) Pause Young (G1 Evacuation Pause) 451M->42M(690M) 1,425ms
[128,703s][info][gc] GC(722) Pause Young (G1 Evacuation Pause) 451M->42M(690M) 3,079ms
[129,149s][info][gc] GC(723) Pause Young (G1 Evacuation Pause) 451M->42M(690M) 1,279ms
[129,610s][info][gc] GC(724) Pause Young (G1 Evacuation Pause) 451M->42M(690M) 1,225ms
[130,094s][info][gc] GC(725) Pause Young (G1 Evacuation Pause) 452M->42M(690M) 2,991ms
[130,546s][info][gc] GC(726) Pause Young (G1 Evacuation Pause) 451M->42M(690M) 1,249ms
[131,034s][info][gc] GC(727) Pause Young (G1 Evacuation Pause) 451M->42M(690M) 2,285ms
[131,523s][info][gc] GC(728) Pause Young (G1 Evacuation Pause) 451M->42M(690M) 2,158ms
[132,005s][info][gc] GC(729) Pause Young (G1 Evacuation Pause) 451M->42M(690M) 2,236ms
[132,486s][info][gc] GC(730) Pause Young (G1 Evacuation Pause) 452M->42M(690M) 1,468ms
[132,952s][info][gc] GC(731) Pause Young (G1 Evacuation Pause) 451M->42M(690M) 2,325ms
[133,397s][info][gc] GC(732) Pause Young (G1 Evacuation Pause) 451M->42M(690M) 1,326ms
[133,840s][info][gc] GC(733) Pause Young (G1 Evacuation Pause) 451M->42M(690M) 1,391ms
[134,291s][info][gc] GC(734) Pause Young (G1 Evacuation Pause) 452M->43M(690M) 5,639ms
[134,767s][info][gc] GC(735) Pause Young (G1 Evacuation Pause) 452M->42M(690M) 1,745ms
[135,253s][info][gc] GC(736) Pause Young (G1 Evacuation Pause) 451M->42M(690M) 4,101ms
[135,696s][info][gc] GC(737) Pause Young (G1 Evacuation Pause) 451M->42M(690M) 1,727ms
[136,187s][info][gc] GC(738) Pause Young (G1 Evacuation Pause) 451M->42M(690M) 2,285ms
[136,650s][info][gc] GC(739) Pause Young (G1 Evacuation Pause) 452M->43M(690M) 1,563ms
[137,129s][info][gc] GC(740) Pause Young (G1 Evacuation Pause) 452M->43M(690M) 1,402ms
[137,579s][info][gc] GC(741) Pause Young (G1 Evacuation Pause) 452M->42M(690M) 5,214ms
[138,066s][info][gc] GC(742) Pause Young (G1 Evacuation Pause) 451M->42M(690M) 1,240ms
[138,532s][info][gc] GC(743) Pause Young (G1 Evacuation Pause) 451M->42M(690M) 1,391ms
[138,973s][info][gc] GC(744) Pause Young (G1 Evacuation Pause) 452M->43M(690M) 1,309ms
[139,427s][info][gc] GC(745) Pause Young (G1 Evacuation Pause) 452M->42M(690M) 2,149ms
[139,889s][info][gc] GC(746) Pause Young (G1 Evacuation Pause) 451M->42M(690M) 1,876ms
[140,349s][info][gc] GC(747) Pause Young (G1 Evacuation Pause) 451M->42M(690M) 2,563ms
[140,834s][info][gc] GC(748) Pause Young (G1 Evacuation Pause) 451M->42M(690M) 2,303ms
[141,316s][info][gc] GC(749) Pause Young (G1 Evacuation Pause) 452M->43M(690M) 2,316ms
[141,803s][info][gc] GC(750) Pause Young (G1 Evacuation Pause) 452M->42M(690M) 2,188ms
[142,261s][info][gc] GC(751) Pause Young (G1 Evacuation Pause) 451M->42M(690M) 1,198ms
[142,702s][info][gc] GC(752) Pause Young (G1 Evacuation Pause) 452M->43M(690M) 1,410ms
[143,184s][info][gc] GC(753) Pause Young (G1 Evacuation Pause) 452M->42M(690M) 2,210ms
[143,669s][info][gc] GC(754) Pause Young (G1 Evacuation Pause) 451M->42M(690M) 2,281ms
[144,131s][info][gc] GC(755) Pause Young (G1 Evacuation Pause) 451M->42M(690M) 1,463ms
[144,574s][info][gc] GC(756) Pause Young (G1 Evacuation Pause) 452M->43M(690M) 1,767ms
[145,049s][info][gc] GC(757) Pause Young (G1 Evacuation Pause) 452M->43M(690M) 2,385ms
[145,531s][info][gc] GC(758) Pause Young (G1 Evacuation Pause) 452M->42M(690M) 2,246ms
[146,013s][info][gc] GC(759) Pause Young (G1 Evacuation Pause) 451M->42M(690M) 2,098ms
[146,455s][info][gc] GC(760) Pause Young (G1 Evacuation Pause) 452M->43M(690M) 2,099ms
[146,907s][info][gc] GC(761) Pause Young (G1 Evacuation Pause) 452M->43M(690M) 1,811ms
[147,383s][info][gc] GC(762) Pause Young (G1 Evacuation Pause) 452M->43M(690M) 1,493ms
[147,825s][info][gc] GC(763) Pause Young (G1 Evacuation Pause) 452M->42M(690M) 1,812ms
[148,287s][info][gc] GC(764) Pause Young (G1 Evacuation Pause) 451M->42M(690M) 4,625ms
[148,730s][info][gc] GC(765) Pause Young (G1 Evacuation Pause) 451M->42M(690M) 2,906ms
[149,214s][info][gc] GC(766) Pause Young (G1 Evacuation Pause) 452M->43M(690M) 2,389ms
[149,700s][info][gc] GC(767) Pause Young (G1 Evacuation Pause) 452M->43M(690M) 3,190ms
[150,160s][info][gc] GC(768) Pause Young (G1 Evacuation Pause) 452M->42M(690M) 1,982ms
[150,643s][info][gc] GC(769) Pause Young (G1 Evacuation Pause) 451M->42M(690M) 2,109ms
[151,109s][info][gc] GC(770) Pause Young (G1 Evacuation Pause) 452M->43M(690M) 1,475ms
[151,559s][info][gc] GC(771) Pause Young (G1 Evacuation Pause) 452M->43M(690M) 2,493ms
[152,005s][info][gc] GC(772) Pause Young (G1 Evacuation Pause) 452M->43M(690M) 1,265ms
[152,472s][info][gc] GC(773) Pause Young (G1 Evacuation Pause) 452M->42M(690M) 3,840ms
[152,937s][info][gc] GC(774) Pause Young (G1 Evacuation Pause) 451M->42M(690M) 2,337ms
[153,423s][info][gc] GC(775) Pause Young (G1 Evacuation Pause) 452M->43M(690M) 2,409ms
[153,903s][info][gc] GC(776) Pause Young (G1 Evacuation Pause) 452M->43M(690M) 1,578ms
[154,346s][info][gc] GC(777) Pause Young (G1 Evacuation Pause) 452M->42M(690M) 2,097ms
[154,827s][info][gc] GC(778) Pause Young (G1 Evacuation Pause) 451M->42M(690M) 2,374ms
[155,296s][info][gc] GC(779) Pause Young (G1 Evacuation Pause) 451M->42M(690M) 3,024ms
[155,759s][info][gc] GC(780) Pause Young (G1 Evacuation Pause) 452M->43M(690M) 1,387ms
[156,202s][info][gc] GC(781) Pause Young (G1 Evacuation Pause) 452M->43M(690M) 2,551ms
[156,670s][info][gc] GC(782) Pause Young (G1 Evacuation Pause) 452M->43M(690M) 1,403ms
[157,150s][info][gc] GC(783) Pause Young (G1 Evacuation Pause) 452M->42M(690M) 2,147ms
[157,637s][info][gc] GC(784) Pause Young (G1 Evacuation Pause) 451M->42M(690M) 2,176ms
[158,109s][info][gc] GC(785) Pause Young (G1 Evacuation Pause) 452M->43M(690M) 1,937ms
[158,550s][info][gc] GC(786) Pause Young (G1 Evacuation Pause) 452M->43M(690M) 1,425ms
[159,018s][info][gc] GC(787) Pause Young (G1 Evacuation Pause) 452M->43M(690M) 2,277ms
[159,486s][info][gc] GC(788) Pause Young (G1 Evacuation Pause) 452M->43M(690M) 2,160ms
[159,968s][info][gc] GC(789) Pause Young (G1 Evacuation Pause) 452M->42M(690M) 2,330ms
[160,433s][info][gc] GC(790) Pause Young (G1 Evacuation Pause) 452M->43M(690M) 2,337ms
[160,925s][info][gc] GC(791) Pause Young (G1 Evacuation Pause) 452M->43M(690M) 2,212ms
[161,407s][info][gc] GC(792) Pause Young (G1 Evacuation Pause) 452M->43M(690M) 2,381ms
[161,877s][info][gc] GC(793) Pause Young (G1 Evacuation Pause) 452M->43M(690M) 1,761ms
[162,339s][info][gc] GC(794) Pause Young (G1 Evacuation Pause) 452M->42M(690M) 4,599ms
[162,791s][info][gc] GC(795) Pause Young (G1 Evacuation Pause) 452M->42M(690M) 3,606ms
[163,235s][info][gc] GC(796) Pause Young (G1 Evacuation Pause) 452M->43M(690M) 1,974ms
[163,722s][info][gc] GC(797) Pause Young (G1 Evacuation Pause) 452M->43M(690M) 2,349ms
[164,207s][info][gc] GC(798) Pause Young (G1 Evacuation Pause) 452M->43M(690M) 2,264ms
[164,677s][info][gc] GC(799) Pause Young (G1 Evacuation Pause) 452M->43M(690M) 1,651ms
[165,158s][info][gc] GC(800) Pause Young (G1 Evacuation Pause) 452M->43M(690M) 2,220ms
[165,645s][info][gc] GC(801) Pause Young (G1 Evacuation Pause) 452M->43M(690M) 2,123ms
[166,108s][info][gc] GC(802) Pause Young (G1 Evacuation Pause) 453M->43M(690M) 1,436ms
[166,584s][info][gc] GC(803) Pause Young (G1 Evacuation Pause) 452M->43M(690M) 2,158ms
[167,066s][info][gc] GC(804) Pause Young (G1 Evacuation Pause) 452M->43M(690M) 2,225ms
[167,556s][info][gc] GC(805) Pause Young (G1 Evacuation Pause) 452M->43M(690M) 1,223ms
[168,025s][info][gc] GC(806) Pause Young (G1 Evacuation Pause) 453M->44M(690M) 2,270ms
[168,515s][info][gc] GC(807) Pause Young (G1 Evacuation Pause) 453M->43M(690M) 2,230ms
[168,987s][info][gc] GC(808) Pause Young (G1 Evacuation Pause) 452M->43M(690M) 1,881ms
[169,428s][info][gc] GC(809) Pause Young (G1 Evacuation Pause) 452M->43M(690M) 1,440ms
[169,871s][info][gc] GC(810) Pause Young (G1 Evacuation Pause) 452M->43M(690M) 2,441ms
[170,330s][info][gc] GC(811) Pause Young (G1 Evacuation Pause) 452M->42M(690M) 2,110ms
[170,791s][info][gc] GC(812) Pause Young (G1 Evacuation Pause) 452M->43M(690M) 1,716ms
[171,234s][info][gc] GC(813) Pause Young (G1 Evacuation Pause) 452M->43M(690M) 1,834ms
[171,721s][info][gc] GC(814) Pause Young (G1 Evacuation Pause) 452M->43M(690M) 2,305ms
[172,203s][info][gc] GC(815) Pause Young (G1 Evacuation Pause) 452M->43M(690M) 2,163ms
[172,700s][info][gc] GC(816) Pause Young (G1 Evacuation Pause) 453M->44M(690M) 1,969ms
[173,175s][info][gc] GC(817) Pause Young (G1 Evacuation Pause) 453M->44M(690M) 2,114ms
[173,669s][info][gc] GC(818) Pause Young (G1 Evacuation Pause) 453M->43M(690M) 2,195ms
[174,144s][info][gc] GC(819) Pause Young (G1 Evacuation Pause) 452M->43M(690M) 1,280ms
[174,599s][info][gc] GC(820) Pause Young (G1 Evacuation Pause) 453M->43M(690M) 2,405ms
[175,067s][info][gc] GC(821) Pause Young (G1 Evacuation Pause) 452M->43M(690M) 1,428ms
[175,509s][info][gc] GC(822) Pause Young (G1 Evacuation Pause) 452M->43M(690M) 1,583ms
[175,951s][info][gc] GC(823) Pause Young (G1 Evacuation Pause) 452M->43M(690M) 1,381ms
[176,394s][info][gc] GC(824) Pause Young (G1 Evacuation Pause) 453M->44M(690M) 2,378ms
[176,850s][info][gc] GC(825) Pause Young (G1 Evacuation Pause) 453M->44M(690M) 2,394ms
[177,338s][info][gc] GC(826) Pause Young (G1 Evacuation Pause) 453M->43M(690M) 2,199ms
[177,826s][info][gc] GC(827) Pause Young (G1 Evacuation Pause) 452M->43M(690M) 2,143ms
[178,274s][info][gc] GC(828) Pause Young (G1 Evacuation Pause) 452M->43M(690M) 5,190ms
[178,758s][info][gc] GC(829) Pause Young (G1 Evacuation Pause) 453M->44M(690M) 2,541ms
[179,240s][info][gc] GC(830) Pause Young (G1 Evacuation Pause) 453M->44M(690M) 2,178ms
[179,682s][info][gc] GC(831) Pause Young (G1 Evacuation Pause) 453M->43M(690M) 1,331ms
[180,162s][info][gc] GC(832) Pause Young (G1 Evacuation Pause) 452M->43M(690M) 2,140ms
[180,646s][info][gc] GC(833) Pause Young (G1 Evacuation Pause) 452M->43M(690M) 2,292ms
[181,133s][info][gc] GC(834) Pause Young (G1 Evacuation Pause) 453M->44M(690M) 2,394ms
[181,580s][info][gc] GC(835) Pause Young (G1 Evacuation Pause) 453M->44M(690M) 2,318ms
[182,059s][info][gc] GC(836) Pause Young (G1 Evacuation Pause) 453M->43M(690M) 1,219ms
[182,530s][info][gc] GC(837) Pause Young (G1 Evacuation Pause) 452M->43M(690M) 2,180ms
[182,973s][info][gc] GC(838) Pause Young (G1 Evacuation Pause) 453M->44M(690M) 1,336ms
[183,414s][info][gc] GC(839) Pause Young (G1 Evacuation Pause) 453M->44M(690M) 1,318ms
[183,902s][info][gc] GC(840) Pause Young (G1 Evacuation Pause) 453M->44M(690M) 2,214ms
[184,382s][info][gc] GC(841) Pause Young (G1 Evacuation Pause) 453M->43M(690M) 2,245ms
[184,874s][info][gc] GC(842) Pause Young (G1 Evacuation Pause) 452M->43M(690M) 2,882ms
[185,373s][info][gc] GC(843) Pause Young (G1 Evacuation Pause) 452M->43M(690M) 2,131ms
[185,862s][info][gc] GC(844) Pause Young (G1 Evacuation Pause) 453M->44M(690M) 2,202ms
[186,318s][info][gc] GC(845) Pause Young (G1 Evacuation Pause) 453M->44M(690M) 3,105ms
[186,762s][info][gc] GC(846) Pause Young (G1 Evacuation Pause) 453M->43M(690M) 1,659ms
[187,253s][info][gc] GC(847) Pause Young (G1 Evacuation Pause) 452M->43M(690M) 3,784ms
[187,736s][info][gc] GC(848) Pause Young (G1 Evacuation Pause) 453M->44M(690M) 1,847ms
[188,179s][info][gc] GC(849) Pause Young (G1 Evacuation Pause) 453M->44M(690M) 1,866ms
[188,662s][info][gc] GC(850) Pause Young (G1 Evacuation Pause) 453M->44M(690M) 2,252ms
[189,149s][info][gc] GC(851) Pause Young (G1 Evacuation Pause) 453M->43M(690M) 2,250ms
[189,637s][info][gc] GC(852) Pause Young (G1 Evacuation Pause) 452M->43M(690M) 2,287ms
[190,096s][info][gc] GC(853) Pause Young (G1 Evacuation Pause) 452M->43M(690M) 1,363ms
[190,569s][info][gc] GC(854) Pause Young (G1 Evacuation Pause) 453M->44M(690M) 2,367ms
[191,050s][info][gc] GC(855) Pause Young (G1 Evacuation Pause) 453M->44M(690M) 2,813ms
[191,521s][info][gc] GC(856) Pause Young (G1 Evacuation Pause) 453M->43M(690M) 1,829ms
[191,989s][info][gc] GC(857) Pause Young (G1 Evacuation Pause) 452M->43M(690M) 2,167ms
[192,463s][info][gc] GC(858) Pause Young (G1 Evacuation Pause) 453M->44M(690M) 1,885ms
[192,918s][info][gc] GC(859) Pause Young (G1 Evacuation Pause) 453M->44M(690M) 1,942ms
[193,380s][info][gc] GC(860) Pause Young (G1 Evacuation Pause) 453M->44M(690M) 2,366ms
[193,863s][info][gc] GC(861) Pause Young (G1 Evacuation Pause) 453M->43M(690M) 2,276ms
[194,309s][info][gc] GC(862) Pause Young (G1 Evacuation Pause) 452M->43M(690M) 1,331ms
[194,750s][info][gc] GC(863) Pause Young (G1 Evacuation Pause) 453M->44M(690M) 1,440ms
[195,237s][info][gc] GC(864) Pause Young (G1 Evacuation Pause) 453M->44M(690M) 2,287ms
[195,696s][info][gc] GC(865) Pause Young (G1 Evacuation Pause) 453M->44M(690M) 2,192ms
[196,180s][info][gc] GC(866) Pause Young (G1 Evacuation Pause) 453M->43M(690M) 4,191ms
[196,668s][info][gc] GC(867) Pause Young (G1 Evacuation Pause) 453M->44M(690M) 2,413ms
[197,122s][info][gc] GC(868) Pause Young (G1 Evacuation Pause) 453M->44M(690M) 1,357ms
[197,602s][info][gc] GC(869) Pause Young (G1 Evacuation Pause) 453M->44M(690M) 2,280ms
[198,074s][info][gc] GC(870) Pause Young (G1 Evacuation Pause) 453M->44M(690M) 1,356ms
[198,551s][info][gc] GC(871) Pause Young (G1 Evacuation Pause) 453M->43M(690M) 2,155ms
[199,029s][info][gc] GC(872) Pause Young (G1 Evacuation Pause) 453M->44M(690M) 2,381ms
[199,515s][info][gc] GC(873) Pause Young (G1 Evacuation Pause) 453M->44M(690M) 2,277ms
[199,967s][info][gc] GC(874) Pause Young (G1 Evacuation Pause) 453M->44M(690M) 1,386ms
[200,432s][info][gc] GC(875) Pause Young (G1 Evacuation Pause) 453M->43M(690M) 4,349ms
[200,907s][info][gc] GC(876) Pause Young (G1 Evacuation Pause) 453M->44M(690M) 1,527ms
[201,365s][info][gc] GC(877) Pause Young (G1 Evacuation Pause) 453M->44M(690M) 3,142ms
[201,865s][info][gc] GC(878) Pause Young (G1 Evacuation Pause) 453M->44M(690M) 2,556ms
[202,330s][info][gc] GC(879) Pause Young (G1 Evacuation Pause) 453M->44M(690M) 2,327ms
[202,818s][info][gc] GC(880) Pause Young (G1 Evacuation Pause) 453M->44M(690M) 2,253ms
[203,304s][info][gc] GC(881) Pause Young (G1 Evacuation Pause) 453M->43M(690M) 8,451ms
[203,749s][info][gc] GC(882) Pause Young (G1 Evacuation Pause) 453M->44M(690M) 1,790ms
[204,205s][info][gc] GC(883) Pause Young (G1 Evacuation Pause) 453M->44M(690M) 1,387ms
[204,659s][info][gc] GC(884) Pause Young (G1 Evacuation Pause) 453M->44M(690M) 1,290ms
[205,129s][info][gc] GC(885) Pause Young (G1 Evacuation Pause) 453M->44M(690M) 1,279ms
[205,623s][info][gc] GC(886) Pause Young (G1 Evacuation Pause) 453M->44M(690M) 2,326ms
[206,094s][info][gc] GC(887) Pause Young (G1 Evacuation Pause) 454M->44M(690M) 1,413ms
[206,535s][info][gc] GC(888) Pause Young (G1 Evacuation Pause) 453M->44M(690M) 1,478ms
[206,998s][info][gc] GC(889) Pause Young (G1 Evacuation Pause) 453M->44M(690M) 1,417ms
[207,462s][info][gc] GC(890) Pause Young (G1 Evacuation Pause) 453M->44M(690M) 3,678ms
[207,933s][info][gc] GC(891) Pause Young (G1 Evacuation Pause) 454M->44M(690M) 1,914ms
[208,375s][info][gc] GC(892) Pause Young (G1 Evacuation Pause) 453M->45M(690M) 1,803ms
[208,817s][info][gc] GC(893) Pause Young (G1 Evacuation Pause) 454M->44M(690M) 2,318ms
[209,264s][info][gc] GC(894) Pause Young (G1 Evacuation Pause) 453M->44M(690M) 1,373ms
[209,706s][info][gc] GC(895) Pause Young (G1 Evacuation Pause) 453M->44M(690M) 1,260ms
[210,156s][info][gc] GC(896) Pause Young (G1 Evacuation Pause) 454M->44M(690M) 1,506ms
[210,630s][info][gc] GC(897) Pause Young (G1 Evacuation Pause) 453M->45M(690M) 1,245ms
[211,111s][info][gc] GC(898) Pause Young (G1 Evacuation Pause) 454M->44M(690M) 3,112ms
[211,608s][info][gc] GC(899) Pause Young (G1 Evacuation Pause) 453M->44M(690M) 2,266ms
[212,090s][info][gc] GC(900) Pause Young (G1 Evacuation Pause) 453M->44M(690M) 2,237ms
[212,576s][info][gc] GC(901) Pause Young (G1 Evacuation Pause) 454M->44M(690M) 3,254ms
[213,049s][info][gc] GC(902) Pause Young (G1 Evacuation Pause) 453M->44M(690M) 2,249ms
[213,519s][info][gc] GC(903) Pause Young (G1 Evacuation Pause) 453M->44M(690M) 2,361ms
[213,999s][info][gc] GC(904) Pause Young (G1 Evacuation Pause) 453M->44M(690M) 1,340ms
[214,463s][info][gc] GC(905) Pause Young (G1 Evacuation Pause) 453M->44M(690M) 2,152ms
[214,946s][info][gc] GC(906) Pause Young (G1 Evacuation Pause) 454M->44M(690M) 2,226ms
[215,420s][info][gc] GC(907) Pause Young (G1 Evacuation Pause) 453M->44M(690M) 2,205ms
[215,907s][info][gc] GC(908) Pause Young (G1 Evacuation Pause) 453M->44M(690M) 2,355ms
[216,367s][info][gc] GC(909) Pause Young (G1 Evacuation Pause) 453M->44M(690M) 1,952ms
[216,820s][info][gc] GC(910) Pause Young (G1 Evacuation Pause) 453M->44M(690M) 2,226ms
[217,268s][info][gc] GC(911) Pause Young (G1 Evacuation Pause) 454M->45M(690M) 1,459ms
[217,735s][info][gc] GC(912) Pause Young (G1 Evacuation Pause) 454M->45M(690M) 1,477ms
[218,200s][info][gc] GC(913) Pause Young (G1 Evacuation Pause) 454M->44M(690M) 1,291ms
[218,691s][info][gc] GC(914) Pause Young (G1 Evacuation Pause) 453M->44M(690M) 2,258ms
[219,179s][info][gc] GC(915) Pause Young (G1 Evacuation Pause) 454M->45M(690M) 2,425ms
[219,630s][info][gc] GC(916) Pause Young (G1 Evacuation Pause) 454M->45M(690M) 1,305ms
[220,079s][info][gc] GC(917) Pause Young (G1 Evacuation Pause) 454M->45M(690M) 4,277ms
[220,534s][info][gc] GC(918) Pause Young (G1 Evacuation Pause) 454M->44M(690M) 1,823ms
[221,001s][info][gc] GC(919) Pause Young (G1 Evacuation Pause) 453M->44M(690M) 1,725ms
[221,486s][info][gc] GC(920) Pause Young (G1 Evacuation Pause) 454M->45M(690M) 2,393ms
[221,938s][info][gc] GC(921) Pause Young (G1 Evacuation Pause) 454M->44M(690M) 3,061ms
[222,380s][info][gc] GC(922) Pause Young (G1 Evacuation Pause) 453M->44M(690M) 1,371ms
[222,848s][info][gc] GC(923) Pause Young (G1 Evacuation Pause) 453M->44M(690M) 2,842ms
[223,292s][info][gc] GC(924) Pause Young (G1 Evacuation Pause) 453M->44M(690M) 1,185ms
[223,781s][info][gc] GC(925) Pause Young (G1 Evacuation Pause) 454M->45M(690M) 6,256ms
[224,225s][info][gc] GC(926) Pause Young (G1 Evacuation Pause) 454M->45M(690M) 3,566ms
[224,716s][info][gc] GC(927) Pause Young (G1 Evacuation Pause) 454M->45M(690M) 2,286ms
[225,197s][info][gc] GC(928) Pause Young (G1 Evacuation Pause) 454M->44M(690M) 1,340ms
[225,695s][info][gc] GC(929) Pause Young (G1 Evacuation Pause) 453M->44M(690M) 2,202ms
[226,165s][info][gc] GC(930) Pause Young (G1 Evacuation Pause) 453M->44M(690M) 1,181ms
[226,643s][info][gc] GC(931) Pause Young (G1 Evacuation Pause) 454M->44M(690M) 2,249ms
[227,128s][info][gc] GC(932) Pause Young (G1 Evacuation Pause) 453M->45M(690M) 2,318ms
[227,620s][info][gc] GC(933) Pause Young (G1 Evacuation Pause) 454M->44M(690M) 2,174ms
[228,091s][info][gc] GC(934) Pause Young (G1 Evacuation Pause) 454M->45M(690M) 1,700ms
[228,570s][info][gc] GC(935) Pause Young (G1 Evacuation Pause) 454M->45M(690M) 2,315ms
[229,032s][info][gc] GC(936) Pause Young (G1 Evacuation Pause) 454M->45M(690M) 1,905ms
[229,473s][info][gc] GC(937) Pause Young (G1 Evacuation Pause) 454M->45M(690M) 1,799ms
[229,955s][info][gc] GC(938) Pause Young (G1 Evacuation Pause) 454M->44M(690M) 2,056ms
[230,440s][info][gc] GC(939) Pause Young (G1 Evacuation Pause) 454M->45M(690M) 2,409ms
[230,927s][info][gc] GC(940) Pause Young (G1 Evacuation Pause) 454M->45M(690M) 2,213ms
[231,396s][info][gc] GC(941) Pause Young (G1 Evacuation Pause) 454M->44M(690M) 1,532ms
[231,839s][info][gc] GC(942) Pause Young (G1 Evacuation Pause) 453M->44M(690M) 2,143ms
[232,289s][info][gc] GC(943) Pause Young (G1 Evacuation Pause) 454M->45M(690M) 4,430ms
[232,777s][info][gc] GC(944) Pause Young (G1 Evacuation Pause) 454M->45M(690M) 5,334ms
[233,261s][info][gc] GC(945) Pause Young (G1 Evacuation Pause) 454M->45M(690M) 2,176ms
[233,729s][info][gc] GC(946) Pause Young (G1 Evacuation Pause) 454M->45M(690M) 2,179ms
[234,188s][info][gc] GC(947) Pause Young (G1 Evacuation Pause) 454M->44M(690M) 1,199ms
[234,671s][info][gc] GC(948) Pause Young (G1 Evacuation Pause) 454M->45M(690M) 2,185ms
[235,123s][info][gc] GC(949) Pause Young (G1 Evacuation Pause) 454M->45M(690M) 1,886ms
[235,599s][info][gc] GC(950) Pause Young (G1 Evacuation Pause) 454M->45M(690M) 2,257ms
[236,083s][info][gc] GC(951) Pause Young (G1 Evacuation Pause) 454M->45M(690M) 3,963ms
[236,547s][info][gc] GC(952) Pause Young (G1 Evacuation Pause) 454M->44M(690M) 2,336ms
[237,025s][info][gc] GC(953) Pause Young (G1 Evacuation Pause) 454M->45M(690M) 1,814ms
[237,505s][info][gc] GC(954) Pause Young (G1 Evacuation Pause) 454M->45M(690M) 1,413ms
[238,011s][info][gc] GC(955) Pause Young (G1 Evacuation Pause) 454M->45M(690M) 1,364ms
[238,482s][info][gc] GC(956) Pause Young (G1 Evacuation Pause) 454M->44M(690M) 3,037ms
[238,942s][info][gc] GC(957) Pause Young (G1 Evacuation Pause) 454M->45M(690M) 1,462ms
[239,384s][info][gc] GC(958) Pause Young (G1 Evacuation Pause) 454M->45M(690M) 1,505ms
[239,858s][info][gc] GC(959) Pause Young (G1 Evacuation Pause) 454M->45M(690M) 2,867ms
[240,340s][info][gc] GC(960) Pause Young (G1 Evacuation Pause) 454M->45M(690M) 2,342ms
[240,822s][info][gc] GC(961) Pause Young (G1 Evacuation Pause) 454M->45M(690M) 1,303ms
[241,273s][info][gc] GC(962) Pause Young (G1 Evacuation Pause) 454M->44M(690M) 1,222ms
[241,714s][info][gc] GC(963) Pause Young (G1 Evacuation Pause) 454M->45M(690M) 1,578ms
[242,194s][info][gc] GC(964) Pause Young (G1 Evacuation Pause) 454M->45M(690M) 1,389ms
[242,668s][info][gc] GC(965) Pause Young (G1 Evacuation Pause) 454M->45M(690M) 1,630ms
[243,119s][info][gc] GC(966) Pause Young (G1 Evacuation Pause) 455M->45M(690M) 1,558ms
[243,580s][info][gc] GC(967) Pause Young (G1 Evacuation Pause) 454M->45M(690M) 2,270ms
[244,050s][info][gc] GC(968) Pause Young (G1 Evacuation Pause) 454M->45M(690M) 1,835ms
[244,529s][info][gc] GC(969) Pause Young (G1 Evacuation Pause) 454M->45M(690M) 1,848ms
[244,971s][info][gc] GC(970) Pause Young (G1 Evacuation Pause) 454M->45M(690M) 1,895ms
[245,419s][info][gc] GC(971) Pause Young (G1 Evacuation Pause) 454M->45M(690M) 1,997ms
[245,878s][info][gc] GC(972) Pause Young (G1 Evacuation Pause) 455M->45M(690M) 2,084ms
[246,334s][info][gc] GC(973) Pause Young (G1 Evacuation Pause) 454M->45M(690M) 2,712ms
[246,816s][info][gc] GC(974) Pause Young (G1 Evacuation Pause) 454M->45M(690M) 2,205ms
[247,258s][info][gc] GC(975) Pause Young (G1 Evacuation Pause) 454M->45M(690M) 1,541ms
[247,715s][info][gc] GC(976) Pause Young (G1 Evacuation Pause) 454M->45M(690M) 1,343ms
[248,161s][info][gc] GC(977) Pause Young (G1 Evacuation Pause) 455M->45M(690M) 1,376ms
[248,635s][info][gc] GC(978) Pause Young (G1 Evacuation Pause) 454M->45M(690M) 1,872ms
[249,124s][info][gc] GC(979) Pause Young (G1 Evacuation Pause) 454M->45M(690M) 3,519ms
[249,570s][info][gc] GC(980) Pause Young (G1 Evacuation Pause) 454M->45M(690M) 1,252ms
[250,023s][info][gc] GC(981) Pause Young (G1 Evacuation Pause) 454M->44M(690M) 1,276ms
[250,464s][info][gc] GC(982) Pause Young (G1 Evacuation Pause) 454M->45M(690M) 1,399ms
[250,925s][info][gc] GC(983) Pause Young (G1 Evacuation Pause) 454M->45M(690M) 2,370ms
[251,090s][info][gc] GC(984) Pause Full (System.gc()) 154M->9M(40M) 48,987ms
[251,108s][info][gc] GC(985) Pause Young (G1 Evacuation Pause) 27M->17M(40M) 1,778ms
[251,119s][info][gc] GC(986) Pause Young (G1 Evacuation Pause) 23M->17M(40M) 1,024ms
[251,122s][info][gc] GC(987) Pause Initial Mark (G1 Evacuation Pause) 23M->23M(40M) 1,879ms
[251,122s][info][gc] GC(988) Concurrent Cycle
[251,138s][info][gc] GC(989) Pause Young (G1 Evacuation Pause) 28M->28M(40M) 5,511ms
[251,141s][info][gc] GC(990) Pause Young (G1 Evacuation Pause) 32M->32M(41M) 2,677ms
[251,159s][info][gc] GC(991) Pause Young (G1 Evacuation Pause) 37M->37M(46M) 5,702ms
[251,164s][info][gc] GC(992) Pause Young (G1 Evacuation Pause) 41M->41M(49M) 4,350ms
[251,169s][info][gc] GC(988) Pause Remark 45M->45M(49M) 4,345ms
[251,174s][info][gc] GC(988) Pause Cleanup 45M->41M(49M) 0,215ms
[251,174s][info][gc] GC(988) Concurrent Cycle 52,329ms
[251,178s][info][gc] GC(993) Pause Young (G1 Evacuation Pause) 42M->42M(63M) 3,519ms
[251,183s][info][gc] GC(994) Pause Mixed (G1 Evacuation Pause) 46M->46M(63M) 3,269ms
[251,187s][info][gc] GC(995) Pause Initial Mark (G1 Evacuation Pause) 50M->50M(63M) 3,188ms
[251,187s][info][gc] GC(996) Concurrent Cycle
[251,204s][info][gc] GC(997) Pause Young (G1 Evacuation Pause) 55M->55M(63M) 6,329ms
[251,216s][info][gc] GC(998) Pause Young (G1 Evacuation Pause) 59M->58M(198M) 10,798ms
[251,230s][info][gc] GC(996) Pause Remark 61M->61M(198M) 3,683ms
[251,236s][info][gc] GC(996) Pause Cleanup 71M->49M(198M) 0,272ms
[251,237s][info][gc] GC(996) Concurrent Cycle 49,952ms
[251,279s][info][gc] GC(999) Pause Young (G1 Evacuation Pause) 76M->46M(198M) 3,998ms
[251,282s][info][gc] GC(1000) Pause Mixed (G1 Evacuation Pause) 49M->48M(198M) 2,696ms
[251,341s][info][gc] GC(1001) Pause Young (G1 Evacuation Pause) 95M->54M(198M) 2,155ms
[251,399s][info][gc] GC(1002) Pause Young (G1 Evacuation Pause) 104M->54M(594M) 3,473ms
[251,648s][info][gc] GC(1003) Pause Young (G1 Evacuation Pause) 235M->51M(594M) 0,885ms
[251,900s][info][gc] GC(1004) Pause Young (G1 Evacuation Pause) 259M->54M(594M) 1,792ms
[252,162s][info][gc] GC(1005) Pause Young (G1 Evacuation Pause) 289M->54M(594M) 1,557ms
[252,456s][info][gc] GC(1006) Pause Young (G1 Evacuation Pause) 317M->51M(594M) 0,951ms
[252,784s][info][gc] GC(1007) Pause Young (G1 Evacuation Pause) 345M->58M(594M) 4,323ms
[253,130s][info][gc] GC(1008) Pause Young (G1 Evacuation Pause) 370M->54M(594M) 1,619ms
[253,530s][info][gc] GC(1009) Pause Young (G1 Evacuation Pause) 393M->55M(594M) 2,776ms
[253,911s][info][gc] GC(1010) Pause Young (G1 Evacuation Pause) 405M->57M(594M) 3,964ms
[254,288s][info][gc] GC(1011) Pause Young (G1 Evacuation Pause) 405M->57M(594M) 1,817ms
[254,692s][info][gc] GC(1012) Pause Young (G1 Evacuation Pause) 404M->56M(594M) 1,641ms
[255,096s][info][gc] GC(1013) Pause Young (G1 Evacuation Pause) 404M->57M(594M) 2,057ms
[255,506s][info][gc] GC(1014) Pause Young (G1 Evacuation Pause) 405M->57M(594M) 1,842ms
[255,894s][info][gc] GC(1015) Pause Young (G1 Evacuation Pause) 405M->57M(594M) 4,091ms
[256,274s][info][gc] GC(1016) Pause Young (G1 Evacuation Pause) 405M->57M(594M) 1,634ms
[256,665s][info][gc] GC(1017) Pause Young (G1 Evacuation Pause) 404M->56M(594M) 1,580ms
[257,067s][info][gc] GC(1018) Pause Young (G1 Evacuation Pause) 404M->57M(594M) 2,822ms
[257,487s][info][gc] GC(1019) Pause Young (G1 Evacuation Pause) 405M->57M(594M) 2,546ms
[257,895s][info][gc] GC(1020) Pause Young (G1 Evacuation Pause) 405M->57M(594M) 2,190ms
[258,278s][info][gc] GC(1021) Pause Young (G1 Evacuation Pause) 405M->57M(594M) 1,692ms
[258,654s][info][gc] GC(1022) Pause Young (G1 Evacuation Pause) 405M->57M(594M) 1,792ms
[259,030s][info][gc] GC(1023) Pause Young (G1 Evacuation Pause) 404M->56M(594M) 1,825ms
[259,415s][info][gc] GC(1024) Pause Young (G1 Evacuation Pause) 404M->56M(594M) 1,621ms
[259,798s][info][gc] GC(1025) Pause Young (G1 Evacuation Pause) 404M->57M(594M) 5,679ms
[260,197s][info][gc] GC(1026) Pause Young (G1 Evacuation Pause) 405M->56M(594M) 2,009ms
[260,591s][info][gc] GC(1027) Pause Young (G1 Evacuation Pause) 404M->57M(594M) 1,745ms
[260,968s][info][gc] GC(1028) Pause Young (G1 Evacuation Pause) 405M->57M(594M) 1,909ms
[261,385s][info][gc] GC(1029) Pause Young (G1 Evacuation Pause) 405M->57M(594M) 1,736ms
[261,762s][info][gc] GC(1030) Pause Young (G1 Evacuation Pause) 405M->57M(594M) 1,711ms
[262,170s][info][gc] GC(1031) Pause Young (G1 Evacuation Pause) 404M->56M(594M) 2,338ms
[262,571s][info][gc] GC(1032) Pause Young (G1 Evacuation Pause) 405M->57M(594M) 2,760ms
[262,976s][info][gc] GC(1033) Pause Young (G1 Evacuation Pause) 405M->58M(594M) 2,643ms
[263,390s][info][gc] GC(1034) Pause Young (G1 Evacuation Pause) 405M->56M(594M) 2,713ms
[263,775s][info][gc] GC(1035) Pause Young (G1 Evacuation Pause) 404M->57M(594M) 1,976ms
[264,152s][info][gc] GC(1036) Pause Young (G1 Evacuation Pause) 405M->57M(594M) 2,689ms
[264,528s][info][gc] GC(1037) Pause Young (G1 Evacuation Pause) 405M->58M(594M) 1,768ms
[264,903s][info][gc] GC(1038) Pause Young (G1 Evacuation Pause) 405M->57M(594M) 1,517ms
[265,278s][info][gc] GC(1039) Pause Young (G1 Evacuation Pause) 405M->57M(594M) 1,652ms
[265,672s][info][gc] GC(1040) Pause Young (G1 Evacuation Pause) 405M->57M(594M) 1,726ms
[266,063s][info][gc] GC(1041) Pause Young (G1 Evacuation Pause) 405M->57M(594M) 1,699ms
[266,455s][info][gc] GC(1042) Pause Young (G1 Evacuation Pause) 405M->57M(594M) 1,843ms
[266,851s][info][gc] GC(1043) Pause Young (G1 Evacuation Pause) 405M->57M(594M) 2,452ms
[267,237s][info][gc] GC(1044) Pause Young (G1 Evacuation Pause) 405M->58M(594M) 2,253ms
[267,639s][info][gc] GC(1045) Pause Young (G1 Evacuation Pause) 405M->57M(594M) 1,683ms
[268,016s][info][gc] GC(1046) Pause Young (G1 Evacuation Pause) 405M->57M(594M) 1,947ms
[268,407s][info][gc] GC(1047) Pause Young (G1 Evacuation Pause) 405M->57M(594M) 1,659ms
[268,811s][info][gc] GC(1048) Pause Young (G1 Evacuation Pause) 405M->57M(594M) 2,533ms
[269,187s][info][gc] GC(1049) Pause Young (G1 Evacuation Pause) 405M->58M(594M) 2,239ms
[269,597s][info][gc] GC(1050) Pause Young (G1 Evacuation Pause) 405M->57M(594M) 2,530ms
[270,002s][info][gc] GC(1051) Pause Young (G1 Evacuation Pause) 405M->57M(594M) 1,684ms
[270,379s][info][gc] GC(1052) Pause Young (G1 Evacuation Pause) 405M->57M(594M) 2,341ms
[270,755s][info][gc] GC(1053) Pause Young (G1 Evacuation Pause) 405M->57M(594M) 1,756ms
[271,131s][info][gc] GC(1054) Pause Young (G1 Evacuation Pause) 405M->57M(594M) 2,373ms
[271,507s][info][gc] GC(1055) Pause Young (G1 Evacuation Pause) 405M->58M(594M) 1,747ms
[271,937s][info][gc] GC(1056) Pause Young (G1 Evacuation Pause) 405M->57M(594M) 2,478ms
[272,324s][info][gc] GC(1057) Pause Young (G1 Evacuation Pause) 405M->57M(594M) 2,638ms
[272,703s][info][gc] GC(1058) Pause Young (G1 Evacuation Pause) 405M->57M(594M) 2,078ms
[273,114s][info][gc] GC(1059) Pause Young (G1 Evacuation Pause) 405M->57M(594M) 2,481ms
[273,522s][info][gc] GC(1060) Pause Young (G1 Evacuation Pause) 405M->58M(594M) 2,595ms
[273,933s][info][gc] GC(1061) Pause Young (G1 Evacuation Pause) 405M->56M(594M) 2,374ms
[274,341s][info][gc] GC(1062) Pause Young (G1 Evacuation Pause) 405M->57M(594M) 2,752ms
[274,718s][info][gc] GC(1063) Pause Young (G1 Evacuation Pause) 405M->58M(594M) 1,721ms
[275,134s][info][gc] GC(1064) Pause Young (G1 Evacuation Pause) 405M->57M(594M) 2,432ms
[275,546s][info][gc] GC(1065) Pause Young (G1 Evacuation Pause) 405M->58M(594M) 4,457ms
[275,922s][info][gc] GC(1066) Pause Young (G1 Evacuation Pause) 406M->57M(594M) 2,094ms
[276,300s][info][gc] GC(1067) Pause Young (G1 Evacuation Pause) 405M->58M(594M) 2,857ms
[276,675s][info][gc] GC(1068) Pause Young (G1 Evacuation Pause) 405M->57M(594M) 1,620ms
[277,080s][info][gc] GC(1069) Pause Young (G1 Evacuation Pause) 405M->57M(594M) 1,599ms
[277,482s][info][gc] GC(1070) Pause Young (G1 Evacuation Pause) 405M->57M(594M) 2,627ms
[277,873s][info][gc] GC(1071) Pause Young (G1 Evacuation Pause) 405M->58M(594M) 2,453ms
[278,271s][info][gc] GC(1072) Pause Young (G1 Evacuation Pause) 406M->58M(594M) 2,672ms
[278,648s][info][gc] GC(1073) Pause Young (G1 Evacuation Pause) 406M->58M(594M) 1,787ms
[279,063s][info][gc] GC(1074) Pause Young (G1 Evacuation Pause) 406M->58M(594M) 2,636ms
[279,482s][info][gc] GC(1075) Pause Young (G1 Evacuation Pause) 405M->57M(594M) 3,604ms
[279,888s][info][gc] GC(1076) Pause Young (G1 Evacuation Pause) 405M->57M(594M) 2,589ms
[280,305s][info][gc] GC(1077) Pause Young (G1 Evacuation Pause) 405M->57M(594M) 2,607ms
[280,725s][info][gc] GC(1078) Pause Young (G1 Evacuation Pause) 405M->58M(594M) 2,617ms
[281,143s][info][gc] GC(1079) Pause Young (G1 Evacuation Pause) 405M->57M(594M) 2,429ms
[281,556s][info][gc] GC(1080) Pause Young (G1 Evacuation Pause) 405M->57M(594M) 2,463ms
[281,965s][info][gc] GC(1081) Pause Young (G1 Evacuation Pause) 405M->57M(594M) 1,508ms
[282,357s][info][gc] GC(1082) Pause Young (G1 Evacuation Pause) 405M->57M(594M) 4,668ms
[282,735s][info][gc] GC(1083) Pause Young (G1 Evacuation Pause) 406M->59M(594M) 2,288ms
[283,127s][info][gc] GC(1084) Pause Young (G1 Evacuation Pause) 406M->58M(594M) 1,754ms
[283,524s][info][gc] GC(1085) Pause Young (G1 Evacuation Pause) 406M->58M(594M) 1,782ms
[283,918s][info][gc] GC(1086) Pause Young (G1 Evacuation Pause) 406M->58M(594M) 2,681ms
[284,329s][info][gc] GC(1087) Pause Young (G1 Evacuation Pause) 405M->57M(594M) 2,660ms
[284,707s][info][gc] GC(1088) Pause Young (G1 Evacuation Pause) 405M->58M(594M) 2,081ms
[285,130s][info][gc] GC(1089) Pause Young (G1 Evacuation Pause) 406M->58M(594M) 2,523ms
[285,540s][info][gc] GC(1090) Pause Young (G1 Evacuation Pause) 406M->58M(594M) 2,692ms
[285,952s][info][gc] GC(1091) Pause Young (G1 Evacuation Pause) 405M->57M(594M) 1,713ms
[286,335s][info][gc] GC(1092) Pause Young (G1 Evacuation Pause) 406M->59M(594M) 1,797ms
[286,726s][info][gc] GC(1093) Pause Young (G1 Evacuation Pause) 406M->57M(594M) 2,031ms
[287,139s][info][gc] GC(1094) Pause Young (G1 Evacuation Pause) 405M->58M(594M) 2,655ms
[287,548s][info][gc] GC(1095) Pause Young (G1 Evacuation Pause) 406M->58M(594M) 2,480ms
[287,964s][info][gc] GC(1096) Pause Young (G1 Evacuation Pause) 406M->58M(594M) 2,718ms
[288,375s][info][gc] GC(1097) Pause Young (G1 Evacuation Pause) 406M->58M(594M) 2,516ms
[288,788s][info][gc] GC(1098) Pause Young (G1 Evacuation Pause) 405M->57M(594M) 3,359ms
[289,199s][info][gc] GC(1099) Pause Young (G1 Evacuation Pause) 405M->58M(594M) 2,686ms
[289,623s][info][gc] GC(1100) Pause Young (G1 Evacuation Pause) 406M->57M(594M) 2,602ms
[289,999s][info][gc] GC(1101) Pause Young (G1 Evacuation Pause) 405M->58M(594M) 2,366ms
[290,375s][info][gc] GC(1102) Pause Young (G1 Evacuation Pause) 406M->58M(594M) 1,913ms
[290,751s][info][gc] GC(1103) Pause Young (G1 Evacuation Pause) 406M->58M(594M) 1,759ms
[291,166s][info][gc] GC(1104) Pause Young (G1 Evacuation Pause) 406M->58M(594M) 2,703ms
[291,564s][info][gc] GC(1105) Pause Young (G1 Evacuation Pause) 405M->57M(594M) 2,048ms
[291,940s][info][gc] GC(1106) Pause Young (G1 Evacuation Pause) 405M->57M(594M) 1,636ms
[292,325s][info][gc] GC(1107) Pause Young (G1 Evacuation Pause) 405M->58M(594M) 1,775ms
[292,709s][info][gc] GC(1108) Pause Young (G1 Evacuation Pause) 406M->58M(594M) 3,086ms
[293,120s][info][gc] GC(1109) Pause Young (G1 Evacuation Pause) 405M->57M(594M) 2,420ms
[293,530s][info][gc] GC(1110) Pause Young (G1 Evacuation Pause) 405M->58M(594M) 2,484ms
[293,948s][info][gc] GC(1111) Pause Young (G1 Evacuation Pause) 406M->57M(594M) 3,699ms
[294,337s][info][gc] GC(1112) Pause Young (G1 Evacuation Pause) 405M->58M(594M) 2,427ms
[294,737s][info][gc] GC(1113) Pause Young (G1 Evacuation Pause) 406M->58M(594M) 2,573ms
[295,132s][info][gc] GC(1114) Pause Young (G1 Evacuation Pause) 406M->58M(594M) 2,200ms
[295,541s][info][gc] GC(1115) Pause Young (G1 Evacuation Pause) 406M->59M(594M) 2,645ms
[295,952s][info][gc] GC(1116) Pause Young (G1 Evacuation Pause) 406M->58M(594M) 2,556ms
[296,378s][info][gc] GC(1117) Pause Young (G1 Evacuation Pause) 406M->58M(594M) 2,507ms
[296,755s][info][gc] GC(1118) Pause Young (G1 Evacuation Pause) 406M->58M(594M) 1,784ms
[297,179s][info][gc] GC(1119) Pause Young (G1 Evacuation Pause) 406M->58M(594M) 2,520ms
[297,604s][info][gc] GC(1120) Pause Young (G1 Evacuation Pause) 406M->58M(594M) 2,606ms
[298,010s][info][gc] GC(1121) Pause Young (G1 Evacuation Pause) 406M->58M(594M) 2,515ms
[298,403s][info][gc] GC(1122) Pause Young (G1 Evacuation Pause) 406M->59M(594M) 2,536ms
[298,826s][info][gc] GC(1123) Pause Young (G1 Evacuation Pause) 406M->58M(594M) 4,190ms
[299,204s][info][gc] GC(1124) Pause Young (G1 Evacuation Pause) 406M->58M(594M) 1,759ms
[299,615s][info][gc] GC(1125) Pause Young (G1 Evacuation Pause) 406M->58M(594M) 2,463ms
[300,022s][info][gc] GC(1126) Pause Young (G1 Evacuation Pause) 406M->58M(594M) 2,778ms
[300,433s][info][gc] GC(1127) Pause Young (G1 Evacuation Pause) 406M->59M(594M) 2,676ms
[300,848s][info][gc] GC(1128) Pause Young (G1 Evacuation Pause) 406M->58M(594M) 2,640ms
[301,259s][info][gc] GC(1129) Pause Young (G1 Evacuation Pause) 406M->58M(594M) 2,790ms
[301,670s][info][gc] GC(1130) Pause Young (G1 Evacuation Pause) 406M->58M(594M) 2,505ms
[302,071s][info][gc] GC(1131) Pause Young (G1 Evacuation Pause) 406M->58M(594M) 1,734ms
[302,478s][info][gc] GC(1132) Pause Young (G1 Evacuation Pause) 406M->58M(594M) 3,333ms
[302,893s][info][gc] GC(1133) Pause Young (G1 Evacuation Pause) 406M->58M(594M) 2,711ms
[303,308s][info][gc] GC(1134) Pause Young (G1 Evacuation Pause) 406M->58M(594M) 3,185ms
[303,685s][info][gc] GC(1135) Pause Young (G1 Evacuation Pause) 406M->59M(594M) 2,354ms
[304,061s][info][gc] GC(1136) Pause Young (G1 Evacuation Pause) 406M->58M(594M) 2,116ms
[304,445s][info][gc] GC(1137) Pause Young (G1 Evacuation Pause) 406M->59M(594M) 1,945ms
[304,821s][info][gc] GC(1138) Pause Young (G1 Evacuation Pause) 406M->58M(594M) 2,008ms
[305,228s][info][gc] GC(1139) Pause Young (G1 Evacuation Pause) 406M->58M(594M) 2,539ms
[305,625s][info][gc] GC(1140) Pause Young (G1 Evacuation Pause) 406M->58M(594M) 2,465ms
[306,021s][info][gc] GC(1141) Pause Young (G1 Evacuation Pause) 406M->58M(594M) 1,528ms
[306,398s][info][gc] GC(1142) Pause Young (G1 Evacuation Pause) 406M->58M(594M) 1,702ms
[306,774s][info][gc] GC(1143) Pause Young (G1 Evacuation Pause) 406M->58M(594M) 1,772ms
[307,150s][info][gc] GC(1144) Pause Young (G1 Evacuation Pause) 406M->59M(594M) 1,819ms
[307,552s][info][gc] GC(1145) Pause Young (G1 Evacuation Pause) 407M->59M(594M) 1,699ms
[307,933s][info][gc] GC(1146) Pause Young (G1 Evacuation Pause) 407M->59M(594M) 1,927ms
[308,309s][info][gc] GC(1147) Pause Young (G1 Evacuation Pause) 406M->58M(594M) 1,963ms
[308,685s][info][gc] GC(1148) Pause Young (G1 Evacuation Pause) 406M->58M(594M) 1,778ms
[309,093s][info][gc] GC(1149) Pause Young (G1 Evacuation Pause) 406M->59M(594M) 2,545ms
[309,510s][info][gc] GC(1150) Pause Young (G1 Evacuation Pause) 406M->58M(594M) 2,411ms
[309,929s][info][gc] GC(1151) Pause Young (G1 Evacuation Pause) 407M->59M(594M) 4,719ms
[310,317s][info][gc] GC(1152) Pause Young (G1 Evacuation Pause) 407M->59M(594M) 3,720ms
[310,728s][info][gc] GC(1153) Pause Young (G1 Evacuation Pause) 406M->58M(594M) 2,510ms
[311,105s][info][gc] GC(1154) Pause Young (G1 Evacuation Pause) 406M->58M(594M) 1,971ms
[311,511s][info][gc] GC(1155) Pause Young (G1 Evacuation Pause) 406M->58M(594M) 2,582ms
[311,888s][info][gc] GC(1156) Pause Young (G1 Evacuation Pause) 406M->59M(594M) 1,747ms
[312,264s][info][gc] GC(1157) Pause Young (G1 Evacuation Pause) 407M->59M(594M) 1,800ms
[312,671s][info][gc] GC(1158) Pause Young (G1 Evacuation Pause) 406M->58M(594M) 1,570ms
[313,083s][info][gc] GC(1159) Pause Young (G1 Evacuation Pause) 406M->58M(594M) 2,649ms
[313,506s][info][gc] GC(1160) Pause Young (G1 Evacuation Pause) 406M->58M(594M) 2,433ms
[313,923s][info][gc] GC(1161) Pause Young (G1 Evacuation Pause) 406M->58M(594M) 2,593ms
[314,313s][info][gc] GC(1162) Pause Young (G1 Evacuation Pause) 406M->59M(594M) 3,357ms
[314,709s][info][gc] GC(1163) Pause Young (G1 Evacuation Pause) 407M->59M(594M) 2,075ms
[315,104s][info][gc] GC(1164) Pause Young (G1 Evacuation Pause) 406M->58M(594M) 2,521ms
[315,503s][info][gc] GC(1165) Pause Young (G1 Evacuation Pause) 406M->58M(594M) 3,303ms
[315,899s][info][gc] GC(1166) Pause Young (G1 Evacuation Pause) 406M->58M(594M) 3,169ms
[316,310s][info][gc] GC(1167) Pause Young (G1 Evacuation Pause) 406M->59M(594M) 2,572ms
[316,721s][info][gc] GC(1168) Pause Young (G1 Evacuation Pause) 407M->59M(594M) 2,627ms
[317,136s][info][gc] GC(1169) Pause Young (G1 Evacuation Pause) 407M->59M(594M) 2,588ms
[317,561s][info][gc] GC(1170) Pause Young (G1 Evacuation Pause) 406M->59M(594M) 2,452ms
[317,971s][info][gc] GC(1171) Pause Young (G1 Evacuation Pause) 407M->58M(594M) 1,695ms
[318,383s][info][gc] GC(1172) Pause Young (G1 Evacuation Pause) 406M->59M(594M) 2,221ms
[318,759s][info][gc] GC(1173) Pause Young (G1 Evacuation Pause) 407M->59M(594M) 1,598ms
[319,178s][info][gc] GC(1174) Pause Young (G1 Evacuation Pause) 407M->59M(594M) 2,559ms
[319,593s][info][gc] GC(1175) Pause Young (G1 Evacuation Pause) 407M->59M(594M) 2,695ms
[320,001s][info][gc] GC(1176) Pause Young (G1 Evacuation Pause) 406M->58M(594M) 8,838ms
[320,419s][info][gc] GC(1177) Pause Young (G1 Evacuation Pause) 407M->60M(594M) 5,892ms
[320,838s][info][gc] GC(1178) Pause Young (G1 Evacuation Pause) 407M->59M(594M) 2,667ms
[321,249s][info][gc] GC(1179) Pause Young (G1 Evacuation Pause) 407M->59M(594M) 2,504ms
[321,666s][info][gc] GC(1180) Pause Young (G1 Evacuation Pause) 407M->59M(594M) 2,462ms
[322,061s][info][gc] GC(1181) Pause Young (G1 Evacuation Pause) 406M->58M(594M) 1,474ms
[322,437s][info][gc] GC(1182) Pause Young (G1 Evacuation Pause) 406M->58M(594M) 1,698ms
[322,836s][info][gc] GC(1183) Pause Young (G1 Evacuation Pause) 406M->59M(594M) 2,126ms
[323,214s][info][gc] GC(1184) Pause Young (G1 Evacuation Pause) 407M->59M(594M) 3,279ms
[323,629s][info][gc] GC(1185) Pause Young (G1 Evacuation Pause) 407M->59M(594M) 2,578ms
[324,036s][info][gc] GC(1186) Pause Young (G1 Evacuation Pause) 407M->59M(594M) 2,795ms
[324,454s][info][gc] GC(1187) Pause Young (G1 Evacuation Pause) 406M->58M(594M) 2,445ms
[324,845s][info][gc] GC(1188) Pause Young (G1 Evacuation Pause) 406M->58M(594M) 2,535ms
[325,256s][info][gc] GC(1189) Pause Young (G1 Evacuation Pause) 406M->59M(594M) 2,646ms
[325,646s][info][gc] GC(1190) Pause Young (G1 Evacuation Pause) 407M->59M(594M) 1,640ms
[326,032s][info][gc] GC(1191) Pause Young (G1 Evacuation Pause) 407M->59M(594M) 1,901ms
[326,425s][info][gc] GC(1192) Pause Young (G1 Evacuation Pause) 407M->59M(594M) 2,249ms
[326,818s][info][gc] GC(1193) Pause Young (G1 Evacuation Pause) 407M->59M(594M) 1,677ms
[327,194s][info][gc] GC(1194) Pause Young (G1 Evacuation Pause) 406M->58M(594M) 1,631ms
[327,571s][info][gc] GC(1195) Pause Young (G1 Evacuation Pause) 407M->59M(594M) 2,470ms
[327,986s][info][gc] GC(1196) Pause Young (G1 Evacuation Pause) 407M->60M(594M) 2,582ms
[328,366s][info][gc] GC(1197) Pause Young (G1 Evacuation Pause) 407M->59M(594M) 2,477ms
[328,750s][info][gc] GC(1198) Pause Young (G1 Evacuation Pause) 407M->59M(594M) 1,633ms
[329,143s][info][gc] GC(1199) Pause Young (G1 Evacuation Pause) 407M->59M(594M) 2,669ms
[329,519s][info][gc] GC(1200) Pause Young (G1 Evacuation Pause) 407M->60M(594M) 1,695ms
[329,914s][info][gc] GC(1201) Pause Young (G1 Evacuation Pause) 407M->58M(594M) 3,889ms
[330,317s][info][gc] GC(1202) Pause Young (G1 Evacuation Pause) 407M->60M(594M) 2,828ms
[330,705s][info][gc] GC(1203) Pause Young (G1 Evacuation Pause) 407M->59M(594M) 1,596ms
[331,082s][info][gc] GC(1204) Pause Young (G1 Evacuation Pause) 407M->59M(594M) 2,664ms
[331,484s][info][gc] GC(1205) Pause Young (G1 Evacuation Pause) 407M->59M(594M) 2,548ms
[331,914s][info][gc] GC(1206) Pause Young (G1 Evacuation Pause) 407M->59M(594M) 2,626ms
[332,333s][info][gc] GC(1207) Pause Young (G1 Evacuation Pause) 407M->59M(594M) 4,110ms
[332,711s][info][gc] GC(1208) Pause Young (G1 Evacuation Pause) 407M->60M(594M) 1,788ms
[333,130s][info][gc] GC(1209) Pause Young (G1 Evacuation Pause) 407M->59M(594M) 2,447ms
[333,548s][info][gc] GC(1210) Pause Young (G1 Evacuation Pause) 407M->59M(594M) 2,526ms
[333,944s][info][gc] GC(1211) Pause Young (G1 Evacuation Pause) 407M->59M(594M) 2,457ms
[334,332s][info][gc] GC(1212) Pause Young (G1 Evacuation Pause) 407M->59M(594M) 2,539ms
[334,708s][info][gc] GC(1213) Pause Young (G1 Evacuation Pause) 407M->59M(594M) 1,807ms
[335,084s][info][gc] GC(1214) Pause Young (G1 Evacuation Pause) 407M->60M(594M) 1,966ms
[335,485s][info][gc] GC(1215) Pause Young (G1 Evacuation Pause) 407M->59M(594M) 2,506ms
[335,910s][info][gc] GC(1216) Pause Young (G1 Evacuation Pause) 407M->59M(594M) 2,644ms
[336,300s][info][gc] GC(1217) Pause Young (G1 Evacuation Pause) 407M->59M(594M) 2,444ms
[336,694s][info][gc] GC(1218) Pause Young (G1 Evacuation Pause) 407M->59M(594M) 1,902ms
[337,090s][info][gc] GC(1219) Pause Young (G1 Evacuation Pause) 407M->60M(594M) 2,461ms
[337,476s][info][gc] GC(1220) Pause Young (G1 Evacuation Pause) 407M->59M(594M) 2,233ms
[337,863s][info][gc] GC(1221) Pause Young (G1 Evacuation Pause) 407M->59M(594M) 1,842ms
[338,238s][info][gc] GC(1222) Pause Young (G1 Evacuation Pause) 407M->59M(594M) 1,519ms
[338,646s][info][gc] GC(1223) Pause Young (G1 Evacuation Pause) 407M->59M(594M) 2,045ms
[339,022s][info][gc] GC(1224) Pause Young (G1 Evacuation Pause) 407M->59M(594M) 1,869ms
[339,417s][info][gc] GC(1225) Pause Young (G1 Evacuation Pause) 407M->60M(594M) 2,597ms
[339,832s][info][gc] GC(1226) Pause Young (G1 Evacuation Pause) 407M->59M(594M) 2,450ms
[340,242s][info][gc] GC(1227) Pause Young (G1 Evacuation Pause) 407M->59M(594M) 2,599ms
[340,643s][info][gc] GC(1228) Pause Young (G1 Evacuation Pause) 407M->59M(594M) 1,577ms
[341,051s][info][gc] GC(1229) Pause Young (G1 Evacuation Pause) 407M->60M(594M) 2,532ms
[341,475s][info][gc] GC(1230) Pause Young (G1 Evacuation Pause) 408M->60M(594M) 4,012ms
[341,852s][info][gc] GC(1231) Pause Young (G1 Evacuation Pause) 408M->60M(594M) 2,221ms
[342,232s][info][gc] GC(1232) Pause Young (G1 Evacuation Pause) 408M->60M(594M) 1,720ms
[342,650s][info][gc] GC(1233) Pause Young (G1 Evacuation Pause) 407M->59M(594M) 2,554ms
[343,067s][info][gc] GC(1234) Pause Young (G1 Evacuation Pause) 408M->60M(594M) 2,499ms
[343,470s][info][gc] GC(1235) Pause Young (G1 Evacuation Pause) 407M->59M(594M) 2,529ms
[343,886s][info][gc] GC(1236) Pause Young (G1 Evacuation Pause) 407M->60M(594M) 2,629ms
[344,262s][info][gc] GC(1237) Pause Young (G1 Evacuation Pause) 408M->60M(594M) 1,782ms
[344,638s][info][gc] GC(1238) Pause Young (G1 Evacuation Pause) 407M->59M(594M) 1,719ms
[345,064s][info][gc] GC(1239) Pause Young (G1 Evacuation Pause) 407M->59M(594M) 2,533ms
[345,482s][info][gc] GC(1240) Pause Young (G1 Evacuation Pause) 407M->59M(594M) 4,149ms
[345,862s][info][gc] GC(1241) Pause Young (G1 Evacuation Pause) 407M->59M(594M) 1,987ms
[346,238s][info][gc] GC(1242) Pause Young (G1 Evacuation Pause) 407M->60M(594M) 2,635ms
[346,615s][info][gc] GC(1243) Pause Young (G1 Evacuation Pause) 408M->60M(594M) 2,560ms
[347,031s][info][gc] GC(1244) Pause Young (G1 Evacuation Pause) 408M->60M(594M) 3,404ms
[347,449s][info][gc] GC(1245) Pause Young (G1 Evacuation Pause) 407M->59M(594M) 2,524ms
[347,871s][info][gc] GC(1246) Pause Young (G1 Evacuation Pause) 407M->59M(594M) 2,588ms
[348,282s][info][gc] GC(1247) Pause Young (G1 Evacuation Pause) 407M->60M(594M) 2,489ms
[348,658s][info][gc] GC(1248) Pause Young (G1 Evacuation Pause) 408M->60M(594M) 2,083ms
[349,056s][info][gc] GC(1249) Pause Young (G1 Evacuation Pause) 408M->60M(594M) 4,485ms
[349,455s][info][gc] GC(1250) Pause Young (G1 Evacuation Pause) 408M->60M(594M) 2,647ms
[349,842s][info][gc] GC(1251) Pause Young (G1 Evacuation Pause) 407M->60M(594M) 1,876ms
[350,218s][info][gc] GC(1252) Pause Young (G1 Evacuation Pause) 408M->60M(594M) 1,564ms
[350,635s][info][gc] GC(1253) Pause Young (G1 Evacuation Pause) 408M->60M(594M) 2,588ms
[351,028s][info][gc] GC(1254) Pause Young (G1 Evacuation Pause) 408M->60M(594M) 1,826ms
[351,443s][info][gc] GC(1255) Pause Young (G1 Evacuation Pause) 408M->60M(594M) 2,625ms
[351,853s][info][gc] GC(1256) Pause Young (G1 Evacuation Pause) 408M->60M(594M) 2,716ms
[352,269s][info][gc] GC(1257) Pause Young (G1 Evacuation Pause) 408M->60M(594M) 2,173ms
[352,646s][info][gc] GC(1258) Pause Young (G1 Evacuation Pause) 407M->59M(594M) 2,718ms
[353,022s][info][gc] GC(1259) Pause Young (G1 Evacuation Pause) 408M->61M(594M) 2,027ms
[353,420s][info][gc] GC(1260) Pause Young (G1 Evacuation Pause) 408M->59M(594M) 3,349ms
[353,836s][info][gc] GC(1261) Pause Young (G1 Evacuation Pause) 407M->59M(594M) 3,421ms
[354,218s][info][gc] GC(1262) Pause Young (G1 Evacuation Pause) 407M->59M(594M) 1,631ms
[354,636s][info][gc] GC(1263) Pause Young (G1 Evacuation Pause) 407M->59M(594M) 3,286ms
[355,051s][info][gc] GC(1264) Pause Young (G1 Evacuation Pause) 407M->60M(594M) 2,499ms
[355,472s][info][gc] GC(1265) Pause Young (G1 Evacuation Pause) 408M->60M(594M) 2,626ms
[355,887s][info][gc] GC(1266) Pause Young (G1 Evacuation Pause) 408M->60M(594M) 2,521ms
[356,303s][info][gc] GC(1267) Pause Young (G1 Evacuation Pause) 408M->60M(594M) 3,149ms
[356,682s][info][gc] GC(1268) Pause Young (G1 Evacuation Pause) 407M->59M(594M) 2,355ms
[357,099s][info][gc] GC(1269) Pause Young (G1 Evacuation Pause) 407M->60M(594M) 2,460ms
[357,510s][info][gc] GC(1270) Pause Young (G1 Evacuation Pause) 408M->60M(594M) 1,750ms
[357,910s][info][gc] GC(1271) Pause Young (G1 Evacuation Pause) 408M->60M(594M) 4,755ms
[358,287s][info][gc] GC(1272) Pause Young (G1 Evacuation Pause) 408M->60M(594M) 1,646ms
[358,679s][info][gc] GC(1273) Pause Young (G1 Evacuation Pause) 408M->61M(594M) 1,809ms
[359,054s][info][gc] GC(1274) Pause Young (G1 Evacuation Pause) 408M->60M(594M) 1,647ms
[359,429s][info][gc] GC(1275) Pause Young (G1 Evacuation Pause) 408M->60M(594M) 1,576ms
[359,848s][info][gc] GC(1276) Pause Young (G1 Evacuation Pause) 408M->60M(594M) 2,475ms
[360,258s][info][gc] GC(1277) Pause Young (G1 Evacuation Pause) 408M->60M(594M) 2,777ms
[360,674s][info][gc] GC(1278) Pause Young (G1 Evacuation Pause) 408M->60M(594M) 3,361ms
[361,095s][info][gc] GC(1279) Pause Young (G1 Evacuation Pause) 408M->61M(594M) 2,619ms
[361,507s][info][gc] GC(1280) Pause Young (G1 Evacuation Pause) 408M->60M(594M) 3,906ms
[361,901s][info][gc] GC(1281) Pause Young (G1 Evacuation Pause) 408M->60M(594M) 2,638ms
[362,298s][info][gc] GC(1282) Pause Young (G1 Evacuation Pause) 408M->60M(594M) 6,030ms
[362,725s][info][gc] GC(1283) Pause Young (G1 Evacuation Pause) 408M->60M(594M) 3,685ms
[363,140s][info][gc] GC(1284) Pause Young (G1 Evacuation Pause) 408M->61M(594M) 2,635ms
[363,557s][info][gc] GC(1285) Pause Young (G1 Evacuation Pause) 408M->60M(594M) 2,633ms
[363,941s][info][gc] GC(1286) Pause Young (G1 Evacuation Pause) 408M->60M(594M) 1,690ms
[364,331s][info][gc] GC(1287) Pause Young (G1 Evacuation Pause) 408M->60M(594M) 3,342ms
[364,712s][info][gc] GC(1288) Pause Young (G1 Evacuation Pause) 408M->60M(594M) 1,958ms
[365,088s][info][gc] GC(1289) Pause Young (G1 Evacuation Pause) 408M->61M(594M) 1,978ms
[365,464s][info][gc] GC(1290) Pause Young (G1 Evacuation Pause) 408M->59M(594M) 2,600ms
[365,857s][info][gc] GC(1291) Pause Young (G1 Evacuation Pause) 408M->61M(594M) 4,256ms
[366,240s][info][gc] GC(1292) Pause Young (G1 Evacuation Pause) 408M->60M(594M) 1,578ms
[366,657s][info][gc] GC(1293) Pause Young (G1 Evacuation Pause) 408M->60M(594M) 2,433ms
[367,067s][info][gc] GC(1294) Pause Young (G1 Evacuation Pause) 408M->60M(594M) 2,601ms
[367,490s][info][gc] GC(1295) Pause Young (G1 Evacuation Pause) 408M->60M(594M) 3,472ms
[367,882s][info][gc] GC(1296) Pause Young (G1 Evacuation Pause) 408M->61M(594M) 1,814ms
[368,258s][info][gc] GC(1297) Pause Young (G1 Evacuation Pause) 408M->60M(594M) 2,131ms
[368,660s][info][gc] GC(1298) Pause Young (G1 Evacuation Pause) 408M->60M(594M) 2,412ms
[369,070s][info][gc] GC(1299) Pause Young (G1 Evacuation Pause) 408M->60M(594M) 2,601ms
[369,492s][info][gc] GC(1300) Pause Young (G1 Evacuation Pause) 408M->60M(594M) 2,574ms
[369,914s][info][gc] GC(1301) Pause Young (G1 Evacuation Pause) 408M->60M(594M) 4,439ms
[370,296s][info][gc] GC(1302) Pause Young (G1 Evacuation Pause) 408M->61M(594M) 1,583ms
[370,713s][info][gc] GC(1303) Pause Young (G1 Evacuation Pause) 409M->61M(594M) 2,697ms
[371,127s][info][gc] GC(1304) Pause Young (G1 Evacuation Pause) 408M->60M(594M) 2,786ms
[371,547s][info][gc] GC(1305) Pause Young (G1 Evacuation Pause) 408M->60M(594M) 4,318ms
[371,937s][info][gc] GC(1306) Pause Young (G1 Evacuation Pause) 408M->61M(594M) 2,255ms
[372,326s][info][gc] GC(1307) Pause Young (G1 Evacuation Pause) 409M->61M(594M) 3,543ms
[372,749s][info][gc] GC(1308) Pause Young (G1 Evacuation Pause) 408M->60M(594M) 2,525ms
[373,184s][info][gc] GC(1309) Pause Young (G1 Evacuation Pause) 408M->60M(594M) 2,532ms
[373,600s][info][gc] GC(1310) Pause Young (G1 Evacuation Pause) 408M->60M(594M) 2,630ms
[373,999s][info][gc] GC(1311) Pause Young (G1 Evacuation Pause) 408M->60M(594M) 1,693ms
[374,375s][info][gc] GC(1312) Pause Young (G1 Evacuation Pause) 408M->60M(594M) 1,631ms
[374,751s][info][gc] GC(1313) Pause Young (G1 Evacuation Pause) 408M->60M(594M) 1,661ms
[375,178s][info][gc] GC(1314) Pause Young (G1 Evacuation Pause) 408M->61M(594M) 2,699ms
[375,588s][info][gc] GC(1315) Pause Young (G1 Evacuation Pause) 408M->60M(594M) 1,682ms
[376,008s][info][gc] GC(1316) Pause Young (G1 Evacuation Pause) 408M->60M(594M) 2,454ms
[376,409s][info][gc] GC(1317) Pause Young (G1 Evacuation Pause) 408M->60M(594M) 3,534ms
[376,823s][info][gc] GC(1318) Pause Young (G1 Evacuation Pause) 408M->61M(594M) 2,860ms
[377,199s][info][gc] GC(1319) Pause Young (G1 Evacuation Pause) 409M->61M(594M) 1,763ms
[377,600s][info][gc] GC(1320) Pause Young (G1 Evacuation Pause) 409M->61M(594M) 1,820ms
[377,975s][info][gc] GC(1321) Pause Young (G1 Evacuation Pause) 409M->61M(594M) 1,630ms
[378,367s][info][gc] GC(1322) Pause Young (G1 Evacuation Pause) 408M->60M(594M) 2,413ms
[378,743s][info][gc] GC(1323) Pause Young (G1 Evacuation Pause) 408M->60M(594M) 2,155ms
[379,134s][info][gc] GC(1324) Pause Young (G1 Evacuation Pause) 408M->60M(594M) 1,685ms
[379,543s][info][gc] GC(1325) Pause Young (G1 Evacuation Pause) 408M->61M(594M) 2,630ms
[379,940s][info][gc] GC(1326) Pause Young (G1 Evacuation Pause) 409M->61M(594M) 1,882ms
[380,330s][info][gc] GC(1327) Pause Young (G1 Evacuation Pause) 408M->60M(594M) 2,659ms
[380,743s][info][gc] GC(1328) Pause Young (G1 Evacuation Pause) 408M->60M(594M) 2,564ms
[381,146s][info][gc] GC(1329) Pause Young (G1 Evacuation Pause) 408M->61M(594M) 1,660ms
[381,556s][info][gc] GC(1330) Pause Young (G1 Evacuation Pause) 409M->61M(594M) 2,615ms
[381,964s][info][gc] GC(1331) Pause Young (G1 Evacuation Pause) 409M->61M(594M) 5,417ms
[382,340s][info][gc] GC(1332) Pause Young (G1 Evacuation Pause) 409M->61M(594M) 1,745ms
[382,716s][info][gc] GC(1333) Pause Young (G1 Evacuation Pause) 409M->61M(594M) 1,779ms
[383,092s][info][gc] GC(1334) Pause Young (G1 Evacuation Pause) 408M->60M(594M) 1,704ms
[383,467s][info][gc] GC(1335) Pause Young (G1 Evacuation Pause) 408M->61M(594M) 1,577ms
[383,851s][info][gc] GC(1336) Pause Young (G1 Evacuation Pause) 409M->61M(594M) 2,276ms
[384,229s][info][gc] GC(1337) Pause Young (G1 Evacuation Pause) 409M->61M(594M) 2,219ms
[384,646s][info][gc] GC(1338) Pause Young (G1 Evacuation Pause) 408M->60M(594M) 2,252ms
[385,041s][info][gc] GC(1339) Pause Young (G1 Evacuation Pause) 408M->60M(594M) 1,782ms
[385,430s][info][gc] GC(1340) Pause Young (G1 Evacuation Pause) 408M->60M(594M) 2,163ms
[385,807s][info][gc] GC(1341) Pause Young (G1 Evacuation Pause) 408M->61M(594M) 1,975ms
[386,182s][info][gc] GC(1342) Pause Young (G1 Evacuation Pause) 409M->61M(594M) 1,576ms
[386,568s][info][gc] GC(1343) Pause Young (G1 Evacuation Pause) 409M->61M(594M) 2,075ms
[386,972s][info][gc] GC(1344) Pause Young (G1 Evacuation Pause) 409M->61M(594M) 2,504ms
[387,387s][info][gc] GC(1345) Pause Young (G1 Evacuation Pause) 409M->61M(594M) 4,108ms
[387,765s][info][gc] GC(1346) Pause Young (G1 Evacuation Pause) 409M->61M(594M) 2,699ms
[388,141s][info][gc] GC(1347) Pause Young (G1 Evacuation Pause) 409M->62M(594M) 1,899ms
[388,547s][info][gc] GC(1348) Pause Young (G1 Evacuation Pause) 409M->61M(594M) 3,445ms
[388,924s][info][gc] GC(1349) Pause Young (G1 Evacuation Pause) 409M->61M(594M) 1,779ms
[389,307s][info][gc] GC(1350) Pause Young (G1 Evacuation Pause) 409M->61M(594M) 2,295ms
[389,688s][info][gc] GC(1351) Pause Young (G1 Evacuation Pause) 409M->62M(594M) 2,296ms
[390,080s][info][gc] GC(1352) Pause Young (G1 Evacuation Pause) 409M->61M(594M) 1,503ms
[390,469s][info][gc] GC(1353) Pause Young (G1 Evacuation Pause) 409M->61M(594M) 1,696ms
[390,867s][info][gc] GC(1354) Pause Young (G1 Evacuation Pause) 409M->61M(594M) 1,699ms
[391,243s][info][gc] GC(1355) Pause Young (G1 Evacuation Pause) 409M->61M(594M) 1,628ms
[391,664s][info][gc] GC(1356) Pause Young (G1 Evacuation Pause) 409M->61M(594M) 2,725ms
[392,083s][info][gc] GC(1357) Pause Young (G1 Evacuation Pause) 409M->61M(594M) 1,765ms
[392,490s][info][gc] GC(1358) Pause Young (G1 Evacuation Pause) 409M->61M(594M) 2,490ms
[392,881s][info][gc] GC(1359) Pause Young (G1 Evacuation Pause) 409M->61M(594M) 2,136ms
[393,258s][info][gc] GC(1360) Pause Young (G1 Evacuation Pause) 409M->62M(594M) 2,184ms
[393,656s][info][gc] GC(1361) Pause Young (G1 Evacuation Pause) 409M->61M(594M) 3,458ms
[394,125s][info][gc] GC(1362) Pause Young (G1 Evacuation Pause) 409M->61M(594M) 3,286ms
[394,533s][info][gc] GC(1363) Pause Young (G1 Evacuation Pause) 409M->61M(594M) 1,766ms
[394,909s][info][gc] GC(1364) Pause Young (G1 Evacuation Pause) 409M->61M(594M) 1,812ms
[395,285s][info][gc] GC(1365) Pause Young (G1 Evacuation Pause) 409M->61M(594M) 2,619ms
[395,691s][info][gc] GC(1366) Pause Young (G1 Evacuation Pause) 409M->62M(594M) 3,170ms
[396,081s][info][gc] GC(1367) Pause Young (G1 Evacuation Pause) 409M->61M(594M) 1,740ms
[396,489s][info][gc] GC(1368) Pause Young (G1 Evacuation Pause) 409M->61M(594M) 1,693ms
[396,904s][info][gc] GC(1369) Pause Young (G1 Evacuation Pause) 409M->62M(594M) 2,649ms
[397,291s][info][gc] GC(1370) Pause Young (G1 Evacuation Pause) 409M->61M(594M) 5,727ms
[397,678s][info][gc] GC(1371) Pause Young (G1 Evacuation Pause) 409M->61M(594M) 1,625ms
[398,069s][info][gc] GC(1372) Pause Young (G1 Evacuation Pause) 409M->60M(594M) 1,645ms
[398,486s][info][gc] GC(1373) Pause Young (G1 Evacuation Pause) 409M->62M(594M) 1,782ms
[398,877s][info][gc] GC(1374) Pause Young (G1 Evacuation Pause) 409M->61M(594M) 2,634ms
[399,294s][info][gc] GC(1375) Pause Young (G1 Evacuation Pause) 409M->61M(594M) 3,515ms
[399,671s][info][gc] GC(1376) Pause Young (G1 Evacuation Pause) 409M->62M(594M) 2,181ms
[400,048s][info][gc] GC(1377) Pause Young (G1 Evacuation Pause) 409M->61M(594M) 1,997ms
[400,438s][info][gc] GC(1378) Pause Young (G1 Evacuation Pause) 409M->61M(594M) 1,975ms
[400,814s][info][gc] GC(1379) Pause Young (G1 Evacuation Pause) 409M->61M(594M) 2,034ms
[401,190s][info][gc] GC(1380) Pause Young (G1 Evacuation Pause) 409M->61M(594M) 2,193ms
[401,583s][info][gc] GC(1381) Pause Young (G1 Evacuation Pause) 409M->62M(594M) 1,677ms
[401,984s][info][gc] GC(1382) Pause Young (G1 Evacuation Pause) 410M->62M(594M) 8,813ms
[402,379s][info][gc] GC(1383) Pause Young (G1 Evacuation Pause) 410M->62M(594M) 2,549ms
[402,764s][info][gc] GC(1384) Pause Young (G1 Evacuation Pause) 409M->61M(594M) 1,549ms
[403,141s][info][gc] GC(1385) Pause Young (G1 Evacuation Pause) 409M->61M(594M) 1,683ms
[403,546s][info][gc] GC(1386) Pause Young (G1 Evacuation Pause) 409M->61M(594M) 2,512ms
[403,922s][info][gc] GC(1387) Pause Young (G1 Evacuation Pause) 409M->61M(594M) 2,170ms
[404,307s][info][gc] GC(1388) Pause Young (G1 Evacuation Pause) 409M->62M(594M) 3,205ms
[404,684s][info][gc] GC(1389) Pause Young (G1 Evacuation Pause) 409M->61M(594M) 1,592ms
[405,106s][info][gc] GC(1390) Pause Young (G1 Evacuation Pause) 409M->61M(594M) 2,541ms
[405,517s][info][gc] GC(1391) Pause Young (G1 Evacuation Pause) 409M->62M(594M) 2,631ms
[405,927s][info][gc] GC(1392) Pause Young (G1 Evacuation Pause) 410M->61M(594M) 3,401ms
[406,304s][info][gc] GC(1393) Pause Young (G1 Evacuation Pause) 409M->62M(594M) 1,877ms
[406,680s][info][gc] GC(1394) Pause Young (G1 Evacuation Pause) 410M->62M(594M) 1,775ms
[407,056s][info][gc] GC(1395) Pause Young (G1 Evacuation Pause) 410M->62M(594M) 1,674ms
[407,456s][info][gc] GC(1396) Pause Young (G1 Evacuation Pause) 409M->61M(594M) 4,069ms
[407,833s][info][gc] GC(1397) Pause Young (G1 Evacuation Pause) 409M->61M(594M) 2,080ms
[408,210s][info][gc] GC(1398) Pause Young (G1 Evacuation Pause) 409M->62M(594M) 2,159ms
[408,629s][info][gc] GC(1399) Pause Young (G1 Evacuation Pause) 410M->62M(594M) 2,605ms
[409,040s][info][gc] GC(1400) Pause Young (G1 Evacuation Pause) 410M->61M(594M) 2,498ms
[409,457s][info][gc] GC(1401) Pause Young (G1 Evacuation Pause) 409M->62M(594M) 2,707ms
[409,876s][info][gc] GC(1402) Pause Young (G1 Evacuation Pause) 409M->61M(594M) 3,431ms
[410,264s][info][gc] GC(1403) Pause Young (G1 Evacuation Pause) 409M->62M(594M) 1,614ms
[410,641s][info][gc] GC(1404) Pause Young (G1 Evacuation Pause) 410M->62M(594M) 1,783ms
[411,016s][info][gc] GC(1405) Pause Young (G1 Evacuation Pause) 410M->62M(594M) 1,684ms
[411,417s][info][gc] GC(1406) Pause Young (G1 Evacuation Pause) 410M->62M(594M) 4,256ms
[411,805s][info][gc] GC(1407) Pause Young (G1 Evacuation Pause) 410M->62M(594M) 3,799ms
[412,182s][info][gc] GC(1408) Pause Young (G1 Evacuation Pause) 409M->62M(594M) 2,035ms
[412,570s][info][gc] GC(1409) Pause Young (G1 Evacuation Pause) 410M->62M(594M) 2,044ms
[412,947s][info][gc] GC(1410) Pause Young (G1 Evacuation Pause) 410M->62M(594M) 1,813ms
[413,323s][info][gc] GC(1411) Pause Young (G1 Evacuation Pause) 410M->62M(594M) 1,892ms
[413,698s][info][gc] GC(1412) Pause Young (G1 Evacuation Pause) 409M->61M(594M) 1,603ms
[414,074s][info][gc] GC(1413) Pause Young (G1 Evacuation Pause) 409M->61M(594M) 1,528ms
[414,464s][info][gc] GC(1414) Pause Young (G1 Evacuation Pause) 410M->62M(594M) 3,112ms
[414,866s][info][gc] GC(1415) Pause Young (G1 Evacuation Pause) 410M->62M(594M) 3,563ms
[415,282s][info][gc] GC(1416) Pause Young (G1 Evacuation Pause) 409M->62M(594M) 2,589ms
[415,693s][info][gc] GC(1417) Pause Young (G1 Evacuation Pause) 410M->62M(594M) 2,681ms
[416,071s][info][gc] GC(1418) Pause Young (G1 Evacuation Pause) 410M->62M(594M) 1,929ms
[416,476s][info][gc] GC(1419) Pause Young (G1 Evacuation Pause) 410M->62M(594M) 4,263ms
[416,858s][info][gc] GC(1420) Pause Young (G1 Evacuation Pause) 409M->62M(594M) 2,876ms
[417,271s][info][gc] GC(1421) Pause Young (G1 Evacuation Pause) 410M->61M(594M) 4,836ms
[417,648s][info][gc] GC(1422) Pause Young (G1 Evacuation Pause) 409M->62M(594M) 1,631ms
[418,044s][info][gc] GC(1423) Pause Young (G1 Evacuation Pause) 410M->62M(594M) 2,604ms
[418,422s][info][gc] GC(1424) Pause Young (G1 Evacuation Pause) 410M->62M(594M) 1,933ms
[418,798s][info][gc] GC(1425) Pause Young (G1 Evacuation Pause) 410M->62M(594M) 1,940ms
[419,195s][info][gc] GC(1426) Pause Young (G1 Evacuation Pause) 409M->61M(594M) 2,502ms
[419,600s][info][gc] GC(1427) Pause Young (G1 Evacuation Pause) 409M->62M(594M) 2,119ms
[419,977s][info][gc] GC(1428) Pause Young (G1 Evacuation Pause) 410M->62M(594M) 2,070ms
[420,369s][info][gc] GC(1429) Pause Young (G1 Evacuation Pause) 410M->62M(594M) 2,669ms
[420,746s][info][gc] GC(1430) Pause Young (G1 Evacuation Pause) 410M->62M(594M) 1,987ms
[421,138s][info][gc] GC(1431) Pause Young (G1 Evacuation Pause) 410M->63M(594M) 2,904ms
[421,547s][info][gc] GC(1432) Pause Young (G1 Evacuation Pause) 410M->62M(594M) 2,503ms
[421,961s][info][gc] GC(1433) Pause Young (G1 Evacuation Pause) 410M->62M(594M) 2,561ms
[422,376s][info][gc] GC(1434) Pause Young (G1 Evacuation Pause) 410M->62M(594M) 2,673ms
[422,787s][info][gc] GC(1435) Pause Young (G1 Evacuation Pause) 410M->63M(594M) 2,624ms
[423,175s][info][gc] GC(1436) Pause Young (G1 Evacuation Pause) 410M->62M(594M) 1,851ms
[423,551s][info][gc] GC(1437) Pause Young (G1 Evacuation Pause) 410M->62M(594M) 1,787ms
[423,927s][info][gc] GC(1438) Pause Young (G1 Evacuation Pause) 410M->62M(594M) 1,722ms
[424,317s][info][gc] GC(1439) Pause Young (G1 Evacuation Pause) 410M->62M(594M) 2,033ms
[424,693s][info][gc] GC(1440) Pause Young (G1 Evacuation Pause) 410M->62M(594M) 1,576ms
[425,100s][info][gc] GC(1441) Pause Young (G1 Evacuation Pause) 410M->62M(594M) 2,346ms
[425,476s][info][gc] GC(1442) Pause Young (G1 Evacuation Pause) 410M->63M(594M) 2,170ms
[425,853s][info][gc] GC(1443) Pause Young (G1 Evacuation Pause) 410M->62M(594M) 2,188ms
[426,229s][info][gc] GC(1444) Pause Young (G1 Evacuation Pause) 410M->62M(594M) 1,656ms
[426,660s][info][gc] GC(1445) Pause Young (G1 Evacuation Pause) 410M->62M(594M) 2,468ms
[427,050s][info][gc] GC(1446) Pause Young (G1 Evacuation Pause) 410M->62M(594M) 2,590ms
[427,426s][info][gc] GC(1447) Pause Young (G1 Evacuation Pause) 410M->62M(594M) 1,735ms
[427,827s][info][gc] GC(1448) Pause Young (G1 Evacuation Pause) 410M->63M(594M) 2,770ms
[428,205s][info][gc] GC(1449) Pause Young (G1 Evacuation Pause) 410M->61M(594M) 2,376ms
[428,605s][info][gc] GC(1450) Pause Young (G1 Evacuation Pause) 410M->63M(594M) 2,398ms
[428,999s][info][gc] GC(1451) Pause Young (G1 Evacuation Pause) 410M->62M(594M) 1,722ms
[429,377s][info][gc] GC(1452) Pause Young (G1 Evacuation Pause) 410M->62M(594M) 1,600ms
[429,753s][info][gc] GC(1453) Pause Young (G1 Evacuation Pause) 410M->62M(594M) 1,665ms
[430,129s][info][gc] GC(1454) Pause Young (G1 Evacuation Pause) 410M->62M(594M) 1,674ms
[430,520s][info][gc] GC(1455) Pause Young (G1 Evacuation Pause) 410M->63M(594M) 3,488ms
[430,909s][info][gc] GC(1456) Pause Young (G1 Evacuation Pause) 410M->62M(594M) 4,344ms
[431,296s][info][gc] GC(1457) Pause Young (G1 Evacuation Pause) 410M->62M(594M) 5,092ms
[431,673s][info][gc] GC(1458) Pause Young (G1 Evacuation Pause) 410M->62M(594M) 1,868ms
[432,092s][info][gc] GC(1459) Pause Young (G1 Evacuation Pause) 410M->63M(594M) 2,721ms
[432,472s][info][gc] GC(1460) Pause Young (G1 Evacuation Pause) 410M->62M(594M) 1,924ms
[432,862s][info][gc] GC(1461) Pause Young (G1 Evacuation Pause) 410M->62M(594M) 2,572ms
[433,273s][info][gc] GC(1462) Pause Young (G1 Evacuation Pause) 410M->62M(594M) 2,629ms
[433,681s][info][gc] GC(1463) Pause Young (G1 Evacuation Pause) 410M->62M(594M) 1,616ms
[434,057s][info][gc] GC(1464) Pause Young (G1 Evacuation Pause) 410M->63M(594M) 1,577ms
[434,460s][info][gc] GC(1465) Pause Young (G1 Evacuation Pause) 411M->62M(594M) 2,477ms
[434,857s][info][gc] GC(1466) Pause Young (G1 Evacuation Pause) 410M->63M(594M) 2,633ms
[435,240s][info][gc] GC(1467) Pause Young (G1 Evacuation Pause) 410M->62M(594M) 1,615ms
[435,658s][info][gc] GC(1468) Pause Young (G1 Evacuation Pause) 410M->62M(594M) 2,948ms
[436,069s][info][gc] GC(1469) Pause Young (G1 Evacuation Pause) 410M->62M(594M) 3,028ms
[436,458s][info][gc] GC(1470) Pause Young (G1 Evacuation Pause) 410M->63M(594M) 2,087ms
[436,852s][info][gc] GC(1471) Pause Young (G1 Evacuation Pause) 411M->62M(594M) 4,434ms
[437,228s][info][gc] GC(1472) Pause Young (G1 Evacuation Pause) 410M->63M(594M) 2,195ms
[437,620s][info][gc] GC(1473) Pause Young (G1 Evacuation Pause) 410M->62M(594M) 2,191ms
[438,030s][info][gc] GC(1474) Pause Young (G1 Evacuation Pause) 410M->62M(594M) 1,838ms
[438,429s][info][gc] GC(1475) Pause Young (G1 Evacuation Pause) 410M->62M(594M) 2,529ms
[438,824s][info][gc] GC(1476) Pause Young (G1 Evacuation Pause) 410M->63M(594M) 1,838ms
[439,200s][info][gc] GC(1477) Pause Young (G1 Evacuation Pause) 411M->63M(594M) 1,986ms
[439,580s][info][gc] GC(1478) Pause Young (G1 Evacuation Pause) 411M->63M(594M) 2,016ms
[439,963s][info][gc] GC(1479) Pause Young (G1 Evacuation Pause) 411M->63M(594M) 2,588ms
[440,339s][info][gc] GC(1480) Pause Young (G1 Evacuation Pause) 411M->64M(594M) 2,565ms
[440,714s][info][gc] GC(1481) Pause Young (G1 Evacuation Pause) 411M->63M(594M) 1,614ms
[441,136s][info][gc] GC(1482) Pause Young (G1 Evacuation Pause) 411M->63M(594M) 1,634ms
[441,513s][info][gc] GC(1483) Pause Young (G1 Evacuation Pause) 411M->63M(594M) 1,718ms
[441,918s][info][gc] GC(1484) Pause Young (G1 Evacuation Pause) 410M->62M(594M) 2,408ms
[442,338s][info][gc] GC(1485) Pause Young (G1 Evacuation Pause) 411M->63M(594M) 2,968ms
[442,792s][info][gc] GC(1486) Pause Young (G1 Evacuation Pause) 411M->63M(594M) 1,837ms
[443,167s][info][gc] GC(1487) Pause Young (G1 Evacuation Pause) 410M->62M(594M) 1,717ms
[443,544s][info][gc] GC(1488) Pause Young (G1 Evacuation Pause) 410M->63M(594M) 1,655ms
[443,920s][info][gc] GC(1489) Pause Young (G1 Evacuation Pause) 411M->63M(594M) 2,164ms
[444,297s][info][gc] GC(1490) Pause Young (G1 Evacuation Pause) 411M->63M(594M) 2,133ms
[444,690s][info][gc] GC(1491) Pause Young (G1 Evacuation Pause) 410M->62M(594M) 2,081ms
[445,067s][info][gc] GC(1492) Pause Young (G1 Evacuation Pause) 410M->62M(594M) 2,159ms
[445,447s][info][gc] GC(1493) Pause Young (G1 Evacuation Pause) 410M->62M(594M) 2,231ms
[445,862s][info][gc] GC(1494) Pause Young (G1 Evacuation Pause) 410M->62M(594M) 2,555ms
[446,246s][info][gc] GC(1495) Pause Young (G1 Evacuation Pause) 410M->62M(594M) 9,882ms
[446,626s][info][gc] GC(1496) Pause Young (G1 Evacuation Pause) 411M->64M(594M) 1,777ms
[447,002s][info][gc] GC(1497) Pause Young (G1 Evacuation Pause) 411M->63M(594M) 2,361ms
[447,378s][info][gc] GC(1498) Pause Young (G1 Evacuation Pause) 411M->63M(594M) 2,411ms
[447,754s][info][gc] GC(1499) Pause Young (G1 Evacuation Pause) 411M->63M(594M) 2,439ms
[448,174s][info][gc] GC(1500) Pause Young (G1 Evacuation Pause) 411M->63M(594M) 2,615ms
[448,589s][info][gc] GC(1501) Pause Young (G1 Evacuation Pause) 410M->62M(594M) 2,658ms
[449,000s][info][gc] GC(1502) Pause Young (G1 Evacuation Pause) 410M->63M(594M) 1,705ms
[449,394s][info][gc] GC(1503) Pause Young (G1 Evacuation Pause) 411M->63M(594M) 2,585ms
[449,815s][info][gc] GC(1504) Pause Young (G1 Evacuation Pause) 410M->62M(594M) 3,353ms
[450,199s][info][gc] GC(1505) Pause Young (G1 Evacuation Pause) 410M->62M(594M) 1,563ms
[450,577s][info][gc] GC(1506) Pause Young (G1 Evacuation Pause) 410M->62M(594M) 1,662ms
[450,953s][info][gc] GC(1507) Pause Young (G1 Evacuation Pause) 410M->63M(594M) 1,688ms
[451,376s][info][gc] GC(1508) Pause Young (G1 Evacuation Pause) 411M->63M(594M) 2,155ms
[451,753s][info][gc] GC(1509) Pause Young (G1 Evacuation Pause) 411M->63M(594M) 2,225ms
[452,131s][info][gc] GC(1510) Pause Young (G1 Evacuation Pause) 411M->63M(594M) 2,508ms
[452,536s][info][gc] GC(1511) Pause Young (G1 Evacuation Pause) 411M->63M(594M) 3,120ms
[452,952s][info][gc] GC(1512) Pause Young (G1 Evacuation Pause) 411M->64M(594M) 2,389ms
[453,345s][info][gc] GC(1513) Pause Young (G1 Evacuation Pause) 411M->63M(594M) 2,733ms
[453,730s][info][gc] GC(1514) Pause Young (G1 Evacuation Pause) 411M->63M(594M) 1,743ms
[454,118s][info][gc] GC(1515) Pause Young (G1 Evacuation Pause) 411M->63M(594M) 1,632ms
[454,519s][info][gc] GC(1516) Pause Young (G1 Evacuation Pause) 411M->63M(594M) 1,660ms
[454,922s][info][gc] GC(1517) Pause Young (G1 Evacuation Pause) 411M->63M(594M) 1,994ms
[455,298s][info][gc] GC(1518) Pause Young (G1 Evacuation Pause) 411M->63M(594M) 1,843ms
[455,704s][info][gc] GC(1519) Pause Young (G1 Evacuation Pause) 411M->64M(594M) 2,044ms
[456,098s][info][gc] GC(1520) Pause Young (G1 Evacuation Pause) 411M->63M(594M) 1,899ms
[456,474s][info][gc] GC(1521) Pause Young (G1 Evacuation Pause) 411M->62M(594M) 1,734ms
[456,867s][info][gc] GC(1522) Pause Young (G1 Evacuation Pause) 411M->63M(594M) 2,565ms
[457,247s][info][gc] GC(1523) Pause Young (G1 Evacuation Pause) 411M->64M(594M) 1,817ms
[457,663s][info][gc] GC(1524) Pause Young (G1 Evacuation Pause) 411M->63M(594M) 2,561ms
[458,068s][info][gc] GC(1525) Pause Young (G1 Evacuation Pause) 411M->63M(594M) 1,695ms
[458,444s][info][gc] GC(1526) Pause Young (G1 Evacuation Pause) 411M->63M(594M) 1,583ms
[458,874s][info][gc] GC(1527) Pause Young (G1 Evacuation Pause) 411M->63M(594M) 2,495ms
[459,287s][info][gc] GC(1528) Pause Young (G1 Evacuation Pause) 411M->64M(594M) 6,010ms
[459,698s][info][gc] GC(1529) Pause Young (G1 Evacuation Pause) 411M->62M(594M) 2,591ms
[460,089s][info][gc] GC(1530) Pause Young (G1 Evacuation Pause) 411M->64M(594M) 2,190ms
[460,466s][info][gc] GC(1531) Pause Young (G1 Evacuation Pause) 411M->63M(594M) 2,068ms
[460,857s][info][gc] GC(1532) Pause Young (G1 Evacuation Pause) 411M->63M(594M) 2,473ms
[461,253s][info][gc] GC(1533) Pause Young (G1 Evacuation Pause) 411M->64M(594M) 2,205ms
[461,670s][info][gc] GC(1534) Pause Young (G1 Evacuation Pause) 411M->63M(594M) 2,480ms
[462,061s][info][gc] GC(1535) Pause Young (G1 Evacuation Pause) 411M->62M(594M) 3,825ms
[462,460s][info][gc] GC(1536) Pause Young (G1 Evacuation Pause) 411M->64M(594M) 3,104ms
[462,849s][info][gc] GC(1537) Pause Young (G1 Evacuation Pause) 411M->63M(594M) 1,562ms
[463,227s][info][gc] GC(1538) Pause Young (G1 Evacuation Pause) 411M->63M(594M) 2,596ms
[463,605s][info][gc] GC(1539) Pause Young (G1 Evacuation Pause) 411M->64M(594M) 1,685ms
[464,011s][info][gc] GC(1540) Pause Young (G1 Evacuation Pause) 412M->64M(594M) 1,900ms
[464,418s][info][gc] GC(1541) Pause Young (G1 Evacuation Pause) 411M->63M(594M) 2,318ms
[464,820s][info][gc] GC(1542) Pause Young (G1 Evacuation Pause) 411M->63M(594M) 3,119ms
[465,226s][info][gc] GC(1543) Pause Young (G1 Evacuation Pause) 411M->63M(594M) 2,270ms
[465,613s][info][gc] GC(1544) Pause Young (G1 Evacuation Pause) 411M->64M(594M) 1,756ms
[465,990s][info][gc] GC(1545) Pause Young (G1 Evacuation Pause) 411M->63M(594M) 1,558ms
[466,367s][info][gc] GC(1546) Pause Young (G1 Evacuation Pause) 411M->63M(594M) 1,627ms
[466,744s][info][gc] GC(1547) Pause Young (G1 Evacuation Pause) 412M->64M(594M) 1,726ms
[467,120s][info][gc] GC(1548) Pause Young (G1 Evacuation Pause) 412M->64M(594M) 1,812ms
[467,518s][info][gc] GC(1549) Pause Young (G1 Evacuation Pause) 411M->63M(594M) 2,430ms
[467,920s][info][gc] GC(1550) Pause Young (G1 Evacuation Pause) 411M->63M(594M) 2,580ms
[468,333s][info][gc] GC(1551) Pause Young (G1 Evacuation Pause) 411M->64M(594M) 2,836ms
[468,743s][info][gc] GC(1552) Pause Young (G1 Evacuation Pause) 412M->64M(594M) 2,676ms
[469,129s][info][gc] GC(1553) Pause Young (G1 Evacuation Pause) 411M->63M(594M) 1,740ms
[469,520s][info][gc] GC(1554) Pause Young (G1 Evacuation Pause) 411M->63M(594M) 2,141ms
[469,952s][info][gc] GC(1555) Pause Young (G1 Evacuation Pause) 411M->63M(594M) 1,862ms
[470,338s][info][gc] GC(1556) Pause Young (G1 Evacuation Pause) 411M->63M(594M) 1,845ms
[470,746s][info][gc] GC(1557) Pause Young (G1 Evacuation Pause) 411M->64M(594M) 1,653ms
[471,121s][info][gc] GC(1558) Pause Young (G1 Evacuation Pause) 411M->63M(594M) 1,535ms
[471,508s][info][gc] GC(1559) Pause Young (G1 Evacuation Pause) 411M->63M(594M) 1,985ms
[471,902s][info][gc] GC(1560) Pause Young (G1 Evacuation Pause) 411M->63M(594M) 2,535ms
[472,293s][info][gc] GC(1561) Pause Young (G1 Evacuation Pause) 411M->63M(594M) 2,010ms
[472,706s][info][gc] GC(1562) Pause Young (G1 Evacuation Pause) 411M->64M(594M) 2,036ms
[473,117s][info][gc] GC(1563) Pause Young (G1 Evacuation Pause) 412M->64M(594M) 2,721ms
[473,521s][info][gc] GC(1564) Pause Young (G1 Evacuation Pause) 411M->63M(594M) 2,435ms
[473,936s][info][gc] GC(1565) Pause Young (G1 Evacuation Pause) 411M->63M(594M) 2,976ms
[474,314s][info][gc] GC(1566) Pause Young (G1 Evacuation Pause) 412M->64M(594M) 1,771ms
[474,690s][info][gc] GC(1567) Pause Young (G1 Evacuation Pause) 411M->64M(594M) 2,536ms
[475,080s][info][gc] GC(1568) Pause Young (G1 Evacuation Pause) 412M->64M(594M) 2,192ms
[475,483s][info][gc] GC(1569) Pause Young (G1 Evacuation Pause) 412M->64M(594M) 2,673ms
[475,901s][info][gc] GC(1570) Pause Young (G1 Evacuation Pause) 412M->64M(594M) 2,793ms
[476,292s][info][gc] GC(1571) Pause Young (G1 Evacuation Pause) 412M->64M(594M) 4,212ms
[476,679s][info][gc] GC(1572) Pause Young (G1 Evacuation Pause) 411M->64M(594M) 1,753ms
[477,088s][info][gc] GC(1573) Pause Young (G1 Evacuation Pause) 412M->64M(594M) 2,576ms
[477,488s][info][gc] GC(1574) Pause Young (G1 Evacuation Pause) 412M->64M(594M) 2,242ms
[477,865s][info][gc] GC(1575) Pause Young (G1 Evacuation Pause) 412M->64M(594M) 2,107ms
[478,243s][info][gc] GC(1576) Pause Young (G1 Evacuation Pause) 412M->64M(594M) 3,387ms
[478,620s][info][gc] GC(1577) Pause Young (G1 Evacuation Pause) 412M->65M(594M) 1,799ms
[479,032s][info][gc] GC(1578) Pause Young (G1 Evacuation Pause) 412M->63M(594M) 2,543ms
[479,452s][info][gc] GC(1579) Pause Young (G1 Evacuation Pause) 411M->63M(594M) 4,206ms
[479,864s][info][gc] GC(1580) Pause Young (G1 Evacuation Pause) 411M->64M(594M) 2,226ms
[480,262s][info][gc] GC(1581) Pause Young (G1 Evacuation Pause) 412M->64M(594M) 4,198ms
[480,659s][info][gc] GC(1582) Pause Young (G1 Evacuation Pause) 412M->64M(594M) 1,641ms
[481,070s][info][gc] GC(1583) Pause Young (G1 Evacuation Pause) 411M->63M(594M) 2,369ms
[481,472s][info][gc] GC(1584) Pause Young (G1 Evacuation Pause) 411M->63M(594M) 3,286ms
[481,887s][info][gc] GC(1585) Pause Young (G1 Evacuation Pause) 411M->64M(594M) 2,466ms
[482,264s][info][gc] GC(1586) Pause Young (G1 Evacuation Pause) 412M->64M(594M) 1,582ms
[482,640s][info][gc] GC(1587) Pause Young (G1 Evacuation Pause) 412M->64M(594M) 1,748ms
[483,044s][info][gc] GC(1588) Pause Young (G1 Evacuation Pause) 411M->63M(594M) 2,457ms
[483,441s][info][gc] GC(1589) Pause Young (G1 Evacuation Pause) 412M->64M(594M) 2,571ms
[483,839s][info][gc] GC(1590) Pause Young (G1 Evacuation Pause) 411M->64M(594M) 1,727ms
[484,215s][info][gc] GC(1591) Pause Young (G1 Evacuation Pause) 412M->64M(594M) 2,003ms
[484,591s][info][gc] GC(1592) Pause Young (G1 Evacuation Pause) 412M->65M(594M) 1,722ms
[484,992s][info][gc] GC(1593) Pause Young (G1 Evacuation Pause) 412M->63M(594M) 2,591ms
[485,407s][info][gc] GC(1594) Pause Young (G1 Evacuation Pause) 412M->65M(594M) 4,788ms
[485,792s][info][gc] GC(1595) Pause Young (G1 Evacuation Pause) 412M->64M(594M) 3,881ms
[486,186s][info][gc] GC(1596) Pause Young (G1 Evacuation Pause) 412M->64M(594M) 2,565ms
[486,576s][info][gc] GC(1597) Pause Young (G1 Evacuation Pause) 412M->64M(594M) 1,648ms
[486,978s][info][gc] GC(1598) Pause Young (G1 Evacuation Pause) 412M->64M(594M) 2,646ms
[487,393s][info][gc] GC(1599) Pause Young (G1 Evacuation Pause) 412M->64M(594M) 2,642ms
[487,804s][info][gc] GC(1600) Pause Young (G1 Evacuation Pause) 412M->65M(594M) 2,535ms
[488,180s][info][gc] GC(1601) Pause Young (G1 Evacuation Pause) 412M->64M(594M) 1,751ms
[488,556s][info][gc] GC(1602) Pause Young (G1 Evacuation Pause) 412M->64M(594M) 1,767ms
[488,960s][info][gc] GC(1603) Pause Young (G1 Evacuation Pause) 412M->64M(594M) 3,581ms
[489,376s][info][gc] GC(1604) Pause Young (G1 Evacuation Pause) 412M->64M(594M) 2,620ms
[489,756s][info][gc] GC(1605) Pause Young (G1 Evacuation Pause) 412M->64M(594M) 4,633ms
[490,151s][info][gc] GC(1606) Pause Young (G1 Evacuation Pause) 412M->65M(594M) 1,814ms
[490,534s][info][gc] GC(1607) Pause Young (G1 Evacuation Pause) 412M->64M(594M) 1,985ms
[490,917s][info][gc] GC(1608) Pause Young (G1 Evacuation Pause) 412M->64M(594M) 2,113ms
[491,303s][info][gc] GC(1609) Pause Young (G1 Evacuation Pause) 412M->64M(594M) 2,538ms
[491,680s][info][gc] GC(1610) Pause Young (G1 Evacuation Pause) 412M->64M(594M) 1,988ms
[492,090s][info][gc] GC(1611) Pause Young (G1 Evacuation Pause) 412M->65M(594M) 2,493ms
[492,510s][info][gc] GC(1612) Pause Young (G1 Evacuation Pause) 412M->63M(594M) 2,206ms
[492,903s][info][gc] GC(1613) Pause Young (G1 Evacuation Pause) 412M->65M(594M) 2,682ms
[493,319s][info][gc] GC(1614) Pause Young (G1 Evacuation Pause) 412M->64M(594M) 2,654ms
[493,712s][info][gc] GC(1615) Pause Young (G1 Evacuation Pause) 412M->64M(594M) 1,580ms
[494,110s][info][gc] GC(1616) Pause Young (G1 Evacuation Pause) 412M->64M(594M) 1,725ms
[494,509s][info][gc] GC(1617) Pause Young (G1 Evacuation Pause) 412M->65M(594M) 3,528ms
[494,912s][info][gc] GC(1618) Pause Young (G1 Evacuation Pause) 412M->64M(594M) 2,709ms
[495,323s][info][gc] GC(1619) Pause Young (G1 Evacuation Pause) 412M->64M(594M) 2,549ms
[495,699s][info][gc] GC(1620) Pause Young (G1 Evacuation Pause) 413M->65M(594M) 1,744ms
[496,081s][info][gc] GC(1621) Pause Young (G1 Evacuation Pause) 412M->65M(594M) 1,709ms
[496,487s][info][gc] GC(1622) Pause Young (G1 Evacuation Pause) 413M->65M(594M) 2,256ms
[496,884s][info][gc] GC(1623) Pause Young (G1 Evacuation Pause) 413M->65M(594M) 1,794ms
[497,312s][info][gc] GC(1624) Pause Young (G1 Evacuation Pause) 412M->64M(594M) 2,517ms
[497,721s][info][gc] GC(1625) Pause Young (G1 Evacuation Pause) 413M->65M(594M) 1,765ms
[498,097s][info][gc] GC(1626) Pause Young (G1 Evacuation Pause) 412M->64M(594M) 2,521ms
[498,488s][info][gc] GC(1627) Pause Young (G1 Evacuation Pause) 412M->64M(594M) 1,549ms
[498,865s][info][gc] GC(1628) Pause Young (G1 Evacuation Pause) 412M->65M(594M) 1,756ms
[499,259s][info][gc] GC(1629) Pause Young (G1 Evacuation Pause) 413M->65M(594M) 1,968ms
[499,635s][info][gc] GC(1630) Pause Young (G1 Evacuation Pause) 412M->64M(594M) 1,868ms
[500,042s][info][gc] GC(1631) Pause Young (G1 Evacuation Pause) 412M->64M(594M) 2,997ms
[500,419s][info][gc] GC(1632) Pause Young (G1 Evacuation Pause) 412M->64M(594M) 2,177ms
[500,843s][info][gc] GC(1633) Pause Young (G1 Evacuation Pause) 412M->64M(594M) 3,089ms
[501,259s][info][gc] GC(1634) Pause Young (G1 Evacuation Pause) 412M->65M(594M) 3,079ms
[501,669s][info][gc] GC(1635) Pause Young (G1 Evacuation Pause) 412M->64M(594M) 2,537ms
[502,070s][info][gc] GC(1636) Pause Young (G1 Evacuation Pause) 412M->64M(594M) 1,747ms
[502,455s][info][gc] GC(1637) Pause Young (G1 Evacuation Pause) 412M->64M(594M) 1,600ms
[502,843s][info][gc] GC(1638) Pause Young (G1 Evacuation Pause) 412M->64M(594M) 2,161ms
[503,220s][info][gc] GC(1639) Pause Young (G1 Evacuation Pause) 412M->65M(594M) 2,248ms
[503,645s][info][gc] GC(1640) Pause Young (G1 Evacuation Pause) 413M->65M(594M) 2,241ms
[504,033s][info][gc] GC(1641) Pause Young (G1 Evacuation Pause) 413M->65M(594M) 3,735ms
[504,457s][info][gc] GC(1642) Pause Young (G1 Evacuation Pause) 413M->65M(594M) 2,530ms
[504,875s][info][gc] GC(1643) Pause Young (G1 Evacuation Pause) 412M->65M(594M) 3,076ms
[505,293s][info][gc] GC(1644) Pause Young (G1 Evacuation Pause) 413M->65M(594M) 4,902ms
[505,685s][info][gc] GC(1645) Pause Young (G1 Evacuation Pause) 413M->65M(594M) 2,417ms
[506,084s][info][gc] GC(1646) Pause Young (G1 Evacuation Pause) 413M->65M(594M) 2,017ms
[506,488s][info][gc] GC(1647) Pause Young (G1 Evacuation Pause) 413M->65M(594M) 1,642ms
[506,864s][info][gc] GC(1648) Pause Young (G1 Evacuation Pause) 412M->64M(594M) 1,560ms
[507,239s][info][gc] GC(1649) Pause Young (G1 Evacuation Pause) 412M->65M(594M) 1,531ms
[507,616s][info][gc] GC(1650) Pause Young (G1 Evacuation Pause) 413M->65M(594M) 1,713ms
[508,021s][info][gc] GC(1651) Pause Young (G1 Evacuation Pause) 413M->65M(594M) 2,675ms
[508,398s][info][gc] GC(1652) Pause Young (G1 Evacuation Pause) 413M->65M(594M) 1,710ms
[508,807s][info][gc] GC(1653) Pause Young (G1 Evacuation Pause) 413M->65M(594M) 3,203ms
[509,208s][info][gc] GC(1654) Pause Young (G1 Evacuation Pause) 413M->65M(594M) 1,943ms
[509,621s][info][gc] GC(1655) Pause Young (G1 Evacuation Pause) 412M->65M(594M) 2,576ms
[510,025s][info][gc] GC(1656) Pause Young (G1 Evacuation Pause) 413M->65M(594M) 1,564ms
[510,425s][info][gc] GC(1657) Pause Young (G1 Evacuation Pause) 413M->64M(594M) 1,645ms
[510,840s][info][gc] GC(1658) Pause Young (G1 Evacuation Pause) 412M->65M(594M) 2,478ms
[511,252s][info][gc] GC(1659) Pause Young (G1 Evacuation Pause) 412M->64M(594M) 3,776ms
[511,633s][info][gc] GC(1660) Pause Young (G1 Evacuation Pause) 413M->65M(594M) 1,735ms
[512,037s][info][gc] GC(1661) Pause Young (G1 Evacuation Pause) 412M->65M(594M) 2,556ms
[512,433s][info][gc] GC(1662) Pause Young (G1 Evacuation Pause) 413M->65M(594M) 2,177ms
[512,822s][info][gc] GC(1663) Pause Young (G1 Evacuation Pause) 413M->65M(594M) 3,152ms
[513,201s][info][gc] GC(1664) Pause Young (G1 Evacuation Pause) 413M->65M(594M) 2,121ms
[513,621s][info][gc] GC(1665) Pause Young (G1 Evacuation Pause) 412M->64M(594M) 2,415ms
[514,024s][info][gc] GC(1666) Pause Young (G1 Evacuation Pause) 412M->64M(594M) 1,737ms
[514,409s][info][gc] GC(1667) Pause Young (G1 Evacuation Pause) 412M->65M(594M) 2,392ms
[514,784s][info][gc] GC(1668) Pause Young (G1 Evacuation Pause) 413M->65M(594M) 1,681ms
[515,161s][info][gc] GC(1669) Pause Young (G1 Evacuation Pause) 413M->65M(594M) 2,405ms
[515,570s][info][gc] GC(1670) Pause Young (G1 Evacuation Pause) 413M->65M(594M) 2,510ms
[515,947s][info][gc] GC(1671) Pause Young (G1 Evacuation Pause) 413M->66M(594M) 2,327ms
[516,336s][info][gc] GC(1672) Pause Young (G1 Evacuation Pause) 413M->65M(594M) 2,669ms
[516,718s][info][gc] GC(1673) Pause Young (G1 Evacuation Pause) 413M->65M(594M) 5,707ms
[517,130s][info][gc] GC(1674) Pause Young (G1 Evacuation Pause) 413M->65M(594M) 2,457ms
[517,525s][info][gc] GC(1675) Pause Young (G1 Evacuation Pause) 413M->66M(594M) 2,202ms
[517,925s][info][gc] GC(1676) Pause Young (G1 Evacuation Pause) 413M->64M(594M) 3,460ms
[518,300s][info][gc] GC(1677) Pause Young (G1 Evacuation Pause) 413M->65M(594M) 1,648ms
[518,677s][info][gc] GC(1678) Pause Young (G1 Evacuation Pause) 413M->65M(594M) 2,399ms
[519,053s][info][gc] GC(1679) Pause Young (G1 Evacuation Pause) 413M->66M(594M) 1,765ms
[519,462s][info][gc] GC(1680) Pause Young (G1 Evacuation Pause) 413M->65M(594M) 2,593ms
[519,857s][info][gc] GC(1681) Pause Young (G1 Evacuation Pause) 413M->65M(594M) 2,382ms
[520,260s][info][gc] GC(1682) Pause Young (G1 Evacuation Pause) 413M->65M(594M) 2,471ms
[520,668s][info][gc] GC(1683) Pause Young (G1 Evacuation Pause) 413M->66M(594M) 2,335ms
[521,076s][info][gc] GC(1684) Pause Young (G1 Evacuation Pause) 413M->65M(594M) 2,562ms
[521,490s][info][gc] GC(1685) Pause Young (G1 Evacuation Pause) 413M->65M(594M) 2,535ms
[521,901s][info][gc] GC(1686) Pause Young (G1 Evacuation Pause) 413M->65M(594M) 2,665ms
[522,279s][info][gc] GC(1687) Pause Young (G1 Evacuation Pause) 413M->65M(594M) 1,645ms
[522,656s][info][gc] GC(1688) Pause Young (G1 Evacuation Pause) 413M->65M(594M) 1,813ms
[523,033s][info][gc] GC(1689) Pause Young (G1 Evacuation Pause) 413M->66M(594M) 2,915ms
[523,431s][info][gc] GC(1690) Pause Young (G1 Evacuation Pause) 413M->65M(594M) 2,589ms
[523,842s][info][gc] GC(1691) Pause Young (G1 Evacuation Pause) 413M->65M(594M) 2,331ms
[524,218s][info][gc] GC(1692) Pause Young (G1 Evacuation Pause) 413M->65M(594M) 2,166ms
[524,596s][info][gc] GC(1693) Pause Young (G1 Evacuation Pause) 413M->65M(594M) 2,339ms
[524,998s][info][gc] GC(1694) Pause Young (G1 Evacuation Pause) 413M->66M(594M) 2,632ms
[525,416s][info][gc] GC(1695) Pause Young (G1 Evacuation Pause) 413M->65M(594M) 2,729ms
[525,798s][info][gc] GC(1696) Pause Young (G1 Evacuation Pause) 413M->65M(594M) 1,577ms
[526,175s][info][gc] GC(1697) Pause Young (G1 Evacuation Pause) 413M->65M(594M) 2,473ms
[526,554s][info][gc] GC(1698) Pause Young (G1 Evacuation Pause) 414M->66M(594M) 1,865ms
[526,930s][info][gc] GC(1699) Pause Young (G1 Evacuation Pause) 413M->66M(594M) 1,833ms
[527,335s][info][gc] GC(1700) Pause Young (G1 Evacuation Pause) 414M->66M(594M) 2,618ms
[527,736s][info][gc] GC(1701) Pause Young (G1 Evacuation Pause) 413M->65M(594M) 1,771ms
[528,160s][info][gc] GC(1702) Pause Young (G1 Evacuation Pause) 413M->65M(594M) 3,253ms
[528,570s][info][gc] GC(1703) Pause Young (G1 Evacuation Pause) 414M->66M(594M) 2,562ms
[528,972s][info][gc] GC(1704) Pause Young (G1 Evacuation Pause) 413M->65M(594M) 2,682ms
[529,370s][info][gc] GC(1705) Pause Young (G1 Evacuation Pause) 413M->66M(594M) 2,672ms
[529,748s][info][gc] GC(1706) Pause Young (G1 Evacuation Pause) 414M->66M(594M) 2,306ms
[530,148s][info][gc] GC(1707) Pause Young (G1 Evacuation Pause) 413M->65M(594M) 1,533ms
[530,541s][info][gc] GC(1708) Pause Young (G1 Evacuation Pause) 413M->65M(594M) 1,702ms
[530,940s][info][gc] GC(1709) Pause Young (G1 Evacuation Pause) 413M->65M(594M) 4,248ms
[531,339s][info][gc] GC(1710) Pause Young (G1 Evacuation Pause) 413M->66M(594M) 2,741ms
[531,754s][info][gc] GC(1711) Pause Young (G1 Evacuation Pause) 414M->66M(594M) 2,756ms
[532,165s][info][gc] GC(1712) Pause Young (G1 Evacuation Pause) 413M->65M(594M) 2,588ms
[532,576s][info][gc] GC(1713) Pause Young (G1 Evacuation Pause) 414M->66M(594M) 2,706ms
[532,961s][info][gc] GC(1714) Pause Young (G1 Evacuation Pause) 413M->65M(594M) 1,630ms
[533,358s][info][gc] GC(1715) Pause Young (G1 Evacuation Pause) 413M->65M(594M) 1,741ms
[533,734s][info][gc] GC(1716) Pause Young (G1 Evacuation Pause) 413M->66M(594M) 1,781ms
[534,111s][info][gc] GC(1717) Pause Young (G1 Evacuation Pause) 414M->65M(594M) 1,581ms
[534,509s][info][gc] GC(1718) Pause Young (G1 Evacuation Pause) 413M->66M(594M) 2,035ms
[534,885s][info][gc] GC(1719) Pause Young (G1 Evacuation Pause) 413M->65M(594M) 1,682ms
[535,303s][info][gc] GC(1720) Pause Young (G1 Evacuation Pause) 414M->66M(594M) 2,546ms
[535,708s][info][gc] GC(1721) Pause Young (G1 Evacuation Pause) 414M->66M(594M) 2,218ms
[536,085s][info][gc] GC(1722) Pause Young (G1 Evacuation Pause) 414M->66M(594M) 1,857ms
[536,461s][info][gc] GC(1723) Pause Young (G1 Evacuation Pause) 413M->65M(594M) 1,904ms
[536,851s][info][gc] GC(1724) Pause Young (G1 Evacuation Pause) 413M->66M(594M) 2,525ms
[537,227s][info][gc] GC(1725) Pause Young (G1 Evacuation Pause) 414M->66M(594M) 1,677ms
[537,645s][info][gc] GC(1726) Pause Young (G1 Evacuation Pause) 414M->66M(594M) 2,610ms
[538,048s][info][gc] GC(1727) Pause Young (G1 Evacuation Pause) 413M->65M(594M) 1,708ms
[538,443s][info][gc] GC(1728) Pause Young (G1 Evacuation Pause) 413M->65M(594M) 2,375ms
[538,867s][info][gc] GC(1729) Pause Young (G1 Evacuation Pause) 414M->66M(594M) 2,679ms
[539,282s][info][gc] GC(1730) Pause Young (G1 Evacuation Pause) 413M->66M(594M) 4,777ms
[539,694s][info][gc] GC(1731) Pause Young (G1 Evacuation Pause) 414M->66M(594M) 2,474ms
[540,098s][info][gc] GC(1732) Pause Young (G1 Evacuation Pause) 414M->66M(594M) 1,771ms
[540,475s][info][gc] GC(1733) Pause Young (G1 Evacuation Pause) 413M->65M(594M) 2,953ms
[540,851s][info][gc] GC(1734) Pause Young (G1 Evacuation Pause) 413M->66M(594M) 1,638ms
[541,227s][info][gc] GC(1735) Pause Young (G1 Evacuation Pause) 414M->66M(594M) 1,829ms
[541,640s][info][gc] GC(1736) Pause Young (G1 Evacuation Pause) 414M->66M(594M) 2,526ms
[542,038s][info][gc] GC(1737) Pause Young (G1 Evacuation Pause) 414M->66M(594M) 1,690ms
[542,421s][info][gc] GC(1738) Pause Young (G1 Evacuation Pause) 414M->66M(594M) 1,733ms
[542,807s][info][gc] GC(1739) Pause Young (G1 Evacuation Pause) 414M->66M(594M) 3,343ms
[543,217s][info][gc] GC(1740) Pause Young (G1 Evacuation Pause) 413M->65M(594M) 2,482ms
[543,598s][info][gc] GC(1741) Pause Young (G1 Evacuation Pause) 413M->65M(594M) 1,967ms
[543,974s][info][gc] GC(1742) Pause Young (G1 Evacuation Pause) 413M->66M(594M) 1,853ms
[544,364s][info][gc] GC(1743) Pause Young (G1 Evacuation Pause) 414M->66M(594M) 2,657ms
[544,756s][info][gc] GC(1744) Pause Young (G1 Evacuation Pause) 414M->66M(594M) 1,610ms
[545,147s][info][gc] GC(1745) Pause Young (G1 Evacuation Pause) 413M->66M(594M) 1,567ms
[545,523s][info][gc] GC(1746) Pause Young (G1 Evacuation Pause) 414M->65M(594M) 1,663ms
[545,899s][info][gc] GC(1747) Pause Young (G1 Evacuation Pause) 413M->66M(594M) 1,568ms
[546,282s][info][gc] GC(1748) Pause Young (G1 Evacuation Pause) 414M->66M(594M) 2,703ms
[546,658s][info][gc] GC(1749) Pause Young (G1 Evacuation Pause) 414M->66M(594M) 1,729ms
[547,048s][info][gc] GC(1750) Pause Young (G1 Evacuation Pause) 414M->66M(594M) 2,037ms
[547,445s][info][gc] GC(1751) Pause Young (G1 Evacuation Pause) 414M->67M(594M) 2,556ms
[547,833s][info][gc] GC(1752) Pause Young (G1 Evacuation Pause) 414M->66M(594M) 1,715ms
[548,208s][info][gc] GC(1753) Pause Young (G1 Evacuation Pause) 414M->66M(594M) 1,671ms
[548,617s][info][gc] GC(1754) Pause Young (G1 Evacuation Pause) 414M->66M(594M) 1,873ms
[549,018s][info][gc] GC(1755) Pause Young (G1 Evacuation Pause) 414M->66M(594M) 2,646ms
[549,434s][info][gc] GC(1756) Pause Young (G1 Evacuation Pause) 414M->66M(594M) 2,539ms
[549,849s][info][gc] GC(1757) Pause Young (G1 Evacuation Pause) 414M->66M(594M) 2,764ms
[550,234s][info][gc] GC(1758) Pause Young (G1 Evacuation Pause) 414M->67M(594M) 1,667ms
[550,618s][info][gc] GC(1759) Pause Young (G1 Evacuation Pause) 414M->66M(594M) 2,274ms
[551,030s][info][gc] GC(1760) Pause Young (G1 Evacuation Pause) 414M->66M(594M) 1,565ms
[551,444s][info][gc] GC(1761) Pause Young (G1 Evacuation Pause) 414M->66M(594M) 2,635ms
[551,842s][info][gc] GC(1762) Pause Young (G1 Evacuation Pause) 414M->67M(594M) 2,567ms
[552,253s][info][gc] GC(1763) Pause Young (G1 Evacuation Pause) 414M->66M(594M) 2,506ms
[552,647s][info][gc] GC(1764) Pause Young (G1 Evacuation Pause) 414M->66M(594M) 1,559ms
[553,065s][info][gc] GC(1765) Pause Young (G1 Evacuation Pause) 414M->66M(594M) 2,603ms
[553,467s][info][gc] GC(1766) Pause Young (G1 Evacuation Pause) 414M->66M(594M) 4,022ms
[553,859s][info][gc] GC(1767) Pause Young (G1 Evacuation Pause) 414M->66M(594M) 2,623ms
[554,257s][info][gc] GC(1768) Pause Young (G1 Evacuation Pause) 414M->66M(594M) 9,074ms
[554,634s][info][gc] GC(1769) Pause Young (G1 Evacuation Pause) 414M->67M(594M) 1,604ms
[555,041s][info][gc] GC(1770) Pause Young (G1 Evacuation Pause) 414M->66M(594M) 2,547ms
[555,429s][info][gc] GC(1771) Pause Young (G1 Evacuation Pause) 414M->66M(594M) 2,025ms
[555,816s][info][gc] GC(1772) Pause Young (G1 Evacuation Pause) 414M->66M(594M) 2,600ms
[556,209s][info][gc] GC(1773) Pause Young (G1 Evacuation Pause) 414M->67M(594M) 2,090ms
[556,622s][info][gc] GC(1774) Pause Young (G1 Evacuation Pause) 414M->66M(594M) 2,393ms
[557,028s][info][gc] GC(1775) Pause Young (G1 Evacuation Pause) 415M->67M(594M) 2,804ms
[557,412s][info][gc] GC(1776) Pause Young (G1 Evacuation Pause) 415M->67M(594M) 2,459ms
[557,812s][info][gc] GC(1777) Pause Young (G1 Evacuation Pause) 414M->66M(594M) 2,503ms
[558,187s][info][gc] GC(1778) Pause Young (G1 Evacuation Pause) 414M->66M(594M) 1,666ms
[558,568s][info][gc] GC(1779) Pause Young (G1 Evacuation Pause) 414M->66M(594M) 1,582ms
[558,945s][info][gc] GC(1780) Pause Young (G1 Evacuation Pause) 414M->67M(594M) 1,792ms
[559,335s][info][gc] GC(1781) Pause Young (G1 Evacuation Pause) 414M->66M(594M) 3,250ms
[559,712s][info][gc] GC(1782) Pause Young (G1 Evacuation Pause) 414M->66M(594M) 1,997ms
[560,117s][info][gc] GC(1783) Pause Young (G1 Evacuation Pause) 414M->67M(594M) 1,589ms
[560,494s][info][gc] GC(1784) Pause Young (G1 Evacuation Pause) 415M->66M(594M) 2,432ms
[560,891s][info][gc] GC(1785) Pause Young (G1 Evacuation Pause) 414M->67M(594M) 2,435ms
[561,285s][info][gc] GC(1786) Pause Young (G1 Evacuation Pause) 415M->67M(594M) 5,396ms
[561,691s][info][gc] GC(1787) Pause Young (G1 Evacuation Pause) 414M->66M(594M) 3,952ms
[562,093s][info][gc] GC(1788) Pause Young (G1 Evacuation Pause) 414M->66M(594M) 2,528ms
[562,480s][info][gc] GC(1789) Pause Young (G1 Evacuation Pause) 414M->66M(594M) 2,449ms
[562,873s][info][gc] GC(1790) Pause Young (G1 Evacuation Pause) 414M->66M(594M) 2,684ms
[563,250s][info][gc] GC(1791) Pause Young (G1 Evacuation Pause) 414M->66M(594M) 2,221ms
[563,632s][info][gc] GC(1792) Pause Young (G1 Evacuation Pause) 414M->67M(594M) 2,035ms
[564,021s][info][gc] GC(1793) Pause Young (G1 Evacuation Pause) 414M->66M(594M) 1,730ms
[564,436s][info][gc] GC(1794) Pause Young (G1 Evacuation Pause) 414M->66M(594M) 2,934ms
[564,817s][info][gc] GC(1795) Pause Young (G1 Evacuation Pause) 414M->66M(594M) 1,803ms
[565,194s][info][gc] GC(1796) Pause Young (G1 Evacuation Pause) 414M->66M(594M) 3,131ms
[565,606s][info][gc] GC(1797) Pause Young (G1 Evacuation Pause) 414M->67M(594M) 3,130ms
[566,013s][info][gc] GC(1798) Pause Young (G1 Evacuation Pause) 414M->66M(594M) 1,644ms
[566,403s][info][gc] GC(1799) Pause Young (G1 Evacuation Pause) 415M->66M(594M) 2,589ms
[566,780s][info][gc] GC(1800) Pause Young (G1 Evacuation Pause) 414M->67M(594M) 1,911ms
[567,156s][info][gc] GC(1801) Pause Young (G1 Evacuation Pause) 415M->67M(594M) 1,818ms
[567,563s][info][gc] GC(1802) Pause Young (G1 Evacuation Pause) 414M->66M(594M) 2,546ms
[567,988s][info][gc] GC(1803) Pause Young (G1 Evacuation Pause) 414M->67M(594M) 3,373ms
[568,380s][info][gc] GC(1804) Pause Young (G1 Evacuation Pause) 415M->67M(594M) 2,630ms
[568,795s][info][gc] GC(1805) Pause Young (G1 Evacuation Pause) 415M->67M(594M) 3,576ms
[569,173s][info][gc] GC(1806) Pause Young (G1 Evacuation Pause) 414M->66M(594M) 1,879ms
[569,579s][info][gc] GC(1807) Pause Young (G1 Evacuation Pause) 415M->67M(594M) 2,716ms
[569,991s][info][gc] GC(1808) Pause Young (G1 Evacuation Pause) 414M->66M(594M) 1,880ms
[570,401s][info][gc] GC(1809) Pause Young (G1 Evacuation Pause) 414M->66M(594M) 2,537ms
[570,818s][info][gc] GC(1810) Pause Young (G1 Evacuation Pause) 414M->67M(594M) 3,512ms
[571,229s][info][gc] GC(1811) Pause Young (G1 Evacuation Pause) 415M->67M(594M) 2,515ms
[571,639s][info][gc] GC(1812) Pause Young (G1 Evacuation Pause) 415M->67M(594M) 2,651ms
[572,050s][info][gc] GC(1813) Pause Young (G1 Evacuation Pause) 415M->67M(594M) 2,689ms
[572,455s][info][gc] GC(1814) Pause Young (G1 Evacuation Pause) 414M->66M(594M) 2,609ms
[572,874s][info][gc] GC(1815) Pause Young (G1 Evacuation Pause) 414M->67M(594M) 2,644ms
[573,250s][info][gc] GC(1816) Pause Young (G1 Evacuation Pause) 415M->67M(594M) 1,603ms
[573,628s][info][gc] GC(1817) Pause Young (G1 Evacuation Pause) 415M->67M(594M) 2,641ms
[574,031s][info][gc] GC(1818) Pause Young (G1 Evacuation Pause) 415M->67M(594M) 2,164ms
[574,408s][info][gc] GC(1819) Pause Young (G1 Evacuation Pause) 415M->67M(594M) 1,790ms
[574,793s][info][gc] GC(1820) Pause Young (G1 Evacuation Pause) 414M->66M(594M) 1,636ms
[575,170s][info][gc] GC(1821) Pause Young (G1 Evacuation Pause) 414M->67M(594M) 1,722ms
[575,581s][info][gc] GC(1822) Pause Young (G1 Evacuation Pause) 415M->66M(594M) 2,502ms
[575,974s][info][gc] GC(1823) Pause Young (G1 Evacuation Pause) 414M->67M(594M) 2,178ms
[576,366s][info][gc] GC(1824) Pause Young (G1 Evacuation Pause) 415M->68M(594M) 2,665ms
[576,781s][info][gc] GC(1825) Pause Young (G1 Evacuation Pause) 415M->67M(594M) 4,485ms
[577,192s][info][gc] GC(1826) Pause Young (G1 Evacuation Pause) 415M->67M(594M) 2,473ms
[577,596s][info][gc] GC(1827) Pause Young (G1 Evacuation Pause) 415M->67M(594M) 1,738ms
[577,979s][info][gc] GC(1828) Pause Young (G1 Evacuation Pause) 415M->67M(594M) 1,707ms
[578,363s][info][gc] GC(1829) Pause Young (G1 Evacuation Pause) 415M->68M(594M) 2,615ms
[578,763s][info][gc] GC(1830) Pause Young (G1 Evacuation Pause) 415M->66M(594M) 2,394ms
[579,170s][info][gc] GC(1831) Pause Young (G1 Evacuation Pause) 415M->68M(594M) 1,819ms
[579,547s][info][gc] GC(1832) Pause Young (G1 Evacuation Pause) 415M->67M(594M) 2,670ms
[579,922s][info][gc] GC(1833) Pause Young (G1 Evacuation Pause) 415M->67M(594M) 1,576ms
[580,299s][info][gc] GC(1834) Pause Young (G1 Evacuation Pause) 415M->67M(594M) 1,722ms
[580,674s][info][gc] GC(1835) Pause Young (G1 Evacuation Pause) 415M->67M(594M) 1,622ms
[581,091s][info][gc] GC(1836) Pause Young (G1 Evacuation Pause) 415M->67M(594M) 2,594ms
[581,492s][info][gc] GC(1837) Pause Young (G1 Evacuation Pause) 415M->68M(594M) 2,419ms
[581,885s][info][gc] GC(1838) Pause Young (G1 Evacuation Pause) 415M->67M(594M) 2,088ms
[582,283s][info][gc] GC(1839) Pause Young (G1 Evacuation Pause) 415M->67M(594M) 8,539ms
[582,658s][info][gc] GC(1840) Pause Young (G1 Evacuation Pause) 415M->67M(594M) 1,548ms
[583,052s][info][gc] GC(1841) Pause Young (G1 Evacuation Pause) 415M->67M(594M) 1,625ms
[583,457s][info][gc] GC(1842) Pause Young (G1 Evacuation Pause) 415M->67M(594M) 3,407ms
[583,874s][info][gc] GC(1843) Pause Young (G1 Evacuation Pause) 415M->68M(594M) 2,720ms
[584,256s][info][gc] GC(1844) Pause Young (G1 Evacuation Pause) 415M->67M(594M) 3,295ms
[584,678s][info][gc] GC(1845) Pause Young (G1 Evacuation Pause) 415M->67M(594M) 2,586ms
[585,090s][info][gc] GC(1846) Pause Young (G1 Evacuation Pause) 415M->67M(594M) 2,547ms
[585,500s][info][gc] GC(1847) Pause Young (G1 Evacuation Pause) 415M->67M(594M) 2,951ms
[585,911s][info][gc] GC(1848) Pause Young (G1 Evacuation Pause) 415M->68M(594M) 2,762ms
[586,291s][info][gc] GC(1849) Pause Young (G1 Evacuation Pause) 415M->66M(594M) 2,740ms
[586,687s][info][gc] GC(1850) Pause Young (G1 Evacuation Pause) 415M->68M(594M) 3,704ms
[587,087s][info][gc] GC(1851) Pause Young (G1 Evacuation Pause) 415M->66M(594M) 2,053ms
[587,464s][info][gc] GC(1852) Pause Young (G1 Evacuation Pause) 415M->68M(594M) 2,137ms
[587,857s][info][gc] GC(1853) Pause Young (G1 Evacuation Pause) 415M->67M(594M) 2,557ms
[588,268s][info][gc] GC(1854) Pause Young (G1 Evacuation Pause) 415M->67M(594M) 2,680ms
[588,646s][info][gc] GC(1855) Pause Young (G1 Evacuation Pause) 415M->68M(594M) 2,110ms
[589,056s][info][gc] GC(1856) Pause Young (G1 Evacuation Pause) 416M->68M(594M) 2,598ms
[589,479s][info][gc] GC(1857) Pause Young (G1 Evacuation Pause) 415M->67M(594M) 2,492ms
[589,864s][info][gc] GC(1858) Pause Young (G1 Evacuation Pause) 415M->67M(594M) 3,315ms
[590,244s][info][gc] GC(1859) Pause Young (G1 Evacuation Pause) 415M->67M(594M) 3,250ms
[590,634s][info][gc] GC(1860) Pause Young (G1 Evacuation Pause) 416M->68M(594M) 2,352ms
[591,010s][info][gc] GC(1861) Pause Young (G1 Evacuation Pause) 415M->67M(594M) 2,101ms
[591,387s][info][gc] GC(1862) Pause Young (G1 Evacuation Pause) 415M->68M(594M) 2,211ms
[591,764s][info][gc] GC(1863) Pause Young (G1 Evacuation Pause) 416M->68M(594M) 2,064ms
[592,142s][info][gc] GC(1864) Pause Young (G1 Evacuation Pause) 416M->68M(594M) 3,228ms
[592,560s][info][gc] GC(1865) Pause Young (G1 Evacuation Pause) 415M->67M(594M) 2,622ms
[592,954s][info][gc] GC(1866) Pause Young (G1 Evacuation Pause) 415M->67M(594M) 3,016ms
[593,357s][info][gc] GC(1867) Pause Young (G1 Evacuation Pause) 415M->68M(594M) 2,328ms
[593,732s][info][gc] GC(1868) Pause Young (G1 Evacuation Pause) 416M->67M(594M) 1,624ms
[594,109s][info][gc] GC(1869) Pause Young (G1 Evacuation Pause) 415M->67M(594M) 1,744ms
[594,485s][info][gc] GC(1870) Pause Young (G1 Evacuation Pause) 415M->67M(594M) 1,812ms
[594,861s][info][gc] GC(1871) Pause Young (G1 Evacuation Pause) 415M->67M(594M) 1,726ms
[595,237s][info][gc] GC(1872) Pause Young (G1 Evacuation Pause) 415M->67M(594M) 1,941ms
[595,638s][info][gc] GC(1873) Pause Young (G1 Evacuation Pause) 415M->67M(594M) 2,510ms
[596,015s][info][gc] GC(1874) Pause Young (G1 Evacuation Pause) 415M->68M(594M) 1,657ms
[596,411s][info][gc] GC(1875) Pause Young (G1 Evacuation Pause) 416M->68M(594M) 2,625ms
[596,792s][info][gc] GC(1876) Pause Young (G1 Evacuation Pause) 416M->69M(594M) 1,719ms
[597,189s][info][gc] GC(1877) Pause Young (G1 Evacuation Pause) 416M->68M(594M) 2,438ms
[597,570s][info][gc] GC(1878) Pause Young (G1 Evacuation Pause) 416M->68M(594M) 1,617ms
[597,965s][info][gc] GC(1879) Pause Young (G1 Evacuation Pause) 416M->68M(594M) 1,577ms
[598,346s][info][gc] GC(1880) Pause Young (G1 Evacuation Pause) 416M->68M(594M) 1,564ms
[598,722s][info][gc] GC(1881) Pause Young (G1 Evacuation Pause) 416M->68M(594M) 1,633ms
[599,107s][info][gc] GC(1882) Pause Young (G1 Evacuation Pause) 416M->68M(594M) 2,158ms
[599,512s][info][gc] GC(1883) Pause Young (G1 Evacuation Pause) 415M->67M(594M) 2,553ms
[599,902s][info][gc] GC(1884) Pause Young (G1 Evacuation Pause) 415M->68M(594M) 1,636ms
[600,328s][info][gc] GC(1885) Pause Young (G1 Evacuation Pause) 416M->68M(594M) 2,612ms
[600,723s][info][gc] GC(1886) Pause Young (G1 Evacuation Pause) 416M->68M(594M) 1,790ms
[601,099s][info][gc] GC(1887) Pause Young (G1 Evacuation Pause) 416M->68M(594M) 1,795ms
[601,475s][info][gc] GC(1888) Pause Young (G1 Evacuation Pause) 415M->67M(594M) 2,635ms
[601,888s][info][gc] GC(1889) Pause Young (G1 Evacuation Pause) 416M->69M(594M) 2,623ms
[602,267s][info][gc] GC(1890) Pause Young (G1 Evacuation Pause) 416M->67M(594M) 2,508ms
[602,654s][info][gc] GC(1891) Pause Young (G1 Evacuation Pause) 415M->68M(594M) 2,208ms
[603,055s][info][gc] GC(1892) Pause Young (G1 Evacuation Pause) 416M->68M(594M) 1,976ms
[603,436s][info][gc] GC(1893) Pause Young (G1 Evacuation Pause) 416M->68M(594M) 1,686ms
[603,813s][info][gc] GC(1894) Pause Young (G1 Evacuation Pause) 415M->67M(594M) 1,717ms
[604,190s][info][gc] GC(1895) Pause Young (G1 Evacuation Pause) 415M->67M(594M) 2,970ms
[604,600s][info][gc] GC(1896) Pause Young (G1 Evacuation Pause) 415M->68M(594M) 2,134ms
[604,976s][info][gc] GC(1897) Pause Young (G1 Evacuation Pause) 415M->67M(594M) 1,622ms
[605,353s][info][gc] GC(1898) Pause Young (G1 Evacuation Pause) 416M->68M(594M) 2,185ms
[605,730s][info][gc] GC(1899) Pause Young (G1 Evacuation Pause) 416M->68M(594M) 2,183ms
[606,111s][info][gc] GC(1900) Pause Young (G1 Evacuation Pause) 415M->67M(594M) 1,784ms
[606,496s][info][gc] GC(1901) Pause Young (G1 Evacuation Pause) 416M->68M(594M) 1,818ms
[606,889s][info][gc] GC(1902) Pause Young (G1 Evacuation Pause) 415M->68M(594M) 3,491ms
[607,298s][info][gc] GC(1903) Pause Young (G1 Evacuation Pause) 416M->68M(594M) 1,783ms
[607,674s][info][gc] GC(1904) Pause Young (G1 Evacuation Pause) 416M->69M(594M) 1,750ms
[608,092s][info][gc] GC(1905) Pause Young (G1 Evacuation Pause) 416M->68M(594M) 1,890ms
[608,503s][info][gc] GC(1906) Pause Young (G1 Evacuation Pause) 416M->67M(594M) 5,060ms
[608,899s][info][gc] GC(1907) Pause Young (G1 Evacuation Pause) 416M->69M(594M) 2,628ms
[609,283s][info][gc] GC(1908) Pause Young (G1 Evacuation Pause) 416M->68M(594M) 5,956ms
[609,704s][info][gc] GC(1909) Pause Young (G1 Evacuation Pause) 416M->68M(594M) 2,652ms
[610,103s][info][gc] GC(1910) Pause Young (G1 Evacuation Pause) 416M->68M(594M) 1,677ms
[610,479s][info][gc] GC(1911) Pause Young (G1 Evacuation Pause) 416M->69M(594M) 1,602ms
[610,869s][info][gc] GC(1912) Pause Young (G1 Evacuation Pause) 416M->68M(594M) 2,492ms
[611,250s][info][gc] GC(1913) Pause Young (G1 Evacuation Pause) 416M->68M(594M) 2,219ms
[611,666s][info][gc] GC(1914) Pause Young (G1 Evacuation Pause) 416M->69M(594M) 2,490ms
[612,082s][info][gc] GC(1915) Pause Young (G1 Evacuation Pause) 416M->67M(594M) 2,609ms
[612,490s][info][gc] GC(1916) Pause Young (G1 Evacuation Pause) 416M->68M(594M) 2,581ms
[612,905s][info][gc] GC(1917) Pause Young (G1 Evacuation Pause) 416M->69M(594M) 2,659ms
[613,329s][info][gc] GC(1918) Pause Young (G1 Evacuation Pause) 416M->68M(594M) 2,564ms
[613,705s][info][gc] GC(1919) Pause Young (G1 Evacuation Pause) 416M->68M(594M) 2,079ms
[614,122s][info][gc] GC(1920) Pause Young (G1 Evacuation Pause) 416M->68M(594M) 2,487ms
[614,509s][info][gc] GC(1921) Pause Young (G1 Evacuation Pause) 416M->68M(594M) 1,701ms
[614,905s][info][gc] GC(1922) Pause Young (G1 Evacuation Pause) 416M->69M(594M) 3,244ms
[615,323s][info][gc] GC(1923) Pause Young (G1 Evacuation Pause) 416M->68M(594M) 2,677ms
[615,700s][info][gc] GC(1924) Pause Young (G1 Evacuation Pause) 416M->67M(594M) 1,683ms
[616,118s][info][gc] GC(1925) Pause Young (G1 Evacuation Pause) 416M->69M(594M) 2,848ms
[616,527s][info][gc] GC(1926) Pause Young (G1 Evacuation Pause) 416M->68M(594M) 1,803ms
[616,903s][info][gc] GC(1927) Pause Young (G1 Evacuation Pause) 416M->68M(594M) 1,855ms
[617,316s][info][gc] GC(1928) Pause Young (G1 Evacuation Pause) 416M->69M(594M) 2,144ms
[617,693s][info][gc] GC(1929) Pause Young (G1 Evacuation Pause) 416M->68M(594M) 2,024ms
[618,090s][info][gc] GC(1930) Pause Young (G1 Evacuation Pause) 416M->68M(594M) 1,873ms
[618,470s][info][gc] GC(1931) Pause Young (G1 Evacuation Pause) 416M->68M(594M) 1,704ms
[618,863s][info][gc] GC(1932) Pause Young (G1 Evacuation Pause) 416M->69M(594M) 2,609ms
[619,265s][info][gc] GC(1933) Pause Young (G1 Evacuation Pause) 417M->69M(594M) 2,048ms
[619,642s][info][gc] GC(1934) Pause Young (G1 Evacuation Pause) 416M->68M(594M) 1,941ms
[620,047s][info][gc] GC(1935) Pause Young (G1 Evacuation Pause) 417M->69M(594M) 2,592ms
[620,458s][info][gc] GC(1936) Pause Young (G1 Evacuation Pause) 416M->68M(594M) 2,592ms
[620,842s][info][gc] GC(1937) Pause Young (G1 Evacuation Pause) 416M->68M(594M) 2,636ms
[621,218s][info][gc] GC(1938) Pause Young (G1 Evacuation Pause) 416M->69M(594M) 1,921ms
[621,630s][info][gc] GC(1939) Pause Young (G1 Evacuation Pause) 417M->69M(594M) 2,701ms
[622,026s][info][gc] GC(1940) Pause Young (G1 Evacuation Pause) 417M->69M(594M) 2,575ms
[622,408s][info][gc] GC(1941) Pause Young (G1 Evacuation Pause) 417M->69M(594M) 1,710ms
[622,801s][info][gc] GC(1942) Pause Young (G1 Evacuation Pause) 416M->68M(594M) 2,648ms
[623,179s][info][gc] GC(1943) Pause Young (G1 Evacuation Pause) 416M->69M(594M) 1,604ms
[623,587s][info][gc] GC(1944) Pause Young (G1 Evacuation Pause) 417M->68M(594M) 2,675ms
[623,987s][info][gc] GC(1945) Pause Young (G1 Evacuation Pause) 416M->69M(594M) 1,758ms
[624,371s][info][gc] GC(1946) Pause Young (G1 Evacuation Pause) 417M->69M(594M) 2,250ms
[624,758s][info][gc] GC(1947) Pause Young (G1 Evacuation Pause) 416M->68M(594M) 2,810ms
[625,135s][info][gc] GC(1948) Pause Young (G1 Evacuation Pause) 417M->69M(594M) 2,023ms
[625,539s][info][gc] GC(1949) Pause Young (G1 Evacuation Pause) 416M->69M(594M) 2,564ms
[625,951s][info][gc] GC(1950) Pause Young (G1 Evacuation Pause) 417M->68M(594M) 2,505ms
[626,337s][info][gc] GC(1951) Pause Young (G1 Evacuation Pause) 416M->68M(594M) 1,712ms
[626,741s][info][gc] GC(1952) Pause Young (G1 Evacuation Pause) 416M->69M(594M) 3,599ms
[627,154s][info][gc] GC(1953) Pause Young (G1 Evacuation Pause) 416M->68M(594M) 2,472ms
[627,561s][info][gc] GC(1954) Pause Young (G1 Evacuation Pause) 416M->68M(594M) 2,462ms
[627,959s][info][gc] GC(1955) Pause Young (G1 Evacuation Pause) 416M->68M(594M) 2,589ms
[628,370s][info][gc] GC(1956) Pause Young (G1 Evacuation Pause) 416M->69M(594M) 2,166ms
[628,747s][info][gc] GC(1957) Pause Young (G1 Evacuation Pause) 417M->69M(594M) 2,142ms
[629,167s][info][gc] GC(1958) Pause Young (G1 Evacuation Pause) 417M->69M(594M) 2,755ms
[629,551s][info][gc] GC(1959) Pause Young (G1 Evacuation Pause) 416M->69M(594M) 1,740ms
[629,956s][info][gc] GC(1960) Pause Young (G1 Evacuation Pause) 417M->68M(594M) 10,044ms
[630,337s][info][gc] GC(1961) Pause Young (G1 Evacuation Pause) 417M->70M(594M) 1,771ms
[630,747s][info][gc] GC(1962) Pause Young (G1 Evacuation Pause) 417M->69M(594M) 2,529ms
[631,142s][info][gc] GC(1963) Pause Young (G1 Evacuation Pause) 417M->69M(594M) 2,031ms
[631,554s][info][gc] GC(1964) Pause Young (G1 Evacuation Pause) 417M->69M(594M) 2,553ms
[631,968s][info][gc] GC(1965) Pause Young (G1 Evacuation Pause) 417M->69M(594M) 2,693ms
[632,379s][info][gc] GC(1966) Pause Young (G1 Evacuation Pause) 416M->68M(594M) 2,582ms
[632,798s][info][gc] GC(1967) Pause Young (G1 Evacuation Pause) 416M->69M(594M) 6,072ms
[633,212s][info][gc] GC(1968) Pause Young (G1 Evacuation Pause) 417M->69M(594M) 1,718ms
[633,588s][info][gc] GC(1969) Pause Young (G1 Evacuation Pause) 417M->69M(594M) 1,711ms
[633,963s][info][gc] GC(1970) Pause Young (G1 Evacuation Pause) 416M->68M(594M) 1,550ms
[634,353s][info][gc] GC(1971) Pause Young (G1 Evacuation Pause) 416M->68M(594M) 2,521ms
[634,760s][info][gc] GC(1972) Pause Young (G1 Evacuation Pause) 417M->70M(594M) 1,739ms
[635,160s][info][gc] GC(1973) Pause Young (G1 Evacuation Pause) 417M->69M(594M) 1,797ms
[635,569s][info][gc] GC(1974) Pause Young (G1 Evacuation Pause) 417M->69M(594M) 2,581ms
[635,985s][info][gc] GC(1975) Pause Young (G1 Evacuation Pause) 416M->68M(594M) 2,453ms
[636,399s][info][gc] GC(1976) Pause Young (G1 Evacuation Pause) 417M->69M(594M) 2,673ms
[636,810s][info][gc] GC(1977) Pause Young (G1 Evacuation Pause) 416M->68M(594M) 2,483ms
[637,189s][info][gc] GC(1978) Pause Young (G1 Evacuation Pause) 417M->70M(594M) 1,894ms
[637,565s][info][gc] GC(1979) Pause Young (G1 Evacuation Pause) 417M->69M(594M) 1,681ms
[637,967s][info][gc] GC(1980) Pause Young (G1 Evacuation Pause) 417M->69M(594M) 1,775ms
[638,346s][info][gc] GC(1981) Pause Young (G1 Evacuation Pause) 417M->69M(594M) 1,676ms
[638,722s][info][gc] GC(1982) Pause Young (G1 Evacuation Pause) 417M->70M(594M) 1,833ms
[639,107s][info][gc] GC(1983) Pause Young (G1 Evacuation Pause) 417M->69M(594M) 1,909ms
[639,506s][info][gc] GC(1984) Pause Young (G1 Evacuation Pause) 417M->69M(594M) 1,934ms
[639,900s][info][gc] GC(1985) Pause Young (G1 Evacuation Pause) 417M->69M(594M) 2,711ms
[640,286s][info][gc] GC(1986) Pause Young (G1 Evacuation Pause) 417M->69M(594M) 4,124ms
[640,664s][info][gc] GC(1987) Pause Young (G1 Evacuation Pause) 417M->69M(594M) 2,249ms
[641,071s][info][gc] GC(1988) Pause Young (G1 Evacuation Pause) 417M->69M(594M) 1,960ms
[641,474s][info][gc] GC(1989) Pause Young (G1 Evacuation Pause) 417M->70M(594M) 2,112ms
[641,851s][info][gc] GC(1990) Pause Young (G1 Evacuation Pause) 417M->69M(594M) 2,148ms
[642,227s][info][gc] GC(1991) Pause Young (G1 Evacuation Pause) 417M->69M(594M) 1,553ms
[642,628s][info][gc] GC(1992) Pause Young (G1 Evacuation Pause) 417M->69M(594M) 5,479ms
[643,014s][info][gc] GC(1993) Pause Young (G1 Evacuation Pause) 417M->69M(594M) 2,155ms
[643,400s][info][gc] GC(1994) Pause Young (G1 Evacuation Pause) 417M->69M(594M) 2,254ms
[643,786s][info][gc] GC(1995) Pause Young (G1 Evacuation Pause) 417M->70M(594M) 4,142ms
[644,176s][info][gc] GC(1996) Pause Young (G1 Evacuation Pause) 417M->69M(594M) 2,176ms
[644,554s][info][gc] GC(1997) Pause Young (G1 Evacuation Pause) 417M->69M(594M) 2,583ms
[644,952s][info][gc] GC(1998) Pause Young (G1 Evacuation Pause) 417M->69M(594M) 2,630ms
[645,343s][info][gc] GC(1999) Pause Young (G1 Evacuation Pause) 417M->70M(594M) 1,637ms
[645,720s][info][gc] GC(2000) Pause Young (G1 Evacuation Pause) 417M->69M(594M) 1,749ms
[646,113s][info][gc] GC(2001) Pause Young (G1 Evacuation Pause) 417M->69M(594M) 1,656ms
[646,489s][info][gc] GC(2002) Pause Young (G1 Evacuation Pause) 417M->69M(594M) 1,582ms
[646,903s][info][gc] GC(2003) Pause Young (G1 Evacuation Pause) 417M->69M(594M) 2,567ms
[647,311s][info][gc] GC(2004) Pause Young (G1 Evacuation Pause) 417M->69M(594M) 2,543ms
[647,712s][info][gc] GC(2005) Pause Young (G1 Evacuation Pause) 417M->70M(594M) 1,792ms
[648,089s][info][gc] GC(2006) Pause Young (G1 Evacuation Pause) 417M->69M(594M) 2,451ms
[648,470s][info][gc] GC(2007) Pause Young (G1 Evacuation Pause) 417M->69M(594M) 1,564ms
[648,871s][info][gc] GC(2008) Pause Young (G1 Evacuation Pause) 417M->69M(594M) 1,888ms
[649,249s][info][gc] GC(2009) Pause Young (G1 Evacuation Pause) 417M->69M(594M) 1,623ms
[649,625s][info][gc] GC(2010) Pause Young (G1 Evacuation Pause) 417M->70M(594M) 1,583ms
[650,012s][info][gc] GC(2011) Pause Young (G1 Evacuation Pause) 418M->70M(594M) 1,601ms
[650,393s][info][gc] GC(2012) Pause Young (G1 Evacuation Pause) 417M->69M(594M) 1,493ms
[650,769s][info][gc] GC(2013) Pause Young (G1 Evacuation Pause) 417M->69M(594M) 1,738ms
[651,146s][info][gc] GC(2014) Pause Young (G1 Evacuation Pause) 417M->69M(594M) 1,737ms
[651,529s][info][gc] GC(2015) Pause Young (G1 Evacuation Pause) 417M->69M(594M) 2,216ms
[651,910s][info][gc] GC(2016) Pause Young (G1 Evacuation Pause) 417M->69M(594M) 2,430ms
[652,320s][info][gc] GC(2017) Pause Young (G1 Evacuation Pause) 417M->70M(594M) 2,209ms
[652,697s][info][gc] GC(2018) Pause Young (G1 Evacuation Pause) 418M->70M(594M) 1,987ms
[653,080s][info][gc] GC(2019) Pause Young (G1 Evacuation Pause) 417M->69M(594M) 2,209ms
[653,473s][info][gc] GC(2020) Pause Young (G1 Evacuation Pause) 417M->69M(594M) 2,181ms
[653,878s][info][gc] GC(2021) Pause Young (G1 Evacuation Pause) 417M->70M(594M) 2,074ms
[654,255s][info][gc] GC(2022) Pause Young (G1 Evacuation Pause) 418M->69M(594M) 1,865ms
[654,663s][info][gc] GC(2023) Pause Young (G1 Evacuation Pause) 417M->70M(594M) 2,641ms
[655,061s][info][gc] GC(2024) Pause Young (G1 Evacuation Pause) 418M->70M(594M) 1,772ms
[655,462s][info][gc] GC(2025) Pause Young (G1 Evacuation Pause) 418M->70M(594M) 2,491ms
[655,849s][info][gc] GC(2026) Pause Young (G1 Evacuation Pause) 418M->70M(594M) 2,254ms
[656,225s][info][gc] GC(2027) Pause Young (G1 Evacuation Pause) 417M->69M(594M) 1,593ms
[656,623s][info][gc] GC(2028) Pause Young (G1 Evacuation Pause) 417M->69M(594M) 1,766ms
[657,028s][info][gc] GC(2029) Pause Young (G1 Evacuation Pause) 417M->69M(594M) 2,673ms
[657,422s][info][gc] GC(2030) Pause Young (G1 Evacuation Pause) 417M->70M(594M) 1,925ms
[657,813s][info][gc] GC(2031) Pause Young (G1 Evacuation Pause) 418M->70M(594M) 6,272ms
[658,199s][info][gc] GC(2032) Pause Young (G1 Evacuation Pause) 417M->69M(594M) 1,650ms
[658,586s][info][gc] GC(2033) Pause Young (G1 Evacuation Pause) 417M->69M(594M) 1,794ms
[658,971s][info][gc] GC(2034) Pause Young (G1 Evacuation Pause) 417M->69M(594M) 2,043ms
[659,348s][info][gc] GC(2035) Pause Young (G1 Evacuation Pause) 417M->70M(594M) 1,739ms
[659,724s][info][gc] GC(2036) Pause Young (G1 Evacuation Pause) 418M->70M(594M) 1,883ms
[660,100s][info][gc] GC(2037) Pause Young (G1 Evacuation Pause) 418M->70M(594M) 1,768ms
[660,512s][info][gc] GC(2038) Pause Young (G1 Evacuation Pause) 417M->69M(594M) 2,628ms
[660,926s][info][gc] GC(2039) Pause Young (G1 Evacuation Pause) 418M->71M(594M) 2,656ms
[661,313s][info][gc] GC(2040) Pause Young (G1 Evacuation Pause) 418M->70M(594M) 2,605ms
[661,692s][info][gc] GC(2041) Pause Young (G1 Evacuation Pause) 418M->70M(594M) 4,581ms
[662,088s][info][gc] GC(2042) Pause Young (G1 Evacuation Pause) 418M->70M(594M) 1,745ms
[662,464s][info][gc] GC(2043) Pause Young (G1 Evacuation Pause) 418M->70M(594M) 1,695ms
[662,856s][info][gc] GC(2044) Pause Young (G1 Evacuation Pause) 417M->69M(594M) 3,550ms
[663,243s][info][gc] GC(2045) Pause Young (G1 Evacuation Pause) 417M->70M(594M) 2,123ms
[663,620s][info][gc] GC(2046) Pause Young (G1 Evacuation Pause) 418M->70M(594M) 2,236ms
[663,997s][info][gc] GC(2047) Pause Young (G1 Evacuation Pause) 418M->70M(594M) 1,953ms
[664,405s][info][gc] GC(2048) Pause Young (G1 Evacuation Pause) 418M->70M(594M) 2,725ms
[664,791s][info][gc] GC(2049) Pause Young (G1 Evacuation Pause) 418M->70M(594M) 3,704ms
[665,168s][info][gc] GC(2050) Pause Young (G1 Evacuation Pause) 417M->69M(594M) 2,082ms
[665,543s][info][gc] GC(2051) Pause Young (G1 Evacuation Pause) 417M->70M(594M) 1,700ms
[665,933s][info][gc] GC(2052) Pause Young (G1 Evacuation Pause) 418M->70M(594M) 1,531ms
[666,329s][info][gc] GC(2053) Pause Young (G1 Evacuation Pause) 418M->70M(594M) 1,840ms
[666,705s][info][gc] GC(2054) Pause Young (G1 Evacuation Pause) 418M->70M(594M) 2,138ms
[667,119s][info][gc] GC(2055) Pause Young (G1 Evacuation Pause) 418M->70M(594M) 2,699ms
[667,525s][info][gc] GC(2056) Pause Young (G1 Evacuation Pause) 417M->69M(594M) 1,564ms
[667,923s][info][gc] GC(2057) Pause Young (G1 Evacuation Pause) 417M->69M(594M) 2,657ms
[668,314s][info][gc] GC(2058) Pause Young (G1 Evacuation Pause) 417M->70M(594M) 3,066ms
[668,725s][info][gc] GC(2059) Pause Young (G1 Evacuation Pause) 418M->70M(594M) 2,594ms
[669,135s][info][gc] GC(2060) Pause Young (G1 Evacuation Pause) 418M->71M(594M) 1,880ms
[669,541s][info][gc] GC(2061) Pause Young (G1 Evacuation Pause) 418M->70M(594M) 2,727ms
[669,939s][info][gc] GC(2062) Pause Young (G1 Evacuation Pause) 418M->70M(594M) 3,030ms
[670,321s][info][gc] GC(2063) Pause Young (G1 Evacuation Pause) 418M->70M(594M) 2,172ms
[670,698s][info][gc] GC(2064) Pause Young (G1 Evacuation Pause) 418M->70M(594M) 2,030ms
[671,074s][info][gc] GC(2065) Pause Young (G1 Evacuation Pause) 418M->70M(594M) 2,235ms
[671,473s][info][gc] GC(2066) Pause Young (G1 Evacuation Pause) 418M->70M(594M) 2,856ms
[671,867s][info][gc] GC(2067) Pause Young (G1 Evacuation Pause) 418M->70M(594M) 2,454ms
[672,243s][info][gc] GC(2068) Pause Young (G1 Evacuation Pause) 418M->70M(594M) 2,233ms
[672,662s][info][gc] GC(2069) Pause Young (G1 Evacuation Pause) 418M->71M(594M) 1,909ms
[673,037s][info][gc] GC(2070) Pause Young (G1 Evacuation Pause) 418M->70M(594M) 1,671ms
[673,455s][info][gc] GC(2071) Pause Young (G1 Evacuation Pause) 418M->70M(594M) 2,622ms
[673,880s][info][gc] GC(2072) Pause Young (G1 Evacuation Pause) 418M->70M(594M) 2,613ms
[674,258s][info][gc] GC(2073) Pause Young (G1 Evacuation Pause) 418M->70M(594M) 1,960ms
[674,637s][info][gc] GC(2074) Pause Young (G1 Evacuation Pause) 418M->70M(594M) 1,999ms
[675,043s][info][gc] GC(2075) Pause Young (G1 Evacuation Pause) 418M->71M(594M) 2,519ms
[675,444s][info][gc] GC(2076) Pause Young (G1 Evacuation Pause) 418M->70M(594M) 2,500ms
[675,861s][info][gc] GC(2077) Pause Young (G1 Evacuation Pause) 418M->70M(594M) 2,547ms
[676,275s][info][gc] GC(2078) Pause Young (G1 Evacuation Pause) 418M->70M(594M) 4,427ms
[676,686s][info][gc] GC(2079) Pause Young (G1 Evacuation Pause) 418M->70M(594M) 2,495ms
[677,107s][info][gc] GC(2080) Pause Young (G1 Evacuation Pause) 418M->70M(594M) 2,805ms
[677,520s][info][gc] GC(2081) Pause Young (G1 Evacuation Pause) 418M->70M(594M) 4,280ms
[677,935s][info][gc] GC(2082) Pause Young (G1 Evacuation Pause) 418M->70M(594M) 8,301ms
[678,311s][info][gc] GC(2083) Pause Young (G1 Evacuation Pause) 418M->71M(594M) 1,649ms
[678,687s][info][gc] GC(2084) Pause Young (G1 Evacuation Pause) 418M->70M(594M) 1,683ms
[679,064s][info][gc] GC(2085) Pause Young (G1 Evacuation Pause) 418M->70M(594M) 1,786ms
[679,468s][info][gc] GC(2086) Pause Young (G1 Evacuation Pause) 418M->70M(594M) 2,563ms
[679,852s][info][gc] GC(2087) Pause Young (G1 Evacuation Pause) 418M->70M(594M) 2,136ms
[680,229s][info][gc] GC(2088) Pause Young (G1 Evacuation Pause) 418M->71M(594M) 1,965ms
[680,644s][info][gc] GC(2089) Pause Young (G1 Evacuation Pause) 418M->70M(594M) 2,479ms
[681,059s][info][gc] GC(2090) Pause Young (G1 Evacuation Pause) 418M->71M(594M) 2,765ms
[681,470s][info][gc] GC(2091) Pause Young (G1 Evacuation Pause) 419M->71M(594M) 2,601ms
[681,881s][info][gc] GC(2092) Pause Young (G1 Evacuation Pause) 419M->71M(594M) 2,530ms
[682,260s][info][gc] GC(2093) Pause Young (G1 Evacuation Pause) 418M->69M(594M) 2,662ms
[682,671s][info][gc] GC(2094) Pause Young (G1 Evacuation Pause) 418M->70M(594M) 2,565ms
[683,083s][info][gc] GC(2095) Pause Young (G1 Evacuation Pause) 418M->71M(594M) 2,513ms
[683,496s][info][gc] GC(2096) Pause Young (G1 Evacuation Pause) 419M->71M(594M) 2,549ms
[683,922s][info][gc] GC(2097) Pause Young (G1 Evacuation Pause) 418M->70M(594M) 1,639ms
[684,311s][info][gc] GC(2098) Pause Young (G1 Evacuation Pause) 418M->70M(594M) 2,657ms
[684,688s][info][gc] GC(2099) Pause Young (G1 Evacuation Pause) 418M->70M(594M) 2,089ms
[685,100s][info][gc] GC(2100) Pause Young (G1 Evacuation Pause) 418M->70M(594M) 2,549ms
[685,511s][info][gc] GC(2101) Pause Young (G1 Evacuation Pause) 418M->71M(594M) 2,876ms
[685,912s][info][gc] GC(2102) Pause Young (G1 Evacuation Pause) 418M->70M(594M) 2,736ms
[686,292s][info][gc] GC(2103) Pause Young (G1 Evacuation Pause) 418M->70M(594M) 1,629ms
[686,704s][info][gc] GC(2104) Pause Young (G1 Evacuation Pause) 418M->70M(594M) 2,729ms
[687,115s][info][gc] GC(2105) Pause Young (G1 Evacuation Pause) 418M->71M(594M) 2,698ms
[687,526s][info][gc] GC(2106) Pause Young (G1 Evacuation Pause) 419M->70M(594M) 2,675ms
[687,919s][info][gc] GC(2107) Pause Young (G1 Evacuation Pause) 418M->70M(594M) 4,318ms
[688,307s][info][gc] GC(2108) Pause Young (G1 Evacuation Pause) 418M->71M(594M) 3,525ms
[688,718s][info][gc] GC(2109) Pause Young (G1 Evacuation Pause) 418M->70M(594M) 2,468ms
[689,110s][info][gc] GC(2110) Pause Young (G1 Evacuation Pause) 418M->70M(594M) 1,792ms
[689,486s][info][gc] GC(2111) Pause Young (G1 Evacuation Pause) 419M->71M(594M) 1,868ms
[689,878s][info][gc] GC(2112) Pause Young (G1 Evacuation Pause) 418M->71M(594M) 2,647ms
[690,258s][info][gc] GC(2113) Pause Young (G1 Evacuation Pause) 419M->70M(594M) 1,596ms
[690,639s][info][gc] GC(2114) Pause Young (G1 Evacuation Pause) 418M->71M(594M) 2,483ms
[691,015s][info][gc] GC(2115) Pause Young (G1 Evacuation Pause) 419M->71M(594M) 1,767ms
[691,407s][info][gc] GC(2116) Pause Young (G1 Evacuation Pause) 419M->71M(594M) 1,620ms
[691,810s][info][gc] GC(2117) Pause Young (G1 Evacuation Pause) 419M->71M(594M) 4,332ms
[692,211s][info][gc] GC(2118) Pause Young (G1 Evacuation Pause) 418M->70M(594M) 2,462ms
[692,626s][info][gc] GC(2119) Pause Young (G1 Evacuation Pause) 418M->71M(594M) 2,126ms
[693,034s][info][gc] GC(2120) Pause Young (G1 Evacuation Pause) 419M->71M(594M) 2,564ms
[693,456s][info][gc] GC(2121) Pause Young (G1 Evacuation Pause) 419M->71M(594M) 3,177ms
[693,839s][info][gc] GC(2122) Pause Young (G1 Evacuation Pause) 419M->71M(594M) 2,212ms
[694,215s][info][gc] GC(2123) Pause Young (G1 Evacuation Pause) 418M->70M(594M) 1,665ms
[694,602s][info][gc] GC(2124) Pause Young (G1 Evacuation Pause) 418M->70M(594M) 1,632ms
[695,002s][info][gc] GC(2125) Pause Young (G1 Evacuation Pause) 418M->71M(594M) 2,112ms
[695,387s][info][gc] GC(2126) Pause Young (G1 Evacuation Pause) 419M->71M(594M) 1,926ms
[695,776s][info][gc] GC(2127) Pause Young (G1 Evacuation Pause) 419M->71M(594M) 1,724ms
[696,164s][info][gc] GC(2128) Pause Young (G1 Evacuation Pause) 419M->71M(594M) 1,888ms
[696,580s][info][gc] GC(2129) Pause Young (G1 Evacuation Pause) 419M->71M(594M) 1,721ms
[696,960s][info][gc] GC(2130) Pause Young (G1 Evacuation Pause) 418M->70M(594M) 1,678ms
[697,340s][info][gc] GC(2131) Pause Young (G1 Evacuation Pause) 418M->71M(594M) 1,629ms
[697,730s][info][gc] GC(2132) Pause Young (G1 Evacuation Pause) 419M->71M(594M) 1,768ms
[698,106s][info][gc] GC(2133) Pause Young (G1 Evacuation Pause) 419M->71M(594M) 1,643ms
[698,500s][info][gc] GC(2134) Pause Young (G1 Evacuation Pause) 419M->71M(594M) 2,718ms
[698,907s][info][gc] GC(2135) Pause Young (G1 Evacuation Pause) 418M->70M(594M) 2,608ms
[699,289s][info][gc] GC(2136) Pause Young (G1 Evacuation Pause) 419M->71M(594M) 1,667ms
[699,666s][info][gc] GC(2137) Pause Young (G1 Evacuation Pause) 418M->71M(594M) 1,597ms
[700,054s][info][gc] GC(2138) Pause Young (G1 Evacuation Pause) 419M->71M(594M) 1,589ms
[700,433s][info][gc] GC(2139) Pause Young (G1 Evacuation Pause) 419M->71M(594M) 2,572ms
[700,810s][info][gc] GC(2140) Pause Young (G1 Evacuation Pause) 419M->72M(594M) 1,767ms
[701,202s][info][gc] GC(2141) Pause Young (G1 Evacuation Pause) 419M->71M(594M) 1,697ms
[701,580s][info][gc] GC(2142) Pause Young (G1 Evacuation Pause) 419M->71M(594M) 1,866ms
[701,957s][info][gc] GC(2143) Pause Young (G1 Evacuation Pause) 419M->70M(594M) 3,474ms
[702,345s][info][gc] GC(2144) Pause Young (G1 Evacuation Pause) 419M->72M(594M) 1,919ms
[702,739s][info][gc] GC(2145) Pause Young (G1 Evacuation Pause) 419M->71M(594M) 1,709ms
[703,117s][info][gc] GC(2146) Pause Young (G1 Evacuation Pause) 419M->72M(594M) 1,852ms
[703,501s][info][gc] GC(2147) Pause Young (G1 Evacuation Pause) 419M->71M(594M) 1,707ms
[703,883s][info][gc] GC(2148) Pause Young (G1 Evacuation Pause) 419M->71M(594M) 1,596ms
[704,260s][info][gc] GC(2149) Pause Young (G1 Evacuation Pause) 419M->71M(594M) 2,302ms
[704,647s][info][gc] GC(2150) Pause Young (G1 Evacuation Pause) 419M->71M(594M) 1,659ms
[705,033s][info][gc] GC(2151) Pause Young (G1 Evacuation Pause) 419M->71M(594M) 2,598ms
[705,413s][info][gc] GC(2152) Pause Young (G1 Evacuation Pause) 419M->71M(594M) 2,687ms
[705,791s][info][gc] GC(2153) Pause Young (G1 Evacuation Pause) 419M->72M(594M) 1,772ms
[706,171s][info][gc] GC(2154) Pause Young (G1 Evacuation Pause) 419M->71M(594M) 1,538ms
[706,557s][info][gc] GC(2155) Pause Young (G1 Evacuation Pause) 419M->71M(594M) 2,523ms
[706,933s][info][gc] GC(2156) Pause Young (G1 Evacuation Pause) 419M->71M(594M) 2,465ms
[707,313s][info][gc] GC(2157) Pause Young (G1 Evacuation Pause) 419M->71M(594M) 3,952ms
[707,716s][info][gc] GC(2158) Pause Young (G1 Evacuation Pause) 419M->71M(594M) 2,331ms
[708,105s][info][gc] GC(2159) Pause Young (G1 Evacuation Pause) 419M->72M(594M) 1,764ms
[708,495s][info][gc] GC(2160) Pause Young (G1 Evacuation Pause) 419M->71M(594M) 2,322ms
[708,898s][info][gc] GC(2161) Pause Young (G1 Evacuation Pause) 419M->71M(594M) 2,387ms
[709,284s][info][gc] GC(2162) Pause Young (G1 Evacuation Pause) 419M->71M(594M) 1,748ms
[709,661s][info][gc] GC(2163) Pause Young (G1 Evacuation Pause) 419M->71M(594M) 1,700ms
[710,037s][info][gc] GC(2164) Pause Young (G1 Evacuation Pause) 419M->72M(594M) 1,630ms
[710,415s][info][gc] GC(2165) Pause Young (G1 Evacuation Pause) 419M->71M(594M) 1,677ms
[710,801s][info][gc] GC(2166) Pause Young (G1 Evacuation Pause) 419M->71M(594M) 2,514ms
[711,179s][info][gc] GC(2167) Pause Young (G1 Evacuation Pause) 419M->71M(594M) 1,845ms
[711,573s][info][gc] GC(2168) Pause Young (G1 Evacuation Pause) 419M->71M(594M) 1,606ms
[711,953s][info][gc] GC(2169) Pause Young (G1 Evacuation Pause) 419M->72M(594M) 1,653ms
[712,340s][info][gc] GC(2170) Pause Young (G1 Evacuation Pause) 420M->72M(594M) 1,786ms
[712,715s][info][gc] GC(2171) Pause Young (G1 Evacuation Pause) 419M->71M(594M) 1,576ms
[713,092s][info][gc] GC(2172) Pause Young (G1 Evacuation Pause) 419M->71M(594M) 1,802ms
[713,482s][info][gc] GC(2173) Pause Young (G1 Evacuation Pause) 419M->72M(594M) 1,704ms
[713,869s][info][gc] GC(2174) Pause Young (G1 Evacuation Pause) 420M->72M(594M) 1,736ms
[714,259s][info][gc] GC(2175) Pause Young (G1 Evacuation Pause) 420M->71M(594M) 6,210ms
[714,667s][info][gc] GC(2176) Pause Young (G1 Evacuation Pause) 419M->72M(594M) 1,735ms
[715,072s][info][gc] GC(2177) Pause Young (G1 Evacuation Pause) 420M->72M(594M) 2,484ms
[715,455s][info][gc] GC(2178) Pause Young (G1 Evacuation Pause) 420M->72M(594M) 2,655ms
[715,834s][info][gc] GC(2179) Pause Young (G1 Evacuation Pause) 419M->72M(594M) 1,728ms
[716,213s][info][gc] GC(2180) Pause Young (G1 Evacuation Pause) 420M->71M(594M) 1,864ms
[716,590s][info][gc] GC(2181) Pause Young (G1 Evacuation Pause) 419M->72M(594M) 1,791ms
[716,975s][info][gc] GC(2182) Pause Young (G1 Evacuation Pause) 420M->71M(594M) 3,423ms
[717,377s][info][gc] GC(2183) Pause Young (G1 Evacuation Pause) 419M->72M(594M) 1,737ms
[717,884s][info][gc] GC(2184) Pause Young (G1 Evacuation Pause) 419M->71M(594M) 1,642ms
[718,288s][info][gc] GC(2185) Pause Young (G1 Evacuation Pause) 419M->71M(594M) 1,776ms
[718,677s][info][gc] GC(2186) Pause Young (G1 Evacuation Pause) 420M->73M(594M) 2,403ms
[719,062s][info][gc] GC(2187) Pause Young (G1 Evacuation Pause) 420M->72M(594M) 1,663ms
[719,445s][info][gc] GC(2188) Pause Young (G1 Evacuation Pause) 420M->72M(594M) 1,779ms
[719,825s][info][gc] GC(2189) Pause Young (G1 Evacuation Pause) 419M->71M(594M) 1,723ms
[720,201s][info][gc] GC(2190) Pause Young (G1 Evacuation Pause) 419M->71M(594M) 1,569ms
[720,613s][info][gc] GC(2191) Pause Young (G1 Evacuation Pause) 419M->71M(594M) 2,818ms
[721,023s][info][gc] GC(2192) Pause Young (G1 Evacuation Pause) 419M->72M(594M) 2,628ms
[721,450s][info][gc] GC(2193) Pause Young (G1 Evacuation Pause) 420M->72M(594M) 4,386ms
[721,840s][info][gc] GC(2194) Pause Young (G1 Evacuation Pause) 419M->71M(594M) 2,603ms
[722,241s][info][gc] GC(2195) Pause Young (G1 Evacuation Pause) 419M->71M(594M) 2,610ms
[722,617s][info][gc] GC(2196) Pause Young (G1 Evacuation Pause) 419M->72M(594M) 1,589ms
[723,021s][info][gc] GC(2197) Pause Young (G1 Evacuation Pause) 420M->71M(594M) 2,368ms
[723,398s][info][gc] GC(2198) Pause Young (G1 Evacuation Pause) 419M->72M(594M) 1,763ms
[723,775s][info][gc] GC(2199) Pause Young (G1 Evacuation Pause) 419M->71M(594M) 3,020ms
[724,152s][info][gc] GC(2200) Pause Young (G1 Evacuation Pause) 420M->72M(594M) 3,147ms
[724,569s][info][gc] GC(2201) Pause Young (G1 Evacuation Pause) 420M->72M(594M) 2,876ms
[724,986s][info][gc] GC(2202) Pause Young (G1 Evacuation Pause) 419M->71M(594M) 2,468ms
[725,390s][info][gc] GC(2203) Pause Young (G1 Evacuation Pause) 419M->72M(594M) 2,583ms
[725,802s][info][gc] GC(2204) Pause Young (G1 Evacuation Pause) 420M->72M(594M) 2,142ms
[726,179s][info][gc] GC(2205) Pause Young (G1 Evacuation Pause) 420M->72M(594M) 1,764ms
[726,555s][info][gc] GC(2206) Pause Young (G1 Evacuation Pause) 420M->72M(594M) 1,742ms
[726,930s][info][gc] GC(2207) Pause Young (G1 Evacuation Pause) 419M->71M(594M) 1,729ms
[727,307s][info][gc] GC(2208) Pause Young (G1 Evacuation Pause) 419M->72M(594M) 1,902ms
[727,683s][info][gc] GC(2209) Pause Young (G1 Evacuation Pause) 420M->71M(594M) 1,807ms
[728,071s][info][gc] GC(2210) Pause Young (G1 Evacuation Pause) 419M->72M(594M) 1,925ms
[728,449s][info][gc] GC(2211) Pause Young (G1 Evacuation Pause) 420M->72M(594M) 2,383ms
[728,837s][info][gc] GC(2212) Pause Young (G1 Evacuation Pause) 420M->72M(594M) 2,694ms
[729,215s][info][gc] GC(2213) Pause Young (G1 Evacuation Pause) 419M->71M(594M) 1,992ms
[729,639s][info][gc] GC(2214) Pause Young (G1 Evacuation Pause) 419M->71M(594M) 2,550ms
[730,045s][info][gc] GC(2215) Pause Young (G1 Evacuation Pause) 419M->72M(594M) 2,154ms
[730,422s][info][gc] GC(2216) Pause Young (G1 Evacuation Pause) 420M->72M(594M) 2,501ms
[730,832s][info][gc] GC(2217) Pause Young (G1 Evacuation Pause) 420M->72M(594M) 3,086ms
[731,243s][info][gc] GC(2218) Pause Young (G1 Evacuation Pause) 420M->72M(594M) 2,692ms
[731,647s][info][gc] GC(2219) Pause Young (G1 Evacuation Pause) 420M->72M(594M) 2,274ms
[732,066s][info][gc] GC(2220) Pause Young (G1 Evacuation Pause) 420M->73M(594M) 3,488ms
[732,482s][info][gc] GC(2221) Pause Young (G1 Evacuation Pause) 420M->72M(594M) 2,634ms
[732,896s][info][gc] GC(2222) Pause Young (G1 Evacuation Pause) 420M->72M(594M) 1,776ms
[733,279s][info][gc] GC(2223) Pause Young (G1 Evacuation Pause) 420M->73M(594M) 6,022ms
[733,699s][info][gc] GC(2224) Pause Young (G1 Evacuation Pause) 420M->72M(594M) 2,434ms
[734,106s][info][gc] GC(2225) Pause Young (G1 Evacuation Pause) 420M->72M(594M) 1,645ms
[734,483s][info][gc] GC(2226) Pause Young (G1 Evacuation Pause) 420M->72M(594M) 1,708ms
[734,910s][info][gc] GC(2227) Pause Young (G1 Evacuation Pause) 420M->72M(594M) 2,454ms
[735,326s][info][gc] GC(2228) Pause Young (G1 Evacuation Pause) 420M->72M(594M) 2,479ms
[735,704s][info][gc] GC(2229) Pause Young (G1 Evacuation Pause) 420M->72M(594M) 3,434ms
[736,116s][info][gc] GC(2230) Pause Young (G1 Evacuation Pause) 420M->73M(594M) 2,498ms
[736,492s][info][gc] GC(2231) Pause Young (G1 Evacuation Pause) 420M->72M(594M) 1,891ms
[736,888s][info][gc] GC(2232) Pause Young (G1 Evacuation Pause) 420M->72M(594M) 2,660ms
[737,306s][info][gc] GC(2233) Pause Young (G1 Evacuation Pause) 420M->72M(594M) 3,568ms
[737,697s][info][gc] GC(2234) Pause Young (G1 Evacuation Pause) 420M->72M(594M) 2,575ms
[738,095s][info][gc] GC(2235) Pause Young (G1 Evacuation Pause) 420M->72M(594M) 1,735ms
[738,471s][info][gc] GC(2236) Pause Young (G1 Evacuation Pause) 420M->72M(594M) 1,947ms
[738,886s][info][gc] GC(2237) Pause Young (G1 Evacuation Pause) 420M->73M(594M) 2,640ms
[739,297s][info][gc] GC(2238) Pause Young (G1 Evacuation Pause) 420M->72M(594M) 2,545ms
[739,708s][info][gc] GC(2239) Pause Young (G1 Evacuation Pause) 420M->72M(594M) 2,720ms
[740,094s][info][gc] GC(2240) Pause Young (G1 Evacuation Pause) 420M->72M(594M) 2,610ms
[740,500s][info][gc] GC(2241) Pause Young (G1 Evacuation Pause) 420M->72M(594M) 2,933ms
[740,891s][info][gc] GC(2242) Pause Young (G1 Evacuation Pause) 420M->73M(594M) 2,381ms
[741,267s][info][gc] GC(2243) Pause Young (G1 Evacuation Pause) 420M->72M(594M) 2,177ms
[741,661s][info][gc] GC(2244) Pause Young (G1 Evacuation Pause) 420M->72M(594M) 4,177ms
[742,057s][info][gc] GC(2245) Pause Young (G1 Evacuation Pause) 420M->72M(594M) 1,559ms
[742,433s][info][gc] GC(2246) Pause Young (G1 Evacuation Pause) 420M->72M(594M) 1,768ms
[742,809s][info][gc] GC(2247) Pause Young (G1 Evacuation Pause) 420M->73M(594M) 1,811ms
[743,184s][info][gc] GC(2248) Pause Young (G1 Evacuation Pause) 420M->72M(594M) 1,746ms
[743,561s][info][gc] GC(2249) Pause Young (G1 Evacuation Pause) 420M->72M(594M) 1,840ms
[743,951s][info][gc] GC(2250) Pause Young (G1 Evacuation Pause) 421M->73M(594M) 1,709ms
[744,340s][info][gc] GC(2251) Pause Young (G1 Evacuation Pause) 420M->72M(594M) 2,565ms
[744,716s][info][gc] GC(2252) Pause Young (G1 Evacuation Pause) 420M->73M(594M) 2,223ms
[745,132s][info][gc] GC(2253) Pause Young (G1 Evacuation Pause) 420M->72M(594M) 2,454ms
[745,542s][info][gc] GC(2254) Pause Young (G1 Evacuation Pause) 420M->72M(594M) 2,505ms
[745,956s][info][gc] GC(2255) Pause Young (G1 Evacuation Pause) 420M->72M(594M) 5,231ms
[746,333s][info][gc] GC(2256) Pause Young (G1 Evacuation Pause) 421M->73M(594M) 1,953ms
[746,709s][info][gc] GC(2257) Pause Young (G1 Evacuation Pause) 420M->72M(594M) 1,939ms
[747,085s][info][gc] GC(2258) Pause Young (G1 Evacuation Pause) 420M->73M(594M) 1,901ms
[747,470s][info][gc] GC(2259) Pause Young (G1 Evacuation Pause) 420M->72M(594M) 1,659ms
[747,863s][info][gc] GC(2260) Pause Young (G1 Evacuation Pause) 420M->72M(594M) 3,498ms
[748,278s][info][gc] GC(2261) Pause Young (G1 Evacuation Pause) 420M->72M(594M) 4,098ms
[748,672s][info][gc] GC(2262) Pause Young (G1 Evacuation Pause) 420M->72M(594M) 2,593ms
[749,088s][info][gc] GC(2263) Pause Young (G1 Evacuation Pause) 420M->72M(594M) 2,649ms
[749,500s][info][gc] GC(2264) Pause Young (G1 Evacuation Pause) 420M->73M(594M) 3,363ms
[749,897s][info][gc] GC(2265) Pause Young (G1 Evacuation Pause) 421M->73M(594M) 2,025ms
[750,293s][info][gc] GC(2266) Pause Young (G1 Evacuation Pause) 420M->72M(594M) 2,010ms
[750,670s][info][gc] GC(2267) Pause Young (G1 Evacuation Pause) 421M->73M(594M) 1,740ms
[751,091s][info][gc] GC(2268) Pause Young (G1 Evacuation Pause) 420M->73M(594M) 2,667ms
[751,526s][info][gc] GC(2269) Pause Young (G1 Evacuation Pause) 421M->73M(594M) 2,562ms
[751,946s][info][gc] GC(2270) Pause Young (G1 Evacuation Pause) 421M->73M(594M) 3,496ms
[752,358s][info][gc] GC(2271) Pause Young (G1 Evacuation Pause) 420M->72M(594M) 2,475ms
[752,774s][info][gc] GC(2272) Pause Young (G1 Evacuation Pause) 421M->73M(594M) 3,487ms
[753,152s][info][gc] GC(2273) Pause Young (G1 Evacuation Pause) 420M->73M(594M) 2,712ms
[753,561s][info][gc] GC(2274) Pause Young (G1 Evacuation Pause) 421M->73M(594M) 2,560ms
[753,972s][info][gc] GC(2275) Pause Young (G1 Evacuation Pause) 421M->73M(594M) 1,731ms
[754,348s][info][gc] GC(2276) Pause Young (G1 Evacuation Pause) 421M->73M(594M) 1,786ms
[754,724s][info][gc] GC(2277) Pause Young (G1 Evacuation Pause) 420M->72M(594M) 2,230ms
[755,135s][info][gc] GC(2278) Pause Young (G1 Evacuation Pause) 421M->73M(594M) 2,648ms
[755,549s][info][gc] GC(2279) Pause Young (G1 Evacuation Pause) 420M->73M(594M) 2,534ms
[755,959s][info][gc] GC(2280) Pause Young (G1 Evacuation Pause) 421M->73M(594M) 2,479ms
[756,377s][info][gc] GC(2281) Pause Young (G1 Evacuation Pause) 421M->73M(594M) 2,657ms
[756,791s][info][gc] GC(2282) Pause Young (G1 Evacuation Pause) 421M->73M(594M) 3,450ms
[757,169s][info][gc] GC(2283) Pause Young (G1 Evacuation Pause) 421M->73M(594M) 2,293ms
[757,567s][info][gc] GC(2284) Pause Young (G1 Evacuation Pause) 420M->72M(594M) 5,348ms
[757,977s][info][gc] GC(2285) Pause Young (G1 Evacuation Pause) 420M->73M(594M) 1,597ms
[758,359s][info][gc] GC(2286) Pause Young (G1 Evacuation Pause) 421M->73M(594M) 1,550ms
[758,735s][info][gc] GC(2287) Pause Young (G1 Evacuation Pause) 421M->73M(594M) 1,729ms
[759,154s][info][gc] GC(2288) Pause Young (G1 Evacuation Pause) 421M->73M(594M) 2,656ms
[759,570s][info][gc] GC(2289) Pause Young (G1 Evacuation Pause) 420M->72M(594M) 2,373ms
[759,977s][info][gc] GC(2290) Pause Young (G1 Evacuation Pause) 421M->73M(594M) 1,839ms
[760,354s][info][gc] GC(2291) Pause Young (G1 Evacuation Pause) 420M->73M(594M) 2,745ms
[760,731s][info][gc] GC(2292) Pause Young (G1 Evacuation Pause) 421M->73M(594M) 2,744ms
[761,107s][info][gc] GC(2293) Pause Young (G1 Evacuation Pause) 421M->73M(594M) 1,834ms
[761,533s][info][gc] GC(2294) Pause Young (G1 Evacuation Pause) 421M->73M(594M) 4,295ms
[761,946s][info][gc] GC(2295) Pause Young (G1 Evacuation Pause) 421M->73M(594M) 5,768ms
[762,335s][info][gc] GC(2296) Pause Young (G1 Evacuation Pause) 421M->74M(594M) 1,805ms
[762,718s][info][gc] GC(2297) Pause Young (G1 Evacuation Pause) 421M->73M(594M) 2,413ms
[763,099s][info][gc] GC(2298) Pause Young (G1 Evacuation Pause) 421M->73M(594M) 1,770ms
[763,490s][info][gc] GC(2299) Pause Young (G1 Evacuation Pause) 421M->73M(594M) 2,902ms
[763,868s][info][gc] GC(2300) Pause Young (G1 Evacuation Pause) 421M->73M(594M) 1,667ms
[764,247s][info][gc] GC(2301) Pause Young (G1 Evacuation Pause) 421M->74M(594M) 1,765ms
[764,622s][info][gc] GC(2302) Pause Young (G1 Evacuation Pause) 421M->73M(594M) 1,528ms
[765,005s][info][gc] GC(2303) Pause Young (G1 Evacuation Pause) 421M->73M(594M) 1,752ms
[765,391s][info][gc] GC(2304) Pause Young (G1 Evacuation Pause) 421M->73M(594M) 2,362ms
[765,819s][info][gc] GC(2305) Pause Young (G1 Evacuation Pause) 421M->73M(594M) 5,004ms
[766,237s][info][gc] GC(2306) Pause Young (G1 Evacuation Pause) 421M->73M(594M) 2,918ms
[766,631s][info][gc] GC(2307) Pause Young (G1 Evacuation Pause) 421M->74M(594M) 2,648ms
[767,006s][info][gc] GC(2308) Pause Young (G1 Evacuation Pause) 421M->73M(594M) 1,492ms
[767,394s][info][gc] GC(2309) Pause Young (G1 Evacuation Pause) 421M->73M(594M) 2,203ms
[767,772s][info][gc] GC(2310) Pause Young (G1 Evacuation Pause) 421M->73M(594M) 2,175ms
[768,149s][info][gc] GC(2311) Pause Young (G1 Evacuation Pause) 421M->74M(594M) 2,290ms
[768,529s][info][gc] GC(2312) Pause Young (G1 Evacuation Pause) 421M->72M(594M) 2,670ms
[768,906s][info][gc] GC(2313) Pause Young (G1 Evacuation Pause) 421M->74M(594M) 2,680ms
[769,281s][info][gc] GC(2314) Pause Young (G1 Evacuation Pause) 421M->73M(594M) 1,510ms
[769,684s][info][gc] GC(2315) Pause Young (G1 Evacuation Pause) 421M->73M(594M) 2,545ms
[770,079s][info][gc] GC(2316) Pause Young (G1 Evacuation Pause) 421M->73M(594M) 1,546ms
[770,473s][info][gc] GC(2317) Pause Young (G1 Evacuation Pause) 421M->73M(594M) 2,519ms
[770,871s][info][gc] GC(2318) Pause Young (G1 Evacuation Pause) 421M->73M(594M) 3,805ms
[771,258s][info][gc] GC(2319) Pause Young (G1 Evacuation Pause) 421M->73M(594M) 2,593ms
[771,635s][info][gc] GC(2320) Pause Young (G1 Evacuation Pause) 421M->74M(594M) 1,755ms
[772,032s][info][gc] GC(2321) Pause Young (G1 Evacuation Pause) 421M->73M(594M) 1,742ms
[772,434s][info][gc] GC(2322) Pause Young (G1 Evacuation Pause) 421M->73M(594M) 2,613ms
[772,832s][info][gc] GC(2323) Pause Young (G1 Evacuation Pause) 421M->73M(594M) 2,733ms
[773,211s][info][gc] GC(2324) Pause Young (G1 Evacuation Pause) 421M->74M(594M) 2,336ms
[773,622s][info][gc] GC(2325) Pause Young (G1 Evacuation Pause) 421M->73M(594M) 2,539ms
[774,010s][info][gc] GC(2326) Pause Young (G1 Evacuation Pause) 422M->74M(594M) 1,814ms
[774,389s][info][gc] GC(2327) Pause Young (G1 Evacuation Pause) 421M->73M(594M) 1,658ms
[774,780s][info][gc] GC(2328) Pause Young (G1 Evacuation Pause) 421M->73M(594M) 5,951ms
[775,162s][info][gc] GC(2329) Pause Young (G1 Evacuation Pause) 421M->74M(594M) 2,121ms
[775,547s][info][gc] GC(2330) Pause Young (G1 Evacuation Pause) 422M->74M(594M) 1,719ms
[775,941s][info][gc] GC(2331) Pause Young (G1 Evacuation Pause) 422M->74M(594M) 2,589ms
[776,332s][info][gc] GC(2332) Pause Young (G1 Evacuation Pause) 421M->73M(594M) 1,678ms
[776,708s][info][gc] GC(2333) Pause Young (G1 Evacuation Pause) 421M->73M(594M) 1,629ms
[777,090s][info][gc] GC(2334) Pause Young (G1 Evacuation Pause) 421M->74M(594M) 1,587ms
[777,499s][info][gc] GC(2335) Pause Young (G1 Evacuation Pause) 422M->74M(594M) 2,634ms
[777,893s][info][gc] GC(2336) Pause Young (G1 Evacuation Pause) 421M->73M(594M) 2,462ms
[778,270s][info][gc] GC(2337) Pause Young (G1 Evacuation Pause) 421M->73M(594M) 1,670ms
[778,647s][info][gc] GC(2338) Pause Young (G1 Evacuation Pause) 421M->73M(594M) 1,717ms
[779,023s][info][gc] GC(2339) Pause Young (G1 Evacuation Pause) 421M->73M(594M) 1,815ms
[779,430s][info][gc] GC(2340) Pause Young (G1 Evacuation Pause) 421M->74M(594M) 2,573ms
[779,846s][info][gc] GC(2341) Pause Young (G1 Evacuation Pause) 422M->73M(594M) 2,496ms
[780,222s][info][gc] GC(2342) Pause Young (G1 Evacuation Pause) 421M->74M(594M) 2,179ms
[780,599s][info][gc] GC(2343) Pause Young (G1 Evacuation Pause) 421M->73M(594M) 2,225ms
[780,986s][info][gc] GC(2344) Pause Young (G1 Evacuation Pause) 421M->73M(594M) 1,908ms
[781,362s][info][gc] GC(2345) Pause Young (G1 Evacuation Pause) 421M->73M(594M) 1,910ms
[781,738s][info][gc] GC(2346) Pause Young (G1 Evacuation Pause) 421M->74M(594M) 1,818ms
[782,142s][info][gc] GC(2347) Pause Young (G1 Evacuation Pause) 422M->74M(594M) 1,792ms
[782,517s][info][gc] GC(2348) Pause Young (G1 Evacuation Pause) 421M->73M(594M) 1,584ms
[782,913s][info][gc] GC(2349) Pause Young (G1 Evacuation Pause) 422M->74M(594M) 2,738ms
[783,328s][info][gc] GC(2350) Pause Young (G1 Evacuation Pause) 421M->74M(594M) 2,438ms
[783,704s][info][gc] GC(2351) Pause Young (G1 Evacuation Pause) 422M->73M(594M) 1,850ms
[784,084s][info][gc] GC(2352) Pause Young (G1 Evacuation Pause) 421M->74M(594M) 1,706ms
[784,500s][info][gc] GC(2353) Pause Young (G1 Evacuation Pause) 422M->74M(594M) 17,789ms
[784,882s][info][gc] GC(2354) Pause Young (G1 Evacuation Pause) 422M->74M(594M) 1,726ms
[785,291s][info][gc] GC(2355) Pause Young (G1 Evacuation Pause) 421M->73M(594M) 4,956ms
[785,696s][info][gc] GC(2356) Pause Young (G1 Evacuation Pause) 422M->74M(594M) 2,216ms
[786,103s][info][gc] GC(2357) Pause Young (G1 Evacuation Pause) 421M->73M(594M) 1,535ms
[786,479s][info][gc] GC(2358) Pause Young (G1 Evacuation Pause) 421M->74M(594M) 1,585ms
[786,855s][info][gc] GC(2359) Pause Young (G1 Evacuation Pause) 422M->74M(594M) 1,606ms
[787,231s][info][gc] GC(2360) Pause Young (G1 Evacuation Pause) 421M->73M(594M) 1,526ms
[787,631s][info][gc] GC(2361) Pause Young (G1 Evacuation Pause) 421M->74M(594M) 2,395ms
[788,031s][info][gc] GC(2362) Pause Young (G1 Evacuation Pause) 422M->73M(594M) 2,146ms
[788,408s][info][gc] GC(2363) Pause Young (G1 Evacuation Pause) 421M->74M(594M) 2,044ms
[788,793s][info][gc] GC(2364) Pause Young (G1 Evacuation Pause) 422M->74M(594M) 3,728ms
[789,171s][info][gc] GC(2365) Pause Young (G1 Evacuation Pause) 421M->73M(594M) 2,114ms
[789,581s][info][gc] GC(2366) Pause Young (G1 Evacuation Pause) 422M->74M(594M) 2,776ms
[789,975s][info][gc] GC(2367) Pause Young (G1 Evacuation Pause) 421M->73M(594M) 2,373ms
[790,351s][info][gc] GC(2368) Pause Young (G1 Evacuation Pause) 421M->74M(594M) 1,893ms
[790,727s][info][gc] GC(2369) Pause Young (G1 Evacuation Pause) 422M->74M(594M) 1,856ms
[791,103s][info][gc] GC(2370) Pause Young (G1 Evacuation Pause) 422M->74M(594M) 1,788ms
[791,510s][info][gc] GC(2371) Pause Young (G1 Evacuation Pause) 422M->74M(594M) 2,719ms
[791,927s][info][gc] GC(2372) Pause Young (G1 Evacuation Pause) 422M->74M(594M) 2,798ms
[792,337s][info][gc] GC(2373) Pause Young (G1 Evacuation Pause) 421M->73M(594M) 4,600ms
[792,723s][info][gc] GC(2374) Pause Young (G1 Evacuation Pause) 422M->75M(594M) 2,307ms
[793,099s][info][gc] GC(2375) Pause Young (G1 Evacuation Pause) 422M->74M(594M) 1,786ms
[793,476s][info][gc] GC(2376) Pause Young (G1 Evacuation Pause) 422M->74M(594M) 2,815ms
[793,852s][info][gc] GC(2377) Pause Young (G1 Evacuation Pause) 422M->75M(594M) 1,842ms
[794,233s][info][gc] GC(2378) Pause Young (G1 Evacuation Pause) 422M->74M(594M) 1,622ms
[794,619s][info][gc] GC(2379) Pause Young (G1 Evacuation Pause) 422M->73M(594M) 1,667ms
[795,013s][info][gc] GC(2380) Pause Young (G1 Evacuation Pause) 422M->75M(594M) 2,200ms
[795,390s][info][gc] GC(2381) Pause Young (G1 Evacuation Pause) 422M->74M(594M) 1,806ms
[795,766s][info][gc] GC(2382) Pause Young (G1 Evacuation Pause) 422M->75M(594M) 1,720ms
[796,169s][info][gc] GC(2383) Pause Young (G1 Evacuation Pause) 422M->73M(594M) 2,534ms
[796,577s][info][gc] GC(2384) Pause Young (G1 Evacuation Pause) 422M->75M(594M) 1,773ms
[796,964s][info][gc] GC(2385) Pause Young (G1 Evacuation Pause) 422M->74M(594M) 2,147ms
[797,341s][info][gc] GC(2386) Pause Young (G1 Evacuation Pause) 422M->74M(594M) 1,793ms
[797,741s][info][gc] GC(2387) Pause Young (G1 Evacuation Pause) 422M->74M(594M) 2,604ms
[798,134s][info][gc] GC(2388) Pause Young (G1 Evacuation Pause) 422M->75M(594M) 1,886ms
[798,510s][info][gc] GC(2389) Pause Young (G1 Evacuation Pause) 422M->73M(594M) 1,999ms
[798,928s][info][gc] GC(2390) Pause Young (G1 Evacuation Pause) 422M->74M(594M) 2,553ms
[799,318s][info][gc] GC(2391) Pause Young (G1 Evacuation Pause) 422M->75M(594M) 2,562ms
[799,705s][info][gc] GC(2392) Pause Young (G1 Evacuation Pause) 422M->74M(594M) 1,647ms
[800,117s][info][gc] GC(2393) Pause Young (G1 Evacuation Pause) 422M->74M(594M) 2,566ms
[800,494s][info][gc] GC(2394) Pause Young (G1 Evacuation Pause) 422M->74M(594M) 1,761ms
[800,889s][info][gc] GC(2395) Pause Young (G1 Evacuation Pause) 422M->75M(594M) 2,148ms
[801,287s][info][gc] GC(2396) Pause Young (G1 Evacuation Pause) 422M->74M(594M) 4,052ms
[801,667s][info][gc] GC(2397) Pause Young (G1 Evacuation Pause) 422M->74M(594M) 1,714ms
[802,072s][info][gc] GC(2398) Pause Young (G1 Evacuation Pause) 422M->74M(594M) 2,157ms
[802,458s][info][gc] GC(2399) Pause Young (G1 Evacuation Pause) 422M->74M(594M) 1,693ms
[802,843s][info][gc] GC(2400) Pause Young (G1 Evacuation Pause) 422M->74M(594M) 2,102ms
[803,220s][info][gc] GC(2401) Pause Young (G1 Evacuation Pause) 422M->74M(594M) 1,933ms
[803,596s][info][gc] GC(2402) Pause Young (G1 Evacuation Pause) 422M->75M(594M) 1,952ms
[803,986s][info][gc] GC(2403) Pause Young (G1 Evacuation Pause) 422M->74M(594M) 1,648ms
[804,362s][info][gc] GC(2404) Pause Young (G1 Evacuation Pause) 422M->74M(594M) 1,677ms
[804,779s][info][gc] GC(2405) Pause Young (G1 Evacuation Pause) 422M->75M(594M) 6,341ms
[805,191s][info][gc] GC(2406) Pause Young (G1 Evacuation Pause) 423M->75M(594M) 2,644ms
[805,582s][info][gc] GC(2407) Pause Young (G1 Evacuation Pause) 422M->74M(594M) 2,872ms
[805,982s][info][gc] GC(2408) Pause Young (G1 Evacuation Pause) 422M->74M(594M) 2,098ms
[806,365s][info][gc] GC(2409) Pause Young (G1 Evacuation Pause) 423M->75M(594M) 1,981ms
[806,741s][info][gc] GC(2410) Pause Young (G1 Evacuation Pause) 422M->74M(594M) 1,614ms
[807,134s][info][gc] GC(2411) Pause Young (G1 Evacuation Pause) 422M->75M(594M) 2,021ms
[807,527s][info][gc] GC(2412) Pause Young (G1 Evacuation Pause) 423M->75M(594M) 2,321ms
[807,941s][info][gc] GC(2413) Pause Young (G1 Evacuation Pause) 422M->74M(594M) 2,558ms
[808,359s][info][gc] GC(2414) Pause Young (G1 Evacuation Pause) 422M->74M(594M) 3,352ms
[808,764s][info][gc] GC(2415) Pause Young (G1 Evacuation Pause) 422M->75M(594M) 1,579ms
[809,162s][info][gc] GC(2416) Pause Young (G1 Evacuation Pause) 423M->74M(594M) 1,999ms
[809,569s][info][gc] GC(2417) Pause Young (G1 Evacuation Pause) 422M->75M(594M) 2,507ms
[809,945s][info][gc] GC(2418) Pause Young (G1 Evacuation Pause) 423M->75M(594M) 1,744ms
[810,321s][info][gc] GC(2419) Pause Young (G1 Evacuation Pause) 423M->75M(594M) 1,740ms
[810,707s][info][gc] GC(2420) Pause Young (G1 Evacuation Pause) 423M->75M(594M) 2,784ms
[811,117s][info][gc] GC(2421) Pause Young (G1 Evacuation Pause) 422M->74M(594M) 2,582ms
[811,521s][info][gc] GC(2422) Pause Young (G1 Evacuation Pause) 422M->74M(594M) 2,554ms
[811,940s][info][gc] GC(2423) Pause Young (G1 Evacuation Pause) 422M->75M(594M) 3,429ms
[812,339s][info][gc] GC(2424) Pause Young (G1 Evacuation Pause) 423M->75M(594M) 2,677ms
[812,743s][info][gc] GC(2425) Pause Young (G1 Evacuation Pause) 423M->75M(594M) 2,586ms
[813,157s][info][gc] GC(2426) Pause Young (G1 Evacuation Pause) 422M->74M(594M) 2,498ms
[813,566s][info][gc] GC(2427) Pause Young (G1 Evacuation Pause) 423M->76M(594M) 2,108ms
[813,959s][info][gc] GC(2428) Pause Young (G1 Evacuation Pause) 423M->74M(594M) 1,616ms
[814,366s][info][gc] GC(2429) Pause Young (G1 Evacuation Pause) 422M->75M(594M) 2,309ms
[814,762s][info][gc] GC(2430) Pause Young (G1 Evacuation Pause) 423M->75M(594M) 2,539ms
[815,147s][info][gc] GC(2431) Pause Young (G1 Evacuation Pause) 423M->75M(594M) 1,847ms
[815,543s][info][gc] GC(2432) Pause Young (G1 Evacuation Pause) 422M->74M(594M) 2,492ms
[815,944s][info][gc] GC(2433) Pause Young (G1 Evacuation Pause) 422M->75M(594M) 2,202ms
[816,321s][info][gc] GC(2434) Pause Young (G1 Evacuation Pause) 423M->75M(594M) 1,760ms
[816,737s][info][gc] GC(2435) Pause Young (G1 Evacuation Pause) 423M->75M(594M) 2,769ms
[817,117s][info][gc] GC(2436) Pause Young (G1 Evacuation Pause) 423M->75M(594M) 1,699ms
[817,516s][info][gc] GC(2437) Pause Young (G1 Evacuation Pause) 423M->75M(594M) 1,726ms
[817,922s][info][gc] GC(2438) Pause Young (G1 Evacuation Pause) 422M->74M(594M) 2,044ms
[818,304s][info][gc] GC(2439) Pause Young (G1 Evacuation Pause) 423M->75M(594M) 1,661ms
[818,680s][info][gc] GC(2440) Pause Young (G1 Evacuation Pause) 423M->75M(594M) 1,692ms
[819,090s][info][gc] GC(2441) Pause Young (G1 Evacuation Pause) 422M->75M(594M) 2,467ms
[819,465s][info][gc] GC(2442) Pause Young (G1 Evacuation Pause) 423M->75M(594M) 1,709ms
[819,854s][info][gc] GC(2443) Pause Young (G1 Evacuation Pause) 423M->75M(594M) 2,115ms
[820,242s][info][gc] GC(2444) Pause Young (G1 Evacuation Pause) 423M->75M(594M) 2,671ms
[820,630s][info][gc] GC(2445) Pause Young (G1 Evacuation Pause) 423M->75M(594M) 3,101ms
[821,037s][info][gc] GC(2446) Pause Young (G1 Evacuation Pause) 422M->74M(594M) 2,546ms
[821,432s][info][gc] GC(2447) Pause Young (G1 Evacuation Pause) 422M->74M(594M) 2,241ms
[821,810s][info][gc] GC(2448) Pause Young (G1 Evacuation Pause) 422M->74M(594M) 3,390ms
[822,187s][info][gc] GC(2449) Pause Young (G1 Evacuation Pause) 422M->74M(594M) 2,542ms
[822,563s][info][gc] GC(2450) Pause Young (G1 Evacuation Pause) 422M->75M(594M) 1,580ms
[822,969s][info][gc] GC(2451) Pause Young (G1 Evacuation Pause) 423M->75M(594M) 1,761ms
[823,359s][info][gc] GC(2452) Pause Young (G1 Evacuation Pause) 423M->76M(594M) 2,587ms
[823,752s][info][gc] GC(2453) Pause Young (G1 Evacuation Pause) 423M->74M(594M) 1,789ms
[824,142s][info][gc] GC(2454) Pause Young (G1 Evacuation Pause) 423M->76M(594M) 1,899ms
[824,531s][info][gc] GC(2455) Pause Young (G1 Evacuation Pause) 423M->75M(594M) 2,795ms
[824,929s][info][gc] GC(2456) Pause Young (G1 Evacuation Pause) 423M->75M(594M) 2,392ms
[825,331s][info][gc] GC(2457) Pause Young (G1 Evacuation Pause) 423M->76M(594M) 3,159ms
[825,748s][info][gc] GC(2458) Pause Young (G1 Evacuation Pause) 423M->74M(594M) 2,407ms
[826,148s][info][gc] GC(2459) Pause Young (G1 Evacuation Pause) 423M->76M(594M) 1,875ms
[826,523s][info][gc] GC(2460) Pause Young (G1 Evacuation Pause) 423M->75M(594M) 1,668ms
[826,925s][info][gc] GC(2461) Pause Young (G1 Evacuation Pause) 423M->75M(594M) 3,403ms
[827,337s][info][gc] GC(2462) Pause Young (G1 Evacuation Pause) 423M->76M(594M) 1,958ms
[827,734s][info][gc] GC(2463) Pause Young (G1 Evacuation Pause) 423M->74M(594M) 2,489ms
[828,121s][info][gc] GC(2464) Pause Young (G1 Evacuation Pause) 423M->75M(594M) 2,120ms
[828,526s][info][gc] GC(2465) Pause Young (G1 Evacuation Pause) 423M->76M(594M) 2,373ms
[828,932s][info][gc] GC(2466) Pause Young (G1 Evacuation Pause) 423M->75M(594M) 4,356ms
[829,320s][info][gc] GC(2467) Pause Young (G1 Evacuation Pause) 423M->75M(594M) 2,776ms
[829,697s][info][gc] GC(2468) Pause Young (G1 Evacuation Pause) 423M->76M(594M) 2,269ms
[830,092s][info][gc] GC(2469) Pause Young (G1 Evacuation Pause) 423M->74M(594M) 1,637ms
[830,473s][info][gc] GC(2470) Pause Young (G1 Evacuation Pause) 423M->76M(594M) 1,805ms
[830,848s][info][gc] GC(2471) Pause Young (G1 Evacuation Pause) 423M->75M(594M) 1,578ms
[831,224s][info][gc] GC(2472) Pause Young (G1 Evacuation Pause) 423M->75M(594M) 1,610ms
[831,651s][info][gc] GC(2473) Pause Young (G1 Evacuation Pause) 423M->75M(594M) 2,703ms
[832,053s][info][gc] GC(2474) Pause Young (G1 Evacuation Pause) 423M->75M(594M) 3,788ms
[832,445s][info][gc] GC(2475) Pause Young (G1 Evacuation Pause) 423M->75M(594M) 2,664ms
[832,821s][info][gc] GC(2476) Pause Young (G1 Evacuation Pause) 423M->76M(594M) 2,222ms
[833,200s][info][gc] GC(2477) Pause Young (G1 Evacuation Pause) 423M->75M(594M) 3,640ms
[833,612s][info][gc] GC(2478) Pause Young (G1 Evacuation Pause) 423M->75M(594M) 2,522ms
[834,008s][info][gc] GC(2479) Pause Young (G1 Evacuation Pause) 423M->75M(594M) 1,684ms
[834,384s][info][gc] GC(2480) Pause Young (G1 Evacuation Pause) 423M->76M(594M) 1,721ms
[834,760s][info][gc] GC(2481) Pause Young (G1 Evacuation Pause) 424M->76M(594M) 1,728ms
[835,135s][info][gc] GC(2482) Pause Young (G1 Evacuation Pause) 423M->75M(594M) 1,658ms
[835,512s][info][gc] GC(2483) Pause Young (G1 Evacuation Pause) 423M->75M(594M) 1,797ms
[835,887s][info][gc] GC(2484) Pause Young (G1 Evacuation Pause) 423M->75M(594M) 1,718ms
[836,264s][info][gc] GC(2485) Pause Young (G1 Evacuation Pause) 423M->76M(594M) 1,710ms
[836,681s][info][gc] GC(2486) Pause Young (G1 Evacuation Pause) 424M->75M(594M) 2,481ms
[837,098s][info][gc] GC(2487) Pause Young (G1 Evacuation Pause) 423M->76M(594M) 2,627ms
[837,498s][info][gc] GC(2488) Pause Young (G1 Evacuation Pause) 423M->75M(594M) 2,583ms
[837,874s][info][gc] GC(2489) Pause Young (G1 Evacuation Pause) 424M->76M(594M) 1,779ms
[838,260s][info][gc] GC(2490) Pause Young (G1 Evacuation Pause) 423M->75M(594M) 1,750ms
[838,643s][info][gc] GC(2491) Pause Young (G1 Evacuation Pause) 423M->75M(594M) 1,738ms
[839,050s][info][gc] GC(2492) Pause Young (G1 Evacuation Pause) 423M->76M(594M) 2,630ms
[839,426s][info][gc] GC(2493) Pause Young (G1 Evacuation Pause) 424M->76M(594M) 1,617ms
[839,816s][info][gc] GC(2494) Pause Young (G1 Evacuation Pause) 423M->75M(594M) 4,847ms
[840,242s][info][gc] GC(2495) Pause Young (G1 Evacuation Pause) 423M->75M(594M) 2,633ms
[840,646s][info][gc] GC(2496) Pause Young (G1 Evacuation Pause) 423M->75M(594M) 2,063ms
[841,023s][info][gc] GC(2497) Pause Young (G1 Evacuation Pause) 423M->76M(594M) 1,848ms
[841,398s][info][gc] GC(2498) Pause Young (G1 Evacuation Pause) 424M->76M(594M) 1,678ms
[841,781s][info][gc] GC(2499) Pause Young (G1 Evacuation Pause) 424M->76M(594M) 5,155ms
[842,169s][info][gc] GC(2500) Pause Young (G1 Evacuation Pause) 423M->75M(594M) 1,975ms
[842,545s][info][gc] GC(2501) Pause Young (G1 Evacuation Pause) 424M->76M(594M) 1,734ms
[842,941s][info][gc] GC(2502) Pause Young (G1 Evacuation Pause) 423M->76M(594M) 2,702ms
[843,338s][info][gc] GC(2503) Pause Young (G1 Evacuation Pause) 424M->76M(594M) 3,479ms
[843,747s][info][gc] GC(2504) Pause Young (G1 Evacuation Pause) 424M->76M(594M) 2,652ms
[844,161s][info][gc] GC(2505) Pause Young (G1 Evacuation Pause) 424M->76M(594M) 2,620ms
[844,560s][info][gc] GC(2506) Pause Young (G1 Evacuation Pause) 423M->75M(594M) 1,569ms
[844,951s][info][gc] GC(2507) Pause Young (G1 Evacuation Pause) 423M->75M(594M) 1,724ms
[845,340s][info][gc] GC(2508) Pause Young (G1 Evacuation Pause) 423M->76M(594M) 2,559ms
[845,729s][info][gc] GC(2509) Pause Young (G1 Evacuation Pause) 424M->76M(594M) 2,718ms
[846,127s][info][gc] GC(2510) Pause Young (G1 Evacuation Pause) 424M->76M(594M) 1,576ms
[846,537s][info][gc] GC(2511) Pause Young (G1 Evacuation Pause) 424M->76M(594M) 2,730ms
[846,948s][info][gc] GC(2512) Pause Young (G1 Evacuation Pause) 423M->75M(594M) 2,539ms
[847,358s][info][gc] GC(2513) Pause Young (G1 Evacuation Pause) 423M->76M(594M) 2,496ms
[847,774s][info][gc] GC(2514) Pause Young (G1 Evacuation Pause) 424M->76M(594M) 1,625ms
[848,196s][info][gc] GC(2515) Pause Young (G1 Evacuation Pause) 424M->76M(594M) 2,654ms
[848,594s][info][gc] GC(2516) Pause Young (G1 Evacuation Pause) 424M->76M(594M) 2,257ms
[848,996s][info][gc] GC(2517) Pause Young (G1 Evacuation Pause) 423M->75M(594M) 2,497ms
[849,395s][info][gc] GC(2518) Pause Young (G1 Evacuation Pause) 424M->76M(594M) 1,763ms
[849,776s][info][gc] GC(2519) Pause Young (G1 Evacuation Pause) 423M->76M(594M) 4,486ms
[850,169s][info][gc] GC(2520) Pause Young (G1 Evacuation Pause) 424M->75M(594M) 1,548ms
[850,546s][info][gc] GC(2521) Pause Young (G1 Evacuation Pause) 423M->76M(594M) 1,693ms
[850,922s][info][gc] GC(2522) Pause Young (G1 Evacuation Pause) 424M->76M(594M) 1,810ms
[851,298s][info][gc] GC(2523) Pause Young (G1 Evacuation Pause) 424M->76M(594M) 1,894ms
[851,676s][info][gc] GC(2524) Pause Young (G1 Evacuation Pause) 423M->75M(594M) 3,833ms
[852,052s][info][gc] GC(2525) Pause Young (G1 Evacuation Pause) 423M->76M(594M) 1,957ms
[852,448s][info][gc] GC(2526) Pause Young (G1 Evacuation Pause) 424M->76M(594M) 2,169ms
[852,851s][info][gc] GC(2527) Pause Young (G1 Evacuation Pause) 424M->75M(594M) 2,483ms
[853,261s][info][gc] GC(2528) Pause Young (G1 Evacuation Pause) 423M->75M(594M) 2,484ms
[853,651s][info][gc] GC(2529) Pause Young (G1 Evacuation Pause) 423M->76M(594M) 1,641ms
[854,027s][info][gc] GC(2530) Pause Young (G1 Evacuation Pause) 424M->76M(594M) 1,588ms
[854,404s][info][gc] GC(2531) Pause Young (G1 Evacuation Pause) 424M->76M(594M) 1,769ms
[854,780s][info][gc] GC(2532) Pause Young (G1 Evacuation Pause) 424M->76M(594M) 1,753ms
[855,156s][info][gc] GC(2533) Pause Young (G1 Evacuation Pause) 424M->77M(594M) 1,671ms
[855,531s][info][gc] GC(2534) Pause Young (G1 Evacuation Pause) 424M->76M(594M) 1,638ms
[855,917s][info][gc] GC(2535) Pause Young (G1 Evacuation Pause) 424M->76M(594M) 2,151ms
[856,321s][info][gc] GC(2536) Pause Young (G1 Evacuation Pause) 424M->76M(594M) 1,717ms
[856,753s][info][gc] GC(2537) Pause Young (G1 Evacuation Pause) 424M->77M(594M) 2,587ms
[857,152s][info][gc] GC(2538) Pause Young (G1 Evacuation Pause) 424M->76M(594M) 1,660ms
[857,527s][info][gc] GC(2539) Pause Young (G1 Evacuation Pause) 424M->76M(594M) 1,536ms
[857,915s][info][gc] GC(2540) Pause Young (G1 Evacuation Pause) 424M->76M(594M) 1,669ms
[858,321s][info][gc] GC(2541) Pause Young (G1 Evacuation Pause) 424M->76M(594M) 1,533ms
[858,698s][info][gc] GC(2542) Pause Young (G1 Evacuation Pause) 424M->76M(594M) 1,730ms
[859,075s][info][gc] GC(2543) Pause Young (G1 Evacuation Pause) 424M->76M(594M) 2,650ms
[859,451s][info][gc] GC(2544) Pause Young (G1 Evacuation Pause) 424M->77M(594M) 1,786ms
[859,827s][info][gc] GC(2545) Pause Young (G1 Evacuation Pause) 424M->76M(594M) 1,866ms
[860,207s][info][gc] GC(2546) Pause Young (G1 Evacuation Pause) 424M->76M(594M) 1,601ms
[860,584s][info][gc] GC(2547) Pause Young (G1 Evacuation Pause) 424M->77M(594M) 1,854ms
[860,959s][info][gc] GC(2548) Pause Young (G1 Evacuation Pause) 424M->76M(594M) 1,483ms
[861,335s][info][gc] GC(2549) Pause Young (G1 Evacuation Pause) 424M->76M(594M) 1,730ms
[861,712s][info][gc] GC(2550) Pause Young (G1 Evacuation Pause) 424M->75M(594M) 2,429ms
[862,089s][info][gc] GC(2551) Pause Young (G1 Evacuation Pause) 424M->77M(594M) 1,730ms
[862,471s][info][gc] GC(2552) Pause Young (G1 Evacuation Pause) 424M->76M(594M) 1,604ms
[862,862s][info][gc] GC(2553) Pause Young (G1 Evacuation Pause) 424M->76M(594M) 2,579ms
[863,238s][info][gc] GC(2554) Pause Young (G1 Evacuation Pause) 424M->76M(594M) 1,854ms
[863,652s][info][gc] GC(2555) Pause Young (G1 Evacuation Pause) 424M->77M(594M) 2,598ms
[864,046s][info][gc] GC(2556) Pause Young (G1 Evacuation Pause) 424M->76M(594M) 2,347ms
[864,421s][info][gc] GC(2557) Pause Young (G1 Evacuation Pause) 424M->76M(594M) 1,587ms
[864,848s][info][gc] GC(2558) Pause Young (G1 Evacuation Pause) 424M->76M(594M) 1,800ms
[865,224s][info][gc] GC(2559) Pause Young (G1 Evacuation Pause) 424M->76M(594M) 1,832ms
[865,642s][info][gc] GC(2560) Pause Young (G1 Evacuation Pause) 424M->76M(594M) 4,229ms
[866,025s][info][gc] GC(2561) Pause Young (G1 Evacuation Pause) 424M->76M(594M) 4,832ms
[866,401s][info][gc] GC(2562) Pause Young (G1 Evacuation Pause) 424M->77M(594M) 1,778ms
[866,818s][info][gc] GC(2563) Pause Young (G1 Evacuation Pause) 424M->76M(594M) 2,669ms
[867,195s][info][gc] GC(2564) Pause Young (G1 Evacuation Pause) 424M->76M(594M) 2,231ms
[867,585s][info][gc] GC(2565) Pause Young (G1 Evacuation Pause) 424M->76M(594M) 2,260ms
[867,988s][info][gc] GC(2566) Pause Young (G1 Evacuation Pause) 424M->77M(594M) 2,738ms
[868,403s][info][gc] GC(2567) Pause Young (G1 Evacuation Pause) 425M->77M(594M) 2,749ms
[868,811s][info][gc] GC(2568) Pause Young (G1 Evacuation Pause) 424M->76M(594M) 4,685ms
[869,188s][info][gc] GC(2569) Pause Young (G1 Evacuation Pause) 424M->76M(594M) 1,753ms
[869,597s][info][gc] GC(2570) Pause Young (G1 Evacuation Pause) 424M->76M(594M) 2,488ms
[870,001s][info][gc] GC(2571) Pause Young (G1 Evacuation Pause) 424M->76M(594M) 1,693ms
[870,383s][info][gc] GC(2572) Pause Young (G1 Evacuation Pause) 424M->76M(594M) 1,710ms
[870,761s][info][gc] GC(2573) Pause Young (G1 Evacuation Pause) 424M->77M(594M) 1,691ms
[871,137s][info][gc] GC(2574) Pause Young (G1 Evacuation Pause) 425M->77M(594M) 2,554ms
[871,545s][info][gc] GC(2575) Pause Young (G1 Evacuation Pause) 425M->77M(594M) 2,643ms
[871,962s][info][gc] GC(2576) Pause Young (G1 Evacuation Pause) 424M->77M(594M) 2,607ms
[872,359s][info][gc] GC(2577) Pause Young (G1 Evacuation Pause) 425M->76M(594M) 2,613ms
[872,736s][info][gc] GC(2578) Pause Young (G1 Evacuation Pause) 424M->77M(594M) 2,401ms
[873,113s][info][gc] GC(2579) Pause Young (G1 Evacuation Pause) 425M->77M(594M) 2,321ms
[873,515s][info][gc] GC(2580) Pause Young (G1 Evacuation Pause) 424M->76M(594M) 2,470ms
[873,919s][info][gc] GC(2581) Pause Young (G1 Evacuation Pause) 424M->76M(594M) 3,562ms
[874,295s][info][gc] GC(2582) Pause Young (G1 Evacuation Pause) 424M->76M(594M) 2,383ms
[874,686s][info][gc] GC(2583) Pause Young (G1 Evacuation Pause) 424M->77M(594M) 2,599ms
[875,078s][info][gc] GC(2584) Pause Young (G1 Evacuation Pause) 425M->77M(594M) 1,613ms
[875,479s][info][gc] GC(2585) Pause Young (G1 Evacuation Pause) 425M->77M(594M) 2,571ms
[875,895s][info][gc] GC(2586) Pause Young (G1 Evacuation Pause) 424M->76M(594M) 3,188ms
[876,315s][info][gc] GC(2587) Pause Young (G1 Evacuation Pause) 425M->78M(594M) 2,505ms
[876,691s][info][gc] GC(2588) Pause Young (G1 Evacuation Pause) 425M->77M(594M) 2,033ms
[877,078s][info][gc] GC(2589) Pause Young (G1 Evacuation Pause) 425M->77M(594M) 2,258ms
[877,480s][info][gc] GC(2590) Pause Young (G1 Evacuation Pause) 425M->77M(594M) 3,296ms
[877,857s][info][gc] GC(2591) Pause Young (G1 Evacuation Pause) 425M->77M(594M) 2,107ms
[878,264s][info][gc] GC(2592) Pause Young (G1 Evacuation Pause) 424M->76M(594M) 2,027ms
[878,639s][info][gc] GC(2593) Pause Young (G1 Evacuation Pause) 424M->77M(594M) 1,584ms
[879,055s][info][gc] GC(2594) Pause Young (G1 Evacuation Pause) 425M->76M(594M) 2,649ms
[879,445s][info][gc] GC(2595) Pause Young (G1 Evacuation Pause) 424M->77M(594M) 2,237ms
[879,824s][info][gc] GC(2596) Pause Young (G1 Evacuation Pause) 425M->77M(594M) 3,489ms
[880,200s][info][gc] GC(2597) Pause Young (G1 Evacuation Pause) 425M->77M(594M) 1,981ms
[880,611s][info][gc] GC(2598) Pause Young (G1 Evacuation Pause) 424M->76M(594M) 2,511ms
[880,995s][info][gc] GC(2599) Pause Young (G1 Evacuation Pause) 424M->77M(594M) 1,808ms
[881,387s][info][gc] GC(2600) Pause Young (G1 Evacuation Pause) 425M->77M(594M) 2,393ms
[881,800s][info][gc] GC(2601) Pause Young (G1 Evacuation Pause) 425M->77M(594M) 3,416ms
[882,177s][info][gc] GC(2602) Pause Young (G1 Evacuation Pause) 425M->77M(594M) 1,550ms
[882,567s][info][gc] GC(2603) Pause Young (G1 Evacuation Pause) 425M->77M(594M) 2,314ms
[882,944s][info][gc] GC(2604) Pause Young (G1 Evacuation Pause) 424M->76M(594M) 2,487ms
[883,364s][info][gc] GC(2605) Pause Young (G1 Evacuation Pause) 424M->77M(594M) 3,412ms
[883,752s][info][gc] GC(2606) Pause Young (G1 Evacuation Pause) 425M->76M(594M) 1,892ms
[884,176s][info][gc] GC(2607) Pause Young (G1 Evacuation Pause) 424M->77M(594M) 2,586ms
[884,586s][info][gc] GC(2608) Pause Young (G1 Evacuation Pause) 425M->78M(594M) 2,036ms
[884,995s][info][gc] GC(2609) Pause Young (G1 Evacuation Pause) 425M->77M(594M) 3,201ms
[885,409s][info][gc] GC(2610) Pause Young (G1 Evacuation Pause) 425M->77M(594M) 1,901ms
[885,812s][info][gc] GC(2611) Pause Young (G1 Evacuation Pause) 425M->77M(594M) 2,641ms
[886,209s][info][gc] GC(2612) Pause Young (G1 Evacuation Pause) 425M->77M(594M) 2,594ms
[886,590s][info][gc] GC(2613) Pause Young (G1 Evacuation Pause) 425M->77M(594M) 1,743ms
[886,966s][info][gc] GC(2614) Pause Young (G1 Evacuation Pause) 425M->77M(594M) 1,627ms
[887,342s][info][gc] GC(2615) Pause Young (G1 Evacuation Pause) 425M->78M(594M) 1,772ms
[887,740s][info][gc] GC(2616) Pause Young (G1 Evacuation Pause) 425M->76M(594M) 2,614ms
[888,154s][info][gc] GC(2617) Pause Young (G1 Evacuation Pause) 425M->78M(594M) 2,620ms
[888,565s][info][gc] GC(2618) Pause Young (G1 Evacuation Pause) 425M->77M(594M) 2,607ms
[888,965s][info][gc] GC(2619) Pause Young (G1 Evacuation Pause) 425M->77M(594M) 1,683ms
[889,341s][info][gc] GC(2620) Pause Young (G1 Evacuation Pause) 425M->78M(594M) 1,616ms
[889,716s][info][gc] GC(2621) Pause Young (G1 Evacuation Pause) 425M->77M(594M) 1,514ms
[890,110s][info][gc] GC(2622) Pause Young (G1 Evacuation Pause) 425M->77M(594M) 1,670ms
[890,486s][info][gc] GC(2623) Pause Young (G1 Evacuation Pause) 425M->77M(594M) 1,603ms
[890,884s][info][gc] GC(2624) Pause Young (G1 Evacuation Pause) 425M->77M(594M) 2,603ms
[891,260s][info][gc] GC(2625) Pause Young (G1 Evacuation Pause) 425M->77M(594M) 2,050ms
[891,637s][info][gc] GC(2626) Pause Young (G1 Evacuation Pause) 425M->78M(594M) 2,201ms
[892,044s][info][gc] GC(2627) Pause Young (G1 Evacuation Pause) 425M->77M(594M) 1,523ms
[892,449s][info][gc] GC(2628) Pause Young (G1 Evacuation Pause) 425M->77M(594M) 2,709ms
[892,825s][info][gc] GC(2629) Pause Young (G1 Evacuation Pause) 425M->77M(594M) 2,142ms
[893,202s][info][gc] GC(2630) Pause Young (G1 Evacuation Pause) 425M->77M(594M) 2,014ms
[893,606s][info][gc] GC(2631) Pause Young (G1 Evacuation Pause) 425M->77M(594M) 1,694ms
[894,002s][info][gc] GC(2632) Pause Young (G1 Evacuation Pause) 425M->77M(594M) 1,719ms
[894,380s][info][gc] GC(2633) Pause Young (G1 Evacuation Pause) 425M->78M(594M) 1,600ms
[894,756s][info][gc] GC(2634) Pause Young (G1 Evacuation Pause) 425M->77M(594M) 1,571ms
[895,166s][info][gc] GC(2635) Pause Young (G1 Evacuation Pause) 425M->77M(594M) 3,441ms
[895,542s][info][gc] GC(2636) Pause Young (G1 Evacuation Pause) 425M->77M(594M) 2,032ms
[895,951s][info][gc] GC(2637) Pause Young (G1 Evacuation Pause) 425M->77M(594M) 2,591ms
[896,366s][info][gc] GC(2638) Pause Young (G1 Evacuation Pause) 425M->78M(594M) 2,669ms
[896,782s][info][gc] GC(2639) Pause Young (G1 Evacuation Pause) 426M->78M(594M) 4,797ms
[897,157s][info][gc] GC(2640) Pause Young (G1 Evacuation Pause) 425M->77M(594M) 1,672ms
[897,547s][info][gc] GC(2641) Pause Young (G1 Evacuation Pause) 425M->77M(594M) 2,065ms
[897,946s][info][gc] GC(2642) Pause Young (G1 Evacuation Pause) 425M->77M(594M) 1,589ms
[898,323s][info][gc] GC(2643) Pause Young (G1 Evacuation Pause) 425M->77M(594M) 2,576ms
[898,700s][info][gc] GC(2644) Pause Young (G1 Evacuation Pause) 425M->78M(594M) 1,818ms
[899,076s][info][gc] GC(2645) Pause Young (G1 Evacuation Pause) 426M->78M(594M) 1,830ms
[899,452s][info][gc] GC(2646) Pause Young (G1 Evacuation Pause) 425M->77M(594M) 1,909ms
[899,880s][info][gc] GC(2647) Pause Young (G1 Evacuation Pause) 425M->77M(594M) 2,618ms
[900,296s][info][gc] GC(2648) Pause Young (G1 Evacuation Pause) 425M->77M(594M) 3,466ms
[900,689s][info][gc] GC(2649) Pause Young (G1 Evacuation Pause) 425M->78M(594M) 1,907ms
[901,076s][info][gc] GC(2650) Pause Young (G1 Evacuation Pause) 426M->78M(594M) 2,225ms
[901,453s][info][gc] GC(2651) Pause Young (G1 Evacuation Pause) 425M->77M(594M) 2,171ms
[901,844s][info][gc] GC(2652) Pause Young (G1 Evacuation Pause) 425M->77M(594M) 3,476ms
[902,219s][info][gc] GC(2653) Pause Young (G1 Evacuation Pause) 425M->77M(594M) 1,613ms
[902,596s][info][gc] GC(2654) Pause Young (G1 Evacuation Pause) 425M->78M(594M) 1,677ms
[902,997s][info][gc] GC(2655) Pause Young (G1 Evacuation Pause) 426M->77M(594M) 3,418ms
[903,392s][info][gc] GC(2656) Pause Young (G1 Evacuation Pause) 425M->78M(594M) 2,666ms
[903,803s][info][gc] GC(2657) Pause Young (G1 Evacuation Pause) 425M->77M(594M) 2,522ms
[904,214s][info][gc] GC(2658) Pause Young (G1 Evacuation Pause) 425M->77M(594M) 2,347ms
[904,628s][info][gc] GC(2659) Pause Young (G1 Evacuation Pause) 425M->77M(594M) 2,760ms
[905,033s][info][gc] GC(2660) Pause Young (G1 Evacuation Pause) 425M->78M(594M) 1,689ms
[905,427s][info][gc] GC(2661) Pause Young (G1 Evacuation Pause) 426M->78M(594M) 2,644ms
[905,838s][info][gc] GC(2662) Pause Young (G1 Evacuation Pause) 425M->77M(594M) 2,496ms
[906,223s][info][gc] GC(2663) Pause Young (G1 Evacuation Pause) 425M->77M(594M) 1,925ms
[906,599s][info][gc] GC(2664) Pause Young (G1 Evacuation Pause) 425M->77M(594M) 2,277ms
[907,010s][info][gc] GC(2665) Pause Young (G1 Evacuation Pause) 426M->79M(594M) 3,534ms
[907,420s][info][gc] GC(2666) Pause Young (G1 Evacuation Pause) 426M->78M(594M) 2,515ms
[907,827s][info][gc] GC(2667) Pause Young (G1 Evacuation Pause) 426M->78M(594M) 2,535ms
[908,228s][info][gc] GC(2668) Pause Young (G1 Evacuation Pause) 426M->78M(594M) 1,733ms
[908,636s][info][gc] GC(2669) Pause Young (G1 Evacuation Pause) 425M->77M(594M) 1,713ms
[909,042s][info][gc] GC(2670) Pause Young (G1 Evacuation Pause) 425M->77M(594M) 2,542ms
[909,455s][info][gc] GC(2671) Pause Young (G1 Evacuation Pause) 426M->79M(594M) 2,787ms
[909,840s][info][gc] GC(2672) Pause Young (G1 Evacuation Pause) 426M->78M(594M) 2,301ms
[910,216s][info][gc] GC(2673) Pause Young (G1 Evacuation Pause) 426M->78M(594M) 1,603ms
[910,592s][info][gc] GC(2674) Pause Young (G1 Evacuation Pause) 426M->78M(594M) 1,698ms
[910,968s][info][gc] GC(2675) Pause Young (G1 Evacuation Pause) 425M->77M(594M) 1,651ms
[911,344s][info][gc] GC(2676) Pause Young (G1 Evacuation Pause) 425M->77M(594M) 1,687ms
[911,721s][info][gc] GC(2677) Pause Young (G1 Evacuation Pause) 425M->77M(594M) 1,519ms
[912,099s][info][gc] GC(2678) Pause Young (G1 Evacuation Pause) 426M->78M(594M) 1,723ms
[912,501s][info][gc] GC(2679) Pause Young (G1 Evacuation Pause) 425M->77M(594M) 3,520ms
[912,900s][info][gc] GC(2680) Pause Young (G1 Evacuation Pause) 425M->78M(594M) 1,648ms
[913,330s][info][gc] GC(2681) Pause Young (G1 Evacuation Pause) 426M->78M(594M) 2,474ms
[913,706s][info][gc] GC(2682) Pause Young (G1 Evacuation Pause) 426M->78M(594M) 2,172ms
[914,093s][info][gc] GC(2683) Pause Young (G1 Evacuation Pause) 425M->77M(594M) 1,706ms
[914,480s][info][gc] GC(2684) Pause Young (G1 Evacuation Pause) 425M->77M(594M) 1,681ms
[914,867s][info][gc] GC(2685) Pause Young (G1 Evacuation Pause) 425M->77M(594M) 2,661ms
[915,244s][info][gc] GC(2686) Pause Young (G1 Evacuation Pause) 425M->78M(594M) 1,895ms
[915,658s][info][gc] GC(2687) Pause Young (G1 Evacuation Pause) 426M->78M(594M) 2,246ms
[916,048s][info][gc] GC(2688) Pause Young (G1 Evacuation Pause) 426M->79M(594M) 2,289ms
[916,464s][info][gc] GC(2689) Pause Young (G1 Evacuation Pause) 426M->77M(594M) 3,709ms
[916,866s][info][gc] GC(2690) Pause Young (G1 Evacuation Pause) 426M->79M(594M) 2,323ms
[917,242s][info][gc] GC(2691) Pause Young (G1 Evacuation Pause) 426M->78M(594M) 1,908ms
[917,618s][info][gc] GC(2692) Pause Young (G1 Evacuation Pause) 426M->78M(594M) 2,001ms
[917,994s][info][gc] GC(2693) Pause Young (G1 Evacuation Pause) 426M->78M(594M) 1,802ms
[918,375s][info][gc] GC(2694) Pause Young (G1 Evacuation Pause) 426M->78M(594M) 1,632ms
[918,752s][info][gc] GC(2695) Pause Young (G1 Evacuation Pause) 426M->79M(594M) 1,789ms
[919,130s][info][gc] GC(2696) Pause Young (G1 Evacuation Pause) 426M->78M(594M) 1,611ms
[919,516s][info][gc] GC(2697) Pause Young (G1 Evacuation Pause) 426M->78M(594M) 2,070ms
[919,902s][info][gc] GC(2698) Pause Young (G1 Evacuation Pause) 426M->78M(594M) 2,044ms
[920,295s][info][gc] GC(2699) Pause Young (G1 Evacuation Pause) 426M->78M(594M) 2,357ms
[920,691s][info][gc] GC(2700) Pause Young (G1 Evacuation Pause) 426M->78M(594M) 2,074ms
[921,106s][info][gc] GC(2701) Pause Young (G1 Evacuation Pause) 426M->78M(594M) 2,512ms
[921,509s][info][gc] GC(2702) Pause Young (G1 Evacuation Pause) 426M->79M(594M) 2,595ms
[921,927s][info][gc] GC(2703) Pause Young (G1 Evacuation Pause) 426M->78M(594M) 2,483ms
[922,313s][info][gc] GC(2704) Pause Young (G1 Evacuation Pause) 426M->78M(594M) 2,365ms
[922,703s][info][gc] GC(2705) Pause Young (G1 Evacuation Pause) 426M->78M(594M) 2,065ms
[923,126s][info][gc] GC(2706) Pause Young (G1 Evacuation Pause) 426M->78M(594M) 2,422ms
[923,524s][info][gc] GC(2707) Pause Young (G1 Evacuation Pause) 426M->78M(594M) 1,585ms
[923,943s][info][gc] GC(2708) Pause Young (G1 Evacuation Pause) 426M->78M(594M) 2,588ms
[924,354s][info][gc] GC(2709) Pause Young (G1 Evacuation Pause) 426M->79M(594M) 2,591ms
[924,775s][info][gc] GC(2710) Pause Young (G1 Evacuation Pause) 426M->78M(594M) 4,287ms
[925,166s][info][gc] GC(2711) Pause Young (G1 Evacuation Pause) 426M->78M(594M) 1,674ms
[925,543s][info][gc] GC(2712) Pause Young (G1 Evacuation Pause) 426M->78M(594M) 1,740ms
[925,920s][info][gc] GC(2713) Pause Young (G1 Evacuation Pause) 426M->78M(594M) 1,655ms
[926,295s][info][gc] GC(2714) Pause Young (G1 Evacuation Pause) 426M->78M(594M) 1,574ms
[926,683s][info][gc] GC(2715) Pause Young (G1 Evacuation Pause) 426M->79M(594M) 2,813ms
[927,060s][info][gc] GC(2716) Pause Young (G1 Evacuation Pause) 427M->79M(594M) 1,796ms
[927,452s][info][gc] GC(2717) Pause Young (G1 Evacuation Pause) 426M->78M(594M) 2,630ms
[927,844s][info][gc] GC(2718) Pause Young (G1 Evacuation Pause) 426M->78M(594M) 2,661ms
[928,223s][info][gc] GC(2719) Pause Young (G1 Evacuation Pause) 426M->78M(594M) 2,509ms
[928,615s][info][gc] GC(2720) Pause Young (G1 Evacuation Pause) 426M->78M(594M) 2,819ms
[928,998s][info][gc] GC(2721) Pause Young (G1 Evacuation Pause) 426M->79M(594M) 1,667ms
[929,396s][info][gc] GC(2722) Pause Young (G1 Evacuation Pause) 426M->78M(594M) 2,617ms
[929,811s][info][gc] GC(2723) Pause Young (G1 Evacuation Pause) 426M->78M(594M) 1,757ms
[930,186s][info][gc] GC(2724) Pause Young (G1 Evacuation Pause) 426M->78M(594M) 1,611ms
[930,579s][info][gc] GC(2725) Pause Young (G1 Evacuation Pause) 426M->78M(594M) 1,723ms
[930,987s][info][gc] GC(2726) Pause Young (G1 Evacuation Pause) 426M->79M(594M) 3,758ms
[931,426s][info][gc] GC(2727) Pause Young (G1 Evacuation Pause) 427M->79M(594M) 4,850ms
[931,854s][info][gc] GC(2728) Pause Young (G1 Evacuation Pause) 427M->79M(594M) 2,651ms
[932,235s][info][gc] GC(2729) Pause Young (G1 Evacuation Pause) 426M->78M(594M) 1,726ms
[932,640s][info][gc] GC(2730) Pause Young (G1 Evacuation Pause) 426M->78M(594M) 1,833ms
[933,040s][info][gc] GC(2731) Pause Young (G1 Evacuation Pause) 426M->78M(594M) 1,585ms
[933,419s][info][gc] GC(2732) Pause Young (G1 Evacuation Pause) 426M->79M(594M) 2,679ms
[933,806s][info][gc] GC(2733) Pause Young (G1 Evacuation Pause) 426M->78M(594M) 2,354ms
[934,183s][info][gc] GC(2734) Pause Young (G1 Evacuation Pause) 427M->79M(594M) 1,705ms
[934,566s][info][gc] GC(2735) Pause Young (G1 Evacuation Pause) 426M->78M(594M) 6,056ms
[934,973s][info][gc] GC(2736) Pause Young (G1 Evacuation Pause) 426M->78M(594M) 2,674ms
[935,390s][info][gc] GC(2737) Pause Young (G1 Evacuation Pause) 426M->78M(594M) 2,562ms
[935,792s][info][gc] GC(2738) Pause Young (G1 Evacuation Pause) 426M->79M(594M) 1,789ms
[936,168s][info][gc] GC(2739) Pause Young (G1 Evacuation Pause) 427M->79M(594M) 1,700ms
[936,566s][info][gc] GC(2740) Pause Young (G1 Evacuation Pause) 426M->78M(594M) 1,681ms
[936,949s][info][gc] GC(2741) Pause Young (G1 Evacuation Pause) 426M->79M(594M) 1,538ms
[937,343s][info][gc] GC(2742) Pause Young (G1 Evacuation Pause) 427M->79M(594M) 6,266ms
[937,733s][info][gc] GC(2743) Pause Young (G1 Evacuation Pause) 426M->78M(594M) 1,943ms
[938,114s][info][gc] GC(2744) Pause Young (G1 Evacuation Pause) 427M->79M(594M) 2,604ms
[938,500s][info][gc] GC(2745) Pause Young (G1 Evacuation Pause) 427M->79M(594M) 2,151ms
[938,903s][info][gc] GC(2746) Pause Young (G1 Evacuation Pause) 427M->79M(594M) 2,641ms
[939,320s][info][gc] GC(2747) Pause Young (G1 Evacuation Pause) 426M->79M(594M) 3,321ms
[939,698s][info][gc] GC(2748) Pause Young (G1 Evacuation Pause) 427M->79M(594M) 2,004ms
[940,108s][info][gc] GC(2749) Pause Young (G1 Evacuation Pause) 427M->79M(594M) 3,092ms
[940,486s][info][gc] GC(2750) Pause Young (G1 Evacuation Pause) 427M->79M(594M) 2,321ms
[940,863s][info][gc] GC(2751) Pause Young (G1 Evacuation Pause) 426M->78M(594M) 1,638ms
[941,238s][info][gc] GC(2752) Pause Young (G1 Evacuation Pause) 426M->78M(594M) 1,705ms
[941,632s][info][gc] GC(2753) Pause Young (G1 Evacuation Pause) 426M->79M(594M) 1,877ms
[942,017s][info][gc] GC(2754) Pause Young (G1 Evacuation Pause) 427M->78M(594M) 2,359ms
[942,420s][info][gc] GC(2755) Pause Young (G1 Evacuation Pause) 426M->79M(594M) 6,357ms
[942,823s][info][gc] GC(2756) Pause Young (G1 Evacuation Pause) 427M->79M(594M) 1,733ms
[943,199s][info][gc] GC(2757) Pause Young (G1 Evacuation Pause) 427M->79M(594M) 1,772ms
[943,636s][info][gc] GC(2758) Pause Young (G1 Evacuation Pause) 426M->78M(594M) 2,442ms
[944,031s][info][gc] GC(2759) Pause Young (G1 Evacuation Pause) 426M->79M(594M) 6,130ms
[944,463s][info][gc] GC(2760) Pause Young (G1 Evacuation Pause) 427M->79M(594M) 3,979ms
[944,840s][info][gc] GC(2761) Pause Young (G1 Evacuation Pause) 427M->79M(594M) 2,116ms
[945,217s][info][gc] GC(2762) Pause Young (G1 Evacuation Pause) 427M->79M(594M) 1,791ms
[945,593s][info][gc] GC(2763) Pause Young (G1 Evacuation Pause) 426M->79M(594M) 1,575ms
[946,014s][info][gc] GC(2764) Pause Young (G1 Evacuation Pause) 427M->79M(594M) 2,074ms
[946,390s][info][gc] GC(2765) Pause Young (G1 Evacuation Pause) 427M->78M(594M) 1,668ms
[946,766s][info][gc] GC(2766) Pause Young (G1 Evacuation Pause) 426M->79M(594M) 1,634ms
[947,192s][info][gc] GC(2767) Pause Young (G1 Evacuation Pause) 427M->79M(594M) 2,641ms
[947,568s][info][gc] GC(2768) Pause Young (G1 Evacuation Pause) 427M->79M(594M) 1,572ms
[947,944s][info][gc] GC(2769) Pause Young (G1 Evacuation Pause) 427M->80M(594M) 1,662ms
[948,334s][info][gc] GC(2770) Pause Young (G1 Evacuation Pause) 427M->79M(594M) 3,043ms
[948,754s][info][gc] GC(2771) Pause Young (G1 Evacuation Pause) 427M->79M(594M) 2,689ms
[949,179s][info][gc] GC(2772) Pause Young (G1 Evacuation Pause) 427M->79M(594M) 2,406ms
[949,592s][info][gc] GC(2773) Pause Young (G1 Evacuation Pause) 427M->79M(594M) 2,629ms
[949,992s][info][gc] GC(2774) Pause Young (G1 Evacuation Pause) 427M->79M(594M) 1,926ms
[950,371s][info][gc] GC(2775) Pause Young (G1 Evacuation Pause) 427M->79M(594M) 1,720ms
[950,783s][info][gc] GC(2776) Pause Young (G1 Evacuation Pause) 427M->79M(594M) 6,004ms
[951,194s][info][gc] GC(2777) Pause Young (G1 Evacuation Pause) 427M->79M(594M) 2,503ms
[951,604s][info][gc] GC(2778) Pause Young (G1 Evacuation Pause) 427M->80M(594M) 2,769ms
[952,008s][info][gc] GC(2779) Pause Young (G1 Evacuation Pause) 427M->79M(594M) 2,200ms
[952,403s][info][gc] GC(2780) Pause Young (G1 Evacuation Pause) 427M->78M(594M) 2,517ms
[952,813s][info][gc] GC(2781) Pause Young (G1 Evacuation Pause) 427M->80M(594M) 3,290ms
[953,224s][info][gc] GC(2782) Pause Young (G1 Evacuation Pause) 427M->79M(594M) 2,588ms
[953,641s][info][gc] GC(2783) Pause Young (G1 Evacuation Pause) 427M->79M(594M) 2,686ms
[954,044s][info][gc] GC(2784) Pause Young (G1 Evacuation Pause) 427M->79M(594M) 1,651ms
[954,437s][info][gc] GC(2785) Pause Young (G1 Evacuation Pause) 427M->80M(594M) 2,728ms
[954,848s][info][gc] GC(2786) Pause Young (G1 Evacuation Pause) 427M->79M(594M) 2,492ms
[955,235s][info][gc] GC(2787) Pause Young (G1 Evacuation Pause) 427M->79M(594M) 4,529ms
[955,657s][info][gc] GC(2788) Pause Young (G1 Evacuation Pause) 427M->79M(594M) 2,476ms
[956,079s][info][gc] GC(2789) Pause Young (G1 Evacuation Pause) 427M->80M(594M) 3,264ms
[956,489s][info][gc] GC(2790) Pause Young (G1 Evacuation Pause) 427M->79M(594M) 2,281ms
[956,904s][info][gc] GC(2791) Pause Young (G1 Evacuation Pause) 427M->79M(594M) 2,671ms
[957,320s][info][gc] GC(2792) Pause Young (G1 Evacuation Pause) 427M->79M(594M) 2,727ms
[957,730s][info][gc] GC(2793) Pause Young (G1 Evacuation Pause) 427M->79M(594M) 2,485ms
[958,127s][info][gc] GC(2794) Pause Young (G1 Evacuation Pause) 427M->79M(594M) 1,713ms
[958,513s][info][gc] GC(2795) Pause Young (G1 Evacuation Pause) 427M->79M(594M) 2,161ms
[958,907s][info][gc] GC(2796) Pause Young (G1 Evacuation Pause) 427M->80M(594M) 2,489ms
[959,324s][info][gc] GC(2797) Pause Young (G1 Evacuation Pause) 428M->80M(594M) 3,027ms
[959,702s][info][gc] GC(2798) Pause Young (G1 Evacuation Pause) 427M->79M(594M) 2,162ms
[960,116s][info][gc] GC(2799) Pause Young (G1 Evacuation Pause) 427M->79M(594M) 2,715ms
[960,498s][info][gc] GC(2800) Pause Young (G1 Evacuation Pause) 427M->79M(594M) 3,823ms
[960,907s][info][gc] GC(2801) Pause Young (G1 Evacuation Pause) 427M->80M(594M) 2,443ms
[961,317s][info][gc] GC(2802) Pause Young (G1 Evacuation Pause) 428M->80M(594M) 2,494ms
[961,693s][info][gc] GC(2803) Pause Young (G1 Evacuation Pause) 428M->80M(594M) 2,166ms
[962,082s][info][gc] GC(2804) Pause Young (G1 Evacuation Pause) 427M->79M(594M) 1,668ms
[962,465s][info][gc] GC(2805) Pause Young (G1 Evacuation Pause) 427M->79M(594M) 1,506ms
[962,855s][info][gc] GC(2806) Pause Young (G1 Evacuation Pause) 427M->79M(594M) 2,658ms
[963,256s][info][gc] GC(2807) Pause Young (G1 Evacuation Pause) 427M->80M(594M) 1,838ms
[963,632s][info][gc] GC(2808) Pause Young (G1 Evacuation Pause) 427M->79M(594M) 1,767ms
[964,044s][info][gc] GC(2809) Pause Young (G1 Evacuation Pause) 427M->79M(594M) 2,457ms
[964,460s][info][gc] GC(2810) Pause Young (G1 Evacuation Pause) 428M->80M(594M) 2,727ms
[964,868s][info][gc] GC(2811) Pause Young (G1 Evacuation Pause) 427M->80M(594M) 2,203ms
[965,245s][info][gc] GC(2812) Pause Young (G1 Evacuation Pause) 428M->80M(594M) 1,743ms
[965,647s][info][gc] GC(2813) Pause Young (G1 Evacuation Pause) 428M->80M(594M) 2,579ms
[966,033s][info][gc] GC(2814) Pause Young (G1 Evacuation Pause) 428M->80M(594M) 2,170ms
[966,410s][info][gc] GC(2815) Pause Young (G1 Evacuation Pause) 428M->80M(594M) 1,900ms
[966,817s][info][gc] GC(2816) Pause Young (G1 Evacuation Pause) 427M->79M(594M) 2,568ms
[967,202s][info][gc] GC(2817) Pause Young (G1 Evacuation Pause) 427M->80M(594M) 1,624ms
[967,579s][info][gc] GC(2818) Pause Young (G1 Evacuation Pause) 428M->80M(594M) 1,749ms
[967,956s][info][gc] GC(2819) Pause Young (G1 Evacuation Pause) 428M->80M(594M) 1,773ms
[968,339s][info][gc] GC(2820) Pause Young (G1 Evacuation Pause) 428M->80M(594M) 2,532ms
[968,717s][info][gc] GC(2821) Pause Young (G1 Evacuation Pause) 428M->80M(594M) 1,621ms
[969,114s][info][gc] GC(2822) Pause Young (G1 Evacuation Pause) 427M->79M(594M) 1,885ms
[969,520s][info][gc] GC(2823) Pause Young (G1 Evacuation Pause) 427M->80M(594M) 3,343ms
[969,934s][info][gc] GC(2824) Pause Young (G1 Evacuation Pause) 428M->80M(594M) 2,569ms
[970,321s][info][gc] GC(2825) Pause Young (G1 Evacuation Pause) 428M->80M(594M) 3,526ms
[970,736s][info][gc] GC(2826) Pause Young (G1 Evacuation Pause) 428M->80M(594M) 1,626ms
[971,150s][info][gc] GC(2827) Pause Young (G1 Evacuation Pause) 427M->79M(594M) 2,521ms
[971,565s][info][gc] GC(2828) Pause Young (G1 Evacuation Pause) 427M->80M(594M) 2,688ms
[971,979s][info][gc] GC(2829) Pause Young (G1 Evacuation Pause) 428M->80M(594M) 2,656ms
[972,398s][info][gc] GC(2830) Pause Young (G1 Evacuation Pause) 428M->80M(594M) 2,587ms
[972,781s][info][gc] GC(2831) Pause Young (G1 Evacuation Pause) 427M->79M(594M) 1,614ms
[973,165s][info][gc] GC(2832) Pause Young (G1 Evacuation Pause) 427M->79M(594M) 2,113ms
[973,555s][info][gc] GC(2833) Pause Young (G1 Evacuation Pause) 428M->80M(594M) 2,261ms
[973,938s][info][gc] GC(2834) Pause Young (G1 Evacuation Pause) 427M->79M(594M) 8,062ms
[974,322s][info][gc] GC(2835) Pause Young (G1 Evacuation Pause) 427M->80M(594M) 2,304ms
[974,700s][info][gc] GC(2836) Pause Young (G1 Evacuation Pause) 428M->80M(594M) 2,559ms
[975,088s][info][gc] GC(2837) Pause Young (G1 Evacuation Pause) 428M->80M(594M) 1,721ms
[975,464s][info][gc] GC(2838) Pause Young (G1 Evacuation Pause) 427M->79M(594M) 1,804ms
[975,842s][info][gc] GC(2839) Pause Young (G1 Evacuation Pause) 427M->79M(594M) 1,746ms
[976,218s][info][gc] GC(2840) Pause Young (G1 Evacuation Pause) 427M->79M(594M) 2,538ms
[976,595s][info][gc] GC(2841) Pause Young (G1 Evacuation Pause) 427M->80M(594M) 2,277ms
[977,000s][info][gc] GC(2842) Pause Young (G1 Evacuation Pause) 428M->80M(594M) 2,646ms
[977,404s][info][gc] GC(2843) Pause Young (G1 Evacuation Pause) 428M->80M(594M) 1,920ms
[977,780s][info][gc] GC(2844) Pause Young (G1 Evacuation Pause) 428M->81M(594M) 1,908ms
[978,156s][info][gc] GC(2845) Pause Young (G1 Evacuation Pause) 428M->79M(594M) 2,382ms
[978,544s][info][gc] GC(2846) Pause Young (G1 Evacuation Pause) 428M->81M(594M) 3,545ms
[978,934s][info][gc] GC(2847) Pause Young (G1 Evacuation Pause) 428M->80M(594M) 1,719ms
[979,331s][info][gc] GC(2848) Pause Young (G1 Evacuation Pause) 428M->80M(594M) 2,343ms
[979,707s][info][gc] GC(2849) Pause Young (G1 Evacuation Pause) 428M->80M(594M) 2,266ms
[980,085s][info][gc] GC(2850) Pause Young (G1 Evacuation Pause) 428M->80M(594M) 2,192ms
[980,470s][info][gc] GC(2851) Pause Young (G1 Evacuation Pause) 428M->81M(594M) 2,223ms
[980,884s][info][gc] GC(2852) Pause Young (G1 Evacuation Pause) 428M->80M(594M) 2,105ms
[981,261s][info][gc] GC(2853) Pause Young (G1 Evacuation Pause) 428M->80M(594M) 2,025ms
[981,663s][info][gc] GC(2854) Pause Young (G1 Evacuation Pause) 428M->80M(594M) 1,962ms
[982,047s][info][gc] GC(2855) Pause Young (G1 Evacuation Pause) 428M->80M(594M) 1,731ms
[982,442s][info][gc] GC(2856) Pause Young (G1 Evacuation Pause) 428M->80M(594M) 1,736ms
[982,830s][info][gc] GC(2857) Pause Young (G1 Evacuation Pause) 428M->81M(594M) 3,190ms
[983,240s][info][gc] GC(2858) Pause Young (G1 Evacuation Pause) 428M->79M(594M) 1,999ms
[983,617s][info][gc] GC(2859) Pause Young (G1 Evacuation Pause) 428M->81M(594M) 2,137ms
[984,024s][info][gc] GC(2860) Pause Young (G1 Evacuation Pause) 428M->80M(594M) 2,655ms
[984,443s][info][gc] GC(2861) Pause Young (G1 Evacuation Pause) 428M->80M(594M) 2,511ms
[984,831s][info][gc] GC(2862) Pause Young (G1 Evacuation Pause) 428M->80M(594M) 2,950ms
[985,228s][info][gc] GC(2863) Pause Young (G1 Evacuation Pause) 428M->80M(594M) 1,914ms
[985,636s][info][gc] GC(2864) Pause Young (G1 Evacuation Pause) 428M->80M(594M) 2,532ms
[986,038s][info][gc] GC(2865) Pause Young (G1 Evacuation Pause) 428M->80M(594M) 2,644ms
[986,449s][info][gc] GC(2866) Pause Young (G1 Evacuation Pause) 428M->81M(594M) 2,756ms
[986,866s][info][gc] GC(2867) Pause Young (G1 Evacuation Pause) 428M->80M(594M) 3,325ms
[987,295s][info][gc] GC(2868) Pause Young (G1 Evacuation Pause) 428M->80M(594M) 6,201ms
[987,716s][info][gc] GC(2869) Pause Young (G1 Evacuation Pause) 428M->80M(594M) 2,649ms
[988,135s][info][gc] GC(2870) Pause Young (G1 Evacuation Pause) 428M->81M(594M) 2,636ms
[988,551s][info][gc] GC(2871) Pause Young (G1 Evacuation Pause) 429M->81M(594M) 2,599ms
[988,949s][info][gc] GC(2872) Pause Young (G1 Evacuation Pause) 428M->80M(594M) 2,531ms
[989,338s][info][gc] GC(2873) Pause Young (G1 Evacuation Pause) 428M->80M(594M) 2,478ms
[989,714s][info][gc] GC(2874) Pause Young (G1 Evacuation Pause) 428M->80M(594M) 1,881ms
[990,113s][info][gc] GC(2875) Pause Young (G1 Evacuation Pause) 428M->80M(594M) 1,562ms
[990,496s][info][gc] GC(2876) Pause Young (G1 Evacuation Pause) 428M->80M(594M) 1,735ms
[990,892s][info][gc] GC(2877) Pause Young (G1 Evacuation Pause) 428M->81M(594M) 3,325ms
[991,312s][info][gc] GC(2878) Pause Young (G1 Evacuation Pause) 429M->81M(594M) 6,146ms
[991,734s][info][gc] GC(2879) Pause Young (G1 Evacuation Pause) 428M->80M(594M) 1,575ms
[992,116s][info][gc] GC(2880) Pause Young (G1 Evacuation Pause) 428M->81M(594M) 1,710ms
[992,511s][info][gc] GC(2881) Pause Young (G1 Evacuation Pause) 429M->81M(594M) 2,525ms
[992,895s][info][gc] GC(2882) Pause Young (G1 Evacuation Pause) 429M->81M(594M) 1,856ms
[993,279s][info][gc] GC(2883) Pause Young (G1 Evacuation Pause) 428M->80M(594M) 1,955ms
[993,693s][info][gc] GC(2884) Pause Young (G1 Evacuation Pause) 429M->81M(594M) 2,720ms
[994,078s][info][gc] GC(2885) Pause Young (G1 Evacuation Pause) 428M->80M(594M) 1,565ms
[994,455s][info][gc] GC(2886) Pause Young (G1 Evacuation Pause) 428M->80M(594M) 1,776ms
[994,846s][info][gc] GC(2887) Pause Young (G1 Evacuation Pause) 428M->81M(594M) 2,306ms
[995,222s][info][gc] GC(2888) Pause Young (G1 Evacuation Pause) 429M->81M(594M) 2,285ms
[995,638s][info][gc] GC(2889) Pause Young (G1 Evacuation Pause) 429M->81M(594M) 2,602ms
[996,018s][info][gc] GC(2890) Pause Young (G1 Evacuation Pause) 428M->80M(594M) 1,611ms
[996,394s][info][gc] GC(2891) Pause Young (G1 Evacuation Pause) 428M->80M(594M) 1,863ms
[996,794s][info][gc] GC(2892) Pause Young (G1 Evacuation Pause) 428M->81M(594M) 2,587ms
[997,211s][info][gc] GC(2893) Pause Young (G1 Evacuation Pause) 429M->81M(594M) 2,441ms
[997,606s][info][gc] GC(2894) Pause Young (G1 Evacuation Pause) 429M->81M(594M) 3,757ms
[998,012s][info][gc] GC(2895) Pause Young (G1 Evacuation Pause) 429M->81M(594M) 1,766ms
[998,388s][info][gc] GC(2896) Pause Young (G1 Evacuation Pause) 428M->80M(594M) 1,718ms
[998,775s][info][gc] GC(2897) Pause Young (G1 Evacuation Pause) 429M->81M(594M) 3,029ms
[999,151s][info][gc] GC(2898) Pause Young (G1 Evacuation Pause) 429M->82M(594M) 2,312ms
[999,527s][info][gc] GC(2899) Pause Young (G1 Evacuation Pause) 429M->81M(594M) 1,677ms
[999,904s][info][gc] GC(2900) Pause Young (G1 Evacuation Pause) 429M->81M(594M) 1,865ms
[1000,279s][info][gc] GC(2901) Pause Young (G1 Evacuation Pause) 428M->80M(594M) 1,686ms
[1000,655s][info][gc] GC(2902) Pause Young (G1 Evacuation Pause) 428M->81M(594M) 1,701ms
[1001,031s][info][gc] GC(2903) Pause Young (G1 Evacuation Pause) 429M->80M(594M) 1,710ms
[1001,411s][info][gc] GC(2904) Pause Young (G1 Evacuation Pause) 428M->81M(594M) 1,686ms
[1001,789s][info][gc] GC(2905) Pause Young (G1 Evacuation Pause) 429M->81M(594M) 1,729ms
[1002,178s][info][gc] GC(2906) Pause Young (G1 Evacuation Pause) 428M->80M(594M) 2,261ms
[1002,562s][info][gc] GC(2907) Pause Young (G1 Evacuation Pause) 429M->81M(594M) 1,783ms
[1002,951s][info][gc] GC(2908) Pause Young (G1 Evacuation Pause) 428M->80M(594M) 1,840ms
[1003,342s][info][gc] GC(2909) Pause Young (G1 Evacuation Pause) 428M->80M(594M) 2,491ms
[1003,733s][info][gc] GC(2910) Pause Young (G1 Evacuation Pause) 428M->81M(594M) 1,791ms
[1004,116s][info][gc] GC(2911) Pause Young (G1 Evacuation Pause) 429M->81M(594M) 2,449ms
[1004,511s][info][gc] GC(2912) Pause Young (G1 Evacuation Pause) 429M->81M(594M) 2,223ms
[1004,893s][info][gc] GC(2913) Pause Young (G1 Evacuation Pause) 429M->81M(594M) 2,723ms
[1005,278s][info][gc] GC(2914) Pause Young (G1 Evacuation Pause) 429M->81M(594M) 2,875ms
[1005,663s][info][gc] GC(2915) Pause Young (G1 Evacuation Pause) 429M->82M(594M) 1,818ms
[1006,039s][info][gc] GC(2916) Pause Young (G1 Evacuation Pause) 429M->81M(594M) 2,369ms
[1006,415s][info][gc] GC(2917) Pause Young (G1 Evacuation Pause) 429M->81M(594M) 1,757ms
[1006,798s][info][gc] GC(2918) Pause Young (G1 Evacuation Pause) 429M->81M(594M) 1,736ms
[1007,185s][info][gc] GC(2919) Pause Young (G1 Evacuation Pause) 429M->82M(594M) 2,156ms
[1007,565s][info][gc] GC(2920) Pause Young (G1 Evacuation Pause) 429M->81M(594M) 1,660ms
[1007,941s][info][gc] GC(2921) Pause Young (G1 Evacuation Pause) 429M->81M(594M) 1,596ms
[1008,324s][info][gc] GC(2922) Pause Young (G1 Evacuation Pause) 429M->81M(594M) 1,705ms
[1008,712s][info][gc] GC(2923) Pause Young (G1 Evacuation Pause) 429M->82M(594M) 2,348ms
[1009,147s][info][gc] GC(2924) Pause Young (G1 Evacuation Pause) 429M->80M(594M) 3,434ms
[1009,544s][info][gc] GC(2925) Pause Young (G1 Evacuation Pause) 429M->82M(594M) 1,882ms
[1009,944s][info][gc] GC(2926) Pause Young (G1 Evacuation Pause) 429M->81M(594M) 3,219ms
[1010,334s][info][gc] GC(2927) Pause Young (G1 Evacuation Pause) 429M->81M(594M) 2,978ms
[1010,711s][info][gc] GC(2928) Pause Young (G1 Evacuation Pause) 429M->81M(594M) 1,628ms
[1011,127s][info][gc] GC(2929) Pause Young (G1 Evacuation Pause) 429M->81M(594M) 2,517ms
[1011,516s][info][gc] GC(2930) Pause Young (G1 Evacuation Pause) 429M->82M(594M) 1,815ms
[1011,919s][info][gc] GC(2931) Pause Young (G1 Evacuation Pause) 429M->80M(594M) 2,132ms
[1012,309s][info][gc] GC(2932) Pause Young (G1 Evacuation Pause) 429M->82M(594M) 3,442ms
[1012,695s][info][gc] GC(2933) Pause Young (G1 Evacuation Pause) 429M->81M(594M) 1,868ms
[1013,105s][info][gc] GC(2934) Pause Young (G1 Evacuation Pause) 429M->82M(594M) 2,506ms
[1013,503s][info][gc] GC(2935) Pause Young (G1 Evacuation Pause) 429M->80M(594M) 2,273ms
[1013,912s][info][gc] GC(2936) Pause Young (G1 Evacuation Pause) 429M->81M(594M) 2,519ms
[1014,299s][info][gc] GC(2937) Pause Young (G1 Evacuation Pause) 429M->81M(594M) 2,819ms
[1014,675s][info][gc] GC(2938) Pause Young (G1 Evacuation Pause) 429M->82M(594M) 1,837ms
[1015,050s][info][gc] GC(2939) Pause Young (G1 Evacuation Pause) 429M->81M(594M) 1,626ms
[1015,466s][info][gc] GC(2940) Pause Young (G1 Evacuation Pause) 429M->81M(594M) 2,206ms
[1015,850s][info][gc] GC(2941) Pause Young (G1 Evacuation Pause) 429M->82M(594M) 2,216ms
[1016,236s][info][gc] GC(2942) Pause Young (G1 Evacuation Pause) 429M->81M(594M) 1,695ms
[1016,612s][info][gc] GC(2943) Pause Young (G1 Evacuation Pause) 429M->81M(594M) 2,014ms
[1017,000s][info][gc] GC(2944) Pause Young (G1 Evacuation Pause) 429M->81M(594M) 2,591ms
[1017,389s][info][gc] GC(2945) Pause Young (G1 Evacuation Pause) 429M->81M(594M) 2,302ms
[1017,775s][info][gc] GC(2946) Pause Young (G1 Evacuation Pause) 429M->81M(594M) 1,836ms
[1018,150s][info][gc] GC(2947) Pause Young (G1 Evacuation Pause) 429M->81M(594M) 1,644ms
[1018,527s][info][gc] GC(2948) Pause Young (G1 Evacuation Pause) 429M->82M(594M) 1,757ms
[1018,920s][info][gc] GC(2949) Pause Young (G1 Evacuation Pause) 429M->81M(594M) 2,469ms
[1019,303s][info][gc] GC(2950) Pause Young (G1 Evacuation Pause) 429M->81M(594M) 2,188ms
[1019,691s][info][gc] GC(2951) Pause Young (G1 Evacuation Pause) 429M->82M(594M) 2,135ms
[1020,107s][info][gc] GC(2952) Pause Young (G1 Evacuation Pause) 430M->81M(594M) 2,468ms
[1020,518s][info][gc] GC(2953) Pause Young (G1 Evacuation Pause) 429M->82M(594M) 1,951ms
[1020,893s][info][gc] GC(2954) Pause Young (G1 Evacuation Pause) 429M->81M(594M) 1,570ms
[1021,318s][info][gc] GC(2955) Pause Young (G1 Evacuation Pause) 429M->81M(594M) 3,313ms
[1021,720s][info][gc] GC(2956) Pause Young (G1 Evacuation Pause) 429M->81M(594M) 2,197ms
[1022,097s][info][gc] GC(2957) Pause Young (G1 Evacuation Pause) 429M->80M(594M) 1,738ms
[1022,483s][info][gc] GC(2958) Pause Young (G1 Evacuation Pause) 429M->82M(594M) 1,803ms
[1022,873s][info][gc] GC(2959) Pause Young (G1 Evacuation Pause) 429M->81M(594M) 2,619ms
[1023,288s][info][gc] GC(2960) Pause Young (G1 Evacuation Pause) 429M->81M(594M) 3,729ms
[1023,666s][info][gc] GC(2961) Pause Young (G1 Evacuation Pause) 429M->81M(594M) 1,533ms
[1024,085s][info][gc] GC(2962) Pause Young (G1 Evacuation Pause) 429M->81M(594M) 2,827ms
[1024,510s][info][gc] GC(2963) Pause Young (G1 Evacuation Pause) 429M->82M(594M) 3,592ms
[1024,906s][info][gc] GC(2964) Pause Young (G1 Evacuation Pause) 430M->82M(594M) 2,619ms
[1025,308s][info][gc] GC(2965) Pause Young (G1 Evacuation Pause) 430M->82M(594M) 2,289ms
[1025,685s][info][gc] GC(2966) Pause Young (G1 Evacuation Pause) 430M->82M(594M) 2,095ms
[1026,095s][info][gc] GC(2967) Pause Young (G1 Evacuation Pause) 429M->81M(594M) 2,426ms
[1026,502s][info][gc] GC(2968) Pause Young (G1 Evacuation Pause) 429M->81M(594M) 2,459ms
[1026,911s][info][gc] GC(2969) Pause Young (G1 Evacuation Pause) 429M->81M(594M) 3,582ms
[1027,290s][info][gc] GC(2970) Pause Young (G1 Evacuation Pause) 429M->81M(594M) 3,632ms
[1027,673s][info][gc] GC(2971) Pause Young (G1 Evacuation Pause) 429M->82M(594M) 1,691ms
[1028,072s][info][gc] GC(2972) Pause Young (G1 Evacuation Pause) 430M->82M(594M) 4,718ms
[1028,457s][info][gc] GC(2973) Pause Young (G1 Evacuation Pause) 430M->82M(594M) 1,613ms
[1028,846s][info][gc] GC(2974) Pause Young (G1 Evacuation Pause) 430M->82M(594M) 2,638ms
[1029,223s][info][gc] GC(2975) Pause Young (G1 Evacuation Pause) 430M->82M(594M) 2,663ms
[1029,599s][info][gc] GC(2976) Pause Young (G1 Evacuation Pause) 430M->83M(594M) 1,805ms
[1029,990s][info][gc] GC(2977) Pause Young (G1 Evacuation Pause) 430M->82M(594M) 1,603ms
[1030,385s][info][gc] GC(2978) Pause Young (G1 Evacuation Pause) 430M->82M(594M) 2,618ms
[1030,761s][info][gc] GC(2979) Pause Young (G1 Evacuation Pause) 430M->82M(594M) 1,647ms
[1031,138s][info][gc] GC(2980) Pause Young (G1 Evacuation Pause) 430M->82M(594M) 1,798ms
[1031,513s][info][gc] GC(2981) Pause Young (G1 Evacuation Pause) 429M->81M(594M) 1,650ms
[1031,924s][info][gc] GC(2982) Pause Young (G1 Evacuation Pause) 429M->82M(594M) 2,572ms
[1032,332s][info][gc] GC(2983) Pause Young (G1 Evacuation Pause) 430M->81M(594M) 2,593ms
[1032,709s][info][gc] GC(2984) Pause Young (G1 Evacuation Pause) 429M->82M(594M) 2,040ms
[1033,122s][info][gc] GC(2985) Pause Young (G1 Evacuation Pause) 430M->82M(594M) 2,729ms
[1033,511s][info][gc] GC(2986) Pause Young (G1 Evacuation Pause) 430M->82M(594M) 2,165ms
[1033,905s][info][gc] GC(2987) Pause Young (G1 Evacuation Pause) 430M->82M(594M) 2,849ms
[1034,283s][info][gc] GC(2988) Pause Young (G1 Evacuation Pause) 429M->81M(594M) 1,737ms
[1034,675s][info][gc] GC(2989) Pause Young (G1 Evacuation Pause) 429M->82M(594M) 1,672ms
[1035,085s][info][gc] GC(2990) Pause Young (G1 Evacuation Pause) 430M->82M(594M) 2,814ms
[1035,480s][info][gc] GC(2991) Pause Young (G1 Evacuation Pause) 430M->82M(594M) 3,698ms
[1035,885s][info][gc] GC(2992) Pause Young (G1 Evacuation Pause) 430M->82M(594M) 4,957ms
[1036,268s][info][gc] GC(2993) Pause Young (G1 Evacuation Pause) 429M->81M(594M) 2,283ms
[1036,649s][info][gc] GC(2994) Pause Young (G1 Evacuation Pause) 429M->81M(594M) 1,689ms
[1037,033s][info][gc] GC(2995) Pause Young (G1 Evacuation Pause) 429M->82M(594M) 1,788ms
[1037,429s][info][gc] GC(2996) Pause Young (G1 Evacuation Pause) 430M->82M(594M) 2,625ms
[1037,821s][info][gc] GC(2997) Pause Young (G1 Evacuation Pause) 430M->83M(594M) 2,674ms
[1038,206s][info][gc] GC(2998) Pause Young (G1 Evacuation Pause) 430M->81M(594M) 1,678ms
[1038,621s][info][gc] GC(2999) Pause Young (G1 Evacuation Pause) 430M->83M(594M) 2,677ms
[1039,039s][info][gc] GC(3000) Pause Young (G1 Evacuation Pause) 430M->82M(594M) 2,634ms
[1039,433s][info][gc] GC(3001) Pause Young (G1 Evacuation Pause) 430M->82M(594M) 1,760ms
[1039,820s][info][gc] GC(3002) Pause Young (G1 Evacuation Pause) 430M->82M(594M) 4,797ms
[1040,196s][info][gc] GC(3003) Pause Young (G1 Evacuation Pause) 430M->82M(594M) 2,607ms
[1040,613s][info][gc] GC(3004) Pause Young (G1 Evacuation Pause) 430M->83M(594M) 2,750ms
[1041,028s][info][gc] GC(3005) Pause Young (G1 Evacuation Pause) 430M->82M(594M) 2,585ms
[1041,428s][info][gc] GC(3006) Pause Young (G1 Evacuation Pause) 430M->82M(594M) 1,585ms
[1041,846s][info][gc] GC(3007) Pause Young (G1 Evacuation Pause) 430M->82M(594M) 2,662ms
[1042,230s][info][gc] GC(3008) Pause Young (G1 Evacuation Pause) 430M->82M(594M) 1,782ms
[1042,606s][info][gc] GC(3009) Pause Young (G1 Evacuation Pause) 430M->82M(594M) 1,622ms
[1043,025s][info][gc] GC(3010) Pause Young (G1 Evacuation Pause) 430M->83M(594M) 2,624ms
[1043,441s][info][gc] GC(3011) Pause Young (G1 Evacuation Pause) 430M->82M(594M) 2,629ms
[1043,859s][info][gc] GC(3012) Pause Young (G1 Evacuation Pause) 430M->82M(594M) 2,588ms
[1044,278s][info][gc] GC(3013) Pause Young (G1 Evacuation Pause) 430M->82M(594M) 5,948ms
[1044,659s][info][gc] GC(3014) Pause Young (G1 Evacuation Pause) 430M->82M(594M) 1,869ms
[1045,048s][info][gc] GC(3015) Pause Young (G1 Evacuation Pause) 430M->82M(594M) 2,019ms
[1045,464s][info][gc] GC(3016) Pause Young (G1 Evacuation Pause) 430M->83M(594M) 1,889ms
[1045,862s][info][gc] GC(3017) Pause Young (G1 Evacuation Pause) 430M->82M(594M) 2,521ms
[1046,242s][info][gc] GC(3018) Pause Young (G1 Evacuation Pause) 430M->82M(594M) 2,594ms
[1046,620s][info][gc] GC(3019) Pause Young (G1 Evacuation Pause) 430M->82M(594M) 1,660ms
[1047,028s][info][gc] GC(3020) Pause Young (G1 Evacuation Pause) 430M->82M(594M) 2,803ms
[1047,439s][info][gc] GC(3021) Pause Young (G1 Evacuation Pause) 430M->82M(594M) 3,409ms
[1047,827s][info][gc] GC(3022) Pause Young (G1 Evacuation Pause) 430M->82M(594M) 2,613ms
[1048,205s][info][gc] GC(3023) Pause Young (G1 Evacuation Pause) 430M->83M(594M) 2,351ms
[1048,598s][info][gc] GC(3024) Pause Young (G1 Evacuation Pause) 430M->82M(594M) 1,766ms
[1048,974s][info][gc] GC(3025) Pause Young (G1 Evacuation Pause) 430M->83M(594M) 1,756ms
[1049,369s][info][gc] GC(3026) Pause Young (G1 Evacuation Pause) 430M->82M(594M) 2,580ms
[1049,760s][info][gc] GC(3027) Pause Young (G1 Evacuation Pause) 431M->83M(594M) 1,990ms
[1050,175s][info][gc] GC(3028) Pause Young (G1 Evacuation Pause) 431M->83M(594M) 1,773ms
[1050,559s][info][gc] GC(3029) Pause Young (G1 Evacuation Pause) 431M->83M(594M) 1,720ms
[1050,955s][info][gc] GC(3030) Pause Young (G1 Evacuation Pause) 430M->82M(594M) 1,973ms
[1051,358s][info][gc] GC(3031) Pause Young (G1 Evacuation Pause) 430M->82M(594M) 1,979ms
[1051,757s][info][gc] GC(3032) Pause Young (G1 Evacuation Pause) 430M->83M(594M) 1,847ms
[1052,177s][info][gc] GC(3033) Pause Young (G1 Evacuation Pause) 431M->83M(594M) 2,664ms
[1052,583s][info][gc] GC(3034) Pause Young (G1 Evacuation Pause) 431M->83M(594M) 1,696ms
[1052,960s][info][gc] GC(3035) Pause Young (G1 Evacuation Pause) 430M->82M(594M) 2,025ms
[1053,354s][info][gc] GC(3036) Pause Young (G1 Evacuation Pause) 431M->84M(594M) 2,576ms
[1053,756s][info][gc] GC(3037) Pause Young (G1 Evacuation Pause) 431M->82M(594M) 2,620ms
[1054,132s][info][gc] GC(3038) Pause Young (G1 Evacuation Pause) 430M->83M(594M) 1,671ms
[1054,519s][info][gc] GC(3039) Pause Young (G1 Evacuation Pause) 431M->83M(594M) 1,824ms
[1054,894s][info][gc] GC(3040) Pause Young (G1 Evacuation Pause) 430M->82M(594M) 1,681ms
[1055,270s][info][gc] GC(3041) Pause Young (G1 Evacuation Pause) 430M->82M(594M) 1,687ms
[1055,646s][info][gc] GC(3042) Pause Young (G1 Evacuation Pause) 430M->82M(594M) 1,738ms
[1056,060s][info][gc] GC(3043) Pause Young (G1 Evacuation Pause) 430M->83M(594M) 2,554ms
[1056,463s][info][gc] GC(3044) Pause Young (G1 Evacuation Pause) 431M->82M(594M) 2,773ms
[1056,869s][info][gc] GC(3045) Pause Young (G1 Evacuation Pause) 430M->83M(594M) 1,693ms
[1057,282s][info][gc] GC(3046) Pause Young (G1 Evacuation Pause) 431M->83M(594M) 3,723ms
[1057,686s][info][gc] GC(3047) Pause Young (G1 Evacuation Pause) 430M->82M(594M) 1,910ms
[1058,073s][info][gc] GC(3048) Pause Young (G1 Evacuation Pause) 430M->82M(594M) 1,843ms
[1058,449s][info][gc] GC(3049) Pause Young (G1 Evacuation Pause) 431M->84M(594M) 1,821ms
[1058,841s][info][gc] GC(3050) Pause Young (G1 Evacuation Pause) 431M->83M(594M) 2,559ms
[1059,219s][info][gc] GC(3051) Pause Young (G1 Evacuation Pause) 431M->83M(594M) 1,632ms
[1059,597s][info][gc] GC(3052) Pause Young (G1 Evacuation Pause) 431M->83M(594M) 1,698ms
[1060,018s][info][gc] GC(3053) Pause Young (G1 Evacuation Pause) 430M->82M(594M) 2,174ms
[1060,418s][info][gc] GC(3054) Pause Young (G1 Evacuation Pause) 430M->82M(594M) 2,743ms
[1060,832s][info][gc] GC(3055) Pause Young (G1 Evacuation Pause) 430M->83M(594M) 3,179ms
[1061,243s][info][gc] GC(3056) Pause Young (G1 Evacuation Pause) 431M->83M(594M) 2,691ms
[1061,632s][info][gc] GC(3057) Pause Young (G1 Evacuation Pause) 431M->83M(594M) 3,384ms
[1062,038s][info][gc] GC(3058) Pause Young (G1 Evacuation Pause) 430M->82M(594M) 1,929ms
[1062,416s][info][gc] GC(3059) Pause Young (G1 Evacuation Pause) 431M->83M(594M) 1,832ms
[1062,792s][info][gc] GC(3060) Pause Young (G1 Evacuation Pause) 430M->83M(594M) 1,760ms
[1063,207s][info][gc] GC(3061) Pause Young (G1 Evacuation Pause) 431M->83M(594M) 3,380ms
[1063,597s][info][gc] GC(3062) Pause Young (G1 Evacuation Pause) 431M->83M(594M) 4,560ms
[1064,012s][info][gc] GC(3063) Pause Young (G1 Evacuation Pause) 431M->83M(594M) 2,728ms
[1064,430s][info][gc] GC(3064) Pause Young (G1 Evacuation Pause) 430M->82M(594M) 2,623ms
[1064,836s][info][gc] GC(3065) Pause Young (G1 Evacuation Pause) 430M->83M(594M) 2,800ms
[1065,247s][info][gc] GC(3066) Pause Young (G1 Evacuation Pause) 431M->83M(594M) 2,823ms
[1065,641s][info][gc] GC(3067) Pause Young (G1 Evacuation Pause) 431M->83M(594M) 1,983ms
[1066,028s][info][gc] GC(3068) Pause Young (G1 Evacuation Pause) 431M->83M(594M) 2,567ms
[1066,403s][info][gc] GC(3069) Pause Young (G1 Evacuation Pause) 431M->83M(594M) 1,715ms
[1066,780s][info][gc] GC(3070) Pause Young (G1 Evacuation Pause) 431M->83M(594M) 1,878ms
[1067,156s][info][gc] GC(3071) Pause Young (G1 Evacuation Pause) 430M->83M(594M) 1,818ms
[1067,562s][info][gc] GC(3072) Pause Young (G1 Evacuation Pause) 431M->83M(594M) 1,866ms
[1067,962s][info][gc] GC(3073) Pause Young (G1 Evacuation Pause) 431M->83M(594M) 2,725ms
[1068,360s][info][gc] GC(3074) Pause Young (G1 Evacuation Pause) 431M->83M(594M) 2,859ms
[1068,760s][info][gc] GC(3075) Pause Young (G1 Evacuation Pause) 431M->84M(594M) 2,923ms
[1069,138s][info][gc] GC(3076) Pause Young (G1 Evacuation Pause) 431M->83M(594M) 1,716ms
[1069,514s][info][gc] GC(3077) Pause Young (G1 Evacuation Pause) 431M->83M(594M) 1,914ms
[1069,890s][info][gc] GC(3078) Pause Young (G1 Evacuation Pause) 431M->83M(594M) 1,906ms
[1070,287s][info][gc] GC(3079) Pause Young (G1 Evacuation Pause) 431M->83M(594M) 2,738ms
[1070,663s][info][gc] GC(3080) Pause Young (G1 Evacuation Pause) 431M->83M(594M) 1,779ms
[1071,052s][info][gc] GC(3081) Pause Young (G1 Evacuation Pause) 431M->83M(594M) 2,012ms
[1071,447s][info][gc] GC(3082) Pause Young (G1 Evacuation Pause) 431M->84M(594M) 2,685ms
[1071,849s][info][gc] GC(3083) Pause Young (G1 Evacuation Pause) 431M->83M(594M) 2,617ms
[1072,238s][info][gc] GC(3084) Pause Young (G1 Evacuation Pause) 431M->83M(594M) 1,967ms
[1072,659s][info][gc] GC(3085) Pause Young (G1 Evacuation Pause) 431M->83M(594M) 2,647ms
[1073,073s][info][gc] GC(3086) Pause Young (G1 Evacuation Pause) 431M->83M(594M) 2,739ms
[1073,490s][info][gc] GC(3087) Pause Young (G1 Evacuation Pause) 431M->83M(594M) 4,331ms
[1073,902s][info][gc] GC(3088) Pause Young (G1 Evacuation Pause) 431M->84M(594M) 2,278ms
[1074,286s][info][gc] GC(3089) Pause Young (G1 Evacuation Pause) 431M->83M(594M) 1,534ms
[1074,662s][info][gc] GC(3090) Pause Young (G1 Evacuation Pause) 431M->83M(594M) 1,773ms
[1075,051s][info][gc] GC(3091) Pause Young (G1 Evacuation Pause) 431M->83M(594M) 1,767ms
[1075,446s][info][gc] GC(3092) Pause Young (G1 Evacuation Pause) 431M->83M(594M) 2,360ms
[1075,835s][info][gc] GC(3093) Pause Young (G1 Evacuation Pause) 431M->84M(594M) 2,797ms
[1076,212s][info][gc] GC(3094) Pause Young (G1 Evacuation Pause) 431M->82M(594M) 2,235ms
[1076,589s][info][gc] GC(3095) Pause Young (G1 Evacuation Pause) 431M->84M(594M) 1,852ms
[1076,965s][info][gc] GC(3096) Pause Young (G1 Evacuation Pause) 431M->83M(594M) 1,725ms
[1077,351s][info][gc] GC(3097) Pause Young (G1 Evacuation Pause) 431M->83M(594M) 1,878ms
[1077,727s][info][gc] GC(3098) Pause Young (G1 Evacuation Pause) 431M->84M(594M) 1,922ms
[1078,125s][info][gc] GC(3099) Pause Young (G1 Evacuation Pause) 431M->82M(594M) 3,465ms
[1078,513s][info][gc] GC(3100) Pause Young (G1 Evacuation Pause) 431M->83M(594M) 2,429ms
[1078,906s][info][gc] GC(3101) Pause Young (G1 Evacuation Pause) 431M->84M(594M) 2,839ms
[1079,289s][info][gc] GC(3102) Pause Young (G1 Evacuation Pause) 431M->83M(594M) 1,963ms
[1079,665s][info][gc] GC(3103) Pause Young (G1 Evacuation Pause) 431M->83M(594M) 1,975ms
[1080,077s][info][gc] GC(3104) Pause Young (G1 Evacuation Pause) 431M->84M(594M) 2,791ms
[1080,491s][info][gc] GC(3105) Pause Young (G1 Evacuation Pause) 432M->84M(594M) 2,895ms
[1080,889s][info][gc] GC(3106) Pause Young (G1 Evacuation Pause) 431M->83M(594M) 1,744ms
[1081,265s][info][gc] GC(3107) Pause Young (G1 Evacuation Pause) 431M->83M(594M) 1,733ms
[1081,641s][info][gc] GC(3108) Pause Young (G1 Evacuation Pause) 431M->84M(594M) 1,729ms
[1082,037s][info][gc] GC(3109) Pause Young (G1 Evacuation Pause) 432M->83M(594M) 1,568ms
[1082,414s][info][gc] GC(3110) Pause Young (G1 Evacuation Pause) 431M->84M(594M) 1,804ms
[1082,800s][info][gc] GC(3111) Pause Young (G1 Evacuation Pause) 432M->84M(594M) 1,962ms
[1083,176s][info][gc] GC(3112) Pause Young (G1 Evacuation Pause) 432M->84M(594M) 1,867ms
[1083,552s][info][gc] GC(3113) Pause Young (G1 Evacuation Pause) 431M->83M(594M) 1,986ms
[1083,928s][info][gc] GC(3114) Pause Young (G1 Evacuation Pause) 431M->84M(594M) 1,785ms
[1084,324s][info][gc] GC(3115) Pause Young (G1 Evacuation Pause) 432M->83M(594M) 1,943ms
[1084,712s][info][gc] GC(3116) Pause Young (G1 Evacuation Pause) 431M->84M(594M) 1,640ms
[1085,089s][info][gc] GC(3117) Pause Young (G1 Evacuation Pause) 432M->84M(594M) 1,794ms
[1085,464s][info][gc] GC(3118) Pause Young (G1 Evacuation Pause) 431M->83M(594M) 1,625ms
[1085,854s][info][gc] GC(3119) Pause Young (G1 Evacuation Pause) 431M->83M(594M) 3,203ms
[1086,244s][info][gc] GC(3120) Pause Young (G1 Evacuation Pause) 431M->83M(594M) 1,931ms
[1086,620s][info][gc] GC(3121) Pause Young (G1 Evacuation Pause) 431M->83M(594M) 1,844ms
[1087,000s][info][gc] GC(3122) Pause Young (G1 Evacuation Pause) 431M->84M(594M) 1,667ms
[1087,383s][info][gc] GC(3123) Pause Young (G1 Evacuation Pause) 432M->84M(594M) 1,767ms
[1087,759s][info][gc] GC(3124) Pause Young (G1 Evacuation Pause) 431M->83M(594M) 1,804ms
[1088,135s][info][gc] GC(3125) Pause Young (G1 Evacuation Pause) 431M->83M(594M) 2,502ms
[1088,533s][info][gc] GC(3126) Pause Young (G1 Evacuation Pause) 431M->84M(594M) 2,279ms
[1088,910s][info][gc] GC(3127) Pause Young (G1 Evacuation Pause) 432M->84M(594M) 1,799ms
[1089,342s][info][gc] GC(3128) Pause Young (G1 Evacuation Pause) 432M->84M(594M) 2,363ms
[1089,754s][info][gc] GC(3129) Pause Young (G1 Evacuation Pause) 431M->83M(594M) 2,194ms
[1090,131s][info][gc] GC(3130) Pause Young (G1 Evacuation Pause) 431M->83M(594M) 2,496ms
[1090,508s][info][gc] GC(3131) Pause Young (G1 Evacuation Pause) 432M->85M(594M) 1,709ms
[1090,900s][info][gc] GC(3132) Pause Young (G1 Evacuation Pause) 432M->84M(594M) 2,649ms
[1091,320s][info][gc] GC(3133) Pause Young (G1 Evacuation Pause) 432M->84M(594M) 3,721ms
[1091,731s][info][gc] GC(3134) Pause Young (G1 Evacuation Pause) 432M->84M(594M) 2,644ms
[1092,107s][info][gc] GC(3135) Pause Young (G1 Evacuation Pause) 431M->83M(594M) 2,614ms
[1092,513s][info][gc] GC(3136) Pause Young (G1 Evacuation Pause) 432M->84M(594M) 2,796ms
[1092,911s][info][gc] GC(3137) Pause Young (G1 Evacuation Pause) 431M->84M(594M) 2,519ms
[1093,322s][info][gc] GC(3138) Pause Young (G1 Evacuation Pause) 432M->84M(594M) 2,651ms
[1093,740s][info][gc] GC(3139) Pause Young (G1 Evacuation Pause) 432M->84M(594M) 5,397ms
[1094,146s][info][gc] GC(3140) Pause Young (G1 Evacuation Pause) 432M->84M(594M) 1,770ms
[1094,530s][info][gc] GC(3141) Pause Young (G1 Evacuation Pause) 432M->84M(594M) 1,654ms
[1094,905s][info][gc] GC(3142) Pause Young (G1 Evacuation Pause) 431M->84M(594M) 1,739ms
[1095,286s][info][gc] GC(3143) Pause Young (G1 Evacuation Pause) 432M->84M(594M) 1,701ms
[1095,664s][info][gc] GC(3144) Pause Young (G1 Evacuation Pause) 432M->84M(594M) 2,719ms
[1096,040s][info][gc] GC(3145) Pause Young (G1 Evacuation Pause) 432M->84M(594M) 1,792ms
[1096,439s][info][gc] GC(3146) Pause Young (G1 Evacuation Pause) 432M->84M(594M) 2,627ms
[1096,856s][info][gc] GC(3147) Pause Young (G1 Evacuation Pause) 431M->83M(594M) 2,250ms
[1097,233s][info][gc] GC(3148) Pause Young (G1 Evacuation Pause) 431M->84M(594M) 2,189ms
[1097,641s][info][gc] GC(3149) Pause Young (G1 Evacuation Pause) 432M->84M(594M) 1,697ms
[1098,037s][info][gc] GC(3150) Pause Young (G1 Evacuation Pause) 432M->84M(594M) 1,621ms
[1098,413s][info][gc] GC(3151) Pause Young (G1 Evacuation Pause) 432M->84M(594M) 1,641ms
[1098,790s][info][gc] GC(3152) Pause Young (G1 Evacuation Pause) 432M->84M(594M) 1,828ms
[1099,165s][info][gc] GC(3153) Pause Young (G1 Evacuation Pause) 431M->84M(594M) 1,660ms
[1099,578s][info][gc] GC(3154) Pause Young (G1 Evacuation Pause) 432M->84M(594M) 2,944ms
[1099,956s][info][gc] GC(3155) Pause Young (G1 Evacuation Pause) 432M->84M(594M) 2,373ms
[1100,333s][info][gc] GC(3156) Pause Young (G1 Evacuation Pause) 432M->84M(594M) 1,788ms
[1100,729s][info][gc] GC(3157) Pause Young (G1 Evacuation Pause) 432M->84M(594M) 4,199ms
[1101,143s][info][gc] GC(3158) Pause Young (G1 Evacuation Pause) 432M->85M(594M) 2,743ms
[1101,572s][info][gc] GC(3159) Pause Young (G1 Evacuation Pause) 432M->84M(594M) 3,582ms
[1101,979s][info][gc] GC(3160) Pause Young (G1 Evacuation Pause) 432M->84M(594M) 1,625ms
[1102,356s][info][gc] GC(3161) Pause Young (G1 Evacuation Pause) 432M->84M(594M) 1,750ms
[1102,732s][info][gc] GC(3162) Pause Young (G1 Evacuation Pause) 432M->84M(594M) 2,573ms
[1103,109s][info][gc] GC(3163) Pause Young (G1 Evacuation Pause) 432M->84M(594M) 1,798ms
[1103,485s][info][gc] GC(3164) Pause Young (G1 Evacuation Pause) 432M->85M(594M) 1,896ms
[1103,872s][info][gc] GC(3165) Pause Young (G1 Evacuation Pause) 432M->84M(594M) 2,134ms
[1104,249s][info][gc] GC(3166) Pause Young (G1 Evacuation Pause) 432M->84M(594M) 1,831ms
[1104,625s][info][gc] GC(3167) Pause Young (G1 Evacuation Pause) 432M->84M(594M) 1,998ms
[1105,001s][info][gc] GC(3168) Pause Young (G1 Evacuation Pause) 432M->85M(594M) 1,906ms
[1105,385s][info][gc] GC(3169) Pause Young (G1 Evacuation Pause) 432M->83M(594M) 1,792ms
[1105,771s][info][gc] GC(3170) Pause Young (G1 Evacuation Pause) 432M->84M(594M) 2,881ms
[1106,149s][info][gc] GC(3171) Pause Young (G1 Evacuation Pause) 432M->85M(594M) 2,412ms
[1106,536s][info][gc] GC(3172) Pause Young (G1 Evacuation Pause) 432M->84M(594M) 2,101ms
[1106,913s][info][gc] GC(3173) Pause Young (G1 Evacuation Pause) 432M->84M(594M) 1,754ms
[1107,289s][info][gc] GC(3174) Pause Young (G1 Evacuation Pause) 432M->84M(594M) 1,811ms
[1107,672s][info][gc] GC(3175) Pause Young (G1 Evacuation Pause) 432M->84M(594M) 1,744ms
[1108,082s][info][gc] GC(3176) Pause Young (G1 Evacuation Pause) 432M->85M(594M) 2,828ms
[1108,493s][info][gc] GC(3177) Pause Young (G1 Evacuation Pause) 432M->84M(594M) 2,723ms
[1108,885s][info][gc] GC(3178) Pause Young (G1 Evacuation Pause) 432M->84M(594M) 1,619ms
[1109,285s][info][gc] GC(3179) Pause Young (G1 Evacuation Pause) 432M->84M(594M) 6,309ms
[1109,701s][info][gc] GC(3180) Pause Young (G1 Evacuation Pause) 432M->84M(594M) 2,631ms
[1110,097s][info][gc] GC(3181) Pause Young (G1 Evacuation Pause) 432M->85M(594M) 1,712ms
[1110,481s][info][gc] GC(3182) Pause Young (G1 Evacuation Pause) 433M->85M(594M) 1,695ms
[1110,875s][info][gc] GC(3183) Pause Young (G1 Evacuation Pause) 432M->84M(594M) 1,563ms
[1111,252s][info][gc] GC(3184) Pause Young (G1 Evacuation Pause) 432M->84M(594M) 2,380ms
[1111,628s][info][gc] GC(3185) Pause Young (G1 Evacuation Pause) 432M->84M(594M) 1,884ms
[1112,034s][info][gc] GC(3186) Pause Young (G1 Evacuation Pause) 432M->85M(594M) 2,656ms
[1112,450s][info][gc] GC(3187) Pause Young (G1 Evacuation Pause) 432M->84M(594M) 2,592ms
[1112,864s][info][gc] GC(3188) Pause Young (G1 Evacuation Pause) 433M->85M(594M) 2,713ms
[1113,241s][info][gc] GC(3189) Pause Young (G1 Evacuation Pause) 433M->85M(594M) 1,777ms
[1113,646s][info][gc] GC(3190) Pause Young (G1 Evacuation Pause) 432M->84M(594M) 2,763ms
[1114,059s][info][gc] GC(3191) Pause Young (G1 Evacuation Pause) 432M->84M(594M) 1,712ms
[1114,449s][info][gc] GC(3192) Pause Young (G1 Evacuation Pause) 432M->84M(594M) 1,657ms
[1114,846s][info][gc] GC(3193) Pause Young (G1 Evacuation Pause) 432M->84M(594M) 1,965ms
[1115,222s][info][gc] GC(3194) Pause Young (G1 Evacuation Pause) 432M->85M(594M) 2,067ms
[1115,598s][info][gc] GC(3195) Pause Young (G1 Evacuation Pause) 432M->84M(594M) 2,148ms
[1116,008s][info][gc] GC(3196) Pause Young (G1 Evacuation Pause) 432M->84M(594M) 4,101ms
[1116,402s][info][gc] GC(3197) Pause Young (G1 Evacuation Pause) 432M->84M(594M) 2,716ms
[1116,786s][info][gc] GC(3198) Pause Young (G1 Evacuation Pause) 432M->84M(594M) 1,830ms
[1117,162s][info][gc] GC(3199) Pause Young (G1 Evacuation Pause) 432M->85M(594M) 1,696ms
[1117,538s][info][gc] GC(3200) Pause Young (G1 Evacuation Pause) 432M->84M(594M) 1,750ms
[1117,934s][info][gc] GC(3201) Pause Young (G1 Evacuation Pause) 432M->84M(594M) 1,637ms
[1118,311s][info][gc] GC(3202) Pause Young (G1 Evacuation Pause) 432M->84M(594M) 1,768ms
[1118,687s][info][gc] GC(3203) Pause Young (G1 Evacuation Pause) 432M->84M(594M) 1,746ms
[1119,098s][info][gc] GC(3204) Pause Young (G1 Evacuation Pause) 432M->84M(594M) 3,379ms
[1119,512s][info][gc] GC(3205) Pause Young (G1 Evacuation Pause) 432M->85M(594M) 2,689ms
[1119,928s][info][gc] GC(3206) Pause Young (G1 Evacuation Pause) 432M->84M(594M) 2,600ms
[1120,339s][info][gc] GC(3207) Pause Young (G1 Evacuation Pause) 432M->84M(594M) 2,679ms
[1120,746s][info][gc] GC(3208) Pause Young (G1 Evacuation Pause) 433M->86M(594M) 1,719ms
[1121,162s][info][gc] GC(3209) Pause Young (G1 Evacuation Pause) 433M->85M(594M) 2,582ms
[1121,557s][info][gc] GC(3210) Pause Young (G1 Evacuation Pause) 433M->85M(594M) 2,311ms
[1121,953s][info][gc] GC(3211) Pause Young (G1 Evacuation Pause) 432M->84M(594M) 1,740ms
[1122,338s][info][gc] GC(3212) Pause Young (G1 Evacuation Pause) 433M->85M(594M) 2,508ms
[1122,749s][info][gc] GC(3213) Pause Young (G1 Evacuation Pause) 433M->85M(594M) 2,721ms
[1123,166s][info][gc] GC(3214) Pause Young (G1 Evacuation Pause) 432M->84M(594M) 2,498ms
[1123,579s][info][gc] GC(3215) Pause Young (G1 Evacuation Pause) 433M->85M(594M) 2,854ms
[1123,961s][info][gc] GC(3216) Pause Young (G1 Evacuation Pause) 433M->85M(594M) 1,890ms
[1124,361s][info][gc] GC(3217) Pause Young (G1 Evacuation Pause) 432M->85M(594M) 2,644ms
[1124,749s][info][gc] GC(3218) Pause Young (G1 Evacuation Pause) 433M->85M(594M) 1,689ms
[1125,125s][info][gc] GC(3219) Pause Young (G1 Evacuation Pause) 433M->85M(594M) 1,667ms
[1125,503s][info][gc] GC(3220) Pause Young (G1 Evacuation Pause) 432M->84M(594M) 1,693ms
[1125,921s][info][gc] GC(3221) Pause Young (G1 Evacuation Pause) 432M->85M(594M) 2,601ms
[1126,300s][info][gc] GC(3222) Pause Young (G1 Evacuation Pause) 433M->84M(594M) 2,556ms
[1126,677s][info][gc] GC(3223) Pause Young (G1 Evacuation Pause) 433M->85M(594M) 1,802ms
[1127,052s][info][gc] GC(3224) Pause Young (G1 Evacuation Pause) 432M->84M(594M) 1,694ms
[1127,435s][info][gc] GC(3225) Pause Young (G1 Evacuation Pause) 432M->85M(594M) 1,741ms
[1127,818s][info][gc] GC(3226) Pause Young (G1 Evacuation Pause) 433M->84M(594M) 1,609ms
[1128,195s][info][gc] GC(3227) Pause Young (G1 Evacuation Pause) 432M->85M(594M) 1,990ms
[1128,599s][info][gc] GC(3228) Pause Young (G1 Evacuation Pause) 432M->84M(594M) 1,556ms
[1128,989s][info][gc] GC(3229) Pause Young (G1 Evacuation Pause) 432M->84M(594M) 1,562ms
[1129,398s][info][gc] GC(3230) Pause Young (G1 Evacuation Pause) 432M->84M(594M) 2,603ms
[1129,818s][info][gc] GC(3231) Pause Young (G1 Evacuation Pause) 432M->85M(594M) 3,481ms
[1130,211s][info][gc] GC(3232) Pause Young (G1 Evacuation Pause) 433M->85M(594M) 1,672ms
[1130,612s][info][gc] GC(3233) Pause Young (G1 Evacuation Pause) 433M->85M(594M) 2,589ms
[1131,026s][info][gc] GC(3234) Pause Young (G1 Evacuation Pause) 433M->86M(594M) 2,806ms
[1131,440s][info][gc] GC(3235) Pause Young (G1 Evacuation Pause) 433M->85M(594M) 2,546ms
[1131,817s][info][gc] GC(3236) Pause Young (G1 Evacuation Pause) 433M->84M(594M) 1,994ms
[1132,193s][info][gc] GC(3237) Pause Young (G1 Evacuation Pause) 433M->86M(594M) 1,822ms
[1132,569s][info][gc] GC(3238) Pause Young (G1 Evacuation Pause) 433M->85M(594M) 1,805ms
[1132,966s][info][gc] GC(3239) Pause Young (G1 Evacuation Pause) 433M->85M(594M) 2,159ms
[1133,365s][info][gc] GC(3240) Pause Young (G1 Evacuation Pause) 433M->85M(594M) 2,669ms
[1133,781s][info][gc] GC(3241) Pause Young (G1 Evacuation Pause) 433M->86M(594M) 5,523ms
[1134,176s][info][gc] GC(3242) Pause Young (G1 Evacuation Pause) 433M->85M(594M) 2,679ms
[1134,579s][info][gc] GC(3243) Pause Young (G1 Evacuation Pause) 433M->85M(594M) 4,246ms
[1134,968s][info][gc] GC(3244) Pause Young (G1 Evacuation Pause) 433M->85M(594M) 2,097ms
[1135,363s][info][gc] GC(3245) Pause Young (G1 Evacuation Pause) 433M->85M(594M) 2,685ms
[1135,768s][info][gc] GC(3246) Pause Young (G1 Evacuation Pause) 433M->85M(594M) 2,721ms
[1136,192s][info][gc] GC(3247) Pause Young (G1 Evacuation Pause) 433M->86M(594M) 2,819ms
[1136,590s][info][gc] GC(3248) Pause Young (G1 Evacuation Pause) 433M->85M(594M) 2,220ms
[1136,973s][info][gc] GC(3249) Pause Young (G1 Evacuation Pause) 433M->85M(594M) 1,727ms
[1137,348s][info][gc] GC(3250) Pause Young (G1 Evacuation Pause) 433M->85M(594M) 1,599ms
[1137,749s][info][gc] GC(3251) Pause Young (G1 Evacuation Pause) 433M->85M(594M) 2,099ms
[1138,147s][info][gc] GC(3252) Pause Young (G1 Evacuation Pause) 433M->85M(594M) 2,280ms
[1138,524s][info][gc] GC(3253) Pause Young (G1 Evacuation Pause) 433M->86M(594M) 1,788ms
[1138,899s][info][gc] GC(3254) Pause Young (G1 Evacuation Pause) 433M->85M(594M) 1,750ms
[1139,295s][info][gc] GC(3255) Pause Young (G1 Evacuation Pause) 433M->85M(594M) 6,161ms
[1139,697s][info][gc] GC(3256) Pause Young (G1 Evacuation Pause) 433M->85M(594M) 2,467ms
[1140,072s][info][gc] GC(3257) Pause Young (G1 Evacuation Pause) 433M->85M(594M) 1,709ms
[1140,478s][info][gc] GC(3258) Pause Young (G1 Evacuation Pause) 433M->86M(594M) 2,747ms
[1140,893s][info][gc] GC(3259) Pause Young (G1 Evacuation Pause) 433M->85M(594M) 2,749ms
[1141,304s][info][gc] GC(3260) Pause Young (G1 Evacuation Pause) 433M->85M(594M) 2,711ms
[1141,681s][info][gc] GC(3261) Pause Young (G1 Evacuation Pause) 433M->85M(594M) 1,802ms
[1142,089s][info][gc] GC(3262) Pause Young (G1 Evacuation Pause) 433M->85M(594M) 1,711ms
[1142,466s][info][gc] GC(3263) Pause Young (G1 Evacuation Pause) 433M->86M(594M) 2,373ms
[1142,879s][info][gc] GC(3264) Pause Young (G1 Evacuation Pause) 434M->86M(594M) 1,646ms
[1143,256s][info][gc] GC(3265) Pause Young (G1 Evacuation Pause) 434M->86M(594M) 1,976ms
[1143,672s][info][gc] GC(3266) Pause Young (G1 Evacuation Pause) 433M->85M(594M) 2,593ms
[1144,089s][info][gc] GC(3267) Pause Young (G1 Evacuation Pause) 433M->85M(594M) 2,701ms
[1144,508s][info][gc] GC(3268) Pause Young (G1 Evacuation Pause) 433M->85M(594M) 2,774ms
[1144,902s][info][gc] GC(3269) Pause Young (G1 Evacuation Pause) 433M->86M(594M) 2,293ms
[1145,280s][info][gc] GC(3270) Pause Young (G1 Evacuation Pause) 434M->86M(594M) 2,316ms
[1145,656s][info][gc] GC(3271) Pause Young (G1 Evacuation Pause) 433M->85M(594M) 2,143ms
[1146,039s][info][gc] GC(3272) Pause Young (G1 Evacuation Pause) 433M->85M(594M) 1,744ms
[1146,416s][info][gc] GC(3273) Pause Young (G1 Evacuation Pause) 434M->86M(594M) 1,735ms
[1146,826s][info][gc] GC(3274) Pause Young (G1 Evacuation Pause) 433M->85M(594M) 2,704ms
[1147,203s][info][gc] GC(3275) Pause Young (G1 Evacuation Pause) 433M->86M(594M) 2,209ms
[1147,592s][info][gc] GC(3276) Pause Young (G1 Evacuation Pause) 434M->86M(594M) 2,142ms
[1147,998s][info][gc] GC(3277) Pause Young (G1 Evacuation Pause) 433M->85M(594M) 1,980ms
[1148,376s][info][gc] GC(3278) Pause Young (G1 Evacuation Pause) 434M->86M(594M) 3,832ms
[1148,752s][info][gc] GC(3279) Pause Young (G1 Evacuation Pause) 433M->86M(594M) 2,318ms
[1149,173s][info][gc] GC(3280) Pause Young (G1 Evacuation Pause) 434M->86M(594M) 2,648ms
[1149,588s][info][gc] GC(3281) Pause Young (G1 Evacuation Pause) 434M->86M(594M) 2,802ms
[1149,996s][info][gc] GC(3282) Pause Young (G1 Evacuation Pause) 434M->86M(594M) 1,643ms
[1150,384s][info][gc] GC(3283) Pause Young (G1 Evacuation Pause) 433M->85M(594M) 2,024ms
[1150,788s][info][gc] GC(3284) Pause Young (G1 Evacuation Pause) 433M->85M(594M) 2,807ms
[1151,190s][info][gc] GC(3285) Pause Young (G1 Evacuation Pause) 433M->86M(594M) 1,730ms
[1151,602s][info][gc] GC(3286) Pause Young (G1 Evacuation Pause) 434M->86M(594M) 2,573ms
[1152,034s][info][gc] GC(3287) Pause Young (G1 Evacuation Pause) 434M->86M(594M) 3,733ms
[1152,461s][info][gc] GC(3288) Pause Young (G1 Evacuation Pause) 434M->86M(594M) 2,644ms
[1152,853s][info][gc] GC(3289) Pause Young (G1 Evacuation Pause) 433M->86M(594M) 2,767ms
[1153,231s][info][gc] GC(3290) Pause Young (G1 Evacuation Pause) 434M->86M(594M) 2,124ms
[1153,608s][info][gc] GC(3291) Pause Young (G1 Evacuation Pause) 434M->86M(594M) 2,173ms
[1153,986s][info][gc] GC(3292) Pause Young (G1 Evacuation Pause) 434M->86M(594M) 1,749ms
[1154,374s][info][gc] GC(3293) Pause Young (G1 Evacuation Pause) 434M->86M(594M) 2,843ms
[1154,766s][info][gc] GC(3294) Pause Young (G1 Evacuation Pause) 434M->86M(594M) 2,257ms
[1155,143s][info][gc] GC(3295) Pause Young (G1 Evacuation Pause) 433M->85M(594M) 2,007ms
[1155,520s][info][gc] GC(3296) Pause Young (G1 Evacuation Pause) 434M->86M(594M) 2,077ms
[1155,919s][info][gc] GC(3297) Pause Young (G1 Evacuation Pause) 433M->86M(594M) 2,516ms
[1156,339s][info][gc] GC(3298) Pause Young (G1 Evacuation Pause) 434M->86M(594M) 2,748ms
[1156,715s][info][gc] GC(3299) Pause Young (G1 Evacuation Pause) 433M->85M(594M) 1,753ms
[1157,091s][info][gc] GC(3300) Pause Young (G1 Evacuation Pause) 433M->85M(594M) 1,631ms
[1157,502s][info][gc] GC(3301) Pause Young (G1 Evacuation Pause) 434M->86M(594M) 2,865ms
[1157,904s][info][gc] GC(3302) Pause Young (G1 Evacuation Pause) 433M->85M(594M) 2,202ms
[1158,290s][info][gc] GC(3303) Pause Young (G1 Evacuation Pause) 433M->85M(594M) 1,752ms
[1158,687s][info][gc] GC(3304) Pause Young (G1 Evacuation Pause) 433M->86M(594M) 2,587ms
[1159,064s][info][gc] GC(3305) Pause Young (G1 Evacuation Pause) 434M->86M(594M) 1,764ms
[1159,440s][info][gc] GC(3306) Pause Young (G1 Evacuation Pause) 434M->86M(594M) 1,858ms
[1159,850s][info][gc] GC(3307) Pause Young (G1 Evacuation Pause) 434M->87M(594M) 4,360ms
[1160,226s][info][gc] GC(3308) Pause Young (G1 Evacuation Pause) 434M->86M(594M) 1,840ms
[1160,658s][info][gc] GC(3309) Pause Young (G1 Evacuation Pause) 434M->86M(594M) 2,812ms
[1161,073s][info][gc] GC(3310) Pause Young (G1 Evacuation Pause) 434M->86M(594M) 2,641ms
[1161,484s][info][gc] GC(3311) Pause Young (G1 Evacuation Pause) 434M->87M(594M) 2,585ms
[1161,873s][info][gc] GC(3312) Pause Young (G1 Evacuation Pause) 434M->85M(594M) 1,736ms
[1162,250s][info][gc] GC(3313) Pause Young (G1 Evacuation Pause) 434M->87M(594M) 1,667ms
[1162,642s][info][gc] GC(3314) Pause Young (G1 Evacuation Pause) 434M->86M(594M) 3,061ms
[1163,065s][info][gc] GC(3315) Pause Young (G1 Evacuation Pause) 434M->86M(594M) 2,676ms
[1163,483s][info][gc] GC(3316) Pause Young (G1 Evacuation Pause) 434M->86M(594M) 2,614ms
[1163,876s][info][gc] GC(3317) Pause Young (G1 Evacuation Pause) 434M->87M(594M) 2,804ms
[1164,291s][info][gc] GC(3318) Pause Young (G1 Evacuation Pause) 434M->86M(594M) 3,403ms
[1164,679s][info][gc] GC(3319) Pause Young (G1 Evacuation Pause) 434M->86M(594M) 5,758ms
[1165,071s][info][gc] GC(3320) Pause Young (G1 Evacuation Pause) 434M->86M(594M) 2,204ms
[1165,448s][info][gc] GC(3321) Pause Young (G1 Evacuation Pause) 434M->86M(594M) 2,167ms
[1165,837s][info][gc] GC(3322) Pause Young (G1 Evacuation Pause) 434M->87M(594M) 2,653ms
[1166,213s][info][gc] GC(3323) Pause Young (G1 Evacuation Pause) 434M->85M(594M) 1,675ms
[1166,609s][info][gc] GC(3324) Pause Young (G1 Evacuation Pause) 434M->86M(594M) 3,606ms
[1167,029s][info][gc] GC(3325) Pause Young (G1 Evacuation Pause) 434M->87M(594M) 2,391ms
[1167,411s][info][gc] GC(3326) Pause Young (G1 Evacuation Pause) 434M->86M(594M) 5,910ms
[1167,832s][info][gc] GC(3327) Pause Young (G1 Evacuation Pause) 434M->86M(594M) 3,189ms
[1168,243s][info][gc] GC(3328) Pause Young (G1 Evacuation Pause) 434M->86M(594M) 2,699ms
[1168,659s][info][gc] GC(3329) Pause Young (G1 Evacuation Pause) 434M->87M(594M) 2,766ms
[1169,056s][info][gc] GC(3330) Pause Young (G1 Evacuation Pause) 434M->86M(594M) 2,253ms
[1169,446s][info][gc] GC(3331) Pause Young (G1 Evacuation Pause) 434M->86M(594M) 2,314ms
[1169,835s][info][gc] GC(3332) Pause Young (G1 Evacuation Pause) 434M->86M(594M) 2,674ms
[1170,244s][info][gc] GC(3333) Pause Young (G1 Evacuation Pause) 434M->86M(594M) 2,814ms
[1170,633s][info][gc] GC(3334) Pause Young (G1 Evacuation Pause) 434M->86M(594M) 1,715ms
[1171,032s][info][gc] GC(3335) Pause Young (G1 Evacuation Pause) 434M->86M(594M) 1,788ms
[1171,408s][info][gc] GC(3336) Pause Young (G1 Evacuation Pause) 434M->87M(594M) 1,996ms
[1171,784s][info][gc] GC(3337) Pause Young (G1 Evacuation Pause) 435M->87M(594M) 1,891ms
[1172,160s][info][gc] GC(3338) Pause Young (G1 Evacuation Pause) 434M->86M(594M) 1,939ms
[1172,570s][info][gc] GC(3339) Pause Young (G1 Evacuation Pause) 434M->86M(594M) 2,132ms
[1172,977s][info][gc] GC(3340) Pause Young (G1 Evacuation Pause) 434M->86M(594M) 2,782ms
[1173,388s][info][gc] GC(3341) Pause Young (G1 Evacuation Pause) 434M->87M(594M) 2,740ms
[1173,765s][info][gc] GC(3342) Pause Young (G1 Evacuation Pause) 435M->87M(594M) 1,863ms
[1174,140s][info][gc] GC(3343) Pause Young (G1 Evacuation Pause) 434M->86M(594M) 1,641ms
[1174,516s][info][gc] GC(3344) Pause Young (G1 Evacuation Pause) 434M->86M(594M) 1,668ms
[1174,892s][info][gc] GC(3345) Pause Young (G1 Evacuation Pause) 434M->86M(594M) 1,600ms
[1175,268s][info][gc] GC(3346) Pause Young (G1 Evacuation Pause) 434M->87M(594M) 1,600ms
[1175,645s][info][gc] GC(3347) Pause Young (G1 Evacuation Pause) 435M->87M(594M) 1,665ms
[1176,048s][info][gc] GC(3348) Pause Young (G1 Evacuation Pause) 434M->86M(594M) 2,678ms
[1176,459s][info][gc] GC(3349) Pause Young (G1 Evacuation Pause) 434M->86M(594M) 2,733ms
[1176,868s][info][gc] GC(3350) Pause Young (G1 Evacuation Pause) 434M->86M(594M) 2,378ms
[1177,244s][info][gc] GC(3351) Pause Young (G1 Evacuation Pause) 434M->86M(594M) 1,769ms
[1177,646s][info][gc] GC(3352) Pause Young (G1 Evacuation Pause) 434M->87M(594M) 2,276ms
[1178,051s][info][gc] GC(3353) Pause Young (G1 Evacuation Pause) 435M->87M(594M) 1,953ms
[1178,428s][info][gc] GC(3354) Pause Young (G1 Evacuation Pause) 434M->86M(594M) 1,852ms
[1178,814s][info][gc] GC(3355) Pause Young (G1 Evacuation Pause) 434M->86M(594M) 2,628ms
[1179,191s][info][gc] GC(3356) Pause Young (G1 Evacuation Pause) 434M->86M(594M) 1,948ms
[1179,611s][info][gc] GC(3357) Pause Young (G1 Evacuation Pause) 434M->86M(594M) 2,608ms
[1180,029s][info][gc] GC(3358) Pause Young (G1 Evacuation Pause) 434M->87M(594M) 2,851ms
[1180,443s][info][gc] GC(3359) Pause Young (G1 Evacuation Pause) 435M->87M(594M) 2,696ms
[1180,854s][info][gc] GC(3360) Pause Young (G1 Evacuation Pause) 434M->86M(594M) 2,662ms
[1181,267s][info][gc] GC(3361) Pause Young (G1 Evacuation Pause) 434M->87M(594M) 2,620ms
[1181,678s][info][gc] GC(3362) Pause Young (G1 Evacuation Pause) 435M->87M(594M) 2,816ms
[1182,081s][info][gc] GC(3363) Pause Young (G1 Evacuation Pause) 435M->87M(594M) 1,629ms
[1182,470s][info][gc] GC(3364) Pause Young (G1 Evacuation Pause) 435M->87M(594M) 1,742ms
[1182,861s][info][gc] GC(3365) Pause Young (G1 Evacuation Pause) 435M->87M(594M) 2,618ms
[1183,275s][info][gc] GC(3366) Pause Young (G1 Evacuation Pause) 435M->87M(594M) 3,611ms
[1183,652s][info][gc] GC(3367) Pause Young (G1 Evacuation Pause) 435M->87M(594M) 1,716ms
[1184,062s][info][gc] GC(3368) Pause Young (G1 Evacuation Pause) 434M->87M(594M) 2,548ms
[1184,453s][info][gc] GC(3369) Pause Young (G1 Evacuation Pause) 435M->87M(594M) 1,847ms
[1184,828s][info][gc] GC(3370) Pause Young (G1 Evacuation Pause) 434M->86M(594M) 1,571ms
[1185,204s][info][gc] GC(3371) Pause Young (G1 Evacuation Pause) 434M->86M(594M) 1,721ms
[1185,581s][info][gc] GC(3372) Pause Young (G1 Evacuation Pause) 435M->88M(594M) 2,014ms
[1185,957s][info][gc] GC(3373) Pause Young (G1 Evacuation Pause) 435M->86M(594M) 1,881ms
[1186,332s][info][gc] GC(3374) Pause Young (G1 Evacuation Pause) 434M->87M(594M) 1,630ms
[1186,709s][info][gc] GC(3375) Pause Young (G1 Evacuation Pause) 435M->87M(594M) 2,059ms
[1187,091s][info][gc] GC(3376) Pause Young (G1 Evacuation Pause) 435M->87M(594M) 2,218ms
[1187,499s][info][gc] GC(3377) Pause Young (G1 Evacuation Pause) 435M->87M(594M) 2,697ms
[1187,889s][info][gc] GC(3378) Pause Young (G1 Evacuation Pause) 434M->86M(594M) 1,614ms
[1188,266s][info][gc] GC(3379) Pause Young (G1 Evacuation Pause) 434M->86M(594M) 2,337ms
[1188,642s][info][gc] GC(3380) Pause Young (G1 Evacuation Pause) 434M->87M(594M) 1,743ms
[1189,018s][info][gc] GC(3381) Pause Young (G1 Evacuation Pause) 435M->87M(594M) 1,704ms
[1189,414s][info][gc] GC(3382) Pause Young (G1 Evacuation Pause) 435M->87M(594M) 2,683ms
[1189,825s][info][gc] GC(3383) Pause Young (G1 Evacuation Pause) 435M->87M(594M) 2,707ms
[1190,201s][info][gc] GC(3384) Pause Young (G1 Evacuation Pause) 434M->86M(594M) 1,626ms
[1190,610s][info][gc] GC(3385) Pause Young (G1 Evacuation Pause) 434M->87M(594M) 2,770ms
[1190,996s][info][gc] GC(3386) Pause Young (G1 Evacuation Pause) 435M->86M(594M) 1,742ms
[1191,396s][info][gc] GC(3387) Pause Young (G1 Evacuation Pause) 434M->87M(594M) 3,317ms
[1191,812s][info][gc] GC(3388) Pause Young (G1 Evacuation Pause) 435M->88M(594M) 3,118ms
[1192,189s][info][gc] GC(3389) Pause Young (G1 Evacuation Pause) 435M->87M(594M) 1,507ms
[1192,601s][info][gc] GC(3390) Pause Young (G1 Evacuation Pause) 435M->87M(594M) 2,525ms
[1193,016s][info][gc] GC(3391) Pause Young (G1 Evacuation Pause) 435M->87M(594M) 2,516ms
[1193,414s][info][gc] GC(3392) Pause Young (G1 Evacuation Pause) 435M->87M(594M) 2,586ms
[1193,830s][info][gc] GC(3393) Pause Young (G1 Evacuation Pause) 435M->87M(594M) 2,544ms
[1194,210s][info][gc] GC(3394) Pause Young (G1 Evacuation Pause) 435M->87M(594M) 1,785ms
[1194,617s][info][gc] GC(3395) Pause Young (G1 Evacuation Pause) 435M->87M(594M) 2,770ms
[1195,006s][info][gc] GC(3396) Pause Young (G1 Evacuation Pause) 435M->87M(594M) 2,082ms
[1195,397s][info][gc] GC(3397) Pause Young (G1 Evacuation Pause) 435M->87M(594M) 1,949ms
[1195,773s][info][gc] GC(3398) Pause Young (G1 Evacuation Pause) 435M->88M(594M) 1,796ms
[1196,149s][info][gc] GC(3399) Pause Young (G1 Evacuation Pause) 435M->87M(594M) 2,416ms
[1196,555s][info][gc] GC(3400) Pause Young (G1 Evacuation Pause) 435M->87M(594M) 2,243ms
[1196,965s][info][gc] GC(3401) Pause Young (G1 Evacuation Pause) 435M->87M(594M) 2,695ms
[1197,376s][info][gc] GC(3402) Pause Young (G1 Evacuation Pause) 435M->87M(594M) 2,642ms
[1197,792s][info][gc] GC(3403) Pause Young (G1 Evacuation Pause) 435M->88M(594M) 5,382ms
[1198,189s][info][gc] GC(3404) Pause Young (G1 Evacuation Pause) 435M->87M(594M) 2,501ms
[1198,571s][info][gc] GC(3405) Pause Young (G1 Evacuation Pause) 435M->86M(594M) 2,267ms
[1198,972s][info][gc] GC(3406) Pause Young (G1 Evacuation Pause) 435M->88M(594M) 4,305ms
[1199,386s][info][gc] GC(3407) Pause Young (G1 Evacuation Pause) 435M->87M(594M) 2,729ms
[1199,797s][info][gc] GC(3408) Pause Young (G1 Evacuation Pause) 435M->87M(594M) 2,368ms
[1200,179s][info][gc] GC(3409) Pause Young (G1 Evacuation Pause) 435M->87M(594M) 1,688ms
[1200,576s][info][gc] GC(3410) Pause Young (G1 Evacuation Pause) 435M->87M(594M) 2,167ms
[1200,974s][info][gc] GC(3411) Pause Young (G1 Evacuation Pause) 435M->88M(594M) 2,101ms
[1201,381s][info][gc] GC(3412) Pause Young (G1 Evacuation Pause) 435M->87M(594M) 2,608ms
[1201,778s][info][gc] GC(3413) Pause Young (G1 Evacuation Pause) 435M->88M(594M) 6,140ms
[1202,173s][info][gc] GC(3414) Pause Young (G1 Evacuation Pause) 436M->87M(594M) 2,313ms
[1202,550s][info][gc] GC(3415) Pause Young (G1 Evacuation Pause) 435M->88M(594M) 1,821ms
[1202,942s][info][gc] GC(3416) Pause Young (G1 Evacuation Pause) 436M->88M(594M) 2,135ms
[1203,330s][info][gc] GC(3417) Pause Young (G1 Evacuation Pause) 435M->87M(594M) 2,579ms
[1203,707s][info][gc] GC(3418) Pause Young (G1 Evacuation Pause) 435M->87M(594M) 2,123ms
[1204,084s][info][gc] GC(3419) Pause Young (G1 Evacuation Pause) 435M->87M(594M) 2,243ms
[1204,486s][info][gc] GC(3420) Pause Young (G1 Evacuation Pause) 435M->87M(594M) 2,701ms
[1204,876s][info][gc] GC(3421) Pause Young (G1 Evacuation Pause) 435M->88M(594M) 1,817ms
[1205,251s][info][gc] GC(3422) Pause Young (G1 Evacuation Pause) 435M->87M(594M) 1,542ms
[1205,628s][info][gc] GC(3423) Pause Young (G1 Evacuation Pause) 435M->87M(594M) 1,900ms
[1206,005s][info][gc] GC(3424) Pause Young (G1 Evacuation Pause) 435M->87M(594M) 1,811ms
[1206,381s][info][gc] GC(3425) Pause Young (G1 Evacuation Pause) 435M->88M(594M) 1,778ms
[1206,757s][info][gc] GC(3426) Pause Young (G1 Evacuation Pause) 436M->87M(594M) 1,873ms
[1207,157s][info][gc] GC(3427) Pause Young (G1 Evacuation Pause) 435M->88M(594M) 2,229ms
[1207,557s][info][gc] GC(3428) Pause Young (G1 Evacuation Pause) 436M->88M(594M) 2,303ms
[1207,938s][info][gc] GC(3429) Pause Young (G1 Evacuation Pause) 435M->87M(594M) 2,646ms
[1208,329s][info][gc] GC(3430) Pause Young (G1 Evacuation Pause) 436M->89M(594M) 2,920ms
[1208,713s][info][gc] GC(3431) Pause Young (G1 Evacuation Pause) 436M->88M(594M) 2,127ms
[1209,092s][info][gc] GC(3432) Pause Young (G1 Evacuation Pause) 436M->88M(594M) 1,860ms
[1209,477s][info][gc] GC(3433) Pause Young (G1 Evacuation Pause) 436M->88M(594M) 1,715ms
[1209,875s][info][gc] GC(3434) Pause Young (G1 Evacuation Pause) 435M->87M(594M) 2,699ms
[1210,252s][info][gc] GC(3435) Pause Young (G1 Evacuation Pause) 435M->87M(594M) 1,944ms
[1210,628s][info][gc] GC(3436) Pause Young (G1 Evacuation Pause) 435M->87M(594M) 1,743ms
[1211,037s][info][gc] GC(3437) Pause Young (G1 Evacuation Pause) 435M->87M(594M) 2,667ms
[1211,448s][info][gc] GC(3438) Pause Young (G1 Evacuation Pause) 435M->88M(594M) 3,210ms
[1211,826s][info][gc] GC(3439) Pause Young (G1 Evacuation Pause) 435M->87M(594M) 2,195ms
[1212,214s][info][gc] GC(3440) Pause Young (G1 Evacuation Pause) 435M->87M(594M) 1,779ms
[1212,608s][info][gc] GC(3441) Pause Young (G1 Evacuation Pause) 435M->88M(594M) 3,466ms
[1213,019s][info][gc] GC(3442) Pause Young (G1 Evacuation Pause) 436M->87M(594M) 2,697ms
[1213,425s][info][gc] GC(3443) Pause Young (G1 Evacuation Pause) 435M->88M(594M) 2,311ms
[1213,813s][info][gc] GC(3444) Pause Young (G1 Evacuation Pause) 436M->88M(594M) 2,737ms
[1214,201s][info][gc] GC(3445) Pause Young (G1 Evacuation Pause) 436M->88M(594M) 2,481ms
[1214,598s][info][gc] GC(3446) Pause Young (G1 Evacuation Pause) 435M->87M(594M) 2,213ms
[1214,994s][info][gc] GC(3447) Pause Young (G1 Evacuation Pause) 435M->87M(594M) 3,565ms
[1215,372s][info][gc] GC(3448) Pause Young (G1 Evacuation Pause) 435M->88M(594M) 2,301ms
[1215,759s][info][gc] GC(3449) Pause Young (G1 Evacuation Pause) 436M->88M(594M) 2,465ms
[1216,135s][info][gc] GC(3450) Pause Young (G1 Evacuation Pause) 436M->88M(594M) 1,775ms
[1216,523s][info][gc] GC(3451) Pause Young (G1 Evacuation Pause) 436M->88M(594M) 2,725ms
[1216,925s][info][gc] GC(3452) Pause Young (G1 Evacuation Pause) 435M->88M(594M) 1,587ms
[1217,325s][info][gc] GC(3453) Pause Young (G1 Evacuation Pause) 436M->88M(594M) 2,229ms
[1217,701s][info][gc] GC(3454) Pause Young (G1 Evacuation Pause) 436M->88M(594M) 1,731ms
[1218,104s][info][gc] GC(3455) Pause Young (G1 Evacuation Pause) 436M->88M(594M) 1,932ms
[1218,479s][info][gc] GC(3456) Pause Young (G1 Evacuation Pause) 435M->87M(594M) 1,514ms
[1218,854s][info][gc] GC(3457) Pause Young (G1 Evacuation Pause) 436M->88M(594M) 1,725ms
[1219,230s][info][gc] GC(3458) Pause Young (G1 Evacuation Pause) 435M->87M(594M) 1,679ms
[1219,647s][info][gc] GC(3459) Pause Young (G1 Evacuation Pause) 435M->88M(594M) 2,844ms
[1220,068s][info][gc] GC(3460) Pause Young (G1 Evacuation Pause) 436M->88M(594M) 2,715ms
[1220,466s][info][gc] GC(3461) Pause Young (G1 Evacuation Pause) 436M->88M(594M) 1,671ms
[1220,857s][info][gc] GC(3462) Pause Young (G1 Evacuation Pause) 436M->88M(594M) 2,861ms
[1221,268s][info][gc] GC(3463) Pause Young (G1 Evacuation Pause) 436M->89M(594M) 2,794ms
[1221,679s][info][gc] GC(3464) Pause Young (G1 Evacuation Pause) 436M->88M(594M) 2,663ms
[1222,094s][info][gc] GC(3465) Pause Young (G1 Evacuation Pause) 436M->88M(594M) 1,971ms
[1222,478s][info][gc] GC(3466) Pause Young (G1 Evacuation Pause) 436M->88M(594M) 4,049ms
[1222,877s][info][gc] GC(3467) Pause Young (G1 Evacuation Pause) 436M->88M(594M) 2,619ms
[1223,287s][info][gc] GC(3468) Pause Young (G1 Evacuation Pause) 436M->88M(594M) 2,944ms
[1223,698s][info][gc] GC(3469) Pause Young (G1 Evacuation Pause) 436M->89M(594M) 2,918ms
[1224,113s][info][gc] GC(3470) Pause Young (G1 Evacuation Pause) 436M->88M(594M) 2,478ms
[1224,534s][info][gc] GC(3471) Pause Young (G1 Evacuation Pause) 436M->88M(594M) 2,760ms
[1224,916s][info][gc] GC(3472) Pause Young (G1 Evacuation Pause) 436M->88M(594M) 1,656ms
[1225,292s][info][gc] GC(3473) Pause Young (G1 Evacuation Pause) 436M->88M(594M) 1,926ms
[1225,668s][info][gc] GC(3474) Pause Young (G1 Evacuation Pause) 436M->89M(594M) 1,830ms
[1226,043s][info][gc] GC(3475) Pause Young (G1 Evacuation Pause) 436M->88M(594M) 1,668ms
[1226,425s][info][gc] GC(3476) Pause Young (G1 Evacuation Pause) 436M->88M(594M) 1,682ms
[1226,801s][info][gc] GC(3477) Pause Young (G1 Evacuation Pause) 436M->88M(594M) 1,564ms
[1227,178s][info][gc] GC(3478) Pause Young (G1 Evacuation Pause) 436M->88M(594M) 1,722ms
[1227,558s][info][gc] GC(3479) Pause Young (G1 Evacuation Pause) 436M->88M(594M) 1,765ms
[1227,962s][info][gc] GC(3480) Pause Young (G1 Evacuation Pause) 436M->89M(594M) 2,751ms
[1228,379s][info][gc] GC(3481) Pause Young (G1 Evacuation Pause) 436M->88M(594M) 2,658ms
[1228,758s][info][gc] GC(3482) Pause Young (G1 Evacuation Pause) 436M->88M(594M) 2,141ms
[1229,158s][info][gc] GC(3483) Pause Young (G1 Evacuation Pause) 436M->88M(594M) 2,601ms
[1229,572s][info][gc] GC(3484) Pause Young (G1 Evacuation Pause) 436M->88M(594M) 3,062ms
[1229,975s][info][gc] GC(3485) Pause Young (G1 Evacuation Pause) 436M->88M(594M) 3,610ms
[1230,356s][info][gc] GC(3486) Pause Young (G1 Evacuation Pause) 436M->88M(594M) 2,305ms
[1230,735s][info][gc] GC(3487) Pause Young (G1 Evacuation Pause) 436M->88M(594M) 2,892ms
[1231,144s][info][gc] GC(3488) Pause Young (G1 Evacuation Pause) 436M->89M(594M) 2,722ms
[1231,526s][info][gc] GC(3489) Pause Young (G1 Evacuation Pause) 436M->88M(594M) 5,502ms
[1231,913s][info][gc] GC(3490) Pause Young (G1 Evacuation Pause) 436M->88M(594M) 1,840ms
[1232,327s][info][gc] GC(3491) Pause Young (G1 Evacuation Pause) 436M->88M(594M) 2,822ms
[1232,712s][info][gc] GC(3492) Pause Young (G1 Evacuation Pause) 436M->89M(594M) 1,740ms
[1233,100s][info][gc] GC(3493) Pause Young (G1 Evacuation Pause) 436M->88M(594M) 2,223ms
[1233,494s][info][gc] GC(3494) Pause Young (G1 Evacuation Pause) 436M->88M(594M) 2,161ms
[1233,882s][info][gc] GC(3495) Pause Young (G1 Evacuation Pause) 436M->88M(594M) 2,623ms
[1234,287s][info][gc] GC(3496) Pause Young (G1 Evacuation Pause) 436M->88M(594M) 2,511ms
[1234,673s][info][gc] GC(3497) Pause Young (G1 Evacuation Pause) 437M->90M(594M) 7,243ms
[1235,061s][info][gc] GC(3498) Pause Young (G1 Evacuation Pause) 437M->88M(594M) 2,194ms
[1235,460s][info][gc] GC(3499) Pause Young (G1 Evacuation Pause) 436M->88M(594M) 2,222ms
[1235,872s][info][gc] GC(3500) Pause Young (G1 Evacuation Pause) 436M->89M(594M) 2,208ms
[1236,259s][info][gc] GC(3501) Pause Young (G1 Evacuation Pause) 437M->89M(594M) 2,815ms
[1236,636s][info][gc] GC(3502) Pause Young (G1 Evacuation Pause) 436M->88M(594M) 1,830ms
[1237,012s][info][gc] GC(3503) Pause Young (G1 Evacuation Pause) 436M->88M(594M) 1,711ms
[1237,405s][info][gc] GC(3504) Pause Young (G1 Evacuation Pause) 436M->89M(594M) 1,809ms
[1237,801s][info][gc] GC(3505) Pause Young (G1 Evacuation Pause) 437M->88M(594M) 2,696ms
[1238,190s][info][gc] GC(3506) Pause Young (G1 Evacuation Pause) 436M->88M(594M) 1,852ms
[1238,588s][info][gc] GC(3507) Pause Young (G1 Evacuation Pause) 436M->89M(594M) 2,811ms
[1238,995s][info][gc] GC(3508) Pause Young (G1 Evacuation Pause) 437M->89M(594M) 1,774ms
[1239,387s][info][gc] GC(3509) Pause Young (G1 Evacuation Pause) 437M->89M(594M) 2,580ms
[1239,804s][info][gc] GC(3510) Pause Young (G1 Evacuation Pause) 437M->89M(594M) 3,713ms
[1240,215s][info][gc] GC(3511) Pause Young (G1 Evacuation Pause) 436M->89M(594M) 2,811ms
[1240,621s][info][gc] GC(3512) Pause Young (G1 Evacuation Pause) 437M->88M(594M) 1,812ms
[1241,019s][info][gc] GC(3513) Pause Young (G1 Evacuation Pause) 436M->89M(594M) 2,650ms
[1241,430s][info][gc] GC(3514) Pause Young (G1 Evacuation Pause) 437M->89M(594M) 2,620ms
[1241,823s][info][gc] GC(3515) Pause Young (G1 Evacuation Pause) 437M->89M(594M) 2,756ms
[1242,210s][info][gc] GC(3516) Pause Young (G1 Evacuation Pause) 436M->88M(594M) 1,632ms
[1242,613s][info][gc] GC(3517) Pause Young (G1 Evacuation Pause) 437M->89M(594M) 2,668ms
[1243,020s][info][gc] GC(3518) Pause Young (G1 Evacuation Pause) 437M->89M(594M) 2,741ms
[1243,414s][info][gc] GC(3519) Pause Young (G1 Evacuation Pause) 436M->88M(594M) 2,140ms
[1243,813s][info][gc] GC(3520) Pause Young (G1 Evacuation Pause) 436M->88M(594M) 2,690ms
[1244,209s][info][gc] GC(3521) Pause Young (G1 Evacuation Pause) 436M->89M(594M) 2,073ms
[1244,586s][info][gc] GC(3522) Pause Young (G1 Evacuation Pause) 437M->89M(594M) 1,744ms
[1245,001s][info][gc] GC(3523) Pause Young (G1 Evacuation Pause) 437M->89M(594M) 2,462ms
[1245,385s][info][gc] GC(3524) Pause Young (G1 Evacuation Pause) 436M->88M(594M) 1,630ms
[1245,767s][info][gc] GC(3525) Pause Young (G1 Evacuation Pause) 436M->89M(594M) 2,267ms
[1246,143s][info][gc] GC(3526) Pause Young (G1 Evacuation Pause) 437M->89M(594M) 1,941ms
[1246,519s][info][gc] GC(3527) Pause Young (G1 Evacuation Pause) 437M->89M(594M) 2,445ms
[1246,944s][info][gc] GC(3528) Pause Young (G1 Evacuation Pause) 437M->89M(594M) 2,861ms
[1247,321s][info][gc] GC(3529) Pause Young (G1 Evacuation Pause) 437M->89M(594M) 1,994ms
[1247,696s][info][gc] GC(3530) Pause Young (G1 Evacuation Pause) 437M->89M(594M) 1,685ms
[1248,115s][info][gc] GC(3531) Pause Young (G1 Evacuation Pause) 436M->89M(594M) 2,627ms
[1248,528s][info][gc] GC(3532) Pause Young (G1 Evacuation Pause) 437M->89M(594M) 4,418ms
[1248,935s][info][gc] GC(3533) Pause Young (G1 Evacuation Pause) 437M->89M(594M) 1,652ms
[1249,324s][info][gc] GC(3534) Pause Young (G1 Evacuation Pause) 437M->89M(594M) 2,710ms
[1249,702s][info][gc] GC(3535) Pause Young (G1 Evacuation Pause) 437M->89M(594M) 2,417ms
[1250,110s][info][gc] GC(3536) Pause Young (G1 Evacuation Pause) 436M->88M(594M) 1,608ms
[1250,493s][info][gc] GC(3537) Pause Young (G1 Evacuation Pause) 436M->89M(594M) 2,182ms
[1250,870s][info][gc] GC(3538) Pause Young (G1 Evacuation Pause) 437M->89M(594M) 2,221ms
[1251,247s][info][gc] GC(3539) Pause Young (G1 Evacuation Pause) 437M->89M(594M) 2,206ms
[1251,672s][info][gc] GC(3540) Pause Young (G1 Evacuation Pause) 437M->89M(594M) 2,570ms
[1252,085s][info][gc] GC(3541) Pause Young (G1 Evacuation Pause) 437M->90M(594M) 3,355ms
[1252,502s][info][gc] GC(3542) Pause Young (G1 Evacuation Pause) 437M->89M(594M) 2,649ms
[1252,899s][info][gc] GC(3543) Pause Young (G1 Evacuation Pause) 437M->89M(594M) 2,657ms
[1253,281s][info][gc] GC(3544) Pause Young (G1 Evacuation Pause) 437M->89M(594M) 5,440ms
[1253,680s][info][gc] GC(3545) Pause Young (G1 Evacuation Pause) 437M->89M(594M) 1,910ms
[1254,079s][info][gc] GC(3546) Pause Young (G1 Evacuation Pause) 437M->89M(594M) 1,988ms
[1254,460s][info][gc] GC(3547) Pause Young (G1 Evacuation Pause) 437M->89M(594M) 1,781ms
[1254,851s][info][gc] GC(3548) Pause Young (G1 Evacuation Pause) 437M->89M(594M) 2,638ms
[1255,252s][info][gc] GC(3549) Pause Young (G1 Evacuation Pause) 437M->90M(594M) 2,023ms
[1255,671s][info][gc] GC(3550) Pause Young (G1 Evacuation Pause) 437M->89M(594M) 2,483ms
[1256,102s][info][gc] GC(3551) Pause Young (G1 Evacuation Pause) 437M->89M(594M) 3,653ms
[1256,528s][info][gc] GC(3552) Pause Young (G1 Evacuation Pause) 437M->89M(594M) 2,306ms
[1256,930s][info][gc] GC(3553) Pause Young (G1 Evacuation Pause) 437M->90M(594M) 2,686ms
[1257,307s][info][gc] GC(3554) Pause Young (G1 Evacuation Pause) 437M->88M(594M) 1,986ms
[1257,684s][info][gc] GC(3555) Pause Young (G1 Evacuation Pause) 437M->90M(594M) 3,327ms
[1258,061s][info][gc] GC(3556) Pause Young (G1 Evacuation Pause) 437M->89M(594M) 1,761ms
[1258,445s][info][gc] GC(3557) Pause Young (G1 Evacuation Pause) 437M->89M(594M) 1,774ms
[1258,832s][info][gc] GC(3558) Pause Young (G1 Evacuation Pause) 437M->89M(594M) 2,698ms
[1259,210s][info][gc] GC(3559) Pause Young (G1 Evacuation Pause) 437M->89M(594M) 2,313ms
[1259,623s][info][gc] GC(3560) Pause Young (G1 Evacuation Pause) 437M->90M(594M) 2,631ms
[1260,035s][info][gc] GC(3561) Pause Young (G1 Evacuation Pause) 437M->89M(594M) 1,752ms
[1260,446s][info][gc] GC(3562) Pause Young (G1 Evacuation Pause) 437M->89M(594M) 5,572ms
[1260,850s][info][gc] GC(3563) Pause Young (G1 Evacuation Pause) 437M->89M(594M) 2,405ms
[1261,226s][info][gc] GC(3564) Pause Young (G1 Evacuation Pause) 437M->89M(594M) 1,780ms
[1261,642s][info][gc] GC(3565) Pause Young (G1 Evacuation Pause) 437M->90M(594M) 2,638ms
[1262,043s][info][gc] GC(3566) Pause Young (G1 Evacuation Pause) 437M->88M(594M) 1,671ms
[1262,420s][info][gc] GC(3567) Pause Young (G1 Evacuation Pause) 437M->89M(594M) 1,764ms
[1262,813s][info][gc] GC(3568) Pause Young (G1 Evacuation Pause) 437M->89M(594M) 2,320ms
[1263,191s][info][gc] GC(3569) Pause Young (G1 Evacuation Pause) 437M->90M(594M) 2,335ms
[1263,599s][info][gc] GC(3570) Pause Young (G1 Evacuation Pause) 437M->89M(594M) 2,584ms
[1264,001s][info][gc] GC(3571) Pause Young (G1 Evacuation Pause) 437M->89M(594M) 2,617ms
[1264,411s][info][gc] GC(3572) Pause Young (G1 Evacuation Pause) 437M->89M(594M) 2,449ms
[1264,787s][info][gc] GC(3573) Pause Young (G1 Evacuation Pause) 437M->90M(594M) 1,809ms
[1265,163s][info][gc] GC(3574) Pause Young (G1 Evacuation Pause) 438M->90M(594M) 1,825ms
[1265,538s][info][gc] GC(3575) Pause Young (G1 Evacuation Pause) 437M->89M(594M) 1,564ms
[1265,914s][info][gc] GC(3576) Pause Young (G1 Evacuation Pause) 437M->89M(594M) 1,658ms
[1266,297s][info][gc] GC(3577) Pause Young (G1 Evacuation Pause) 437M->89M(594M) 2,164ms
[1266,710s][info][gc] GC(3578) Pause Young (G1 Evacuation Pause) 437M->89M(594M) 3,451ms
[1267,090s][info][gc] GC(3579) Pause Young (G1 Evacuation Pause) 437M->90M(594M) 1,980ms
[1267,491s][info][gc] GC(3580) Pause Young (G1 Evacuation Pause) 438M->90M(594M) 3,070ms
[1267,901s][info][gc] GC(3581) Pause Young (G1 Evacuation Pause) 438M->90M(594M) 6,206ms
[1268,327s][info][gc] GC(3582) Pause Young (G1 Evacuation Pause) 437M->89M(594M) 5,044ms
[1268,737s][info][gc] GC(3583) Pause Young (G1 Evacuation Pause) 437M->89M(594M) 2,677ms
[1269,152s][info][gc] GC(3584) Pause Young (G1 Evacuation Pause) 437M->89M(594M) 4,324ms
[1269,562s][info][gc] GC(3585) Pause Young (G1 Evacuation Pause) 437M->90M(594M) 2,623ms
[1269,979s][info][gc] GC(3586) Pause Young (G1 Evacuation Pause) 438M->90M(594M) 2,208ms
[1270,354s][info][gc] GC(3587) Pause Young (G1 Evacuation Pause) 438M->90M(594M) 1,634ms
[1270,732s][info][gc] GC(3588) Pause Young (G1 Evacuation Pause) 438M->90M(594M) 2,743ms
[1271,157s][info][gc] GC(3589) Pause Young (G1 Evacuation Pause) 438M->90M(594M) 4,593ms
[1271,570s][info][gc] GC(3590) Pause Young (G1 Evacuation Pause) 437M->90M(594M) 2,632ms
[1271,986s][info][gc] GC(3591) Pause Young (G1 Evacuation Pause) 438M->90M(594M) 4,237ms
[1272,380s][info][gc] GC(3592) Pause Young (G1 Evacuation Pause) 438M->90M(594M) 2,737ms
[1272,766s][info][gc] GC(3593) Pause Young (G1 Evacuation Pause) 437M->89M(594M) 2,388ms
[1273,182s][info][gc] GC(3594) Pause Young (G1 Evacuation Pause) 438M->91M(594M) 2,802ms
[1273,597s][info][gc] GC(3595) Pause Young (G1 Evacuation Pause) 438M->90M(594M) 2,805ms
[1274,007s][info][gc] GC(3596) Pause Young (G1 Evacuation Pause) 438M->90M(594M) 1,904ms
[1274,383s][info][gc] GC(3597) Pause Young (G1 Evacuation Pause) 438M->90M(594M) 1,709ms
[1274,772s][info][gc] GC(3598) Pause Young (G1 Evacuation Pause) 438M->90M(594M) 1,778ms
[1275,147s][info][gc] GC(3599) Pause Young (G1 Evacuation Pause) 437M->89M(594M) 1,581ms
[1275,542s][info][gc] GC(3600) Pause Young (G1 Evacuation Pause) 437M->89M(594M) 2,017ms
[1275,938s][info][gc] GC(3601) Pause Young (G1 Evacuation Pause) 437M->89M(594M) 2,733ms
[1276,349s][info][gc] GC(3602) Pause Young (G1 Evacuation Pause) 437M->90M(594M) 2,622ms
[1276,751s][info][gc] GC(3603) Pause Young (G1 Evacuation Pause) 437M->89M(594M) 1,890ms
[1277,165s][info][gc] GC(3604) Pause Young (G1 Evacuation Pause) 438M->90M(594M) 2,599ms
[1277,576s][info][gc] GC(3605) Pause Young (G1 Evacuation Pause) 437M->89M(594M) 2,606ms
[1277,994s][info][gc] GC(3606) Pause Young (G1 Evacuation Pause) 437M->89M(594M) 7,905ms
[1278,378s][info][gc] GC(3607) Pause Young (G1 Evacuation Pause) 438M->90M(594M) 2,125ms
[1278,754s][info][gc] GC(3608) Pause Young (G1 Evacuation Pause) 437M->90M(594M) 1,882ms
[1279,130s][info][gc] GC(3609) Pause Young (G1 Evacuation Pause) 438M->90M(594M) 1,824ms
[1279,517s][info][gc] GC(3610) Pause Young (G1 Evacuation Pause) 438M->90M(594M) 2,337ms
[1279,894s][info][gc] GC(3611) Pause Young (G1 Evacuation Pause) 437M->89M(594M) 1,523ms
[1280,301s][info][gc] GC(3612) Pause Young (G1 Evacuation Pause) 437M->89M(594M) 3,260ms
[1280,684s][info][gc] GC(3613) Pause Young (G1 Evacuation Pause) 437M->90M(594M) 2,220ms
[1281,070s][info][gc] GC(3614) Pause Young (G1 Evacuation Pause) 438M->90M(594M) 2,192ms
[1281,469s][info][gc] GC(3615) Pause Young (G1 Evacuation Pause) 438M->90M(594M) 1,761ms
[1281,845s][info][gc] GC(3616) Pause Young (G1 Evacuation Pause) 438M->90M(594M) 1,766ms
[1282,220s][info][gc] GC(3617) Pause Young (G1 Evacuation Pause) 437M->89M(594M) 1,667ms
[1282,597s][info][gc] GC(3618) Pause Young (G1 Evacuation Pause) 438M->91M(594M) 1,771ms
[1282,986s][info][gc] GC(3619) Pause Young (G1 Evacuation Pause) 438M->90M(594M) 2,251ms
[1283,406s][info][gc] GC(3620) Pause Young (G1 Evacuation Pause) 438M->90M(594M) 2,548ms
[1283,824s][info][gc] GC(3621) Pause Young (G1 Evacuation Pause) 438M->91M(594M) 2,880ms
[1284,200s][info][gc] GC(3622) Pause Young (G1 Evacuation Pause) 438M->90M(594M) 1,633ms
[1284,593s][info][gc] GC(3623) Pause Young (G1 Evacuation Pause) 438M->90M(594M) 1,775ms
[1284,992s][info][gc] GC(3624) Pause Young (G1 Evacuation Pause) 438M->90M(594M) 2,289ms
[1285,369s][info][gc] GC(3625) Pause Young (G1 Evacuation Pause) 438M->90M(594M) 2,109ms
[1285,746s][info][gc] GC(3626) Pause Young (G1 Evacuation Pause) 438M->90M(594M) 1,734ms
[1286,122s][info][gc] GC(3627) Pause Young (G1 Evacuation Pause) 438M->90M(594M) 2,556ms
[1286,504s][info][gc] GC(3628) Pause Young (G1 Evacuation Pause) 438M->90M(594M) 1,710ms
[1286,900s][info][gc] GC(3629) Pause Young (G1 Evacuation Pause) 438M->91M(594M) 8,000ms
[1287,292s][info][gc] GC(3630) Pause Young (G1 Evacuation Pause) 438M->90M(594M) 1,962ms
[1287,668s][info][gc] GC(3631) Pause Young (G1 Evacuation Pause) 438M->90M(594M) 2,126ms
[1288,045s][info][gc] GC(3632) Pause Young (G1 Evacuation Pause) 438M->90M(594M) 2,168ms
[1288,445s][info][gc] GC(3633) Pause Young (G1 Evacuation Pause) 438M->90M(594M) 2,700ms
[1288,834s][info][gc] GC(3634) Pause Young (G1 Evacuation Pause) 438M->90M(594M) 2,741ms
[1289,211s][info][gc] GC(3635) Pause Young (G1 Evacuation Pause) 438M->91M(594M) 2,829ms
[1289,588s][info][gc] GC(3636) Pause Young (G1 Evacuation Pause) 438M->90M(594M) 2,701ms
[1289,975s][info][gc] GC(3637) Pause Young (G1 Evacuation Pause) 438M->90M(594M) 3,118ms
[1290,351s][info][gc] GC(3638) Pause Young (G1 Evacuation Pause) 438M->90M(594M) 1,691ms
[1290,767s][info][gc] GC(3639) Pause Young (G1 Evacuation Pause) 438M->91M(594M) 6,381ms
[1291,191s][info][gc] GC(3640) Pause Young (G1 Evacuation Pause) 438M->89M(594M) 2,675ms
[1291,592s][info][gc] GC(3641) Pause Young (G1 Evacuation Pause) 438M->91M(594M) 2,867ms
[1291,977s][info][gc] GC(3642) Pause Young (G1 Evacuation Pause) 438M->90M(594M) 1,589ms
[1292,368s][info][gc] GC(3643) Pause Young (G1 Evacuation Pause) 438M->90M(594M) 1,661ms
[1292,768s][info][gc] GC(3644) Pause Young (G1 Evacuation Pause) 438M->91M(594M) 1,977ms
[1293,144s][info][gc] GC(3645) Pause Young (G1 Evacuation Pause) 438M->90M(594M) 1,777ms
[1293,530s][info][gc] GC(3646) Pause Young (G1 Evacuation Pause) 438M->89M(594M) 1,870ms
[1293,906s][info][gc] GC(3647) Pause Young (G1 Evacuation Pause) 438M->91M(594M) 2,032ms
[1294,289s][info][gc] GC(3648) Pause Young (G1 Evacuation Pause) 438M->90M(594M) 4,014ms
[1294,666s][info][gc] GC(3649) Pause Young (G1 Evacuation Pause) 439M->91M(594M) 1,989ms
[1295,042s][info][gc] GC(3650) Pause Young (G1 Evacuation Pause) 438M->91M(594M) 1,845ms
[1295,422s][info][gc] GC(3651) Pause Young (G1 Evacuation Pause) 439M->91M(594M) 1,714ms
[1295,813s][info][gc] GC(3652) Pause Young (G1 Evacuation Pause) 439M->91M(594M) 2,358ms
[1296,189s][info][gc] GC(3653) Pause Young (G1 Evacuation Pause) 438M->90M(594M) 1,969ms
[1296,591s][info][gc] GC(3654) Pause Young (G1 Evacuation Pause) 439M->91M(594M) 1,887ms
[1296,966s][info][gc] GC(3655) Pause Young (G1 Evacuation Pause) 438M->90M(594M) 1,679ms
[1297,343s][info][gc] GC(3656) Pause Young (G1 Evacuation Pause) 438M->91M(594M) 1,764ms
[1297,719s][info][gc] GC(3657) Pause Young (G1 Evacuation Pause) 439M->91M(594M) 1,680ms
[1298,106s][info][gc] GC(3658) Pause Young (G1 Evacuation Pause) 438M->90M(594M) 1,658ms
[1298,492s][info][gc] GC(3659) Pause Young (G1 Evacuation Pause) 438M->90M(594M) 1,666ms
[1298,885s][info][gc] GC(3660) Pause Young (G1 Evacuation Pause) 438M->90M(594M) 2,603ms
[1299,292s][info][gc] GC(3661) Pause Young (G1 Evacuation Pause) 438M->90M(594M) 4,621ms
[1299,671s][info][gc] GC(3662) Pause Young (G1 Evacuation Pause) 438M->91M(594M) 1,855ms
[1300,047s][info][gc] GC(3663) Pause Young (G1 Evacuation Pause) 439M->91M(594M) 1,896ms
[1300,423s][info][gc] GC(3664) Pause Young (G1 Evacuation Pause) 439M->91M(594M) 1,915ms
[1300,798s][info][gc] GC(3665) Pause Young (G1 Evacuation Pause) 438M->90M(594M) 1,578ms
[1301,206s][info][gc] GC(3666) Pause Young (G1 Evacuation Pause) 438M->90M(594M) 2,709ms
[1301,620s][info][gc] GC(3667) Pause Young (G1 Evacuation Pause) 438M->90M(594M) 2,650ms
[1302,018s][info][gc] GC(3668) Pause Young (G1 Evacuation Pause) 438M->91M(594M) 1,752ms
[1302,401s][info][gc] GC(3669) Pause Young (G1 Evacuation Pause) 439M->91M(594M) 1,706ms
[1302,782s][info][gc] GC(3670) Pause Young (G1 Evacuation Pause) 439M->91M(594M) 4,708ms
[1303,160s][info][gc] GC(3671) Pause Young (G1 Evacuation Pause) 438M->90M(594M) 2,184ms
[1303,575s][info][gc] GC(3672) Pause Young (G1 Evacuation Pause) 438M->91M(594M) 3,523ms
[1303,979s][info][gc] GC(3673) Pause Young (G1 Evacuation Pause) 439M->90M(594M) 2,514ms
[1304,393s][info][gc] GC(3674) Pause Young (G1 Evacuation Pause) 438M->91M(594M) 2,832ms
[1304,812s][info][gc] GC(3675) Pause Young (G1 Evacuation Pause) 439M->91M(594M) 2,342ms
[1305,211s][info][gc] GC(3676) Pause Young (G1 Evacuation Pause) 438M->90M(594M) 2,637ms
[1305,622s][info][gc] GC(3677) Pause Young (G1 Evacuation Pause) 438M->91M(594M) 2,658ms
[1306,006s][info][gc] GC(3678) Pause Young (G1 Evacuation Pause) 439M->91M(594M) 1,573ms
[1306,382s][info][gc] GC(3679) Pause Young (G1 Evacuation Pause) 439M->90M(594M) 1,659ms
[1306,759s][info][gc] GC(3680) Pause Young (G1 Evacuation Pause) 438M->91M(594M) 1,743ms
[1307,171s][info][gc] GC(3681) Pause Young (G1 Evacuation Pause) 439M->91M(594M) 2,653ms
[1307,580s][info][gc] GC(3682) Pause Young (G1 Evacuation Pause) 439M->91M(594M) 3,062ms
[1307,956s][info][gc] GC(3683) Pause Young (G1 Evacuation Pause) 439M->91M(594M) 1,864ms
[1308,332s][info][gc] GC(3684) Pause Young (G1 Evacuation Pause) 439M->91M(594M) 1,718ms
[1308,707s][info][gc] GC(3685) Pause Young (G1 Evacuation Pause) 438M->90M(594M) 1,639ms
[1309,084s][info][gc] GC(3686) Pause Young (G1 Evacuation Pause) 438M->91M(594M) 1,920ms
[1309,479s][info][gc] GC(3687) Pause Young (G1 Evacuation Pause) 439M->91M(594M) 1,666ms
[1309,872s][info][gc] GC(3688) Pause Young (G1 Evacuation Pause) 439M->91M(594M) 2,664ms
[1310,253s][info][gc] GC(3689) Pause Young (G1 Evacuation Pause) 439M->91M(594M) 1,673ms
[1310,629s][info][gc] GC(3690) Pause Young (G1 Evacuation Pause) 439M->91M(594M) 1,638ms
[1311,036s][info][gc] GC(3691) Pause Young (G1 Evacuation Pause) 438M->90M(594M) 2,510ms
[1311,450s][info][gc] GC(3692) Pause Young (G1 Evacuation Pause) 438M->90M(594M) 2,438ms
[1311,841s][info][gc] GC(3693) Pause Young (G1 Evacuation Pause) 439M->91M(594M) 2,682ms
[1312,252s][info][gc] GC(3694) Pause Young (G1 Evacuation Pause) 439M->91M(594M) 2,766ms
[1312,629s][info][gc] GC(3695) Pause Young (G1 Evacuation Pause) 438M->91M(594M) 1,742ms
[1313,005s][info][gc] GC(3696) Pause Young (G1 Evacuation Pause) 439M->91M(594M) 1,720ms
[1313,404s][info][gc] GC(3697) Pause Young (G1 Evacuation Pause) 439M->91M(594M) 2,666ms
[1313,791s][info][gc] GC(3698) Pause Young (G1 Evacuation Pause) 439M->92M(594M) 5,476ms
[1314,179s][info][gc] GC(3699) Pause Young (G1 Evacuation Pause) 439M->90M(594M) 1,632ms
[1314,563s][info][gc] GC(3700) Pause Young (G1 Evacuation Pause) 439M->92M(594M) 1,617ms
[1314,950s][info][gc] GC(3701) Pause Young (G1 Evacuation Pause) 439M->91M(594M) 2,035ms
[1315,346s][info][gc] GC(3702) Pause Young (G1 Evacuation Pause) 439M->91M(594M) 2,693ms
[1315,733s][info][gc] GC(3703) Pause Young (G1 Evacuation Pause) 439M->91M(594M) 2,974ms
[1316,109s][info][gc] GC(3704) Pause Young (G1 Evacuation Pause) 439M->91M(594M) 1,698ms
[1316,485s][info][gc] GC(3705) Pause Young (G1 Evacuation Pause) 439M->91M(594M) 1,855ms
[1316,871s][info][gc] GC(3706) Pause Young (G1 Evacuation Pause) 439M->91M(594M) 2,137ms
[1317,247s][info][gc] GC(3707) Pause Young (G1 Evacuation Pause) 439M->91M(594M) 2,150ms
[1317,624s][info][gc] GC(3708) Pause Young (G1 Evacuation Pause) 439M->92M(594M) 1,955ms
[1318,031s][info][gc] GC(3709) Pause Young (G1 Evacuation Pause) 439M->91M(594M) 1,947ms
[1318,412s][info][gc] GC(3710) Pause Young (G1 Evacuation Pause) 439M->91M(594M) 1,727ms
[1318,825s][info][gc] GC(3711) Pause Young (G1 Evacuation Pause) 439M->91M(594M) 2,696ms
[1319,216s][info][gc] GC(3712) Pause Young (G1 Evacuation Pause) 439M->91M(594M) 3,399ms
[1319,632s][info][gc] GC(3713) Pause Young (G1 Evacuation Pause) 439M->92M(594M) 2,843ms
[1320,023s][info][gc] GC(3714) Pause Young (G1 Evacuation Pause) 439M->91M(594M) 1,961ms
[1320,399s][info][gc] GC(3715) Pause Young (G1 Evacuation Pause) 439M->91M(594M) 1,853ms
[1320,781s][info][gc] GC(3716) Pause Young (G1 Evacuation Pause) 439M->91M(594M) 5,464ms
[1321,175s][info][gc] GC(3717) Pause Young (G1 Evacuation Pause) 439M->92M(594M) 1,845ms
[1321,598s][info][gc] GC(3718) Pause Young (G1 Evacuation Pause) 439M->90M(594M) 2,667ms
[1322,008s][info][gc] GC(3719) Pause Young (G1 Evacuation Pause) 439M->91M(594M) 1,828ms
[1322,409s][info][gc] GC(3720) Pause Young (G1 Evacuation Pause) 439M->92M(594M) 1,864ms
[1322,818s][info][gc] GC(3721) Pause Young (G1 Evacuation Pause) 439M->91M(594M) 2,705ms
[1323,229s][info][gc] GC(3722) Pause Young (G1 Evacuation Pause) 439M->91M(594M) 2,632ms
[1323,647s][info][gc] GC(3723) Pause Young (G1 Evacuation Pause) 439M->91M(594M) 2,555ms
[1324,063s][info][gc] GC(3724) Pause Young (G1 Evacuation Pause) 439M->92M(594M) 2,738ms
[1324,480s][info][gc] GC(3725) Pause Young (G1 Evacuation Pause) 440M->91M(594M) 2,980ms
[1324,890s][info][gc] GC(3726) Pause Young (G1 Evacuation Pause) 439M->92M(594M) 2,866ms
[1325,297s][info][gc] GC(3727) Pause Young (G1 Evacuation Pause) 439M->91M(594M) 1,649ms
[1325,673s][info][gc] GC(3728) Pause Young (G1 Evacuation Pause) 439M->91M(594M) 1,690ms
[1326,062s][info][gc] GC(3729) Pause Young (G1 Evacuation Pause) 439M->91M(594M) 1,708ms
[1326,443s][info][gc] GC(3730) Pause Young (G1 Evacuation Pause) 440M->92M(594M) 1,741ms
[1326,848s][info][gc] GC(3731) Pause Young (G1 Evacuation Pause) 439M->91M(594M) 2,644ms
[1327,259s][info][gc] GC(3732) Pause Young (G1 Evacuation Pause) 439M->91M(594M) 2,553ms
[1327,635s][info][gc] GC(3733) Pause Young (G1 Evacuation Pause) 439M->92M(594M) 1,985ms
[1328,052s][info][gc] GC(3734) Pause Young (G1 Evacuation Pause) 439M->91M(594M) 2,775ms
[1328,468s][info][gc] GC(3735) Pause Young (G1 Evacuation Pause) 439M->91M(594M) 2,669ms
[1328,887s][info][gc] GC(3736) Pause Young (G1 Evacuation Pause) 439M->91M(594M) 2,757ms
[1329,302s][info][gc] GC(3737) Pause Young (G1 Evacuation Pause) 439M->91M(594M) 2,699ms
[1329,713s][info][gc] GC(3738) Pause Young (G1 Evacuation Pause) 439M->92M(594M) 2,705ms
[1330,118s][info][gc] GC(3739) Pause Young (G1 Evacuation Pause) 440M->92M(594M) 2,223ms
[1330,510s][info][gc] GC(3740) Pause Young (G1 Evacuation Pause) 440M->92M(594M) 1,832ms
[1330,885s][info][gc] GC(3741) Pause Young (G1 Evacuation Pause) 439M->91M(594M) 1,627ms
[1331,262s][info][gc] GC(3742) Pause Young (G1 Evacuation Pause) 439M->91M(594M) 1,780ms
[1331,638s][info][gc] GC(3743) Pause Young (G1 Evacuation Pause) 439M->92M(594M) 1,778ms
[1332,045s][info][gc] GC(3744) Pause Young (G1 Evacuation Pause) 440M->92M(594M) 2,634ms
[1332,462s][info][gc] GC(3745) Pause Young (G1 Evacuation Pause) 440M->92M(594M) 2,831ms
[1332,877s][info][gc] GC(3746) Pause Young (G1 Evacuation Pause) 439M->91M(594M) 2,493ms
[1333,288s][info][gc] GC(3747) Pause Young (G1 Evacuation Pause) 439M->92M(594M) 2,481ms
[1333,699s][info][gc] GC(3748) Pause Young (G1 Evacuation Pause) 440M->92M(594M) 2,566ms
[1334,100s][info][gc] GC(3749) Pause Young (G1 Evacuation Pause) 440M->92M(594M) 1,739ms
[1334,476s][info][gc] GC(3750) Pause Young (G1 Evacuation Pause) 440M->92M(594M) 1,810ms
[1334,866s][info][gc] GC(3751) Pause Young (G1 Evacuation Pause) 440M->92M(594M) 2,615ms
[1335,276s][info][gc] GC(3752) Pause Young (G1 Evacuation Pause) 440M->92M(594M) 1,987ms
[1335,652s][info][gc] GC(3753) Pause Young (G1 Evacuation Pause) 439M->92M(594M) 2,069ms
[1336,028s][info][gc] GC(3754) Pause Young (G1 Evacuation Pause) 440M->92M(594M) 1,659ms
[1336,429s][info][gc] GC(3755) Pause Young (G1 Evacuation Pause) 440M->92M(594M) 3,607ms
[1336,839s][info][gc] GC(3756) Pause Young (G1 Evacuation Pause) 440M->92M(594M) 2,197ms
[1337,216s][info][gc] GC(3757) Pause Young (G1 Evacuation Pause) 439M->91M(594M) 2,071ms
[1337,591s][info][gc] GC(3758) Pause Young (G1 Evacuation Pause) 439M->91M(594M) 1,652ms
[1337,988s][info][gc] GC(3759) Pause Young (G1 Evacuation Pause) 439M->91M(594M) 1,720ms
[1338,375s][info][gc] GC(3760) Pause Young (G1 Evacuation Pause) 440M->92M(594M) 2,251ms
[1338,780s][info][gc] GC(3761) Pause Young (G1 Evacuation Pause) 439M->92M(594M) 5,619ms
[1339,155s][info][gc] GC(3762) Pause Young (G1 Evacuation Pause) 440M->91M(594M) 1,590ms
[1339,532s][info][gc] GC(3763) Pause Young (G1 Evacuation Pause) 439M->92M(594M) 1,786ms
[1339,924s][info][gc] GC(3764) Pause Young (G1 Evacuation Pause) 440M->92M(594M) 2,066ms
[1340,308s][info][gc] GC(3765) Pause Young (G1 Evacuation Pause) 440M->92M(594M) 2,907ms
[1340,696s][info][gc] GC(3766) Pause Young (G1 Evacuation Pause) 440M->92M(594M) 2,007ms
[1341,085s][info][gc] GC(3767) Pause Young (G1 Evacuation Pause) 439M->91M(594M) 2,137ms
[1341,479s][info][gc] GC(3768) Pause Young (G1 Evacuation Pause) 439M->92M(594M) 1,766ms
[1341,854s][info][gc] GC(3769) Pause Young (G1 Evacuation Pause) 440M->92M(594M) 1,675ms
[1342,231s][info][gc] GC(3770) Pause Young (G1 Evacuation Pause) 440M->91M(594M) 1,622ms
[1342,617s][info][gc] GC(3771) Pause Young (G1 Evacuation Pause) 439M->91M(594M) 1,787ms
[1343,002s][info][gc] GC(3772) Pause Young (G1 Evacuation Pause) 439M->92M(594M) 1,886ms
[1343,398s][info][gc] GC(3773) Pause Young (G1 Evacuation Pause) 440M->92M(594M) 2,640ms
[1343,809s][info][gc] GC(3774) Pause Young (G1 Evacuation Pause) 440M->92M(594M) 2,597ms
[1344,186s][info][gc] GC(3775) Pause Young (G1 Evacuation Pause) 440M->93M(594M) 1,853ms
[1344,562s][info][gc] GC(3776) Pause Young (G1 Evacuation Pause) 440M->92M(594M) 1,794ms
[1344,975s][info][gc] GC(3777) Pause Young (G1 Evacuation Pause) 440M->92M(594M) 2,650ms
[1345,387s][info][gc] GC(3778) Pause Young (G1 Evacuation Pause) 440M->92M(594M) 2,169ms
[1345,763s][info][gc] GC(3779) Pause Young (G1 Evacuation Pause) 440M->92M(594M) 1,682ms
[1346,167s][info][gc] GC(3780) Pause Young (G1 Evacuation Pause) 440M->92M(594M) 2,239ms
[1346,578s][info][gc] GC(3781) Pause Young (G1 Evacuation Pause) 440M->93M(594M) 3,590ms
[1346,954s][info][gc] GC(3782) Pause Young (G1 Evacuation Pause) 440M->92M(594M) 1,809ms
[1347,330s][info][gc] GC(3783) Pause Young (G1 Evacuation Pause) 440M->92M(594M) 1,952ms
[1347,718s][info][gc] GC(3784) Pause Young (G1 Evacuation Pause) 440M->92M(594M) 2,766ms
[1348,131s][info][gc] GC(3785) Pause Young (G1 Evacuation Pause) 440M->93M(594M) 2,721ms
[1348,518s][info][gc] GC(3786) Pause Young (G1 Evacuation Pause) 440M->91M(594M) 2,028ms
[1348,913s][info][gc] GC(3787) Pause Young (G1 Evacuation Pause) 440M->93M(594M) 2,689ms
[1349,314s][info][gc] GC(3788) Pause Young (G1 Evacuation Pause) 440M->92M(594M) 1,853ms
[1349,731s][info][gc] GC(3789) Pause Young (G1 Evacuation Pause) 440M->92M(594M) 2,556ms
[1350,137s][info][gc] GC(3790) Pause Young (G1 Evacuation Pause) 440M->92M(594M) 1,732ms
[1350,518s][info][gc] GC(3791) Pause Young (G1 Evacuation Pause) 440M->92M(594M) 1,635ms
[1350,927s][info][gc] GC(3792) Pause Young (G1 Evacuation Pause) 440M->93M(594M) 2,693ms
[1351,331s][info][gc] GC(3793) Pause Young (G1 Evacuation Pause) 440M->92M(594M) 2,468ms
[1351,712s][info][gc] GC(3794) Pause Young (G1 Evacuation Pause) 440M->92M(594M) 1,710ms
[1352,090s][info][gc] GC(3795) Pause Young (G1 Evacuation Pause) 440M->92M(594M) 2,747ms
[1352,491s][info][gc] GC(3796) Pause Young (G1 Evacuation Pause) 440M->92M(594M) 2,831ms
[1352,904s][info][gc] GC(3797) Pause Young (G1 Evacuation Pause) 440M->92M(594M) 2,754ms
[1353,291s][info][gc] GC(3798) Pause Young (G1 Evacuation Pause) 440M->93M(594M) 4,676ms
[1353,702s][info][gc] GC(3799) Pause Young (G1 Evacuation Pause) 440M->92M(594M) 2,549ms
[1354,103s][info][gc] GC(3800) Pause Young (G1 Evacuation Pause) 441M->92M(594M) 1,771ms
[1354,484s][info][gc] GC(3801) Pause Young (G1 Evacuation Pause) 440M->93M(594M) 1,697ms
[1354,860s][info][gc] GC(3802) Pause Young (G1 Evacuation Pause) 440M->92M(594M) 1,709ms
[1355,236s][info][gc] GC(3803) Pause Young (G1 Evacuation Pause) 440M->92M(594M) 1,813ms
[1355,612s][info][gc] GC(3804) Pause Young (G1 Evacuation Pause) 440M->93M(594M) 1,763ms
[1356,014s][info][gc] GC(3805) Pause Young (G1 Evacuation Pause) 441M->92M(594M) 2,552ms
[1356,430s][info][gc] GC(3806) Pause Young (G1 Evacuation Pause) 440M->93M(594M) 2,759ms
[1356,838s][info][gc] GC(3807) Pause Young (G1 Evacuation Pause) 440M->92M(594M) 1,954ms
[1357,214s][info][gc] GC(3808) Pause Young (G1 Evacuation Pause) 440M->92M(594M) 1,816ms
[1357,601s][info][gc] GC(3809) Pause Young (G1 Evacuation Pause) 440M->92M(594M) 2,161ms
[1357,987s][info][gc] GC(3810) Pause Young (G1 Evacuation Pause) 440M->92M(594M) 8,791ms
[1358,373s][info][gc] GC(3811) Pause Young (G1 Evacuation Pause) 440M->92M(594M) 1,839ms
[1358,796s][info][gc] GC(3812) Pause Young (G1 Evacuation Pause) 440M->92M(594M) 4,814ms
[1359,208s][info][gc] GC(3813) Pause Young (G1 Evacuation Pause) 440M->93M(594M) 3,529ms
[1359,616s][info][gc] GC(3814) Pause Young (G1 Evacuation Pause) 440M->92M(594M) 2,492ms
[1360,019s][info][gc] GC(3815) Pause Young (G1 Evacuation Pause) 440M->92M(594M) 2,668ms
[1360,430s][info][gc] GC(3816) Pause Young (G1 Evacuation Pause) 440M->93M(594M) 2,490ms
[1360,830s][info][gc] GC(3817) Pause Young (G1 Evacuation Pause) 441M->93M(594M) 2,437ms
[1361,206s][info][gc] GC(3818) Pause Young (G1 Evacuation Pause) 441M->92M(594M) 2,279ms
[1361,625s][info][gc] GC(3819) Pause Young (G1 Evacuation Pause) 440M->93M(594M) 3,634ms
[1362,031s][info][gc] GC(3820) Pause Young (G1 Evacuation Pause) 440M->92M(594M) 1,606ms
[1362,409s][info][gc] GC(3821) Pause Young (G1 Evacuation Pause) 440M->92M(594M) 1,789ms
[1362,791s][info][gc] GC(3822) Pause Young (G1 Evacuation Pause) 441M->93M(594M) 5,189ms
[1363,209s][info][gc] GC(3823) Pause Young (G1 Evacuation Pause) 441M->93M(594M) 3,693ms
[1363,619s][info][gc] GC(3824) Pause Young (G1 Evacuation Pause) 440M->92M(594M) 2,540ms
[1364,017s][info][gc] GC(3825) Pause Young (G1 Evacuation Pause) 440M->93M(594M) 2,193ms
[1364,394s][info][gc] GC(3826) Pause Young (G1 Evacuation Pause) 441M->93M(594M) 2,324ms
[1364,771s][info][gc] GC(3827) Pause Young (G1 Evacuation Pause) 441M->93M(594M) 2,249ms
[1365,187s][info][gc] GC(3828) Pause Young (G1 Evacuation Pause) 441M->93M(594M) 2,656ms
[1365,586s][info][gc] GC(3829) Pause Young (G1 Evacuation Pause) 440M->92M(594M) 4,904ms
[1365,978s][info][gc] GC(3830) Pause Young (G1 Evacuation Pause) 440M->92M(594M) 3,181ms
[1366,354s][info][gc] GC(3831) Pause Young (G1 Evacuation Pause) 441M->94M(594M) 2,071ms
[1366,730s][info][gc] GC(3832) Pause Young (G1 Evacuation Pause) 441M->93M(594M) 1,835ms
[1367,143s][info][gc] GC(3833) Pause Young (G1 Evacuation Pause) 441M->93M(594M) 2,861ms
[1367,554s][info][gc] GC(3834) Pause Young (G1 Evacuation Pause) 441M->93M(594M) 2,670ms
[1367,955s][info][gc] GC(3835) Pause Young (G1 Evacuation Pause) 440M->92M(594M) 2,787ms
[1368,343s][info][gc] GC(3836) Pause Young (G1 Evacuation Pause) 440M->93M(594M) 2,344ms
[1368,720s][info][gc] GC(3837) Pause Young (G1 Evacuation Pause) 441M->93M(594M) 2,290ms
[1369,097s][info][gc] GC(3838) Pause Young (G1 Evacuation Pause) 441M->93M(594M) 2,317ms
[1369,498s][info][gc] GC(3839) Pause Young (G1 Evacuation Pause) 441M->93M(594M) 2,711ms
[1369,909s][info][gc] GC(3840) Pause Young (G1 Evacuation Pause) 441M->93M(594M) 2,748ms
[1370,293s][info][gc] GC(3841) Pause Young (G1 Evacuation Pause) 440M->92M(594M) 6,172ms
[1370,674s][info][gc] GC(3842) Pause Young (G1 Evacuation Pause) 440M->93M(594M) 1,857ms
[1371,050s][info][gc] GC(3843) Pause Young (G1 Evacuation Pause) 441M->93M(594M) 1,759ms
[1371,447s][info][gc] GC(3844) Pause Young (G1 Evacuation Pause) 441M->93M(594M) 2,649ms
[1371,863s][info][gc] GC(3845) Pause Young (G1 Evacuation Pause) 441M->93M(594M) 2,795ms
[1372,273s][info][gc] GC(3846) Pause Young (G1 Evacuation Pause) 441M->93M(594M) 3,759ms
[1372,650s][info][gc] GC(3847) Pause Young (G1 Evacuation Pause) 440M->92M(594M) 2,046ms
[1373,056s][info][gc] GC(3848) Pause Young (G1 Evacuation Pause) 440M->93M(594M) 2,695ms
[1373,472s][info][gc] GC(3849) Pause Young (G1 Evacuation Pause) 441M->93M(594M) 2,627ms
[1373,875s][info][gc] GC(3850) Pause Young (G1 Evacuation Pause) 441M->93M(594M) 1,924ms
[1374,283s][info][gc] GC(3851) Pause Young (G1 Evacuation Pause) 441M->94M(594M) 2,320ms
[1374,661s][info][gc] GC(3852) Pause Young (G1 Evacuation Pause) 441M->93M(594M) 1,716ms
[1375,037s][info][gc] GC(3853) Pause Young (G1 Evacuation Pause) 441M->93M(594M) 1,782ms
[1375,413s][info][gc] GC(3854) Pause Young (G1 Evacuation Pause) 441M->93M(594M) 1,817ms
[1375,788s][info][gc] GC(3855) Pause Young (G1 Evacuation Pause) 441M->93M(594M) 1,622ms
[1376,164s][info][gc] GC(3856) Pause Young (G1 Evacuation Pause) 441M->93M(594M) 1,753ms
[1376,574s][info][gc] GC(3857) Pause Young (G1 Evacuation Pause) 441M->94M(594M) 2,712ms
[1376,975s][info][gc] GC(3858) Pause Young (G1 Evacuation Pause) 441M->93M(594M) 2,455ms
[1377,360s][info][gc] GC(3859) Pause Young (G1 Evacuation Pause) 441M->93M(594M) 2,161ms
[1377,736s][info][gc] GC(3860) Pause Young (G1 Evacuation Pause) 441M->93M(594M) 1,641ms
[1378,133s][info][gc] GC(3861) Pause Young (G1 Evacuation Pause) 441M->93M(594M) 1,754ms
[1378,509s][info][gc] GC(3862) Pause Young (G1 Evacuation Pause) 441M->93M(594M) 1,618ms
[1378,886s][info][gc] GC(3863) Pause Young (G1 Evacuation Pause) 441M->94M(594M) 1,708ms
[1379,261s][info][gc] GC(3864) Pause Young (G1 Evacuation Pause) 441M->93M(594M) 1,579ms
[1379,638s][info][gc] GC(3865) Pause Young (G1 Evacuation Pause) 441M->93M(594M) 1,761ms
[1380,047s][info][gc] GC(3866) Pause Young (G1 Evacuation Pause) 441M->93M(594M) 2,725ms
[1380,441s][info][gc] GC(3867) Pause Young (G1 Evacuation Pause) 441M->93M(594M) 1,724ms
[1380,829s][info][gc] GC(3868) Pause Young (G1 Evacuation Pause) 441M->94M(594M) 2,733ms
[1381,219s][info][gc] GC(3869) Pause Young (G1 Evacuation Pause) 441M->92M(594M) 2,153ms
[1381,650s][info][gc] GC(3870) Pause Young (G1 Evacuation Pause) 441M->94M(594M) 3,572ms
[1382,055s][info][gc] GC(3871) Pause Young (G1 Evacuation Pause) 441M->93M(594M) 1,716ms
[1382,431s][info][gc] GC(3872) Pause Young (G1 Evacuation Pause) 441M->93M(594M) 1,710ms
[1382,808s][info][gc] GC(3873) Pause Young (G1 Evacuation Pause) 441M->93M(594M) 1,999ms
[1383,184s][info][gc] GC(3874) Pause Young (G1 Evacuation Pause) 441M->94M(594M) 2,032ms
[1383,560s][info][gc] GC(3875) Pause Young (G1 Evacuation Pause) 441M->92M(594M) 1,719ms
[1383,958s][info][gc] GC(3876) Pause Young (G1 Evacuation Pause) 441M->94M(594M) 2,740ms
[1384,373s][info][gc] GC(3877) Pause Young (G1 Evacuation Pause) 441M->93M(594M) 2,708ms
[1384,768s][info][gc] GC(3878) Pause Young (G1 Evacuation Pause) 441M->93M(594M) 2,791ms
[1385,145s][info][gc] GC(3879) Pause Young (G1 Evacuation Pause) 441M->93M(594M) 1,662ms
[1385,541s][info][gc] GC(3880) Pause Young (G1 Evacuation Pause) 441M->94M(594M) 1,811ms
[1385,922s][info][gc] GC(3881) Pause Young (G1 Evacuation Pause) 441M->93M(594M) 1,878ms
[1386,305s][info][gc] GC(3882) Pause Young (G1 Evacuation Pause) 442M->94M(594M) 6,508ms
[1386,683s][info][gc] GC(3883) Pause Young (G1 Evacuation Pause) 441M->93M(594M) 1,720ms
[1387,067s][info][gc] GC(3884) Pause Young (G1 Evacuation Pause) 441M->93M(594M) 1,687ms
[1387,467s][info][gc] GC(3885) Pause Young (G1 Evacuation Pause) 441M->94M(594M) 2,802ms
[1387,883s][info][gc] GC(3886) Pause Young (G1 Evacuation Pause) 442M->94M(594M) 2,150ms
[1388,298s][info][gc] GC(3887) Pause Young (G1 Evacuation Pause) 442M->94M(594M) 2,730ms
[1388,689s][info][gc] GC(3888) Pause Young (G1 Evacuation Pause) 441M->93M(594M) 5,840ms
[1389,104s][info][gc] GC(3889) Pause Young (G1 Evacuation Pause) 441M->93M(594M) 2,686ms
[1389,526s][info][gc] GC(3890) Pause Young (G1 Evacuation Pause) 441M->93M(594M) 3,480ms
[1389,913s][info][gc] GC(3891) Pause Young (G1 Evacuation Pause) 441M->94M(594M) 2,277ms
[1390,290s][info][gc] GC(3892) Pause Young (G1 Evacuation Pause) 442M->94M(594M) 1,753ms
[1390,666s][info][gc] GC(3893) Pause Young (G1 Evacuation Pause) 442M->94M(594M) 1,656ms
[1391,042s][info][gc] GC(3894) Pause Young (G1 Evacuation Pause) 441M->93M(594M) 1,710ms
[1391,417s][info][gc] GC(3895) Pause Young (G1 Evacuation Pause) 441M->93M(594M) 1,599ms
[1391,809s][info][gc] GC(3896) Pause Young (G1 Evacuation Pause) 441M->94M(594M) 3,379ms
[1392,188s][info][gc] GC(3897) Pause Young (G1 Evacuation Pause) 441M->93M(594M) 2,028ms
[1392,580s][info][gc] GC(3898) Pause Young (G1 Evacuation Pause) 442M->94M(594M) 1,934ms
[1392,996s][info][gc] GC(3899) Pause Young (G1 Evacuation Pause) 442M->94M(594M) 2,867ms
[1393,407s][info][gc] GC(3900) Pause Young (G1 Evacuation Pause) 441M->93M(594M) 2,611ms
[1393,827s][info][gc] GC(3901) Pause Young (G1 Evacuation Pause) 441M->93M(594M) 2,647ms
[1394,216s][info][gc] GC(3902) Pause Young (G1 Evacuation Pause) 441M->94M(594M) 1,757ms
[1394,599s][info][gc] GC(3903) Pause Young (G1 Evacuation Pause) 442M->94M(594M) 1,685ms
[1394,975s][info][gc] GC(3904) Pause Young (G1 Evacuation Pause) 442M->94M(594M) 1,686ms
[1395,361s][info][gc] GC(3905) Pause Young (G1 Evacuation Pause) 441M->93M(594M) 1,743ms
[1395,759s][info][gc] GC(3906) Pause Young (G1 Evacuation Pause) 442M->94M(594M) 3,986ms
[1396,135s][info][gc] GC(3907) Pause Young (G1 Evacuation Pause) 441M->94M(594M) 2,009ms
[1396,512s][info][gc] GC(3908) Pause Young (G1 Evacuation Pause) 442M->94M(594M) 2,898ms
[1396,913s][info][gc] GC(3909) Pause Young (G1 Evacuation Pause) 442M->94M(594M) 2,586ms
[1397,304s][info][gc] GC(3910) Pause Young (G1 Evacuation Pause) 442M->94M(594M) 4,062ms
[1397,684s][info][gc] GC(3911) Pause Young (G1 Evacuation Pause) 441M->93M(594M) 2,282ms
[1398,088s][info][gc] GC(3912) Pause Young (G1 Evacuation Pause) 441M->93M(594M) 1,735ms
[1398,472s][info][gc] GC(3913) Pause Young (G1 Evacuation Pause) 441M->94M(594M) 1,731ms
[1398,865s][info][gc] GC(3914) Pause Young (G1 Evacuation Pause) 442M->94M(594M) 2,598ms
[1399,273s][info][gc] GC(3915) Pause Young (G1 Evacuation Pause) 442M->94M(594M) 3,641ms
[1399,651s][info][gc] GC(3916) Pause Young (G1 Evacuation Pause) 441M->93M(594M) 2,701ms
[1400,059s][info][gc] GC(3917) Pause Young (G1 Evacuation Pause) 441M->93M(594M) 3,910ms
[1400,436s][info][gc] GC(3918) Pause Young (G1 Evacuation Pause) 442M->95M(594M) 1,904ms
[1400,823s][info][gc] GC(3919) Pause Young (G1 Evacuation Pause) 442M->94M(594M) 2,998ms
[1401,200s][info][gc] GC(3920) Pause Young (G1 Evacuation Pause) 442M->94M(594M) 2,056ms
[1401,577s][info][gc] GC(3921) Pause Young (G1 Evacuation Pause) 442M->94M(594M) 2,192ms
[1401,994s][info][gc] GC(3922) Pause Young (G1 Evacuation Pause) 441M->93M(594M) 1,572ms
[1402,375s][info][gc] GC(3923) Pause Young (G1 Evacuation Pause) 441M->93M(594M) 1,720ms
[1402,752s][info][gc] GC(3924) Pause Young (G1 Evacuation Pause) 441M->93M(594M) 1,860ms
[1403,173s][info][gc] GC(3925) Pause Young (G1 Evacuation Pause) 441M->94M(594M) 2,654ms
[1403,595s][info][gc] GC(3926) Pause Young (G1 Evacuation Pause) 442M->94M(594M) 5,972ms
[1403,985s][info][gc] GC(3927) Pause Young (G1 Evacuation Pause) 442M->94M(594M) 2,251ms
[1404,376s][info][gc] GC(3928) Pause Young (G1 Evacuation Pause) 442M->95M(594M) 2,280ms
[1404,752s][info][gc] GC(3929) Pause Young (G1 Evacuation Pause) 442M->94M(594M) 1,754ms
[1405,127s][info][gc] GC(3930) Pause Young (G1 Evacuation Pause) 442M->94M(594M) 1,588ms
[1405,512s][info][gc] GC(3931) Pause Young (G1 Evacuation Pause) 442M->94M(594M) 3,767ms
[1405,907s][info][gc] GC(3932) Pause Young (G1 Evacuation Pause) 442M->94M(594M) 1,869ms
[1406,295s][info][gc] GC(3933) Pause Young (G1 Evacuation Pause) 442M->94M(594M) 2,302ms
[1406,680s][info][gc] GC(3934) Pause Young (G1 Evacuation Pause) 442M->94M(594M) 2,382ms
[1407,076s][info][gc] GC(3935) Pause Young (G1 Evacuation Pause) 442M->95M(594M) 2,549ms
[1407,486s][info][gc] GC(3936) Pause Young (G1 Evacuation Pause) 442M->94M(594M) 3,446ms
[1407,902s][info][gc] GC(3937) Pause Young (G1 Evacuation Pause) 442M->94M(594M) 2,347ms
[1408,289s][info][gc] GC(3938) Pause Young (G1 Evacuation Pause) 442M->95M(594M) 5,405ms
[1408,664s][info][gc] GC(3939) Pause Young (G1 Evacuation Pause) 442M->94M(594M) 1,724ms
[1409,072s][info][gc] GC(3940) Pause Young (G1 Evacuation Pause) 442M->94M(594M) 2,486ms
[1409,482s][info][gc] GC(3941) Pause Young (G1 Evacuation Pause) 442M->94M(594M) 2,688ms
[1409,898s][info][gc] GC(3942) Pause Young (G1 Evacuation Pause) 442M->94M(594M) 2,704ms
[1410,286s][info][gc] GC(3943) Pause Young (G1 Evacuation Pause) 442M->94M(594M) 4,889ms
[1410,663s][info][gc] GC(3944) Pause Young (G1 Evacuation Pause) 442M->94M(594M) 1,836ms
[1411,074s][info][gc] GC(3945) Pause Young (G1 Evacuation Pause) 442M->94M(594M) 2,810ms
[1411,496s][info][gc] GC(3946) Pause Young (G1 Evacuation Pause) 442M->94M(594M) 3,376ms
[1411,919s][info][gc] GC(3947) Pause Young (G1 Evacuation Pause) 442M->95M(594M) 2,825ms
[1412,307s][info][gc] GC(3948) Pause Young (G1 Evacuation Pause) 442M->94M(594M) 4,222ms
[1412,702s][info][gc] GC(3949) Pause Young (G1 Evacuation Pause) 442M->94M(594M) 3,819ms
[1413,099s][info][gc] GC(3950) Pause Young (G1 Evacuation Pause) 442M->94M(594M) 1,984ms
[1413,475s][info][gc] GC(3951) Pause Young (G1 Evacuation Pause) 442M->95M(594M) 1,994ms
[1413,870s][info][gc] GC(3952) Pause Young (G1 Evacuation Pause) 442M->93M(594M) 3,199ms
[1414,253s][info][gc] GC(3953) Pause Young (G1 Evacuation Pause) 442M->95M(594M) 1,674ms
[1414,643s][info][gc] GC(3954) Pause Young (G1 Evacuation Pause) 442M->94M(594M) 1,866ms
[1415,019s][info][gc] GC(3955) Pause Young (G1 Evacuation Pause) 442M->95M(594M) 2,144ms
[1415,439s][info][gc] GC(3956) Pause Young (G1 Evacuation Pause) 443M->94M(594M) 2,606ms
[1415,819s][info][gc] GC(3957) Pause Young (G1 Evacuation Pause) 442M->95M(594M) 1,677ms
[1416,195s][info][gc] GC(3958) Pause Young (G1 Evacuation Pause) 442M->94M(594M) 1,712ms
[1416,597s][info][gc] GC(3959) Pause Young (G1 Evacuation Pause) 442M->94M(594M) 1,639ms
[1416,978s][info][gc] GC(3960) Pause Young (G1 Evacuation Pause) 442M->94M(594M) 1,720ms
[1417,354s][info][gc] GC(3961) Pause Young (G1 Evacuation Pause) 442M->94M(594M) 1,836ms
[1417,730s][info][gc] GC(3962) Pause Young (G1 Evacuation Pause) 442M->95M(594M) 1,717ms
[1418,112s][info][gc] GC(3963) Pause Young (G1 Evacuation Pause) 442M->94M(594M) 1,510ms
[1418,488s][info][gc] GC(3964) Pause Young (G1 Evacuation Pause) 442M->94M(594M) 1,555ms
[1418,879s][info][gc] GC(3965) Pause Young (G1 Evacuation Pause) 442M->94M(594M) 2,635ms
[1419,256s][info][gc] GC(3966) Pause Young (G1 Evacuation Pause) 442M->94M(594M) 1,820ms
[1419,665s][info][gc] GC(3967) Pause Young (G1 Evacuation Pause) 442M->94M(594M) 3,110ms
[1420,083s][info][gc] GC(3968) Pause Young (G1 Evacuation Pause) 442M->95M(594M) 2,683ms
[1420,475s][info][gc] GC(3969) Pause Young (G1 Evacuation Pause) 442M->94M(594M) 1,746ms
[1420,869s][info][gc] GC(3970) Pause Young (G1 Evacuation Pause) 443M->95M(594M) 3,643ms
[1421,279s][info][gc] GC(3971) Pause Young (G1 Evacuation Pause) 442M->94M(594M) 2,659ms
[1421,670s][info][gc] GC(3972) Pause Young (G1 Evacuation Pause) 442M->95M(594M) 1,887ms
[1422,073s][info][gc] GC(3973) Pause Young (G1 Evacuation Pause) 443M->94M(594M) 2,147ms
[1422,461s][info][gc] GC(3974) Pause Young (G1 Evacuation Pause) 442M->94M(594M) 1,769ms
[1422,837s][info][gc] GC(3975) Pause Young (G1 Evacuation Pause) 442M->95M(594M) 1,913ms
[1423,213s][info][gc] GC(3976) Pause Young (G1 Evacuation Pause) 442M->94M(594M) 1,758ms
[1423,627s][info][gc] GC(3977) Pause Young (G1 Evacuation Pause) 443M->95M(594M) 2,709ms
[1424,018s][info][gc] GC(3978) Pause Young (G1 Evacuation Pause) 442M->95M(594M) 1,780ms
[1424,414s][info][gc] GC(3979) Pause Young (G1 Evacuation Pause) 443M->95M(594M) 3,649ms
[1424,802s][info][gc] GC(3980) Pause Young (G1 Evacuation Pause) 443M->95M(594M) 1,808ms
[1425,177s][info][gc] GC(3981) Pause Young (G1 Evacuation Pause) 442M->94M(594M) 1,560ms
[1425,568s][info][gc] GC(3982) Pause Young (G1 Evacuation Pause) 442M->95M(594M) 1,892ms
[1425,967s][info][gc] GC(3983) Pause Young (G1 Evacuation Pause) 443M->94M(594M) 2,464ms
[1426,357s][info][gc] GC(3984) Pause Young (G1 Evacuation Pause) 442M->95M(594M) 1,739ms
[1426,756s][info][gc] GC(3985) Pause Young (G1 Evacuation Pause) 443M->94M(594M) 2,603ms
[1427,142s][info][gc] GC(3986) Pause Young (G1 Evacuation Pause) 442M->95M(594M) 2,234ms
[1427,529s][info][gc] GC(3987) Pause Young (G1 Evacuation Pause) 442M->94M(594M) 1,753ms
[1427,915s][info][gc] GC(3988) Pause Young (G1 Evacuation Pause) 442M->94M(594M) 2,264ms
[1428,304s][info][gc] GC(3989) Pause Young (G1 Evacuation Pause) 443M->96M(594M) 3,701ms
[1428,680s][info][gc] GC(3990) Pause Young (G1 Evacuation Pause) 443M->95M(594M) 2,205ms
[1429,072s][info][gc] GC(3991) Pause Young (G1 Evacuation Pause) 443M->95M(594M) 2,330ms
[1429,449s][info][gc] GC(3992) Pause Young (G1 Evacuation Pause) 443M->95M(594M) 2,207ms
[1429,841s][info][gc] GC(3993) Pause Young (G1 Evacuation Pause) 442M->94M(594M) 2,492ms
[1430,217s][info][gc] GC(3994) Pause Young (G1 Evacuation Pause) 442M->94M(594M) 1,626ms
[1430,626s][info][gc] GC(3995) Pause Young (G1 Evacuation Pause) 442M->94M(594M) 2,713ms
[1431,012s][info][gc] GC(3996) Pause Young (G1 Evacuation Pause) 442M->95M(594M) 1,988ms
[1431,389s][info][gc] GC(3997) Pause Young (G1 Evacuation Pause) 443M->95M(594M) 2,768ms
[1431,765s][info][gc] GC(3998) Pause Young (G1 Evacuation Pause) 443M->95M(594M) 1,668ms
[1432,142s][info][gc] GC(3999) Pause Young (G1 Evacuation Pause) 442M->94M(594M) 2,718ms
[1432,518s][info][gc] GC(4000) Pause Young (G1 Evacuation Pause) 442M->95M(594M) 1,821ms
[1432,918s][info][gc] GC(4001) Pause Young (G1 Evacuation Pause) 443M->95M(594M) 2,634ms
[1433,304s][info][gc] GC(4002) Pause Young (G1 Evacuation Pause) 443M->95M(594M) 3,378ms
[1433,683s][info][gc] GC(4003) Pause Young (G1 Evacuation Pause) 443M->95M(594M) 2,120ms
[1434,072s][info][gc] GC(4004) Pause Young (G1 Evacuation Pause) 443M->95M(594M) 1,639ms
[1434,454s][info][gc] GC(4005) Pause Young (G1 Evacuation Pause) 443M->96M(594M) 1,930ms
[1434,856s][info][gc] GC(4006) Pause Young (G1 Evacuation Pause) 443M->95M(594M) 2,647ms
[1435,233s][info][gc] GC(4007) Pause Young (G1 Evacuation Pause) 443M->95M(594M) 1,802ms
[1435,609s][info][gc] GC(4008) Pause Young (G1 Evacuation Pause) 443M->95M(594M) 1,759ms
[1435,984s][info][gc] GC(4009) Pause Young (G1 Evacuation Pause) 443M->95M(594M) 1,630ms
[1436,361s][info][gc] GC(4010) Pause Young (G1 Evacuation Pause) 443M->95M(594M) 2,501ms
[1436,737s][info][gc] GC(4011) Pause Young (G1 Evacuation Pause) 443M->96M(594M) 1,858ms
[1437,113s][info][gc] GC(4012) Pause Young (G1 Evacuation Pause) 443M->95M(594M) 2,029ms
[1437,498s][info][gc] GC(4013) Pause Young (G1 Evacuation Pause) 443M->95M(594M) 2,134ms
[1437,900s][info][gc] GC(4014) Pause Young (G1 Evacuation Pause) 443M->95M(594M) 2,608ms
[1438,285s][info][gc] GC(4015) Pause Young (G1 Evacuation Pause) 443M->95M(594M) 1,612ms
[1438,681s][info][gc] GC(4016) Pause Young (G1 Evacuation Pause) 443M->95M(594M) 2,687ms
[1439,114s][info][gc] GC(4017) Pause Young (G1 Evacuation Pause) 443M->95M(594M) 3,747ms
[1439,530s][info][gc] GC(4018) Pause Young (G1 Evacuation Pause) 443M->96M(594M) 2,765ms
[1439,944s][info][gc] GC(4019) Pause Young (G1 Evacuation Pause) 443M->95M(594M) 2,767ms
[1440,333s][info][gc] GC(4020) Pause Young (G1 Evacuation Pause) 443M->95M(594M) 2,662ms
[1440,721s][info][gc] GC(4021) Pause Young (G1 Evacuation Pause) 443M->95M(594M) 2,687ms
[1441,100s][info][gc] GC(4022) Pause Young (G1 Evacuation Pause) 443M->95M(594M) 1,866ms
[1441,541s][info][gc] GC(4023) Pause Young (G1 Evacuation Pause) 443M->95M(594M) 6,329ms
[1441,970s][info][gc] GC(4024) Pause Young (G1 Evacuation Pause) 443M->95M(594M) 1,754ms
[1442,355s][info][gc] GC(4025) Pause Young (G1 Evacuation Pause) 443M->95M(594M) 2,059ms
[1442,751s][info][gc] GC(4026) Pause Young (G1 Evacuation Pause) 443M->96M(594M) 2,717ms
[1443,166s][info][gc] GC(4027) Pause Young (G1 Evacuation Pause) 443M->95M(594M) 2,654ms
[1443,583s][info][gc] GC(4028) Pause Young (G1 Evacuation Pause) 443M->95M(594M) 2,664ms
[1443,986s][info][gc] GC(4029) Pause Young (G1 Evacuation Pause) 443M->95M(594M) 2,658ms
[1444,396s][info][gc] GC(4030) Pause Young (G1 Evacuation Pause) 443M->95M(594M) 1,963ms
[1444,789s][info][gc] GC(4031) Pause Young (G1 Evacuation Pause) 443M->96M(594M) 1,983ms
[1445,165s][info][gc] GC(4032) Pause Young (G1 Evacuation Pause) 443M->95M(594M) 1,847ms
[1445,558s][info][gc] GC(4033) Pause Young (G1 Evacuation Pause) 443M->95M(594M) 2,562ms
[1445,950s][info][gc] GC(4034) Pause Young (G1 Evacuation Pause) 443M->95M(594M) 2,483ms
[1446,362s][info][gc] GC(4035) Pause Young (G1 Evacuation Pause) 443M->95M(594M) 2,003ms
[1446,761s][info][gc] GC(4036) Pause Young (G1 Evacuation Pause) 443M->95M(594M) 2,648ms
[1447,151s][info][gc] GC(4037) Pause Young (G1 Evacuation Pause) 443M->96M(594M) 1,878ms
[1447,559s][info][gc] GC(4038) Pause Young (G1 Evacuation Pause) 444M->96M(594M) 2,707ms
[1447,974s][info][gc] GC(4039) Pause Young (G1 Evacuation Pause) 443M->95M(594M) 3,460ms
[1448,400s][info][gc] GC(4040) Pause Young (G1 Evacuation Pause) 443M->95M(594M) 4,228ms
[1448,799s][info][gc] GC(4041) Pause Young (G1 Evacuation Pause) 443M->96M(594M) 3,572ms
[1449,174s][info][gc] GC(4042) Pause Young (G1 Evacuation Pause) 443M->95M(594M) 1,533ms
[1449,604s][info][gc] GC(4043) Pause Young (G1 Evacuation Pause) 444M->96M(594M) 2,856ms
[1450,015s][info][gc] GC(4044) Pause Young (G1 Evacuation Pause) 443M->95M(594M) 2,014ms
[1450,430s][info][gc] GC(4045) Pause Young (G1 Evacuation Pause) 444M->96M(594M) 1,941ms
[1450,837s][info][gc] GC(4046) Pause Young (G1 Evacuation Pause) 443M->95M(594M) 1,793ms
[1451,213s][info][gc] GC(4047) Pause Young (G1 Evacuation Pause) 443M->95M(594M) 1,719ms
[1451,625s][info][gc] GC(4048) Pause Young (G1 Evacuation Pause) 443M->95M(594M) 2,626ms
[1452,034s][info][gc] GC(4049) Pause Young (G1 Evacuation Pause) 443M->96M(594M) 2,787ms
[1452,433s][info][gc] GC(4050) Pause Young (G1 Evacuation Pause) 443M->95M(594M) 2,636ms
[1452,814s][info][gc] GC(4051) Pause Young (G1 Evacuation Pause) 443M->95M(594M) 1,742ms
[1453,191s][info][gc] GC(4052) Pause Young (G1 Evacuation Pause) 443M->95M(594M) 1,722ms
[1453,566s][info][gc] GC(4053) Pause Young (G1 Evacuation Pause) 443M->96M(594M) 1,647ms
[1453,943s][info][gc] GC(4054) Pause Young (G1 Evacuation Pause) 444M->96M(594M) 1,743ms
[1454,337s][info][gc] GC(4055) Pause Young (G1 Evacuation Pause) 444M->96M(594M) 2,019ms
[1454,713s][info][gc] GC(4056) Pause Young (G1 Evacuation Pause) 443M->95M(594M) 2,213ms
[1455,097s][info][gc] GC(4057) Pause Young (G1 Evacuation Pause) 443M->96M(594M) 1,601ms
[1455,501s][info][gc] GC(4058) Pause Young (G1 Evacuation Pause) 444M->96M(594M) 2,042ms
[1455,877s][info][gc] GC(4059) Pause Young (G1 Evacuation Pause) 444M->95M(594M) 1,787ms
[1456,291s][info][gc] GC(4060) Pause Young (G1 Evacuation Pause) 443M->95M(594M) 2,515ms
[1456,697s][info][gc] GC(4061) Pause Young (G1 Evacuation Pause) 443M->96M(594M) 2,011ms
[1457,073s][info][gc] GC(4062) Pause Young (G1 Evacuation Pause) 444M->96M(594M) 1,848ms
[1457,471s][info][gc] GC(4063) Pause Young (G1 Evacuation Pause) 444M->96M(594M) 2,714ms
[1457,892s][info][gc] GC(4064) Pause Young (G1 Evacuation Pause) 444M->96M(594M) 4,979ms
[1458,294s][info][gc] GC(4065) Pause Young (G1 Evacuation Pause) 444M->96M(594M) 6,329ms
[1458,671s][info][gc] GC(4066) Pause Young (G1 Evacuation Pause) 443M->95M(594M) 1,679ms
[1459,086s][info][gc] GC(4067) Pause Young (G1 Evacuation Pause) 443M->95M(594M) 2,719ms
[1459,501s][info][gc] GC(4068) Pause Young (G1 Evacuation Pause) 443M->96M(594M) 2,595ms
[1459,901s][info][gc] GC(4069) Pause Young (G1 Evacuation Pause) 444M->96M(594M) 3,627ms
[1460,308s][info][gc] GC(4070) Pause Young (G1 Evacuation Pause) 443M->95M(594M) 3,636ms
[1460,696s][info][gc] GC(4071) Pause Young (G1 Evacuation Pause) 444M->97M(594M) 2,439ms
[1461,072s][info][gc] GC(4072) Pause Young (G1 Evacuation Pause) 444M->95M(594M) 1,770ms
[1461,471s][info][gc] GC(4073) Pause Young (G1 Evacuation Pause) 443M->96M(594M) 2,653ms
[1461,884s][info][gc] GC(4074) Pause Young (G1 Evacuation Pause) 444M->96M(594M) 4,324ms
[1462,261s][info][gc] GC(4075) Pause Young (G1 Evacuation Pause) 444M->96M(594M) 1,888ms
[1462,637s][info][gc] GC(4076) Pause Young (G1 Evacuation Pause) 444M->96M(594M) 1,961ms
[1463,036s][info][gc] GC(4077) Pause Young (G1 Evacuation Pause) 443M->95M(594M) 2,098ms
[1463,432s][info][gc] GC(4078) Pause Young (G1 Evacuation Pause) 443M->95M(594M) 1,877ms
[1463,821s][info][gc] GC(4079) Pause Young (G1 Evacuation Pause) 443M->96M(594M) 2,647ms
[1464,198s][info][gc] GC(4080) Pause Young (G1 Evacuation Pause) 444M->96M(594M) 1,731ms
[1464,597s][info][gc] GC(4081) Pause Young (G1 Evacuation Pause) 444M->97M(594M) 1,642ms
[1464,983s][info][gc] GC(4082) Pause Young (G1 Evacuation Pause) 444M->95M(594M) 2,132ms
[1465,374s][info][gc] GC(4083) Pause Young (G1 Evacuation Pause) 444M->97M(594M) 1,816ms
[1465,751s][info][gc] GC(4084) Pause Young (G1 Evacuation Pause) 444M->96M(594M) 2,665ms
[1466,145s][info][gc] GC(4085) Pause Young (G1 Evacuation Pause) 444M->96M(594M) 1,659ms
[1466,529s][info][gc] GC(4086) Pause Young (G1 Evacuation Pause) 444M->96M(594M) 1,821ms
[1466,925s][info][gc] GC(4087) Pause Young (G1 Evacuation Pause) 444M->96M(594M) 2,663ms
[1467,342s][info][gc] GC(4088) Pause Young (G1 Evacuation Pause) 444M->96M(594M) 2,575ms
[1467,753s][info][gc] GC(4089) Pause Young (G1 Evacuation Pause) 444M->96M(594M) 2,787ms
[1468,169s][info][gc] GC(4090) Pause Young (G1 Evacuation Pause) 444M->96M(594M) 2,597ms
[1468,584s][info][gc] GC(4091) Pause Young (G1 Evacuation Pause) 444M->97M(594M) 1,932ms
[1468,986s][info][gc] GC(4092) Pause Young (G1 Evacuation Pause) 444M->96M(594M) 2,713ms
[1469,404s][info][gc] GC(4093) Pause Young (G1 Evacuation Pause) 444M->96M(594M) 2,640ms
[1469,780s][info][gc] GC(4094) Pause Young (G1 Evacuation Pause) 444M->97M(594M) 1,833ms
[1470,183s][info][gc] GC(4095) Pause Young (G1 Evacuation Pause) 444M->96M(594M) 1,640ms
[1470,566s][info][gc] GC(4096) Pause Young (G1 Evacuation Pause) 444M->95M(594M) 2,217ms
[1470,963s][info][gc] GC(4097) Pause Young (G1 Evacuation Pause) 444M->96M(594M) 3,528ms
[1471,374s][info][gc] GC(4098) Pause Young (G1 Evacuation Pause) 444M->96M(594M) 3,209ms
[1471,791s][info][gc] GC(4099) Pause Young (G1 Evacuation Pause) 444M->96M(594M) 4,358ms
[1472,168s][info][gc] GC(4100) Pause Young (G1 Evacuation Pause) 444M->97M(594M) 1,863ms
[1472,578s][info][gc] GC(4101) Pause Young (G1 Evacuation Pause) 444M->96M(594M) 2,628ms
[1472,973s][info][gc] GC(4102) Pause Young (G1 Evacuation Pause) 444M->96M(594M) 1,657ms
[1473,362s][info][gc] GC(4103) Pause Young (G1 Evacuation Pause) 444M->96M(594M) 2,419ms
[1473,739s][info][gc] GC(4104) Pause Young (G1 Evacuation Pause) 444M->96M(594M) 2,867ms
[1474,141s][info][gc] GC(4105) Pause Young (G1 Evacuation Pause) 444M->96M(594M) 1,703ms
[1474,531s][info][gc] GC(4106) Pause Young (G1 Evacuation Pause) 444M->96M(594M) 3,158ms
[1474,922s][info][gc] GC(4107) Pause Young (G1 Evacuation Pause) 444M->97M(594M) 2,029ms
[1475,298s][info][gc] GC(4108) Pause Young (G1 Evacuation Pause) 444M->96M(594M) 1,897ms
[1475,674s][info][gc] GC(4109) Pause Young (G1 Evacuation Pause) 444M->97M(594M) 1,813ms
[1476,069s][info][gc] GC(4110) Pause Young (G1 Evacuation Pause) 444M->96M(594M) 1,566ms
[1476,496s][info][gc] GC(4111) Pause Young (G1 Evacuation Pause) 445M->97M(594M) 3,923ms
[1476,888s][info][gc] GC(4112) Pause Young (G1 Evacuation Pause) 445M->97M(594M) 1,831ms
[1477,264s][info][gc] GC(4113) Pause Young (G1 Evacuation Pause) 444M->96M(594M) 1,757ms
[1477,640s][info][gc] GC(4114) Pause Young (G1 Evacuation Pause) 444M->96M(594M) 1,971ms
[1478,016s][info][gc] GC(4115) Pause Young (G1 Evacuation Pause) 444M->96M(594M) 1,830ms
[1478,396s][info][gc] GC(4116) Pause Young (G1 Evacuation Pause) 444M->97M(594M) 1,764ms
[1478,771s][info][gc] GC(4117) Pause Young (G1 Evacuation Pause) 444M->96M(594M) 1,596ms
[1479,148s][info][gc] GC(4118) Pause Young (G1 Evacuation Pause) 444M->96M(594M) 1,842ms
[1479,553s][info][gc] GC(4119) Pause Young (G1 Evacuation Pause) 444M->97M(594M) 2,922ms
[1479,952s][info][gc] GC(4120) Pause Young (G1 Evacuation Pause) 445M->97M(594M) 2,921ms
[1480,369s][info][gc] GC(4121) Pause Young (G1 Evacuation Pause) 445M->97M(594M) 3,063ms
[1480,751s][info][gc] GC(4122) Pause Young (G1 Evacuation Pause) 445M->97M(594M) 2,781ms
[1481,168s][info][gc] GC(4123) Pause Young (G1 Evacuation Pause) 445M->97M(594M) 2,803ms
[1481,589s][info][gc] GC(4124) Pause Young (G1 Evacuation Pause) 444M->96M(594M) 3,133ms
[1482,006s][info][gc] GC(4125) Pause Young (G1 Evacuation Pause) 444M->96M(594M) 1,627ms
[1482,394s][info][gc] GC(4126) Pause Young (G1 Evacuation Pause) 444M->96M(594M) 1,692ms
[1482,811s][info][gc] GC(4127) Pause Young (G1 Evacuation Pause) 444M->96M(594M) 2,591ms
[1483,202s][info][gc] GC(4128) Pause Young (G1 Evacuation Pause) 444M->97M(594M) 1,945ms
[1483,610s][info][gc] GC(4129) Pause Young (G1 Evacuation Pause) 445M->97M(594M) 2,020ms
[1484,007s][info][gc] GC(4130) Pause Young (G1 Evacuation Pause) 444M->96M(594M) 1,716ms
[1484,383s][info][gc] GC(4131) Pause Young (G1 Evacuation Pause) 444M->96M(594M) 1,929ms
[1484,759s][info][gc] GC(4132) Pause Young (G1 Evacuation Pause) 444M->96M(594M) 2,449ms
[1485,184s][info][gc] GC(4133) Pause Young (G1 Evacuation Pause) 444M->97M(594M) 2,726ms
[1485,595s][info][gc] GC(4134) Pause Young (G1 Evacuation Pause) 444M->96M(594M) 2,627ms
[1485,992s][info][gc] GC(4135) Pause Young (G1 Evacuation Pause) 444M->96M(594M) 3,507ms
[1486,369s][info][gc] GC(4136) Pause Young (G1 Evacuation Pause) 444M->96M(594M) 2,168ms
[1486,746s][info][gc] GC(4137) Pause Young (G1 Evacuation Pause) 444M->97M(594M) 2,060ms
[1487,134s][info][gc] GC(4138) Pause Young (G1 Evacuation Pause) 445M->97M(594M) 1,950ms
[1487,510s][info][gc] GC(4139) Pause Young (G1 Evacuation Pause) 445M->97M(594M) 1,735ms
[1487,905s][info][gc] GC(4140) Pause Young (G1 Evacuation Pause) 445M->97M(594M) 2,777ms
[1488,328s][info][gc] GC(4141) Pause Young (G1 Evacuation Pause) 444M->96M(594M) 3,512ms
[1488,735s][info][gc] GC(4142) Pause Young (G1 Evacuation Pause) 444M->96M(594M) 1,960ms
[1489,133s][info][gc] GC(4143) Pause Young (G1 Evacuation Pause) 444M->97M(594M) 2,201ms
[1489,541s][info][gc] GC(4144) Pause Young (G1 Evacuation Pause) 445M->97M(594M) 2,751ms
[1489,920s][info][gc] GC(4145) Pause Young (G1 Evacuation Pause) 445M->97M(594M) 2,352ms
[1490,302s][info][gc] GC(4146) Pause Young (G1 Evacuation Pause) 445M->97M(594M) 1,682ms
[1490,678s][info][gc] GC(4147) Pause Young (G1 Evacuation Pause) 445M->97M(594M) 1,824ms
[1491,074s][info][gc] GC(4148) Pause Young (G1 Evacuation Pause) 444M->96M(594M) 2,596ms
[1491,487s][info][gc] GC(4149) Pause Young (G1 Evacuation Pause) 444M->96M(594M) 2,842ms
[1491,902s][info][gc] GC(4150) Pause Young (G1 Evacuation Pause) 444M->97M(594M) 2,549ms
[1492,278s][info][gc] GC(4151) Pause Young (G1 Evacuation Pause) 445M->97M(594M) 1,917ms
[1492,654s][info][gc] GC(4152) Pause Young (G1 Evacuation Pause) 445M->97M(594M) 2,185ms
[1493,031s][info][gc] GC(4153) Pause Young (G1 Evacuation Pause) 444M->96M(594M) 3,064ms
[1493,407s][info][gc] GC(4154) Pause Young (G1 Evacuation Pause) 444M->96M(594M) 1,996ms
[1493,794s][info][gc] GC(4155) Pause Young (G1 Evacuation Pause) 444M->96M(594M) 5,997ms
[1494,181s][info][gc] GC(4156) Pause Young (G1 Evacuation Pause) 444M->97M(594M) 2,050ms
[1494,571s][info][gc] GC(4157) Pause Young (G1 Evacuation Pause) 445M->97M(594M) 1,790ms
[1494,971s][info][gc] GC(4158) Pause Young (G1 Evacuation Pause) 445M->97M(594M) 2,669ms
[1495,356s][info][gc] GC(4159) Pause Young (G1 Evacuation Pause) 444M->97M(594M) 1,761ms
[1495,757s][info][gc] GC(4160) Pause Young (G1 Evacuation Pause) 445M->96M(594M) 2,788ms
[1496,170s][info][gc] GC(4161) Pause Young (G1 Evacuation Pause) 444M->97M(594M) 2,705ms
[1496,567s][info][gc] GC(4162) Pause Young (G1 Evacuation Pause) 445M->97M(594M) 2,041ms
[1496,965s][info][gc] GC(4163) Pause Young (G1 Evacuation Pause) 445M->97M(594M) 2,767ms
[1497,383s][info][gc] GC(4164) Pause Young (G1 Evacuation Pause) 445M->98M(594M) 2,707ms
[1497,759s][info][gc] GC(4165) Pause Young (G1 Evacuation Pause) 445M->97M(594M) 2,120ms
[1498,162s][info][gc] GC(4166) Pause Young (G1 Evacuation Pause) 445M->97M(594M) 1,691ms
[1498,559s][info][gc] GC(4167) Pause Young (G1 Evacuation Pause) 445M->97M(594M) 1,815ms
[1498,985s][info][gc] GC(4168) Pause Young (G1 Evacuation Pause) 445M->97M(594M) 2,582ms
[1499,395s][info][gc] GC(4169) Pause Young (G1 Evacuation Pause) 445M->97M(594M) 2,762ms
[1499,806s][info][gc] GC(4170) Pause Young (G1 Evacuation Pause) 445M->98M(594M) 2,809ms
[1500,217s][info][gc] GC(4171) Pause Young (G1 Evacuation Pause) 445M->96M(594M) 2,524ms
[1500,604s][info][gc] GC(4172) Pause Young (G1 Evacuation Pause) 445M->98M(594M) 1,872ms
[1501,007s][info][gc] GC(4173) Pause Young (G1 Evacuation Pause) 445M->97M(594M) 2,667ms
[1501,418s][info][gc] GC(4174) Pause Young (G1 Evacuation Pause) 445M->97M(594M) 2,695ms
[1501,808s][info][gc] GC(4175) Pause Young (G1 Evacuation Pause) 445M->98M(594M) 3,690ms
[1502,211s][info][gc] GC(4176) Pause Young (G1 Evacuation Pause) 445M->96M(594M) 2,566ms
[1502,618s][info][gc] GC(4177) Pause Young (G1 Evacuation Pause) 445M->98M(594M) 2,698ms
[1503,002s][info][gc] GC(4178) Pause Young (G1 Evacuation Pause) 445M->96M(594M) 2,488ms
[1503,379s][info][gc] GC(4179) Pause Young (G1 Evacuation Pause) 445M->98M(594M) 2,314ms
[1503,756s][info][gc] GC(4180) Pause Young (G1 Evacuation Pause) 445M->97M(594M) 1,856ms
[1504,185s][info][gc] GC(4181) Pause Young (G1 Evacuation Pause) 445M->97M(594M) 2,709ms
[1504,594s][info][gc] GC(4182) Pause Young (G1 Evacuation Pause) 445M->98M(594M) 2,361ms
[1504,973s][info][gc] GC(4183) Pause Young (G1 Evacuation Pause) 445M->97M(594M) 1,833ms
[1505,364s][info][gc] GC(4184) Pause Young (G1 Evacuation Pause) 445M->97M(594M) 2,538ms
[1505,744s][info][gc] GC(4185) Pause Young (G1 Evacuation Pause) 445M->97M(594M) 2,679ms
[1506,141s][info][gc] GC(4186) Pause Young (G1 Evacuation Pause) 445M->97M(594M) 1,603ms
[1506,523s][info][gc] GC(4187) Pause Young (G1 Evacuation Pause) 445M->98M(594M) 1,993ms
[1506,905s][info][gc] GC(4188) Pause Young (G1 Evacuation Pause) 445M->97M(594M) 1,677ms
[1507,292s][info][gc] GC(4189) Pause Young (G1 Evacuation Pause) 445M->97M(594M) 5,743ms
[1507,667s][info][gc] GC(4190) Pause Young (G1 Evacuation Pause) 445M->97M(594M) 1,593ms
[1508,081s][info][gc] GC(4191) Pause Young (G1 Evacuation Pause) 445M->97M(594M) 2,638ms
[1508,496s][info][gc] GC(4192) Pause Young (G1 Evacuation Pause) 445M->97M(594M) 2,648ms
[1508,888s][info][gc] GC(4193) Pause Young (G1 Evacuation Pause) 445M->98M(594M) 2,741ms
[1509,273s][info][gc] GC(4194) Pause Young (G1 Evacuation Pause) 446M->98M(594M) 6,333ms
[1509,648s][info][gc] GC(4195) Pause Young (G1 Evacuation Pause) 445M->97M(594M) 1,638ms
[1510,029s][info][gc] GC(4196) Pause Young (G1 Evacuation Pause) 445M->97M(594M) 1,755ms
[1510,413s][info][gc] GC(4197) Pause Young (G1 Evacuation Pause) 445M->97M(594M) 1,637ms
[1510,799s][info][gc] GC(4198) Pause Young (G1 Evacuation Pause) 445M->98M(594M) 3,409ms
[1511,210s][info][gc] GC(4199) Pause Young (G1 Evacuation Pause) 446M->98M(594M) 2,689ms
[1511,621s][info][gc] GC(4200) Pause Young (G1 Evacuation Pause) 445M->97M(594M) 2,602ms
[1512,033s][info][gc] GC(4201) Pause Young (G1 Evacuation Pause) 446M->98M(594M) 3,227ms
[1512,430s][info][gc] GC(4202) Pause Young (G1 Evacuation Pause) 445M->97M(594M) 2,674ms
[1512,833s][info][gc] GC(4203) Pause Young (G1 Evacuation Pause) 445M->97M(594M) 2,731ms
[1513,248s][info][gc] GC(4204) Pause Young (G1 Evacuation Pause) 445M->98M(594M) 2,783ms
[1513,653s][info][gc] GC(4205) Pause Young (G1 Evacuation Pause) 446M->98M(594M) 1,937ms
[1514,058s][info][gc] GC(4206) Pause Young (G1 Evacuation Pause) 446M->98M(594M) 1,648ms
[1514,443s][info][gc] GC(4207) Pause Young (G1 Evacuation Pause) 446M->98M(594M) 1,974ms
[1514,833s][info][gc] GC(4208) Pause Young (G1 Evacuation Pause) 445M->97M(594M) 3,381ms
[1515,231s][info][gc] GC(4209) Pause Young (G1 Evacuation Pause) 445M->97M(594M) 2,227ms
[1515,609s][info][gc] GC(4210) Pause Young (G1 Evacuation Pause) 445M->98M(594M) 2,157ms
[1515,986s][info][gc] GC(4211) Pause Young (G1 Evacuation Pause) 446M->98M(594M) 1,819ms
[1516,400s][info][gc] GC(4212) Pause Young (G1 Evacuation Pause) 446M->98M(594M) 5,154ms
[1516,818s][info][gc] GC(4213) Pause Young (G1 Evacuation Pause) 445M->97M(594M) 2,529ms
[1517,194s][info][gc] GC(4214) Pause Young (G1 Evacuation Pause) 446M->98M(594M) 2,280ms
[1517,572s][info][gc] GC(4215) Pause Young (G1 Evacuation Pause) 445M->97M(594M) 2,139ms
[1517,960s][info][gc] GC(4216) Pause Young (G1 Evacuation Pause) 445M->97M(594M) 1,670ms
[1518,343s][info][gc] GC(4217) Pause Young (G1 Evacuation Pause) 446M->98M(594M) 2,120ms
[1518,719s][info][gc] GC(4218) Pause Young (G1 Evacuation Pause) 445M->98M(594M) 1,912ms
[1519,132s][info][gc] GC(4219) Pause Young (G1 Evacuation Pause) 446M->98M(594M) 4,113ms
[1519,533s][info][gc] GC(4220) Pause Young (G1 Evacuation Pause) 446M->98M(594M) 2,317ms
[1519,930s][info][gc] GC(4221) Pause Young (G1 Evacuation Pause) 446M->98M(594M) 2,644ms
[1520,341s][info][gc] GC(4222) Pause Young (G1 Evacuation Pause) 445M->98M(594M) 2,548ms
[1520,748s][info][gc] GC(4223) Pause Young (G1 Evacuation Pause) 446M->98M(594M) 6,952ms
[1521,139s][info][gc] GC(4224) Pause Young (G1 Evacuation Pause) 446M->98M(594M) 3,203ms
[1521,552s][info][gc] GC(4225) Pause Young (G1 Evacuation Pause) 446M->98M(594M) 2,701ms
[1521,965s][info][gc] GC(4226) Pause Young (G1 Evacuation Pause) 446M->98M(594M) 1,669ms
[1522,353s][info][gc] GC(4227) Pause Young (G1 Evacuation Pause) 446M->98M(594M) 1,814ms
[1522,730s][info][gc] GC(4228) Pause Young (G1 Evacuation Pause) 445M->97M(594M) 3,198ms
[1523,106s][info][gc] GC(4229) Pause Young (G1 Evacuation Pause) 446M->99M(594M) 2,591ms
[1523,485s][info][gc] GC(4230) Pause Young (G1 Evacuation Pause) 446M->98M(594M) 2,523ms
[1523,932s][info][gc] GC(4231) Pause Young (G1 Evacuation Pause) 446M->98M(594M) 1,628ms
[1524,321s][info][gc] GC(4232) Pause Young (G1 Evacuation Pause) 446M->98M(594M) 2,625ms
[1524,724s][info][gc] GC(4233) Pause Young (G1 Evacuation Pause) 445M->97M(594M) 1,674ms
[1525,123s][info][gc] GC(4234) Pause Young (G1 Evacuation Pause) 445M->97M(594M) 2,274ms
[1525,518s][info][gc] GC(4235) Pause Young (G1 Evacuation Pause) 445M->97M(594M) 1,917ms
[1525,893s][info][gc] GC(4236) Pause Young (G1 Evacuation Pause) 445M->97M(594M) 1,539ms
[1526,302s][info][gc] GC(4237) Pause Young (G1 Evacuation Pause) 446M->99M(594M) 2,080ms
[1526,697s][info][gc] GC(4238) Pause Young (G1 Evacuation Pause) 446M->98M(594M) 3,673ms
[1527,082s][info][gc] GC(4239) Pause Young (G1 Evacuation Pause) 446M->98M(594M) 2,043ms
[1527,474s][info][gc] GC(4240) Pause Young (G1 Evacuation Pause) 446M->98M(594M) 2,260ms
[1527,865s][info][gc] GC(4241) Pause Young (G1 Evacuation Pause) 446M->99M(594M) 2,731ms
[1528,280s][info][gc] GC(4242) Pause Young (G1 Evacuation Pause) 446M->98M(594M) 5,179ms
[1528,658s][info][gc] GC(4243) Pause Young (G1 Evacuation Pause) 446M->98M(594M) 1,805ms
[1529,045s][info][gc] GC(4244) Pause Young (G1 Evacuation Pause) 446M->98M(594M) 2,209ms
[1529,449s][info][gc] GC(4245) Pause Young (G1 Evacuation Pause) 446M->98M(594M) 3,213ms
[1529,868s][info][gc] GC(4246) Pause Young (G1 Evacuation Pause) 446M->98M(594M) 4,277ms
[1530,244s][info][gc] GC(4247) Pause Young (G1 Evacuation Pause) 446M->99M(594M) 1,808ms
[1530,631s][info][gc] GC(4248) Pause Young (G1 Evacuation Pause) 446M->98M(594M) 1,702ms
[1531,015s][info][gc] GC(4249) Pause Young (G1 Evacuation Pause) 446M->98M(594M) 1,922ms
[1531,409s][info][gc] GC(4250) Pause Young (G1 Evacuation Pause) 446M->98M(594M) 2,710ms
[1531,824s][info][gc] GC(4251) Pause Young (G1 Evacuation Pause) 446M->98M(594M) 2,513ms
[1532,200s][info][gc] GC(4252) Pause Young (G1 Evacuation Pause) 446M->98M(594M) 2,255ms
[1532,613s][info][gc] GC(4253) Pause Young (G1 Evacuation Pause) 446M->99M(594M) 2,768ms
[1533,042s][info][gc] GC(4254) Pause Young (G1 Evacuation Pause) 446M->98M(594M) 2,505ms
[1533,418s][info][gc] GC(4255) Pause Young (G1 Evacuation Pause) 446M->98M(594M) 2,054ms
[1533,803s][info][gc] GC(4256) Pause Young (G1 Evacuation Pause) 446M->98M(594M) 3,405ms
[1534,196s][info][gc] GC(4257) Pause Young (G1 Evacuation Pause) 446M->98M(594M) 1,678ms
[1534,583s][info][gc] GC(4258) Pause Young (G1 Evacuation Pause) 446M->98M(594M) 1,820ms
[1534,960s][info][gc] GC(4259) Pause Young (G1 Evacuation Pause) 446M->98M(594M) 2,721ms
[1535,336s][info][gc] GC(4260) Pause Young (G1 Evacuation Pause) 446M->99M(594M) 1,798ms
[1535,733s][info][gc] GC(4261) Pause Young (G1 Evacuation Pause) 446M->98M(594M) 1,575ms
[1536,109s][info][gc] GC(4262) Pause Young (G1 Evacuation Pause) 446M->98M(594M) 1,796ms
[1536,528s][info][gc] GC(4263) Pause Young (G1 Evacuation Pause) 446M->99M(594M) 2,606ms
[1536,912s][info][gc] GC(4264) Pause Young (G1 Evacuation Pause) 447M->99M(594M) 1,749ms
[1537,289s][info][gc] GC(4265) Pause Young (G1 Evacuation Pause) 446M->98M(594M) 1,734ms
[1537,665s][info][gc] GC(4266) Pause Young (G1 Evacuation Pause) 446M->98M(594M) 1,743ms
[1538,064s][info][gc] GC(4267) Pause Young (G1 Evacuation Pause) 446M->98M(594M) 1,696ms
[1538,451s][info][gc] GC(4268) Pause Young (G1 Evacuation Pause) 446M->98M(594M) 1,749ms
[1538,827s][info][gc] GC(4269) Pause Young (G1 Evacuation Pause) 446M->98M(594M) 1,748ms
[1539,241s][info][gc] GC(4270) Pause Young (G1 Evacuation Pause) 446M->99M(594M) 3,096ms
[1539,655s][info][gc] GC(4271) Pause Young (G1 Evacuation Pause) 447M->99M(594M) 2,661ms
[1540,066s][info][gc] GC(4272) Pause Young (G1 Evacuation Pause) 447M->99M(594M) 2,913ms
[1540,483s][info][gc] GC(4273) Pause Young (G1 Evacuation Pause) 446M->98M(594M) 2,777ms
[1540,873s][info][gc] GC(4274) Pause Young (G1 Evacuation Pause) 446M->98M(594M) 1,774ms
[1541,249s][info][gc] GC(4275) Pause Young (G1 Evacuation Pause) 446M->99M(594M) 1,752ms
[1541,671s][info][gc] GC(4276) Pause Young (G1 Evacuation Pause) 446M->98M(594M) 2,627ms
[1542,071s][info][gc] GC(4277) Pause Young (G1 Evacuation Pause) 447M->99M(594M) 1,789ms
[1542,458s][info][gc] GC(4278) Pause Young (G1 Evacuation Pause) 447M->99M(594M) 1,730ms
[1542,861s][info][gc] GC(4279) Pause Young (G1 Evacuation Pause) 446M->98M(594M) 2,552ms
[1543,271s][info][gc] GC(4280) Pause Young (G1 Evacuation Pause) 446M->98M(594M) 2,778ms
[1543,685s][info][gc] GC(4281) Pause Young (G1 Evacuation Pause) 446M->99M(594M) 2,821ms
[1544,102s][info][gc] GC(4282) Pause Young (G1 Evacuation Pause) 447M->99M(594M) 2,612ms
[1544,515s][info][gc] GC(4283) Pause Young (G1 Evacuation Pause) 447M->99M(594M) 2,640ms
[1544,895s][info][gc] GC(4284) Pause Young (G1 Evacuation Pause) 446M->98M(594M) 1,944ms
[1545,271s][info][gc] GC(4285) Pause Young (G1 Evacuation Pause) 446M->98M(594M) 1,988ms
[1545,660s][info][gc] GC(4286) Pause Young (G1 Evacuation Pause) 446M->99M(594M) 4,537ms
[1546,038s][info][gc] GC(4287) Pause Young (G1 Evacuation Pause) 447M->99M(594M) 1,706ms
[1546,422s][info][gc] GC(4288) Pause Young (G1 Evacuation Pause) 447M->99M(594M) 1,752ms
[1546,821s][info][gc] GC(4289) Pause Young (G1 Evacuation Pause) 447M->99M(594M) 2,270ms
[1547,222s][info][gc] GC(4290) Pause Young (G1 Evacuation Pause) 447M->100M(594M) 2,325ms
[1547,653s][info][gc] GC(4291) Pause Young (G1 Evacuation Pause) 447M->99M(594M) 2,218ms
[1548,058s][info][gc] GC(4292) Pause Young (G1 Evacuation Pause) 447M->99M(594M) 2,652ms
[1548,469s][info][gc] GC(4293) Pause Young (G1 Evacuation Pause) 447M->99M(594M) 2,722ms
[1548,859s][info][gc] GC(4294) Pause Young (G1 Evacuation Pause) 447M->99M(594M) 2,624ms
[1549,238s][info][gc] GC(4295) Pause Young (G1 Evacuation Pause) 446M->98M(594M) 1,575ms
[1549,615s][info][gc] GC(4296) Pause Young (G1 Evacuation Pause) 446M->99M(594M) 1,847ms
[1550,014s][info][gc] GC(4297) Pause Young (G1 Evacuation Pause) 447M->98M(594M) 2,059ms
[1550,396s][info][gc] GC(4298) Pause Young (G1 Evacuation Pause) 446M->99M(594M) 1,603ms
[1550,772s][info][gc] GC(4299) Pause Young (G1 Evacuation Pause) 447M->99M(594M) 1,617ms
[1551,149s][info][gc] GC(4300) Pause Young (G1 Evacuation Pause) 447M->99M(594M) 1,910ms
[1551,525s][info][gc] GC(4301) Pause Young (G1 Evacuation Pause) 446M->98M(594M) 1,723ms
[1551,940s][info][gc] GC(4302) Pause Young (G1 Evacuation Pause) 447M->99M(594M) 2,725ms
[1552,317s][info][gc] GC(4303) Pause Young (G1 Evacuation Pause) 446M->99M(594M) 2,201ms
[1552,694s][info][gc] GC(4304) Pause Young (G1 Evacuation Pause) 447M->99M(594M) 2,062ms
[1553,106s][info][gc] GC(4305) Pause Young (G1 Evacuation Pause) 447M->99M(594M) 2,707ms
[1553,527s][info][gc] GC(4306) Pause Young (G1 Evacuation Pause) 447M->99M(594M) 2,756ms
[1553,924s][info][gc] GC(4307) Pause Young (G1 Evacuation Pause) 447M->99M(594M) 2,254ms
[1554,308s][info][gc] GC(4308) Pause Young (G1 Evacuation Pause) 447M->99M(594M) 1,884ms
[1554,683s][info][gc] GC(4309) Pause Young (G1 Evacuation Pause) 446M->99M(594M) 1,714ms
[1555,060s][info][gc] GC(4310) Pause Young (G1 Evacuation Pause) 447M->98M(594M) 2,084ms
[1555,459s][info][gc] GC(4311) Pause Young (G1 Evacuation Pause) 446M->99M(594M) 3,686ms
[1555,836s][info][gc] GC(4312) Pause Young (G1 Evacuation Pause) 447M->99M(594M) 1,823ms
[1556,212s][info][gc] GC(4313) Pause Young (G1 Evacuation Pause) 446M->98M(594M) 2,402ms
[1556,588s][info][gc] GC(4314) Pause Young (G1 Evacuation Pause) 447M->99M(594M) 1,770ms
[1556,970s][info][gc] GC(4315) Pause Young (G1 Evacuation Pause) 446M->99M(594M) 1,683ms
[1557,347s][info][gc] GC(4316) Pause Young (G1 Evacuation Pause) 447M->99M(594M) 1,816ms
[1557,723s][info][gc] GC(4317) Pause Young (G1 Evacuation Pause) 447M->99M(594M) 1,945ms
[1558,110s][info][gc] GC(4318) Pause Young (G1 Evacuation Pause) 447M->99M(594M) 1,805ms
[1558,492s][info][gc] GC(4319) Pause Young (G1 Evacuation Pause) 447M->100M(594M) 2,181ms
[1558,869s][info][gc] GC(4320) Pause Young (G1 Evacuation Pause) 447M->98M(594M) 1,752ms
[1559,245s][info][gc] GC(4321) Pause Young (G1 Evacuation Pause) 447M->100M(594M) 2,094ms
[1559,621s][info][gc] GC(4322) Pause Young (G1 Evacuation Pause) 447M->99M(594M) 2,064ms
[1559,997s][info][gc] GC(4323) Pause Young (G1 Evacuation Pause) 447M->99M(594M) 2,027ms
[1560,374s][info][gc] GC(4324) Pause Young (G1 Evacuation Pause) 447M->99M(594M) 2,919ms
[1560,751s][info][gc] GC(4325) Pause Young (G1 Evacuation Pause) 447M->99M(594M) 2,770ms
[1561,127s][info][gc] GC(4326) Pause Young (G1 Evacuation Pause) 447M->100M(594M) 1,874ms
[1561,539s][info][gc] GC(4327) Pause Young (G1 Evacuation Pause) 447M->99M(594M) 2,648ms
[1561,959s][info][gc] GC(4328) Pause Young (G1 Evacuation Pause) 447M->99M(594M) 5,168ms
[1562,348s][info][gc] GC(4329) Pause Young (G1 Evacuation Pause) 447M->99M(594M) 1,707ms
[1562,724s][info][gc] GC(4330) Pause Young (G1 Evacuation Pause) 447M->99M(594M) 1,942ms
[1563,139s][info][gc] GC(4331) Pause Young (G1 Evacuation Pause) 447M->100M(594M) 2,889ms
[1563,528s][info][gc] GC(4332) Pause Young (G1 Evacuation Pause) 447M->99M(594M) 1,829ms
[1563,904s][info][gc] GC(4333) Pause Young (G1 Evacuation Pause) 447M->99M(594M) 1,902ms
[1564,320s][info][gc] GC(4334) Pause Young (G1 Evacuation Pause) 447M->99M(594M) 2,587ms
[1564,730s][info][gc] GC(4335) Pause Young (G1 Evacuation Pause) 447M->99M(594M) 2,289ms
[1565,140s][info][gc] GC(4336) Pause Young (G1 Evacuation Pause) 447M->99M(594M) 2,711ms
[1565,517s][info][gc] GC(4337) Pause Young (G1 Evacuation Pause) 447M->100M(594M) 1,746ms
[1565,929s][info][gc] GC(4338) Pause Young (G1 Evacuation Pause) 447M->99M(594M) 3,509ms
[1566,317s][info][gc] GC(4339) Pause Young (G1 Evacuation Pause) 447M->99M(594M) 1,701ms
[1566,692s][info][gc] GC(4340) Pause Young (G1 Evacuation Pause) 447M->99M(594M) 1,598ms
[1567,103s][info][gc] GC(4341) Pause Young (G1 Evacuation Pause) 447M->99M(594M) 2,538ms
[1567,493s][info][gc] GC(4342) Pause Young (G1 Evacuation Pause) 447M->100M(594M) 2,390ms
[1567,885s][info][gc] GC(4343) Pause Young (G1 Evacuation Pause) 448M->100M(594M) 2,448ms
[1568,261s][info][gc] GC(4344) Pause Young (G1 Evacuation Pause) 447M->99M(594M) 2,042ms
[1568,638s][info][gc] GC(4345) Pause Young (G1 Evacuation Pause) 447M->99M(594M) 2,336ms
[1569,049s][info][gc] GC(4346) Pause Young (G1 Evacuation Pause) 447M->99M(594M) 2,555ms
[1569,459s][info][gc] GC(4347) Pause Young (G1 Evacuation Pause) 447M->100M(594M) 2,688ms
[1569,876s][info][gc] GC(4348) Pause Young (G1 Evacuation Pause) 447M->99M(594M) 2,554ms
[1570,259s][info][gc] GC(4349) Pause Young (G1 Evacuation Pause) 447M->99M(594M) 2,210ms
[1570,669s][info][gc] GC(4350) Pause Young (G1 Evacuation Pause) 448M->100M(594M) 2,651ms
[1571,051s][info][gc] GC(4351) Pause Young (G1 Evacuation Pause) 447M->99M(594M) 1,894ms
[1571,440s][info][gc] GC(4352) Pause Young (G1 Evacuation Pause) 448M->100M(594M) 2,369ms
[1571,827s][info][gc] GC(4353) Pause Young (G1 Evacuation Pause) 448M->100M(594M) 2,744ms
[1572,204s][info][gc] GC(4354) Pause Young (G1 Evacuation Pause) 447M->99M(594M) 2,303ms
[1572,580s][info][gc] GC(4355) Pause Young (G1 Evacuation Pause) 447M->99M(594M) 1,756ms
[1572,979s][info][gc] GC(4356) Pause Young (G1 Evacuation Pause) 447M->100M(594M) 2,492ms
[1573,369s][info][gc] GC(4357) Pause Young (G1 Evacuation Pause) 447M->99M(594M) 2,553ms
[1573,788s][info][gc] GC(4358) Pause Young (G1 Evacuation Pause) 447M->99M(594M) 3,342ms
[1574,178s][info][gc] GC(4359) Pause Young (G1 Evacuation Pause) 447M->99M(594M) 1,738ms
[1574,555s][info][gc] GC(4360) Pause Young (G1 Evacuation Pause) 447M->99M(594M) 2,476ms
[1574,932s][info][gc] GC(4361) Pause Young (G1 Evacuation Pause) 447M->99M(594M) 1,824ms
[1575,320s][info][gc] GC(4362) Pause Young (G1 Evacuation Pause) 447M->99M(594M) 2,905ms
[1575,725s][info][gc] GC(4363) Pause Young (G1 Evacuation Pause) 447M->100M(594M) 2,312ms
[1576,101s][info][gc] GC(4364) Pause Young (G1 Evacuation Pause) 448M->100M(594M) 1,824ms
[1576,503s][info][gc] GC(4365) Pause Young (G1 Evacuation Pause) 447M->100M(594M) 2,621ms
[1576,884s][info][gc] GC(4366) Pause Young (G1 Evacuation Pause) 448M->100M(594M) 2,255ms
[1577,261s][info][gc] GC(4367) Pause Young (G1 Evacuation Pause) 448M->100M(594M) 2,039ms
[1577,640s][info][gc] GC(4368) Pause Young (G1 Evacuation Pause) 448M->100M(594M) 2,332ms
[1578,042s][info][gc] GC(4369) Pause Young (G1 Evacuation Pause) 447M->99M(594M) 1,602ms
[1578,431s][info][gc] GC(4370) Pause Young (G1 Evacuation Pause) 448M->100M(594M) 1,686ms
[1578,817s][info][gc] GC(4371) Pause Young (G1 Evacuation Pause) 448M->100M(594M) 2,631ms
[1579,194s][info][gc] GC(4372) Pause Young (G1 Evacuation Pause) 448M->100M(594M) 1,737ms
[1579,571s][info][gc] GC(4373) Pause Young (G1 Evacuation Pause) 447M->99M(594M) 2,358ms
[1579,975s][info][gc] GC(4374) Pause Young (G1 Evacuation Pause) 447M->100M(594M) 2,606ms
[1580,401s][info][gc] GC(4375) Pause Young (G1 Evacuation Pause) 448M->100M(594M) 3,819ms
[1580,785s][info][gc] GC(4376) Pause Young (G1 Evacuation Pause) 448M->100M(594M) 2,074ms
[1581,161s][info][gc] GC(4377) Pause Young (G1 Evacuation Pause) 448M->100M(594M) 1,987ms
[1581,571s][info][gc] GC(4378) Pause Young (G1 Evacuation Pause) 447M->99M(594M) 2,639ms
[1581,983s][info][gc] GC(4379) Pause Young (G1 Evacuation Pause) 447M->99M(594M) 1,940ms
[1582,368s][info][gc] GC(4380) Pause Young (G1 Evacuation Pause) 447M->100M(594M) 1,929ms
[1582,749s][info][gc] GC(4381) Pause Young (G1 Evacuation Pause) 448M->99M(594M) 1,894ms
[1583,162s][info][gc] GC(4382) Pause Young (G1 Evacuation Pause) 447M->100M(594M) 2,785ms
[1583,557s][info][gc] GC(4383) Pause Young (G1 Evacuation Pause) 448M->100M(594M) 2,422ms
[1583,934s][info][gc] GC(4384) Pause Young (G1 Evacuation Pause) 447M->99M(594M) 3,226ms
[1584,310s][info][gc] GC(4385) Pause Young (G1 Evacuation Pause) 448M->100M(594M) 2,139ms
[1584,685s][info][gc] GC(4386) Pause Young (G1 Evacuation Pause) 447M->100M(594M) 1,591ms
[1585,095s][info][gc] GC(4387) Pause Young (G1 Evacuation Pause) 448M->100M(594M) 2,672ms
[1585,525s][info][gc] GC(4388) Pause Young (G1 Evacuation Pause) 448M->100M(594M) 3,770ms
[1585,922s][info][gc] GC(4389) Pause Young (G1 Evacuation Pause) 448M->100M(594M) 1,860ms
[1586,319s][info][gc] GC(4390) Pause Young (G1 Evacuation Pause) 447M->99M(594M) 3,082ms
[1586,696s][info][gc] GC(4391) Pause Young (G1 Evacuation Pause) 448M->100M(594M) 2,078ms
[1587,103s][info][gc] GC(4392) Pause Young (G1 Evacuation Pause) 447M->99M(594M) 1,971ms
[1587,479s][info][gc] GC(4393) Pause Young (G1 Evacuation Pause) 448M->101M(594M) 2,236ms
[1587,875s][info][gc] GC(4394) Pause Young (G1 Evacuation Pause) 448M->100M(594M) 3,599ms
[1588,294s][info][gc] GC(4395) Pause Young (G1 Evacuation Pause) 448M->101M(594M) 4,773ms
[1588,672s][info][gc] GC(4396) Pause Young (G1 Evacuation Pause) 448M->99M(594M) 2,129ms
[1589,084s][info][gc] GC(4397) Pause Young (G1 Evacuation Pause) 448M->101M(594M) 4,505ms
[1589,474s][info][gc] GC(4398) Pause Young (G1 Evacuation Pause) 448M->100M(594M) 3,057ms
[1589,870s][info][gc] GC(4399) Pause Young (G1 Evacuation Pause) 448M->101M(594M) 2,701ms
[1590,254s][info][gc] GC(4400) Pause Young (G1 Evacuation Pause) 448M->99M(594M) 1,635ms
[1590,631s][info][gc] GC(4401) Pause Young (G1 Evacuation Pause) 448M->101M(594M) 1,794ms
[1591,040s][info][gc] GC(4402) Pause Young (G1 Evacuation Pause) 448M->99M(594M) 2,490ms
[1591,453s][info][gc] GC(4403) Pause Young (G1 Evacuation Pause) 448M->101M(594M) 2,767ms
[1591,864s][info][gc] GC(4404) Pause Young (G1 Evacuation Pause) 448M->100M(594M) 2,784ms
[1592,281s][info][gc] GC(4405) Pause Young (G1 Evacuation Pause) 448M->100M(594M) 2,816ms
[1592,658s][info][gc] GC(4406) Pause Young (G1 Evacuation Pause) 448M->100M(594M) 1,940ms
[1593,050s][info][gc] GC(4407) Pause Young (G1 Evacuation Pause) 448M->101M(594M) 2,260ms
[1593,466s][info][gc] GC(4408) Pause Young (G1 Evacuation Pause) 448M->100M(594M) 2,647ms
[1593,843s][info][gc] GC(4409) Pause Young (G1 Evacuation Pause) 448M->100M(594M) 2,036ms
[1594,227s][info][gc] GC(4410) Pause Young (G1 Evacuation Pause) 448M->100M(594M) 1,802ms
[1594,612s][info][gc] GC(4411) Pause Young (G1 Evacuation Pause) 448M->100M(594M) 1,919ms
[1594,988s][info][gc] GC(4412) Pause Young (G1 Evacuation Pause) 448M->100M(594M) 1,840ms
[1595,364s][info][gc] GC(4413) Pause Young (G1 Evacuation Pause) 448M->101M(594M) 2,103ms
[1595,741s][info][gc] GC(4414) Pause Young (G1 Evacuation Pause) 448M->100M(594M) 1,782ms
[1596,130s][info][gc] GC(4415) Pause Young (G1 Evacuation Pause) 448M->100M(594M) 2,287ms
[1596,531s][info][gc] GC(4416) Pause Young (G1 Evacuation Pause) 448M->100M(594M) 1,757ms
[1596,907s][info][gc] GC(4417) Pause Young (G1 Evacuation Pause) 448M->100M(594M) 1,840ms
[1597,292s][info][gc] GC(4418) Pause Young (G1 Evacuation Pause) 448M->101M(594M) 6,752ms
[1597,715s][info][gc] GC(4419) Pause Young (G1 Evacuation Pause) 449M->101M(594M) 2,047ms
[1598,115s][info][gc] GC(4420) Pause Young (G1 Evacuation Pause) 448M->100M(594M) 2,120ms
[1598,500s][info][gc] GC(4421) Pause Young (G1 Evacuation Pause) 448M->100M(594M) 1,588ms
[1598,877s][info][gc] GC(4422) Pause Young (G1 Evacuation Pause) 448M->100M(594M) 2,570ms
[1599,254s][info][gc] GC(4423) Pause Young (G1 Evacuation Pause) 448M->100M(594M) 1,692ms
[1599,630s][info][gc] GC(4424) Pause Young (G1 Evacuation Pause) 448M->101M(594M) 1,742ms
[1600,035s][info][gc] GC(4425) Pause Young (G1 Evacuation Pause) 449M->101M(594M) 2,864ms
[1600,457s][info][gc] GC(4426) Pause Young (G1 Evacuation Pause) 448M->100M(594M) 2,622ms
[1600,872s][info][gc] GC(4427) Pause Young (G1 Evacuation Pause) 448M->100M(594M) 2,684ms
[1601,248s][info][gc] GC(4428) Pause Young (G1 Evacuation Pause) 448M->100M(594M) 2,141ms
[1601,625s][info][gc] GC(4429) Pause Young (G1 Evacuation Pause) 448M->101M(594M) 2,213ms
[1602,030s][info][gc] GC(4430) Pause Young (G1 Evacuation Pause) 449M->101M(594M) 1,921ms
[1602,406s][info][gc] GC(4431) Pause Young (G1 Evacuation Pause) 449M->101M(594M) 1,887ms
[1602,781s][info][gc] GC(4432) Pause Young (G1 Evacuation Pause) 448M->100M(594M) 1,598ms
[1603,158s][info][gc] GC(4433) Pause Young (G1 Evacuation Pause) 449M->101M(594M) 1,865ms
[1603,566s][info][gc] GC(4434) Pause Young (G1 Evacuation Pause) 448M->100M(594M) 2,663ms
[1603,982s][info][gc] GC(4435) Pause Young (G1 Evacuation Pause) 448M->100M(594M) 1,676ms
[1604,378s][info][gc] GC(4436) Pause Young (G1 Evacuation Pause) 448M->100M(594M) 2,545ms
[1604,790s][info][gc] GC(4437) Pause Young (G1 Evacuation Pause) 448M->100M(594M) 3,938ms
[1605,201s][info][gc] GC(4438) Pause Young (G1 Evacuation Pause) 448M->100M(594M) 2,668ms
[1605,617s][info][gc] GC(4439) Pause Young (G1 Evacuation Pause) 448M->101M(594M) 2,799ms
[1606,013s][info][gc] GC(4440) Pause Young (G1 Evacuation Pause) 449M->101M(594M) 2,900ms
[1606,394s][info][gc] GC(4441) Pause Young (G1 Evacuation Pause) 449M->101M(594M) 1,673ms
[1606,792s][info][gc] GC(4442) Pause Young (G1 Evacuation Pause) 448M->100M(594M) 3,675ms
[1607,202s][info][gc] GC(4443) Pause Young (G1 Evacuation Pause) 448M->100M(594M) 2,527ms
[1607,595s][info][gc] GC(4444) Pause Young (G1 Evacuation Pause) 449M->101M(594M) 2,298ms
[1607,998s][info][gc] GC(4445) Pause Young (G1 Evacuation Pause) 448M->100M(594M) 2,608ms
[1608,409s][info][gc] GC(4446) Pause Young (G1 Evacuation Pause) 448M->101M(594M) 2,608ms
[1608,827s][info][gc] GC(4447) Pause Young (G1 Evacuation Pause) 449M->101M(594M) 3,729ms
[1609,243s][info][gc] GC(4448) Pause Young (G1 Evacuation Pause) 448M->100M(594M) 2,678ms
[1609,654s][info][gc] GC(4449) Pause Young (G1 Evacuation Pause) 449M->101M(594M) 2,613ms
[1610,060s][info][gc] GC(4450) Pause Young (G1 Evacuation Pause) 448M->100M(594M) 1,729ms
[1610,436s][info][gc] GC(4451) Pause Young (G1 Evacuation Pause) 448M->101M(594M) 1,728ms
[1610,813s][info][gc] GC(4452) Pause Young (G1 Evacuation Pause) 449M->101M(594M) 1,819ms
[1611,189s][info][gc] GC(4453) Pause Young (G1 Evacuation Pause) 449M->101M(594M) 1,724ms
[1611,565s][info][gc] GC(4454) Pause Young (G1 Evacuation Pause) 449M->101M(594M) 1,796ms
[1611,942s][info][gc] GC(4455) Pause Young (G1 Evacuation Pause) 449M->101M(594M) 3,167ms
[1612,343s][info][gc] GC(4456) Pause Young (G1 Evacuation Pause) 449M->102M(594M) 3,129ms
[1612,751s][info][gc] GC(4457) Pause Young (G1 Evacuation Pause) 449M->101M(594M) 1,779ms
[1613,127s][info][gc] GC(4458) Pause Young (G1 Evacuation Pause) 449M->101M(594M) 2,072ms
[1613,503s][info][gc] GC(4459) Pause Young (G1 Evacuation Pause) 449M->101M(594M) 2,091ms
[1613,879s][info][gc] GC(4460) Pause Young (G1 Evacuation Pause) 449M->101M(594M) 1,942ms
[1614,268s][info][gc] GC(4461) Pause Young (G1 Evacuation Pause) 448M->100M(594M) 2,046ms
[1614,647s][info][gc] GC(4462) Pause Young (G1 Evacuation Pause) 449M->102M(594M) 2,397ms
[1615,024s][info][gc] GC(4463) Pause Young (G1 Evacuation Pause) 449M->101M(594M) 2,191ms
[1615,411s][info][gc] GC(4464) Pause Young (G1 Evacuation Pause) 449M->101M(594M) 2,290ms
[1615,790s][info][gc] GC(4465) Pause Young (G1 Evacuation Pause) 449M->101M(594M) 1,825ms
[1616,166s][info][gc] GC(4466) Pause Young (G1 Evacuation Pause) 449M->101M(594M) 1,812ms
[1616,552s][info][gc] GC(4467) Pause Young (G1 Evacuation Pause) 448M->101M(594M) 3,539ms
[1616,951s][info][gc] GC(4468) Pause Young (G1 Evacuation Pause) 449M->101M(594M) 1,871ms
[1617,338s][info][gc] GC(4469) Pause Young (G1 Evacuation Pause) 449M->101M(594M) 2,515ms
[1617,714s][info][gc] GC(4470) Pause Young (G1 Evacuation Pause) 449M->102M(594M) 1,812ms
[1618,118s][info][gc] GC(4471) Pause Young (G1 Evacuation Pause) 449M->100M(594M) 1,914ms
[1618,493s][info][gc] GC(4472) Pause Young (G1 Evacuation Pause) 449M->102M(594M) 1,691ms
[1618,870s][info][gc] GC(4473) Pause Young (G1 Evacuation Pause) 449M->101M(594M) 2,169ms
[1619,247s][info][gc] GC(4474) Pause Young (G1 Evacuation Pause) 449M->101M(594M) 1,978ms
[1619,623s][info][gc] GC(4475) Pause Young (G1 Evacuation Pause) 449M->101M(594M) 2,048ms
[1620,014s][info][gc] GC(4476) Pause Young (G1 Evacuation Pause) 449M->101M(594M) 2,279ms
[1620,395s][info][gc] GC(4477) Pause Young (G1 Evacuation Pause) 449M->101M(594M) 1,803ms
[1620,783s][info][gc] GC(4478) Pause Young (G1 Evacuation Pause) 449M->102M(594M) 1,743ms
[1621,159s][info][gc] GC(4479) Pause Young (G1 Evacuation Pause) 449M->100M(594M) 2,654ms
[1621,569s][info][gc] GC(4480) Pause Young (G1 Evacuation Pause) 449M->102M(594M) 2,746ms
[1621,972s][info][gc] GC(4481) Pause Young (G1 Evacuation Pause) 449M->101M(594M) 2,628ms
[1622,362s][info][gc] GC(4482) Pause Young (G1 Evacuation Pause) 449M->101M(594M) 1,745ms
[1622,738s][info][gc] GC(4483) Pause Young (G1 Evacuation Pause) 449M->101M(594M) 1,788ms
[1623,127s][info][gc] GC(4484) Pause Young (G1 Evacuation Pause) 449M->102M(594M) 1,875ms
[1623,512s][info][gc] GC(4485) Pause Young (G1 Evacuation Pause) 449M->100M(594M) 2,086ms
[1623,902s][info][gc] GC(4486) Pause Young (G1 Evacuation Pause) 449M->102M(594M) 1,888ms
[1624,314s][info][gc] GC(4487) Pause Young (G1 Evacuation Pause) 449M->101M(594M) 2,215ms
[1624,708s][info][gc] GC(4488) Pause Young (G1 Evacuation Pause) 449M->101M(594M) 2,501ms
[1625,087s][info][gc] GC(4489) Pause Young (G1 Evacuation Pause) 449M->101M(594M) 2,903ms
[1625,503s][info][gc] GC(4490) Pause Young (G1 Evacuation Pause) 449M->101M(594M) 2,433ms
[1625,879s][info][gc] GC(4491) Pause Young (G1 Evacuation Pause) 449M->101M(594M) 1,826ms
[1626,264s][info][gc] GC(4492) Pause Young (G1 Evacuation Pause) 449M->101M(594M) 1,821ms
[1626,666s][info][gc] GC(4493) Pause Young (G1 Evacuation Pause) 449M->101M(594M) 2,783ms
[1627,059s][info][gc] GC(4494) Pause Young (G1 Evacuation Pause) 449M->102M(594M) 2,221ms
[1627,458s][info][gc] GC(4495) Pause Young (G1 Evacuation Pause) 449M->101M(594M) 2,554ms
[1627,849s][info][gc] GC(4496) Pause Young (G1 Evacuation Pause) 449M->101M(594M) 2,242ms
[1628,226s][info][gc] GC(4497) Pause Young (G1 Evacuation Pause) 449M->102M(594M) 2,236ms
[1628,633s][info][gc] GC(4498) Pause Young (G1 Evacuation Pause) 450M->102M(594M) 1,700ms
[1629,008s][info][gc] GC(4499) Pause Young (G1 Evacuation Pause) 449M->101M(594M) 1,644ms
[1629,385s][info][gc] GC(4500) Pause Young (G1 Evacuation Pause) 449M->101M(594M) 1,771ms
[1629,761s][info][gc] GC(4501) Pause Young (G1 Evacuation Pause) 449M->101M(594M) 1,713ms
[1630,142s][info][gc] GC(4502) Pause Young (G1 Evacuation Pause) 449M->101M(594M) 1,914ms
[1630,529s][info][gc] GC(4503) Pause Young (G1 Evacuation Pause) 449M->102M(594M) 1,796ms
[1630,905s][info][gc] GC(4504) Pause Young (G1 Evacuation Pause) 449M->101M(594M) 1,837ms
[1631,289s][info][gc] GC(4505) Pause Young (G1 Evacuation Pause) 450M->102M(594M) 1,814ms
[1631,665s][info][gc] GC(4506) Pause Young (G1 Evacuation Pause) 449M->101M(594M) 2,122ms
[1632,042s][info][gc] GC(4507) Pause Young (G1 Evacuation Pause) 449M->101M(594M) 2,195ms
[1632,444s][info][gc] GC(4508) Pause Young (G1 Evacuation Pause) 449M->101M(594M) 2,676ms
[1632,857s][info][gc] GC(4509) Pause Young (G1 Evacuation Pause) 449M->102M(594M) 3,836ms
[1633,267s][info][gc] GC(4510) Pause Young (G1 Evacuation Pause) 449M->101M(594M) 2,585ms
[1633,677s][info][gc] GC(4511) Pause Young (G1 Evacuation Pause) 449M->101M(594M) 2,598ms
[1634,064s][info][gc] GC(4512) Pause Young (G1 Evacuation Pause) 449M->101M(594M) 1,793ms
[1634,448s][info][gc] GC(4513) Pause Young (G1 Evacuation Pause) 450M->102M(594M) 1,881ms
[1634,823s][info][gc] GC(4514) Pause Young (G1 Evacuation Pause) 449M->102M(594M) 1,606ms
[1635,199s][info][gc] GC(4515) Pause Young (G1 Evacuation Pause) 450M->101M(594M) 1,627ms
[1635,583s][info][gc] GC(4516) Pause Young (G1 Evacuation Pause) 449M->102M(594M) 3,441ms
[1635,971s][info][gc] GC(4517) Pause Young (G1 Evacuation Pause) 449M->101M(594M) 1,654ms
[1636,364s][info][gc] GC(4518) Pause Young (G1 Evacuation Pause) 450M->102M(594M) 2,758ms
[1636,756s][info][gc] GC(4519) Pause Young (G1 Evacuation Pause) 450M->102M(594M) 1,793ms
[1637,149s][info][gc] GC(4520) Pause Young (G1 Evacuation Pause) 449M->101M(594M) 2,237ms
[1637,536s][info][gc] GC(4521) Pause Young (G1 Evacuation Pause) 449M->102M(594M) 2,030ms
[1637,938s][info][gc] GC(4522) Pause Young (G1 Evacuation Pause) 450M->102M(594M) 1,816ms
[1638,326s][info][gc] GC(4523) Pause Young (G1 Evacuation Pause) 450M->102M(594M) 3,696ms
[1638,708s][info][gc] GC(4524) Pause Young (G1 Evacuation Pause) 450M->102M(594M) 2,672ms
[1639,124s][info][gc] GC(4525) Pause Young (G1 Evacuation Pause) 450M->102M(594M) 2,804ms
[1639,539s][info][gc] GC(4526) Pause Young (G1 Evacuation Pause) 449M->101M(594M) 2,672ms
[1639,964s][info][gc] GC(4527) Pause Young (G1 Evacuation Pause) 449M->101M(594M) 2,673ms
[1640,355s][info][gc] GC(4528) Pause Young (G1 Evacuation Pause) 449M->102M(594M) 2,605ms
[1640,767s][info][gc] GC(4529) Pause Young (G1 Evacuation Pause) 450M->101M(594M) 3,060ms
[1641,143s][info][gc] GC(4530) Pause Young (G1 Evacuation Pause) 449M->102M(594M) 1,717ms
[1641,518s][info][gc] GC(4531) Pause Young (G1 Evacuation Pause) 449M->101M(594M) 1,517ms
[1641,921s][info][gc] GC(4532) Pause Young (G1 Evacuation Pause) 449M->101M(594M) 2,033ms
[1642,324s][info][gc] GC(4533) Pause Young (G1 Evacuation Pause) 449M->101M(594M) 3,449ms
[1642,700s][info][gc] GC(4534) Pause Young (G1 Evacuation Pause) 449M->101M(594M) 1,866ms
[1643,076s][info][gc] GC(4535) Pause Young (G1 Evacuation Pause) 449M->102M(594M) 1,772ms
[1643,480s][info][gc] GC(4536) Pause Young (G1 Evacuation Pause) 450M->102M(594M) 2,707ms
[1643,898s][info][gc] GC(4537) Pause Young (G1 Evacuation Pause) 450M->102M(594M) 2,671ms
[1644,294s][info][gc] GC(4538) Pause Young (G1 Evacuation Pause) 450M->102M(594M) 5,099ms
[1644,672s][info][gc] GC(4539) Pause Young (G1 Evacuation Pause) 450M->102M(594M) 1,887ms
[1645,047s][info][gc] GC(4540) Pause Young (G1 Evacuation Pause) 449M->102M(594M) 1,678ms
[1645,446s][info][gc] GC(4541) Pause Young (G1 Evacuation Pause) 450M->102M(594M) 2,878ms
[1645,822s][info][gc] GC(4542) Pause Young (G1 Evacuation Pause) 449M->101M(594M) 1,682ms
[1646,209s][info][gc] GC(4543) Pause Young (G1 Evacuation Pause) 449M->101M(594M) 1,681ms
[1646,595s][info][gc] GC(4544) Pause Young (G1 Evacuation Pause) 449M->101M(594M) 1,651ms
[1646,980s][info][gc] GC(4545) Pause Young (G1 Evacuation Pause) 450M->102M(594M) 1,911ms
[1647,375s][info][gc] GC(4546) Pause Young (G1 Evacuation Pause) 449M->102M(594M) 2,554ms
[1647,786s][info][gc] GC(4547) Pause Young (G1 Evacuation Pause) 450M->102M(594M) 2,573ms
[1648,162s][info][gc] GC(4548) Pause Young (G1 Evacuation Pause) 450M->102M(594M) 2,233ms
[1648,541s][info][gc] GC(4549) Pause Young (G1 Evacuation Pause) 450M->103M(594M) 3,526ms
[1648,916s][info][gc] GC(4550) Pause Young (G1 Evacuation Pause) 450M->102M(594M) 1,529ms
[1649,302s][info][gc] GC(4551) Pause Young (G1 Evacuation Pause) 450M->102M(594M) 3,474ms
[1649,712s][info][gc] GC(4552) Pause Young (G1 Evacuation Pause) 450M->102M(594M) 1,722ms
[1650,095s][info][gc] GC(4553) Pause Young (G1 Evacuation Pause) 450M->102M(594M) 1,773ms
[1650,480s][info][gc] GC(4554) Pause Young (G1 Evacuation Pause) 450M->102M(594M) 1,790ms
[1650,880s][info][gc] GC(4555) Pause Young (G1 Evacuation Pause) 450M->103M(594M) 1,840ms
[1651,279s][info][gc] GC(4556) Pause Young (G1 Evacuation Pause) 450M->102M(594M) 4,718ms
[1651,656s][info][gc] GC(4557) Pause Young (G1 Evacuation Pause) 450M->102M(594M) 1,989ms
[1652,061s][info][gc] GC(4558) Pause Young (G1 Evacuation Pause) 450M->102M(594M) 2,663ms
[1652,462s][info][gc] GC(4559) Pause Young (G1 Evacuation Pause) 450M->102M(594M) 2,627ms
[1652,863s][info][gc] GC(4560) Pause Young (G1 Evacuation Pause) 450M->102M(594M) 2,600ms
[1653,266s][info][gc] GC(4561) Pause Young (G1 Evacuation Pause) 450M->102M(594M) 3,832ms
[1653,679s][info][gc] GC(4562) Pause Young (G1 Evacuation Pause) 450M->103M(594M) 1,792ms
[1654,063s][info][gc] GC(4563) Pause Young (G1 Evacuation Pause) 450M->102M(594M) 1,634ms
[1654,459s][info][gc] GC(4564) Pause Young (G1 Evacuation Pause) 450M->102M(594M) 2,770ms
[1654,878s][info][gc] GC(4565) Pause Young (G1 Evacuation Pause) 450M->102M(594M) 3,205ms
[1655,291s][info][gc] GC(4566) Pause Young (G1 Evacuation Pause) 450M->103M(594M) 2,632ms
[1655,668s][info][gc] GC(4567) Pause Young (G1 Evacuation Pause) 450M->102M(594M) 2,061ms
[1656,044s][info][gc] GC(4568) Pause Young (G1 Evacuation Pause) 450M->102M(594M) 1,834ms
[1656,429s][info][gc] GC(4569) Pause Young (G1 Evacuation Pause) 450M->102M(594M) 2,169ms
[1656,818s][info][gc] GC(4570) Pause Young (G1 Evacuation Pause) 450M->102M(594M) 3,073ms
[1657,200s][info][gc] GC(4571) Pause Young (G1 Evacuation Pause) 450M->102M(594M) 2,256ms
[1657,576s][info][gc] GC(4572) Pause Young (G1 Evacuation Pause) 450M->103M(594M) 1,662ms
[1657,952s][info][gc] GC(4573) Pause Young (G1 Evacuation Pause) 450M->102M(594M) 1,987ms
[1658,337s][info][gc] GC(4574) Pause Young (G1 Evacuation Pause) 450M->102M(594M) 1,972ms
[1658,713s][info][gc] GC(4575) Pause Young (G1 Evacuation Pause) 451M->103M(594M) 1,932ms
[1659,126s][info][gc] GC(4576) Pause Young (G1 Evacuation Pause) 450M->103M(594M) 2,663ms
[1659,543s][info][gc] GC(4577) Pause Young (G1 Evacuation Pause) 451M->103M(594M) 2,633ms
[1659,964s][info][gc] GC(4578) Pause Young (G1 Evacuation Pause) 451M->103M(594M) 3,630ms
[1660,355s][info][gc] GC(4579) Pause Young (G1 Evacuation Pause) 450M->102M(594M) 2,713ms
[1660,765s][info][gc] GC(4580) Pause Young (G1 Evacuation Pause) 450M->102M(594M) 2,686ms
[1661,141s][info][gc] GC(4581) Pause Young (G1 Evacuation Pause) 450M->102M(594M) 1,769ms
[1661,559s][info][gc] GC(4582) Pause Young (G1 Evacuation Pause) 450M->102M(594M) 2,860ms
[1661,953s][info][gc] GC(4583) Pause Young (G1 Evacuation Pause) 450M->103M(594M) 2,382ms
[1662,328s][info][gc] GC(4584) Pause Young (G1 Evacuation Pause) 451M->103M(594M) 1,623ms
[1662,717s][info][gc] GC(4585) Pause Young (G1 Evacuation Pause) 450M->102M(594M) 2,264ms
[1663,109s][info][gc] GC(4586) Pause Young (G1 Evacuation Pause) 450M->102M(594M) 1,614ms
[1663,515s][info][gc] GC(4587) Pause Young (G1 Evacuation Pause) 450M->102M(594M) 2,715ms
[1663,936s][info][gc] GC(4588) Pause Young (G1 Evacuation Pause) 450M->102M(594M) 3,489ms
[1664,353s][info][gc] GC(4589) Pause Young (G1 Evacuation Pause) 450M->102M(594M) 3,105ms
[1664,740s][info][gc] GC(4590) Pause Young (G1 Evacuation Pause) 450M->103M(594M) 1,738ms
[1665,145s][info][gc] GC(4591) Pause Young (G1 Evacuation Pause) 450M->102M(594M) 2,724ms
[1665,536s][info][gc] GC(4592) Pause Young (G1 Evacuation Pause) 450M->102M(594M) 1,750ms
[1665,912s][info][gc] GC(4593) Pause Young (G1 Evacuation Pause) 450M->102M(594M) 1,808ms
[1666,292s][info][gc] GC(4594) Pause Young (G1 Evacuation Pause) 450M->102M(594M) 3,152ms
[1666,687s][info][gc] GC(4595) Pause Young (G1 Evacuation Pause) 450M->103M(594M) 2,572ms
[1667,073s][info][gc] GC(4596) Pause Young (G1 Evacuation Pause) 451M->103M(594M) 2,261ms
[1667,460s][info][gc] GC(4597) Pause Young (G1 Evacuation Pause) 451M->103M(594M) 3,984ms
[1667,850s][info][gc] GC(4598) Pause Young (G1 Evacuation Pause) 450M->103M(594M) 2,544ms
[1668,261s][info][gc] GC(4599) Pause Young (G1 Evacuation Pause) 451M->103M(594M) 2,552ms
[1668,638s][info][gc] GC(4600) Pause Young (G1 Evacuation Pause) 451M->103M(594M) 2,230ms
[1669,044s][info][gc] GC(4601) Pause Young (G1 Evacuation Pause) 451M->103M(594M) 2,759ms
[1669,459s][info][gc] GC(4602) Pause Young (G1 Evacuation Pause) 450M->102M(594M) 2,733ms
[1669,881s][info][gc] GC(4603) Pause Young (G1 Evacuation Pause) 450M->102M(594M) 3,519ms
[1670,264s][info][gc] GC(4604) Pause Young (G1 Evacuation Pause) 450M->103M(594M) 1,747ms
[1670,664s][info][gc] GC(4605) Pause Young (G1 Evacuation Pause) 451M->103M(594M) 2,766ms
[1671,041s][info][gc] GC(4606) Pause Young (G1 Evacuation Pause) 451M->103M(594M) 1,926ms
[1671,418s][info][gc] GC(4607) Pause Young (G1 Evacuation Pause) 451M->103M(594M) 2,888ms
[1671,798s][info][gc] GC(4608) Pause Young (G1 Evacuation Pause) 451M->103M(594M) 1,758ms
[1672,175s][info][gc] GC(4609) Pause Young (G1 Evacuation Pause) 450M->102M(594M) 1,681ms
[1672,565s][info][gc] GC(4610) Pause Young (G1 Evacuation Pause) 450M->103M(594M) 2,152ms
[1672,942s][info][gc] GC(4611) Pause Young (G1 Evacuation Pause) 451M->103M(594M) 2,079ms
[1673,331s][info][gc] GC(4612) Pause Young (G1 Evacuation Pause) 451M->103M(594M) 2,661ms
[1673,708s][info][gc] GC(4613) Pause Young (G1 Evacuation Pause) 451M->103M(594M) 2,145ms
[1674,099s][info][gc] GC(4614) Pause Young (G1 Evacuation Pause) 451M->103M(594M) 1,645ms
[1674,481s][info][gc] GC(4615) Pause Young (G1 Evacuation Pause) 450M->102M(594M) 1,627ms
[1674,857s][info][gc] GC(4616) Pause Young (G1 Evacuation Pause) 450M->102M(594M) 1,564ms
[1675,233s][info][gc] GC(4617) Pause Young (G1 Evacuation Pause) 450M->103M(594M) 1,689ms
[1675,610s][info][gc] GC(4618) Pause Young (G1 Evacuation Pause) 451M->102M(594M) 1,914ms
[1675,986s][info][gc] GC(4619) Pause Young (G1 Evacuation Pause) 450M->102M(594M) 2,374ms
[1676,362s][info][gc] GC(4620) Pause Young (G1 Evacuation Pause) 450M->103M(594M) 1,749ms
[1676,738s][info][gc] GC(4621) Pause Young (G1 Evacuation Pause) 451M->104M(594M) 1,882ms
[1677,126s][info][gc] GC(4622) Pause Young (G1 Evacuation Pause) 451M->103M(594M) 2,239ms
[1677,536s][info][gc] GC(4623) Pause Young (G1 Evacuation Pause) 451M->102M(594M) 3,183ms
[1677,936s][info][gc] GC(4624) Pause Young (G1 Evacuation Pause) 451M->104M(594M) 3,791ms
[1678,324s][info][gc] GC(4625) Pause Young (G1 Evacuation Pause) 451M->103M(594M) 1,733ms
[1678,722s][info][gc] GC(4626) Pause Young (G1 Evacuation Pause) 451M->103M(594M) 2,683ms
[1679,098s][info][gc] GC(4627) Pause Young (G1 Evacuation Pause) 451M->103M(594M) 1,629ms
[1679,474s][info][gc] GC(4628) Pause Young (G1 Evacuation Pause) 451M->103M(594M) 1,603ms
[1679,879s][info][gc] GC(4629) Pause Young (G1 Evacuation Pause) 451M->104M(594M) 2,736ms
[1680,295s][info][gc] GC(4630) Pause Young (G1 Evacuation Pause) 451M->103M(594M) 3,688ms
[1680,672s][info][gc] GC(4631) Pause Young (G1 Evacuation Pause) 451M->103M(594M) 1,903ms
[1681,048s][info][gc] GC(4632) Pause Young (G1 Evacuation Pause) 451M->103M(594M) 1,827ms
[1681,447s][info][gc] GC(4633) Pause Young (G1 Evacuation Pause) 451M->103M(594M) 3,323ms
[1681,823s][info][gc] GC(4634) Pause Young (G1 Evacuation Pause) 451M->103M(594M) 2,195ms
[1682,220s][info][gc] GC(4635) Pause Young (G1 Evacuation Pause) 451M->104M(594M) 1,767ms
[1682,602s][info][gc] GC(4636) Pause Young (G1 Evacuation Pause) 451M->103M(594M) 1,690ms
[1683,013s][info][gc] GC(4637) Pause Young (G1 Evacuation Pause) 451M->103M(594M) 2,535ms
[1683,430s][info][gc] GC(4638) Pause Young (G1 Evacuation Pause) 451M->103M(594M) 2,634ms
[1683,841s][info][gc] GC(4639) Pause Young (G1 Evacuation Pause) 451M->104M(594M) 2,687ms
[1684,230s][info][gc] GC(4640) Pause Young (G1 Evacuation Pause) 451M->102M(594M) 1,763ms
[1684,624s][info][gc] GC(4641) Pause Young (G1 Evacuation Pause) 451M->103M(594M) 2,235ms
[1685,034s][info][gc] GC(4642) Pause Young (G1 Evacuation Pause) 451M->103M(594M) 2,737ms
[1685,451s][info][gc] GC(4643) Pause Young (G1 Evacuation Pause) 451M->103M(594M) 2,796ms
[1685,853s][info][gc] GC(4644) Pause Young (G1 Evacuation Pause) 451M->104M(594M) 1,862ms
[1686,230s][info][gc] GC(4645) Pause Young (G1 Evacuation Pause) 451M->103M(594M) 1,605ms
[1686,606s][info][gc] GC(4646) Pause Young (G1 Evacuation Pause) 451M->103M(594M) 1,697ms
[1686,983s][info][gc] GC(4647) Pause Young (G1 Evacuation Pause) 451M->103M(594M) 1,775ms
[1687,374s][info][gc] GC(4648) Pause Young (G1 Evacuation Pause) 451M->103M(594M) 3,733ms
[1687,767s][info][gc] GC(4649) Pause Young (G1 Evacuation Pause) 451M->104M(594M) 1,859ms
[1688,143s][info][gc] GC(4650) Pause Young (G1 Evacuation Pause) 451M->103M(594M) 1,814ms
[1688,519s][info][gc] GC(4651) Pause Young (G1 Evacuation Pause) 451M->103M(594M) 1,758ms
[1688,895s][info][gc] GC(4652) Pause Young (G1 Evacuation Pause) 451M->103M(594M) 2,584ms
[1689,278s][info][gc] GC(4653) Pause Young (G1 Evacuation Pause) 451M->104M(594M) 5,227ms
[1689,687s][info][gc] GC(4654) Pause Young (G1 Evacuation Pause) 452M->104M(594M) 2,935ms
[1690,087s][info][gc] GC(4655) Pause Young (G1 Evacuation Pause) 452M->104M(594M) 2,066ms
[1690,463s][info][gc] GC(4656) Pause Young (G1 Evacuation Pause) 451M->103M(594M) 1,886ms
[1690,839s][info][gc] GC(4657) Pause Young (G1 Evacuation Pause) 451M->103M(594M) 1,766ms
[1691,215s][info][gc] GC(4658) Pause Young (G1 Evacuation Pause) 451M->103M(594M) 1,803ms
[1691,628s][info][gc] GC(4659) Pause Young (G1 Evacuation Pause) 451M->103M(594M) 2,887ms
[1692,048s][info][gc] GC(4660) Pause Young (G1 Evacuation Pause) 451M->104M(594M) 2,702ms
[1692,425s][info][gc] GC(4661) Pause Young (G1 Evacuation Pause) 452M->104M(594M) 1,861ms
[1692,801s][info][gc] GC(4662) Pause Young (G1 Evacuation Pause) 451M->103M(594M) 1,875ms
[1693,235s][info][gc] GC(4663) Pause Young (G1 Evacuation Pause) 451M->103M(594M) 2,786ms
[1693,627s][info][gc] GC(4664) Pause Young (G1 Evacuation Pause) 451M->103M(594M) 1,947ms
[1694,046s][info][gc] GC(4665) Pause Young (G1 Evacuation Pause) 451M->104M(594M) 2,242ms
[1694,431s][info][gc] GC(4666) Pause Young (G1 Evacuation Pause) 452M->104M(594M) 1,811ms
[1694,807s][info][gc] GC(4667) Pause Young (G1 Evacuation Pause) 452M->104M(594M) 1,662ms
[1695,183s][info][gc] GC(4668) Pause Young (G1 Evacuation Pause) 452M->104M(594M) 1,974ms
[1695,572s][info][gc] GC(4669) Pause Young (G1 Evacuation Pause) 451M->104M(594M) 2,268ms
[1695,949s][info][gc] GC(4670) Pause Young (G1 Evacuation Pause) 452M->103M(594M) 1,770ms
[1696,338s][info][gc] GC(4671) Pause Young (G1 Evacuation Pause) 451M->104M(594M) 3,710ms
[1696,734s][info][gc] GC(4672) Pause Young (G1 Evacuation Pause) 452M->104M(594M) 2,198ms
[1697,119s][info][gc] GC(4673) Pause Young (G1 Evacuation Pause) 452M->104M(594M) 1,834ms
[1697,519s][info][gc] GC(4674) Pause Young (G1 Evacuation Pause) 451M->103M(594M) 2,642ms
[1697,936s][info][gc] GC(4675) Pause Young (G1 Evacuation Pause) 451M->104M(594M) 2,694ms
[1698,318s][info][gc] GC(4676) Pause Young (G1 Evacuation Pause) 452M->103M(594M) 1,787ms
[1698,703s][info][gc] GC(4677) Pause Young (G1 Evacuation Pause) 451M->104M(594M) 3,565ms
[1699,128s][info][gc] GC(4678) Pause Young (G1 Evacuation Pause) 452M->104M(594M) 2,668ms
[1699,505s][info][gc] GC(4679) Pause Young (G1 Evacuation Pause) 452M->105M(594M) 1,825ms
[1699,890s][info][gc] GC(4680) Pause Young (G1 Evacuation Pause) 452M->104M(594M) 2,127ms
[1700,269s][info][gc] GC(4681) Pause Young (G1 Evacuation Pause) 452M->103M(594M) 4,334ms
[1700,668s][info][gc] GC(4682) Pause Young (G1 Evacuation Pause) 451M->104M(594M) 1,795ms
[1701,044s][info][gc] GC(4683) Pause Young (G1 Evacuation Pause) 452M->104M(594M) 2,123ms
[1701,443s][info][gc] GC(4684) Pause Young (G1 Evacuation Pause) 452M->104M(594M) 2,752ms
[1701,852s][info][gc] GC(4685) Pause Young (G1 Evacuation Pause) 451M->103M(594M) 2,657ms
[1702,245s][info][gc] GC(4686) Pause Young (G1 Evacuation Pause) 452M->104M(594M) 1,897ms
[1702,628s][info][gc] GC(4687) Pause Young (G1 Evacuation Pause) 451M->103M(594M) 1,847ms
[1703,004s][info][gc] GC(4688) Pause Young (G1 Evacuation Pause) 451M->103M(594M) 1,739ms
[1703,398s][info][gc] GC(4689) Pause Young (G1 Evacuation Pause) 451M->104M(594M) 2,666ms
[1703,815s][info][gc] GC(4690) Pause Young (G1 Evacuation Pause) 452M->104M(594M) 3,709ms
[1704,196s][info][gc] GC(4691) Pause Young (G1 Evacuation Pause) 452M->104M(594M) 1,744ms
[1704,572s][info][gc] GC(4692) Pause Young (G1 Evacuation Pause) 452M->104M(594M) 1,791ms
[1704,978s][info][gc] GC(4693) Pause Young (G1 Evacuation Pause) 452M->104M(594M) 2,660ms
[1705,371s][info][gc] GC(4694) Pause Young (G1 Evacuation Pause) 451M->103M(594M) 2,053ms
[1705,767s][info][gc] GC(4695) Pause Young (G1 Evacuation Pause) 451M->103M(594M) 2,622ms
[1706,144s][info][gc] GC(4696) Pause Young (G1 Evacuation Pause) 452M->104M(594M) 1,827ms
[1706,527s][info][gc] GC(4697) Pause Young (G1 Evacuation Pause) 451M->104M(594M) 1,710ms
[1706,910s][info][gc] GC(4698) Pause Young (G1 Evacuation Pause) 452M->104M(594M) 1,839ms
[1707,292s][info][gc] GC(4699) Pause Young (G1 Evacuation Pause) 452M->105M(594M) 5,665ms
[1707,678s][info][gc] GC(4700) Pause Young (G1 Evacuation Pause) 452M->104M(594M) 2,141ms
[1708,055s][info][gc] GC(4701) Pause Young (G1 Evacuation Pause) 452M->104M(594M) 2,062ms
[1708,456s][info][gc] GC(4702) Pause Young (G1 Evacuation Pause) 452M->104M(594M) 2,653ms
[1708,867s][info][gc] GC(4703) Pause Young (G1 Evacuation Pause) 452M->104M(594M) 2,511ms
[1709,283s][info][gc] GC(4704) Pause Young (G1 Evacuation Pause) 452M->105M(594M) 5,855ms
[1709,659s][info][gc] GC(4705) Pause Young (G1 Evacuation Pause) 452M->103M(594M) 1,703ms
[1710,062s][info][gc] GC(4706) Pause Young (G1 Evacuation Pause) 452M->104M(594M) 2,412ms
[1710,449s][info][gc] GC(4707) Pause Young (G1 Evacuation Pause) 452M->105M(594M) 1,856ms
[1710,824s][info][gc] GC(4708) Pause Young (G1 Evacuation Pause) 452M->104M(594M) 1,616ms
[1711,215s][info][gc] GC(4709) Pause Young (G1 Evacuation Pause) 452M->104M(594M) 2,497ms
[1711,633s][info][gc] GC(4710) Pause Young (G1 Evacuation Pause) 452M->104M(594M) 2,736ms
[1712,056s][info][gc] GC(4711) Pause Young (G1 Evacuation Pause) 452M->105M(594M) 2,832ms
[1712,476s][info][gc] GC(4712) Pause Young (G1 Evacuation Pause) 452M->103M(594M) 3,381ms
[1712,901s][info][gc] GC(4713) Pause Young (G1 Evacuation Pause) 452M->105M(594M) 3,765ms
[1713,283s][info][gc] GC(4714) Pause Young (G1 Evacuation Pause) 452M->104M(594M) 5,317ms
[1713,709s][info][gc] GC(4715) Pause Young (G1 Evacuation Pause) 452M->104M(594M) 2,782ms
[1714,112s][info][gc] GC(4716) Pause Young (G1 Evacuation Pause) 452M->104M(594M) 1,759ms
[1714,495s][info][gc] GC(4717) Pause Young (G1 Evacuation Pause) 452M->104M(594M) 1,702ms
[1714,889s][info][gc] GC(4718) Pause Young (G1 Evacuation Pause) 452M->105M(594M) 2,007ms
[1715,265s][info][gc] GC(4719) Pause Young (G1 Evacuation Pause) 452M->103M(594M) 1,803ms
[1715,645s][info][gc] GC(4720) Pause Young (G1 Evacuation Pause) 452M->105M(594M) 1,893ms
[1716,038s][info][gc] GC(4721) Pause Young (G1 Evacuation Pause) 452M->104M(594M) 1,658ms
[1716,443s][info][gc] GC(4722) Pause Young (G1 Evacuation Pause) 452M->105M(594M) 2,685ms
[1716,859s][info][gc] GC(4723) Pause Young (G1 Evacuation Pause) 452M->104M(594M) 2,640ms
[1717,269s][info][gc] GC(4724) Pause Young (G1 Evacuation Pause) 452M->104M(594M) 2,568ms
[1717,659s][info][gc] GC(4725) Pause Young (G1 Evacuation Pause) 452M->104M(594M) 1,607ms
[1718,057s][info][gc] GC(4726) Pause Young (G1 Evacuation Pause) 452M->104M(594M) 1,604ms
[1718,443s][info][gc] GC(4727) Pause Young (G1 Evacuation Pause) 452M->105M(594M) 1,909ms
[1718,830s][info][gc] GC(4728) Pause Young (G1 Evacuation Pause) 453M->104M(594M) 2,727ms
[1719,207s][info][gc] GC(4729) Pause Young (G1 Evacuation Pause) 452M->105M(594M) 2,215ms
[1719,622s][info][gc] GC(4730) Pause Young (G1 Evacuation Pause) 452M->104M(594M) 2,558ms
[1719,998s][info][gc] GC(4731) Pause Young (G1 Evacuation Pause) 452M->104M(594M) 2,240ms
[1720,375s][info][gc] GC(4732) Pause Young (G1 Evacuation Pause) 452M->104M(594M) 1,937ms
[1720,761s][info][gc] GC(4733) Pause Young (G1 Evacuation Pause) 452M->105M(594M) 2,814ms
[1721,148s][info][gc] GC(4734) Pause Young (G1 Evacuation Pause) 453M->105M(594M) 2,139ms
[1721,543s][info][gc] GC(4735) Pause Young (G1 Evacuation Pause) 453M->105M(594M) 2,362ms
[1721,942s][info][gc] GC(4736) Pause Young (G1 Evacuation Pause) 452M->104M(594M) 2,590ms
[1722,336s][info][gc] GC(4737) Pause Young (G1 Evacuation Pause) 453M->105M(594M) 1,870ms
[1722,712s][info][gc] GC(4738) Pause Young (G1 Evacuation Pause) 452M->104M(594M) 1,766ms
[1723,088s][info][gc] GC(4739) Pause Young (G1 Evacuation Pause) 452M->105M(594M) 1,755ms
[1723,464s][info][gc] GC(4740) Pause Young (G1 Evacuation Pause) 453M->105M(594M) 1,912ms
[1723,880s][info][gc] GC(4741) Pause Young (G1 Evacuation Pause) 452M->104M(594M) 2,565ms
[1724,296s][info][gc] GC(4742) Pause Young (G1 Evacuation Pause) 452M->104M(594M) 3,635ms
[1724,690s][info][gc] GC(4743) Pause Young (G1 Evacuation Pause) 452M->105M(594M) 1,770ms
[1725,086s][info][gc] GC(4744) Pause Young (G1 Evacuation Pause) 453M->104M(594M) 2,152ms
[1725,466s][info][gc] GC(4745) Pause Young (G1 Evacuation Pause) 452M->105M(594M) 1,631ms
[1725,871s][info][gc] GC(4746) Pause Young (G1 Evacuation Pause) 452M->104M(594M) 1,680ms
[1726,261s][info][gc] GC(4747) Pause Young (G1 Evacuation Pause) 453M->105M(594M) 2,139ms
[1726,648s][info][gc] GC(4748) Pause Young (G1 Evacuation Pause) 452M->104M(594M) 1,554ms
[1727,032s][info][gc] GC(4749) Pause Young (G1 Evacuation Pause) 452M->104M(594M) 1,608ms
[1727,416s][info][gc] GC(4750) Pause Young (G1 Evacuation Pause) 452M->104M(594M) 2,286ms
[1727,826s][info][gc] GC(4751) Pause Young (G1 Evacuation Pause) 452M->105M(594M) 2,252ms
[1728,203s][info][gc] GC(4752) Pause Young (G1 Evacuation Pause) 453M->105M(594M) 2,126ms
[1728,616s][info][gc] GC(4753) Pause Young (G1 Evacuation Pause) 452M->104M(594M) 2,096ms
[1729,023s][info][gc] GC(4754) Pause Young (G1 Evacuation Pause) 452M->104M(594M) 2,620ms
[1729,421s][info][gc] GC(4755) Pause Young (G1 Evacuation Pause) 452M->105M(594M) 1,754ms
[1729,806s][info][gc] GC(4756) Pause Young (G1 Evacuation Pause) 453M->105M(594M) 3,451ms
[1730,197s][info][gc] GC(4757) Pause Young (G1 Evacuation Pause) 453M->105M(594M) 1,687ms
[1730,574s][info][gc] GC(4758) Pause Young (G1 Evacuation Pause) 453M->105M(594M) 1,756ms
[1730,950s][info][gc] GC(4759) Pause Young (G1 Evacuation Pause) 452M->104M(594M) 1,864ms
[1731,341s][info][gc] GC(4760) Pause Young (G1 Evacuation Pause) 452M->104M(594M) 2,568ms
[1731,718s][info][gc] GC(4761) Pause Young (G1 Evacuation Pause) 452M->105M(594M) 2,200ms
[1732,116s][info][gc] GC(4762) Pause Young (G1 Evacuation Pause) 453M->105M(594M) 1,755ms
[1732,523s][info][gc] GC(4763) Pause Young (G1 Evacuation Pause) 453M->105M(594M) 2,887ms
[1732,923s][info][gc] GC(4764) Pause Young (G1 Evacuation Pause) 452M->104M(594M) 2,052ms
[1733,340s][info][gc] GC(4765) Pause Young (G1 Evacuation Pause) 453M->106M(594M) 2,853ms
[1733,751s][info][gc] GC(4766) Pause Young (G1 Evacuation Pause) 453M->104M(594M) 2,556ms
[1734,145s][info][gc] GC(4767) Pause Young (G1 Evacuation Pause) 452M->105M(594M) 1,578ms
[1734,530s][info][gc] GC(4768) Pause Young (G1 Evacuation Pause) 453M->105M(594M) 1,585ms
[1734,925s][info][gc] GC(4769) Pause Young (G1 Evacuation Pause) 453M->105M(594M) 2,890ms
[1735,339s][info][gc] GC(4770) Pause Young (G1 Evacuation Pause) 453M->105M(594M) 2,668ms
[1735,742s][info][gc] GC(4771) Pause Young (G1 Evacuation Pause) 452M->104M(594M) 2,031ms
[1736,118s][info][gc] GC(4772) Pause Young (G1 Evacuation Pause) 452M->104M(594M) 2,131ms
[1736,523s][info][gc] GC(4773) Pause Young (G1 Evacuation Pause) 452M->105M(594M) 2,505ms
[1736,909s][info][gc] GC(4774) Pause Young (G1 Evacuation Pause) 453M->105M(594M) 1,789ms
[1737,294s][info][gc] GC(4775) Pause Young (G1 Evacuation Pause) 453M->105M(594M) 4,236ms
[1737,688s][info][gc] GC(4776) Pause Young (G1 Evacuation Pause) 452M->105M(594M) 2,510ms
[1738,088s][info][gc] GC(4777) Pause Young (G1 Evacuation Pause) 453M->104M(594M) 2,309ms
[1738,472s][info][gc] GC(4778) Pause Young (G1 Evacuation Pause) 452M->104M(594M) 1,617ms
[1738,861s][info][gc] GC(4779) Pause Young (G1 Evacuation Pause) 453M->106M(594M) 2,742ms
[1739,249s][info][gc] GC(4780) Pause Young (G1 Evacuation Pause) 453M->105M(594M) 2,237ms
[1739,661s][info][gc] GC(4781) Pause Young (G1 Evacuation Pause) 453M->105M(594M) 2,701ms
[1740,070s][info][gc] GC(4782) Pause Young (G1 Evacuation Pause) 453M->105M(594M) 2,715ms
[1740,461s][info][gc] GC(4783) Pause Young (G1 Evacuation Pause) 453M->106M(594M) 2,408ms
[1740,837s][info][gc] GC(4784) Pause Young (G1 Evacuation Pause) 453M->105M(594M) 1,719ms
[1741,214s][info][gc] GC(4785) Pause Young (G1 Evacuation Pause) 453M->105M(594M) 1,729ms
[1741,590s][info][gc] GC(4786) Pause Young (G1 Evacuation Pause) 453M->106M(594M) 1,760ms
[1741,965s][info][gc] GC(4787) Pause Young (G1 Evacuation Pause) 453M->105M(594M) 1,445ms
[1742,356s][info][gc] GC(4788) Pause Young (G1 Evacuation Pause) 453M->104M(594M) 1,595ms
[1742,733s][info][gc] GC(4789) Pause Young (G1 Evacuation Pause) 453M->106M(594M) 1,718ms
[1743,128s][info][gc] GC(4790) Pause Young (G1 Evacuation Pause) 453M->105M(594M) 1,931ms
[1743,519s][info][gc] GC(4791) Pause Young (G1 Evacuation Pause) 453M->105M(594M) 2,258ms
[1743,942s][info][gc] GC(4792) Pause Young (G1 Evacuation Pause) 453M->105M(594M) 2,731ms
[1744,353s][info][gc] GC(4793) Pause Young (G1 Evacuation Pause) 453M->106M(594M) 2,709ms
[1744,754s][info][gc] GC(4794) Pause Young (G1 Evacuation Pause) 453M->105M(594M) 1,740ms
[1745,149s][info][gc] GC(4795) Pause Young (G1 Evacuation Pause) 453M->105M(594M) 2,006ms
[1745,546s][info][gc] GC(4796) Pause Young (G1 Evacuation Pause) 453M->105M(594M) 3,220ms
[1745,923s][info][gc] GC(4797) Pause Young (G1 Evacuation Pause) 453M->105M(594M) 1,782ms
[1746,307s][info][gc] GC(4798) Pause Young (G1 Evacuation Pause) 453M->105M(594M) 3,489ms
[1746,686s][info][gc] GC(4799) Pause Young (G1 Evacuation Pause) 453M->105M(594M) 1,766ms
[1747,114s][info][gc] GC(4800) Pause Young (G1 Evacuation Pause) 453M->106M(594M) 2,624ms
[1747,542s][info][gc] GC(4801) Pause Young (G1 Evacuation Pause) 453M->105M(594M) 3,132ms
[1747,940s][info][gc] GC(4802) Pause Young (G1 Evacuation Pause) 453M->105M(594M) 2,292ms
[1748,330s][info][gc] GC(4803) Pause Young (G1 Evacuation Pause) 453M->105M(594M) 2,974ms
[1748,707s][info][gc] GC(4804) Pause Young (G1 Evacuation Pause) 453M->106M(594M) 2,310ms
[1749,121s][info][gc] GC(4805) Pause Young (G1 Evacuation Pause) 454M->106M(594M) 2,745ms
[1749,536s][info][gc] GC(4806) Pause Young (G1 Evacuation Pause) 454M->106M(594M) 2,703ms
[1749,912s][info][gc] GC(4807) Pause Young (G1 Evacuation Pause) 453M->105M(594M) 2,374ms
[1750,300s][info][gc] GC(4808) Pause Young (G1 Evacuation Pause) 453M->105M(594M) 5,992ms
[1750,711s][info][gc] GC(4809) Pause Young (G1 Evacuation Pause) 453M->105M(594M) 2,460ms
[1751,102s][info][gc] GC(4810) Pause Young (G1 Evacuation Pause) 453M->106M(594M) 1,829ms
[1751,505s][info][gc] GC(4811) Pause Young (G1 Evacuation Pause) 454M->106M(594M) 2,196ms
[1751,904s][info][gc] GC(4812) Pause Young (G1 Evacuation Pause) 454M->106M(594M) 2,679ms
[1752,289s][info][gc] GC(4813) Pause Young (G1 Evacuation Pause) 453M->105M(594M) 4,385ms
[1752,673s][info][gc] GC(4814) Pause Young (G1 Evacuation Pause) 453M->105M(594M) 1,795ms
[1753,050s][info][gc] GC(4815) Pause Young (G1 Evacuation Pause) 453M->105M(594M) 2,799ms
[1753,450s][info][gc] GC(4816) Pause Young (G1 Evacuation Pause) 453M->105M(594M) 3,367ms
[1753,871s][info][gc] GC(4817) Pause Young (G1 Evacuation Pause) 453M->106M(594M) 2,758ms
[1754,257s][info][gc] GC(4818) Pause Young (G1 Evacuation Pause) 453M->105M(594M) 1,886ms
[1754,646s][info][gc] GC(4819) Pause Young (G1 Evacuation Pause) 454M->106M(594M) 2,345ms
[1755,024s][info][gc] GC(4820) Pause Young (G1 Evacuation Pause) 453M->105M(594M) 2,501ms
[1755,400s][info][gc] GC(4821) Pause Young (G1 Evacuation Pause) 453M->105M(594M) 2,179ms
[1755,782s][info][gc] GC(4822) Pause Young (G1 Evacuation Pause) 453M->105M(594M) 1,813ms
[1756,158s][info][gc] GC(4823) Pause Young (G1 Evacuation Pause) 453M->106M(594M) 1,776ms
[1756,533s][info][gc] GC(4824) Pause Young (G1 Evacuation Pause) 453M->105M(594M) 1,582ms
[1756,909s][info][gc] GC(4825) Pause Young (G1 Evacuation Pause) 453M->105M(594M) 1,632ms
[1757,294s][info][gc] GC(4826) Pause Young (G1 Evacuation Pause) 453M->105M(594M) 3,610ms
[1757,670s][info][gc] GC(4827) Pause Young (G1 Evacuation Pause) 453M->106M(594M) 1,657ms
[1758,057s][info][gc] GC(4828) Pause Young (G1 Evacuation Pause) 454M->106M(594M) 1,749ms
[1758,449s][info][gc] GC(4829) Pause Young (G1 Evacuation Pause) 454M->106M(594M) 2,555ms
[1758,863s][info][gc] GC(4830) Pause Young (G1 Evacuation Pause) 454M->106M(594M) 2,631ms
[1759,285s][info][gc] GC(4831) Pause Young (G1 Evacuation Pause) 454M->106M(594M) 3,793ms
[1759,682s][info][gc] GC(4832) Pause Young (G1 Evacuation Pause) 453M->106M(594M) 1,678ms
[1760,076s][info][gc] GC(4833) Pause Young (G1 Evacuation Pause) 454M->105M(594M) 3,461ms
[1760,489s][info][gc] GC(4834) Pause Young (G1 Evacuation Pause) 453M->106M(594M) 2,852ms
[1760,867s][info][gc] GC(4835) Pause Young (G1 Evacuation Pause) 454M->106M(594M) 1,771ms
[1761,242s][info][gc] GC(4836) Pause Young (G1 Evacuation Pause) 453M->106M(594M) 1,716ms
[1761,638s][info][gc] GC(4837) Pause Young (G1 Evacuation Pause) 454M->106M(594M) 2,086ms
[1762,042s][info][gc] GC(4838) Pause Young (G1 Evacuation Pause) 454M->106M(594M) 1,572ms
[1762,434s][info][gc] GC(4839) Pause Young (G1 Evacuation Pause) 454M->106M(594M) 1,749ms
[1762,867s][info][gc] GC(4840) Pause Young (G1 Evacuation Pause) 454M->106M(594M) 5,861ms
[1763,284s][info][gc] GC(4841) Pause Young (G1 Evacuation Pause) 454M->106M(594M) 2,680ms
[1763,695s][info][gc] GC(4842) Pause Young (G1 Evacuation Pause) 454M->106M(594M) 2,679ms
[1764,090s][info][gc] GC(4843) Pause Young (G1 Evacuation Pause) 453M->105M(594M) 1,915ms
[1764,493s][info][gc] GC(4844) Pause Young (G1 Evacuation Pause) 453M->105M(594M) 4,109ms
[1764,887s][info][gc] GC(4845) Pause Young (G1 Evacuation Pause) 453M->106M(594M) 2,310ms
[1765,263s][info][gc] GC(4846) Pause Young (G1 Evacuation Pause) 454M->106M(594M) 2,122ms
[1765,641s][info][gc] GC(4847) Pause Young (G1 Evacuation Pause) 454M->106M(594M) 2,337ms
[1766,016s][info][gc] GC(4848) Pause Young (G1 Evacuation Pause) 453M->105M(594M) 1,700ms
[1766,407s][info][gc] GC(4849) Pause Young (G1 Evacuation Pause) 454M->106M(594M) 1,931ms
[1766,794s][info][gc] GC(4850) Pause Young (G1 Evacuation Pause) 453M->106M(594M) 6,341ms
[1767,220s][info][gc] GC(4851) Pause Young (G1 Evacuation Pause) 454M->106M(594M) 2,599ms
[1767,605s][info][gc] GC(4852) Pause Young (G1 Evacuation Pause) 454M->106M(594M) 1,626ms
[1768,013s][info][gc] GC(4853) Pause Young (G1 Evacuation Pause) 454M->106M(594M) 2,624ms
[1768,427s][info][gc] GC(4854) Pause Young (G1 Evacuation Pause) 453M->106M(594M) 2,628ms
[1768,818s][info][gc] GC(4855) Pause Young (G1 Evacuation Pause) 454M->106M(594M) 2,075ms
[1769,195s][info][gc] GC(4856) Pause Young (G1 Evacuation Pause) 454M->106M(594M) 2,125ms
[1769,572s][info][gc] GC(4857) Pause Young (G1 Evacuation Pause) 454M->106M(594M) 2,185ms
[1769,949s][info][gc] GC(4858) Pause Young (G1 Evacuation Pause) 454M->106M(594M) 2,039ms
[1770,351s][info][gc] GC(4859) Pause Young (G1 Evacuation Pause) 454M->106M(594M) 5,898ms
[1770,728s][info][gc] GC(4860) Pause Young (G1 Evacuation Pause) 454M->106M(594M) 2,029ms
[1771,106s][info][gc] GC(4861) Pause Young (G1 Evacuation Pause) 454M->107M(594M) 1,937ms
[1771,489s][info][gc] GC(4862) Pause Young (G1 Evacuation Pause) 454M->105M(594M) 2,406ms
[1771,875s][info][gc] GC(4863) Pause Young (G1 Evacuation Pause) 454M->106M(594M) 2,590ms
[1772,252s][info][gc] GC(4864) Pause Young (G1 Evacuation Pause) 454M->106M(594M) 1,821ms
[1772,683s][info][gc] GC(4865) Pause Young (G1 Evacuation Pause) 454M->106M(594M) 2,818ms
[1773,087s][info][gc] GC(4866) Pause Young (G1 Evacuation Pause) 454M->107M(594M) 2,045ms
[1773,492s][info][gc] GC(4867) Pause Young (G1 Evacuation Pause) 454M->106M(594M) 2,722ms
[1773,897s][info][gc] GC(4868) Pause Young (G1 Evacuation Pause) 454M->106M(594M) 1,915ms
[1774,274s][info][gc] GC(4869) Pause Young (G1 Evacuation Pause) 454M->106M(594M) 1,787ms
[1774,650s][info][gc] GC(4870) Pause Young (G1 Evacuation Pause) 454M->106M(594M) 1,694ms
[1775,056s][info][gc] GC(4871) Pause Young (G1 Evacuation Pause) 454M->107M(594M) 2,857ms
[1775,470s][info][gc] GC(4872) Pause Young (G1 Evacuation Pause) 454M->106M(594M) 1,681ms
[1775,862s][info][gc] GC(4873) Pause Young (G1 Evacuation Pause) 454M->106M(594M) 3,125ms
[1776,240s][info][gc] GC(4874) Pause Young (G1 Evacuation Pause) 454M->106M(594M) 2,514ms
[1776,629s][info][gc] GC(4875) Pause Young (G1 Evacuation Pause) 454M->106M(594M) 1,722ms
[1777,021s][info][gc] GC(4876) Pause Young (G1 Evacuation Pause) 454M->107M(594M) 2,024ms
[1777,418s][info][gc] GC(4877) Pause Young (G1 Evacuation Pause) 454M->106M(594M) 2,190ms
[1777,801s][info][gc] GC(4878) Pause Young (G1 Evacuation Pause) 454M->106M(594M) 2,541ms
[1778,176s][info][gc] GC(4879) Pause Young (G1 Evacuation Pause) 454M->106M(594M) 1,564ms
[1778,563s][info][gc] GC(4880) Pause Young (G1 Evacuation Pause) 454M->106M(594M) 1,743ms
[1778,962s][info][gc] GC(4881) Pause Young (G1 Evacuation Pause) 454M->106M(594M) 2,625ms
[1779,376s][info][gc] GC(4882) Pause Young (G1 Evacuation Pause) 454M->107M(594M) 2,314ms
[1779,775s][info][gc] GC(4883) Pause Young (G1 Evacuation Pause) 455M->107M(594M) 3,874ms
[1780,185s][info][gc] GC(4884) Pause Young (G1 Evacuation Pause) 454M->106M(594M) 2,594ms
[1780,587s][info][gc] GC(4885) Pause Young (G1 Evacuation Pause) 454M->106M(594M) 1,835ms
[1780,993s][info][gc] GC(4886) Pause Young (G1 Evacuation Pause) 454M->106M(594M) 4,226ms
[1781,411s][info][gc] GC(4887) Pause Young (G1 Evacuation Pause) 454M->107M(594M) 2,688ms
[1781,834s][info][gc] GC(4888) Pause Young (G1 Evacuation Pause) 455M->107M(594M) 3,776ms
[1782,217s][info][gc] GC(4889) Pause Young (G1 Evacuation Pause) 454M->106M(594M) 1,785ms
[1782,606s][info][gc] GC(4890) Pause Young (G1 Evacuation Pause) 454M->106M(594M) 1,882ms
[1783,008s][info][gc] GC(4891) Pause Young (G1 Evacuation Pause) 454M->106M(594M) 2,581ms
[1783,424s][info][gc] GC(4892) Pause Young (G1 Evacuation Pause) 454M->106M(594M) 2,695ms
[1783,844s][info][gc] GC(4893) Pause Young (G1 Evacuation Pause) 454M->106M(594M) 2,721ms
[1784,255s][info][gc] GC(4894) Pause Young (G1 Evacuation Pause) 454M->107M(594M) 2,756ms
[1784,662s][info][gc] GC(4895) Pause Young (G1 Evacuation Pause) 455M->107M(594M) 2,208ms
[1785,045s][info][gc] GC(4896) Pause Young (G1 Evacuation Pause) 454M->106M(594M) 2,116ms
[1785,427s][info][gc] GC(4897) Pause Young (G1 Evacuation Pause) 454M->106M(594M) 1,734ms
[1785,812s][info][gc] GC(4898) Pause Young (G1 Evacuation Pause) 454M->106M(594M) 2,055ms
[1786,203s][info][gc] GC(4899) Pause Young (G1 Evacuation Pause) 454M->106M(594M) 2,307ms
[1786,615s][info][gc] GC(4900) Pause Young (G1 Evacuation Pause) 454M->106M(594M) 2,717ms
[1787,026s][info][gc] GC(4901) Pause Young (G1 Evacuation Pause) 454M->107M(594M) 2,927ms
[1787,438s][info][gc] GC(4902) Pause Young (G1 Evacuation Pause) 455M->107M(594M) 1,789ms
[1787,829s][info][gc] GC(4903) Pause Young (G1 Evacuation Pause) 454M->107M(594M) 2,661ms
[1788,205s][info][gc] GC(4904) Pause Young (G1 Evacuation Pause) 455M->107M(594M) 1,820ms
[1788,625s][info][gc] GC(4905) Pause Young (G1 Evacuation Pause) 454M->106M(594M) 2,670ms
[1789,018s][info][gc] GC(4906) Pause Young (G1 Evacuation Pause) 455M->107M(594M) 1,681ms
[1789,420s][info][gc] GC(4907) Pause Young (G1 Evacuation Pause) 454M->106M(594M) 3,621ms
[1789,818s][info][gc] GC(4908) Pause Young (G1 Evacuation Pause) 454M->107M(594M) 2,703ms
[1790,208s][info][gc] GC(4909) Pause Young (G1 Evacuation Pause) 455M->106M(594M) 1,617ms
[1790,594s][info][gc] GC(4910) Pause Young (G1 Evacuation Pause) 454M->107M(594M) 1,717ms
[1790,970s][info][gc] GC(4911) Pause Young (G1 Evacuation Pause) 455M->107M(594M) 1,964ms
[1791,347s][info][gc] GC(4912) Pause Young (G1 Evacuation Pause) 455M->107M(594M) 2,385ms
[1791,723s][info][gc] GC(4913) Pause Young (G1 Evacuation Pause) 454M->106M(594M) 2,188ms
[1792,142s][info][gc] GC(4914) Pause Young (G1 Evacuation Pause) 454M->107M(594M) 2,669ms
[1792,558s][info][gc] GC(4915) Pause Young (G1 Evacuation Pause) 455M->107M(594M) 2,593ms
[1792,957s][info][gc] GC(4916) Pause Young (G1 Evacuation Pause) 455M->107M(594M) 2,098ms
[1793,373s][info][gc] GC(4917) Pause Young (G1 Evacuation Pause) 455M->107M(594M) 2,752ms
[1793,751s][info][gc] GC(4918) Pause Young (G1 Evacuation Pause) 455M->107M(594M) 2,144ms
[1794,158s][info][gc] GC(4919) Pause Young (G1 Evacuation Pause) 454M->106M(594M) 1,703ms
[1794,544s][info][gc] GC(4920) Pause Young (G1 Evacuation Pause) 454M->106M(594M) 1,911ms
[1794,938s][info][gc] GC(4921) Pause Young (G1 Evacuation Pause) 454M->107M(594M) 1,932ms
[1795,334s][info][gc] GC(4922) Pause Young (G1 Evacuation Pause) 455M->106M(594M) 3,533ms
[1795,745s][info][gc] GC(4923) Pause Young (G1 Evacuation Pause) 454M->107M(594M) 2,681ms
[1796,122s][info][gc] GC(4924) Pause Young (G1 Evacuation Pause) 455M->107M(594M) 1,976ms
[1796,531s][info][gc] GC(4925) Pause Young (G1 Evacuation Pause) 454M->106M(594M) 2,103ms
[1796,908s][info][gc] GC(4926) Pause Young (G1 Evacuation Pause) 455M->108M(594M) 2,096ms
[1797,291s][info][gc] GC(4927) Pause Young (G1 Evacuation Pause) 455M->107M(594M) 6,167ms
[1797,695s][info][gc] GC(4928) Pause Young (G1 Evacuation Pause) 455M->107M(594M) 2,257ms
[1798,098s][info][gc] GC(4929) Pause Young (G1 Evacuation Pause) 455M->107M(594M) 1,673ms
[1798,484s][info][gc] GC(4930) Pause Young (G1 Evacuation Pause) 455M->108M(594M) 1,985ms
[1798,860s][info][gc] GC(4931) Pause Young (G1 Evacuation Pause) 455M->107M(594M) 1,756ms
[1799,236s][info][gc] GC(4932) Pause Young (G1 Evacuation Pause) 455M->107M(594M) 1,909ms
[1799,659s][info][gc] GC(4933) Pause Young (G1 Evacuation Pause) 455M->107M(594M) 2,770ms
[1800,055s][info][gc] GC(4934) Pause Young (G1 Evacuation Pause) 455M->107M(594M) 1,871ms
[1800,455s][info][gc] GC(4935) Pause Young (G1 Evacuation Pause) 455M->107M(594M) 2,731ms
[1800,868s][info][gc] GC(4936) Pause Young (G1 Evacuation Pause) 455M->107M(594M) 1,682ms
[1801,244s][info][gc] GC(4937) Pause Young (G1 Evacuation Pause) 455M->108M(594M) 2,465ms
[1801,661s][info][gc] GC(4938) Pause Young (G1 Evacuation Pause) 455M->107M(594M) 1,920ms
[1802,063s][info][gc] GC(4939) Pause Young (G1 Evacuation Pause) 455M->107M(594M) 1,611ms
[1802,466s][info][gc] GC(4940) Pause Young (G1 Evacuation Pause) 455M->107M(594M) 3,570ms
[1802,881s][info][gc] GC(4941) Pause Young (G1 Evacuation Pause) 455M->107M(594M) 3,133ms
[1803,292s][info][gc] GC(4942) Pause Young (G1 Evacuation Pause) 455M->107M(594M) 2,888ms
[1803,692s][info][gc] GC(4943) Pause Young (G1 Evacuation Pause) 455M->108M(594M) 3,550ms
[1804,113s][info][gc] GC(4944) Pause Young (G1 Evacuation Pause) 455M->107M(594M) 2,781ms
[1804,520s][info][gc] GC(4945) Pause Young (G1 Evacuation Pause) 455M->107M(594M) 2,902ms
[1804,904s][info][gc] GC(4946) Pause Young (G1 Evacuation Pause) 455M->108M(594M) 2,007ms
[1805,288s][info][gc] GC(4947) Pause Young (G1 Evacuation Pause) 455M->107M(594M) 4,509ms
[1805,685s][info][gc] GC(4948) Pause Young (G1 Evacuation Pause) 455M->106M(594M) 1,926ms
[1806,069s][info][gc] GC(4949) Pause Young (G1 Evacuation Pause) 455M->108M(594M) 1,911ms
[1806,455s][info][gc] GC(4950) Pause Young (G1 Evacuation Pause) 455M->107M(594M) 1,785ms
[1806,831s][info][gc] GC(4951) Pause Young (G1 Evacuation Pause) 455M->107M(594M) 1,760ms
[1807,208s][info][gc] GC(4952) Pause Young (G1 Evacuation Pause) 455M->107M(594M) 2,195ms
[1807,585s][info][gc] GC(4953) Pause Young (G1 Evacuation Pause) 455M->107M(594M) 2,114ms
[1807,987s][info][gc] GC(4954) Pause Young (G1 Evacuation Pause) 455M->108M(594M) 2,757ms
[1808,402s][info][gc] GC(4955) Pause Young (G1 Evacuation Pause) 455M->107M(594M) 2,512ms
[1808,820s][info][gc] GC(4956) Pause Young (G1 Evacuation Pause) 455M->107M(594M) 2,579ms
[1809,197s][info][gc] GC(4957) Pause Young (G1 Evacuation Pause) 455M->107M(594M) 2,095ms
[1809,612s][info][gc] GC(4958) Pause Young (G1 Evacuation Pause) 455M->108M(594M) 3,399ms
[1810,026s][info][gc] GC(4959) Pause Young (G1 Evacuation Pause) 455M->106M(594M) 4,128ms
[1810,420s][info][gc] GC(4960) Pause Young (G1 Evacuation Pause) 455M->108M(594M) 1,782ms
[1810,796s][info][gc] GC(4961) Pause Young (G1 Evacuation Pause) 456M->108M(594M) 1,777ms
[1811,171s][info][gc] GC(4962) Pause Young (G1 Evacuation Pause) 455M->107M(594M) 1,618ms
[1811,556s][info][gc] GC(4963) Pause Young (G1 Evacuation Pause) 455M->107M(594M) 1,689ms
[1811,932s][info][gc] GC(4964) Pause Young (G1 Evacuation Pause) 455M->108M(594M) 1,836ms
[1812,339s][info][gc] GC(4965) Pause Young (G1 Evacuation Pause) 456M->108M(594M) 2,878ms
[1812,716s][info][gc] GC(4966) Pause Young (G1 Evacuation Pause) 456M->108M(594M) 2,192ms
[1813,136s][info][gc] GC(4967) Pause Young (G1 Evacuation Pause) 455M->107M(594M) 3,232ms
[1813,554s][info][gc] GC(4968) Pause Young (G1 Evacuation Pause) 455M->107M(594M) 2,581ms
[1813,966s][info][gc] GC(4969) Pause Young (G1 Evacuation Pause) 455M->107M(594M) 2,695ms
[1814,379s][info][gc] GC(4970) Pause Young (G1 Evacuation Pause) 455M->107M(594M) 2,778ms
[1814,758s][info][gc] GC(4971) Pause Young (G1 Evacuation Pause) 455M->108M(594M) 2,296ms
[1815,135s][info][gc] GC(4972) Pause Young (G1 Evacuation Pause) 456M->108M(594M) 1,859ms
[1815,514s][info][gc] GC(4973) Pause Young (G1 Evacuation Pause) 455M->107M(594M) 1,626ms
[1815,898s][info][gc] GC(4974) Pause Young (G1 Evacuation Pause) 455M->107M(594M) 1,627ms
[1816,322s][info][gc] GC(4975) Pause Young (G1 Evacuation Pause) 455M->107M(594M) 3,151ms
[1816,729s][info][gc] GC(4976) Pause Young (G1 Evacuation Pause) 455M->108M(594M) 1,884ms
[1817,112s][info][gc] GC(4977) Pause Young (G1 Evacuation Pause) 456M->108M(594M) 1,837ms
[1817,507s][info][gc] GC(4978) Pause Young (G1 Evacuation Pause) 455M->107M(594M) 7,478ms
[1817,905s][info][gc] GC(4979) Pause Young (G1 Evacuation Pause) 456M->108M(594M) 2,878ms
[1818,289s][info][gc] GC(4980) Pause Young (G1 Evacuation Pause) 455M->107M(594M) 2,536ms
[1818,665s][info][gc] GC(4981) Pause Young (G1 Evacuation Pause) 455M->107M(594M) 1,782ms
[1819,041s][info][gc] GC(4982) Pause Young (G1 Evacuation Pause) 455M->108M(594M) 1,948ms
[1819,438s][info][gc] GC(4983) Pause Young (G1 Evacuation Pause) 455M->107M(594M) 2,525ms
[1819,855s][info][gc] GC(4984) Pause Young (G1 Evacuation Pause) 455M->107M(594M) 2,568ms
[1820,231s][info][gc] GC(4985) Pause Young (G1 Evacuation Pause) 456M->109M(594M) 2,104ms
[1820,609s][info][gc] GC(4986) Pause Young (G1 Evacuation Pause) 456M->108M(594M) 1,824ms
[1820,999s][info][gc] GC(4987) Pause Young (G1 Evacuation Pause) 456M->108M(594M) 1,775ms
[1821,375s][info][gc] GC(4988) Pause Young (G1 Evacuation Pause) 456M->108M(594M) 1,889ms
[1821,751s][info][gc] GC(4989) Pause Young (G1 Evacuation Pause) 456M->109M(594M) 1,856ms
[1822,133s][info][gc] GC(4990) Pause Young (G1 Evacuation Pause) 456M->107M(594M) 1,677ms
[1822,517s][info][gc] GC(4991) Pause Young (G1 Evacuation Pause) 455M->108M(594M) 1,571ms
[1822,911s][info][gc] GC(4992) Pause Young (G1 Evacuation Pause) 456M->108M(594M) 2,623ms
[1823,326s][info][gc] GC(4993) Pause Young (G1 Evacuation Pause) 456M->108M(594M) 2,621ms
[1823,741s][info][gc] GC(4994) Pause Young (G1 Evacuation Pause) 456M->108M(594M) 2,696ms
[1824,118s][info][gc] GC(4995) Pause Young (G1 Evacuation Pause) 456M->108M(594M) 1,930ms
[1824,521s][info][gc] GC(4996) Pause Young (G1 Evacuation Pause) 455M->107M(594M) 2,767ms
[1824,898s][info][gc] GC(4997) Pause Young (G1 Evacuation Pause) 455M->108M(594M) 1,771ms
[1825,274s][info][gc] GC(4998) Pause Young (G1 Evacuation Pause) 456M->108M(594M) 2,034ms
[1825,695s][info][gc] GC(4999) Pause Young (G1 Evacuation Pause) 456M->108M(594M) 2,648ms
[1826,081s][info][gc] GC(5000) Pause Young (G1 Evacuation Pause) 456M->108M(594M) 1,646ms
[1826,470s][info][gc] GC(5001) Pause Young (G1 Evacuation Pause) 456M->108M(594M) 1,822ms
[1826,853s][info][gc] GC(5002) Pause Young (G1 Evacuation Pause) 455M->107M(594M) 2,238ms
[1827,229s][info][gc] GC(5003) Pause Young (G1 Evacuation Pause) 456M->108M(594M) 1,787ms
[1827,622s][info][gc] GC(5004) Pause Young (G1 Evacuation Pause) 455M->108M(594M) 2,401ms
[1828,002s][info][gc] GC(5005) Pause Young (G1 Evacuation Pause) 456M->108M(594M) 2,210ms
[1828,403s][info][gc] GC(5006) Pause Young (G1 Evacuation Pause) 456M->108M(594M) 6,023ms
[1828,825s][info][gc] GC(5007) Pause Young (G1 Evacuation Pause) 456M->108M(594M) 2,586ms
[1829,240s][info][gc] GC(5008) Pause Young (G1 Evacuation Pause) 455M->108M(594M) 2,691ms
[1829,629s][info][gc] GC(5009) Pause Young (G1 Evacuation Pause) 456M->108M(594M) 2,234ms
[1830,007s][info][gc] GC(5010) Pause Young (G1 Evacuation Pause) 456M->108M(594M) 2,921ms
[1830,401s][info][gc] GC(5011) Pause Young (G1 Evacuation Pause) 456M->108M(594M) 2,122ms
[1830,779s][info][gc] GC(5012) Pause Young (G1 Evacuation Pause) 456M->108M(594M) 2,311ms
[1831,185s][info][gc] GC(5013) Pause Young (G1 Evacuation Pause) 456M->109M(594M) 2,362ms
[1831,584s][info][gc] GC(5014) Pause Young (G1 Evacuation Pause) 456M->108M(594M) 6,121ms
[1832,015s][info][gc] GC(5015) Pause Young (G1 Evacuation Pause) 456M->108M(594M) 2,721ms
[1832,443s][info][gc] GC(5016) Pause Young (G1 Evacuation Pause) 456M->108M(594M) 3,534ms
[1832,860s][info][gc] GC(5017) Pause Young (G1 Evacuation Pause) 456M->108M(594M) 3,654ms
[1833,273s][info][gc] GC(5018) Pause Young (G1 Evacuation Pause) 456M->109M(594M) 3,792ms
[1833,651s][info][gc] GC(5019) Pause Young (G1 Evacuation Pause) 456M->108M(594M) 2,113ms
[1834,063s][info][gc] GC(5020) Pause Young (G1 Evacuation Pause) 456M->108M(594M) 1,694ms
[1834,446s][info][gc] GC(5021) Pause Young (G1 Evacuation Pause) 456M->108M(594M) 1,886ms
[1834,833s][info][gc] GC(5022) Pause Young (G1 Evacuation Pause) 456M->108M(594M) 2,759ms
[1835,244s][info][gc] GC(5023) Pause Young (G1 Evacuation Pause) 456M->108M(594M) 2,715ms
[1835,655s][info][gc] GC(5024) Pause Young (G1 Evacuation Pause) 456M->108M(594M) 2,746ms
[1836,041s][info][gc] GC(5025) Pause Young (G1 Evacuation Pause) 456M->109M(594M) 1,627ms
[1836,443s][info][gc] GC(5026) Pause Young (G1 Evacuation Pause) 456M->108M(594M) 3,492ms
[1836,853s][info][gc] GC(5027) Pause Young (G1 Evacuation Pause) 456M->108M(594M) 2,046ms
[1837,230s][info][gc] GC(5028) Pause Young (G1 Evacuation Pause) 456M->108M(594M) 1,735ms
[1837,625s][info][gc] GC(5029) Pause Young (G1 Evacuation Pause) 456M->108M(594M) 1,880ms
[1838,015s][info][gc] GC(5030) Pause Young (G1 Evacuation Pause) 456M->108M(594M) 1,635ms
[1838,403s][info][gc] GC(5031) Pause Young (G1 Evacuation Pause) 456M->109M(594M) 1,642ms
[1838,789s][info][gc] GC(5032) Pause Young (G1 Evacuation Pause) 456M->108M(594M) 6,120ms
[1839,219s][info][gc] GC(5033) Pause Young (G1 Evacuation Pause) 456M->108M(594M) 2,638ms
[1839,641s][info][gc] GC(5034) Pause Young (G1 Evacuation Pause) 456M->108M(594M) 2,771ms
[1840,060s][info][gc] GC(5035) Pause Young (G1 Evacuation Pause) 456M->108M(594M) 2,681ms
[1840,436s][info][gc] GC(5036) Pause Young (G1 Evacuation Pause) 456M->108M(594M) 1,632ms
[1840,813s][info][gc] GC(5037) Pause Young (G1 Evacuation Pause) 456M->108M(594M) 1,670ms
[1841,189s][info][gc] GC(5038) Pause Young (G1 Evacuation Pause) 456M->109M(594M) 2,071ms
[1841,566s][info][gc] GC(5039) Pause Young (G1 Evacuation Pause) 457M->109M(594M) 2,197ms
[1841,943s][info][gc] GC(5040) Pause Young (G1 Evacuation Pause) 457M->109M(594M) 2,139ms
[1842,328s][info][gc] GC(5041) Pause Young (G1 Evacuation Pause) 457M->109M(594M) 4,762ms
[1842,726s][info][gc] GC(5042) Pause Young (G1 Evacuation Pause) 456M->108M(594M) 3,235ms
[1843,158s][info][gc] GC(5043) Pause Young (G1 Evacuation Pause) 456M->108M(594M) 3,654ms
[1843,577s][info][gc] GC(5044) Pause Young (G1 Evacuation Pause) 456M->109M(594M) 2,597ms
[1843,954s][info][gc] GC(5045) Pause Young (G1 Evacuation Pause) 457M->109M(594M) 1,852ms
[1844,344s][info][gc] GC(5046) Pause Young (G1 Evacuation Pause) 456M->108M(594M) 2,610ms
[1844,737s][info][gc] GC(5047) Pause Young (G1 Evacuation Pause) 456M->108M(594M) 2,075ms
[1845,150s][info][gc] GC(5048) Pause Young (G1 Evacuation Pause) 456M->108M(594M) 3,602ms
[1845,552s][info][gc] GC(5049) Pause Young (G1 Evacuation Pause) 456M->109M(594M) 1,805ms
[1845,928s][info][gc] GC(5050) Pause Young (G1 Evacuation Pause) 457M->109M(594M) 1,790ms
[1846,326s][info][gc] GC(5051) Pause Young (G1 Evacuation Pause) 456M->108M(594M) 2,053ms
[1846,701s][info][gc] GC(5052) Pause Young (G1 Evacuation Pause) 456M->108M(594M) 1,533ms
[1847,078s][info][gc] GC(5053) Pause Young (G1 Evacuation Pause) 457M->109M(594M) 1,709ms
[1847,477s][info][gc] GC(5054) Pause Young (G1 Evacuation Pause) 456M->108M(594M) 2,291ms
[1847,869s][info][gc] GC(5055) Pause Young (G1 Evacuation Pause) 456M->109M(594M) 2,637ms
[1848,248s][info][gc] GC(5056) Pause Young (G1 Evacuation Pause) 457M->108M(594M) 3,620ms
[1848,662s][info][gc] GC(5057) Pause Young (G1 Evacuation Pause) 456M->109M(594M) 2,559ms
[1849,075s][info][gc] GC(5058) Pause Young (G1 Evacuation Pause) 456M->108M(594M) 2,525ms
[1849,452s][info][gc] GC(5059) Pause Young (G1 Evacuation Pause) 456M->108M(594M) 2,839ms
[1849,877s][info][gc] GC(5060) Pause Young (G1 Evacuation Pause) 456M->108M(594M) 2,674ms
[1850,262s][info][gc] GC(5061) Pause Young (G1 Evacuation Pause) 456M->109M(594M) 1,839ms
[1850,638s][info][gc] GC(5062) Pause Young (G1 Evacuation Pause) 457M->109M(594M) 1,667ms
[1851,013s][info][gc] GC(5063) Pause Young (G1 Evacuation Pause) 456M->108M(594M) 1,642ms
[1851,434s][info][gc] GC(5064) Pause Young (G1 Evacuation Pause) 456M->108M(594M) 2,021ms
[1851,810s][info][gc] GC(5065) Pause Young (G1 Evacuation Pause) 456M->108M(594M) 1,907ms
[1852,186s][info][gc] GC(5066) Pause Young (G1 Evacuation Pause) 456M->109M(594M) 2,031ms
[1852,575s][info][gc] GC(5067) Pause Young (G1 Evacuation Pause) 457M->109M(594M) 1,945ms
[1852,974s][info][gc] GC(5068) Pause Young (G1 Evacuation Pause) 457M->109M(594M) 2,651ms
[1853,391s][info][gc] GC(5069) Pause Young (G1 Evacuation Pause) 456M->108M(594M) 2,616ms
[1853,813s][info][gc] GC(5070) Pause Young (G1 Evacuation Pause) 456M->109M(594M) 6,371ms
[1854,217s][info][gc] GC(5071) Pause Young (G1 Evacuation Pause) 457M->108M(594M) 1,736ms
[1854,614s][info][gc] GC(5072) Pause Young (G1 Evacuation Pause) 456M->109M(594M) 2,720ms
[1855,019s][info][gc] GC(5073) Pause Young (G1 Evacuation Pause) 457M->109M(594M) 2,749ms
[1855,434s][info][gc] GC(5074) Pause Young (G1 Evacuation Pause) 457M->109M(594M) 2,763ms
[1855,811s][info][gc] GC(5075) Pause Young (G1 Evacuation Pause) 457M->109M(594M) 1,819ms
[1856,186s][info][gc] GC(5076) Pause Young (G1 Evacuation Pause) 456M->108M(594M) 1,672ms
[1856,599s][info][gc] GC(5077) Pause Young (G1 Evacuation Pause) 456M->109M(594M) 2,660ms
[1857,016s][info][gc] GC(5078) Pause Young (G1 Evacuation Pause) 457M->108M(594M) 4,831ms
[1857,405s][info][gc] GC(5079) Pause Young (G1 Evacuation Pause) 456M->108M(594M) 1,811ms
[1857,787s][info][gc] GC(5080) Pause Young (G1 Evacuation Pause) 456M->109M(594M) 5,182ms
[1858,187s][info][gc] GC(5081) Pause Young (G1 Evacuation Pause) 457M->109M(594M) 1,694ms
[1858,572s][info][gc] GC(5082) Pause Young (G1 Evacuation Pause) 457M->109M(594M) 1,830ms
[1858,973s][info][gc] GC(5083) Pause Young (G1 Evacuation Pause) 457M->109M(594M) 2,726ms
[1859,392s][info][gc] GC(5084) Pause Young (G1 Evacuation Pause) 457M->109M(594M) 3,252ms
[1859,804s][info][gc] GC(5085) Pause Young (G1 Evacuation Pause) 457M->109M(594M) 4,498ms
[1860,197s][info][gc] GC(5086) Pause Young (G1 Evacuation Pause) 457M->110M(594M) 1,842ms
[1860,593s][info][gc] GC(5087) Pause Young (G1 Evacuation Pause) 457M->109M(594M) 2,082ms
[1860,970s][info][gc] GC(5088) Pause Young (G1 Evacuation Pause) 457M->109M(594M) 1,778ms
[1861,360s][info][gc] GC(5089) Pause Young (G1 Evacuation Pause) 457M->109M(594M) 2,761ms
[1861,760s][info][gc] GC(5090) Pause Young (G1 Evacuation Pause) 457M->110M(594M) 2,049ms
[1862,159s][info][gc] GC(5091) Pause Young (G1 Evacuation Pause) 457M->109M(594M) 2,174ms
[1862,536s][info][gc] GC(5092) Pause Young (G1 Evacuation Pause) 457M->108M(594M) 2,210ms
[1862,929s][info][gc] GC(5093) Pause Young (G1 Evacuation Pause) 457M->110M(594M) 2,515ms
[1863,318s][info][gc] GC(5094) Pause Young (G1 Evacuation Pause) 457M->109M(594M) 4,975ms
[1863,694s][info][gc] GC(5095) Pause Young (G1 Evacuation Pause) 457M->109M(594M) 1,984ms
[1864,070s][info][gc] GC(5096) Pause Young (G1 Evacuation Pause) 457M->109M(594M) 1,949ms
[1864,471s][info][gc] GC(5097) Pause Young (G1 Evacuation Pause) 457M->110M(594M) 2,695ms
[1864,863s][info][gc] GC(5098) Pause Young (G1 Evacuation Pause) 457M->109M(594M) 1,765ms
[1865,238s][info][gc] GC(5099) Pause Young (G1 Evacuation Pause) 457M->109M(594M) 1,584ms
[1865,614s][info][gc] GC(5100) Pause Young (G1 Evacuation Pause) 457M->109M(594M) 1,745ms
[1865,996s][info][gc] GC(5101) Pause Young (G1 Evacuation Pause) 457M->109M(594M) 6,901ms
[1866,392s][info][gc] GC(5102) Pause Young (G1 Evacuation Pause) 457M->110M(594M) 1,663ms
[1866,767s][info][gc] GC(5103) Pause Young (G1 Evacuation Pause) 457M->109M(594M) 1,612ms
[1867,166s][info][gc] GC(5104) Pause Young (G1 Evacuation Pause) 457M->109M(594M) 2,046ms
[1867,562s][info][gc] GC(5105) Pause Young (G1 Evacuation Pause) 457M->109M(594M) 2,151ms
[1867,939s][info][gc] GC(5106) Pause Young (G1 Evacuation Pause) 457M->109M(594M) 1,702ms
[1868,330s][info][gc] GC(5107) Pause Young (G1 Evacuation Pause) 457M->109M(594M) 3,859ms
[1868,724s][info][gc] GC(5108) Pause Young (G1 Evacuation Pause) 457M->109M(594M) 1,886ms
[1869,145s][info][gc] GC(5109) Pause Young (G1 Evacuation Pause) 457M->109M(594M) 2,749ms
[1869,561s][info][gc] GC(5110) Pause Young (G1 Evacuation Pause) 457M->110M(594M) 2,788ms
[1869,942s][info][gc] GC(5111) Pause Young (G1 Evacuation Pause) 457M->109M(594M) 2,004ms
[1870,331s][info][gc] GC(5112) Pause Young (G1 Evacuation Pause) 457M->109M(594M) 5,127ms
[1870,708s][info][gc] GC(5113) Pause Young (G1 Evacuation Pause) 457M->109M(594M) 1,779ms
[1871,084s][info][gc] GC(5114) Pause Young (G1 Evacuation Pause) 457M->109M(594M) 2,358ms
[1871,493s][info][gc] GC(5115) Pause Young (G1 Evacuation Pause) 457M->109M(594M) 4,270ms
[1871,903s][info][gc] GC(5116) Pause Young (G1 Evacuation Pause) 457M->110M(594M) 2,625ms
[1872,317s][info][gc] GC(5117) Pause Young (G1 Evacuation Pause) 458M->110M(594M) 2,720ms
[1872,696s][info][gc] GC(5118) Pause Young (G1 Evacuation Pause) 457M->109M(594M) 2,625ms
[1873,072s][info][gc] GC(5119) Pause Young (G1 Evacuation Pause) 457M->109M(594M) 2,155ms
[1873,474s][info][gc] GC(5120) Pause Young (G1 Evacuation Pause) 457M->109M(594M) 2,615ms
[1873,872s][info][gc] GC(5121) Pause Young (G1 Evacuation Pause) 457M->110M(594M) 1,695ms
[1874,255s][info][gc] GC(5122) Pause Young (G1 Evacuation Pause) 458M->110M(594M) 2,047ms
[1874,640s][info][gc] GC(5123) Pause Young (G1 Evacuation Pause) 458M->110M(594M) 1,806ms
[1875,015s][info][gc] GC(5124) Pause Young (G1 Evacuation Pause) 457M->109M(594M) 1,705ms
[1875,407s][info][gc] GC(5125) Pause Young (G1 Evacuation Pause) 457M->109M(594M) 2,591ms
[1875,812s][info][gc] GC(5126) Pause Young (G1 Evacuation Pause) 457M->109M(594M) 1,755ms
[1876,188s][info][gc] GC(5127) Pause Young (G1 Evacuation Pause) 457M->110M(594M) 2,006ms
[1876,564s][info][gc] GC(5128) Pause Young (G1 Evacuation Pause) 458M->110M(594M) 2,039ms
[1876,950s][info][gc] GC(5129) Pause Young (G1 Evacuation Pause) 457M->109M(594M) 2,210ms
[1877,338s][info][gc] GC(5130) Pause Young (G1 Evacuation Pause) 458M->110M(594M) 2,181ms
[1877,717s][info][gc] GC(5131) Pause Young (G1 Evacuation Pause) 457M->109M(594M) 1,754ms
[1878,092s][info][gc] GC(5132) Pause Young (G1 Evacuation Pause) 457M->109M(594M) 1,655ms
[1878,480s][info][gc] GC(5133) Pause Young (G1 Evacuation Pause) 457M->109M(594M) 1,807ms
[1878,874s][info][gc] GC(5134) Pause Young (G1 Evacuation Pause) 457M->110M(594M) 4,686ms
[1879,263s][info][gc] GC(5135) Pause Young (G1 Evacuation Pause) 458M->110M(594M) 3,137ms
[1879,639s][info][gc] GC(5136) Pause Young (G1 Evacuation Pause) 458M->111M(594M) 1,865ms
[1880,045s][info][gc] GC(5137) Pause Young (G1 Evacuation Pause) 458M->110M(594M) 2,698ms
[1880,462s][info][gc] GC(5138) Pause Young (G1 Evacuation Pause) 458M->110M(594M) 2,533ms
[1880,874s][info][gc] GC(5139) Pause Young (G1 Evacuation Pause) 458M->110M(594M) 1,843ms
[1881,250s][info][gc] GC(5140) Pause Young (G1 Evacuation Pause) 458M->110M(594M) 1,724ms
[1881,625s][info][gc] GC(5141) Pause Young (G1 Evacuation Pause) 457M->109M(594M) 1,667ms
[1882,046s][info][gc] GC(5142) Pause Young (G1 Evacuation Pause) 457M->109M(594M) 1,604ms
[1882,444s][info][gc] GC(5143) Pause Young (G1 Evacuation Pause) 457M->110M(594M) 2,728ms
[1882,842s][info][gc] GC(5144) Pause Young (G1 Evacuation Pause) 458M->110M(594M) 1,613ms
[1883,219s][info][gc] GC(5145) Pause Young (G1 Evacuation Pause) 458M->110M(594M) 1,764ms
[1883,615s][info][gc] GC(5146) Pause Young (G1 Evacuation Pause) 458M->110M(594M) 2,285ms
[1884,021s][info][gc] GC(5147) Pause Young (G1 Evacuation Pause) 458M->110M(594M) 2,723ms
[1884,443s][info][gc] GC(5148) Pause Young (G1 Evacuation Pause) 457M->110M(594M) 2,613ms
[1884,837s][info][gc] GC(5149) Pause Young (G1 Evacuation Pause) 458M->109M(594M) 1,815ms
[1885,213s][info][gc] GC(5150) Pause Young (G1 Evacuation Pause) 457M->110M(594M) 2,002ms
[1885,629s][info][gc] GC(5151) Pause Young (G1 Evacuation Pause) 457M->109M(594M) 2,590ms
[1886,013s][info][gc] GC(5152) Pause Young (G1 Evacuation Pause) 458M->110M(594M) 3,228ms
[1886,401s][info][gc] GC(5153) Pause Young (G1 Evacuation Pause) 458M->110M(594M) 1,851ms
[1886,804s][info][gc] GC(5154) Pause Young (G1 Evacuation Pause) 457M->109M(594M) 2,238ms
[1887,180s][info][gc] GC(5155) Pause Young (G1 Evacuation Pause) 457M->109M(594M) 1,612ms
[1887,570s][info][gc] GC(5156) Pause Young (G1 Evacuation Pause) 457M->110M(594M) 2,236ms
[1887,957s][info][gc] GC(5157) Pause Young (G1 Evacuation Pause) 458M->110M(594M) 2,036ms
[1888,353s][info][gc] GC(5158) Pause Young (G1 Evacuation Pause) 458M->110M(594M) 2,724ms
[1888,730s][info][gc] GC(5159) Pause Young (G1 Evacuation Pause) 457M->109M(594M) 2,084ms
[1889,107s][info][gc] GC(5160) Pause Young (G1 Evacuation Pause) 457M->109M(594M) 2,329ms
[1889,497s][info][gc] GC(5161) Pause Young (G1 Evacuation Pause) 457M->110M(594M) 2,219ms
[1889,889s][info][gc] GC(5162) Pause Young (G1 Evacuation Pause) 458M->110M(594M) 2,605ms
[1890,288s][info][gc] GC(5163) Pause Young (G1 Evacuation Pause) 458M->110M(594M) 3,755ms
[1890,665s][info][gc] GC(5164) Pause Young (G1 Evacuation Pause) 457M->109M(594M) 1,700ms
[1891,042s][info][gc] GC(5165) Pause Young (G1 Evacuation Pause) 458M->111M(594M) 1,850ms
[1891,417s][info][gc] GC(5166) Pause Young (G1 Evacuation Pause) 458M->110M(594M) 1,536ms
[1891,793s][info][gc] GC(5167) Pause Young (G1 Evacuation Pause) 458M->110M(594M) 1,566ms
[1892,170s][info][gc] GC(5168) Pause Young (G1 Evacuation Pause) 458M->110M(594M) 1,826ms
[1892,587s][info][gc] GC(5169) Pause Young (G1 Evacuation Pause) 458M->111M(594M) 1,824ms
[1892,989s][info][gc] GC(5170) Pause Young (G1 Evacuation Pause) 458M->110M(594M) 2,132ms
[1893,387s][info][gc] GC(5171) Pause Young (G1 Evacuation Pause) 458M->110M(594M) 2,456ms
[1893,765s][info][gc] GC(5172) Pause Young (G1 Evacuation Pause) 458M->110M(594M) 2,083ms
[1894,140s][info][gc] GC(5173) Pause Young (G1 Evacuation Pause) 458M->110M(594M) 1,553ms
[1894,525s][info][gc] GC(5174) Pause Young (G1 Evacuation Pause) 458M->110M(594M) 1,783ms
[1894,905s][info][gc] GC(5175) Pause Young (G1 Evacuation Pause) 458M->110M(594M) 1,658ms
[1895,285s][info][gc] GC(5176) Pause Young (G1 Evacuation Pause) 458M->111M(594M) 1,670ms
[1895,660s][info][gc] GC(5177) Pause Young (G1 Evacuation Pause) 458M->110M(594M) 1,675ms
[1896,036s][info][gc] GC(5178) Pause Young (G1 Evacuation Pause) 458M->110M(594M) 1,594ms
[1896,451s][info][gc] GC(5179) Pause Young (G1 Evacuation Pause) 458M->110M(594M) 2,636ms
[1896,862s][info][gc] GC(5180) Pause Young (G1 Evacuation Pause) 458M->110M(594M) 2,688ms
[1897,277s][info][gc] GC(5181) Pause Young (G1 Evacuation Pause) 458M->111M(594M) 4,650ms
[1897,655s][info][gc] GC(5182) Pause Young (G1 Evacuation Pause) 458M->110M(594M) 2,112ms
[1898,057s][info][gc] GC(5183) Pause Young (G1 Evacuation Pause) 458M->110M(594M) 1,704ms
[1898,434s][info][gc] GC(5184) Pause Young (G1 Evacuation Pause) 458M->110M(594M) 1,722ms
[1898,811s][info][gc] GC(5185) Pause Young (G1 Evacuation Pause) 458M->110M(594M) 1,824ms
[1899,194s][info][gc] GC(5186) Pause Young (G1 Evacuation Pause) 458M->111M(594M) 3,578ms
[1899,605s][info][gc] GC(5187) Pause Young (G1 Evacuation Pause) 458M->110M(594M) 2,518ms
[1900,022s][info][gc] GC(5188) Pause Young (G1 Evacuation Pause) 458M->110M(594M) 2,631ms
[1900,441s][info][gc] GC(5189) Pause Young (G1 Evacuation Pause) 458M->110M(594M) 3,097ms
[1900,817s][info][gc] GC(5190) Pause Young (G1 Evacuation Pause) 458M->110M(594M) 1,717ms
[1901,194s][info][gc] GC(5191) Pause Young (G1 Evacuation Pause) 458M->110M(594M) 2,071ms
[1901,605s][info][gc] GC(5192) Pause Young (G1 Evacuation Pause) 458M->111M(594M) 2,764ms
[1902,019s][info][gc] GC(5193) Pause Young (G1 Evacuation Pause) 459M->111M(594M) 1,782ms
[1902,403s][info][gc] GC(5194) Pause Young (G1 Evacuation Pause) 459M->111M(594M) 1,840ms
[1902,778s][info][gc] GC(5195) Pause Young (G1 Evacuation Pause) 458M->110M(594M) 1,595ms
[1903,155s][info][gc] GC(5196) Pause Young (G1 Evacuation Pause) 458M->110M(594M) 1,766ms
[1903,530s][info][gc] GC(5197) Pause Young (G1 Evacuation Pause) 458M->111M(594M) 1,736ms
[1903,928s][info][gc] GC(5198) Pause Young (G1 Evacuation Pause) 459M->111M(594M) 2,698ms
[1904,339s][info][gc] GC(5199) Pause Young (G1 Evacuation Pause) 458M->110M(594M) 2,670ms
[1904,716s][info][gc] GC(5200) Pause Young (G1 Evacuation Pause) 458M->110M(594M) 2,117ms
[1905,132s][info][gc] GC(5201) Pause Young (G1 Evacuation Pause) 459M->111M(594M) 2,712ms
[1905,547s][info][gc] GC(5202) Pause Young (G1 Evacuation Pause) 458M->110M(594M) 2,672ms
[1905,940s][info][gc] GC(5203) Pause Young (G1 Evacuation Pause) 458M->110M(594M) 1,822ms
[1906,330s][info][gc] GC(5204) Pause Young (G1 Evacuation Pause) 458M->110M(594M) 3,537ms
[1906,706s][info][gc] GC(5205) Pause Young (G1 Evacuation Pause) 458M->111M(594M) 1,905ms
[1907,089s][info][gc] GC(5206) Pause Young (G1 Evacuation Pause) 459M->111M(594M) 1,790ms
[1907,495s][info][gc] GC(5207) Pause Young (G1 Evacuation Pause) 459M->111M(594M) 2,329ms
[1907,900s][info][gc] GC(5208) Pause Young (G1 Evacuation Pause) 458M->110M(594M) 2,674ms
[1908,317s][info][gc] GC(5209) Pause Young (G1 Evacuation Pause) 458M->110M(594M) 2,758ms
[1908,696s][info][gc] GC(5210) Pause Young (G1 Evacuation Pause) 458M->111M(594M) 2,453ms
[1909,085s][info][gc] GC(5211) Pause Young (G1 Evacuation Pause) 459M->111M(594M) 2,212ms
[1909,489s][info][gc] GC(5212) Pause Young (G1 Evacuation Pause) 458M->110M(594M) 2,555ms
[1909,884s][info][gc] GC(5213) Pause Young (G1 Evacuation Pause) 458M->110M(594M) 1,973ms
[1910,259s][info][gc] GC(5214) Pause Young (G1 Evacuation Pause) 458M->110M(594M) 1,664ms
[1910,672s][info][gc] GC(5215) Pause Young (G1 Evacuation Pause) 458M->110M(594M) 2,582ms
[1911,059s][info][gc] GC(5216) Pause Young (G1 Evacuation Pause) 458M->111M(594M) 1,808ms
[1911,452s][info][gc] GC(5217) Pause Young (G1 Evacuation Pause) 459M->111M(594M) 2,403ms
[1911,841s][info][gc] GC(5218) Pause Young (G1 Evacuation Pause) 458M->110M(594M) 2,474ms
[1912,217s][info][gc] GC(5219) Pause Young (G1 Evacuation Pause) 458M->110M(594M) 2,297ms
[1912,632s][info][gc] GC(5220) Pause Young (G1 Evacuation Pause) 458M->110M(594M) 4,421ms
[1913,033s][info][gc] GC(5221) Pause Young (G1 Evacuation Pause) 458M->111M(594M) 2,625ms
[1913,431s][info][gc] GC(5222) Pause Young (G1 Evacuation Pause) 459M->111M(594M) 2,615ms
[1913,841s][info][gc] GC(5223) Pause Young (G1 Evacuation Pause) 459M->111M(594M) 1,719ms
[1914,246s][info][gc] GC(5224) Pause Young (G1 Evacuation Pause) 458M->110M(594M) 1,868ms
[1914,631s][info][gc] GC(5225) Pause Young (G1 Evacuation Pause) 459M->111M(594M) 1,807ms
[1915,007s][info][gc] GC(5226) Pause Young (G1 Evacuation Pause) 458M->111M(594M) 1,754ms
[1915,406s][info][gc] GC(5227) Pause Young (G1 Evacuation Pause) 459M->111M(594M) 2,146ms
[1915,783s][info][gc] GC(5228) Pause Young (G1 Evacuation Pause) 459M->111M(594M) 1,657ms
[1916,195s][info][gc] GC(5229) Pause Young (G1 Evacuation Pause) 459M->111M(594M) 2,794ms
[1916,606s][info][gc] GC(5230) Pause Young (G1 Evacuation Pause) 458M->110M(594M) 2,195ms
[1916,982s][info][gc] GC(5231) Pause Young (G1 Evacuation Pause) 458M->110M(594M) 1,713ms
[1917,371s][info][gc] GC(5232) Pause Young (G1 Evacuation Pause) 458M->111M(594M) 2,148ms
[1917,747s][info][gc] GC(5233) Pause Young (G1 Evacuation Pause) 459M->111M(594M) 1,694ms
[1918,158s][info][gc] GC(5234) Pause Young (G1 Evacuation Pause) 459M->111M(594M) 1,761ms
[1918,571s][info][gc] GC(5235) Pause Young (G1 Evacuation Pause) 459M->111M(594M) 2,613ms
[1918,988s][info][gc] GC(5236) Pause Young (G1 Evacuation Pause) 459M->111M(594M) 2,707ms
[1919,380s][info][gc] GC(5237) Pause Young (G1 Evacuation Pause) 458M->111M(594M) 2,525ms
[1919,757s][info][gc] GC(5238) Pause Young (G1 Evacuation Pause) 459M->110M(594M) 3,101ms
[1920,134s][info][gc] GC(5239) Pause Young (G1 Evacuation Pause) 458M->111M(594M) 1,753ms
[1920,538s][info][gc] GC(5240) Pause Young (G1 Evacuation Pause) 459M->111M(594M) 2,861ms
[1920,935s][info][gc] GC(5241) Pause Young (G1 Evacuation Pause) 458M->111M(594M) 1,704ms
[1921,323s][info][gc] GC(5242) Pause Young (G1 Evacuation Pause) 459M->111M(594M) 2,541ms
[1921,733s][info][gc] GC(5243) Pause Young (G1 Evacuation Pause) 459M->111M(594M) 2,717ms
[1922,133s][info][gc] GC(5244) Pause Young (G1 Evacuation Pause) 459M->111M(594M) 2,658ms
[1922,521s][info][gc] GC(5245) Pause Young (G1 Evacuation Pause) 459M->111M(594M) 1,923ms
[1922,921s][info][gc] GC(5246) Pause Young (G1 Evacuation Pause) 459M->112M(594M) 3,138ms
[1923,337s][info][gc] GC(5247) Pause Young (G1 Evacuation Pause) 459M->111M(594M) 3,438ms
[1923,715s][info][gc] GC(5248) Pause Young (G1 Evacuation Pause) 459M->111M(594M) 2,547ms
[1924,132s][info][gc] GC(5249) Pause Young (G1 Evacuation Pause) 459M->111M(594M) 2,706ms
[1924,537s][info][gc] GC(5250) Pause Young (G1 Evacuation Pause) 459M->111M(594M) 2,613ms
[1924,948s][info][gc] GC(5251) Pause Young (G1 Evacuation Pause) 459M->111M(594M) 2,620ms
[1925,364s][info][gc] GC(5252) Pause Young (G1 Evacuation Pause) 459M->111M(594M) 2,762ms
[1925,740s][info][gc] GC(5253) Pause Young (G1 Evacuation Pause) 459M->111M(594M) 2,031ms
[1926,140s][info][gc] GC(5254) Pause Young (G1 Evacuation Pause) 459M->111M(594M) 1,609ms
[1926,528s][info][gc] GC(5255) Pause Young (G1 Evacuation Pause) 459M->111M(594M) 1,763ms
[1926,904s][info][gc] GC(5256) Pause Young (G1 Evacuation Pause) 459M->111M(594M) 2,053ms
[1927,290s][info][gc] GC(5257) Pause Young (G1 Evacuation Pause) 459M->112M(594M) 5,527ms
[1927,666s][info][gc] GC(5258) Pause Young (G1 Evacuation Pause) 459M->111M(594M) 2,043ms
[1928,053s][info][gc] GC(5259) Pause Young (G1 Evacuation Pause) 459M->111M(594M) 1,808ms
[1928,455s][info][gc] GC(5260) Pause Young (G1 Evacuation Pause) 459M->111M(594M) 4,348ms
[1928,832s][info][gc] GC(5261) Pause Young (G1 Evacuation Pause) 459M->112M(594M) 2,513ms
[1929,208s][info][gc] GC(5262) Pause Young (G1 Evacuation Pause) 459M->111M(594M) 2,127ms
[1929,620s][info][gc] GC(5263) Pause Young (G1 Evacuation Pause) 459M->111M(594M) 2,746ms
[1930,031s][info][gc] GC(5264) Pause Young (G1 Evacuation Pause) 459M->111M(594M) 1,680ms
[1930,419s][info][gc] GC(5265) Pause Young (G1 Evacuation Pause) 459M->111M(594M) 2,594ms
[1930,830s][info][gc] GC(5266) Pause Young (G1 Evacuation Pause) 459M->111M(594M) 1,738ms
[1931,206s][info][gc] GC(5267) Pause Young (G1 Evacuation Pause) 459M->111M(594M) 1,757ms
[1931,625s][info][gc] GC(5268) Pause Young (G1 Evacuation Pause) 459M->112M(594M) 2,442ms
[1932,031s][info][gc] GC(5269) Pause Young (G1 Evacuation Pause) 459M->111M(594M) 2,676ms
[1932,408s][info][gc] GC(5270) Pause Young (G1 Evacuation Pause) 459M->111M(594M) 1,941ms
[1932,793s][info][gc] GC(5271) Pause Young (G1 Evacuation Pause) 459M->111M(594M) 3,938ms
[1933,170s][info][gc] GC(5272) Pause Young (G1 Evacuation Pause) 459M->112M(594M) 2,659ms
[1933,547s][info][gc] GC(5273) Pause Young (G1 Evacuation Pause) 460M->112M(594M) 2,644ms
[1933,945s][info][gc] GC(5274) Pause Young (G1 Evacuation Pause) 460M->112M(594M) 2,683ms
[1934,339s][info][gc] GC(5275) Pause Young (G1 Evacuation Pause) 459M->111M(594M) 3,580ms
[1934,715s][info][gc] GC(5276) Pause Young (G1 Evacuation Pause) 460M->112M(594M) 1,825ms
[1935,129s][info][gc] GC(5277) Pause Young (G1 Evacuation Pause) 459M->111M(594M) 2,663ms
[1935,523s][info][gc] GC(5278) Pause Young (G1 Evacuation Pause) 459M->111M(594M) 1,802ms
[1935,899s][info][gc] GC(5279) Pause Young (G1 Evacuation Pause) 459M->112M(594M) 1,683ms
[1936,275s][info][gc] GC(5280) Pause Young (G1 Evacuation Pause) 459M->111M(594M) 1,767ms
[1936,678s][info][gc] GC(5281) Pause Young (G1 Evacuation Pause) 459M->111M(594M) 3,447ms
[1937,062s][info][gc] GC(5282) Pause Young (G1 Evacuation Pause) 459M->111M(594M) 1,698ms
[1937,460s][info][gc] GC(5283) Pause Young (G1 Evacuation Pause) 459M->112M(594M) 2,793ms
[1937,849s][info][gc] GC(5284) Pause Young (G1 Evacuation Pause) 460M->112M(594M) 2,321ms
[1938,225s][info][gc] GC(5285) Pause Young (G1 Evacuation Pause) 459M->111M(594M) 1,592ms
[1938,612s][info][gc] GC(5286) Pause Young (G1 Evacuation Pause) 459M->111M(594M) 1,743ms
[1939,007s][info][gc] GC(5287) Pause Young (G1 Evacuation Pause) 459M->111M(594M) 1,844ms
[1939,404s][info][gc] GC(5288) Pause Young (G1 Evacuation Pause) 459M->112M(594M) 3,657ms
[1939,799s][info][gc] GC(5289) Pause Young (G1 Evacuation Pause) 460M->112M(594M) 1,824ms
[1940,175s][info][gc] GC(5290) Pause Young (G1 Evacuation Pause) 460M->112M(594M) 1,990ms
[1940,581s][info][gc] GC(5291) Pause Young (G1 Evacuation Pause) 460M->112M(594M) 1,884ms
[1940,984s][info][gc] GC(5292) Pause Young (G1 Evacuation Pause) 459M->111M(594M) 1,575ms
[1941,376s][info][gc] GC(5293) Pause Young (G1 Evacuation Pause) 459M->112M(594M) 2,753ms
[1941,793s][info][gc] GC(5294) Pause Young (G1 Evacuation Pause) 460M->112M(594M) 3,496ms
[1942,185s][info][gc] GC(5295) Pause Young (G1 Evacuation Pause) 460M->111M(594M) 1,863ms
[1942,574s][info][gc] GC(5296) Pause Young (G1 Evacuation Pause) 459M->111M(594M) 2,066ms
[1942,951s][info][gc] GC(5297) Pause Young (G1 Evacuation Pause) 459M->112M(594M) 2,248ms
[1943,342s][info][gc] GC(5298) Pause Young (G1 Evacuation Pause) 460M->112M(594M) 3,759ms
[1943,720s][info][gc] GC(5299) Pause Young (G1 Evacuation Pause) 460M->112M(594M) 2,202ms
[1944,142s][info][gc] GC(5300) Pause Young (G1 Evacuation Pause) 459M->111M(594M) 2,642ms
[1944,559s][info][gc] GC(5301) Pause Young (G1 Evacuation Pause) 459M->111M(594M) 2,526ms
[1944,944s][info][gc] GC(5302) Pause Young (G1 Evacuation Pause) 460M->112M(594M) 2,025ms
[1945,320s][info][gc] GC(5303) Pause Young (G1 Evacuation Pause) 459M->111M(594M) 1,894ms
[1945,696s][info][gc] GC(5304) Pause Young (G1 Evacuation Pause) 460M->113M(594M) 2,040ms
[1946,071s][info][gc] GC(5305) Pause Young (G1 Evacuation Pause) 460M->111M(594M) 1,580ms
[1946,455s][info][gc] GC(5306) Pause Young (G1 Evacuation Pause) 459M->112M(594M) 1,793ms
[1946,831s][info][gc] GC(5307) Pause Young (G1 Evacuation Pause) 460M->112M(594M) 1,815ms
[1947,207s][info][gc] GC(5308) Pause Young (G1 Evacuation Pause) 460M->112M(594M) 1,705ms
[1947,621s][info][gc] GC(5309) Pause Young (G1 Evacuation Pause) 460M->112M(594M) 2,632ms
[1948,016s][info][gc] GC(5310) Pause Young (G1 Evacuation Pause) 460M->112M(594M) 2,075ms
[1948,410s][info][gc] GC(5311) Pause Young (G1 Evacuation Pause) 459M->111M(594M) 2,550ms
[1948,824s][info][gc] GC(5312) Pause Young (G1 Evacuation Pause) 459M->112M(594M) 2,661ms
[1949,200s][info][gc] GC(5313) Pause Young (G1 Evacuation Pause) 460M->112M(594M) 2,197ms
[1949,614s][info][gc] GC(5314) Pause Young (G1 Evacuation Pause) 460M->112M(594M) 2,690ms
[1950,024s][info][gc] GC(5315) Pause Young (G1 Evacuation Pause) 460M->112M(594M) 1,777ms
[1950,406s][info][gc] GC(5316) Pause Young (G1 Evacuation Pause) 459M->111M(594M) 1,873ms
[1950,793s][info][gc] GC(5317) Pause Young (G1 Evacuation Pause) 459M->111M(594M) 1,955ms
[1951,190s][info][gc] GC(5318) Pause Young (G1 Evacuation Pause) 459M->112M(594M) 2,536ms
[1951,612s][info][gc] GC(5319) Pause Young (G1 Evacuation Pause) 460M->112M(594M) 4,342ms
[1952,013s][info][gc] GC(5320) Pause Young (G1 Evacuation Pause) 460M->112M(594M) 1,977ms
[1952,412s][info][gc] GC(5321) Pause Young (G1 Evacuation Pause) 460M->113M(594M) 2,829ms
[1952,828s][info][gc] GC(5322) Pause Young (G1 Evacuation Pause) 460M->112M(594M) 2,571ms
[1953,218s][info][gc] GC(5323) Pause Young (G1 Evacuation Pause) 460M->112M(594M) 2,722ms
[1953,639s][info][gc] GC(5324) Pause Young (G1 Evacuation Pause) 460M->113M(594M) 2,655ms
[1954,045s][info][gc] GC(5325) Pause Young (G1 Evacuation Pause) 460M->111M(594M) 1,727ms
[1954,431s][info][gc] GC(5326) Pause Young (G1 Evacuation Pause) 460M->112M(594M) 1,798ms
[1954,807s][info][gc] GC(5327) Pause Young (G1 Evacuation Pause) 460M->113M(594M) 1,820ms
[1955,182s][info][gc] GC(5328) Pause Young (G1 Evacuation Pause) 460M->112M(594M) 1,626ms
[1955,594s][info][gc] GC(5329) Pause Young (G1 Evacuation Pause) 460M->112M(594M) 2,525ms
[1955,976s][info][gc] GC(5330) Pause Young (G1 Evacuation Pause) 460M->112M(594M) 1,864ms
[1956,400s][info][gc] GC(5331) Pause Young (G1 Evacuation Pause) 460M->112M(594M) 3,071ms
[1956,782s][info][gc] GC(5332) Pause Young (G1 Evacuation Pause) 460M->113M(594M) 5,827ms
[1957,159s][info][gc] GC(5333) Pause Young (G1 Evacuation Pause) 460M->112M(594M) 1,946ms
[1957,566s][info][gc] GC(5334) Pause Young (G1 Evacuation Pause) 460M->112M(594M) 4,855ms
[1957,957s][info][gc] GC(5335) Pause Young (G1 Evacuation Pause) 460M->112M(594M) 1,742ms
[1958,349s][info][gc] GC(5336) Pause Young (G1 Evacuation Pause) 460M->111M(594M) 2,073ms
[1958,726s][info][gc] GC(5337) Pause Young (G1 Evacuation Pause) 460M->113M(594M) 1,852ms
[1959,139s][info][gc] GC(5338) Pause Young (G1 Evacuation Pause) 460M->112M(594M) 2,738ms
[1959,516s][info][gc] GC(5339) Pause Young (G1 Evacuation Pause) 460M->112M(594M) 1,748ms
[1959,913s][info][gc] GC(5340) Pause Young (G1 Evacuation Pause) 460M->112M(594M) 2,695ms
[1960,330s][info][gc] GC(5341) Pause Young (G1 Evacuation Pause) 460M->113M(594M) 3,582ms
[1960,705s][info][gc] GC(5342) Pause Young (G1 Evacuation Pause) 460M->112M(594M) 1,663ms
[1961,120s][info][gc] GC(5343) Pause Young (G1 Evacuation Pause) 460M->112M(594M) 10,040ms
[1961,557s][info][gc] GC(5344) Pause Young (G1 Evacuation Pause) 460M->112M(594M) 2,700ms
[1961,968s][info][gc] GC(5345) Pause Young (G1 Evacuation Pause) 460M->112M(594M) 1,932ms
[1962,343s][info][gc] GC(5346) Pause Young (G1 Evacuation Pause) 460M->112M(594M) 1,633ms
[1962,781s][info][gc] GC(5347) Pause Young (G1 Evacuation Pause) 460M->113M(594M) 3,638ms
[1963,189s][info][gc] GC(5348) Pause Young (G1 Evacuation Pause) 460M->112M(594M) 1,723ms
[1963,609s][info][gc] GC(5349) Pause Young (G1 Evacuation Pause) 460M->112M(594M) 3,446ms
[1964,020s][info][gc] GC(5350) Pause Young (G1 Evacuation Pause) 460M->112M(594M) 2,794ms
[1964,437s][info][gc] GC(5351) Pause Young (G1 Evacuation Pause) 460M->113M(594M) 2,719ms
[1964,840s][info][gc] GC(5352) Pause Young (G1 Evacuation Pause) 461M->113M(594M) 2,640ms
[1965,218s][info][gc] GC(5353) Pause Young (G1 Evacuation Pause) 461M->113M(594M) 2,290ms
[1965,596s][info][gc] GC(5354) Pause Young (G1 Evacuation Pause) 461M->113M(594M) 2,396ms
[1965,973s][info][gc] GC(5355) Pause Young (G1 Evacuation Pause) 460M->112M(594M) 1,663ms
[1966,361s][info][gc] GC(5356) Pause Young (G1 Evacuation Pause) 460M->112M(594M) 1,739ms
[1966,737s][info][gc] GC(5357) Pause Young (G1 Evacuation Pause) 460M->112M(594M) 1,724ms
[1967,113s][info][gc] GC(5358) Pause Young (G1 Evacuation Pause) 460M->113M(594M) 1,668ms
[1967,514s][info][gc] GC(5359) Pause Young (G1 Evacuation Pause) 461M->113M(594M) 2,027ms
[1967,910s][info][gc] GC(5360) Pause Young (G1 Evacuation Pause) 460M->112M(594M) 2,623ms
[1968,322s][info][gc] GC(5361) Pause Young (G1 Evacuation Pause) 460M->112M(594M) 2,699ms
[1968,714s][info][gc] GC(5362) Pause Young (G1 Evacuation Pause) 460M->112M(594M) 2,169ms
[1969,135s][info][gc] GC(5363) Pause Young (G1 Evacuation Pause) 460M->112M(594M) 2,682ms
[1969,546s][info][gc] GC(5364) Pause Young (G1 Evacuation Pause) 460M->113M(594M) 2,908ms
[1969,950s][info][gc] GC(5365) Pause Young (G1 Evacuation Pause) 461M->113M(594M) 2,788ms
[1970,362s][info][gc] GC(5366) Pause Young (G1 Evacuation Pause) 460M->112M(594M) 1,661ms
[1970,774s][info][gc] GC(5367) Pause Young (G1 Evacuation Pause) 460M->112M(594M) 4,942ms
[1971,151s][info][gc] GC(5368) Pause Young (G1 Evacuation Pause) 461M->113M(594M) 1,956ms
[1971,527s][info][gc] GC(5369) Pause Young (G1 Evacuation Pause) 460M->113M(594M) 1,929ms
[1971,903s][info][gc] GC(5370) Pause Young (G1 Evacuation Pause) 461M->113M(594M) 1,907ms
[1972,279s][info][gc] GC(5371) Pause Young (G1 Evacuation Pause) 461M->113M(594M) 1,835ms
[1972,694s][info][gc] GC(5372) Pause Young (G1 Evacuation Pause) 460M->112M(594M) 3,460ms
[1973,072s][info][gc] GC(5373) Pause Young (G1 Evacuation Pause) 460M->113M(594M) 1,804ms
[1973,460s][info][gc] GC(5374) Pause Young (G1 Evacuation Pause) 461M->113M(594M) 1,930ms
[1973,871s][info][gc] GC(5375) Pause Young (G1 Evacuation Pause) 461M->113M(594M) 2,704ms
[1974,260s][info][gc] GC(5376) Pause Young (G1 Evacuation Pause) 461M->113M(594M) 1,685ms
[1974,653s][info][gc] GC(5377) Pause Young (G1 Evacuation Pause) 461M->113M(594M) 1,886ms
[1975,029s][info][gc] GC(5378) Pause Young (G1 Evacuation Pause) 460M->112M(594M) 1,749ms
[1975,436s][info][gc] GC(5379) Pause Young (G1 Evacuation Pause) 460M->112M(594M) 2,560ms
[1975,840s][info][gc] GC(5380) Pause Young (G1 Evacuation Pause) 460M->113M(594M) 1,607ms
[1976,217s][info][gc] GC(5381) Pause Young (G1 Evacuation Pause) 461M->113M(594M) 2,051ms
[1976,593s][info][gc] GC(5382) Pause Young (G1 Evacuation Pause) 461M->113M(594M) 2,036ms
[1976,978s][info][gc] GC(5383) Pause Young (G1 Evacuation Pause) 460M->112M(594M) 1,583ms
[1977,371s][info][gc] GC(5384) Pause Young (G1 Evacuation Pause) 460M->113M(594M) 2,486ms
[1977,753s][info][gc] GC(5385) Pause Young (G1 Evacuation Pause) 461M->113M(594M) 1,850ms
[1978,128s][info][gc] GC(5386) Pause Young (G1 Evacuation Pause) 461M->113M(594M) 1,592ms
[1978,516s][info][gc] GC(5387) Pause Young (G1 Evacuation Pause) 461M->113M(594M) 1,756ms
[1978,892s][info][gc] GC(5388) Pause Young (G1 Evacuation Pause) 461M->113M(594M) 1,775ms
[1979,269s][info][gc] GC(5389) Pause Young (G1 Evacuation Pause) 461M->113M(594M) 2,781ms
[1979,646s][info][gc] GC(5390) Pause Young (G1 Evacuation Pause) 460M->112M(594M) 2,780ms
[1980,022s][info][gc] GC(5391) Pause Young (G1 Evacuation Pause) 460M->112M(594M) 1,690ms
[1980,398s][info][gc] GC(5392) Pause Young (G1 Evacuation Pause) 460M->113M(594M) 1,815ms
[1980,782s][info][gc] GC(5393) Pause Young (G1 Evacuation Pause) 461M->113M(594M) 10,245ms
[1981,157s][info][gc] GC(5394) Pause Young (G1 Evacuation Pause) 461M->113M(594M) 1,650ms
[1981,535s][info][gc] GC(5395) Pause Young (G1 Evacuation Pause) 461M->113M(594M) 2,452ms
[1981,931s][info][gc] GC(5396) Pause Young (G1 Evacuation Pause) 460M->113M(594M) 2,567ms
[1982,311s][info][gc] GC(5397) Pause Young (G1 Evacuation Pause) 461M->112M(594M) 2,383ms
[1982,687s][info][gc] GC(5398) Pause Young (G1 Evacuation Pause) 460M->113M(594M) 1,827ms
[1983,062s][info][gc] GC(5399) Pause Young (G1 Evacuation Pause) 461M->113M(594M) 1,693ms
[1983,480s][info][gc] GC(5400) Pause Young (G1 Evacuation Pause) 461M->113M(594M) 3,146ms
[1983,895s][info][gc] GC(5401) Pause Young (G1 Evacuation Pause) 461M->114M(594M) 2,790ms
[1984,306s][info][gc] GC(5402) Pause Young (G1 Evacuation Pause) 461M->113M(594M) 2,542ms
[1984,711s][info][gc] GC(5403) Pause Young (G1 Evacuation Pause) 461M->113M(594M) 1,602ms
[1985,106s][info][gc] GC(5404) Pause Young (G1 Evacuation Pause) 461M->113M(594M) 2,127ms
[1985,483s][info][gc] GC(5405) Pause Young (G1 Evacuation Pause) 461M->113M(594M) 2,212ms
[1985,860s][info][gc] GC(5406) Pause Young (G1 Evacuation Pause) 461M->114M(594M) 1,916ms
[1986,249s][info][gc] GC(5407) Pause Young (G1 Evacuation Pause) 461M->113M(594M) 1,773ms
[1986,638s][info][gc] GC(5408) Pause Young (G1 Evacuation Pause) 461M->113M(594M) 2,284ms
[1987,015s][info][gc] GC(5409) Pause Young (G1 Evacuation Pause) 461M->113M(594M) 1,587ms
[1987,392s][info][gc] GC(5410) Pause Young (G1 Evacuation Pause) 461M->113M(594M) 1,799ms
[1987,768s][info][gc] GC(5411) Pause Young (G1 Evacuation Pause) 461M->113M(594M) 1,732ms
[1988,144s][info][gc] GC(5412) Pause Young (G1 Evacuation Pause) 461M->114M(594M) 1,701ms
[1988,520s][info][gc] GC(5413) Pause Young (G1 Evacuation Pause) 461M->113M(594M) 1,776ms
[1988,896s][info][gc] GC(5414) Pause Young (G1 Evacuation Pause) 461M->113M(594M) 1,788ms
[1989,279s][info][gc] GC(5415) Pause Young (G1 Evacuation Pause) 461M->113M(594M) 6,584ms
[1989,657s][info][gc] GC(5416) Pause Young (G1 Evacuation Pause) 461M->113M(594M) 1,767ms
[1990,058s][info][gc] GC(5417) Pause Young (G1 Evacuation Pause) 461M->113M(594M) 1,769ms
[1990,455s][info][gc] GC(5418) Pause Young (G1 Evacuation Pause) 461M->113M(594M) 3,291ms
[1990,861s][info][gc] GC(5419) Pause Young (G1 Evacuation Pause) 461M->114M(594M) 1,920ms
[1991,237s][info][gc] GC(5420) Pause Young (G1 Evacuation Pause) 461M->113M(594M) 1,776ms
[1991,658s][info][gc] GC(5421) Pause Young (G1 Evacuation Pause) 461M->113M(594M) 2,776ms
[1992,066s][info][gc] GC(5422) Pause Young (G1 Evacuation Pause) 461M->113M(594M) 2,713ms
[1992,477s][info][gc] GC(5423) Pause Young (G1 Evacuation Pause) 461M->114M(594M) 2,638ms
[1992,854s][info][gc] GC(5424) Pause Young (G1 Evacuation Pause) 461M->113M(594M) 1,782ms
[1993,230s][info][gc] GC(5425) Pause Young (G1 Evacuation Pause) 461M->113M(594M) 1,815ms
[1993,607s][info][gc] GC(5426) Pause Young (G1 Evacuation Pause) 461M->113M(594M) 2,970ms
[1994,001s][info][gc] GC(5427) Pause Young (G1 Evacuation Pause) 461M->113M(594M) 3,259ms
[1994,377s][info][gc] GC(5428) Pause Young (G1 Evacuation Pause) 461M->113M(594M) 2,595ms
[1994,754s][info][gc] GC(5429) Pause Young (G1 Evacuation Pause) 461M->113M(594M) 1,703ms
[1995,130s][info][gc] GC(5430) Pause Young (G1 Evacuation Pause) 461M->114M(594M) 1,782ms
[1995,526s][info][gc] GC(5431) Pause Young (G1 Evacuation Pause) 461M->113M(594M) 2,182ms
[1995,903s][info][gc] GC(5432) Pause Young (G1 Evacuation Pause) 461M->113M(594M) 1,737ms
[1996,287s][info][gc] GC(5433) Pause Young (G1 Evacuation Pause) 461M->113M(594M) 3,886ms
[1996,664s][info][gc] GC(5434) Pause Young (G1 Evacuation Pause) 461M->113M(594M) 2,482ms
[1997,070s][info][gc] GC(5435) Pause Young (G1 Evacuation Pause) 461M->114M(594M) 2,699ms
[1997,481s][info][gc] GC(5436) Pause Young (G1 Evacuation Pause) 461M->113M(594M) 2,716ms
[1997,864s][info][gc] GC(5437) Pause Young (G1 Evacuation Pause) 461M->113M(594M) 1,888ms
[1998,244s][info][gc] GC(5438) Pause Young (G1 Evacuation Pause) 461M->113M(594M) 1,592ms
[1998,635s][info][gc] GC(5439) Pause Young (G1 Evacuation Pause) 461M->113M(594M) 1,756ms
[1999,011s][info][gc] GC(5440) Pause Young (G1 Evacuation Pause) 461M->113M(594M) 2,326ms
[1999,404s][info][gc] GC(5441) Pause Young (G1 Evacuation Pause) 461M->114M(594M) 2,842ms
[1999,817s][info][gc] GC(5442) Pause Young (G1 Evacuation Pause) 462M->114M(594M) 2,786ms
[2000,199s][info][gc] GC(5443) Pause Young (G1 Evacuation Pause) 461M->113M(594M) 1,976ms
[2000,627s][info][gc] GC(5444) Pause Young (G1 Evacuation Pause) 461M->113M(594M) 2,695ms
[2001,017s][info][gc] GC(5445) Pause Young (G1 Evacuation Pause) 461M->114M(594M) 1,935ms
[2001,412s][info][gc] GC(5446) Pause Young (G1 Evacuation Pause) 462M->113M(594M) 2,655ms
[2001,801s][info][gc] GC(5447) Pause Young (G1 Evacuation Pause) 461M->114M(594M) 6,449ms
[2002,186s][info][gc] GC(5448) Pause Young (G1 Evacuation Pause) 462M->114M(594M) 1,758ms
[2002,577s][info][gc] GC(5449) Pause Young (G1 Evacuation Pause) 461M->113M(594M) 1,906ms
[2002,976s][info][gc] GC(5450) Pause Young (G1 Evacuation Pause) 461M->114M(594M) 2,532ms
[2003,385s][info][gc] GC(5451) Pause Young (G1 Evacuation Pause) 462M->114M(594M) 1,718ms
[2003,761s][info][gc] GC(5452) Pause Young (G1 Evacuation Pause) 462M->114M(594M) 2,311ms
[2004,137s][info][gc] GC(5453) Pause Young (G1 Evacuation Pause) 462M->114M(594M) 1,664ms
[2004,546s][info][gc] GC(5454) Pause Young (G1 Evacuation Pause) 462M->114M(594M) 3,008ms
[2004,960s][info][gc] GC(5455) Pause Young (G1 Evacuation Pause) 461M->113M(594M) 2,789ms
[2005,352s][info][gc] GC(5456) Pause Young (G1 Evacuation Pause) 461M->113M(594M) 2,568ms
[2005,767s][info][gc] GC(5457) Pause Young (G1 Evacuation Pause) 461M->114M(594M) 3,657ms
[2006,160s][info][gc] GC(5458) Pause Young (G1 Evacuation Pause) 462M->114M(594M) 1,953ms
[2006,546s][info][gc] GC(5459) Pause Young (G1 Evacuation Pause) 462M->114M(594M) 2,216ms
[2006,924s][info][gc] GC(5460) Pause Young (G1 Evacuation Pause) 461M->113M(594M) 2,213ms
[2007,315s][info][gc] GC(5461) Pause Young (G1 Evacuation Pause) 462M->114M(594M) 3,390ms
[2007,693s][info][gc] GC(5462) Pause Young (G1 Evacuation Pause) 461M->114M(594M) 2,218ms
[2008,108s][info][gc] GC(5463) Pause Young (G1 Evacuation Pause) 462M->114M(594M) 2,697ms
[2008,525s][info][gc] GC(5464) Pause Young (G1 Evacuation Pause) 462M->114M(594M) 2,724ms
[2008,925s][info][gc] GC(5465) Pause Young (G1 Evacuation Pause) 462M->114M(594M) 4,034ms
[2009,312s][info][gc] GC(5466) Pause Young (G1 Evacuation Pause) 462M->114M(594M) 3,455ms
[2009,697s][info][gc] GC(5467) Pause Young (G1 Evacuation Pause) 462M->114M(594M) 2,174ms
[2010,099s][info][gc] GC(5468) Pause Young (G1 Evacuation Pause) 462M->113M(594M) 1,572ms
[2010,503s][info][gc] GC(5469) Pause Young (G1 Evacuation Pause) 461M->114M(594M) 1,598ms
[2010,887s][info][gc] GC(5470) Pause Young (G1 Evacuation Pause) 462M->114M(594M) 1,869ms
[2011,263s][info][gc] GC(5471) Pause Young (G1 Evacuation Pause) 462M->114M(594M) 1,794ms
[2011,654s][info][gc] GC(5472) Pause Young (G1 Evacuation Pause) 461M->113M(594M) 2,659ms
[2012,073s][info][gc] GC(5473) Pause Young (G1 Evacuation Pause) 461M->113M(594M) 3,948ms
[2012,463s][info][gc] GC(5474) Pause Young (G1 Evacuation Pause) 461M->114M(594M) 2,158ms
[2012,877s][info][gc] GC(5475) Pause Young (G1 Evacuation Pause) 462M->114M(594M) 2,195ms
[2013,254s][info][gc] GC(5476) Pause Young (G1 Evacuation Pause) 462M->114M(594M) 2,219ms
[2013,665s][info][gc] GC(5477) Pause Young (G1 Evacuation Pause) 462M->115M(594M) 2,279ms
[2014,065s][info][gc] GC(5478) Pause Young (G1 Evacuation Pause) 462M->114M(594M) 1,559ms
[2014,455s][info][gc] GC(5479) Pause Young (G1 Evacuation Pause) 462M->113M(594M) 1,670ms
[2014,832s][info][gc] GC(5480) Pause Young (G1 Evacuation Pause) 462M->115M(594M) 1,993ms
[2015,222s][info][gc] GC(5481) Pause Young (G1 Evacuation Pause) 462M->114M(594M) 1,608ms
[2015,635s][info][gc] GC(5482) Pause Young (G1 Evacuation Pause) 462M->114M(594M) 2,798ms
[2016,024s][info][gc] GC(5483) Pause Young (G1 Evacuation Pause) 462M->115M(594M) 1,794ms
[2016,399s][info][gc] GC(5484) Pause Young (G1 Evacuation Pause) 462M->114M(594M) 1,549ms
[2016,782s][info][gc] GC(5485) Pause Young (G1 Evacuation Pause) 462M->114M(594M) 5,411ms
[2017,157s][info][gc] GC(5486) Pause Young (G1 Evacuation Pause) 462M->114M(594M) 1,570ms
[2017,563s][info][gc] GC(5487) Pause Young (G1 Evacuation Pause) 462M->114M(594M) 2,647ms
[2017,979s][info][gc] GC(5488) Pause Young (G1 Evacuation Pause) 462M->115M(594M) 2,266ms
[2018,366s][info][gc] GC(5489) Pause Young (G1 Evacuation Pause) 462M->113M(594M) 1,707ms
[2018,743s][info][gc] GC(5490) Pause Young (G1 Evacuation Pause) 462M->115M(594M) 1,790ms
[2019,159s][info][gc] GC(5491) Pause Young (G1 Evacuation Pause) 462M->114M(594M) 1,631ms
[2019,567s][info][gc] GC(5492) Pause Young (G1 Evacuation Pause) 462M->114M(594M) 2,629ms
[2019,985s][info][gc] GC(5493) Pause Young (G1 Evacuation Pause) 462M->114M(594M) 2,715ms
[2020,379s][info][gc] GC(5494) Pause Young (G1 Evacuation Pause) 462M->115M(594M) 1,937ms
[2020,755s][info][gc] GC(5495) Pause Young (G1 Evacuation Pause) 462M->114M(594M) 1,967ms
[2021,139s][info][gc] GC(5496) Pause Young (G1 Evacuation Pause) 462M->114M(594M) 1,794ms
[2021,545s][info][gc] GC(5497) Pause Young (G1 Evacuation Pause) 462M->114M(594M) 1,654ms
[2021,922s][info][gc] GC(5498) Pause Young (G1 Evacuation Pause) 462M->114M(594M) 1,772ms
[2022,316s][info][gc] GC(5499) Pause Young (G1 Evacuation Pause) 462M->114M(594M) 2,419ms
[2022,725s][info][gc] GC(5500) Pause Young (G1 Evacuation Pause) 462M->115M(594M) 2,661ms
[2023,135s][info][gc] GC(5501) Pause Young (G1 Evacuation Pause) 462M->114M(594M) 2,460ms
[2023,544s][info][gc] GC(5502) Pause Young (G1 Evacuation Pause) 462M->114M(594M) 2,612ms
[2023,957s][info][gc] GC(5503) Pause Young (G1 Evacuation Pause) 462M->114M(594M) 2,703ms
[2024,373s][info][gc] GC(5504) Pause Young (G1 Evacuation Pause) 462M->114M(594M) 2,922ms
[2024,768s][info][gc] GC(5505) Pause Young (G1 Evacuation Pause) 462M->115M(594M) 1,631ms
[2025,145s][info][gc] GC(5506) Pause Young (G1 Evacuation Pause) 463M->115M(594M) 1,786ms
[2025,525s][info][gc] GC(5507) Pause Young (G1 Evacuation Pause) 463M->115M(594M) 1,777ms
[2025,900s][info][gc] GC(5508) Pause Young (G1 Evacuation Pause) 462M->114M(594M) 1,569ms
[2026,276s][info][gc] GC(5509) Pause Young (G1 Evacuation Pause) 462M->114M(594M) 1,644ms
[2026,660s][info][gc] GC(5510) Pause Young (G1 Evacuation Pause) 462M->115M(594M) 1,568ms
[2027,037s][info][gc] GC(5511) Pause Young (G1 Evacuation Pause) 463M->115M(594M) 1,809ms
[2027,419s][info][gc] GC(5512) Pause Young (G1 Evacuation Pause) 463M->115M(594M) 1,822ms
[2027,823s][info][gc] GC(5513) Pause Young (G1 Evacuation Pause) 462M->114M(594M) 1,633ms
[2028,249s][info][gc] GC(5514) Pause Young (G1 Evacuation Pause) 462M->114M(594M) 2,614ms
[2028,668s][info][gc] GC(5515) Pause Young (G1 Evacuation Pause) 462M->114M(594M) 2,617ms
[2029,089s][info][gc] GC(5516) Pause Young (G1 Evacuation Pause) 462M->115M(594M) 2,698ms
[2029,501s][info][gc] GC(5517) Pause Young (G1 Evacuation Pause) 463M->115M(594M) 1,810ms
[2029,877s][info][gc] GC(5518) Pause Young (G1 Evacuation Pause) 462M->114M(594M) 2,298ms
[2030,255s][info][gc] GC(5519) Pause Young (G1 Evacuation Pause) 462M->114M(594M) 2,412ms
[2030,678s][info][gc] GC(5520) Pause Young (G1 Evacuation Pause) 463M->115M(594M) 3,657ms
[2031,061s][info][gc] GC(5521) Pause Young (G1 Evacuation Pause) 462M->114M(594M) 1,704ms
[2031,469s][info][gc] GC(5522) Pause Young (G1 Evacuation Pause) 462M->114M(594M) 3,613ms
[2031,879s][info][gc] GC(5523) Pause Young (G1 Evacuation Pause) 462M->115M(594M) 2,658ms
[2032,256s][info][gc] GC(5524) Pause Young (G1 Evacuation Pause) 462M->114M(594M) 1,817ms
[2032,671s][info][gc] GC(5525) Pause Young (G1 Evacuation Pause) 463M->115M(594M) 2,547ms
[2033,096s][info][gc] GC(5526) Pause Young (G1 Evacuation Pause) 463M->116M(594M) 2,778ms
[2033,496s][info][gc] GC(5527) Pause Young (G1 Evacuation Pause) 463M->115M(594M) 2,191ms
[2033,892s][info][gc] GC(5528) Pause Young (G1 Evacuation Pause) 463M->115M(594M) 2,738ms
[2034,282s][info][gc] GC(5529) Pause Young (G1 Evacuation Pause) 463M->115M(594M) 6,314ms
[2034,666s][info][gc] GC(5530) Pause Young (G1 Evacuation Pause) 463M->115M(594M) 1,871ms
[2035,042s][info][gc] GC(5531) Pause Young (G1 Evacuation Pause) 463M->115M(594M) 1,891ms
[2035,445s][info][gc] GC(5532) Pause Young (G1 Evacuation Pause) 462M->114M(594M) 2,795ms
[2035,855s][info][gc] GC(5533) Pause Young (G1 Evacuation Pause) 462M->115M(594M) 5,252ms
[2036,250s][info][gc] GC(5534) Pause Young (G1 Evacuation Pause) 463M->115M(594M) 3,636ms
[2036,666s][info][gc] GC(5535) Pause Young (G1 Evacuation Pause) 463M->115M(594M) 2,799ms
[2037,060s][info][gc] GC(5536) Pause Young (G1 Evacuation Pause) 462M->114M(594M) 1,704ms
[2037,436s][info][gc] GC(5537) Pause Young (G1 Evacuation Pause) 462M->114M(594M) 1,659ms
[2037,814s][info][gc] GC(5538) Pause Young (G1 Evacuation Pause) 463M->116M(594M) 2,340ms
[2038,216s][info][gc] GC(5539) Pause Young (G1 Evacuation Pause) 463M->114M(594M) 1,750ms
[2038,615s][info][gc] GC(5540) Pause Young (G1 Evacuation Pause) 462M->115M(594M) 3,015ms
[2039,020s][info][gc] GC(5541) Pause Young (G1 Evacuation Pause) 463M->115M(594M) 2,681ms
[2039,434s][info][gc] GC(5542) Pause Young (G1 Evacuation Pause) 463M->115M(594M) 2,703ms
[2039,825s][info][gc] GC(5543) Pause Young (G1 Evacuation Pause) 462M->114M(594M) 3,062ms
[2040,235s][info][gc] GC(5544) Pause Young (G1 Evacuation Pause) 462M->114M(594M) 2,554ms
[2040,648s][info][gc] GC(5545) Pause Young (G1 Evacuation Pause) 462M->115M(594M) 2,631ms
[2041,025s][info][gc] GC(5546) Pause Young (G1 Evacuation Pause) 463M->115M(594M) 1,984ms
[2041,401s][info][gc] GC(5547) Pause Young (G1 Evacuation Pause) 463M->115M(594M) 2,068ms
[2041,783s][info][gc] GC(5548) Pause Young (G1 Evacuation Pause) 463M->115M(594M) 5,186ms
[2042,180s][info][gc] GC(5549) Pause Young (G1 Evacuation Pause) 462M->114M(594M) 2,658ms
[2042,577s][info][gc] GC(5550) Pause Young (G1 Evacuation Pause) 463M->115M(594M) 4,028ms
[2042,982s][info][gc] GC(5551) Pause Young (G1 Evacuation Pause) 462M->114M(594M) 2,726ms
[2043,398s][info][gc] GC(5552) Pause Young (G1 Evacuation Pause) 462M->115M(594M) 2,930ms
[2043,781s][info][gc] GC(5553) Pause Young (G1 Evacuation Pause) 463M->115M(594M) 5,050ms
[2044,199s][info][gc] GC(5554) Pause Young (G1 Evacuation Pause) 463M->115M(594M) 4,273ms
[2044,610s][info][gc] GC(5555) Pause Young (G1 Evacuation Pause) 463M->116M(594M) 2,244ms
[2044,987s][info][gc] GC(5556) Pause Young (G1 Evacuation Pause) 463M->115M(594M) 1,751ms
[2045,399s][info][gc] GC(5557) Pause Young (G1 Evacuation Pause) 463M->115M(594M) 2,278ms
[2045,776s][info][gc] GC(5558) Pause Young (G1 Evacuation Pause) 463M->115M(594M) 1,924ms
[2046,152s][info][gc] GC(5559) Pause Young (G1 Evacuation Pause) 463M->115M(594M) 2,506ms
[2046,528s][info][gc] GC(5560) Pause Young (G1 Evacuation Pause) 463M->115M(594M) 1,716ms
[2046,913s][info][gc] GC(5561) Pause Young (G1 Evacuation Pause) 463M->116M(594M) 1,743ms
[2047,289s][info][gc] GC(5562) Pause Young (G1 Evacuation Pause) 463M->115M(594M) 1,869ms
[2047,665s][info][gc] GC(5563) Pause Young (G1 Evacuation Pause) 463M->115M(594M) 1,866ms
[2048,041s][info][gc] GC(5564) Pause Young (G1 Evacuation Pause) 463M->115M(594M) 1,879ms
[2048,436s][info][gc] GC(5565) Pause Young (G1 Evacuation Pause) 463M->115M(594M) 2,747ms
[2048,854s][info][gc] GC(5566) Pause Young (G1 Evacuation Pause) 463M->115M(594M) 5,662ms
[2049,275s][info][gc] GC(5567) Pause Young (G1 Evacuation Pause) 463M->116M(594M) 5,395ms
[2049,652s][info][gc] GC(5568) Pause Young (G1 Evacuation Pause) 463M->115M(594M) 2,229ms
[2050,030s][info][gc] GC(5569) Pause Young (G1 Evacuation Pause) 463M->115M(594M) 2,324ms
[2050,418s][info][gc] GC(5570) Pause Young (G1 Evacuation Pause) 463M->115M(594M) 1,769ms
[2050,795s][info][gc] GC(5571) Pause Young (G1 Evacuation Pause) 463M->115M(594M) 2,717ms
[2051,171s][info][gc] GC(5572) Pause Young (G1 Evacuation Pause) 463M->115M(594M) 2,652ms
[2051,556s][info][gc] GC(5573) Pause Young (G1 Evacuation Pause) 463M->115M(594M) 2,508ms
[2051,954s][info][gc] GC(5574) Pause Young (G1 Evacuation Pause) 463M->116M(594M) 2,779ms
[2052,343s][info][gc] GC(5575) Pause Young (G1 Evacuation Pause) 463M->115M(594M) 2,346ms
[2052,719s][info][gc] GC(5576) Pause Young (G1 Evacuation Pause) 463M->115M(594M) 2,173ms
[2053,137s][info][gc] GC(5577) Pause Young (G1 Evacuation Pause) 463M->115M(594M) 2,640ms
[2053,543s][info][gc] GC(5578) Pause Young (G1 Evacuation Pause) 463M->116M(594M) 2,824ms
[2053,954s][info][gc] GC(5579) Pause Young (G1 Evacuation Pause) 463M->115M(594M) 2,539ms
[2054,331s][info][gc] GC(5580) Pause Young (G1 Evacuation Pause) 463M->115M(594M) 2,127ms
[2054,708s][info][gc] GC(5581) Pause Young (G1 Evacuation Pause) 463M->115M(594M) 1,683ms
[2055,104s][info][gc] GC(5582) Pause Young (G1 Evacuation Pause) 463M->115M(594M) 2,295ms
[2055,485s][info][gc] GC(5583) Pause Young (G1 Evacuation Pause) 463M->116M(594M) 1,720ms
[2055,873s][info][gc] GC(5584) Pause Young (G1 Evacuation Pause) 464M->116M(594M) 3,980ms
[2056,287s][info][gc] GC(5585) Pause Young (G1 Evacuation Pause) 463M->115M(594M) 3,564ms
[2056,698s][info][gc] GC(5586) Pause Young (G1 Evacuation Pause) 463M->115M(594M) 2,743ms
[2057,080s][info][gc] GC(5587) Pause Young (G1 Evacuation Pause) 463M->115M(594M) 1,739ms
[2057,479s][info][gc] GC(5588) Pause Young (G1 Evacuation Pause) 463M->115M(594M) 2,785ms
[2057,893s][info][gc] GC(5589) Pause Young (G1 Evacuation Pause) 463M->116M(594M) 2,971ms
[2058,268s][info][gc] GC(5590) Pause Young (G1 Evacuation Pause) 463M->115M(594M) 1,600ms
[2058,676s][info][gc] GC(5591) Pause Young (G1 Evacuation Pause) 463M->115M(594M) 2,660ms
[2059,091s][info][gc] GC(5592) Pause Young (G1 Evacuation Pause) 463M->115M(594M) 2,723ms
[2059,507s][info][gc] GC(5593) Pause Young (G1 Evacuation Pause) 463M->115M(594M) 2,607ms
[2059,916s][info][gc] GC(5594) Pause Young (G1 Evacuation Pause) 463M->115M(594M) 2,136ms
[2060,303s][info][gc] GC(5595) Pause Young (G1 Evacuation Pause) 463M->116M(594M) 3,684ms
[2060,697s][info][gc] GC(5596) Pause Young (G1 Evacuation Pause) 463M->115M(594M) 2,101ms
[2061,073s][info][gc] GC(5597) Pause Young (G1 Evacuation Pause) 463M->115M(594M) 1,786ms
[2061,449s][info][gc] GC(5598) Pause Young (G1 Evacuation Pause) 463M->115M(594M) 1,616ms
[2061,853s][info][gc] GC(5599) Pause Young (G1 Evacuation Pause) 463M->116M(594M) 4,807ms
[2062,239s][info][gc] GC(5600) Pause Young (G1 Evacuation Pause) 464M->116M(594M) 2,894ms
[2062,633s][info][gc] GC(5601) Pause Young (G1 Evacuation Pause) 464M->115M(594M) 1,659ms
[2063,018s][info][gc] GC(5602) Pause Young (G1 Evacuation Pause) 463M->116M(594M) 1,785ms
[2063,426s][info][gc] GC(5603) Pause Young (G1 Evacuation Pause) 463M->115M(594M) 2,177ms
[2063,807s][info][gc] GC(5604) Pause Young (G1 Evacuation Pause) 463M->115M(594M) 2,613ms
[2064,190s][info][gc] GC(5605) Pause Young (G1 Evacuation Pause) 463M->116M(594M) 3,661ms
[2064,592s][info][gc] GC(5606) Pause Young (G1 Evacuation Pause) 464M->116M(594M) 2,724ms
[2065,037s][info][gc] GC(5607) Pause Young (G1 Evacuation Pause) 464M->116M(594M) 11,341ms
[2065,498s][info][gc] GC(5608) Pause Young (G1 Evacuation Pause) 463M->115M(594M) 1,792ms
[2065,897s][info][gc] GC(5609) Pause Young (G1 Evacuation Pause) 463M->115M(594M) 1,760ms
[2066,290s][info][gc] GC(5610) Pause Young (G1 Evacuation Pause) 463M->116M(594M) 1,935ms
[2066,703s][info][gc] GC(5611) Pause Young (G1 Evacuation Pause) 464M->116M(594M) 2,705ms
[2067,104s][info][gc] GC(5612) Pause Young (G1 Evacuation Pause) 464M->116M(594M) 1,881ms
[2067,484s][info][gc] GC(5613) Pause Young (G1 Evacuation Pause) 463M->115M(594M) 1,637ms
[2067,901s][info][gc] GC(5614) Pause Young (G1 Evacuation Pause) 463M->115M(594M) 5,675ms
[2068,291s][info][gc] GC(5615) Pause Young (G1 Evacuation Pause) 463M->115M(594M) 4,787ms
[2068,669s][info][gc] GC(5616) Pause Young (G1 Evacuation Pause) 463M->116M(594M) 1,689ms
[2069,077s][info][gc] GC(5617) Pause Young (G1 Evacuation Pause) 464M->116M(594M) 2,310ms
[2069,481s][info][gc] GC(5618) Pause Young (G1 Evacuation Pause) 463M->115M(594M) 2,068ms
[2069,876s][info][gc] GC(5619) Pause Young (G1 Evacuation Pause) 463M->115M(594M) 2,608ms
[2070,264s][info][gc] GC(5620) Pause Young (G1 Evacuation Pause) 463M->115M(594M) 1,978ms
[2070,640s][info][gc] GC(5621) Pause Young (G1 Evacuation Pause) 464M->116M(594M) 2,005ms
[2071,035s][info][gc] GC(5622) Pause Young (G1 Evacuation Pause) 463M->116M(594M) 2,609ms
[2071,436s][info][gc] GC(5623) Pause Young (G1 Evacuation Pause) 464M->115M(594M) 2,415ms
[2071,834s][info][gc] GC(5624) Pause Young (G1 Evacuation Pause) 463M->116M(594M) 3,742ms
[2072,256s][info][gc] GC(5625) Pause Young (G1 Evacuation Pause) 464M->116M(594M) 2,384ms
[2072,662s][info][gc] GC(5626) Pause Young (G1 Evacuation Pause) 463M->115M(594M) 1,623ms
[2073,060s][info][gc] GC(5627) Pause Young (G1 Evacuation Pause) 463M->115M(594M) 2,948ms
[2073,468s][info][gc] GC(5628) Pause Young (G1 Evacuation Pause) 463M->116M(594M) 2,213ms
[2073,877s][info][gc] GC(5629) Pause Young (G1 Evacuation Pause) 464M->116M(594M) 2,134ms
[2074,264s][info][gc] GC(5630) Pause Young (G1 Evacuation Pause) 464M->116M(594M) 2,140ms
[2074,654s][info][gc] GC(5631) Pause Young (G1 Evacuation Pause) 464M->116M(594M) 1,955ms
[2075,030s][info][gc] GC(5632) Pause Young (G1 Evacuation Pause) 464M->117M(594M) 1,686ms
[2075,409s][info][gc] GC(5633) Pause Young (G1 Evacuation Pause) 464M->116M(594M) 1,685ms
[2075,789s][info][gc] GC(5634) Pause Young (G1 Evacuation Pause) 464M->116M(594M) 1,603ms
[2076,166s][info][gc] GC(5635) Pause Young (G1 Evacuation Pause) 464M->116M(594M) 2,381ms
[2076,581s][info][gc] GC(5636) Pause Young (G1 Evacuation Pause) 464M->116M(594M) 2,703ms
[2077,003s][info][gc] GC(5637) Pause Young (G1 Evacuation Pause) 464M->117M(594M) 2,657ms
[2077,385s][info][gc] GC(5638) Pause Young (G1 Evacuation Pause) 464M->116M(594M) 1,638ms
[2077,787s][info][gc] GC(5639) Pause Young (G1 Evacuation Pause) 464M->116M(594M) 3,920ms
[2078,164s][info][gc] GC(5640) Pause Young (G1 Evacuation Pause) 464M->116M(594M) 1,817ms
[2078,540s][info][gc] GC(5641) Pause Young (G1 Evacuation Pause) 464M->116M(594M) 1,773ms
[2078,936s][info][gc] GC(5642) Pause Young (G1 Evacuation Pause) 464M->116M(594M) 2,689ms
[2079,352s][info][gc] GC(5643) Pause Young (G1 Evacuation Pause) 464M->117M(594M) 2,667ms
[2079,763s][info][gc] GC(5644) Pause Young (G1 Evacuation Pause) 464M->116M(594M) 2,505ms
[2080,178s][info][gc] GC(5645) Pause Young (G1 Evacuation Pause) 464M->116M(594M) 2,729ms
[2080,595s][info][gc] GC(5646) Pause Young (G1 Evacuation Pause) 464M->116M(594M) 2,679ms
[2080,980s][info][gc] GC(5647) Pause Young (G1 Evacuation Pause) 464M->116M(594M) 1,765ms
[2081,356s][info][gc] GC(5648) Pause Young (G1 Evacuation Pause) 464M->116M(594M) 2,514ms
[2081,757s][info][gc] GC(5649) Pause Young (G1 Evacuation Pause) 464M->117M(594M) 2,877ms
[2082,161s][info][gc] GC(5650) Pause Young (G1 Evacuation Pause) 464M->115M(594M) 1,605ms
[2082,538s][info][gc] GC(5651) Pause Young (G1 Evacuation Pause) 464M->116M(594M) 1,658ms
[2082,914s][info][gc] GC(5652) Pause Young (G1 Evacuation Pause) 464M->116M(594M) 2,127ms
[2083,345s][info][gc] GC(5653) Pause Young (G1 Evacuation Pause) 464M->117M(594M) 3,483ms
[2083,755s][info][gc] GC(5654) Pause Young (G1 Evacuation Pause) 464M->116M(594M) 2,619ms
[2084,180s][info][gc] GC(5655) Pause Young (G1 Evacuation Pause) 464M->116M(594M) 2,742ms
[2084,582s][info][gc] GC(5656) Pause Young (G1 Evacuation Pause) 464M->116M(594M) 1,867ms
[2084,978s][info][gc] GC(5657) Pause Young (G1 Evacuation Pause) 464M->117M(594M) 6,503ms
[2085,409s][info][gc] GC(5658) Pause Young (G1 Evacuation Pause) 464M->115M(594M) 6,084ms
[2085,820s][info][gc] GC(5659) Pause Young (G1 Evacuation Pause) 464M->117M(594M) 1,700ms
[2086,202s][info][gc] GC(5660) Pause Young (G1 Evacuation Pause) 464M->116M(594M) 2,153ms
[2086,599s][info][gc] GC(5661) Pause Young (G1 Evacuation Pause) 464M->116M(594M) 2,535ms
[2087,089s][info][gc] GC(5662) Pause Young (G1 Evacuation Pause) 464M->117M(594M) 1,760ms
[2087,465s][info][gc] GC(5663) Pause Young (G1 Evacuation Pause) 465M->117M(594M) 1,629ms
[2087,855s][info][gc] GC(5664) Pause Young (G1 Evacuation Pause) 464M->116M(594M) 2,581ms
[2088,258s][info][gc] GC(5665) Pause Young (G1 Evacuation Pause) 464M->116M(594M) 2,060ms
[2088,651s][info][gc] GC(5666) Pause Young (G1 Evacuation Pause) 464M->116M(594M) 2,550ms
[2089,069s][info][gc] GC(5667) Pause Young (G1 Evacuation Pause) 464M->116M(594M) 2,730ms
[2089,495s][info][gc] GC(5668) Pause Young (G1 Evacuation Pause) 464M->117M(594M) 2,855ms
[2089,916s][info][gc] GC(5669) Pause Young (G1 Evacuation Pause) 464M->115M(594M) 3,806ms
[2090,303s][info][gc] GC(5670) Pause Young (G1 Evacuation Pause) 464M->117M(594M) 4,787ms
[2090,690s][info][gc] GC(5671) Pause Young (G1 Evacuation Pause) 465M->117M(594M) 2,904ms
[2091,076s][info][gc] GC(5672) Pause Young (G1 Evacuation Pause) 464M->116M(594M) 2,219ms
[2091,476s][info][gc] GC(5673) Pause Young (G1 Evacuation Pause) 464M->116M(594M) 2,804ms
[2091,872s][info][gc] GC(5674) Pause Young (G1 Evacuation Pause) 464M->117M(594M) 5,403ms
[2092,298s][info][gc] GC(5675) Pause Young (G1 Evacuation Pause) 465M->117M(594M) 2,698ms
[2092,698s][info][gc] GC(5676) Pause Young (G1 Evacuation Pause) 464M->116M(594M) 2,190ms
[2093,076s][info][gc] GC(5677) Pause Young (G1 Evacuation Pause) 465M->117M(594M) 2,280ms
[2093,476s][info][gc] GC(5678) Pause Young (G1 Evacuation Pause) 464M->116M(594M) 2,587ms
[2093,877s][info][gc] GC(5679) Pause Young (G1 Evacuation Pause) 464M->116M(594M) 2,216ms
[2094,253s][info][gc] GC(5680) Pause Young (G1 Evacuation Pause) 464M->117M(594M) 1,627ms
[2094,639s][info][gc] GC(5681) Pause Young (G1 Evacuation Pause) 465M->117M(594M) 1,909ms
[2095,015s][info][gc] GC(5682) Pause Young (G1 Evacuation Pause) 465M->117M(594M) 1,830ms
[2095,408s][info][gc] GC(5683) Pause Young (G1 Evacuation Pause) 464M->116M(594M) 2,871ms
[2095,819s][info][gc] GC(5684) Pause Young (G1 Evacuation Pause) 464M->117M(594M) 1,753ms
[2096,196s][info][gc] GC(5685) Pause Young (G1 Evacuation Pause) 465M->116M(594M) 2,919ms
[2096,595s][info][gc] GC(5686) Pause Young (G1 Evacuation Pause) 464M->117M(594M) 1,839ms
[2096,999s][info][gc] GC(5687) Pause Young (G1 Evacuation Pause) 465M->117M(594M) 2,829ms
[2097,391s][info][gc] GC(5688) Pause Young (G1 Evacuation Pause) 464M->116M(594M) 2,231ms
[2097,775s][info][gc] GC(5689) Pause Young (G1 Evacuation Pause) 464M->117M(594M) 1,645ms
[2098,151s][info][gc] GC(5690) Pause Young (G1 Evacuation Pause) 465M->116M(594M) 1,648ms
[2098,539s][info][gc] GC(5691) Pause Young (G1 Evacuation Pause) 464M->117M(594M) 1,725ms
[2098,916s][info][gc] GC(5692) Pause Young (G1 Evacuation Pause) 465M->117M(594M) 1,804ms
[2099,338s][info][gc] GC(5693) Pause Young (G1 Evacuation Pause) 465M->117M(594M) 3,689ms
[2099,750s][info][gc] GC(5694) Pause Young (G1 Evacuation Pause) 465M->117M(594M) 2,657ms
[2100,136s][info][gc] GC(5695) Pause Young (G1 Evacuation Pause) 464M->116M(594M) 4,664ms
[2100,540s][info][gc] GC(5696) Pause Young (G1 Evacuation Pause) 464M->117M(594M) 2,609ms
[2100,940s][info][gc] GC(5697) Pause Young (G1 Evacuation Pause) 465M->117M(594M) 1,815ms
[2101,316s][info][gc] GC(5698) Pause Young (G1 Evacuation Pause) 465M->117M(594M) 2,440ms
[2101,693s][info][gc] GC(5699) Pause Young (G1 Evacuation Pause) 465M->117M(594M) 1,727ms
[2102,068s][info][gc] GC(5700) Pause Young (G1 Evacuation Pause) 464M->116M(594M) 1,703ms
[2102,445s][info][gc] GC(5701) Pause Young (G1 Evacuation Pause) 465M->117M(594M) 1,941ms
[2102,822s][info][gc] GC(5702) Pause Young (G1 Evacuation Pause) 464M->116M(594M) 3,019ms
[2103,199s][info][gc] GC(5703) Pause Young (G1 Evacuation Pause) 464M->117M(594M) 2,666ms
[2103,584s][info][gc] GC(5704) Pause Young (G1 Evacuation Pause) 465M->117M(594M) 3,906ms
[2103,991s][info][gc] GC(5705) Pause Young (G1 Evacuation Pause) 464M->116M(594M) 2,515ms
[2104,407s][info][gc] GC(5706) Pause Young (G1 Evacuation Pause) 465M->118M(594M) 2,722ms
[2104,804s][info][gc] GC(5707) Pause Young (G1 Evacuation Pause) 465M->116M(594M) 1,709ms
[2105,181s][info][gc] GC(5708) Pause Young (G1 Evacuation Pause) 464M->117M(594M) 1,850ms
[2105,603s][info][gc] GC(5709) Pause Young (G1 Evacuation Pause) 465M->117M(594M) 3,596ms
[2106,006s][info][gc] GC(5710) Pause Young (G1 Evacuation Pause) 465M->117M(594M) 2,583ms
[2106,398s][info][gc] GC(5711) Pause Young (G1 Evacuation Pause) 465M->118M(594M) 1,772ms
[2106,774s][info][gc] GC(5712) Pause Young (G1 Evacuation Pause) 465M->117M(594M) 1,725ms
[2107,150s][info][gc] GC(5713) Pause Young (G1 Evacuation Pause) 465M->117M(594M) 1,828ms
[2107,552s][info][gc] GC(5714) Pause Young (G1 Evacuation Pause) 465M->117M(594M) 1,692ms
[2107,952s][info][gc] GC(5715) Pause Young (G1 Evacuation Pause) 465M->117M(594M) 2,710ms
[2108,366s][info][gc] GC(5716) Pause Young (G1 Evacuation Pause) 465M->117M(594M) 2,621ms
[2108,752s][info][gc] GC(5717) Pause Young (G1 Evacuation Pause) 465M->117M(594M) 2,253ms
[2109,168s][info][gc] GC(5718) Pause Young (G1 Evacuation Pause) 465M->118M(594M) 2,724ms
[2109,581s][info][gc] GC(5719) Pause Young (G1 Evacuation Pause) 465M->117M(594M) 1,956ms
[2109,990s][info][gc] GC(5720) Pause Young (G1 Evacuation Pause) 465M->117M(594M) 1,850ms
[2110,366s][info][gc] GC(5721) Pause Young (G1 Evacuation Pause) 465M->117M(594M) 2,030ms
[2110,742s][info][gc] GC(5722) Pause Young (G1 Evacuation Pause) 465M->117M(594M) 1,922ms
[2111,118s][info][gc] GC(5723) Pause Young (G1 Evacuation Pause) 465M->118M(594M) 1,795ms
[2111,532s][info][gc] GC(5724) Pause Young (G1 Evacuation Pause) 465M->117M(594M) 3,589ms
[2111,958s][info][gc] GC(5725) Pause Young (G1 Evacuation Pause) 465M->117M(594M) 2,574ms
[2112,369s][info][gc] GC(5726) Pause Young (G1 Evacuation Pause) 465M->117M(594M) 2,690ms
[2112,758s][info][gc] GC(5727) Pause Young (G1 Evacuation Pause) 465M->117M(594M) 2,205ms
[2113,163s][info][gc] GC(5728) Pause Young (G1 Evacuation Pause) 465M->117M(594M) 2,422ms
[2113,574s][info][gc] GC(5729) Pause Young (G1 Evacuation Pause) 465M->118M(594M) 2,672ms
[2113,957s][info][gc] GC(5730) Pause Young (G1 Evacuation Pause) 465M->117M(594M) 2,059ms
[2114,340s][info][gc] GC(5731) Pause Young (G1 Evacuation Pause) 465M->117M(594M) 6,153ms
[2114,719s][info][gc] GC(5732) Pause Young (G1 Evacuation Pause) 465M->117M(594M) 1,847ms
[2115,094s][info][gc] GC(5733) Pause Young (G1 Evacuation Pause) 465M->117M(594M) 1,653ms
[2115,471s][info][gc] GC(5734) Pause Young (G1 Evacuation Pause) 465M->117M(594M) 1,640ms
[2115,882s][info][gc] GC(5735) Pause Young (G1 Evacuation Pause) 465M->117M(594M) 2,017ms
[2116,258s][info][gc] GC(5736) Pause Young (G1 Evacuation Pause) 465M->118M(594M) 2,092ms
[2116,672s][info][gc] GC(5737) Pause Young (G1 Evacuation Pause) 465M->117M(594M) 2,094ms
[2117,081s][info][gc] GC(5738) Pause Young (G1 Evacuation Pause) 465M->117M(594M) 2,535ms
[2117,482s][info][gc] GC(5739) Pause Young (G1 Evacuation Pause) 465M->118M(594M) 1,655ms
[2117,873s][info][gc] GC(5740) Pause Young (G1 Evacuation Pause) 466M->118M(594M) 3,879ms
[2118,251s][info][gc] GC(5741) Pause Young (G1 Evacuation Pause) 466M->118M(594M) 1,796ms
[2118,640s][info][gc] GC(5742) Pause Young (G1 Evacuation Pause) 465M->117M(594M) 1,769ms
[2119,030s][info][gc] GC(5743) Pause Young (G1 Evacuation Pause) 465M->117M(594M) 3,059ms
[2119,438s][info][gc] GC(5744) Pause Young (G1 Evacuation Pause) 465M->117M(594M) 2,203ms
[2119,864s][info][gc] GC(5745) Pause Young (G1 Evacuation Pause) 465M->118M(594M) 4,227ms
[2120,302s][info][gc] GC(5746) Pause Young (G1 Evacuation Pause) 466M->118M(594M) 5,506ms
[2120,727s][info][gc] GC(5747) Pause Young (G1 Evacuation Pause) 466M->118M(594M) 2,781ms
[2121,116s][info][gc] GC(5748) Pause Young (G1 Evacuation Pause) 465M->117M(594M) 2,388ms
[2121,536s][info][gc] GC(5749) Pause Young (G1 Evacuation Pause) 466M->118M(594M) 2,759ms
[2121,951s][info][gc] GC(5750) Pause Young (G1 Evacuation Pause) 465M->117M(594M) 2,635ms
[2122,328s][info][gc] GC(5751) Pause Young (G1 Evacuation Pause) 465M->117M(594M) 1,603ms
[2122,739s][info][gc] GC(5752) Pause Young (G1 Evacuation Pause) 465M->117M(594M) 2,755ms
[2123,116s][info][gc] GC(5753) Pause Young (G1 Evacuation Pause) 465M->118M(594M) 2,169ms
[2123,521s][info][gc] GC(5754) Pause Young (G1 Evacuation Pause) 466M->118M(594M) 2,873ms
[2123,937s][info][gc] GC(5755) Pause Young (G1 Evacuation Pause) 465M->118M(594M) 2,781ms
[2124,314s][info][gc] GC(5756) Pause Young (G1 Evacuation Pause) 466M->117M(594M) 2,639ms
[2124,726s][info][gc] GC(5757) Pause Young (G1 Evacuation Pause) 465M->118M(594M) 5,905ms
[2125,146s][info][gc] GC(5758) Pause Young (G1 Evacuation Pause) 465M->117M(594M) 2,322ms
[2125,565s][info][gc] GC(5759) Pause Young (G1 Evacuation Pause) 465M->117M(594M) 2,681ms
[2125,956s][info][gc] GC(5760) Pause Young (G1 Evacuation Pause) 465M->117M(594M) 1,750ms
[2126,375s][info][gc] GC(5761) Pause Young (G1 Evacuation Pause) 466M->118M(594M) 1,761ms
[2126,792s][info][gc] GC(5762) Pause Young (G1 Evacuation Pause) 466M->118M(594M) 2,785ms
[2127,176s][info][gc] GC(5763) Pause Young (G1 Evacuation Pause) 465M->117M(594M) 1,809ms
[2127,573s][info][gc] GC(5764) Pause Young (G1 Evacuation Pause) 465M->118M(594M) 1,792ms
[2127,959s][info][gc] GC(5765) Pause Young (G1 Evacuation Pause) 466M->118M(594M) 1,768ms
[2128,381s][info][gc] GC(5766) Pause Young (G1 Evacuation Pause) 466M->118M(594M) 3,929ms
[2128,779s][info][gc] GC(5767) Pause Young (G1 Evacuation Pause) 466M->118M(594M) 7,471ms
[2129,169s][info][gc] GC(5768) Pause Young (G1 Evacuation Pause) 465M->117M(594M) 2,241ms
[2129,546s][info][gc] GC(5769) Pause Young (G1 Evacuation Pause) 465M->118M(594M) 2,078ms
[2129,938s][info][gc] GC(5770) Pause Young (G1 Evacuation Pause) 466M->118M(594M) 2,223ms
[2130,328s][info][gc] GC(5771) Pause Young (G1 Evacuation Pause) 466M->118M(594M) 1,937ms
[2130,709s][info][gc] GC(5772) Pause Young (G1 Evacuation Pause) 466M->118M(594M) 1,810ms
[2131,122s][info][gc] GC(5773) Pause Young (G1 Evacuation Pause) 466M->118M(594M) 3,438ms
[2131,562s][info][gc] GC(5774) Pause Young (G1 Evacuation Pause) 465M->117M(594M) 5,953ms
[2131,967s][info][gc] GC(5775) Pause Young (G1 Evacuation Pause) 465M->118M(594M) 2,677ms
[2132,399s][info][gc] GC(5776) Pause Young (G1 Evacuation Pause) 466M->118M(594M) 2,828ms
[2132,806s][info][gc] GC(5777) Pause Young (G1 Evacuation Pause) 466M->118M(594M) 2,482ms
[2133,222s][info][gc] GC(5778) Pause Young (G1 Evacuation Pause) 466M->118M(594M) 3,110ms
[2133,648s][info][gc] GC(5779) Pause Young (G1 Evacuation Pause) 465M->117M(594M) 3,002ms
[2134,076s][info][gc] GC(5780) Pause Young (G1 Evacuation Pause) 465M->117M(594M) 1,648ms
[2134,497s][info][gc] GC(5781) Pause Young (G1 Evacuation Pause) 465M->117M(594M) 2,764ms
[2134,917s][info][gc] GC(5782) Pause Young (G1 Evacuation Pause) 465M->118M(594M) 2,257ms
[2135,350s][info][gc] GC(5783) Pause Young (G1 Evacuation Pause) 466M->118M(594M) 2,774ms
[2135,764s][info][gc] GC(5784) Pause Young (G1 Evacuation Pause) 466M->118M(594M) 2,972ms
[2136,175s][info][gc] GC(5785) Pause Young (G1 Evacuation Pause) 465M->117M(594M) 2,629ms
[2136,559s][info][gc] GC(5786) Pause Young (G1 Evacuation Pause) 466M->118M(594M) 2,038ms
[2136,950s][info][gc] GC(5787) Pause Young (G1 Evacuation Pause) 466M->119M(594M) 2,724ms
[2137,336s][info][gc] GC(5788) Pause Young (G1 Evacuation Pause) 466M->118M(594M) 2,588ms
[2137,747s][info][gc] GC(5789) Pause Young (G1 Evacuation Pause) 466M->118M(594M) 2,510ms
[2138,164s][info][gc] GC(5790) Pause Young (G1 Evacuation Pause) 466M->118M(594M) 4,234ms
[2138,563s][info][gc] GC(5791) Pause Young (G1 Evacuation Pause) 466M->118M(594M) 1,828ms
[2138,981s][info][gc] GC(5792) Pause Young (G1 Evacuation Pause) 466M->119M(594M) 1,959ms
[2139,394s][info][gc] GC(5793) Pause Young (G1 Evacuation Pause) 466M->117M(594M) 2,481ms
[2139,793s][info][gc] GC(5794) Pause Young (G1 Evacuation Pause) 466M->118M(594M) 4,980ms
[2140,170s][info][gc] GC(5795) Pause Young (G1 Evacuation Pause) 466M->118M(594M) 2,248ms
[2140,585s][info][gc] GC(5796) Pause Young (G1 Evacuation Pause) 466M->119M(594M) 2,829ms
[2140,994s][info][gc] GC(5797) Pause Young (G1 Evacuation Pause) 466M->118M(594M) 3,266ms
[2141,421s][info][gc] GC(5798) Pause Young (G1 Evacuation Pause) 466M->118M(594M) 3,417ms
[2141,836s][info][gc] GC(5799) Pause Young (G1 Evacuation Pause) 466M->118M(594M) 2,106ms
[2142,225s][info][gc] GC(5800) Pause Young (G1 Evacuation Pause) 466M->119M(594M) 1,945ms
[2142,620s][info][gc] GC(5801) Pause Young (G1 Evacuation Pause) 466M->117M(594M) 4,142ms
[2143,016s][info][gc] GC(5802) Pause Young (G1 Evacuation Pause) 466M->119M(594M) 2,276ms
[2143,426s][info][gc] GC(5803) Pause Young (G1 Evacuation Pause) 466M->118M(594M) 3,674ms
[2143,822s][info][gc] GC(5804) Pause Young (G1 Evacuation Pause) 466M->118M(594M) 2,168ms
[2144,200s][info][gc] GC(5805) Pause Young (G1 Evacuation Pause) 466M->118M(594M) 2,773ms
[2144,576s][info][gc] GC(5806) Pause Young (G1 Evacuation Pause) 466M->118M(594M) 1,916ms
[2144,994s][info][gc] GC(5807) Pause Young (G1 Evacuation Pause) 466M->119M(594M) 2,741ms
[2145,412s][info][gc] GC(5808) Pause Young (G1 Evacuation Pause) 466M->118M(594M) 2,694ms
[2145,813s][info][gc] GC(5809) Pause Young (G1 Evacuation Pause) 466M->118M(594M) 1,740ms
[2146,195s][info][gc] GC(5810) Pause Young (G1 Evacuation Pause) 466M->118M(594M) 1,626ms
[2146,586s][info][gc] GC(5811) Pause Young (G1 Evacuation Pause) 466M->118M(594M) 1,926ms
[2146,986s][info][gc] GC(5812) Pause Young (G1 Evacuation Pause) 466M->119M(594M) 2,676ms
[2147,392s][info][gc] GC(5813) Pause Young (G1 Evacuation Pause) 466M->117M(594M) 2,624ms
[2147,810s][info][gc] GC(5814) Pause Young (G1 Evacuation Pause) 466M->119M(594M) 3,906ms
[2148,197s][info][gc] GC(5815) Pause Young (G1 Evacuation Pause) 466M->118M(594M) 2,185ms
[2148,591s][info][gc] GC(5816) Pause Young (G1 Evacuation Pause) 466M->118M(594M) 2,803ms
[2149,003s][info][gc] GC(5817) Pause Young (G1 Evacuation Pause) 466M->119M(594M) 3,120ms
[2149,416s][info][gc] GC(5818) Pause Young (G1 Evacuation Pause) 466M->118M(594M) 2,695ms
[2149,792s][info][gc] GC(5819) Pause Young (G1 Evacuation Pause) 466M->118M(594M) 2,209ms
[2150,168s][info][gc] GC(5820) Pause Young (G1 Evacuation Pause) 466M->118M(594M) 1,629ms
[2150,562s][info][gc] GC(5821) Pause Young (G1 Evacuation Pause) 466M->118M(594M) 6,487ms
[2150,961s][info][gc] GC(5822) Pause Young (G1 Evacuation Pause) 466M->118M(594M) 1,912ms
[2151,350s][info][gc] GC(5823) Pause Young (G1 Evacuation Pause) 466M->118M(594M) 2,233ms
[2151,727s][info][gc] GC(5824) Pause Young (G1 Evacuation Pause) 466M->119M(594M) 2,156ms
[2152,141s][info][gc] GC(5825) Pause Young (G1 Evacuation Pause) 467M->119M(594M) 2,777ms
[2152,549s][info][gc] GC(5826) Pause Young (G1 Evacuation Pause) 466M->118M(594M) 1,569ms
[2152,947s][info][gc] GC(5827) Pause Young (G1 Evacuation Pause) 466M->118M(594M) 2,560ms
[2153,357s][info][gc] GC(5828) Pause Young (G1 Evacuation Pause) 466M->119M(594M) 2,067ms
[2153,734s][info][gc] GC(5829) Pause Young (G1 Evacuation Pause) 467M->119M(594M) 2,241ms
[2154,149s][info][gc] GC(5830) Pause Young (G1 Evacuation Pause) 466M->118M(594M) 1,702ms
[2154,552s][info][gc] GC(5831) Pause Young (G1 Evacuation Pause) 467M->119M(594M) 2,072ms
[2154,947s][info][gc] GC(5832) Pause Young (G1 Evacuation Pause) 466M->118M(594M) 2,641ms
[2155,338s][info][gc] GC(5833) Pause Young (G1 Evacuation Pause) 466M->118M(594M) 2,816ms
[2155,720s][info][gc] GC(5834) Pause Young (G1 Evacuation Pause) 466M->119M(594M) 1,671ms
[2156,105s][info][gc] GC(5835) Pause Young (G1 Evacuation Pause) 467M->119M(594M) 1,845ms
[2156,480s][info][gc] GC(5836) Pause Young (G1 Evacuation Pause) 466M->118M(594M) 1,595ms
[2156,863s][info][gc] GC(5837) Pause Young (G1 Evacuation Pause) 466M->118M(594M) 1,748ms
[2157,240s][info][gc] GC(5838) Pause Young (G1 Evacuation Pause) 466M->118M(594M) 1,984ms
[2157,627s][info][gc] GC(5839) Pause Young (G1 Evacuation Pause) 466M->119M(594M) 1,737ms
[2158,037s][info][gc] GC(5840) Pause Young (G1 Evacuation Pause) 467M->119M(594M) 2,259ms
[2158,436s][info][gc] GC(5841) Pause Young (G1 Evacuation Pause) 467M->119M(594M) 3,743ms
[2158,857s][info][gc] GC(5842) Pause Young (G1 Evacuation Pause) 467M->119M(594M) 3,629ms
[2159,288s][info][gc] GC(5843) Pause Young (G1 Evacuation Pause) 466M->118M(594M) 2,656ms
[2159,676s][info][gc] GC(5844) Pause Young (G1 Evacuation Pause) 466M->118M(594M) 3,251ms
[2160,075s][info][gc] GC(5845) Pause Young (G1 Evacuation Pause) 466M->119M(594M) 1,919ms
[2160,494s][info][gc] GC(5846) Pause Young (G1 Evacuation Pause) 467M->119M(594M) 2,745ms
[2160,888s][info][gc] GC(5847) Pause Young (G1 Evacuation Pause) 467M->119M(594M) 2,130ms
[2161,273s][info][gc] GC(5848) Pause Young (G1 Evacuation Pause) 467M->119M(594M) 2,493ms
[2161,650s][info][gc] GC(5849) Pause Young (G1 Evacuation Pause) 466M->118M(594M) 1,668ms
[2162,053s][info][gc] GC(5850) Pause Young (G1 Evacuation Pause) 466M->119M(594M) 1,640ms
[2162,440s][info][gc] GC(5851) Pause Young (G1 Evacuation Pause) 467M->119M(594M) 1,564ms
[2162,829s][info][gc] GC(5852) Pause Young (G1 Evacuation Pause) 467M->119M(594M) 3,525ms
[2163,240s][info][gc] GC(5853) Pause Young (G1 Evacuation Pause) 467M->119M(594M) 2,855ms
[2163,619s][info][gc] GC(5854) Pause Young (G1 Evacuation Pause) 466M->118M(594M) 3,781ms
[2164,027s][info][gc] GC(5855) Pause Young (G1 Evacuation Pause) 466M->118M(594M) 2,495ms
[2164,446s][info][gc] GC(5856) Pause Young (G1 Evacuation Pause) 466M->119M(594M) 2,660ms
[2164,822s][info][gc] GC(5857) Pause Young (G1 Evacuation Pause) 467M->119M(594M) 1,684ms
[2165,199s][info][gc] GC(5858) Pause Young (G1 Evacuation Pause) 467M->119M(594M) 2,024ms
[2165,620s][info][gc] GC(5859) Pause Young (G1 Evacuation Pause) 467M->119M(594M) 2,248ms
[2166,011s][info][gc] GC(5860) Pause Young (G1 Evacuation Pause) 466M->118M(594M) 9,443ms
[2166,387s][info][gc] GC(5861) Pause Young (G1 Evacuation Pause) 467M->119M(594M) 1,796ms
[2166,762s][info][gc] GC(5862) Pause Young (G1 Evacuation Pause) 466M->118M(594M) 1,636ms
[2167,140s][info][gc] GC(5863) Pause Young (G1 Evacuation Pause) 467M->119M(594M) 2,409ms
[2167,537s][info][gc] GC(5864) Pause Young (G1 Evacuation Pause) 466M->119M(594M) 1,694ms
[2167,925s][info][gc] GC(5865) Pause Young (G1 Evacuation Pause) 467M->119M(594M) 2,077ms
[2168,314s][info][gc] GC(5866) Pause Young (G1 Evacuation Pause) 467M->119M(594M) 3,991ms
[2168,716s][info][gc] GC(5867) Pause Young (G1 Evacuation Pause) 467M->119M(594M) 2,968ms
[2169,134s][info][gc] GC(5868) Pause Young (G1 Evacuation Pause) 467M->120M(594M) 2,834ms
[2169,540s][info][gc] GC(5869) Pause Young (G1 Evacuation Pause) 467M->119M(594M) 1,795ms
[2169,956s][info][gc] GC(5870) Pause Young (G1 Evacuation Pause) 467M->119M(594M) 3,351ms
[2170,346s][info][gc] GC(5871) Pause Young (G1 Evacuation Pause) 467M->119M(594M) 2,241ms
[2170,749s][info][gc] GC(5872) Pause Young (G1 Evacuation Pause) 467M->119M(594M) 2,239ms
[2171,155s][info][gc] GC(5873) Pause Young (G1 Evacuation Pause) 467M->119M(594M) 2,172ms
[2171,557s][info][gc] GC(5874) Pause Young (G1 Evacuation Pause) 467M->120M(594M) 1,883ms
[2171,933s][info][gc] GC(5875) Pause Young (G1 Evacuation Pause) 467M->119M(594M) 1,998ms
[2172,322s][info][gc] GC(5876) Pause Young (G1 Evacuation Pause) 467M->119M(594M) 3,075ms
[2172,699s][info][gc] GC(5877) Pause Young (G1 Evacuation Pause) 467M->119M(594M) 1,789ms
[2173,101s][info][gc] GC(5878) Pause Young (G1 Evacuation Pause) 467M->119M(594M) 3,200ms
[2173,541s][info][gc] GC(5879) Pause Young (G1 Evacuation Pause) 467M->120M(594M) 3,942ms
[2173,958s][info][gc] GC(5880) Pause Young (G1 Evacuation Pause) 467M->119M(594M) 2,537ms
[2174,367s][info][gc] GC(5881) Pause Young (G1 Evacuation Pause) 467M->119M(594M) 1,722ms
[2174,745s][info][gc] GC(5882) Pause Young (G1 Evacuation Pause) 467M->119M(594M) 1,774ms
[2175,164s][info][gc] GC(5883) Pause Young (G1 Evacuation Pause) 467M->118M(594M) 2,909ms
[2175,587s][info][gc] GC(5884) Pause Young (G1 Evacuation Pause) 467M->120M(594M) 2,779ms
[2176,008s][info][gc] GC(5885) Pause Young (G1 Evacuation Pause) 467M->119M(594M) 5,191ms
[2176,425s][info][gc] GC(5886) Pause Young (G1 Evacuation Pause) 467M->119M(594M) 2,904ms
[2176,815s][info][gc] GC(5887) Pause Young (G1 Evacuation Pause) 467M->119M(594M) 3,587ms
[2177,242s][info][gc] GC(5888) Pause Young (G1 Evacuation Pause) 467M->120M(594M) 1,753ms
[2177,643s][info][gc] GC(5889) Pause Young (G1 Evacuation Pause) 467M->119M(594M) 1,664ms
[2178,020s][info][gc] GC(5890) Pause Young (G1 Evacuation Pause) 467M->119M(594M) 1,621ms
[2178,397s][info][gc] GC(5891) Pause Young (G1 Evacuation Pause) 467M->119M(594M) 1,608ms
[2178,774s][info][gc] GC(5892) Pause Young (G1 Evacuation Pause) 467M->119M(594M) 1,899ms
[2179,150s][info][gc] GC(5893) Pause Young (G1 Evacuation Pause) 467M->120M(594M) 2,149ms
[2179,565s][info][gc] GC(5894) Pause Young (G1 Evacuation Pause) 468M->120M(594M) 2,805ms
[2179,968s][info][gc] GC(5895) Pause Young (G1 Evacuation Pause) 467M->119M(594M) 1,747ms
[2180,375s][info][gc] GC(5896) Pause Young (G1 Evacuation Pause) 467M->119M(594M) 2,601ms
[2180,767s][info][gc] GC(5897) Pause Young (G1 Evacuation Pause) 467M->119M(594M) 2,341ms
[2181,152s][info][gc] GC(5898) Pause Young (G1 Evacuation Pause) 467M->119M(594M) 1,825ms
[2181,570s][info][gc] GC(5899) Pause Young (G1 Evacuation Pause) 467M->119M(594M) 2,719ms
[2181,983s][info][gc] GC(5900) Pause Young (G1 Evacuation Pause) 467M->119M(594M) 1,883ms
[2182,396s][info][gc] GC(5901) Pause Young (G1 Evacuation Pause) 467M->119M(594M) 1,731ms
[2182,808s][info][gc] GC(5902) Pause Young (G1 Evacuation Pause) 467M->120M(594M) 3,381ms
[2183,244s][info][gc] GC(5903) Pause Young (G1 Evacuation Pause) 468M->119M(594M) 3,307ms
[2183,702s][info][gc] GC(5904) Pause Young (G1 Evacuation Pause) 467M->120M(594M) 1,823ms
[2184,100s][info][gc] GC(5905) Pause Young (G1 Evacuation Pause) 467M->119M(594M) 10,926ms
[2184,546s][info][gc] GC(5906) Pause Young (G1 Evacuation Pause) 467M->119M(594M) 3,728ms
[2184,960s][info][gc] GC(5907) Pause Young (G1 Evacuation Pause) 467M->119M(594M) 3,879ms
[2185,388s][info][gc] GC(5908) Pause Young (G1 Evacuation Pause) 467M->120M(594M) 1,976ms
[2185,809s][info][gc] GC(5909) Pause Young (G1 Evacuation Pause) 468M->120M(594M) 2,874ms
[2186,232s][info][gc] GC(5910) Pause Young (G1 Evacuation Pause) 468M->120M(594M) 5,661ms
[2186,621s][info][gc] GC(5911) Pause Young (G1 Evacuation Pause) 467M->119M(594M) 1,801ms
[2186,997s][info][gc] GC(5912) Pause Young (G1 Evacuation Pause) 467M->119M(594M) 1,835ms
[2187,379s][info][gc] GC(5913) Pause Young (G1 Evacuation Pause) 467M->119M(594M) 1,820ms
[2187,796s][info][gc] GC(5914) Pause Young (G1 Evacuation Pause) 467M->119M(594M) 7,468ms
[2188,218s][info][gc] GC(5915) Pause Young (G1 Evacuation Pause) 467M->120M(594M) 6,314ms
[2188,625s][info][gc] GC(5916) Pause Young (G1 Evacuation Pause) 468M->120M(594M) 2,912ms
[2189,038s][info][gc] GC(5917) Pause Young (G1 Evacuation Pause) 467M->119M(594M) 2,763ms
[2189,455s][info][gc] GC(5918) Pause Young (G1 Evacuation Pause) 467M->120M(594M) 2,809ms
[2189,838s][info][gc] GC(5919) Pause Young (G1 Evacuation Pause) 468M->120M(594M) 1,766ms
[2190,247s][info][gc] GC(5920) Pause Young (G1 Evacuation Pause) 468M->119M(594M) 5,380ms
[2190,655s][info][gc] GC(5921) Pause Young (G1 Evacuation Pause) 467M->120M(594M) 4,333ms
[2191,065s][info][gc] GC(5922) Pause Young (G1 Evacuation Pause) 467M->119M(594M) 2,658ms
[2191,479s][info][gc] GC(5923) Pause Young (G1 Evacuation Pause) 467M->120M(594M) 5,225ms
[2191,899s][info][gc] GC(5924) Pause Young (G1 Evacuation Pause) 468M->120M(594M) 1,931ms
[2192,333s][info][gc] GC(5925) Pause Young (G1 Evacuation Pause) 468M->120M(594M) 2,471ms
[2192,752s][info][gc] GC(5926) Pause Young (G1 Evacuation Pause) 468M->120M(594M) 4,179ms
[2193,164s][info][gc] GC(5927) Pause Young (G1 Evacuation Pause) 468M->120M(594M) 2,733ms
[2193,541s][info][gc] GC(5928) Pause Young (G1 Evacuation Pause) 468M->120M(594M) 1,743ms
[2193,937s][info][gc] GC(5929) Pause Young (G1 Evacuation Pause) 468M->120M(594M) 2,799ms
[2194,331s][info][gc] GC(5930) Pause Young (G1 Evacuation Pause) 467M->119M(594M) 2,061ms
[2194,713s][info][gc] GC(5931) Pause Young (G1 Evacuation Pause) 467M->120M(594M) 2,162ms
[2195,111s][info][gc] GC(5932) Pause Young (G1 Evacuation Pause) 468M->120M(594M) 2,569ms
[2195,504s][info][gc] GC(5933) Pause Young (G1 Evacuation Pause) 468M->120M(594M) 2,379ms
[2195,908s][info][gc] GC(5934) Pause Young (G1 Evacuation Pause) 468M->120M(594M) 1,842ms
[2196,298s][info][gc] GC(5935) Pause Young (G1 Evacuation Pause) 467M->119M(594M) 2,473ms
[2196,696s][info][gc] GC(5936) Pause Young (G1 Evacuation Pause) 467M->119M(594M) 2,751ms
[2197,109s][info][gc] GC(5937) Pause Young (G1 Evacuation Pause) 467M->120M(594M) 2,279ms
[2197,501s][info][gc] GC(5938) Pause Young (G1 Evacuation Pause) 468M->120M(594M) 1,926ms
[2197,899s][info][gc] GC(5939) Pause Young (G1 Evacuation Pause) 468M->120M(594M) 3,671ms
[2198,312s][info][gc] GC(5940) Pause Young (G1 Evacuation Pause) 467M->119M(594M) 1,706ms
[2198,711s][info][gc] GC(5941) Pause Young (G1 Evacuation Pause) 467M->119M(594M) 2,058ms
[2199,121s][info][gc] GC(5942) Pause Young (G1 Evacuation Pause) 467M->120M(594M) 1,745ms
[2199,534s][info][gc] GC(5943) Pause Young (G1 Evacuation Pause) 468M->120M(594M) 2,750ms
[2199,952s][info][gc] GC(5944) Pause Young (G1 Evacuation Pause) 468M->120M(594M) 2,733ms
[2200,363s][info][gc] GC(5945) Pause Young (G1 Evacuation Pause) 468M->121M(594M) 2,856ms
[2200,779s][info][gc] GC(5946) Pause Young (G1 Evacuation Pause) 468M->120M(594M) 5,159ms
[2201,155s][info][gc] GC(5947) Pause Young (G1 Evacuation Pause) 468M->120M(594M) 2,426ms
[2201,563s][info][gc] GC(5948) Pause Young (G1 Evacuation Pause) 468M->120M(594M) 2,712ms
[2201,952s][info][gc] GC(5949) Pause Young (G1 Evacuation Pause) 468M->120M(594M) 1,672ms
[2202,329s][info][gc] GC(5950) Pause Young (G1 Evacuation Pause) 468M->120M(594M) 1,760ms
[2202,705s][info][gc] GC(5951) Pause Young (G1 Evacuation Pause) 468M->121M(594M) 2,533ms
[2203,123s][info][gc] GC(5952) Pause Young (G1 Evacuation Pause) 468M->120M(594M) 2,545ms
[2203,539s][info][gc] GC(5953) Pause Young (G1 Evacuation Pause) 468M->120M(594M) 3,063ms
[2203,915s][info][gc] GC(5954) Pause Young (G1 Evacuation Pause) 468M->120M(594M) 2,331ms
[2204,299s][info][gc] GC(5955) Pause Young (G1 Evacuation Pause) 468M->120M(594M) 3,527ms
[2204,699s][info][gc] GC(5956) Pause Young (G1 Evacuation Pause) 468M->120M(594M) 1,664ms
[2205,074s][info][gc] GC(5957) Pause Young (G1 Evacuation Pause) 468M->121M(594M) 1,627ms
[2205,451s][info][gc] GC(5958) Pause Young (G1 Evacuation Pause) 468M->120M(594M) 1,817ms
[2205,831s][info][gc] GC(5959) Pause Young (G1 Evacuation Pause) 468M->120M(594M) 1,736ms
[2206,206s][info][gc] GC(5960) Pause Young (G1 Evacuation Pause) 468M->120M(594M) 1,655ms
[2206,600s][info][gc] GC(5961) Pause Young (G1 Evacuation Pause) 468M->120M(594M) 1,831ms
[2206,976s][info][gc] GC(5962) Pause Young (G1 Evacuation Pause) 468M->120M(594M) 2,295ms
[2207,375s][info][gc] GC(5963) Pause Young (G1 Evacuation Pause) 468M->121M(594M) 2,502ms
[2207,751s][info][gc] GC(5964) Pause Young (G1 Evacuation Pause) 468M->120M(594M) 1,787ms
[2208,174s][info][gc] GC(5965) Pause Young (G1 Evacuation Pause) 468M->120M(594M) 2,697ms
[2208,590s][info][gc] GC(5966) Pause Young (G1 Evacuation Pause) 468M->120M(594M) 2,697ms
[2209,002s][info][gc] GC(5967) Pause Young (G1 Evacuation Pause) 468M->120M(594M) 2,650ms
[2209,419s][info][gc] GC(5968) Pause Young (G1 Evacuation Pause) 468M->120M(594M) 2,759ms
[2209,812s][info][gc] GC(5969) Pause Young (G1 Evacuation Pause) 468M->121M(594M) 3,636ms
[2210,201s][info][gc] GC(5970) Pause Young (G1 Evacuation Pause) 468M->120M(594M) 1,579ms
[2210,595s][info][gc] GC(5971) Pause Young (G1 Evacuation Pause) 468M->120M(594M) 1,723ms
[2210,978s][info][gc] GC(5972) Pause Young (G1 Evacuation Pause) 468M->120M(594M) 1,600ms
[2211,371s][info][gc] GC(5973) Pause Young (G1 Evacuation Pause) 468M->120M(594M) 2,683ms
[2211,789s][info][gc] GC(5974) Pause Young (G1 Evacuation Pause) 468M->120M(594M) 3,477ms
[2212,166s][info][gc] GC(5975) Pause Young (G1 Evacuation Pause) 468M->120M(594M) 1,717ms
[2212,559s][info][gc] GC(5976) Pause Young (G1 Evacuation Pause) 468M->121M(594M) 5,915ms
[2212,957s][info][gc] GC(5977) Pause Young (G1 Evacuation Pause) 469M->121M(594M) 2,624ms
[2213,367s][info][gc] GC(5978) Pause Young (G1 Evacuation Pause) 468M->120M(594M) 2,114ms
[2213,744s][info][gc] GC(5979) Pause Young (G1 Evacuation Pause) 468M->120M(594M) 2,308ms
[2214,129s][info][gc] GC(5980) Pause Young (G1 Evacuation Pause) 468M->120M(594M) 1,695ms
[2214,523s][info][gc] GC(5981) Pause Young (G1 Evacuation Pause) 468M->120M(594M) 2,524ms
[2214,903s][info][gc] GC(5982) Pause Young (G1 Evacuation Pause) 468M->120M(594M) 1,631ms
[2215,308s][info][gc] GC(5983) Pause Young (G1 Evacuation Pause) 468M->121M(594M) 2,728ms
[2215,691s][info][gc] GC(5984) Pause Young (G1 Evacuation Pause) 468M->120M(594M) 1,715ms
[2216,066s][info][gc] GC(5985) Pause Young (G1 Evacuation Pause) 468M->120M(594M) 1,695ms
[2216,465s][info][gc] GC(5986) Pause Young (G1 Evacuation Pause) 468M->120M(594M) 2,654ms
[2216,856s][info][gc] GC(5987) Pause Young (G1 Evacuation Pause) 468M->120M(594M) 1,604ms
[2217,249s][info][gc] GC(5988) Pause Young (G1 Evacuation Pause) 468M->120M(594M) 1,727ms
[2217,625s][info][gc] GC(5989) Pause Young (G1 Evacuation Pause) 468M->121M(594M) 1,808ms
[2218,004s][info][gc] GC(5990) Pause Young (G1 Evacuation Pause) 469M->121M(594M) 2,171ms
[2218,407s][info][gc] GC(5991) Pause Young (G1 Evacuation Pause) 468M->120M(594M) 1,556ms
[2218,784s][info][gc] GC(5992) Pause Young (G1 Evacuation Pause) 468M->120M(594M) 1,731ms
[2219,166s][info][gc] GC(5993) Pause Young (G1 Evacuation Pause) 468M->120M(594M) 1,704ms
[2219,549s][info][gc] GC(5994) Pause Young (G1 Evacuation Pause) 468M->121M(594M) 1,823ms
[2219,938s][info][gc] GC(5995) Pause Young (G1 Evacuation Pause) 469M->121M(594M) 2,691ms
[2220,348s][info][gc] GC(5996) Pause Young (G1 Evacuation Pause) 469M->121M(594M) 2,198ms
[2220,737s][info][gc] GC(5997) Pause Young (G1 Evacuation Pause) 468M->120M(594M) 1,819ms
[2221,119s][info][gc] GC(5998) Pause Young (G1 Evacuation Pause) 468M->121M(594M) 3,008ms
[2221,506s][info][gc] GC(5999) Pause Young (G1 Evacuation Pause) 469M->121M(594M) 5,385ms
[2221,883s][info][gc] GC(6000) Pause Young (G1 Evacuation Pause) 469M->121M(594M) 1,761ms
[2222,259s][info][gc] GC(6001) Pause Young (G1 Evacuation Pause) 468M->120M(594M) 1,769ms
[2222,648s][info][gc] GC(6002) Pause Young (G1 Evacuation Pause) 469M->121M(594M) 1,860ms
[2223,056s][info][gc] GC(6003) Pause Young (G1 Evacuation Pause) 469M->121M(594M) 1,801ms
[2223,437s][info][gc] GC(6004) Pause Young (G1 Evacuation Pause) 468M->120M(594M) 1,734ms
[2223,833s][info][gc] GC(6005) Pause Young (G1 Evacuation Pause) 468M->121M(594M) 1,738ms
[2224,219s][info][gc] GC(6006) Pause Young (G1 Evacuation Pause) 469M->121M(594M) 1,876ms
[2224,604s][info][gc] GC(6007) Pause Young (G1 Evacuation Pause) 469M->121M(594M) 1,806ms
[2224,982s][info][gc] GC(6008) Pause Young (G1 Evacuation Pause) 468M->120M(594M) 2,541ms
[2225,366s][info][gc] GC(6009) Pause Young (G1 Evacuation Pause) 468M->120M(594M) 2,577ms
[2225,748s][info][gc] GC(6010) Pause Young (G1 Evacuation Pause) 468M->121M(594M) 1,659ms
[2226,134s][info][gc] GC(6011) Pause Young (G1 Evacuation Pause) 469M->121M(594M) 1,879ms
[2226,513s][info][gc] GC(6012) Pause Young (G1 Evacuation Pause) 469M->121M(594M) 1,737ms
[2226,911s][info][gc] GC(6013) Pause Young (G1 Evacuation Pause) 469M->121M(594M) 4,484ms
[2227,295s][info][gc] GC(6014) Pause Young (G1 Evacuation Pause) 469M->121M(594M) 1,750ms
[2227,674s][info][gc] GC(6015) Pause Young (G1 Evacuation Pause) 468M->120M(594M) 1,749ms
[2228,099s][info][gc] GC(6016) Pause Young (G1 Evacuation Pause) 468M->121M(594M) 2,639ms
[2228,488s][info][gc] GC(6017) Pause Young (G1 Evacuation Pause) 469M->121M(594M) 2,522ms
[2228,865s][info][gc] GC(6018) Pause Young (G1 Evacuation Pause) 469M->121M(594M) 1,613ms
[2229,244s][info][gc] GC(6019) Pause Young (G1 Evacuation Pause) 468M->120M(594M) 1,793ms
[2229,627s][info][gc] GC(6020) Pause Young (G1 Evacuation Pause) 468M->120M(594M) 2,421ms
[2230,007s][info][gc] GC(6021) Pause Young (G1 Evacuation Pause) 468M->120M(594M) 2,438ms
[2230,420s][info][gc] GC(6022) Pause Young (G1 Evacuation Pause) 469M->122M(594M) 1,865ms
[2230,805s][info][gc] GC(6023) Pause Young (G1 Evacuation Pause) 469M->121M(594M) 2,720ms
[2231,200s][info][gc] GC(6024) Pause Young (G1 Evacuation Pause) 469M->121M(594M) 2,814ms
[2231,604s][info][gc] GC(6025) Pause Young (G1 Evacuation Pause) 469M->122M(594M) 1,876ms
[2232,031s][info][gc] GC(6026) Pause Young (G1 Evacuation Pause) 469M->121M(594M) 3,406ms
[2232,442s][info][gc] GC(6027) Pause Young (G1 Evacuation Pause) 469M->121M(594M) 2,350ms
[2232,879s][info][gc] GC(6028) Pause Young (G1 Evacuation Pause) 469M->121M(594M) 3,748ms
[2233,277s][info][gc] GC(6029) Pause Young (G1 Evacuation Pause) 469M->121M(594M) 5,458ms
[2233,664s][info][gc] GC(6030) Pause Young (G1 Evacuation Pause) 469M->121M(594M) 2,072ms
[2234,087s][info][gc] GC(6031) Pause Young (G1 Evacuation Pause) 469M->122M(594M) 2,355ms
[2234,498s][info][gc] GC(6032) Pause Young (G1 Evacuation Pause) 469M->121M(594M) 1,572ms
[2234,909s][info][gc] GC(6033) Pause Young (G1 Evacuation Pause) 469M->121M(594M) 1,827ms
[2235,322s][info][gc] GC(6034) Pause Young (G1 Evacuation Pause) 469M->121M(594M) 2,744ms
[2235,745s][info][gc] GC(6035) Pause Young (G1 Evacuation Pause) 469M->121M(594M) 2,721ms
[2236,129s][info][gc] GC(6036) Pause Young (G1 Evacuation Pause) 469M->121M(594M) 2,464ms
[2236,562s][info][gc] GC(6037) Pause Young (G1 Evacuation Pause) 469M->121M(594M) 3,798ms
[2236,952s][info][gc] GC(6038) Pause Young (G1 Evacuation Pause) 469M->121M(594M) 2,179ms
[2237,360s][info][gc] GC(6039) Pause Young (G1 Evacuation Pause) 469M->122M(594M) 2,948ms
[2237,767s][info][gc] GC(6040) Pause Young (G1 Evacuation Pause) 469M->121M(594M) 6,352ms
[2238,164s][info][gc] GC(6041) Pause Young (G1 Evacuation Pause) 469M->121M(594M) 1,643ms
[2238,573s][info][gc] GC(6042) Pause Young (G1 Evacuation Pause) 469M->121M(594M) 3,284ms
[2238,982s][info][gc] GC(6043) Pause Young (G1 Evacuation Pause) 469M->122M(594M) 2,595ms
[2239,387s][info][gc] GC(6044) Pause Young (G1 Evacuation Pause) 469M->121M(594M) 2,855ms
[2239,809s][info][gc] GC(6045) Pause Young (G1 Evacuation Pause) 469M->121M(594M) 3,479ms
[2240,229s][info][gc] GC(6046) Pause Young (G1 Evacuation Pause) 469M->121M(594M) 4,399ms
[2240,652s][info][gc] GC(6047) Pause Young (G1 Evacuation Pause) 469M->121M(594M) 8,488ms
[2241,044s][info][gc] GC(6048) Pause Young (G1 Evacuation Pause) 469M->122M(594M) 1,891ms
[2241,419s][info][gc] GC(6049) Pause Young (G1 Evacuation Pause) 469M->121M(594M) 1,635ms
[2241,822s][info][gc] GC(6050) Pause Young (G1 Evacuation Pause) 469M->121M(594M) 1,677ms
[2242,200s][info][gc] GC(6051) Pause Young (G1 Evacuation Pause) 470M->122M(594M) 2,806ms
[2242,579s][info][gc] GC(6052) Pause Young (G1 Evacuation Pause) 469M->121M(594M) 2,549ms
[2243,017s][info][gc] GC(6053) Pause Young (G1 Evacuation Pause) 469M->121M(594M) 2,727ms
[2243,434s][info][gc] GC(6054) Pause Young (G1 Evacuation Pause) 469M->122M(594M) 3,245ms
[2243,812s][info][gc] GC(6055) Pause Young (G1 Evacuation Pause) 470M->122M(594M) 1,779ms
[2244,220s][info][gc] GC(6056) Pause Young (G1 Evacuation Pause) 469M->121M(594M) 2,839ms
[2244,636s][info][gc] GC(6057) Pause Young (G1 Evacuation Pause) 469M->121M(594M) 2,818ms
[2245,047s][info][gc] GC(6058) Pause Young (G1 Evacuation Pause) 469M->121M(594M) 2,802ms
[2245,451s][info][gc] GC(6059) Pause Young (G1 Evacuation Pause) 469M->121M(594M) 3,080ms
[2245,858s][info][gc] GC(6060) Pause Young (G1 Evacuation Pause) 469M->122M(594M) 1,826ms
[2246,234s][info][gc] GC(6061) Pause Young (G1 Evacuation Pause) 470M->122M(594M) 2,133ms
[2246,611s][info][gc] GC(6062) Pause Young (G1 Evacuation Pause) 470M->122M(594M) 2,217ms
[2246,988s][info][gc] GC(6063) Pause Young (G1 Evacuation Pause) 469M->121M(594M) 2,100ms
[2247,364s][info][gc] GC(6064) Pause Young (G1 Evacuation Pause) 469M->121M(594M) 2,175ms
[2247,774s][info][gc] GC(6065) Pause Young (G1 Evacuation Pause) 469M->122M(594M) 3,825ms
[2248,156s][info][gc] GC(6066) Pause Young (G1 Evacuation Pause) 470M->122M(594M) 1,731ms
[2248,546s][info][gc] GC(6067) Pause Young (G1 Evacuation Pause) 470M->122M(594M) 3,199ms
[2248,950s][info][gc] GC(6068) Pause Young (G1 Evacuation Pause) 469M->121M(594M) 2,737ms
[2249,352s][info][gc] GC(6069) Pause Young (G1 Evacuation Pause) 469M->121M(594M) 1,840ms
[2249,747s][info][gc] GC(6070) Pause Young (G1 Evacuation Pause) 469M->122M(594M) 2,796ms
[2250,182s][info][gc] GC(6071) Pause Young (G1 Evacuation Pause) 470M->122M(594M) 2,812ms
[2250,575s][info][gc] GC(6072) Pause Young (G1 Evacuation Pause) 470M->122M(594M) 1,879ms
[2250,964s][info][gc] GC(6073) Pause Young (G1 Evacuation Pause) 470M->122M(594M) 1,867ms
[2251,385s][info][gc] GC(6074) Pause Young (G1 Evacuation Pause) 469M->121M(594M) 2,269ms
[2251,764s][info][gc] GC(6075) Pause Young (G1 Evacuation Pause) 469M->122M(594M) 2,342ms
[2252,160s][info][gc] GC(6076) Pause Young (G1 Evacuation Pause) 470M->122M(594M) 6,753ms
[2252,570s][info][gc] GC(6077) Pause Young (G1 Evacuation Pause) 470M->122M(594M) 2,853ms
[2252,981s][info][gc] GC(6078) Pause Young (G1 Evacuation Pause) 470M->122M(594M) 2,807ms
[2253,389s][info][gc] GC(6079) Pause Young (G1 Evacuation Pause) 469M->121M(594M) 1,620ms
[2253,804s][info][gc] GC(6080) Pause Young (G1 Evacuation Pause) 469M->121M(594M) 2,458ms
[2254,181s][info][gc] GC(6081) Pause Young (G1 Evacuation Pause) 469M->122M(594M) 2,019ms
[2254,573s][info][gc] GC(6082) Pause Young (G1 Evacuation Pause) 470M->122M(594M) 1,930ms
[2254,949s][info][gc] GC(6083) Pause Young (G1 Evacuation Pause) 470M->122M(594M) 2,123ms
[2255,326s][info][gc] GC(6084) Pause Young (G1 Evacuation Pause) 470M->122M(594M) 2,094ms
[2255,748s][info][gc] GC(6085) Pause Young (G1 Evacuation Pause) 470M->122M(594M) 2,795ms
[2256,138s][info][gc] GC(6086) Pause Young (G1 Evacuation Pause) 470M->122M(594M) 1,904ms
[2256,536s][info][gc] GC(6087) Pause Young (G1 Evacuation Pause) 469M->121M(594M) 1,711ms
[2256,913s][info][gc] GC(6088) Pause Young (G1 Evacuation Pause) 469M->122M(594M) 1,761ms
[2257,298s][info][gc] GC(6089) Pause Young (G1 Evacuation Pause) 470M->122M(594M) 4,383ms
[2257,676s][info][gc] GC(6090) Pause Young (G1 Evacuation Pause) 469M->121M(594M) 2,237ms
[2258,078s][info][gc] GC(6091) Pause Young (G1 Evacuation Pause) 469M->121M(594M) 1,593ms
[2258,455s][info][gc] GC(6092) Pause Young (G1 Evacuation Pause) 470M->122M(594M) 1,805ms
[2258,845s][info][gc] GC(6093) Pause Young (G1 Evacuation Pause) 469M->122M(594M) 2,537ms
[2259,221s][info][gc] GC(6094) Pause Young (G1 Evacuation Pause) 470M->122M(594M) 2,124ms
[2259,604s][info][gc] GC(6095) Pause Young (G1 Evacuation Pause) 470M->122M(594M) 5,414ms
[2260,008s][info][gc] GC(6096) Pause Young (G1 Evacuation Pause) 470M->122M(594M) 2,670ms
[2260,417s][info][gc] GC(6097) Pause Young (G1 Evacuation Pause) 469M->122M(594M) 1,615ms
[2260,804s][info][gc] GC(6098) Pause Young (G1 Evacuation Pause) 470M->121M(594M) 2,827ms
[2261,180s][info][gc] GC(6099) Pause Young (G1 Evacuation Pause) 470M->123M(594M) 1,925ms
[2261,592s][info][gc] GC(6100) Pause Young (G1 Evacuation Pause) 470M->122M(594M) 2,690ms
[2262,013s][info][gc] GC(6101) Pause Young (G1 Evacuation Pause) 470M->122M(594M) 10,801ms
[2262,400s][info][gc] GC(6102) Pause Young (G1 Evacuation Pause) 470M->122M(594M) 1,882ms
[2262,807s][info][gc] GC(6103) Pause Young (G1 Evacuation Pause) 470M->123M(594M) 3,260ms
[2263,186s][info][gc] GC(6104) Pause Young (G1 Evacuation Pause) 470M->122M(594M) 1,732ms
[2263,594s][info][gc] GC(6105) Pause Young (G1 Evacuation Pause) 470M->122M(594M) 2,531ms
[2264,008s][info][gc] GC(6106) Pause Young (G1 Evacuation Pause) 470M->122M(594M) 2,725ms
[2264,422s][info][gc] GC(6107) Pause Young (G1 Evacuation Pause) 470M->123M(594M) 2,645ms
[2264,830s][info][gc] GC(6108) Pause Young (G1 Evacuation Pause) 470M->121M(594M) 2,676ms
[2265,208s][info][gc] GC(6109) Pause Young (G1 Evacuation Pause) 470M->123M(594M) 2,236ms
[2265,584s][info][gc] GC(6110) Pause Young (G1 Evacuation Pause) 470M->122M(594M) 2,236ms
[2265,961s][info][gc] GC(6111) Pause Young (G1 Evacuation Pause) 470M->122M(594M) 1,744ms
[2266,375s][info][gc] GC(6112) Pause Young (G1 Evacuation Pause) 470M->121M(594M) 4,232ms
[2266,783s][info][gc] GC(6113) Pause Young (G1 Evacuation Pause) 470M->123M(594M) 4,600ms
[2267,161s][info][gc] GC(6114) Pause Young (G1 Evacuation Pause) 470M->122M(594M) 2,337ms
[2267,572s][info][gc] GC(6115) Pause Young (G1 Evacuation Pause) 470M->122M(594M) 2,591ms
[2267,973s][info][gc] GC(6116) Pause Young (G1 Evacuation Pause) 470M->122M(594M) 2,784ms
[2268,387s][info][gc] GC(6117) Pause Young (G1 Evacuation Pause) 470M->122M(594M) 2,479ms
[2268,763s][info][gc] GC(6118) Pause Young (G1 Evacuation Pause) 470M->123M(594M) 2,229ms
[2269,141s][info][gc] GC(6119) Pause Young (G1 Evacuation Pause) 470M->122M(594M) 2,708ms
[2269,542s][info][gc] GC(6120) Pause Young (G1 Evacuation Pause) 470M->122M(594M) 1,622ms
[2269,919s][info][gc] GC(6121) Pause Young (G1 Evacuation Pause) 470M->122M(594M) 1,733ms
[2270,311s][info][gc] GC(6122) Pause Young (G1 Evacuation Pause) 470M->122M(594M) 6,769ms
[2270,693s][info][gc] GC(6123) Pause Young (G1 Evacuation Pause) 470M->122M(594M) 4,507ms
[2271,084s][info][gc] GC(6124) Pause Young (G1 Evacuation Pause) 470M->123M(594M) 2,788ms
[2271,481s][info][gc] GC(6125) Pause Young (G1 Evacuation Pause) 470M->122M(594M) 1,723ms
[2271,858s][info][gc] GC(6126) Pause Young (G1 Evacuation Pause) 470M->122M(594M) 1,775ms
[2272,249s][info][gc] GC(6127) Pause Young (G1 Evacuation Pause) 470M->122M(594M) 2,166ms
[2272,650s][info][gc] GC(6128) Pause Young (G1 Evacuation Pause) 470M->123M(594M) 2,295ms
[2273,026s][info][gc] GC(6129) Pause Young (G1 Evacuation Pause) 471M->123M(594M) 1,845ms
[2273,402s][info][gc] GC(6130) Pause Young (G1 Evacuation Pause) 470M->122M(594M) 1,709ms
[2273,788s][info][gc] GC(6131) Pause Young (G1 Evacuation Pause) 470M->122M(594M) 1,723ms
[2274,165s][info][gc] GC(6132) Pause Young (G1 Evacuation Pause) 470M->122M(594M) 2,528ms
[2274,541s][info][gc] GC(6133) Pause Young (G1 Evacuation Pause) 470M->123M(594M) 1,609ms
[2274,936s][info][gc] GC(6134) Pause Young (G1 Evacuation Pause) 471M->122M(594M) 1,804ms
[2275,351s][info][gc] GC(6135) Pause Young (G1 Evacuation Pause) 470M->123M(594M) 3,745ms
[2275,731s][info][gc] GC(6136) Pause Young (G1 Evacuation Pause) 470M->122M(594M) 2,804ms
[2276,109s][info][gc] GC(6137) Pause Young (G1 Evacuation Pause) 471M->123M(594M) 1,927ms
[2276,495s][info][gc] GC(6138) Pause Young (G1 Evacuation Pause) 470M->122M(594M) 1,711ms
[2276,876s][info][gc] GC(6139) Pause Young (G1 Evacuation Pause) 470M->123M(594M) 1,610ms
[2277,298s][info][gc] GC(6140) Pause Young (G1 Evacuation Pause) 471M->123M(594M) 3,853ms
[2277,711s][info][gc] GC(6141) Pause Young (G1 Evacuation Pause) 470M->122M(594M) 2,676ms
[2278,123s][info][gc] GC(6142) Pause Young (G1 Evacuation Pause) 471M->123M(594M) 2,312ms
[2278,499s][info][gc] GC(6143) Pause Young (G1 Evacuation Pause) 471M->123M(594M) 1,837ms
[2278,914s][info][gc] GC(6144) Pause Young (G1 Evacuation Pause) 470M->122M(594M) 2,543ms
[2279,300s][info][gc] GC(6145) Pause Young (G1 Evacuation Pause) 470M->122M(594M) 1,728ms
[2279,685s][info][gc] GC(6146) Pause Young (G1 Evacuation Pause) 470M->123M(594M) 1,953ms
[2280,076s][info][gc] GC(6147) Pause Young (G1 Evacuation Pause) 471M->123M(594M) 2,478ms
[2280,454s][info][gc] GC(6148) Pause Young (G1 Evacuation Pause) 470M->122M(594M) 2,018ms
[2280,845s][info][gc] GC(6149) Pause Young (G1 Evacuation Pause) 470M->122M(594M) 1,766ms
[2281,221s][info][gc] GC(6150) Pause Young (G1 Evacuation Pause) 470M->123M(594M) 1,838ms
[2281,624s][info][gc] GC(6151) Pause Young (G1 Evacuation Pause) 471M->123M(594M) 2,208ms
[2282,022s][info][gc] GC(6152) Pause Young (G1 Evacuation Pause) 471M->123M(594M) 1,953ms
[2282,410s][info][gc] GC(6153) Pause Young (G1 Evacuation Pause) 470M->122M(594M) 2,113ms
[2282,796s][info][gc] GC(6154) Pause Young (G1 Evacuation Pause) 471M->123M(594M) 3,729ms
[2283,173s][info][gc] GC(6155) Pause Young (G1 Evacuation Pause) 470M->122M(594M) 1,798ms
[2283,583s][info][gc] GC(6156) Pause Young (G1 Evacuation Pause) 470M->123M(594M) 2,728ms
[2283,989s][info][gc] GC(6157) Pause Young (G1 Evacuation Pause) 471M->123M(594M) 2,121ms
[2284,398s][info][gc] GC(6158) Pause Young (G1 Evacuation Pause) 471M->123M(594M) 1,761ms
[2284,780s][info][gc] GC(6159) Pause Young (G1 Evacuation Pause) 471M->123M(594M) 4,818ms
[2285,173s][info][gc] GC(6160) Pause Young (G1 Evacuation Pause) 470M->122M(594M) 2,152ms
[2285,551s][info][gc] GC(6161) Pause Young (G1 Evacuation Pause) 470M->122M(594M) 1,822ms
[2285,945s][info][gc] GC(6162) Pause Young (G1 Evacuation Pause) 470M->123M(594M) 6,364ms
[2286,334s][info][gc] GC(6163) Pause Young (G1 Evacuation Pause) 471M->123M(594M) 1,666ms
[2286,738s][info][gc] GC(6164) Pause Young (G1 Evacuation Pause) 471M->123M(594M) 1,849ms
[2287,148s][info][gc] GC(6165) Pause Young (G1 Evacuation Pause) 470M->122M(594M) 2,754ms
[2287,554s][info][gc] GC(6166) Pause Young (G1 Evacuation Pause) 470M->123M(594M) 2,269ms
[2287,960s][info][gc] GC(6167) Pause Young (G1 Evacuation Pause) 471M->123M(594M) 3,549ms
[2288,363s][info][gc] GC(6168) Pause Young (G1 Evacuation Pause) 471M->123M(594M) 10,284ms
[2288,747s][info][gc] GC(6169) Pause Young (G1 Evacuation Pause) 471M->123M(594M) 1,807ms
[2289,128s][info][gc] GC(6170) Pause Young (G1 Evacuation Pause) 470M->122M(594M) 1,580ms
[2289,513s][info][gc] GC(6171) Pause Young (G1 Evacuation Pause) 470M->123M(594M) 1,734ms
[2289,921s][info][gc] GC(6172) Pause Young (G1 Evacuation Pause) 471M->122M(594M) 2,567ms
[2290,306s][info][gc] GC(6173) Pause Young (G1 Evacuation Pause) 470M->122M(594M) 4,584ms
[2290,705s][info][gc] GC(6174) Pause Young (G1 Evacuation Pause) 471M->124M(594M) 1,861ms
[2291,090s][info][gc] GC(6175) Pause Young (G1 Evacuation Pause) 471M->123M(594M) 1,657ms
[2291,478s][info][gc] GC(6176) Pause Young (G1 Evacuation Pause) 471M->123M(594M) 1,681ms
[2291,928s][info][gc] GC(6177) Pause Young (G1 Evacuation Pause) 470M->122M(594M) 10,752ms
[2292,431s][info][gc] GC(6178) Pause Young (G1 Evacuation Pause) 471M->123M(594M) 6,520ms
[2292,851s][info][gc] GC(6179) Pause Young (G1 Evacuation Pause) 470M->123M(594M) 3,091ms
[2293,328s][info][gc] GC(6180) Pause Young (G1 Evacuation Pause) 471M->123M(594M) 3,307ms
[2293,791s][info][gc] GC(6181) Pause Young (G1 Evacuation Pause) 471M->123M(594M) 6,949ms
[2294,251s][info][gc] GC(6182) Pause Young (G1 Evacuation Pause) 471M->124M(594M) 3,767ms
[2294,696s][info][gc] GC(6183) Pause Young (G1 Evacuation Pause) 471M->123M(594M) 2,712ms
[2295,103s][info][gc] GC(6184) Pause Young (G1 Evacuation Pause) 471M->123M(594M) 2,605ms
[2295,555s][info][gc] GC(6185) Pause Young (G1 Evacuation Pause) 471M->123M(594M) 16,910ms
[2295,984s][info][gc] GC(6186) Pause Young (G1 Evacuation Pause) 471M->123M(594M) 1,814ms
[2296,403s][info][gc] GC(6187) Pause Young (G1 Evacuation Pause) 471M->123M(594M) 3,535ms
[2296,828s][info][gc] GC(6188) Pause Young (G1 Evacuation Pause) 471M->123M(594M) 2,762ms
[2297,242s][info][gc] GC(6189) Pause Young (G1 Evacuation Pause) 471M->124M(594M) 7,838ms
[2297,649s][info][gc] GC(6190) Pause Young (G1 Evacuation Pause) 471M->123M(594M) 3,532ms
[2298,075s][info][gc] GC(6191) Pause Young (G1 Evacuation Pause) 471M->123M(594M) 5,256ms
[2298,477s][info][gc] GC(6192) Pause Young (G1 Evacuation Pause) 471M->123M(594M) 1,566ms
[2298,888s][info][gc] GC(6193) Pause Young (G1 Evacuation Pause) 471M->123M(594M) 2,616ms
[2299,304s][info][gc] GC(6194) Pause Young (G1 Evacuation Pause) 471M->123M(594M) 3,763ms
[2299,799s][info][gc] GC(6195) Pause Young (G1 Evacuation Pause) 471M->124M(594M) 11,772ms
[2300,230s][info][gc] GC(6196) Pause Young (G1 Evacuation Pause) 471M->123M(594M) 3,424ms
[2300,657s][info][gc] GC(6197) Pause Young (G1 Evacuation Pause) 471M->123M(594M) 6,203ms
[2301,062s][info][gc] GC(6198) Pause Young (G1 Evacuation Pause) 471M->123M(594M) 1,760ms
[2301,451s][info][gc] GC(6199) Pause Young (G1 Evacuation Pause) 471M->123M(594M) 1,990ms
[2301,914s][info][gc] GC(6200) Pause Young (G1 Evacuation Pause) 471M->124M(594M) 2,837ms
[2302,314s][info][gc] GC(6201) Pause Young (G1 Evacuation Pause) 471M->122M(594M) 2,606ms
[2302,691s][info][gc] GC(6202) Pause Young (G1 Evacuation Pause) 471M->124M(594M) 2,078ms
[2303,107s][info][gc] GC(6203) Pause Young (G1 Evacuation Pause) 471M->123M(594M) 3,524ms
[2303,536s][info][gc] GC(6204) Pause Young (G1 Evacuation Pause) 471M->123M(594M) 6,789ms
[2303,974s][info][gc] GC(6205) Pause Young (G1 Evacuation Pause) 471M->123M(594M) 2,888ms
[2304,391s][info][gc] GC(6206) Pause Young (G1 Evacuation Pause) 471M->124M(594M) 2,725ms
[2304,778s][info][gc] GC(6207) Pause Young (G1 Evacuation Pause) 472M->124M(594M) 5,748ms
[2305,154s][info][gc] GC(6208) Pause Young (G1 Evacuation Pause) 471M->123M(594M) 2,009ms
[2305,558s][info][gc] GC(6209) Pause Young (G1 Evacuation Pause) 471M->123M(594M) 2,632ms
[2305,956s][info][gc] GC(6210) Pause Young (G1 Evacuation Pause) 471M->124M(594M) 1,663ms
[2306,343s][info][gc] GC(6211) Pause Young (G1 Evacuation Pause) 471M->122M(594M) 2,055ms
[2306,719s][info][gc] GC(6212) Pause Young (G1 Evacuation Pause) 471M->124M(594M) 2,213ms
[2307,135s][info][gc] GC(6213) Pause Young (G1 Evacuation Pause) 472M->124M(594M) 2,881ms
[2307,563s][info][gc] GC(6214) Pause Young (G1 Evacuation Pause) 471M->123M(594M) 6,026ms
[2307,988s][info][gc] GC(6215) Pause Young (G1 Evacuation Pause) 471M->123M(594M) 4,403ms
[2308,364s][info][gc] GC(6216) Pause Young (G1 Evacuation Pause) 471M->123M(594M) 2,164ms
[2308,741s][info][gc] GC(6217) Pause Young (G1 Evacuation Pause) 471M->124M(594M) 1,630ms
[2309,117s][info][gc] GC(6218) Pause Young (G1 Evacuation Pause) 471M->123M(594M) 1,807ms
[2309,519s][info][gc] GC(6219) Pause Young (G1 Evacuation Pause) 472M->124M(594M) 2,757ms
[2309,933s][info][gc] GC(6220) Pause Young (G1 Evacuation Pause) 471M->123M(594M) 2,755ms
[2310,331s][info][gc] GC(6221) Pause Young (G1 Evacuation Pause) 471M->123M(594M) 2,612ms
[2310,708s][info][gc] GC(6222) Pause Young (G1 Evacuation Pause) 471M->123M(594M) 1,833ms
[2311,094s][info][gc] GC(6223) Pause Young (G1 Evacuation Pause) 471M->123M(594M) 1,702ms
[2311,500s][info][gc] GC(6224) Pause Young (G1 Evacuation Pause) 471M->124M(594M) 2,870ms
[2311,914s][info][gc] GC(6225) Pause Young (G1 Evacuation Pause) 472M->124M(594M) 2,357ms
[2312,331s][info][gc] GC(6226) Pause Young (G1 Evacuation Pause) 472M->125M(594M) 2,077ms
[2312,710s][info][gc] GC(6227) Pause Young (G1 Evacuation Pause) 472M->124M(594M) 1,603ms
[2313,104s][info][gc] GC(6228) Pause Young (G1 Evacuation Pause) 472M->124M(594M) 2,413ms
[2313,529s][info][gc] GC(6229) Pause Young (G1 Evacuation Pause) 472M->124M(594M) 9,885ms
[2313,941s][info][gc] GC(6230) Pause Young (G1 Evacuation Pause) 472M->124M(594M) 1,906ms
[2314,338s][info][gc] GC(6231) Pause Young (G1 Evacuation Pause) 471M->123M(594M) 2,132ms
[2314,728s][info][gc] GC(6232) Pause Young (G1 Evacuation Pause) 472M->125M(594M) 1,758ms
[2315,104s][info][gc] GC(6233) Pause Young (G1 Evacuation Pause) 472M->123M(594M) 1,691ms
[2315,520s][info][gc] GC(6234) Pause Young (G1 Evacuation Pause) 471M->124M(594M) 3,047ms
[2315,928s][info][gc] GC(6235) Pause Young (G1 Evacuation Pause) 472M->124M(594M) 1,976ms
[2316,316s][info][gc] GC(6236) Pause Young (G1 Evacuation Pause) 472M->124M(594M) 2,706ms
[2316,703s][info][gc] GC(6237) Pause Young (G1 Evacuation Pause) 472M->124M(594M) 1,723ms
[2317,115s][info][gc] GC(6238) Pause Young (G1 Evacuation Pause) 472M->124M(594M) 2,663ms
[2317,532s][info][gc] GC(6239) Pause Young (G1 Evacuation Pause) 472M->124M(594M) 4,358ms
[2317,941s][info][gc] GC(6240) Pause Young (G1 Evacuation Pause) 472M->124M(594M) 2,675ms
[2318,331s][info][gc] GC(6241) Pause Young (G1 Evacuation Pause) 471M->123M(594M) 2,201ms
[2318,716s][info][gc] GC(6242) Pause Young (G1 Evacuation Pause) 471M->124M(594M) 1,855ms
[2319,092s][info][gc] GC(6243) Pause Young (G1 Evacuation Pause) 472M->124M(594M) 2,125ms
[2319,468s][info][gc] GC(6244) Pause Young (G1 Evacuation Pause) 472M->124M(594M) 2,029ms
[2319,844s][info][gc] GC(6245) Pause Young (G1 Evacuation Pause) 472M->124M(594M) 2,331ms
[2320,258s][info][gc] GC(6246) Pause Young (G1 Evacuation Pause) 471M->123M(594M) 3,016ms
[2320,669s][info][gc] GC(6247) Pause Young (G1 Evacuation Pause) 472M->125M(594M) 2,783ms
[2321,062s][info][gc] GC(6248) Pause Young (G1 Evacuation Pause) 472M->124M(594M) 1,805ms
[2321,472s][info][gc] GC(6249) Pause Young (G1 Evacuation Pause) 472M->124M(594M) 2,826ms
[2321,850s][info][gc] GC(6250) Pause Young (G1 Evacuation Pause) 472M->124M(594M) 1,848ms
[2322,225s][info][gc] GC(6251) Pause Young (G1 Evacuation Pause) 471M->123M(594M) 1,578ms
[2322,624s][info][gc] GC(6252) Pause Young (G1 Evacuation Pause) 472M->124M(594M) 2,696ms
[2323,041s][info][gc] GC(6253) Pause Young (G1 Evacuation Pause) 472M->124M(594M) 2,766ms
[2323,456s][info][gc] GC(6254) Pause Young (G1 Evacuation Pause) 471M->124M(594M) 2,615ms
[2323,841s][info][gc] GC(6255) Pause Young (G1 Evacuation Pause) 472M->124M(594M) 2,081ms
[2324,218s][info][gc] GC(6256) Pause Young (G1 Evacuation Pause) 472M->124M(594M) 2,125ms
[2324,623s][info][gc] GC(6257) Pause Young (G1 Evacuation Pause) 472M->124M(594M) 1,988ms
[2325,003s][info][gc] GC(6258) Pause Young (G1 Evacuation Pause) 472M->125M(594M) 1,856ms
[2325,399s][info][gc] GC(6259) Pause Young (G1 Evacuation Pause) 472M->124M(594M) 2,656ms
[2325,813s][info][gc] GC(6260) Pause Young (G1 Evacuation Pause) 472M->124M(594M) 6,834ms
[2326,201s][info][gc] GC(6261) Pause Young (G1 Evacuation Pause) 472M->124M(594M) 2,188ms
[2326,579s][info][gc] GC(6262) Pause Young (G1 Evacuation Pause) 472M->124M(594M) 2,399ms
[2326,956s][info][gc] GC(6263) Pause Young (G1 Evacuation Pause) 472M->125M(594M) 2,498ms
[2327,384s][info][gc] GC(6264) Pause Young (G1 Evacuation Pause) 472M->124M(594M) 3,194ms
[2327,775s][info][gc] GC(6265) Pause Young (G1 Evacuation Pause) 472M->124M(594M) 2,107ms
[2328,152s][info][gc] GC(6266) Pause Young (G1 Evacuation Pause) 472M->124M(594M) 2,140ms
[2328,530s][info][gc] GC(6267) Pause Young (G1 Evacuation Pause) 472M->124M(594M) 1,769ms
[2328,905s][info][gc] GC(6268) Pause Young (G1 Evacuation Pause) 472M->125M(594M) 1,660ms
[2329,288s][info][gc] GC(6269) Pause Young (G1 Evacuation Pause) 472M->124M(594M) 5,977ms
[2329,703s][info][gc] GC(6270) Pause Young (G1 Evacuation Pause) 472M->124M(594M) 2,817ms
[2330,084s][info][gc] GC(6271) Pause Young (G1 Evacuation Pause) 472M->124M(594M) 1,725ms
[2330,471s][info][gc] GC(6272) Pause Young (G1 Evacuation Pause) 472M->124M(594M) 1,743ms
[2330,856s][info][gc] GC(6273) Pause Young (G1 Evacuation Pause) 472M->124M(594M) 1,781ms
[2331,232s][info][gc] GC(6274) Pause Young (G1 Evacuation Pause) 472M->125M(594M) 2,239ms
[2331,651s][info][gc] GC(6275) Pause Young (G1 Evacuation Pause) 472M->124M(594M) 2,687ms
[2332,062s][info][gc] GC(6276) Pause Young (G1 Evacuation Pause) 472M->124M(594M) 2,523ms
[2332,452s][info][gc] GC(6277) Pause Young (G1 Evacuation Pause) 472M->124M(594M) 2,102ms
[2332,844s][info][gc] GC(6278) Pause Young (G1 Evacuation Pause) 472M->124M(594M) 4,232ms
[2333,220s][info][gc] GC(6279) Pause Young (G1 Evacuation Pause) 472M->125M(594M) 2,273ms
[2333,642s][info][gc] GC(6280) Pause Young (G1 Evacuation Pause) 472M->124M(594M) 2,636ms
[2334,048s][info][gc] GC(6281) Pause Young (G1 Evacuation Pause) 472M->123M(594M) 1,649ms
[2334,437s][info][gc] GC(6282) Pause Young (G1 Evacuation Pause) 472M->125M(594M) 1,691ms
[2334,813s][info][gc] GC(6283) Pause Young (G1 Evacuation Pause) 472M->124M(594M) 1,781ms
[2335,219s][info][gc] GC(6284) Pause Young (G1 Evacuation Pause) 472M->124M(594M) 2,574ms
[2335,611s][info][gc] GC(6285) Pause Young (G1 Evacuation Pause) 472M->125M(594M) 1,674ms
[2335,996s][info][gc] GC(6286) Pause Young (G1 Evacuation Pause) 473M->124M(594M) 1,859ms
[2336,390s][info][gc] GC(6287) Pause Young (G1 Evacuation Pause) 472M->125M(594M) 3,787ms
[2336,788s][info][gc] GC(6288) Pause Young (G1 Evacuation Pause) 472M->124M(594M) 5,564ms
[2337,163s][info][gc] GC(6289) Pause Young (G1 Evacuation Pause) 472M->124M(594M) 1,688ms
[2337,540s][info][gc] GC(6290) Pause Young (G1 Evacuation Pause) 472M->125M(594M) 1,797ms
[2337,941s][info][gc] GC(6291) Pause Young (G1 Evacuation Pause) 472M->124M(594M) 2,633ms
[2338,333s][info][gc] GC(6292) Pause Young (G1 Evacuation Pause) 472M->124M(594M) 1,474ms
[2338,709s][info][gc] GC(6293) Pause Young (G1 Evacuation Pause) 473M->125M(594M) 1,680ms
[2339,125s][info][gc] GC(6294) Pause Young (G1 Evacuation Pause) 473M->125M(594M) 5,655ms
[2339,503s][info][gc] GC(6295) Pause Young (G1 Evacuation Pause) 472M->124M(594M) 2,889ms
[2339,901s][info][gc] GC(6296) Pause Young (G1 Evacuation Pause) 472M->124M(594M) 4,299ms
[2340,321s][info][gc] GC(6297) Pause Young (G1 Evacuation Pause) 472M->124M(594M) 2,610ms
[2340,699s][info][gc] GC(6298) Pause Young (G1 Evacuation Pause) 472M->125M(594M) 2,375ms
[2341,084s][info][gc] GC(6299) Pause Young (G1 Evacuation Pause) 472M->124M(594M) 1,659ms
[2341,460s][info][gc] GC(6300) Pause Young (G1 Evacuation Pause) 472M->124M(594M) 1,599ms
[2341,851s][info][gc] GC(6301) Pause Young (G1 Evacuation Pause) 472M->124M(594M) 2,654ms
[2342,228s][info][gc] GC(6302) Pause Young (G1 Evacuation Pause) 472M->124M(594M) 1,787ms
[2342,621s][info][gc] GC(6303) Pause Young (G1 Evacuation Pause) 472M->125M(594M) 1,934ms
[2343,026s][info][gc] GC(6304) Pause Young (G1 Evacuation Pause) 472M->124M(594M) 2,542ms
[2343,416s][info][gc] GC(6305) Pause Young (G1 Evacuation Pause) 472M->124M(594M) 1,862ms
[2343,821s][info][gc] GC(6306) Pause Young (G1 Evacuation Pause) 472M->125M(594M) 2,620ms
[2344,197s][info][gc] GC(6307) Pause Young (G1 Evacuation Pause) 473M->124M(594M) 1,650ms
[2344,614s][info][gc] GC(6308) Pause Young (G1 Evacuation Pause) 472M->125M(594M) 2,588ms
[2344,991s][info][gc] GC(6309) Pause Young (G1 Evacuation Pause) 473M->125M(594M) 1,891ms
[2345,376s][info][gc] GC(6310) Pause Young (G1 Evacuation Pause) 473M->125M(594M) 2,248ms
[2345,753s][info][gc] GC(6311) Pause Young (G1 Evacuation Pause) 472M->124M(594M) 1,765ms
[2346,142s][info][gc] GC(6312) Pause Young (G1 Evacuation Pause) 472M->125M(594M) 1,662ms
[2346,530s][info][gc] GC(6313) Pause Young (G1 Evacuation Pause) 473M->125M(594M) 1,594ms
[2346,926s][info][gc] GC(6314) Pause Young (G1 Evacuation Pause) 473M->125M(594M) 2,561ms
[2347,332s][info][gc] GC(6315) Pause Young (G1 Evacuation Pause) 473M->125M(594M) 3,660ms
[2347,746s][info][gc] GC(6316) Pause Young (G1 Evacuation Pause) 473M->125M(594M) 2,693ms
[2348,164s][info][gc] GC(6317) Pause Young (G1 Evacuation Pause) 473M->125M(594M) 2,767ms
[2348,541s][info][gc] GC(6318) Pause Young (G1 Evacuation Pause) 473M->125M(594M) 1,835ms
[2348,953s][info][gc] GC(6319) Pause Young (G1 Evacuation Pause) 472M->124M(594M) 3,625ms
[2349,363s][info][gc] GC(6320) Pause Young (G1 Evacuation Pause) 472M->124M(594M) 2,721ms
[2349,774s][info][gc] GC(6321) Pause Young (G1 Evacuation Pause) 472M->125M(594M) 2,554ms
[2350,166s][info][gc] GC(6322) Pause Young (G1 Evacuation Pause) 473M->125M(594M) 1,663ms
[2350,543s][info][gc] GC(6323) Pause Young (G1 Evacuation Pause) 473M->125M(594M) 1,776ms
[2350,919s][info][gc] GC(6324) Pause Young (G1 Evacuation Pause) 473M->125M(594M) 1,829ms
[2351,295s][info][gc] GC(6325) Pause Young (G1 Evacuation Pause) 473M->125M(594M) 2,598ms
[2351,702s][info][gc] GC(6326) Pause Young (G1 Evacuation Pause) 473M->125M(594M) 2,701ms
[2352,120s][info][gc] GC(6327) Pause Young (G1 Evacuation Pause) 472M->125M(594M) 2,578ms
[2352,537s][info][gc] GC(6328) Pause Young (G1 Evacuation Pause) 473M->125M(594M) 2,632ms
[2352,955s][info][gc] GC(6329) Pause Young (G1 Evacuation Pause) 473M->125M(594M) 2,768ms
[2353,347s][info][gc] GC(6330) Pause Young (G1 Evacuation Pause) 473M->125M(594M) 2,864ms
[2353,724s][info][gc] GC(6331) Pause Young (G1 Evacuation Pause) 472M->124M(594M) 2,223ms
[2354,105s][info][gc] GC(6332) Pause Young (G1 Evacuation Pause) 472M->124M(594M) 1,677ms
[2354,482s][info][gc] GC(6333) Pause Young (G1 Evacuation Pause) 473M->125M(594M) 1,795ms
[2354,871s][info][gc] GC(6334) Pause Young (G1 Evacuation Pause) 472M->125M(594M) 2,678ms
[2355,282s][info][gc] GC(6335) Pause Young (G1 Evacuation Pause) 473M->125M(594M) 2,715ms
[2355,675s][info][gc] GC(6336) Pause Young (G1 Evacuation Pause) 473M->125M(594M) 2,673ms
[2356,092s][info][gc] GC(6337) Pause Young (G1 Evacuation Pause) 473M->126M(594M) 2,658ms
[2356,468s][info][gc] GC(6338) Pause Young (G1 Evacuation Pause) 473M->125M(594M) 2,123ms
[2356,845s][info][gc] GC(6339) Pause Young (G1 Evacuation Pause) 473M->125M(594M) 2,076ms
[2357,221s][info][gc] GC(6340) Pause Young (G1 Evacuation Pause) 473M->126M(594M) 2,230ms
[2357,643s][info][gc] GC(6341) Pause Young (G1 Evacuation Pause) 473M->125M(594M) 2,543ms
[2358,046s][info][gc] GC(6342) Pause Young (G1 Evacuation Pause) 473M->124M(594M) 1,621ms
[2358,435s][info][gc] GC(6343) Pause Young (G1 Evacuation Pause) 473M->125M(594M) 2,271ms
[2358,822s][info][gc] GC(6344) Pause Young (G1 Evacuation Pause) 473M->126M(594M) 3,733ms
[2359,233s][info][gc] GC(6345) Pause Young (G1 Evacuation Pause) 473M->125M(594M) 2,754ms
[2359,642s][info][gc] GC(6346) Pause Young (G1 Evacuation Pause) 473M->125M(594M) 2,046ms
[2360,019s][info][gc] GC(6347) Pause Young (G1 Evacuation Pause) 473M->126M(594M) 1,827ms
[2360,413s][info][gc] GC(6348) Pause Young (G1 Evacuation Pause) 473M->124M(594M) 2,573ms
[2360,812s][info][gc] GC(6349) Pause Young (G1 Evacuation Pause) 473M->126M(594M) 2,628ms
[2361,187s][info][gc] GC(6350) Pause Young (G1 Evacuation Pause) 473M->125M(594M) 1,718ms
[2361,597s][info][gc] GC(6351) Pause Young (G1 Evacuation Pause) 473M->125M(594M) 2,565ms
[2362,008s][info][gc] GC(6352) Pause Young (G1 Evacuation Pause) 473M->125M(594M) 2,488ms
[2362,395s][info][gc] GC(6353) Pause Young (G1 Evacuation Pause) 473M->125M(594M) 2,276ms
[2362,797s][info][gc] GC(6354) Pause Young (G1 Evacuation Pause) 473M->126M(594M) 2,945ms
[2363,174s][info][gc] GC(6355) Pause Young (G1 Evacuation Pause) 473M->125M(594M) 2,356ms
[2363,551s][info][gc] GC(6356) Pause Young (G1 Evacuation Pause) 473M->125M(594M) 2,147ms
[2363,947s][info][gc] GC(6357) Pause Young (G1 Evacuation Pause) 473M->125M(594M) 2,751ms
[2364,360s][info][gc] GC(6358) Pause Young (G1 Evacuation Pause) 473M->124M(594M) 2,598ms
[2364,736s][info][gc] GC(6359) Pause Young (G1 Evacuation Pause) 473M->126M(594M) 1,803ms
[2365,156s][info][gc] GC(6360) Pause Young (G1 Evacuation Pause) 473M->125M(594M) 2,685ms
[2365,570s][info][gc] GC(6361) Pause Young (G1 Evacuation Pause) 473M->125M(594M) 2,617ms
[2365,967s][info][gc] GC(6362) Pause Young (G1 Evacuation Pause) 473M->126M(594M) 1,719ms
[2366,353s][info][gc] GC(6363) Pause Young (G1 Evacuation Pause) 473M->125M(594M) 3,329ms
[2366,729s][info][gc] GC(6364) Pause Young (G1 Evacuation Pause) 474M->126M(594M) 1,741ms
[2367,147s][info][gc] GC(6365) Pause Young (G1 Evacuation Pause) 474M->126M(594M) 2,757ms
[2367,554s][info][gc] GC(6366) Pause Young (G1 Evacuation Pause) 473M->125M(594M) 2,368ms
[2367,930s][info][gc] GC(6367) Pause Young (G1 Evacuation Pause) 473M->126M(594M) 2,274ms
[2368,320s][info][gc] GC(6368) Pause Young (G1 Evacuation Pause) 474M->126M(594M) 4,551ms
[2368,698s][info][gc] GC(6369) Pause Young (G1 Evacuation Pause) 473M->125M(594M) 2,119ms
[2369,090s][info][gc] GC(6370) Pause Young (G1 Evacuation Pause) 473M->125M(594M) 2,216ms
[2369,499s][info][gc] GC(6371) Pause Young (G1 Evacuation Pause) 473M->125M(594M) 3,137ms
[2369,880s][info][gc] GC(6372) Pause Young (G1 Evacuation Pause) 473M->125M(594M) 4,637ms
[2370,260s][info][gc] GC(6373) Pause Young (G1 Evacuation Pause) 473M->125M(594M) 1,629ms
[2370,655s][info][gc] GC(6374) Pause Young (G1 Evacuation Pause) 473M->125M(594M) 2,645ms
[2371,045s][info][gc] GC(6375) Pause Young (G1 Evacuation Pause) 473M->125M(594M) 1,773ms
[2371,434s][info][gc] GC(6376) Pause Young (G1 Evacuation Pause) 473M->125M(594M) 2,409ms
[2371,811s][info][gc] GC(6377) Pause Young (G1 Evacuation Pause) 473M->125M(594M) 2,248ms
[2372,188s][info][gc] GC(6378) Pause Young (G1 Evacuation Pause) 473M->126M(594M) 2,383ms
[2372,574s][info][gc] GC(6379) Pause Young (G1 Evacuation Pause) 473M->125M(594M) 1,890ms
[2372,984s][info][gc] GC(6380) Pause Young (G1 Evacuation Pause) 473M->125M(594M) 2,543ms
[2373,394s][info][gc] GC(6381) Pause Young (G1 Evacuation Pause) 473M->125M(594M) 2,666ms
[2373,777s][info][gc] GC(6382) Pause Young (G1 Evacuation Pause) 473M->126M(594M) 5,120ms
[2374,174s][info][gc] GC(6383) Pause Young (G1 Evacuation Pause) 473M->125M(594M) 4,101ms
[2374,573s][info][gc] GC(6384) Pause Young (G1 Evacuation Pause) 474M->126M(594M) 2,293ms
[2374,992s][info][gc] GC(6385) Pause Young (G1 Evacuation Pause) 474M->126M(594M) 2,836ms
[2375,396s][info][gc] GC(6386) Pause Young (G1 Evacuation Pause) 474M->127M(594M) 1,677ms
[2375,778s][info][gc] GC(6387) Pause Young (G1 Evacuation Pause) 474M->126M(594M) 5,414ms
[2376,156s][info][gc] GC(6388) Pause Young (G1 Evacuation Pause) 474M->126M(594M) 3,839ms
[2376,535s][info][gc] GC(6389) Pause Young (G1 Evacuation Pause) 474M->126M(594M) 5,427ms
[2376,956s][info][gc] GC(6390) Pause Young (G1 Evacuation Pause) 474M->126M(594M) 2,725ms
[2377,367s][info][gc] GC(6391) Pause Young (G1 Evacuation Pause) 473M->125M(594M) 2,710ms
[2377,787s][info][gc] GC(6392) Pause Young (G1 Evacuation Pause) 473M->126M(594M) 5,256ms
[2378,163s][info][gc] GC(6393) Pause Young (G1 Evacuation Pause) 474M->125M(594M) 1,730ms
[2378,552s][info][gc] GC(6394) Pause Young (G1 Evacuation Pause) 473M->126M(594M) 1,773ms
[2378,949s][info][gc] GC(6395) Pause Young (G1 Evacuation Pause) 474M->126M(594M) 2,604ms
[2379,365s][info][gc] GC(6396) Pause Young (G1 Evacuation Pause) 474M->126M(594M) 2,906ms
[2379,776s][info][gc] GC(6397) Pause Young (G1 Evacuation Pause) 473M->125M(594M) 2,978ms
[2380,190s][info][gc] GC(6398) Pause Young (G1 Evacuation Pause) 473M->126M(594M) 4,076ms
[2380,608s][info][gc] GC(6399) Pause Young (G1 Evacuation Pause) 474M->125M(594M) 4,326ms
[2380,992s][info][gc] GC(6400) Pause Young (G1 Evacuation Pause) 473M->125M(594M) 1,654ms
[2381,391s][info][gc] GC(6401) Pause Young (G1 Evacuation Pause) 473M->126M(594M) 2,502ms
[2381,813s][info][gc] GC(6402) Pause Young (G1 Evacuation Pause) 474M->126M(594M) 6,121ms
[2382,208s][info][gc] GC(6403) Pause Young (G1 Evacuation Pause) 474M->126M(594M) 1,742ms
[2382,594s][info][gc] GC(6404) Pause Young (G1 Evacuation Pause) 474M->126M(594M) 2,515ms
[2382,999s][info][gc] GC(6405) Pause Young (G1 Evacuation Pause) 473M->125M(594M) 2,607ms
[2383,410s][info][gc] GC(6406) Pause Young (G1 Evacuation Pause) 473M->126M(594M) 2,608ms
[2383,818s][info][gc] GC(6407) Pause Young (G1 Evacuation Pause) 474M->126M(594M) 1,738ms
[2384,194s][info][gc] GC(6408) Pause Young (G1 Evacuation Pause) 474M->126M(594M) 1,793ms
[2384,608s][info][gc] GC(6409) Pause Young (G1 Evacuation Pause) 474M->126M(594M) 2,718ms
[2385,010s][info][gc] GC(6410) Pause Young (G1 Evacuation Pause) 473M->125M(594M) 2,648ms
[2385,429s][info][gc] GC(6411) Pause Young (G1 Evacuation Pause) 473M->125M(594M) 2,679ms
[2385,843s][info][gc] GC(6412) Pause Young (G1 Evacuation Pause) 473M->126M(594M) 1,803ms
[2386,225s][info][gc] GC(6413) Pause Young (G1 Evacuation Pause) 474M->126M(594M) 1,790ms
[2386,601s][info][gc] GC(6414) Pause Young (G1 Evacuation Pause) 474M->126M(594M) 1,750ms
[2386,979s][info][gc] GC(6415) Pause Young (G1 Evacuation Pause) 474M->126M(594M) 2,341ms
[2387,371s][info][gc] GC(6416) Pause Young (G1 Evacuation Pause) 474M->126M(594M) 2,694ms
[2387,748s][info][gc] GC(6417) Pause Young (G1 Evacuation Pause) 474M->126M(594M) 1,835ms
[2388,163s][info][gc] GC(6418) Pause Young (G1 Evacuation Pause) 474M->126M(594M) 2,729ms
[2388,570s][info][gc] GC(6419) Pause Young (G1 Evacuation Pause) 474M->127M(594M) 1,842ms
[2388,971s][info][gc] GC(6420) Pause Young (G1 Evacuation Pause) 474M->126M(594M) 2,614ms
[2389,382s][info][gc] GC(6421) Pause Young (G1 Evacuation Pause) 474M->126M(594M) 2,553ms
[2389,758s][info][gc] GC(6422) Pause Young (G1 Evacuation Pause) 474M->126M(594M) 2,071ms
[2390,140s][info][gc] GC(6423) Pause Young (G1 Evacuation Pause) 474M->126M(594M) 1,683ms
[2390,528s][info][gc] GC(6424) Pause Young (G1 Evacuation Pause) 474M->126M(594M) 2,260ms
[2390,905s][info][gc] GC(6425) Pause Young (G1 Evacuation Pause) 474M->127M(594M) 1,842ms
[2391,288s][info][gc] GC(6426) Pause Young (G1 Evacuation Pause) 474M->126M(594M) 6,258ms
[2391,700s][info][gc] GC(6427) Pause Young (G1 Evacuation Pause) 474M->126M(594M) 2,598ms
[2392,116s][info][gc] GC(6428) Pause Young (G1 Evacuation Pause) 474M->126M(594M) 2,541ms
[2392,514s][info][gc] GC(6429) Pause Young (G1 Evacuation Pause) 474M->126M(594M) 1,928ms
[2392,907s][info][gc] GC(6430) Pause Young (G1 Evacuation Pause) 474M->127M(594M) 2,720ms
[2393,321s][info][gc] GC(6431) Pause Young (G1 Evacuation Pause) 474M->126M(594M) 3,604ms
[2393,732s][info][gc] GC(6432) Pause Young (G1 Evacuation Pause) 474M->126M(594M) 2,681ms
[2394,134s][info][gc] GC(6433) Pause Young (G1 Evacuation Pause) 474M->126M(594M) 1,709ms
[2394,511s][info][gc] GC(6434) Pause Young (G1 Evacuation Pause) 474M->126M(594M) 1,897ms
[2394,906s][info][gc] GC(6435) Pause Young (G1 Evacuation Pause) 474M->126M(594M) 2,680ms
[2395,291s][info][gc] GC(6436) Pause Young (G1 Evacuation Pause) 474M->126M(594M) 3,791ms
[2395,669s][info][gc] GC(6437) Pause Young (G1 Evacuation Pause) 474M->127M(594M) 2,081ms
[2396,059s][info][gc] GC(6438) Pause Young (G1 Evacuation Pause) 474M->126M(594M) 1,806ms
[2396,454s][info][gc] GC(6439) Pause Young (G1 Evacuation Pause) 474M->126M(594M) 2,634ms
[2396,871s][info][gc] GC(6440) Pause Young (G1 Evacuation Pause) 474M->126M(594M) 2,779ms
[2397,279s][info][gc] GC(6441) Pause Young (G1 Evacuation Pause) 474M->127M(594M) 1,644ms
[2397,656s][info][gc] GC(6442) Pause Young (G1 Evacuation Pause) 475M->127M(594M) 1,804ms
[2398,059s][info][gc] GC(6443) Pause Young (G1 Evacuation Pause) 475M->127M(594M) 1,881ms
[2398,448s][info][gc] GC(6444) Pause Young (G1 Evacuation Pause) 474M->126M(594M) 1,687ms
[2398,870s][info][gc] GC(6445) Pause Young (G1 Evacuation Pause) 474M->126M(594M) 2,069ms
[2399,247s][info][gc] GC(6446) Pause Young (G1 Evacuation Pause) 474M->126M(594M) 1,724ms
[2399,664s][info][gc] GC(6447) Pause Young (G1 Evacuation Pause) 474M->126M(594M) 2,769ms
[2400,052s][info][gc] GC(6448) Pause Young (G1 Evacuation Pause) 474M->127M(594M) 1,915ms
[2400,428s][info][gc] GC(6449) Pause Young (G1 Evacuation Pause) 475M->127M(594M) 1,902ms
[2400,842s][info][gc] GC(6450) Pause Young (G1 Evacuation Pause) 474M->126M(594M) 3,813ms
[2401,218s][info][gc] GC(6451) Pause Young (G1 Evacuation Pause) 475M->127M(594M) 2,136ms
[2401,636s][info][gc] GC(6452) Pause Young (G1 Evacuation Pause) 474M->127M(594M) 2,658ms
[2402,045s][info][gc] GC(6453) Pause Young (G1 Evacuation Pause) 475M->127M(594M) 1,736ms
[2402,434s][info][gc] GC(6454) Pause Young (G1 Evacuation Pause) 475M->127M(594M) 2,068ms
[2402,823s][info][gc] GC(6455) Pause Young (G1 Evacuation Pause) 475M->127M(594M) 3,119ms
[2403,234s][info][gc] GC(6456) Pause Young (G1 Evacuation Pause) 474M->126M(594M) 2,638ms
[2403,655s][info][gc] GC(6457) Pause Young (G1 Evacuation Pause) 474M->126M(594M) 2,531ms
[2404,031s][info][gc] GC(6458) Pause Young (G1 Evacuation Pause) 474M->126M(594M) 2,163ms
[2404,450s][info][gc] GC(6459) Pause Young (G1 Evacuation Pause) 474M->127M(594M) 3,684ms
[2404,839s][info][gc] GC(6460) Pause Young (G1 Evacuation Pause) 475M->127M(594M) 2,834ms
[2405,250s][info][gc] GC(6461) Pause Young (G1 Evacuation Pause) 475M->127M(594M) 2,611ms
[2405,661s][info][gc] GC(6462) Pause Young (G1 Evacuation Pause) 474M->127M(594M) 2,625ms
[2406,066s][info][gc] GC(6463) Pause Young (G1 Evacuation Pause) 475M->126M(594M) 2,572ms
[2406,483s][info][gc] GC(6464) Pause Young (G1 Evacuation Pause) 474M->127M(594M) 2,071ms
[2406,887s][info][gc] GC(6465) Pause Young (G1 Evacuation Pause) 475M->127M(594M) 3,694ms
[2407,297s][info][gc] GC(6466) Pause Young (G1 Evacuation Pause) 475M->127M(594M) 2,608ms
[2407,690s][info][gc] GC(6467) Pause Young (G1 Evacuation Pause) 474M->126M(594M) 2,714ms
[2408,067s][info][gc] GC(6468) Pause Young (G1 Evacuation Pause) 475M->127M(594M) 3,139ms
[2408,443s][info][gc] GC(6469) Pause Young (G1 Evacuation Pause) 474M->126M(594M) 1,836ms
[2408,830s][info][gc] GC(6470) Pause Young (G1 Evacuation Pause) 474M->127M(594M) 2,657ms
[2409,241s][info][gc] GC(6471) Pause Young (G1 Evacuation Pause) 475M->127M(594M) 2,811ms
[2409,656s][info][gc] GC(6472) Pause Young (G1 Evacuation Pause) 475M->127M(594M) 2,681ms
[2410,050s][info][gc] GC(6473) Pause Young (G1 Evacuation Pause) 475M->127M(594M) 1,654ms
[2410,438s][info][gc] GC(6474) Pause Young (G1 Evacuation Pause) 474M->126M(594M) 1,632ms
[2410,853s][info][gc] GC(6475) Pause Young (G1 Evacuation Pause) 474M->127M(594M) 1,776ms
[2411,244s][info][gc] GC(6476) Pause Young (G1 Evacuation Pause) 475M->127M(594M) 2,259ms
[2411,660s][info][gc] GC(6477) Pause Young (G1 Evacuation Pause) 475M->127M(594M) 2,642ms
[2412,071s][info][gc] GC(6478) Pause Young (G1 Evacuation Pause) 475M->127M(594M) 2,770ms
[2412,475s][info][gc] GC(6479) Pause Young (G1 Evacuation Pause) 474M->126M(594M) 2,570ms
[2412,881s][info][gc] GC(6480) Pause Young (G1 Evacuation Pause) 474M->127M(594M) 4,384ms
[2413,258s][info][gc] GC(6481) Pause Young (G1 Evacuation Pause) 475M->127M(594M) 1,922ms
[2413,683s][info][gc] GC(6482) Pause Young (G1 Evacuation Pause) 475M->127M(594M) 3,182ms
[2414,086s][info][gc] GC(6483) Pause Young (G1 Evacuation Pause) 475M->127M(594M) 1,626ms
[2414,473s][info][gc] GC(6484) Pause Young (G1 Evacuation Pause) 475M->127M(594M) 1,795ms
[2414,863s][info][gc] GC(6485) Pause Young (G1 Evacuation Pause) 475M->127M(594M) 2,290ms
[2415,240s][info][gc] GC(6486) Pause Young (G1 Evacuation Pause) 474M->126M(594M) 2,397ms
[2415,637s][info][gc] GC(6487) Pause Young (G1 Evacuation Pause) 475M->128M(594M) 1,968ms
[2416,021s][info][gc] GC(6488) Pause Young (G1 Evacuation Pause) 475M->127M(594M) 2,430ms
[2416,400s][info][gc] GC(6489) Pause Young (G1 Evacuation Pause) 475M->127M(594M) 3,452ms
[2416,776s][info][gc] GC(6490) Pause Young (G1 Evacuation Pause) 475M->128M(594M) 2,194ms
[2417,153s][info][gc] GC(6491) Pause Young (G1 Evacuation Pause) 475M->126M(594M) 1,893ms
[2417,569s][info][gc] GC(6492) Pause Young (G1 Evacuation Pause) 475M->128M(594M) 2,788ms
[2417,984s][info][gc] GC(6493) Pause Young (G1 Evacuation Pause) 475M->127M(594M) 2,778ms
[2418,375s][info][gc] GC(6494) Pause Young (G1 Evacuation Pause) 475M->127M(594M) 1,804ms
[2418,751s][info][gc] GC(6495) Pause Young (G1 Evacuation Pause) 475M->127M(594M) 2,624ms
[2419,167s][info][gc] GC(6496) Pause Young (G1 Evacuation Pause) 475M->128M(594M) 2,795ms
[2419,586s][info][gc] GC(6497) Pause Young (G1 Evacuation Pause) 475M->127M(594M) 2,702ms
[2419,997s][info][gc] GC(6498) Pause Young (G1 Evacuation Pause) 475M->126M(594M) 2,595ms
[2420,423s][info][gc] GC(6499) Pause Young (G1 Evacuation Pause) 475M->128M(594M) 2,399ms
[2420,799s][info][gc] GC(6500) Pause Young (G1 Evacuation Pause) 475M->127M(594M) 2,168ms
[2421,205s][info][gc] GC(6501) Pause Young (G1 Evacuation Pause) 475M->128M(594M) 2,734ms
[2421,587s][info][gc] GC(6502) Pause Young (G1 Evacuation Pause) 475M->126M(594M) 1,866ms
[2421,963s][info][gc] GC(6503) Pause Young (G1 Evacuation Pause) 475M->128M(594M) 1,987ms
[2422,360s][info][gc] GC(6504) Pause Young (G1 Evacuation Pause) 475M->126M(594M) 7,609ms
[2422,736s][info][gc] GC(6505) Pause Young (G1 Evacuation Pause) 475M->128M(594M) 1,921ms
[2423,133s][info][gc] GC(6506) Pause Young (G1 Evacuation Pause) 475M->127M(594M) 1,678ms
[2423,561s][info][gc] GC(6507) Pause Young (G1 Evacuation Pause) 475M->127M(594M) 1,700ms
[2423,961s][info][gc] GC(6508) Pause Young (G1 Evacuation Pause) 475M->128M(594M) 2,732ms
[2424,383s][info][gc] GC(6509) Pause Young (G1 Evacuation Pause) 475M->127M(594M) 2,652ms
[2424,768s][info][gc] GC(6510) Pause Young (G1 Evacuation Pause) 475M->127M(594M) 1,856ms
[2425,144s][info][gc] GC(6511) Pause Young (G1 Evacuation Pause) 475M->127M(594M) 1,735ms
[2425,520s][info][gc] GC(6512) Pause Young (G1 Evacuation Pause) 475M->127M(594M) 1,785ms
[2425,907s][info][gc] GC(6513) Pause Young (G1 Evacuation Pause) 475M->128M(594M) 1,889ms
[2426,302s][info][gc] GC(6514) Pause Young (G1 Evacuation Pause) 475M->126M(594M) 3,458ms
[2426,695s][info][gc] GC(6515) Pause Young (G1 Evacuation Pause) 475M->128M(594M) 2,809ms
[2427,102s][info][gc] GC(6516) Pause Young (G1 Evacuation Pause) 475M->127M(594M) 2,358ms
[2427,477s][info][gc] GC(6517) Pause Young (G1 Evacuation Pause) 475M->127M(594M) 1,562ms
[2427,892s][info][gc] GC(6518) Pause Young (G1 Evacuation Pause) 475M->128M(594M) 2,634ms
[2428,287s][info][gc] GC(6519) Pause Young (G1 Evacuation Pause) 476M->128M(594M) 2,081ms
[2428,663s][info][gc] GC(6520) Pause Young (G1 Evacuation Pause) 475M->127M(594M) 1,830ms
[2429,071s][info][gc] GC(6521) Pause Young (G1 Evacuation Pause) 476M->128M(594M) 2,786ms
[2429,481s][info][gc] GC(6522) Pause Young (G1 Evacuation Pause) 475M->127M(594M) 2,634ms
[2429,902s][info][gc] GC(6523) Pause Young (G1 Evacuation Pause) 475M->127M(594M) 3,627ms
[2430,306s][info][gc] GC(6524) Pause Young (G1 Evacuation Pause) 475M->127M(594M) 3,669ms
[2430,703s][info][gc] GC(6525) Pause Young (G1 Evacuation Pause) 475M->128M(594M) 2,139ms
[2431,091s][info][gc] GC(6526) Pause Young (G1 Evacuation Pause) 476M->128M(594M) 1,632ms
[2431,509s][info][gc] GC(6527) Pause Young (G1 Evacuation Pause) 476M->128M(594M) 2,808ms
[2431,925s][info][gc] GC(6528) Pause Young (G1 Evacuation Pause) 475M->127M(594M) 2,769ms
[2432,340s][info][gc] GC(6529) Pause Young (G1 Evacuation Pause) 475M->127M(594M) 2,488ms
[2432,752s][info][gc] GC(6530) Pause Young (G1 Evacuation Pause) 475M->127M(594M) 2,617ms
[2433,169s][info][gc] GC(6531) Pause Young (G1 Evacuation Pause) 475M->128M(594M) 2,553ms
[2433,576s][info][gc] GC(6532) Pause Young (G1 Evacuation Pause) 476M->128M(594M) 1,864ms
[2433,976s][info][gc] GC(6533) Pause Young (G1 Evacuation Pause) 475M->127M(594M) 3,304ms
[2434,385s][info][gc] GC(6534) Pause Young (G1 Evacuation Pause) 475M->127M(594M) 1,666ms
[2434,761s][info][gc] GC(6535) Pause Young (G1 Evacuation Pause) 475M->127M(594M) 1,634ms
[2435,184s][info][gc] GC(6536) Pause Young (G1 Evacuation Pause) 475M->128M(594M) 2,743ms
[2435,591s][info][gc] GC(6537) Pause Young (G1 Evacuation Pause) 475M->127M(594M) 2,566ms
[2435,979s][info][gc] GC(6538) Pause Young (G1 Evacuation Pause) 476M->128M(594M) 1,815ms
[2436,380s][info][gc] GC(6539) Pause Young (G1 Evacuation Pause) 475M->127M(594M) 2,681ms
[2436,757s][info][gc] GC(6540) Pause Young (G1 Evacuation Pause) 475M->128M(594M) 2,217ms
[2437,152s][info][gc] GC(6541) Pause Young (G1 Evacuation Pause) 476M->128M(594M) 1,773ms
[2437,541s][info][gc] GC(6542) Pause Young (G1 Evacuation Pause) 476M->128M(594M) 1,784ms
[2437,917s][info][gc] GC(6543) Pause Young (G1 Evacuation Pause) 476M->128M(594M) 1,693ms
[2438,303s][info][gc] GC(6544) Pause Young (G1 Evacuation Pause) 475M->127M(594M) 5,410ms
[2438,718s][info][gc] GC(6545) Pause Young (G1 Evacuation Pause) 476M->128M(594M) 4,124ms
[2439,131s][info][gc] GC(6546) Pause Young (G1 Evacuation Pause) 475M->128M(594M) 2,659ms
[2439,541s][info][gc] GC(6547) Pause Young (G1 Evacuation Pause) 476M->128M(594M) 2,745ms
[2439,958s][info][gc] GC(6548) Pause Young (G1 Evacuation Pause) 476M->128M(594M) 2,658ms
[2440,383s][info][gc] GC(6549) Pause Young (G1 Evacuation Pause) 476M->128M(594M) 2,659ms
[2440,798s][info][gc] GC(6550) Pause Young (G1 Evacuation Pause) 476M->128M(594M) 3,474ms
[2441,175s][info][gc] GC(6551) Pause Young (G1 Evacuation Pause) 476M->128M(594M) 2,067ms
[2441,583s][info][gc] GC(6552) Pause Young (G1 Evacuation Pause) 475M->128M(594M) 2,599ms
[2441,960s][info][gc] GC(6553) Pause Young (G1 Evacuation Pause) 476M->128M(594M) 1,784ms
[2442,363s][info][gc] GC(6554) Pause Young (G1 Evacuation Pause) 476M->128M(594M) 3,650ms
[2442,798s][info][gc] GC(6555) Pause Young (G1 Evacuation Pause) 476M->128M(594M) 3,520ms
[2443,208s][info][gc] GC(6556) Pause Young (G1 Evacuation Pause) 476M->128M(594M) 2,740ms
[2443,623s][info][gc] GC(6557) Pause Young (G1 Evacuation Pause) 475M->127M(594M) 2,549ms
[2444,034s][info][gc] GC(6558) Pause Young (G1 Evacuation Pause) 475M->128M(594M) 2,651ms
[2444,448s][info][gc] GC(6559) Pause Young (G1 Evacuation Pause) 476M->128M(594M) 2,635ms
[2444,864s][info][gc] GC(6560) Pause Young (G1 Evacuation Pause) 476M->128M(594M) 2,874ms
[2445,243s][info][gc] GC(6561) Pause Young (G1 Evacuation Pause) 476M->128M(594M) 2,309ms
[2445,660s][info][gc] GC(6562) Pause Young (G1 Evacuation Pause) 475M->127M(594M) 2,756ms
[2446,049s][info][gc] GC(6563) Pause Young (G1 Evacuation Pause) 475M->127M(594M) 1,658ms
[2446,443s][info][gc] GC(6564) Pause Young (G1 Evacuation Pause) 475M->128M(594M) 1,761ms
[2446,861s][info][gc] GC(6565) Pause Young (G1 Evacuation Pause) 476M->127M(594M) 3,618ms
[2447,240s][info][gc] GC(6566) Pause Young (G1 Evacuation Pause) 475M->128M(594M) 2,068ms
[2447,656s][info][gc] GC(6567) Pause Young (G1 Evacuation Pause) 476M->128M(594M) 2,832ms
[2448,074s][info][gc] GC(6568) Pause Young (G1 Evacuation Pause) 476M->129M(594M) 2,625ms
[2448,496s][info][gc] GC(6569) Pause Young (G1 Evacuation Pause) 476M->128M(594M) 2,657ms
[2448,873s][info][gc] GC(6570) Pause Young (G1 Evacuation Pause) 476M->128M(594M) 2,223ms
[2449,279s][info][gc] GC(6571) Pause Young (G1 Evacuation Pause) 476M->128M(594M) 2,736ms
[2449,673s][info][gc] GC(6572) Pause Young (G1 Evacuation Pause) 476M->129M(594M) 1,806ms
[2450,075s][info][gc] GC(6573) Pause Young (G1 Evacuation Pause) 476M->128M(594M) 1,536ms
[2450,483s][info][gc] GC(6574) Pause Young (G1 Evacuation Pause) 476M->128M(594M) 2,096ms
[2450,872s][info][gc] GC(6575) Pause Young (G1 Evacuation Pause) 476M->128M(594M) 1,629ms
[2451,249s][info][gc] GC(6576) Pause Young (G1 Evacuation Pause) 476M->128M(594M) 1,755ms
[2451,668s][info][gc] GC(6577) Pause Young (G1 Evacuation Pause) 476M->129M(594M) 2,616ms
[2452,079s][info][gc] GC(6578) Pause Young (G1 Evacuation Pause) 476M->127M(594M) 4,155ms
[2452,480s][info][gc] GC(6579) Pause Young (G1 Evacuation Pause) 476M->128M(594M) 2,037ms
[2452,857s][info][gc] GC(6580) Pause Young (G1 Evacuation Pause) 476M->129M(594M) 2,601ms
[2453,233s][info][gc] GC(6581) Pause Young (G1 Evacuation Pause) 476M->128M(594M) 2,584ms
[2453,644s][info][gc] GC(6582) Pause Young (G1 Evacuation Pause) 476M->128M(594M) 1,917ms
[2454,042s][info][gc] GC(6583) Pause Young (G1 Evacuation Pause) 476M->128M(594M) 2,654ms
[2454,432s][info][gc] GC(6584) Pause Young (G1 Evacuation Pause) 476M->128M(594M) 1,749ms
[2454,820s][info][gc] GC(6585) Pause Young (G1 Evacuation Pause) 476M->129M(594M) 2,594ms
[2455,196s][info][gc] GC(6586) Pause Young (G1 Evacuation Pause) 476M->127M(594M) 2,016ms
[2455,607s][info][gc] GC(6587) Pause Young (G1 Evacuation Pause) 476M->129M(594M) 2,799ms
[2456,000s][info][gc] GC(6588) Pause Young (G1 Evacuation Pause) 476M->128M(594M) 1,737ms
[2456,396s][info][gc] GC(6589) Pause Young (G1 Evacuation Pause) 476M->128M(594M) 4,416ms
[2456,773s][info][gc] GC(6590) Pause Young (G1 Evacuation Pause) 476M->128M(594M) 2,386ms
[2457,149s][info][gc] GC(6591) Pause Young (G1 Evacuation Pause) 476M->129M(594M) 2,228ms
[2457,561s][info][gc] GC(6592) Pause Young (G1 Evacuation Pause) 476M->128M(594M) 2,577ms
[2457,965s][info][gc] GC(6593) Pause Young (G1 Evacuation Pause) 476M->127M(594M) 2,632ms
[2458,352s][info][gc] GC(6594) Pause Young (G1 Evacuation Pause) 476M->129M(594M) 1,908ms
[2458,728s][info][gc] GC(6595) Pause Young (G1 Evacuation Pause) 476M->128M(594M) 1,713ms
[2459,105s][info][gc] GC(6596) Pause Young (G1 Evacuation Pause) 476M->128M(594M) 2,682ms
[2459,509s][info][gc] GC(6597) Pause Young (G1 Evacuation Pause) 476M->129M(594M) 2,794ms
[2459,923s][info][gc] GC(6598) Pause Young (G1 Evacuation Pause) 476M->128M(594M) 2,727ms
[2460,336s][info][gc] GC(6599) Pause Young (G1 Evacuation Pause) 476M->128M(594M) 1,841ms
[2460,712s][info][gc] GC(6600) Pause Young (G1 Evacuation Pause) 476M->128M(594M) 1,874ms
[2461,097s][info][gc] GC(6601) Pause Young (G1 Evacuation Pause) 476M->128M(594M) 1,769ms
[2461,473s][info][gc] GC(6602) Pause Young (G1 Evacuation Pause) 476M->129M(594M) 2,458ms
[2461,850s][info][gc] GC(6603) Pause Young (G1 Evacuation Pause) 477M->129M(594M) 1,719ms
[2462,232s][info][gc] GC(6604) Pause Young (G1 Evacuation Pause) 476M->128M(594M) 1,670ms
[2462,608s][info][gc] GC(6605) Pause Young (G1 Evacuation Pause) 476M->128M(594M) 1,731ms
[2462,985s][info][gc] GC(6606) Pause Young (G1 Evacuation Pause) 476M->128M(594M) 1,859ms
[2463,380s][info][gc] GC(6607) Pause Young (G1 Evacuation Pause) 476M->129M(594M) 2,643ms
[2463,787s][info][gc] GC(6608) Pause Young (G1 Evacuation Pause) 477M->129M(594M) 2,009ms
[2464,163s][info][gc] GC(6609) Pause Young (G1 Evacuation Pause) 477M->129M(594M) 1,729ms
[2464,539s][info][gc] GC(6610) Pause Young (G1 Evacuation Pause) 476M->128M(594M) 1,705ms
[2464,928s][info][gc] GC(6611) Pause Young (G1 Evacuation Pause) 477M->129M(594M) 2,049ms
[2465,319s][info][gc] GC(6612) Pause Young (G1 Evacuation Pause) 476M->128M(594M) 6,113ms
[2465,750s][info][gc] GC(6613) Pause Young (G1 Evacuation Pause) 476M->129M(594M) 2,594ms
[2466,144s][info][gc] GC(6614) Pause Young (G1 Evacuation Pause) 477M->128M(594M) 1,540ms
[2466,520s][info][gc] GC(6615) Pause Young (G1 Evacuation Pause) 476M->128M(594M) 1,714ms
[2466,896s][info][gc] GC(6616) Pause Young (G1 Evacuation Pause) 476M->128M(594M) 1,597ms
[2467,280s][info][gc] GC(6617) Pause Young (G1 Evacuation Pause) 476M->129M(594M) 6,329ms
[2467,695s][info][gc] GC(6618) Pause Young (G1 Evacuation Pause) 477M->129M(594M) 2,865ms
[2468,106s][info][gc] GC(6619) Pause Young (G1 Evacuation Pause) 476M->128M(594M) 2,749ms
[2468,515s][info][gc] GC(6620) Pause Young (G1 Evacuation Pause) 476M->129M(594M) 2,248ms
[2468,921s][info][gc] GC(6621) Pause Young (G1 Evacuation Pause) 477M->129M(594M) 4,193ms
[2469,299s][info][gc] GC(6622) Pause Young (G1 Evacuation Pause) 477M->129M(594M) 3,456ms
[2469,711s][info][gc] GC(6623) Pause Young (G1 Evacuation Pause) 477M->129M(594M) 2,635ms
[2470,115s][info][gc] GC(6624) Pause Young (G1 Evacuation Pause) 477M->129M(594M) 2,145ms
[2470,491s][info][gc] GC(6625) Pause Young (G1 Evacuation Pause) 476M->128M(594M) 1,693ms
[2470,868s][info][gc] GC(6626) Pause Young (G1 Evacuation Pause) 477M->129M(594M) 1,881ms
[2471,247s][info][gc] GC(6627) Pause Young (G1 Evacuation Pause) 476M->129M(594M) 2,375ms
[2471,662s][info][gc] GC(6628) Pause Young (G1 Evacuation Pause) 477M->129M(594M) 2,638ms
[2472,079s][info][gc] GC(6629) Pause Young (G1 Evacuation Pause) 477M->129M(594M) 2,758ms
[2472,498s][info][gc] GC(6630) Pause Young (G1 Evacuation Pause) 476M->128M(594M) 4,591ms
[2472,901s][info][gc] GC(6631) Pause Young (G1 Evacuation Pause) 477M->129M(594M) 2,437ms
[2473,283s][info][gc] GC(6632) Pause Young (G1 Evacuation Pause) 476M->128M(594M) 5,224ms
[2473,694s][info][gc] GC(6633) Pause Young (G1 Evacuation Pause) 476M->128M(594M) 2,565ms
[2474,081s][info][gc] GC(6634) Pause Young (G1 Evacuation Pause) 476M->129M(594M) 1,781ms
[2474,469s][info][gc] GC(6635) Pause Young (G1 Evacuation Pause) 477M->129M(594M) 1,710ms
[2474,878s][info][gc] GC(6636) Pause Young (G1 Evacuation Pause) 477M->129M(594M) 2,871ms
[2475,263s][info][gc] GC(6637) Pause Young (G1 Evacuation Pause) 476M->128M(594M) 1,718ms
[2475,683s][info][gc] GC(6638) Pause Young (G1 Evacuation Pause) 476M->128M(594M) 3,833ms
[2476,059s][info][gc] GC(6639) Pause Young (G1 Evacuation Pause) 476M->128M(594M) 1,736ms
[2476,435s][info][gc] GC(6640) Pause Young (G1 Evacuation Pause) 476M->129M(594M) 1,687ms
[2476,824s][info][gc] GC(6641) Pause Young (G1 Evacuation Pause) 477M->129M(594M) 2,754ms
[2477,200s][info][gc] GC(6642) Pause Young (G1 Evacuation Pause) 476M->128M(594M) 1,979ms
[2477,576s][info][gc] GC(6643) Pause Young (G1 Evacuation Pause) 476M->128M(594M) 1,768ms
[2477,972s][info][gc] GC(6644) Pause Young (G1 Evacuation Pause) 476M->129M(594M) 1,833ms
[2478,369s][info][gc] GC(6645) Pause Young (G1 Evacuation Pause) 477M->129M(594M) 1,799ms
[2478,769s][info][gc] GC(6646) Pause Young (G1 Evacuation Pause) 477M->129M(594M) 2,594ms
[2479,180s][info][gc] GC(6647) Pause Young (G1 Evacuation Pause) 477M->129M(594M) 2,662ms
[2479,598s][info][gc] GC(6648) Pause Young (G1 Evacuation Pause) 477M->129M(594M) 2,832ms
[2480,015s][info][gc] GC(6649) Pause Young (G1 Evacuation Pause) 477M->130M(594M) 2,863ms
[2480,394s][info][gc] GC(6650) Pause Young (G1 Evacuation Pause) 477M->129M(594M) 1,672ms
[2480,777s][info][gc] GC(6651) Pause Young (G1 Evacuation Pause) 477M->129M(594M) 6,182ms
[2481,162s][info][gc] GC(6652) Pause Young (G1 Evacuation Pause) 477M->130M(594M) 1,844ms
[2481,538s][info][gc] GC(6653) Pause Young (G1 Evacuation Pause) 477M->129M(594M) 1,773ms
[2481,942s][info][gc] GC(6654) Pause Young (G1 Evacuation Pause) 477M->129M(594M) 3,613ms
[2482,333s][info][gc] GC(6655) Pause Young (G1 Evacuation Pause) 477M->129M(594M) 1,787ms
[2482,731s][info][gc] GC(6656) Pause Young (G1 Evacuation Pause) 477M->129M(594M) 2,618ms
[2483,144s][info][gc] GC(6657) Pause Young (G1 Evacuation Pause) 477M->129M(594M) 3,020ms
[2483,557s][info][gc] GC(6658) Pause Young (G1 Evacuation Pause) 477M->129M(594M) 2,645ms
[2483,974s][info][gc] GC(6659) Pause Young (G1 Evacuation Pause) 477M->129M(594M) 2,644ms
[2484,392s][info][gc] GC(6660) Pause Young (G1 Evacuation Pause) 477M->130M(594M) 2,721ms
[2484,769s][info][gc] GC(6661) Pause Young (G1 Evacuation Pause) 477M->129M(594M) 2,559ms
[2485,151s][info][gc] GC(6662) Pause Young (G1 Evacuation Pause) 477M->129M(594M) 2,825ms
[2485,573s][info][gc] GC(6663) Pause Young (G1 Evacuation Pause) 477M->129M(594M) 2,780ms
[2485,974s][info][gc] GC(6664) Pause Young (G1 Evacuation Pause) 477M->129M(594M) 1,840ms
[2486,394s][info][gc] GC(6665) Pause Young (G1 Evacuation Pause) 477M->129M(594M) 1,630ms
[2486,777s][info][gc] GC(6666) Pause Young (G1 Evacuation Pause) 477M->130M(594M) 6,229ms
[2487,167s][info][gc] GC(6667) Pause Young (G1 Evacuation Pause) 477M->129M(594M) 1,678ms
[2487,585s][info][gc] GC(6668) Pause Young (G1 Evacuation Pause) 477M->129M(594M) 3,588ms
[2488,001s][info][gc] GC(6669) Pause Young (G1 Evacuation Pause) 477M->129M(594M) 2,690ms
[2488,378s][info][gc] GC(6670) Pause Young (G1 Evacuation Pause) 477M->129M(594M) 2,489ms
[2488,754s][info][gc] GC(6671) Pause Young (G1 Evacuation Pause) 477M->129M(594M) 1,879ms
[2489,131s][info][gc] GC(6672) Pause Young (G1 Evacuation Pause) 477M->130M(594M) 2,995ms
[2489,507s][info][gc] GC(6673) Pause Young (G1 Evacuation Pause) 477M->128M(594M) 1,817ms
[2489,901s][info][gc] GC(6674) Pause Young (G1 Evacuation Pause) 477M->131M(594M) 2,865ms
[2490,284s][info][gc] GC(6675) Pause Young (G1 Evacuation Pause) 478M->129M(594M) 1,606ms
[2490,694s][info][gc] GC(6676) Pause Young (G1 Evacuation Pause) 477M->129M(594M) 2,781ms
[2491,090s][info][gc] GC(6677) Pause Young (G1 Evacuation Pause) 477M->130M(594M) 1,692ms
[2491,491s][info][gc] GC(6678) Pause Young (G1 Evacuation Pause) 478M->130M(594M) 2,788ms
[2491,892s][info][gc] GC(6679) Pause Young (G1 Evacuation Pause) 478M->130M(594M) 1,851ms
[2492,268s][info][gc] GC(6680) Pause Young (G1 Evacuation Pause) 477M->129M(594M) 1,947ms
[2492,676s][info][gc] GC(6681) Pause Young (G1 Evacuation Pause) 477M->130M(594M) 1,769ms
[2493,083s][info][gc] GC(6682) Pause Young (G1 Evacuation Pause) 478M->130M(594M) 2,946ms
[2493,482s][info][gc] GC(6683) Pause Young (G1 Evacuation Pause) 478M->130M(594M) 2,767ms
[2493,868s][info][gc] GC(6684) Pause Young (G1 Evacuation Pause) 477M->129M(594M) 2,093ms
[2494,253s][info][gc] GC(6685) Pause Young (G1 Evacuation Pause) 477M->129M(594M) 3,434ms
[2494,651s][info][gc] GC(6686) Pause Young (G1 Evacuation Pause) 477M->130M(594M) 1,781ms
[2495,057s][info][gc] GC(6687) Pause Young (G1 Evacuation Pause) 478M->130M(594M) 3,409ms
[2495,467s][info][gc] GC(6688) Pause Young (G1 Evacuation Pause) 478M->130M(594M) 1,801ms
[2495,854s][info][gc] GC(6689) Pause Young (G1 Evacuation Pause) 478M->130M(594M) 1,699ms
[2496,230s][info][gc] GC(6690) Pause Young (G1 Evacuation Pause) 477M->129M(594M) 1,950ms
[2496,646s][info][gc] GC(6691) Pause Young (G1 Evacuation Pause) 477M->129M(594M) 2,299ms
[2497,064s][info][gc] GC(6692) Pause Young (G1 Evacuation Pause) 477M->129M(594M) 2,995ms
[2497,479s][info][gc] GC(6693) Pause Young (G1 Evacuation Pause) 477M->129M(594M) 2,693ms
[2497,856s][info][gc] GC(6694) Pause Young (G1 Evacuation Pause) 477M->130M(594M) 2,134ms
[2498,237s][info][gc] GC(6695) Pause Young (G1 Evacuation Pause) 478M->130M(594M) 1,852ms
[2498,630s][info][gc] GC(6696) Pause Young (G1 Evacuation Pause) 477M->129M(594M) 1,760ms
[2499,006s][info][gc] GC(6697) Pause Young (G1 Evacuation Pause) 477M->129M(594M) 2,376ms
[2499,395s][info][gc] GC(6698) Pause Young (G1 Evacuation Pause) 477M->130M(594M) 2,144ms
[2499,779s][info][gc] GC(6699) Pause Young (G1 Evacuation Pause) 478M->130M(594M) 6,317ms
[2500,192s][info][gc] GC(6700) Pause Young (G1 Evacuation Pause) 478M->130M(594M) 2,882ms
[2500,610s][info][gc] GC(6701) Pause Young (G1 Evacuation Pause) 478M->130M(594M) 2,685ms
[2500,998s][info][gc] GC(6702) Pause Young (G1 Evacuation Pause) 477M->129M(594M) 1,945ms
[2501,396s][info][gc] GC(6703) Pause Young (G1 Evacuation Pause) 478M->131M(594M) 3,901ms
[2501,814s][info][gc] GC(6704) Pause Young (G1 Evacuation Pause) 478M->130M(594M) 2,597ms
[2502,191s][info][gc] GC(6705) Pause Young (G1 Evacuation Pause) 478M->130M(594M) 1,644ms
[2502,581s][info][gc] GC(6706) Pause Young (G1 Evacuation Pause) 478M->130M(594M) 1,636ms
[2502,984s][info][gc] GC(6707) Pause Young (G1 Evacuation Pause) 478M->130M(594M) 1,757ms
[2503,378s][info][gc] GC(6708) Pause Young (G1 Evacuation Pause) 477M->129M(594M) 2,468ms
[2503,789s][info][gc] GC(6709) Pause Young (G1 Evacuation Pause) 477M->129M(594M) 2,274ms
[2504,165s][info][gc] GC(6710) Pause Young (G1 Evacuation Pause) 477M->130M(594M) 1,723ms
[2504,542s][info][gc] GC(6711) Pause Young (G1 Evacuation Pause) 478M->130M(594M) 1,942ms
[2504,941s][info][gc] GC(6712) Pause Young (G1 Evacuation Pause) 478M->130M(594M) 2,696ms
[2505,340s][info][gc] GC(6713) Pause Young (G1 Evacuation Pause) 477M->130M(594M) 2,032ms
[2505,716s][info][gc] GC(6714) Pause Young (G1 Evacuation Pause) 478M->130M(594M) 2,162ms
[2506,103s][info][gc] GC(6715) Pause Young (G1 Evacuation Pause) 478M->130M(594M) 1,706ms
[2506,493s][info][gc] GC(6716) Pause Young (G1 Evacuation Pause) 478M->130M(594M) 2,154ms
[2506,871s][info][gc] GC(6717) Pause Young (G1 Evacuation Pause) 478M->130M(594M) 2,345ms
[2507,247s][info][gc] GC(6718) Pause Young (G1 Evacuation Pause) 478M->130M(594M) 2,153ms
[2507,640s][info][gc] GC(6719) Pause Young (G1 Evacuation Pause) 478M->130M(594M) 2,733ms
[2508,046s][info][gc] GC(6720) Pause Young (G1 Evacuation Pause) 478M->131M(594M) 2,814ms
[2508,464s][info][gc] GC(6721) Pause Young (G1 Evacuation Pause) 478M->130M(594M) 2,598ms
[2508,843s][info][gc] GC(6722) Pause Young (G1 Evacuation Pause) 478M->130M(594M) 1,762ms
[2509,226s][info][gc] GC(6723) Pause Young (G1 Evacuation Pause) 478M->130M(594M) 3,317ms
[2509,616s][info][gc] GC(6724) Pause Young (G1 Evacuation Pause) 478M->130M(594M) 2,132ms
[2509,995s][info][gc] GC(6725) Pause Young (G1 Evacuation Pause) 478M->131M(594M) 1,735ms
[2510,377s][info][gc] GC(6726) Pause Young (G1 Evacuation Pause) 478M->129M(594M) 2,644ms
[2510,757s][info][gc] GC(6727) Pause Young (G1 Evacuation Pause) 478M->131M(594M) 1,800ms
[2511,145s][info][gc] GC(6728) Pause Young (G1 Evacuation Pause) 478M->130M(594M) 6,098ms
[2511,539s][info][gc] GC(6729) Pause Young (G1 Evacuation Pause) 478M->130M(594M) 2,134ms
[2511,945s][info][gc] GC(6730) Pause Young (G1 Evacuation Pause) 478M->131M(594M) 2,749ms
[2512,361s][info][gc] GC(6731) Pause Young (G1 Evacuation Pause) 478M->130M(594M) 2,642ms
[2512,756s][info][gc] GC(6732) Pause Young (G1 Evacuation Pause) 478M->130M(594M) 1,783ms
[2513,133s][info][gc] GC(6733) Pause Young (G1 Evacuation Pause) 478M->130M(594M) 2,659ms
[2513,539s][info][gc] GC(6734) Pause Young (G1 Evacuation Pause) 478M->130M(594M) 3,383ms
[2513,930s][info][gc] GC(6735) Pause Young (G1 Evacuation Pause) 478M->130M(594M) 1,675ms
[2514,306s][info][gc] GC(6736) Pause Young (G1 Evacuation Pause) 478M->131M(594M) 1,751ms
[2514,681s][info][gc] GC(6737) Pause Young (G1 Evacuation Pause) 478M->130M(594M) 1,572ms
[2515,090s][info][gc] GC(6738) Pause Young (G1 Evacuation Pause) 478M->130M(594M) 2,452ms
[2515,494s][info][gc] GC(6739) Pause Young (G1 Evacuation Pause) 478M->130M(594M) 2,830ms
[2515,904s][info][gc] GC(6740) Pause Young (G1 Evacuation Pause) 478M->130M(594M) 1,735ms
[2516,289s][info][gc] GC(6741) Pause Young (G1 Evacuation Pause) 478M->130M(594M) 4,311ms
[2516,667s][info][gc] GC(6742) Pause Young (G1 Evacuation Pause) 478M->130M(594M) 2,175ms
[2517,090s][info][gc] GC(6743) Pause Young (G1 Evacuation Pause) 478M->131M(594M) 3,807ms
[2517,501s][info][gc] GC(6744) Pause Young (G1 Evacuation Pause) 478M->130M(594M) 2,709ms
[2517,923s][info][gc] GC(6745) Pause Young (G1 Evacuation Pause) 478M->130M(594M) 2,598ms
[2518,319s][info][gc] GC(6746) Pause Young (G1 Evacuation Pause) 478M->130M(594M) 2,619ms
[2518,696s][info][gc] GC(6747) Pause Young (G1 Evacuation Pause) 478M->130M(594M) 2,757ms
[2519,112s][info][gc] GC(6748) Pause Young (G1 Evacuation Pause) 478M->131M(594M) 2,658ms
[2519,527s][info][gc] GC(6749) Pause Young (G1 Evacuation Pause) 478M->130M(594M) 1,563ms
[2519,926s][info][gc] GC(6750) Pause Young (G1 Evacuation Pause) 478M->130M(594M) 2,905ms
[2520,345s][info][gc] GC(6751) Pause Young (G1 Evacuation Pause) 478M->130M(594M) 2,626ms
[2520,739s][info][gc] GC(6752) Pause Young (G1 Evacuation Pause) 478M->131M(594M) 3,761ms
[2521,123s][info][gc] GC(6753) Pause Young (G1 Evacuation Pause) 479M->131M(594M) 1,793ms
[2521,525s][info][gc] GC(6754) Pause Young (G1 Evacuation Pause) 478M->130M(594M) 2,514ms
[2521,924s][info][gc] GC(6755) Pause Young (G1 Evacuation Pause) 478M->130M(594M) 2,507ms
[2522,309s][info][gc] GC(6756) Pause Young (G1 Evacuation Pause) 478M->130M(594M) 1,719ms
[2522,692s][info][gc] GC(6757) Pause Young (G1 Evacuation Pause) 478M->130M(594M) 1,719ms
[2523,108s][info][gc] GC(6758) Pause Young (G1 Evacuation Pause) 478M->130M(594M) 2,588ms
[2523,496s][info][gc] GC(6759) Pause Young (G1 Evacuation Pause) 478M->130M(594M) 1,881ms
[2523,888s][info][gc] GC(6760) Pause Young (G1 Evacuation Pause) 478M->131M(594M) 2,950ms
[2524,266s][info][gc] GC(6761) Pause Young (G1 Evacuation Pause) 478M->130M(594M) 2,166ms
[2524,683s][info][gc] GC(6762) Pause Young (G1 Evacuation Pause) 478M->130M(594M) 2,722ms
[2525,099s][info][gc] GC(6763) Pause Young (G1 Evacuation Pause) 478M->131M(594M) 2,730ms
[2525,510s][info][gc] GC(6764) Pause Young (G1 Evacuation Pause) 479M->131M(594M) 2,724ms
[2525,919s][info][gc] GC(6765) Pause Young (G1 Evacuation Pause) 479M->131M(594M) 1,845ms
[2526,295s][info][gc] GC(6766) Pause Young (G1 Evacuation Pause) 479M->130M(594M) 2,693ms
[2526,672s][info][gc] GC(6767) Pause Young (G1 Evacuation Pause) 478M->130M(594M) 1,987ms
[2527,083s][info][gc] GC(6768) Pause Young (G1 Evacuation Pause) 478M->131M(594M) 2,747ms
[2527,499s][info][gc] GC(6769) Pause Young (G1 Evacuation Pause) 478M->130M(594M) 2,494ms
[2527,914s][info][gc] GC(6770) Pause Young (G1 Evacuation Pause) 479M->131M(594M) 2,847ms
[2528,292s][info][gc] GC(6771) Pause Young (G1 Evacuation Pause) 478M->130M(594M) 1,783ms
[2528,687s][info][gc] GC(6772) Pause Young (G1 Evacuation Pause) 478M->130M(594M) 2,624ms
[2529,103s][info][gc] GC(6773) Pause Young (G1 Evacuation Pause) 478M->131M(594M) 2,686ms
[2529,485s][info][gc] GC(6774) Pause Young (G1 Evacuation Pause) 479M->131M(594M) 1,831ms
[2529,861s][info][gc] GC(6775) Pause Young (G1 Evacuation Pause) 478M->130M(594M) 1,722ms
[2530,246s][info][gc] GC(6776) Pause Young (G1 Evacuation Pause) 478M->130M(594M) 2,230ms
[2530,623s][info][gc] GC(6777) Pause Young (G1 Evacuation Pause) 478M->131M(594M) 2,131ms
[2531,000s][info][gc] GC(6778) Pause Young (G1 Evacuation Pause) 479M->131M(594M) 1,761ms
[2531,392s][info][gc] GC(6779) Pause Young (G1 Evacuation Pause) 479M->131M(594M) 2,585ms
[2531,793s][info][gc] GC(6780) Pause Young (G1 Evacuation Pause) 479M->131M(594M) 5,081ms
[2532,198s][info][gc] GC(6781) Pause Young (G1 Evacuation Pause) 479M->131M(594M) 2,862ms
[2532,612s][info][gc] GC(6782) Pause Young (G1 Evacuation Pause) 478M->130M(594M) 2,634ms
[2533,013s][info][gc] GC(6783) Pause Young (G1 Evacuation Pause) 478M->131M(594M) 1,812ms
[2533,388s][info][gc] GC(6784) Pause Young (G1 Evacuation Pause) 479M->131M(594M) 1,643ms
[2533,765s][info][gc] GC(6785) Pause Young (G1 Evacuation Pause) 479M->131M(594M) 1,741ms
[2534,141s][info][gc] GC(6786) Pause Young (G1 Evacuation Pause) 479M->131M(594M) 1,957ms
[2534,517s][info][gc] GC(6787) Pause Young (G1 Evacuation Pause) 479M->131M(594M) 1,925ms
[2534,893s][info][gc] GC(6788) Pause Young (G1 Evacuation Pause) 478M->130M(594M) 1,778ms
[2535,275s][info][gc] GC(6789) Pause Young (G1 Evacuation Pause) 478M->131M(594M) 5,663ms
[2535,651s][info][gc] GC(6790) Pause Young (G1 Evacuation Pause) 479M->131M(594M) 1,778ms
[2536,029s][info][gc] GC(6791) Pause Young (G1 Evacuation Pause) 479M->131M(594M) 1,827ms
[2536,424s][info][gc] GC(6792) Pause Young (G1 Evacuation Pause) 479M->131M(594M) 2,836ms
[2536,840s][info][gc] GC(6793) Pause Young (G1 Evacuation Pause) 478M->130M(594M) 3,326ms
[2537,250s][info][gc] GC(6794) Pause Young (G1 Evacuation Pause) 479M->131M(594M) 2,656ms
[2537,672s][info][gc] GC(6795) Pause Young (G1 Evacuation Pause) 478M->131M(594M) 1,715ms
[2538,072s][info][gc] GC(6796) Pause Young (G1 Evacuation Pause) 479M->131M(594M) 1,709ms
[2538,461s][info][gc] GC(6797) Pause Young (G1 Evacuation Pause) 479M->131M(594M) 1,595ms
[2538,850s][info][gc] GC(6798) Pause Young (G1 Evacuation Pause) 479M->131M(594M) 2,689ms
[2539,250s][info][gc] GC(6799) Pause Young (G1 Evacuation Pause) 479M->131M(594M) 1,869ms
[2539,626s][info][gc] GC(6800) Pause Young (G1 Evacuation Pause) 478M->131M(594M) 1,952ms
[2540,003s][info][gc] GC(6801) Pause Young (G1 Evacuation Pause) 479M->130M(594M) 1,734ms
[2540,397s][info][gc] GC(6802) Pause Young (G1 Evacuation Pause) 478M->131M(594M) 2,593ms
[2540,792s][info][gc] GC(6803) Pause Young (G1 Evacuation Pause) 479M->131M(594M) 5,951ms
[2541,170s][info][gc] GC(6804) Pause Young (G1 Evacuation Pause) 479M->132M(594M) 1,898ms
[2541,578s][info][gc] GC(6805) Pause Young (G1 Evacuation Pause) 479M->131M(594M) 2,719ms
[2541,982s][info][gc] GC(6806) Pause Young (G1 Evacuation Pause) 479M->131M(594M) 2,118ms
[2542,370s][info][gc] GC(6807) Pause Young (G1 Evacuation Pause) 479M->131M(594M) 1,691ms
[2542,747s][info][gc] GC(6808) Pause Young (G1 Evacuation Pause) 479M->131M(594M) 1,765ms
[2543,164s][info][gc] GC(6809) Pause Young (G1 Evacuation Pause) 479M->131M(594M) 2,890ms
[2543,569s][info][gc] GC(6810) Pause Young (G1 Evacuation Pause) 479M->131M(594M) 2,167ms
[2543,973s][info][gc] GC(6811) Pause Young (G1 Evacuation Pause) 479M->132M(594M) 2,846ms
[2544,393s][info][gc] GC(6812) Pause Young (G1 Evacuation Pause) 479M->131M(594M) 2,967ms
[2544,771s][info][gc] GC(6813) Pause Young (G1 Evacuation Pause) 479M->131M(594M) 1,712ms
[2545,147s][info][gc] GC(6814) Pause Young (G1 Evacuation Pause) 479M->131M(594M) 1,785ms
[2545,522s][info][gc] GC(6815) Pause Young (G1 Evacuation Pause) 479M->131M(594M) 1,671ms
[2545,899s][info][gc] GC(6816) Pause Young (G1 Evacuation Pause) 479M->132M(594M) 1,885ms
[2546,275s][info][gc] GC(6817) Pause Young (G1 Evacuation Pause) 479M->130M(594M) 2,466ms
[2546,682s][info][gc] GC(6818) Pause Young (G1 Evacuation Pause) 479M->132M(594M) 2,059ms
[2547,058s][info][gc] GC(6819) Pause Young (G1 Evacuation Pause) 479M->131M(594M) 1,835ms
[2547,457s][info][gc] GC(6820) Pause Young (G1 Evacuation Pause) 479M->131M(594M) 2,709ms
[2547,873s][info][gc] GC(6821) Pause Young (G1 Evacuation Pause) 479M->131M(594M) 2,727ms
[2548,290s][info][gc] GC(6822) Pause Young (G1 Evacuation Pause) 479M->132M(594M) 3,647ms
[2548,701s][info][gc] GC(6823) Pause Young (G1 Evacuation Pause) 479M->131M(594M) 2,625ms
[2549,126s][info][gc] GC(6824) Pause Young (G1 Evacuation Pause) 479M->131M(594M) 2,744ms
[2549,542s][info][gc] GC(6825) Pause Young (G1 Evacuation Pause) 479M->131M(594M) 2,732ms
[2549,962s][info][gc] GC(6826) Pause Young (G1 Evacuation Pause) 479M->131M(594M) 3,152ms
[2550,338s][info][gc] GC(6827) Pause Young (G1 Evacuation Pause) 479M->131M(594M) 1,673ms
[2550,732s][info][gc] GC(6828) Pause Young (G1 Evacuation Pause) 479M->132M(594M) 2,404ms
[2551,123s][info][gc] GC(6829) Pause Young (G1 Evacuation Pause) 479M->131M(594M) 3,714ms
[2551,500s][info][gc] GC(6830) Pause Young (G1 Evacuation Pause) 480M->132M(594M) 2,120ms
[2551,895s][info][gc] GC(6831) Pause Young (G1 Evacuation Pause) 479M->131M(594M) 2,582ms
[2552,292s][info][gc] GC(6832) Pause Young (G1 Evacuation Pause) 479M->131M(594M) 5,545ms
[2552,707s][info][gc] GC(6833) Pause Young (G1 Evacuation Pause) 479M->131M(594M) 2,603ms
[2553,124s][info][gc] GC(6834) Pause Young (G1 Evacuation Pause) 479M->131M(594M) 2,674ms
[2553,540s][info][gc] GC(6835) Pause Young (G1 Evacuation Pause) 479M->132M(594M) 2,712ms
[2553,958s][info][gc] GC(6836) Pause Young (G1 Evacuation Pause) 480M->132M(594M) 2,655ms
[2554,360s][info][gc] GC(6837) Pause Young (G1 Evacuation Pause) 479M->131M(594M) 1,811ms
[2554,736s][info][gc] GC(6838) Pause Young (G1 Evacuation Pause) 479M->131M(594M) 1,933ms
[2555,112s][info][gc] GC(6839) Pause Young (G1 Evacuation Pause) 480M->132M(594M) 1,961ms
[2555,488s][info][gc] GC(6840) Pause Young (G1 Evacuation Pause) 479M->131M(594M) 1,750ms
[2555,880s][info][gc] GC(6841) Pause Young (G1 Evacuation Pause) 479M->131M(594M) 1,875ms
[2556,292s][info][gc] GC(6842) Pause Young (G1 Evacuation Pause) 479M->132M(594M) 3,630ms
[2556,690s][info][gc] GC(6843) Pause Young (G1 Evacuation Pause) 479M->131M(594M) 2,091ms
[2557,101s][info][gc] GC(6844) Pause Young (G1 Evacuation Pause) 480M->132M(594M) 3,190ms
[2557,504s][info][gc] GC(6845) Pause Young (G1 Evacuation Pause) 479M->131M(594M) 3,605ms
[2557,897s][info][gc] GC(6846) Pause Young (G1 Evacuation Pause) 479M->131M(594M) 2,913ms
[2558,293s][info][gc] GC(6847) Pause Young (G1 Evacuation Pause) 479M->132M(594M) 5,084ms
[2558,691s][info][gc] GC(6848) Pause Young (G1 Evacuation Pause) 480M->132M(594M) 2,550ms
[2559,101s][info][gc] GC(6849) Pause Young (G1 Evacuation Pause) 480M->132M(594M) 2,735ms
[2559,503s][info][gc] GC(6850) Pause Young (G1 Evacuation Pause) 479M->131M(594M) 3,521ms
[2559,897s][info][gc] GC(6851) Pause Young (G1 Evacuation Pause) 480M->132M(594M) 2,788ms
[2560,316s][info][gc] GC(6852) Pause Young (G1 Evacuation Pause) 479M->132M(594M) 3,566ms
[2560,698s][info][gc] GC(6853) Pause Young (G1 Evacuation Pause) 480M->132M(594M) 2,301ms
[2561,099s][info][gc] GC(6854) Pause Young (G1 Evacuation Pause) 480M->132M(594M) 2,750ms
[2561,499s][info][gc] GC(6855) Pause Young (G1 Evacuation Pause) 480M->132M(594M) 2,807ms
[2561,922s][info][gc] GC(6856) Pause Young (G1 Evacuation Pause) 479M->131M(594M) 5,575ms
[2562,306s][info][gc] GC(6857) Pause Young (G1 Evacuation Pause) 479M->131M(594M) 3,823ms
[2562,723s][info][gc] GC(6858) Pause Young (G1 Evacuation Pause) 479M->132M(594M) 2,624ms
[2563,154s][info][gc] GC(6859) Pause Young (G1 Evacuation Pause) 480M->131M(594M) 3,664ms
[2563,595s][info][gc] GC(6860) Pause Young (G1 Evacuation Pause) 479M->132M(594M) 3,636ms
[2563,981s][info][gc] GC(6861) Pause Young (G1 Evacuation Pause) 480M->132M(594M) 1,710ms
[2564,357s][info][gc] GC(6862) Pause Young (G1 Evacuation Pause) 480M->132M(594M) 1,737ms
[2564,733s][info][gc] GC(6863) Pause Young (G1 Evacuation Pause) 480M->132M(594M) 1,825ms
[2565,109s][info][gc] GC(6864) Pause Young (G1 Evacuation Pause) 479M->131M(594M) 2,491ms
[2565,486s][info][gc] GC(6865) Pause Young (G1 Evacuation Pause) 479M->132M(594M) 1,748ms
[2565,873s][info][gc] GC(6866) Pause Young (G1 Evacuation Pause) 480M->132M(594M) 1,628ms
[2566,257s][info][gc] GC(6867) Pause Young (G1 Evacuation Pause) 480M->132M(594M) 2,353ms
[2566,640s][info][gc] GC(6868) Pause Young (G1 Evacuation Pause) 480M->132M(594M) 2,154ms
[2567,017s][info][gc] GC(6869) Pause Young (G1 Evacuation Pause) 480M->132M(594M) 2,254ms
[2567,424s][info][gc] GC(6870) Pause Young (G1 Evacuation Pause) 480M->132M(594M) 2,806ms
[2567,835s][info][gc] GC(6871) Pause Young (G1 Evacuation Pause) 479M->132M(594M) 2,771ms
[2568,245s][info][gc] GC(6872) Pause Young (G1 Evacuation Pause) 480M->132M(594M) 1,804ms
[2568,622s][info][gc] GC(6873) Pause Young (G1 Evacuation Pause) 480M->131M(594M) 2,822ms
[2569,004s][info][gc] GC(6874) Pause Young (G1 Evacuation Pause) 479M->132M(594M) 2,698ms
[2569,396s][info][gc] GC(6875) Pause Young (G1 Evacuation Pause) 480M->132M(594M) 2,412ms
[2569,772s][info][gc] GC(6876) Pause Young (G1 Evacuation Pause) 479M->132M(594M) 1,938ms
[2570,154s][info][gc] GC(6877) Pause Young (G1 Evacuation Pause) 480M->131M(594M) 1,541ms
[2570,545s][info][gc] GC(6878) Pause Young (G1 Evacuation Pause) 479M->132M(594M) 1,820ms
[2570,932s][info][gc] GC(6879) Pause Young (G1 Evacuation Pause) 480M->132M(594M) 1,706ms
[2571,320s][info][gc] GC(6880) Pause Young (G1 Evacuation Pause) 480M->132M(594M) 3,617ms
[2571,697s][info][gc] GC(6881) Pause Young (G1 Evacuation Pause) 480M->133M(594M) 2,027ms
[2572,114s][info][gc] GC(6882) Pause Young (G1 Evacuation Pause) 480M->132M(594M) 2,723ms
[2572,533s][info][gc] GC(6883) Pause Young (G1 Evacuation Pause) 480M->132M(594M) 2,590ms
[2572,956s][info][gc] GC(6884) Pause Young (G1 Evacuation Pause) 480M->132M(594M) 3,382ms
[2573,352s][info][gc] GC(6885) Pause Young (G1 Evacuation Pause) 480M->132M(594M) 3,120ms
[2573,763s][info][gc] GC(6886) Pause Young (G1 Evacuation Pause) 480M->133M(594M) 2,665ms
[2574,168s][info][gc] GC(6887) Pause Young (G1 Evacuation Pause) 480M->132M(594M) 2,026ms
[2574,564s][info][gc] GC(6888) Pause Young (G1 Evacuation Pause) 480M->132M(594M) 2,102ms
[2574,955s][info][gc] GC(6889) Pause Young (G1 Evacuation Pause) 480M->132M(594M) 2,971ms
[2575,352s][info][gc] GC(6890) Pause Young (G1 Evacuation Pause) 480M->132M(594M) 2,627ms
[2575,763s][info][gc] GC(6891) Pause Young (G1 Evacuation Pause) 480M->132M(594M) 2,596ms
[2576,146s][info][gc] GC(6892) Pause Young (G1 Evacuation Pause) 480M->133M(594M) 1,775ms
[2576,538s][info][gc] GC(6893) Pause Young (G1 Evacuation Pause) 480M->131M(594M) 1,967ms
[2576,936s][info][gc] GC(6894) Pause Young (G1 Evacuation Pause) 480M->133M(594M) 2,877ms
[2577,344s][info][gc] GC(6895) Pause Young (G1 Evacuation Pause) 480M->132M(594M) 1,770ms
[2577,754s][info][gc] GC(6896) Pause Young (G1 Evacuation Pause) 480M->132M(594M) 2,085ms
[2578,155s][info][gc] GC(6897) Pause Young (G1 Evacuation Pause) 480M->132M(594M) 1,612ms
[2578,547s][info][gc] GC(6898) Pause Young (G1 Evacuation Pause) 480M->132M(594M) 1,612ms
[2578,945s][info][gc] GC(6899) Pause Young (G1 Evacuation Pause) 480M->132M(594M) 3,444ms
[2579,357s][info][gc] GC(6900) Pause Young (G1 Evacuation Pause) 480M->133M(594M) 3,357ms
[2579,749s][info][gc] GC(6901) Pause Young (G1 Evacuation Pause) 480M->132M(594M) 1,696ms
[2580,166s][info][gc] GC(6902) Pause Young (G1 Evacuation Pause) 480M->132M(594M) 2,566ms
[2580,577s][info][gc] GC(6903) Pause Young (G1 Evacuation Pause) 480M->132M(594M) 2,759ms
[2580,996s][info][gc] GC(6904) Pause Young (G1 Evacuation Pause) 480M->133M(594M) 2,742ms
[2581,415s][info][gc] GC(6905) Pause Young (G1 Evacuation Pause) 480M->132M(594M) 3,561ms
[2581,838s][info][gc] GC(6906) Pause Young (G1 Evacuation Pause) 480M->132M(594M) 2,562ms
[2582,227s][info][gc] GC(6907) Pause Young (G1 Evacuation Pause) 480M->132M(594M) 1,571ms
[2582,619s][info][gc] GC(6908) Pause Young (G1 Evacuation Pause) 480M->132M(594M) 1,774ms
[2582,995s][info][gc] GC(6909) Pause Young (G1 Evacuation Pause) 480M->133M(594M) 2,114ms
[2583,389s][info][gc] GC(6910) Pause Young (G1 Evacuation Pause) 481M->133M(594M) 2,680ms
[2583,792s][info][gc] GC(6911) Pause Young (G1 Evacuation Pause) 480M->132M(594M) 2,691ms
[2584,203s][info][gc] GC(6912) Pause Young (G1 Evacuation Pause) 480M->132M(594M) 2,675ms
[2584,605s][info][gc] GC(6913) Pause Young (G1 Evacuation Pause) 480M->133M(594M) 2,167ms
[2585,007s][info][gc] GC(6914) Pause Young (G1 Evacuation Pause) 481M->132M(594M) 2,602ms
[2585,389s][info][gc] GC(6915) Pause Young (G1 Evacuation Pause) 480M->133M(594M) 2,633ms
[2585,765s][info][gc] GC(6916) Pause Young (G1 Evacuation Pause) 481M->133M(594M) 1,736ms
[2586,140s][info][gc] GC(6917) Pause Young (G1 Evacuation Pause) 480M->132M(594M) 1,637ms
[2586,538s][info][gc] GC(6918) Pause Young (G1 Evacuation Pause) 480M->132M(594M) 1,808ms
[2586,913s][info][gc] GC(6919) Pause Young (G1 Evacuation Pause) 480M->132M(594M) 1,620ms
[2587,299s][info][gc] GC(6920) Pause Young (G1 Evacuation Pause) 480M->132M(594M) 4,051ms
[2587,675s][info][gc] GC(6921) Pause Young (G1 Evacuation Pause) 480M->133M(594M) 1,784ms
[2588,051s][info][gc] GC(6922) Pause Young (G1 Evacuation Pause) 481M->133M(594M) 1,820ms
[2588,436s][info][gc] GC(6923) Pause Young (G1 Evacuation Pause) 480M->132M(594M) 1,675ms
[2588,825s][info][gc] GC(6924) Pause Young (G1 Evacuation Pause) 480M->132M(594M) 3,561ms
[2589,235s][info][gc] GC(6925) Pause Young (G1 Evacuation Pause) 480M->132M(594M) 2,563ms
[2589,641s][info][gc] GC(6926) Pause Young (G1 Evacuation Pause) 480M->132M(594M) 1,747ms
[2590,043s][info][gc] GC(6927) Pause Young (G1 Evacuation Pause) 480M->133M(594M) 1,744ms
[2590,427s][info][gc] GC(6928) Pause Young (G1 Evacuation Pause) 481M->133M(594M) 1,748ms
[2590,841s][info][gc] GC(6929) Pause Young (G1 Evacuation Pause) 481M->133M(594M) 7,628ms
[2591,217s][info][gc] GC(6930) Pause Young (G1 Evacuation Pause) 481M->133M(594M) 1,818ms
[2591,627s][info][gc] GC(6931) Pause Young (G1 Evacuation Pause) 480M->132M(594M) 2,555ms
[2592,045s][info][gc] GC(6932) Pause Young (G1 Evacuation Pause) 480M->132M(594M) 5,452ms
[2592,453s][info][gc] GC(6933) Pause Young (G1 Evacuation Pause) 480M->133M(594M) 2,720ms
[2592,882s][info][gc] GC(6934) Pause Young (G1 Evacuation Pause) 481M->133M(594M) 11,555ms
[2593,258s][info][gc] GC(6935) Pause Young (G1 Evacuation Pause) 481M->134M(594M) 1,909ms
[2593,650s][info][gc] GC(6936) Pause Young (G1 Evacuation Pause) 481M->133M(594M) 2,660ms
[2594,036s][info][gc] GC(6937) Pause Young (G1 Evacuation Pause) 481M->132M(594M) 4,337ms
[2594,438s][info][gc] GC(6938) Pause Young (G1 Evacuation Pause) 481M->134M(594M) 4,911ms
[2594,856s][info][gc] GC(6939) Pause Young (G1 Evacuation Pause) 481M->133M(594M) 3,380ms
[2595,268s][info][gc] GC(6940) Pause Young (G1 Evacuation Pause) 481M->133M(594M) 4,160ms
[2595,669s][info][gc] GC(6941) Pause Young (G1 Evacuation Pause) 481M->133M(594M) 2,284ms
[2596,059s][info][gc] GC(6942) Pause Young (G1 Evacuation Pause) 480M->132M(594M) 1,691ms
[2596,467s][info][gc] GC(6943) Pause Young (G1 Evacuation Pause) 480M->133M(594M) 3,203ms
[2596,890s][info][gc] GC(6944) Pause Young (G1 Evacuation Pause) 481M->133M(594M) 2,756ms
[2597,284s][info][gc] GC(6945) Pause Young (G1 Evacuation Pause) 481M->133M(594M) 5,860ms
[2597,660s][info][gc] GC(6946) Pause Young (G1 Evacuation Pause) 481M->133M(594M) 1,858ms
[2598,070s][info][gc] GC(6947) Pause Young (G1 Evacuation Pause) 480M->132M(594M) 2,572ms
[2598,489s][info][gc] GC(6948) Pause Young (G1 Evacuation Pause) 480M->132M(594M) 2,757ms
[2598,904s][info][gc] GC(6949) Pause Young (G1 Evacuation Pause) 480M->132M(594M) 3,341ms
[2599,289s][info][gc] GC(6950) Pause Young (G1 Evacuation Pause) 480M->133M(594M) 3,822ms
[2599,700s][info][gc] GC(6951) Pause Young (G1 Evacuation Pause) 481M->133M(594M) 2,826ms
[2600,115s][info][gc] GC(6952) Pause Young (G1 Evacuation Pause) 481M->133M(594M) 2,851ms
[2600,520s][info][gc] GC(6953) Pause Young (G1 Evacuation Pause) 480M->132M(594M) 2,615ms
[2600,899s][info][gc] GC(6954) Pause Young (G1 Evacuation Pause) 481M->133M(594M) 1,862ms
[2601,283s][info][gc] GC(6955) Pause Young (G1 Evacuation Pause) 480M->133M(594M) 4,547ms
[2601,704s][info][gc] GC(6956) Pause Young (G1 Evacuation Pause) 481M->133M(594M) 3,846ms
[2602,118s][info][gc] GC(6957) Pause Young (G1 Evacuation Pause) 481M->134M(594M) 1,797ms
[2602,507s][info][gc] GC(6958) Pause Young (G1 Evacuation Pause) 481M->132M(594M) 2,177ms
[2602,911s][info][gc] GC(6959) Pause Young (G1 Evacuation Pause) 481M->134M(594M) 3,822ms
[2603,301s][info][gc] GC(6960) Pause Young (G1 Evacuation Pause) 481M->133M(594M) 5,596ms
[2603,715s][info][gc] GC(6961) Pause Young (G1 Evacuation Pause) 481M->133M(594M) 1,667ms
[2604,092s][info][gc] GC(6962) Pause Young (G1 Evacuation Pause) 481M->133M(594M) 2,133ms
[2604,498s][info][gc] GC(6963) Pause Young (G1 Evacuation Pause) 481M->133M(594M) 4,044ms
[2604,890s][info][gc] GC(6964) Pause Young (G1 Evacuation Pause) 481M->134M(594M) 2,894ms
[2605,267s][info][gc] GC(6965) Pause Young (G1 Evacuation Pause) 481M->133M(594M) 2,164ms
[2605,672s][info][gc] GC(6966) Pause Young (G1 Evacuation Pause) 481M->133M(594M) 2,593ms
[2606,065s][info][gc] GC(6967) Pause Young (G1 Evacuation Pause) 481M->133M(594M) 1,750ms
[2606,441s][info][gc] GC(6968) Pause Young (G1 Evacuation Pause) 481M->133M(594M) 1,843ms
[2606,818s][info][gc] GC(6969) Pause Young (G1 Evacuation Pause) 481M->133M(594M) 2,820ms
[2607,194s][info][gc] GC(6970) Pause Young (G1 Evacuation Pause) 481M->133M(594M) 1,931ms
[2607,570s][info][gc] GC(6971) Pause Young (G1 Evacuation Pause) 481M->134M(594M) 1,886ms
[2607,969s][info][gc] GC(6972) Pause Young (G1 Evacuation Pause) 481M->133M(594M) 2,110ms
[2608,360s][info][gc] GC(6973) Pause Young (G1 Evacuation Pause) 481M->133M(594M) 2,670ms
[2608,736s][info][gc] GC(6974) Pause Young (G1 Evacuation Pause) 481M->133M(594M) 1,626ms
[2609,156s][info][gc] GC(6975) Pause Young (G1 Evacuation Pause) 481M->134M(594M) 2,668ms
[2609,549s][info][gc] GC(6976) Pause Young (G1 Evacuation Pause) 481M->133M(594M) 2,379ms
[2609,955s][info][gc] GC(6977) Pause Young (G1 Evacuation Pause) 481M->133M(594M) 3,457ms
[2610,343s][info][gc] GC(6978) Pause Young (G1 Evacuation Pause) 481M->133M(594M) 2,091ms
[2610,720s][info][gc] GC(6979) Pause Young (G1 Evacuation Pause) 481M->133M(594M) 1,765ms
[2611,125s][info][gc] GC(6980) Pause Young (G1 Evacuation Pause) 481M->133M(594M) 2,616ms
[2611,541s][info][gc] GC(6981) Pause Young (G1 Evacuation Pause) 481M->134M(594M) 2,711ms
[2611,957s][info][gc] GC(6982) Pause Young (G1 Evacuation Pause) 481M->133M(594M) 2,516ms
[2612,355s][info][gc] GC(6983) Pause Young (G1 Evacuation Pause) 481M->133M(594M) 2,511ms
[2612,732s][info][gc] GC(6984) Pause Young (G1 Evacuation Pause) 481M->133M(594M) 1,766ms
[2613,134s][info][gc] GC(6985) Pause Young (G1 Evacuation Pause) 481M->134M(594M) 2,053ms
[2613,535s][info][gc] GC(6986) Pause Young (G1 Evacuation Pause) 482M->134M(594M) 2,660ms
[2613,931s][info][gc] GC(6987) Pause Young (G1 Evacuation Pause) 482M->133M(594M) 2,526ms
[2614,313s][info][gc] GC(6988) Pause Young (G1 Evacuation Pause) 481M->134M(594M) 1,815ms
[2614,707s][info][gc] GC(6989) Pause Young (G1 Evacuation Pause) 481M->133M(594M) 2,588ms
[2615,098s][info][gc] GC(6990) Pause Young (G1 Evacuation Pause) 481M->133M(594M) 1,763ms
[2615,486s][info][gc] GC(6991) Pause Young (G1 Evacuation Pause) 481M->134M(594M) 3,251ms
[2615,896s][info][gc] GC(6992) Pause Young (G1 Evacuation Pause) 482M->134M(594M) 1,642ms
[2616,273s][info][gc] GC(6993) Pause Young (G1 Evacuation Pause) 482M->134M(594M) 1,852ms
[2616,649s][info][gc] GC(6994) Pause Young (G1 Evacuation Pause) 481M->133M(594M) 1,728ms
[2617,053s][info][gc] GC(6995) Pause Young (G1 Evacuation Pause) 481M->133M(594M) 2,838ms
[2617,463s][info][gc] GC(6996) Pause Young (G1 Evacuation Pause) 481M->133M(594M) 2,657ms
[2617,874s][info][gc] GC(6997) Pause Young (G1 Evacuation Pause) 481M->133M(594M) 2,832ms
[2618,251s][info][gc] GC(6998) Pause Young (G1 Evacuation Pause) 481M->133M(594M) 1,740ms
[2618,637s][info][gc] GC(6999) Pause Young (G1 Evacuation Pause) 481M->134M(594M) 1,814ms
[2619,042s][info][gc] GC(7000) Pause Young (G1 Evacuation Pause) 482M->134M(594M) 2,632ms
[2619,446s][info][gc] GC(7001) Pause Young (G1 Evacuation Pause) 481M->133M(594M) 2,555ms
[2619,856s][info][gc] GC(7002) Pause Young (G1 Evacuation Pause) 481M->133M(594M) 2,529ms
[2620,232s][info][gc] GC(7003) Pause Young (G1 Evacuation Pause) 481M->133M(594M) 1,654ms
[2620,609s][info][gc] GC(7004) Pause Young (G1 Evacuation Pause) 481M->134M(594M) 1,708ms
[2621,006s][info][gc] GC(7005) Pause Young (G1 Evacuation Pause) 481M->133M(594M) 1,607ms
[2621,382s][info][gc] GC(7006) Pause Young (G1 Evacuation Pause) 481M->133M(594M) 1,687ms
[2621,759s][info][gc] GC(7007) Pause Young (G1 Evacuation Pause) 482M->134M(594M) 1,920ms
[2622,172s][info][gc] GC(7008) Pause Young (G1 Evacuation Pause) 481M->133M(594M) 1,585ms
[2622,564s][info][gc] GC(7009) Pause Young (G1 Evacuation Pause) 481M->133M(594M) 2,317ms
[2622,954s][info][gc] GC(7010) Pause Young (G1 Evacuation Pause) 481M->134M(594M) 2,064ms
[2623,348s][info][gc] GC(7011) Pause Young (G1 Evacuation Pause) 481M->133M(594M) 4,778ms
[2623,724s][info][gc] GC(7012) Pause Young (G1 Evacuation Pause) 482M->134M(594M) 1,741ms
[2624,145s][info][gc] GC(7013) Pause Young (G1 Evacuation Pause) 481M->134M(594M) 2,769ms
[2624,547s][info][gc] GC(7014) Pause Young (G1 Evacuation Pause) 482M->133M(594M) 1,773ms
[2624,944s][info][gc] GC(7015) Pause Young (G1 Evacuation Pause) 481M->134M(594M) 2,752ms
[2625,359s][info][gc] GC(7016) Pause Young (G1 Evacuation Pause) 482M->134M(594M) 2,744ms
[2625,736s][info][gc] GC(7017) Pause Young (G1 Evacuation Pause) 481M->133M(594M) 2,350ms
[2626,127s][info][gc] GC(7018) Pause Young (G1 Evacuation Pause) 482M->134M(594M) 1,648ms
[2626,533s][info][gc] GC(7019) Pause Young (G1 Evacuation Pause) 481M->133M(594M) 2,632ms
[2626,949s][info][gc] GC(7020) Pause Young (G1 Evacuation Pause) 481M->134M(594M) 2,632ms
[2627,362s][info][gc] GC(7021) Pause Young (G1 Evacuation Pause) 482M->134M(594M) 2,054ms
[2627,738s][info][gc] GC(7022) Pause Young (G1 Evacuation Pause) 482M->134M(594M) 1,827ms
[2628,114s][info][gc] GC(7023) Pause Young (G1 Evacuation Pause) 482M->134M(594M) 2,570ms
[2628,546s][info][gc] GC(7024) Pause Young (G1 Evacuation Pause) 482M->135M(594M) 3,309ms
[2628,957s][info][gc] GC(7025) Pause Young (G1 Evacuation Pause) 482M->133M(594M) 2,708ms
[2629,375s][info][gc] GC(7026) Pause Young (G1 Evacuation Pause) 481M->134M(594M) 2,676ms
[2629,751s][info][gc] GC(7027) Pause Young (G1 Evacuation Pause) 482M->134M(594M) 2,713ms
[2630,154s][info][gc] GC(7028) Pause Young (G1 Evacuation Pause) 482M->134M(594M) 1,766ms
[2630,551s][info][gc] GC(7029) Pause Young (G1 Evacuation Pause) 482M->134M(594M) 2,180ms
[2630,928s][info][gc] GC(7030) Pause Young (G1 Evacuation Pause) 482M->134M(594M) 1,758ms
[2631,317s][info][gc] GC(7031) Pause Young (G1 Evacuation Pause) 481M->134M(594M) 2,923ms
[2631,730s][info][gc] GC(7032) Pause Young (G1 Evacuation Pause) 482M->134M(594M) 2,702ms
[2632,148s][info][gc] GC(7033) Pause Young (G1 Evacuation Pause) 482M->134M(594M) 2,766ms
[2632,532s][info][gc] GC(7034) Pause Young (G1 Evacuation Pause) 482M->134M(594M) 1,803ms
[2632,908s][info][gc] GC(7035) Pause Young (G1 Evacuation Pause) 482M->135M(594M) 1,839ms
[2633,284s][info][gc] GC(7036) Pause Young (G1 Evacuation Pause) 482M->134M(594M) 1,934ms
[2633,660s][info][gc] GC(7037) Pause Young (G1 Evacuation Pause) 482M->134M(594M) 1,773ms
[2634,063s][info][gc] GC(7038) Pause Young (G1 Evacuation Pause) 482M->134M(594M) 1,775ms
[2634,453s][info][gc] GC(7039) Pause Young (G1 Evacuation Pause) 482M->134M(594M) 1,581ms
[2634,870s][info][gc] GC(7040) Pause Young (G1 Evacuation Pause) 482M->134M(594M) 3,636ms
[2635,263s][info][gc] GC(7041) Pause Young (G1 Evacuation Pause) 482M->134M(594M) 1,745ms
[2635,641s][info][gc] GC(7042) Pause Young (G1 Evacuation Pause) 482M->135M(594M) 1,890ms
[2636,030s][info][gc] GC(7043) Pause Young (G1 Evacuation Pause) 482M->134M(594M) 1,928ms
[2636,406s][info][gc] GC(7044) Pause Young (G1 Evacuation Pause) 482M->134M(594M) 1,964ms
[2636,789s][info][gc] GC(7045) Pause Young (G1 Evacuation Pause) 482M->134M(594M) 6,308ms
[2637,200s][info][gc] GC(7046) Pause Young (G1 Evacuation Pause) 482M->135M(594M) 2,777ms
[2637,593s][info][gc] GC(7047) Pause Young (G1 Evacuation Pause) 482M->134M(594M) 2,063ms
[2637,997s][info][gc] GC(7048) Pause Young (G1 Evacuation Pause) 482M->134M(594M) 2,086ms
[2638,384s][info][gc] GC(7049) Pause Young (G1 Evacuation Pause) 482M->134M(594M) 1,651ms
[2638,810s][info][gc] GC(7050) Pause Young (G1 Evacuation Pause) 482M->134M(594M) 3,438ms
[2639,221s][info][gc] GC(7051) Pause Young (G1 Evacuation Pause) 482M->135M(594M) 2,624ms
[2639,632s][info][gc] GC(7052) Pause Young (G1 Evacuation Pause) 482M->134M(594M) 2,555ms
[2640,052s][info][gc] GC(7053) Pause Young (G1 Evacuation Pause) 482M->133M(594M) 2,623ms
[2640,452s][info][gc] GC(7054) Pause Young (G1 Evacuation Pause) 482M->135M(594M) 2,150ms
[2640,841s][info][gc] GC(7055) Pause Young (G1 Evacuation Pause) 482M->134M(594M) 2,510ms
[2641,217s][info][gc] GC(7056) Pause Young (G1 Evacuation Pause) 482M->134M(594M) 1,803ms
[2641,629s][info][gc] GC(7057) Pause Young (G1 Evacuation Pause) 482M->134M(594M) 2,720ms
[2642,036s][info][gc] GC(7058) Pause Young (G1 Evacuation Pause) 482M->134M(594M) 1,750ms
[2642,424s][info][gc] GC(7059) Pause Young (G1 Evacuation Pause) 482M->135M(594M) 1,985ms
[2642,830s][info][gc] GC(7060) Pause Young (G1 Evacuation Pause) 482M->134M(594M) 2,484ms
[2643,205s][info][gc] GC(7061) Pause Young (G1 Evacuation Pause) 482M->134M(594M) 1,719ms
[2643,623s][info][gc] GC(7062) Pause Young (G1 Evacuation Pause) 482M->134M(594M) 2,825ms
[2644,034s][info][gc] GC(7063) Pause Young (G1 Evacuation Pause) 482M->135M(594M) 2,782ms
[2644,432s][info][gc] GC(7064) Pause Young (G1 Evacuation Pause) 482M->134M(594M) 2,693ms
[2644,848s][info][gc] GC(7065) Pause Young (G1 Evacuation Pause) 482M->134M(594M) 2,706ms
[2645,226s][info][gc] GC(7066) Pause Young (G1 Evacuation Pause) 482M->134M(594M) 1,982ms
[2645,613s][info][gc] GC(7067) Pause Young (G1 Evacuation Pause) 482M->134M(594M) 2,174ms
[2646,029s][info][gc] GC(7068) Pause Young (G1 Evacuation Pause) 482M->134M(594M) 7,141ms
[2646,406s][info][gc] GC(7069) Pause Young (G1 Evacuation Pause) 482M->134M(594M) 1,851ms
[2646,815s][info][gc] GC(7070) Pause Young (G1 Evacuation Pause) 482M->135M(594M) 2,600ms
[2647,192s][info][gc] GC(7071) Pause Young (G1 Evacuation Pause) 482M->134M(594M) 2,564ms
[2647,569s][info][gc] GC(7072) Pause Young (G1 Evacuation Pause) 483M->135M(594M) 1,878ms
[2647,946s][info][gc] GC(7073) Pause Young (G1 Evacuation Pause) 482M->134M(594M) 1,812ms
[2648,348s][info][gc] GC(7074) Pause Young (G1 Evacuation Pause) 482M->135M(594M) 2,783ms
[2648,768s][info][gc] GC(7075) Pause Young (G1 Evacuation Pause) 483M->134M(594M) 5,335ms
[2649,178s][info][gc] GC(7076) Pause Young (G1 Evacuation Pause) 482M->135M(594M) 1,725ms
[2649,562s][info][gc] GC(7077) Pause Young (G1 Evacuation Pause) 482M->134M(594M) 1,730ms
[2649,974s][info][gc] GC(7078) Pause Young (G1 Evacuation Pause) 483M->135M(594M) 2,188ms
[2650,386s][info][gc] GC(7079) Pause Young (G1 Evacuation Pause) 482M->134M(594M) 3,730ms
[2650,791s][info][gc] GC(7080) Pause Young (G1 Evacuation Pause) 483M->135M(594M) 3,575ms
[2651,181s][info][gc] GC(7081) Pause Young (G1 Evacuation Pause) 482M->135M(594M) 1,810ms
[2651,598s][info][gc] GC(7082) Pause Young (G1 Evacuation Pause) 483M->135M(594M) 2,619ms
[2652,014s][info][gc] GC(7083) Pause Young (G1 Evacuation Pause) 483M->134M(594M) 2,639ms
[2652,440s][info][gc] GC(7084) Pause Young (G1 Evacuation Pause) 482M->135M(594M) 2,773ms
[2652,858s][info][gc] GC(7085) Pause Young (G1 Evacuation Pause) 482M->134M(594M) 2,751ms
[2653,236s][info][gc] GC(7086) Pause Young (G1 Evacuation Pause) 482M->135M(594M) 1,747ms
[2653,632s][info][gc] GC(7087) Pause Young (G1 Evacuation Pause) 483M->135M(594M) 2,302ms
[2654,011s][info][gc] GC(7088) Pause Young (G1 Evacuation Pause) 483M->134M(594M) 2,009ms
[2654,386s][info][gc] GC(7089) Pause Young (G1 Evacuation Pause) 482M->134M(594M) 1,682ms
[2654,792s][info][gc] GC(7090) Pause Young (G1 Evacuation Pause) 482M->135M(594M) 5,340ms
[2655,171s][info][gc] GC(7091) Pause Young (G1 Evacuation Pause) 483M->135M(594M) 2,361ms
[2655,599s][info][gc] GC(7092) Pause Young (G1 Evacuation Pause) 482M->134M(594M) 2,698ms
[2655,975s][info][gc] GC(7093) Pause Young (G1 Evacuation Pause) 482M->135M(594M) 1,736ms
[2656,352s][info][gc] GC(7094) Pause Young (G1 Evacuation Pause) 483M->135M(594M) 1,712ms
[2656,777s][info][gc] GC(7095) Pause Young (G1 Evacuation Pause) 483M->135M(594M) 2,799ms
[2657,175s][info][gc] GC(7096) Pause Young (G1 Evacuation Pause) 483M->135M(594M) 2,219ms
[2657,563s][info][gc] GC(7097) Pause Young (G1 Evacuation Pause) 483M->135M(594M) 1,771ms
[2657,939s][info][gc] GC(7098) Pause Young (G1 Evacuation Pause) 482M->134M(594M) 2,320ms
[2658,326s][info][gc] GC(7099) Pause Young (G1 Evacuation Pause) 482M->134M(594M) 3,167ms
[2658,712s][info][gc] GC(7100) Pause Young (G1 Evacuation Pause) 482M->135M(594M) 2,261ms
[2659,089s][info][gc] GC(7101) Pause Young (G1 Evacuation Pause) 483M->135M(594M) 2,247ms
[2659,486s][info][gc] GC(7102) Pause Young (G1 Evacuation Pause) 483M->135M(594M) 1,790ms
[2659,884s][info][gc] GC(7103) Pause Young (G1 Evacuation Pause) 483M->135M(594M) 4,685ms
[2660,261s][info][gc] GC(7104) Pause Young (G1 Evacuation Pause) 483M->136M(594M) 2,368ms
[2660,637s][info][gc] GC(7105) Pause Young (G1 Evacuation Pause) 483M->134M(594M) 1,871ms
[2661,048s][info][gc] GC(7106) Pause Young (G1 Evacuation Pause) 482M->135M(594M) 4,581ms
[2661,473s][info][gc] GC(7107) Pause Young (G1 Evacuation Pause) 483M->135M(594M) 2,184ms
[2661,858s][info][gc] GC(7108) Pause Young (G1 Evacuation Pause) 483M->135M(594M) 1,649ms
[2662,262s][info][gc] GC(7109) Pause Young (G1 Evacuation Pause) 483M->135M(594M) 2,686ms
[2662,652s][info][gc] GC(7110) Pause Young (G1 Evacuation Pause) 482M->134M(594M) 2,217ms
[2663,060s][info][gc] GC(7111) Pause Young (G1 Evacuation Pause) 483M->135M(594M) 1,881ms
[2663,463s][info][gc] GC(7112) Pause Young (G1 Evacuation Pause) 483M->135M(594M) 2,859ms
[2663,888s][info][gc] GC(7113) Pause Young (G1 Evacuation Pause) 483M->136M(594M) 1,965ms
[2664,263s][info][gc] GC(7114) Pause Young (G1 Evacuation Pause) 483M->135M(594M) 1,687ms
[2664,640s][info][gc] GC(7115) Pause Young (G1 Evacuation Pause) 483M->135M(594M) 1,712ms
[2665,050s][info][gc] GC(7116) Pause Young (G1 Evacuation Pause) 483M->135M(594M) 2,537ms
[2665,463s][info][gc] GC(7117) Pause Young (G1 Evacuation Pause) 483M->136M(594M) 2,722ms
[2665,867s][info][gc] GC(7118) Pause Young (G1 Evacuation Pause) 483M->134M(594M) 3,825ms
[2666,274s][info][gc] GC(7119) Pause Young (G1 Evacuation Pause) 483M->136M(594M) 3,782ms
[2666,689s][info][gc] GC(7120) Pause Young (G1 Evacuation Pause) 483M->135M(594M) 1,551ms
[2667,067s][info][gc] GC(7121) Pause Young (G1 Evacuation Pause) 483M->135M(594M) 2,698ms
[2667,443s][info][gc] GC(7122) Pause Young (G1 Evacuation Pause) 483M->135M(594M) 1,685ms
[2667,819s][info][gc] GC(7123) Pause Young (G1 Evacuation Pause) 483M->135M(594M) 1,887ms
[2668,195s][info][gc] GC(7124) Pause Young (G1 Evacuation Pause) 483M->135M(594M) 2,641ms
[2668,612s][info][gc] GC(7125) Pause Young (G1 Evacuation Pause) 483M->135M(594M) 2,622ms
[2668,989s][info][gc] GC(7126) Pause Young (G1 Evacuation Pause) 483M->135M(594M) 1,722ms
[2669,382s][info][gc] GC(7127) Pause Young (G1 Evacuation Pause) 483M->136M(594M) 2,868ms
[2669,800s][info][gc] GC(7128) Pause Young (G1 Evacuation Pause) 483M->135M(594M) 3,410ms
[2670,176s][info][gc] GC(7129) Pause Young (G1 Evacuation Pause) 483M->135M(594M) 1,543ms
[2670,570s][info][gc] GC(7130) Pause Young (G1 Evacuation Pause) 483M->135M(594M) 1,629ms
[2670,962s][info][gc] GC(7131) Pause Young (G1 Evacuation Pause) 483M->135M(594M) 1,892ms
[2671,361s][info][gc] GC(7132) Pause Young (G1 Evacuation Pause) 483M->136M(594M) 3,413ms
[2671,739s][info][gc] GC(7133) Pause Young (G1 Evacuation Pause) 483M->135M(594M) 1,732ms
[2672,159s][info][gc] GC(7134) Pause Young (G1 Evacuation Pause) 483M->135M(594M) 2,556ms
[2672,575s][info][gc] GC(7135) Pause Young (G1 Evacuation Pause) 483M->135M(594M) 2,615ms
[2672,989s][info][gc] GC(7136) Pause Young (G1 Evacuation Pause) 483M->135M(594M) 2,537ms
[2673,397s][info][gc] GC(7137) Pause Young (G1 Evacuation Pause) 483M->135M(594M) 1,804ms
[2673,780s][info][gc] GC(7138) Pause Young (G1 Evacuation Pause) 483M->135M(594M) 6,275ms
[2674,172s][info][gc] GC(7139) Pause Young (G1 Evacuation Pause) 483M->135M(594M) 2,061ms
[2674,566s][info][gc] GC(7140) Pause Young (G1 Evacuation Pause) 483M->136M(594M) 5,334ms
[2674,978s][info][gc] GC(7141) Pause Young (G1 Evacuation Pause) 484M->136M(594M) 2,606ms
[2675,389s][info][gc] GC(7142) Pause Young (G1 Evacuation Pause) 484M->136M(594M) 2,859ms
[2675,790s][info][gc] GC(7143) Pause Young (G1 Evacuation Pause) 483M->135M(594M) 5,851ms
[2676,171s][info][gc] GC(7144) Pause Young (G1 Evacuation Pause) 483M->135M(594M) 4,656ms
[2676,580s][info][gc] GC(7145) Pause Young (G1 Evacuation Pause) 483M->135M(594M) 2,740ms
[2676,986s][info][gc] GC(7146) Pause Young (G1 Evacuation Pause) 483M->136M(594M) 1,623ms
[2677,377s][info][gc] GC(7147) Pause Young (G1 Evacuation Pause) 483M->135M(594M) 2,093ms
[2677,777s][info][gc] GC(7148) Pause Young (G1 Evacuation Pause) 483M->135M(594M) 4,529ms
[2678,189s][info][gc] GC(7149) Pause Young (G1 Evacuation Pause) 483M->135M(594M) 3,629ms
[2678,585s][info][gc] GC(7150) Pause Young (G1 Evacuation Pause) 483M->135M(594M) 1,987ms
[2678,977s][info][gc] GC(7151) Pause Young (G1 Evacuation Pause) 483M->135M(594M) 2,703ms
[2679,376s][info][gc] GC(7152) Pause Young (G1 Evacuation Pause) 483M->135M(594M) 2,778ms
[2679,792s][info][gc] GC(7153) Pause Young (G1 Evacuation Pause) 483M->136M(594M) 4,711ms
[2680,168s][info][gc] GC(7154) Pause Young (G1 Evacuation Pause) 484M->136M(594M) 2,252ms
[2680,568s][info][gc] GC(7155) Pause Young (G1 Evacuation Pause) 483M->135M(594M) 2,125ms
[2680,957s][info][gc] GC(7156) Pause Young (G1 Evacuation Pause) 483M->135M(594M) 1,601ms
[2681,334s][info][gc] GC(7157) Pause Young (G1 Evacuation Pause) 483M->135M(594M) 1,758ms
[2681,710s][info][gc] GC(7158) Pause Young (G1 Evacuation Pause) 483M->136M(594M) 1,695ms
[2682,086s][info][gc] GC(7159) Pause Young (G1 Evacuation Pause) 484M->136M(594M) 1,786ms
[2682,477s][info][gc] GC(7160) Pause Young (G1 Evacuation Pause) 484M->136M(594M) 1,705ms
[2682,883s][info][gc] GC(7161) Pause Young (G1 Evacuation Pause) 484M->136M(594M) 4,151ms
[2683,280s][info][gc] GC(7162) Pause Young (G1 Evacuation Pause) 483M->135M(594M) 3,140ms
[2683,684s][info][gc] GC(7163) Pause Young (G1 Evacuation Pause) 484M->137M(594M) 3,059ms
[2684,115s][info][gc] GC(7164) Pause Young (G1 Evacuation Pause) 484M->136M(594M) 2,754ms
[2684,517s][info][gc] GC(7165) Pause Young (G1 Evacuation Pause) 484M->136M(594M) 2,375ms
[2684,912s][info][gc] GC(7166) Pause Young (G1 Evacuation Pause) 484M->137M(594M) 2,704ms
[2685,326s][info][gc] GC(7167) Pause Young (G1 Evacuation Pause) 484M->135M(594M) 2,100ms
[2685,707s][info][gc] GC(7168) Pause Young (G1 Evacuation Pause) 483M->136M(594M) 1,922ms
[2686,101s][info][gc] GC(7169) Pause Young (G1 Evacuation Pause) 484M->136M(594M) 1,763ms
[2686,492s][info][gc] GC(7170) Pause Young (G1 Evacuation Pause) 484M->136M(594M) 1,777ms
[2686,869s][info][gc] GC(7171) Pause Young (G1 Evacuation Pause) 484M->136M(594M) 2,896ms
[2687,267s][info][gc] GC(7172) Pause Young (G1 Evacuation Pause) 484M->136M(594M) 2,623ms
[2687,669s][info][gc] GC(7173) Pause Young (G1 Evacuation Pause) 483M->135M(594M) 2,223ms
[2688,082s][info][gc] GC(7174) Pause Young (G1 Evacuation Pause) 484M->137M(594M) 2,851ms
[2688,504s][info][gc] GC(7175) Pause Young (G1 Evacuation Pause) 484M->136M(594M) 2,838ms
[2688,916s][info][gc] GC(7176) Pause Young (G1 Evacuation Pause) 484M->136M(594M) 2,720ms
[2689,306s][info][gc] GC(7177) Pause Young (G1 Evacuation Pause) 484M->136M(594M) 5,252ms
[2689,683s][info][gc] GC(7178) Pause Young (G1 Evacuation Pause) 483M->136M(594M) 1,810ms
[2690,107s][info][gc] GC(7179) Pause Young (G1 Evacuation Pause) 484M->135M(594M) 2,648ms
[2690,514s][info][gc] GC(7180) Pause Young (G1 Evacuation Pause) 483M->136M(594M) 1,679ms
[2690,912s][info][gc] GC(7181) Pause Young (G1 Evacuation Pause) 484M->135M(594M) 4,036ms
[2691,341s][info][gc] GC(7182) Pause Young (G1 Evacuation Pause) 483M->136M(594M) 2,531ms
[2691,755s][info][gc] GC(7183) Pause Young (G1 Evacuation Pause) 484M->136M(594M) 2,537ms
[2692,170s][info][gc] GC(7184) Pause Young (G1 Evacuation Pause) 484M->136M(594M) 2,585ms
[2692,584s][info][gc] GC(7185) Pause Young (G1 Evacuation Pause) 484M->136M(594M) 2,717ms
[2692,987s][info][gc] GC(7186) Pause Young (G1 Evacuation Pause) 484M->136M(594M) 2,645ms
[2693,398s][info][gc] GC(7187) Pause Young (G1 Evacuation Pause) 484M->137M(594M) 2,674ms
[2693,784s][info][gc] GC(7188) Pause Young (G1 Evacuation Pause) 484M->136M(594M) 6,341ms
[2694,177s][info][gc] GC(7189) Pause Young (G1 Evacuation Pause) 484M->136M(594M) 1,610ms
[2694,592s][info][gc] GC(7190) Pause Young (G1 Evacuation Pause) 484M->136M(594M) 2,631ms
[2695,013s][info][gc] GC(7191) Pause Young (G1 Evacuation Pause) 484M->136M(594M) 2,751ms
[2695,427s][info][gc] GC(7192) Pause Young (G1 Evacuation Pause) 484M->137M(594M) 2,632ms
[2695,849s][info][gc] GC(7193) Pause Young (G1 Evacuation Pause) 484M->136M(594M) 2,137ms
[2696,245s][info][gc] GC(7194) Pause Young (G1 Evacuation Pause) 484M->136M(594M) 1,771ms
[2696,621s][info][gc] GC(7195) Pause Young (G1 Evacuation Pause) 484M->136M(594M) 1,880ms
[2697,037s][info][gc] GC(7196) Pause Young (G1 Evacuation Pause) 484M->136M(594M) 2,159ms
[2697,431s][info][gc] GC(7197) Pause Young (G1 Evacuation Pause) 484M->136M(594M) 3,610ms
[2697,807s][info][gc] GC(7198) Pause Young (G1 Evacuation Pause) 484M->137M(594M) 1,749ms
[2698,210s][info][gc] GC(7199) Pause Young (G1 Evacuation Pause) 484M->135M(594M) 2,500ms
[2698,597s][info][gc] GC(7200) Pause Young (G1 Evacuation Pause) 484M->136M(594M) 1,649ms
[2699,010s][info][gc] GC(7201) Pause Young (G1 Evacuation Pause) 484M->137M(594M) 1,850ms
[2699,415s][info][gc] GC(7202) Pause Young (G1 Evacuation Pause) 484M->136M(594M) 5,696ms
[2699,811s][info][gc] GC(7203) Pause Young (G1 Evacuation Pause) 484M->136M(594M) 2,146ms
[2700,194s][info][gc] GC(7204) Pause Young (G1 Evacuation Pause) 484M->136M(594M) 2,355ms
[2700,621s][info][gc] GC(7205) Pause Young (G1 Evacuation Pause) 484M->136M(594M) 5,337ms
[2701,017s][info][gc] GC(7206) Pause Young (G1 Evacuation Pause) 484M->137M(594M) 1,970ms
[2701,394s][info][gc] GC(7207) Pause Young (G1 Evacuation Pause) 484M->135M(594M) 3,564ms
[2701,780s][info][gc] GC(7208) Pause Young (G1 Evacuation Pause) 484M->137M(594M) 1,716ms
[2702,194s][info][gc] GC(7209) Pause Young (G1 Evacuation Pause) 484M->136M(594M) 2,142ms
[2702,572s][info][gc] GC(7210) Pause Young (G1 Evacuation Pause) 484M->136M(594M) 1,762ms
[2702,960s][info][gc] GC(7211) Pause Young (G1 Evacuation Pause) 484M->136M(594M) 1,673ms
[2703,353s][info][gc] GC(7212) Pause Young (G1 Evacuation Pause) 484M->136M(594M) 2,208ms
[2703,737s][info][gc] GC(7213) Pause Young (G1 Evacuation Pause) 484M->136M(594M) 3,593ms
[2704,129s][info][gc] GC(7214) Pause Young (G1 Evacuation Pause) 484M->137M(594M) 1,880ms
[2704,515s][info][gc] GC(7215) Pause Young (G1 Evacuation Pause) 484M->136M(594M) 1,809ms
[2704,921s][info][gc] GC(7216) Pause Young (G1 Evacuation Pause) 484M->137M(594M) 2,604ms
[2705,320s][info][gc] GC(7217) Pause Young (G1 Evacuation Pause) 485M->136M(594M) 1,680ms
[2705,708s][info][gc] GC(7218) Pause Young (G1 Evacuation Pause) 484M->137M(594M) 1,822ms
[2706,083s][info][gc] GC(7219) Pause Young (G1 Evacuation Pause) 484M->136M(594M) 1,594ms
[2706,467s][info][gc] GC(7220) Pause Young (G1 Evacuation Pause) 484M->136M(594M) 3,000ms
[2706,857s][info][gc] GC(7221) Pause Young (G1 Evacuation Pause) 484M->136M(594M) 2,621ms
[2707,268s][info][gc] GC(7222) Pause Young (G1 Evacuation Pause) 484M->137M(594M) 2,605ms
[2707,658s][info][gc] GC(7223) Pause Young (G1 Evacuation Pause) 485M->136M(594M) 2,554ms
[2708,050s][info][gc] GC(7224) Pause Young (G1 Evacuation Pause) 484M->137M(594M) 2,198ms
[2708,428s][info][gc] GC(7225) Pause Young (G1 Evacuation Pause) 485M->137M(594M) 2,424ms
[2708,816s][info][gc] GC(7226) Pause Young (G1 Evacuation Pause) 484M->136M(594M) 3,007ms
[2709,194s][info][gc] GC(7227) Pause Young (G1 Evacuation Pause) 484M->136M(594M) 2,237ms
[2709,618s][info][gc] GC(7228) Pause Young (G1 Evacuation Pause) 484M->136M(594M) 2,727ms
[2710,024s][info][gc] GC(7229) Pause Young (G1 Evacuation Pause) 484M->136M(594M) 2,710ms
[2710,402s][info][gc] GC(7230) Pause Young (G1 Evacuation Pause) 484M->137M(594M) 1,864ms
[2710,793s][info][gc] GC(7231) Pause Young (G1 Evacuation Pause) 485M->137M(594M) 3,669ms
[2711,169s][info][gc] GC(7232) Pause Young (G1 Evacuation Pause) 484M->136M(594M) 1,735ms
[2711,580s][info][gc] GC(7233) Pause Young (G1 Evacuation Pause) 484M->136M(594M) 3,675ms
[2711,993s][info][gc] GC(7234) Pause Young (G1 Evacuation Pause) 484M->137M(594M) 2,409ms
[2712,381s][info][gc] GC(7235) Pause Young (G1 Evacuation Pause) 485M->137M(594M) 1,800ms
[2712,756s][info][gc] GC(7236) Pause Young (G1 Evacuation Pause) 484M->136M(594M) 1,575ms
[2713,174s][info][gc] GC(7237) Pause Young (G1 Evacuation Pause) 484M->136M(594M) 1,648ms
[2713,550s][info][gc] GC(7238) Pause Young (G1 Evacuation Pause) 484M->136M(594M) 1,687ms
[2713,933s][info][gc] GC(7239) Pause Young (G1 Evacuation Pause) 484M->137M(594M) 1,584ms
[2714,321s][info][gc] GC(7240) Pause Young (G1 Evacuation Pause) 485M->137M(594M) 6,013ms
[2714,698s][info][gc] GC(7241) Pause Young (G1 Evacuation Pause) 485M->137M(594M) 1,633ms
[2715,075s][info][gc] GC(7242) Pause Young (G1 Evacuation Pause) 485M->137M(594M) 1,765ms
[2715,466s][info][gc] GC(7243) Pause Young (G1 Evacuation Pause) 485M->137M(594M) 3,680ms
[2715,842s][info][gc] GC(7244) Pause Young (G1 Evacuation Pause) 485M->137M(594M) 1,706ms
[2716,217s][info][gc] GC(7245) Pause Young (G1 Evacuation Pause) 484M->137M(594M) 1,656ms
[2716,594s][info][gc] GC(7246) Pause Young (G1 Evacuation Pause) 485M->137M(594M) 1,681ms
[2716,969s][info][gc] GC(7247) Pause Young (G1 Evacuation Pause) 485M->137M(594M) 1,686ms
[2717,399s][info][gc] GC(7248) Pause Young (G1 Evacuation Pause) 484M->136M(594M) 2,591ms
[2717,815s][info][gc] GC(7249) Pause Young (G1 Evacuation Pause) 485M->137M(594M) 2,668ms
[2718,191s][info][gc] GC(7250) Pause Young (G1 Evacuation Pause) 484M->136M(594M) 1,719ms
[2718,610s][info][gc] GC(7251) Pause Young (G1 Evacuation Pause) 484M->137M(594M) 2,668ms
[2718,986s][info][gc] GC(7252) Pause Young (G1 Evacuation Pause) 485M->137M(594M) 1,943ms
[2719,376s][info][gc] GC(7253) Pause Young (G1 Evacuation Pause) 485M->137M(594M) 2,786ms
[2719,790s][info][gc] GC(7254) Pause Young (G1 Evacuation Pause) 484M->136M(594M) 3,321ms
[2720,171s][info][gc] GC(7255) Pause Young (G1 Evacuation Pause) 484M->137M(594M) 1,929ms
[2720,549s][info][gc] GC(7256) Pause Young (G1 Evacuation Pause) 485M->136M(594M) 4,022ms
[2720,939s][info][gc] GC(7257) Pause Young (G1 Evacuation Pause) 484M->137M(594M) 1,742ms
[2721,326s][info][gc] GC(7258) Pause Young (G1 Evacuation Pause) 485M->137M(594M) 2,373ms
[2721,702s][info][gc] GC(7259) Pause Young (G1 Evacuation Pause) 485M->137M(594M) 2,319ms
[2722,107s][info][gc] GC(7260) Pause Young (G1 Evacuation Pause) 484M->136M(594M) 1,606ms
[2722,494s][info][gc] GC(7261) Pause Young (G1 Evacuation Pause) 484M->136M(594M) 1,930ms
[2722,927s][info][gc] GC(7262) Pause Young (G1 Evacuation Pause) 484M->136M(594M) 2,722ms
[2723,370s][info][gc] GC(7263) Pause Young (G1 Evacuation Pause) 484M->137M(594M) 3,265ms
[2723,758s][info][gc] GC(7264) Pause Young (G1 Evacuation Pause) 485M->137M(594M) 2,849ms
[2724,139s][info][gc] GC(7265) Pause Young (G1 Evacuation Pause) 485M->137M(594M) 4,005ms
[2724,544s][info][gc] GC(7266) Pause Young (G1 Evacuation Pause) 485M->138M(594M) 2,678ms
[2724,940s][info][gc] GC(7267) Pause Young (G1 Evacuation Pause) 485M->137M(594M) 2,496ms
[2725,327s][info][gc] GC(7268) Pause Young (G1 Evacuation Pause) 485M->137M(594M) 2,588ms
[2725,703s][info][gc] GC(7269) Pause Young (G1 Evacuation Pause) 485M->137M(594M) 1,783ms
[2726,097s][info][gc] GC(7270) Pause Young (G1 Evacuation Pause) 485M->137M(594M) 2,125ms
[2726,499s][info][gc] GC(7271) Pause Young (G1 Evacuation Pause) 485M->137M(594M) 2,484ms
[2726,918s][info][gc] GC(7272) Pause Young (G1 Evacuation Pause) 485M->137M(594M) 2,695ms
[2727,305s][info][gc] GC(7273) Pause Young (G1 Evacuation Pause) 485M->137M(594M) 3,658ms
[2727,683s][info][gc] GC(7274) Pause Young (G1 Evacuation Pause) 485M->137M(594M) 1,925ms
[2728,092s][info][gc] GC(7275) Pause Young (G1 Evacuation Pause) 485M->138M(594M) 2,797ms
[2728,503s][info][gc] GC(7276) Pause Young (G1 Evacuation Pause) 485M->137M(594M) 2,614ms
[2728,898s][info][gc] GC(7277) Pause Young (G1 Evacuation Pause) 485M->137M(594M) 2,205ms
[2729,275s][info][gc] GC(7278) Pause Young (G1 Evacuation Pause) 485M->137M(594M) 1,917ms
[2729,652s][info][gc] GC(7279) Pause Young (G1 Evacuation Pause) 485M->137M(594M) 2,748ms
[2730,035s][info][gc] GC(7280) Pause Young (G1 Evacuation Pause) 485M->137M(594M) 4,782ms
[2730,428s][info][gc] GC(7281) Pause Young (G1 Evacuation Pause) 485M->138M(594M) 2,341ms
[2730,844s][info][gc] GC(7282) Pause Young (G1 Evacuation Pause) 485M->137M(594M) 2,838ms
[2731,266s][info][gc] GC(7283) Pause Young (G1 Evacuation Pause) 485M->137M(594M) 4,982ms
[2731,701s][info][gc] GC(7284) Pause Young (G1 Evacuation Pause) 485M->137M(594M) 5,187ms
[2732,129s][info][gc] GC(7285) Pause Young (G1 Evacuation Pause) 485M->137M(594M) 2,711ms
[2732,535s][info][gc] GC(7286) Pause Young (G1 Evacuation Pause) 485M->137M(594M) 2,643ms
[2732,960s][info][gc] GC(7287) Pause Young (G1 Evacuation Pause) 485M->138M(594M) 2,593ms
[2733,372s][info][gc] GC(7288) Pause Young (G1 Evacuation Pause) 485M->137M(594M) 1,801ms
[2733,806s][info][gc] GC(7289) Pause Young (G1 Evacuation Pause) 485M->137M(594M) 2,736ms
[2734,203s][info][gc] GC(7290) Pause Young (G1 Evacuation Pause) 485M->137M(594M) 1,720ms
[2734,593s][info][gc] GC(7291) Pause Young (G1 Evacuation Pause) 485M->137M(594M) 2,853ms
[2734,983s][info][gc] GC(7292) Pause Young (G1 Evacuation Pause) 485M->137M(594M) 1,854ms
[2735,420s][info][gc] GC(7293) Pause Young (G1 Evacuation Pause) 485M->138M(594M) 1,735ms
[2735,797s][info][gc] GC(7294) Pause Young (G1 Evacuation Pause) 485M->137M(594M) 2,639ms
[2736,204s][info][gc] GC(7295) Pause Young (G1 Evacuation Pause) 486M->138M(594M) 2,344ms
[2736,598s][info][gc] GC(7296) Pause Young (G1 Evacuation Pause) 485M->138M(594M) 2,304ms
[2736,976s][info][gc] GC(7297) Pause Young (G1 Evacuation Pause) 486M->137M(594M) 1,791ms
[2737,352s][info][gc] GC(7298) Pause Young (G1 Evacuation Pause) 485M->138M(594M) 1,814ms
[2737,749s][info][gc] GC(7299) Pause Young (G1 Evacuation Pause) 485M->137M(594M) 2,517ms
[2738,126s][info][gc] GC(7300) Pause Young (G1 Evacuation Pause) 485M->137M(594M) 1,710ms
[2738,513s][info][gc] GC(7301) Pause Young (G1 Evacuation Pause) 485M->137M(594M) 1,690ms
[2738,890s][info][gc] GC(7302) Pause Young (G1 Evacuation Pause) 485M->137M(594M) 1,708ms
[2739,309s][info][gc] GC(7303) Pause Young (G1 Evacuation Pause) 485M->137M(594M) 3,392ms
[2739,722s][info][gc] GC(7304) Pause Young (G1 Evacuation Pause) 485M->138M(594M) 2,705ms
[2740,122s][info][gc] GC(7305) Pause Young (G1 Evacuation Pause) 485M->137M(594M) 1,592ms
[2740,499s][info][gc] GC(7306) Pause Young (G1 Evacuation Pause) 485M->137M(594M) 1,797ms
[2740,906s][info][gc] GC(7307) Pause Young (G1 Evacuation Pause) 485M->137M(594M) 1,656ms
[2741,292s][info][gc] GC(7308) Pause Young (G1 Evacuation Pause) 485M->137M(594M) 1,915ms
[2741,684s][info][gc] GC(7309) Pause Young (G1 Evacuation Pause) 485M->138M(594M) 1,772ms
[2742,071s][info][gc] GC(7310) Pause Young (G1 Evacuation Pause) 486M->138M(594M) 1,856ms
[2742,459s][info][gc] GC(7311) Pause Young (G1 Evacuation Pause) 486M->138M(594M) 1,630ms
[2742,871s][info][gc] GC(7312) Pause Young (G1 Evacuation Pause) 485M->137M(594M) 2,551ms
[2743,268s][info][gc] GC(7313) Pause Young (G1 Evacuation Pause) 486M->138M(594M) 2,142ms
[2743,678s][info][gc] GC(7314) Pause Young (G1 Evacuation Pause) 485M->138M(594M) 1,649ms
[2744,090s][info][gc] GC(7315) Pause Young (G1 Evacuation Pause) 486M->138M(594M) 2,186ms
[2744,477s][info][gc] GC(7316) Pause Young (G1 Evacuation Pause) 486M->138M(594M) 2,208ms
[2744,854s][info][gc] GC(7317) Pause Young (G1 Evacuation Pause) 486M->139M(594M) 1,854ms
[2745,230s][info][gc] GC(7318) Pause Young (G1 Evacuation Pause) 486M->138M(594M) 1,694ms
[2745,641s][info][gc] GC(7319) Pause Young (G1 Evacuation Pause) 486M->137M(594M) 2,581ms
[2746,035s][info][gc] GC(7320) Pause Young (G1 Evacuation Pause) 485M->137M(594M) 2,616ms
[2746,425s][info][gc] GC(7321) Pause Young (G1 Evacuation Pause) 485M->138M(594M) 1,821ms
[2746,801s][info][gc] GC(7322) Pause Young (G1 Evacuation Pause) 486M->138M(594M) 1,817ms
[2747,204s][info][gc] GC(7323) Pause Young (G1 Evacuation Pause) 485M->137M(594M) 2,573ms
[2747,620s][info][gc] GC(7324) Pause Young (G1 Evacuation Pause) 485M->137M(594M) 2,561ms
[2748,032s][info][gc] GC(7325) Pause Young (G1 Evacuation Pause) 485M->138M(594M) 4,447ms
[2748,453s][info][gc] GC(7326) Pause Young (G1 Evacuation Pause) 486M->138M(594M) 3,385ms
[2748,852s][info][gc] GC(7327) Pause Young (G1 Evacuation Pause) 486M->138M(594M) 2,228ms
[2749,231s][info][gc] GC(7328) Pause Young (G1 Evacuation Pause) 486M->138M(594M) 2,318ms
[2749,614s][info][gc] GC(7329) Pause Young (G1 Evacuation Pause) 485M->137M(594M) 1,608ms
[2749,991s][info][gc] GC(7330) Pause Young (G1 Evacuation Pause) 485M->138M(594M) 1,792ms
[2750,381s][info][gc] GC(7331) Pause Young (G1 Evacuation Pause) 486M->137M(594M) 3,026ms
[2750,756s][info][gc] GC(7332) Pause Young (G1 Evacuation Pause) 485M->138M(594M) 1,704ms
[2751,154s][info][gc] GC(7333) Pause Young (G1 Evacuation Pause) 486M->138M(594M) 1,924ms
[2751,530s][info][gc] GC(7334) Pause Young (G1 Evacuation Pause) 486M->138M(594M) 1,968ms
[2751,927s][info][gc] GC(7335) Pause Young (G1 Evacuation Pause) 485M->137M(594M) 2,692ms
[2752,341s][info][gc] GC(7336) Pause Young (G1 Evacuation Pause) 485M->138M(594M) 1,604ms
[2752,718s][info][gc] GC(7337) Pause Young (G1 Evacuation Pause) 486M->138M(594M) 1,769ms
[2753,130s][info][gc] GC(7338) Pause Young (G1 Evacuation Pause) 486M->138M(594M) 2,567ms
[2753,544s][info][gc] GC(7339) Pause Young (G1 Evacuation Pause) 486M->138M(594M) 2,894ms
[2753,945s][info][gc] GC(7340) Pause Young (G1 Evacuation Pause) 485M->137M(594M) 1,781ms
[2754,341s][info][gc] GC(7341) Pause Young (G1 Evacuation Pause) 485M->137M(594M) 2,145ms
[2754,739s][info][gc] GC(7342) Pause Young (G1 Evacuation Pause) 485M->138M(594M) 2,641ms
[2755,117s][info][gc] GC(7343) Pause Young (G1 Evacuation Pause) 486M->138M(594M) 1,878ms
[2755,528s][info][gc] GC(7344) Pause Young (G1 Evacuation Pause) 486M->138M(594M) 2,781ms
[2755,931s][info][gc] GC(7345) Pause Young (G1 Evacuation Pause) 486M->138M(594M) 2,624ms
[2756,308s][info][gc] GC(7346) Pause Young (G1 Evacuation Pause) 486M->138M(594M) 1,825ms
[2756,684s][info][gc] GC(7347) Pause Young (G1 Evacuation Pause) 486M->138M(594M) 1,977ms
[2757,082s][info][gc] GC(7348) Pause Young (G1 Evacuation Pause) 486M->139M(594M) 1,775ms
[2757,502s][info][gc] GC(7349) Pause Young (G1 Evacuation Pause) 486M->138M(594M) 3,553ms
[2757,924s][info][gc] GC(7350) Pause Young (G1 Evacuation Pause) 486M->138M(594M) 3,778ms
[2758,326s][info][gc] GC(7351) Pause Young (G1 Evacuation Pause) 486M->138M(594M) 3,717ms
[2758,749s][info][gc] GC(7352) Pause Young (G1 Evacuation Pause) 486M->139M(594M) 2,848ms
[2759,160s][info][gc] GC(7353) Pause Young (G1 Evacuation Pause) 486M->138M(594M) 2,715ms
[2759,578s][info][gc] GC(7354) Pause Young (G1 Evacuation Pause) 486M->138M(594M) 2,739ms
[2759,970s][info][gc] GC(7355) Pause Young (G1 Evacuation Pause) 486M->138M(594M) 1,650ms
[2760,366s][info][gc] GC(7356) Pause Young (G1 Evacuation Pause) 486M->138M(594M) 2,397ms
[2760,744s][info][gc] GC(7357) Pause Young (G1 Evacuation Pause) 486M->138M(594M) 1,671ms
[2761,133s][info][gc] GC(7358) Pause Young (G1 Evacuation Pause) 486M->139M(594M) 3,205ms
[2761,561s][info][gc] GC(7359) Pause Young (G1 Evacuation Pause) 486M->138M(594M) 2,591ms
[2761,954s][info][gc] GC(7360) Pause Young (G1 Evacuation Pause) 486M->138M(594M) 2,084ms
[2762,359s][info][gc] GC(7361) Pause Young (G1 Evacuation Pause) 486M->138M(594M) 2,304ms
[2762,740s][info][gc] GC(7362) Pause Young (G1 Evacuation Pause) 486M->138M(594M) 1,774ms
[2763,131s][info][gc] GC(7363) Pause Young (G1 Evacuation Pause) 486M->139M(594M) 1,707ms
[2763,507s][info][gc] GC(7364) Pause Young (G1 Evacuation Pause) 486M->137M(594M) 1,982ms
[2763,901s][info][gc] GC(7365) Pause Young (G1 Evacuation Pause) 486M->139M(594M) 2,683ms
[2764,309s][info][gc] GC(7366) Pause Young (G1 Evacuation Pause) 486M->138M(594M) 2,650ms
[2764,699s][info][gc] GC(7367) Pause Young (G1 Evacuation Pause) 486M->138M(594M) 1,825ms
[2765,079s][info][gc] GC(7368) Pause Young (G1 Evacuation Pause) 486M->138M(594M) 1,782ms
[2765,469s][info][gc] GC(7369) Pause Young (G1 Evacuation Pause) 486M->139M(594M) 2,263ms
[2765,861s][info][gc] GC(7370) Pause Young (G1 Evacuation Pause) 486M->138M(594M) 2,656ms
[2766,238s][info][gc] GC(7371) Pause Young (G1 Evacuation Pause) 487M->139M(594M) 1,774ms
[2766,642s][info][gc] GC(7372) Pause Young (G1 Evacuation Pause) 486M->138M(594M) 2,639ms
[2767,052s][info][gc] GC(7373) Pause Young (G1 Evacuation Pause) 486M->138M(594M) 1,803ms
[2767,479s][info][gc] GC(7374) Pause Young (G1 Evacuation Pause) 486M->138M(594M) 2,245ms
[2767,885s][info][gc] GC(7375) Pause Young (G1 Evacuation Pause) 486M->139M(594M) 2,146ms
[2768,310s][info][gc] GC(7376) Pause Young (G1 Evacuation Pause) 487M->139M(594M) 6,380ms
[2768,719s][info][gc] GC(7377) Pause Young (G1 Evacuation Pause) 486M->138M(594M) 2,303ms
[2769,137s][info][gc] GC(7378) Pause Young (G1 Evacuation Pause) 486M->138M(594M) 2,714ms
[2769,526s][info][gc] GC(7379) Pause Young (G1 Evacuation Pause) 486M->138M(594M) 2,267ms
[2769,941s][info][gc] GC(7380) Pause Young (G1 Evacuation Pause) 486M->139M(594M) 3,418ms
[2770,339s][info][gc] GC(7381) Pause Young (G1 Evacuation Pause) 486M->137M(594M) 3,348ms
[2770,755s][info][gc] GC(7382) Pause Young (G1 Evacuation Pause) 486M->139M(594M) 2,086ms
[2771,154s][info][gc] GC(7383) Pause Young (G1 Evacuation Pause) 487M->139M(594M) 1,914ms
[2771,585s][info][gc] GC(7384) Pause Young (G1 Evacuation Pause) 486M->138M(594M) 2,714ms
[2771,989s][info][gc] GC(7385) Pause Young (G1 Evacuation Pause) 486M->138M(594M) 3,671ms
[2772,380s][info][gc] GC(7386) Pause Young (G1 Evacuation Pause) 486M->139M(594M) 2,707ms
[2772,768s][info][gc] GC(7387) Pause Young (G1 Evacuation Pause) 487M->139M(594M) 1,796ms
[2773,168s][info][gc] GC(7388) Pause Young (G1 Evacuation Pause) 486M->138M(594M) 1,636ms
[2773,588s][info][gc] GC(7389) Pause Young (G1 Evacuation Pause) 486M->138M(594M) 2,632ms
[2773,982s][info][gc] GC(7390) Pause Young (G1 Evacuation Pause) 486M->138M(594M) 2,072ms
[2774,372s][info][gc] GC(7391) Pause Young (G1 Evacuation Pause) 486M->138M(594M) 2,805ms
[2774,757s][info][gc] GC(7392) Pause Young (G1 Evacuation Pause) 486M->138M(594M) 7,071ms
[2775,139s][info][gc] GC(7393) Pause Young (G1 Evacuation Pause) 486M->139M(594M) 1,920ms
[2775,515s][info][gc] GC(7394) Pause Young (G1 Evacuation Pause) 486M->138M(594M) 1,933ms
[2775,901s][info][gc] GC(7395) Pause Young (G1 Evacuation Pause) 486M->138M(594M) 2,675ms
[2776,281s][info][gc] GC(7396) Pause Young (G1 Evacuation Pause) 486M->138M(594M) 1,711ms
[2776,670s][info][gc] GC(7397) Pause Young (G1 Evacuation Pause) 486M->139M(594M) 2,166ms
[2777,048s][info][gc] GC(7398) Pause Young (G1 Evacuation Pause) 487M->139M(594M) 2,325ms
[2777,427s][info][gc] GC(7399) Pause Young (G1 Evacuation Pause) 487M->139M(594M) 3,751ms
[2777,813s][info][gc] GC(7400) Pause Young (G1 Evacuation Pause) 487M->139M(594M) 2,635ms
[2778,190s][info][gc] GC(7401) Pause Young (G1 Evacuation Pause) 486M->138M(594M) 2,210ms
[2778,582s][info][gc] GC(7402) Pause Young (G1 Evacuation Pause) 486M->138M(594M) 1,672ms
[2778,974s][info][gc] GC(7403) Pause Young (G1 Evacuation Pause) 486M->139M(594M) 1,759ms
[2779,369s][info][gc] GC(7404) Pause Young (G1 Evacuation Pause) 487M->139M(594M) 1,802ms
[2779,745s][info][gc] GC(7405) Pause Young (G1 Evacuation Pause) 487M->139M(594M) 1,777ms
[2780,127s][info][gc] GC(7406) Pause Young (G1 Evacuation Pause) 487M->139M(594M) 2,258ms
[2780,534s][info][gc] GC(7407) Pause Young (G1 Evacuation Pause) 487M->139M(594M) 3,797ms
[2780,951s][info][gc] GC(7408) Pause Young (G1 Evacuation Pause) 486M->139M(594M) 2,062ms
[2781,360s][info][gc] GC(7409) Pause Young (G1 Evacuation Pause) 487M->139M(594M) 1,677ms
[2781,783s][info][gc] GC(7410) Pause Young (G1 Evacuation Pause) 487M->139M(594M) 2,889ms
[2782,198s][info][gc] GC(7411) Pause Young (G1 Evacuation Pause) 487M->139M(594M) 2,108ms
[2782,609s][info][gc] GC(7412) Pause Young (G1 Evacuation Pause) 487M->139M(594M) 2,124ms
[2783,025s][info][gc] GC(7413) Pause Young (G1 Evacuation Pause) 486M->138M(594M) 2,142ms
[2783,451s][info][gc] GC(7414) Pause Young (G1 Evacuation Pause) 487M->139M(594M) 2,736ms
[2783,871s][info][gc] GC(7415) Pause Young (G1 Evacuation Pause) 486M->139M(594M) 2,090ms
[2784,265s][info][gc] GC(7416) Pause Young (G1 Evacuation Pause) 487M->139M(594M) 2,781ms
[2784,668s][info][gc] GC(7417) Pause Young (G1 Evacuation Pause) 487M->139M(594M) 2,375ms
[2785,089s][info][gc] GC(7418) Pause Young (G1 Evacuation Pause) 486M->138M(594M) 3,840ms
[2785,513s][info][gc] GC(7419) Pause Young (G1 Evacuation Pause) 486M->138M(594M) 4,487ms
[2785,889s][info][gc] GC(7420) Pause Young (G1 Evacuation Pause) 486M->139M(594M) 1,739ms
[2786,269s][info][gc] GC(7421) Pause Young (G1 Evacuation Pause) 487M->139M(594M) 1,577ms
[2786,646s][info][gc] GC(7422) Pause Young (G1 Evacuation Pause) 487M->139M(594M) 1,816ms
[2787,022s][info][gc] GC(7423) Pause Young (G1 Evacuation Pause) 487M->139M(594M) 1,806ms
[2787,433s][info][gc] GC(7424) Pause Young (G1 Evacuation Pause) 487M->140M(594M) 2,920ms
[2787,827s][info][gc] GC(7425) Pause Young (G1 Evacuation Pause) 487M->139M(594M) 2,681ms
[2788,215s][info][gc] GC(7426) Pause Young (G1 Evacuation Pause) 487M->139M(594M) 3,455ms
[2788,609s][info][gc] GC(7427) Pause Young (G1 Evacuation Pause) 487M->139M(594M) 2,236ms
[2789,014s][info][gc] GC(7428) Pause Young (G1 Evacuation Pause) 487M->139M(594M) 2,754ms
[2789,433s][info][gc] GC(7429) Pause Young (G1 Evacuation Pause) 487M->140M(594M) 2,754ms
[2789,831s][info][gc] GC(7430) Pause Young (G1 Evacuation Pause) 487M->138M(594M) 3,502ms
[2790,224s][info][gc] GC(7431) Pause Young (G1 Evacuation Pause) 487M->140M(594M) 1,788ms
[2790,624s][info][gc] GC(7432) Pause Young (G1 Evacuation Pause) 487M->139M(594M) 3,308ms
[2791,022s][info][gc] GC(7433) Pause Young (G1 Evacuation Pause) 487M->139M(594M) 1,694ms
[2791,398s][info][gc] GC(7434) Pause Young (G1 Evacuation Pause) 487M->139M(594M) 1,858ms
[2791,780s][info][gc] GC(7435) Pause Young (G1 Evacuation Pause) 487M->140M(594M) 5,009ms
[2792,190s][info][gc] GC(7436) Pause Young (G1 Evacuation Pause) 487M->139M(594M) 2,697ms
[2792,597s][info][gc] GC(7437) Pause Young (G1 Evacuation Pause) 487M->139M(594M) 1,991ms
[2793,020s][info][gc] GC(7438) Pause Young (G1 Evacuation Pause) 487M->139M(594M) 3,477ms
[2793,428s][info][gc] GC(7439) Pause Young (G1 Evacuation Pause) 487M->139M(594M) 2,298ms
[2793,806s][info][gc] GC(7440) Pause Young (G1 Evacuation Pause) 487M->140M(594M) 2,289ms
[2794,181s][info][gc] GC(7441) Pause Young (G1 Evacuation Pause) 487M->139M(594M) 1,655ms
[2794,570s][info][gc] GC(7442) Pause Young (G1 Evacuation Pause) 487M->139M(594M) 1,726ms
[2794,991s][info][gc] GC(7443) Pause Young (G1 Evacuation Pause) 487M->139M(594M) 1,569ms
[2795,388s][info][gc] GC(7444) Pause Young (G1 Evacuation Pause) 487M->139M(594M) 3,616ms
[2795,804s][info][gc] GC(7445) Pause Young (G1 Evacuation Pause) 487M->139M(594M) 3,249ms
[2796,187s][info][gc] GC(7446) Pause Young (G1 Evacuation Pause) 487M->140M(594M) 1,882ms
[2796,563s][info][gc] GC(7447) Pause Young (G1 Evacuation Pause) 487M->139M(594M) 1,850ms
[2796,939s][info][gc] GC(7448) Pause Young (G1 Evacuation Pause) 487M->139M(594M) 1,747ms
[2797,328s][info][gc] GC(7449) Pause Young (G1 Evacuation Pause) 487M->139M(594M) 3,484ms
[2797,704s][info][gc] GC(7450) Pause Young (G1 Evacuation Pause) 487M->139M(594M) 1,646ms
[2798,086s][info][gc] GC(7451) Pause Young (G1 Evacuation Pause) 487M->140M(594M) 1,739ms
[2798,489s][info][gc] GC(7452) Pause Young (G1 Evacuation Pause) 488M->139M(594M) 2,392ms
[2798,883s][info][gc] GC(7453) Pause Young (G1 Evacuation Pause) 487M->140M(594M) 2,808ms
[2799,259s][info][gc] GC(7454) Pause Young (G1 Evacuation Pause) 487M->139M(594M) 1,626ms
[2799,636s][info][gc] GC(7455) Pause Young (G1 Evacuation Pause) 487M->139M(594M) 1,749ms
[2800,047s][info][gc] GC(7456) Pause Young (G1 Evacuation Pause) 487M->139M(594M) 2,667ms
[2800,442s][info][gc] GC(7457) Pause Young (G1 Evacuation Pause) 487M->139M(594M) 2,765ms
[2800,826s][info][gc] GC(7458) Pause Young (G1 Evacuation Pause) 487M->140M(594M) 1,718ms
[2801,202s][info][gc] GC(7459) Pause Young (G1 Evacuation Pause) 488M->140M(594M) 1,701ms
[2801,589s][info][gc] GC(7460) Pause Young (G1 Evacuation Pause) 487M->139M(594M) 2,393ms
[2801,965s][info][gc] GC(7461) Pause Young (G1 Evacuation Pause) 487M->139M(594M) 2,355ms
[2802,367s][info][gc] GC(7462) Pause Young (G1 Evacuation Pause) 487M->139M(594M) 3,701ms
[2802,745s][info][gc] GC(7463) Pause Young (G1 Evacuation Pause) 487M->139M(594M) 1,904ms
[2803,122s][info][gc] GC(7464) Pause Young (G1 Evacuation Pause) 487M->140M(594M) 2,801ms
[2803,529s][info][gc] GC(7465) Pause Young (G1 Evacuation Pause) 488M->140M(594M) 4,025ms
[2803,916s][info][gc] GC(7466) Pause Young (G1 Evacuation Pause) 487M->139M(594M) 1,835ms
[2804,302s][info][gc] GC(7467) Pause Young (G1 Evacuation Pause) 487M->139M(594M) 5,502ms
[2804,677s][info][gc] GC(7468) Pause Young (G1 Evacuation Pause) 487M->139M(594M) 1,617ms
[2805,054s][info][gc] GC(7469) Pause Young (G1 Evacuation Pause) 487M->140M(594M) 1,795ms
[2805,430s][info][gc] GC(7470) Pause Young (G1 Evacuation Pause) 488M->140M(594M) 1,786ms
[2805,819s][info][gc] GC(7471) Pause Young (G1 Evacuation Pause) 487M->139M(594M) 3,008ms
[2806,208s][info][gc] GC(7472) Pause Young (G1 Evacuation Pause) 487M->139M(594M) 1,761ms
[2806,593s][info][gc] GC(7473) Pause Young (G1 Evacuation Pause) 487M->139M(594M) 3,839ms
[2807,010s][info][gc] GC(7474) Pause Young (G1 Evacuation Pause) 487M->139M(594M) 2,569ms
[2807,425s][info][gc] GC(7475) Pause Young (G1 Evacuation Pause) 487M->140M(594M) 2,783ms
[2807,842s][info][gc] GC(7476) Pause Young (G1 Evacuation Pause) 488M->140M(594M) 2,617ms
[2808,218s][info][gc] GC(7477) Pause Young (G1 Evacuation Pause) 488M->140M(594M) 2,176ms
[2808,631s][info][gc] GC(7478) Pause Young (G1 Evacuation Pause) 487M->139M(594M) 2,535ms
[2809,042s][info][gc] GC(7479) Pause Young (G1 Evacuation Pause) 487M->140M(594M) 2,671ms
[2809,459s][info][gc] GC(7480) Pause Young (G1 Evacuation Pause) 488M->140M(594M) 2,716ms
[2809,870s][info][gc] GC(7481) Pause Young (G1 Evacuation Pause) 488M->140M(594M) 2,641ms
[2810,257s][info][gc] GC(7482) Pause Young (G1 Evacuation Pause) 488M->140M(594M) 1,743ms
[2810,658s][info][gc] GC(7483) Pause Young (G1 Evacuation Pause) 488M->140M(594M) 1,767ms
[2811,047s][info][gc] GC(7484) Pause Young (G1 Evacuation Pause) 487M->139M(594M) 1,520ms
[2811,445s][info][gc] GC(7485) Pause Young (G1 Evacuation Pause) 488M->140M(594M) 2,685ms
[2811,862s][info][gc] GC(7486) Pause Young (G1 Evacuation Pause) 488M->140M(594M) 2,954ms
[2812,238s][info][gc] GC(7487) Pause Young (G1 Evacuation Pause) 487M->139M(594M) 1,770ms
[2812,654s][info][gc] GC(7488) Pause Young (G1 Evacuation Pause) 487M->140M(594M) 2,503ms
[2813,044s][info][gc] GC(7489) Pause Young (G1 Evacuation Pause) 488M->140M(594M) 1,687ms
[2813,421s][info][gc] GC(7490) Pause Young (G1 Evacuation Pause) 488M->140M(594M) 1,725ms
[2813,808s][info][gc] GC(7491) Pause Young (G1 Evacuation Pause) 488M->140M(594M) 4,277ms
[2814,184s][info][gc] GC(7492) Pause Young (G1 Evacuation Pause) 487M->139M(594M) 1,600ms
[2814,603s][info][gc] GC(7493) Pause Young (G1 Evacuation Pause) 488M->140M(594M) 3,313ms
[2815,014s][info][gc] GC(7494) Pause Young (G1 Evacuation Pause) 488M->140M(594M) 2,903ms
[2815,425s][info][gc] GC(7495) Pause Young (G1 Evacuation Pause) 487M->140M(594M) 2,739ms
[2815,839s][info][gc] GC(7496) Pause Young (G1 Evacuation Pause) 488M->140M(594M) 2,754ms
[2816,216s][info][gc] GC(7497) Pause Young (G1 Evacuation Pause) 487M->139M(594M) 1,724ms
[2816,627s][info][gc] GC(7498) Pause Young (G1 Evacuation Pause) 488M->141M(594M) 2,127ms
[2817,050s][info][gc] GC(7499) Pause Young (G1 Evacuation Pause) 488M->140M(594M) 3,337ms
[2817,448s][info][gc] GC(7500) Pause Young (G1 Evacuation Pause) 488M->140M(594M) 1,858ms
[2817,824s][info][gc] GC(7501) Pause Young (G1 Evacuation Pause) 488M->140M(594M) 1,979ms
[2818,214s][info][gc] GC(7502) Pause Young (G1 Evacuation Pause) 488M->140M(594M) 1,707ms
[2818,622s][info][gc] GC(7503) Pause Young (G1 Evacuation Pause) 488M->140M(594M) 2,368ms
[2819,031s][info][gc] GC(7504) Pause Young (G1 Evacuation Pause) 488M->141M(594M) 2,755ms
[2819,408s][info][gc] GC(7505) Pause Young (G1 Evacuation Pause) 488M->140M(594M) 2,007ms
[2819,784s][info][gc] GC(7506) Pause Young (G1 Evacuation Pause) 488M->140M(594M) 2,025ms
[2820,160s][info][gc] GC(7507) Pause Young (G1 Evacuation Pause) 488M->140M(594M) 2,032ms
[2820,578s][info][gc] GC(7508) Pause Young (G1 Evacuation Pause) 488M->141M(594M) 2,679ms
[2820,954s][info][gc] GC(7509) Pause Young (G1 Evacuation Pause) 488M->140M(594M) 1,595ms
[2821,381s][info][gc] GC(7510) Pause Young (G1 Evacuation Pause) 488M->139M(594M) 2,765ms
[2821,759s][info][gc] GC(7511) Pause Young (G1 Evacuation Pause) 488M->141M(594M) 2,353ms
[2822,159s][info][gc] GC(7512) Pause Young (G1 Evacuation Pause) 488M->140M(594M) 1,603ms
[2822,550s][info][gc] GC(7513) Pause Young (G1 Evacuation Pause) 488M->140M(594M) 3,008ms
[2822,972s][info][gc] GC(7514) Pause Young (G1 Evacuation Pause) 488M->140M(594M) 2,209ms
[2823,349s][info][gc] GC(7515) Pause Young (G1 Evacuation Pause) 488M->141M(594M) 2,255ms
[2823,727s][info][gc] GC(7516) Pause Young (G1 Evacuation Pause) 488M->140M(594M) 3,422ms
[2824,145s][info][gc] GC(7517) Pause Young (G1 Evacuation Pause) 488M->140M(594M) 2,615ms
[2824,555s][info][gc] GC(7518) Pause Young (G1 Evacuation Pause) 488M->140M(594M) 1,662ms
[2824,931s][info][gc] GC(7519) Pause Young (G1 Evacuation Pause) 488M->140M(594M) 2,590ms
[2825,308s][info][gc] GC(7520) Pause Young (G1 Evacuation Pause) 488M->141M(594M) 1,779ms
[2825,683s][info][gc] GC(7521) Pause Young (G1 Evacuation Pause) 488M->140M(594M) 1,624ms
[2826,075s][info][gc] GC(7522) Pause Young (G1 Evacuation Pause) 488M->140M(594M) 1,690ms
[2826,464s][info][gc] GC(7523) Pause Young (G1 Evacuation Pause) 488M->140M(594M) 1,901ms
[2826,850s][info][gc] GC(7524) Pause Young (G1 Evacuation Pause) 488M->140M(594M) 1,830ms
[2827,226s][info][gc] GC(7525) Pause Young (G1 Evacuation Pause) 488M->140M(594M) 1,793ms
[2827,626s][info][gc] GC(7526) Pause Young (G1 Evacuation Pause) 488M->141M(594M) 1,792ms
[2828,003s][info][gc] GC(7527) Pause Young (G1 Evacuation Pause) 489M->141M(594M) 2,958ms
[2828,399s][info][gc] GC(7528) Pause Young (G1 Evacuation Pause) 489M->141M(594M) 3,815ms
[2828,776s][info][gc] GC(7529) Pause Young (G1 Evacuation Pause) 488M->141M(594M) 2,225ms
[2829,165s][info][gc] GC(7530) Pause Young (G1 Evacuation Pause) 489M->140M(594M) 4,568ms
[2829,576s][info][gc] GC(7531) Pause Young (G1 Evacuation Pause) 488M->141M(594M) 2,681ms
[2829,953s][info][gc] GC(7532) Pause Young (G1 Evacuation Pause) 488M->140M(594M) 2,050ms
[2830,338s][info][gc] GC(7533) Pause Young (G1 Evacuation Pause) 488M->140M(594M) 2,830ms
[2830,738s][info][gc] GC(7534) Pause Young (G1 Evacuation Pause) 489M->141M(594M) 1,754ms
[2831,133s][info][gc] GC(7535) Pause Young (G1 Evacuation Pause) 489M->141M(594M) 1,719ms
[2831,539s][info][gc] GC(7536) Pause Young (G1 Evacuation Pause) 488M->140M(594M) 2,632ms
[2831,940s][info][gc] GC(7537) Pause Young (G1 Evacuation Pause) 488M->140M(594M) 4,482ms
[2832,330s][info][gc] GC(7538) Pause Young (G1 Evacuation Pause) 488M->141M(594M) 2,659ms
[2832,742s][info][gc] GC(7539) Pause Young (G1 Evacuation Pause) 489M->141M(594M) 2,771ms
[2833,156s][info][gc] GC(7540) Pause Young (G1 Evacuation Pause) 488M->140M(594M) 2,781ms
[2833,586s][info][gc] GC(7541) Pause Young (G1 Evacuation Pause) 488M->140M(594M) 3,575ms
[2833,997s][info][gc] GC(7542) Pause Young (G1 Evacuation Pause) 488M->141M(594M) 2,726ms
[2834,380s][info][gc] GC(7543) Pause Young (G1 Evacuation Pause) 489M->141M(594M) 3,082ms
[2834,757s][info][gc] GC(7544) Pause Young (G1 Evacuation Pause) 489M->141M(594M) 2,505ms
[2835,174s][info][gc] GC(7545) Pause Young (G1 Evacuation Pause) 489M->141M(594M) 2,598ms
[2835,593s][info][gc] GC(7546) Pause Young (G1 Evacuation Pause) 489M->141M(594M) 2,867ms
[2836,003s][info][gc] GC(7547) Pause Young (G1 Evacuation Pause) 488M->141M(594M) 1,755ms
[2836,380s][info][gc] GC(7548) Pause Young (G1 Evacuation Pause) 489M->140M(594M) 1,820ms
[2836,756s][info][gc] GC(7549) Pause Young (G1 Evacuation Pause) 488M->141M(594M) 1,879ms
[2837,131s][info][gc] GC(7550) Pause Young (G1 Evacuation Pause) 488M->140M(594M) 1,663ms
[2837,508s][info][gc] GC(7551) Pause Young (G1 Evacuation Pause) 488M->140M(594M) 2,061ms
[2837,898s][info][gc] GC(7552) Pause Young (G1 Evacuation Pause) 488M->141M(594M) 2,491ms
[2838,292s][info][gc] GC(7553) Pause Young (G1 Evacuation Pause) 489M->140M(594M) 6,176ms
[2838,701s][info][gc] GC(7554) Pause Young (G1 Evacuation Pause) 488M->141M(594M) 2,655ms
[2839,094s][info][gc] GC(7555) Pause Young (G1 Evacuation Pause) 489M->141M(594M) 1,828ms
[2839,470s][info][gc] GC(7556) Pause Young (G1 Evacuation Pause) 489M->141M(594M) 1,873ms
[2839,846s][info][gc] GC(7557) Pause Young (G1 Evacuation Pause) 488M->140M(594M) 1,918ms
[2840,222s][info][gc] GC(7558) Pause Young (G1 Evacuation Pause) 488M->140M(594M) 1,985ms
[2840,634s][info][gc] GC(7559) Pause Young (G1 Evacuation Pause) 488M->141M(594M) 2,644ms
[2841,026s][info][gc] GC(7560) Pause Young (G1 Evacuation Pause) 489M->141M(594M) 1,698ms
[2841,402s][info][gc] GC(7561) Pause Young (G1 Evacuation Pause) 489M->141M(594M) 1,711ms
[2841,778s][info][gc] GC(7562) Pause Young (G1 Evacuation Pause) 489M->141M(594M) 1,797ms
[2842,160s][info][gc] GC(7563) Pause Young (G1 Evacuation Pause) 488M->140M(594M) 1,754ms
[2842,550s][info][gc] GC(7564) Pause Young (G1 Evacuation Pause) 488M->140M(594M) 1,709ms
[2842,934s][info][gc] GC(7565) Pause Young (G1 Evacuation Pause) 488M->141M(594M) 1,844ms
[2843,343s][info][gc] GC(7566) Pause Young (G1 Evacuation Pause) 489M->141M(594M) 2,650ms
[2843,720s][info][gc] GC(7567) Pause Young (G1 Evacuation Pause) 489M->141M(594M) 2,894ms
[2844,097s][info][gc] GC(7568) Pause Young (G1 Evacuation Pause) 489M->141M(594M) 2,130ms
[2844,497s][info][gc] GC(7569) Pause Young (G1 Evacuation Pause) 488M->140M(594M) 2,596ms
[2844,892s][info][gc] GC(7570) Pause Young (G1 Evacuation Pause) 488M->140M(594M) 3,443ms
[2845,268s][info][gc] GC(7571) Pause Young (G1 Evacuation Pause) 488M->141M(594M) 2,161ms
[2845,645s][info][gc] GC(7572) Pause Young (G1 Evacuation Pause) 489M->141M(594M) 2,218ms
[2846,045s][info][gc] GC(7573) Pause Young (G1 Evacuation Pause) 489M->141M(594M) 5,225ms
[2846,423s][info][gc] GC(7574) Pause Young (G1 Evacuation Pause) 489M->141M(594M) 1,683ms
[2846,829s][info][gc] GC(7575) Pause Young (G1 Evacuation Pause) 488M->140M(594M) 4,370ms
[2847,231s][info][gc] GC(7576) Pause Young (G1 Evacuation Pause) 489M->141M(594M) 1,906ms
[2847,607s][info][gc] GC(7577) Pause Young (G1 Evacuation Pause) 488M->141M(594M) 1,769ms
[2848,012s][info][gc] GC(7578) Pause Young (G1 Evacuation Pause) 489M->141M(594M) 2,598ms
[2848,430s][info][gc] GC(7579) Pause Young (G1 Evacuation Pause) 489M->141M(594M) 2,653ms
[2848,847s][info][gc] GC(7580) Pause Young (G1 Evacuation Pause) 489M->142M(594M) 2,796ms
[2849,251s][info][gc] GC(7581) Pause Young (G1 Evacuation Pause) 489M->141M(594M) 2,549ms
[2849,651s][info][gc] GC(7582) Pause Young (G1 Evacuation Pause) 489M->141M(594M) 2,772ms
[2850,065s][info][gc] GC(7583) Pause Young (G1 Evacuation Pause) 489M->141M(594M) 1,729ms
[2850,440s][info][gc] GC(7584) Pause Young (G1 Evacuation Pause) 489M->141M(594M) 1,582ms
[2850,816s][info][gc] GC(7585) Pause Young (G1 Evacuation Pause) 489M->141M(594M) 1,610ms
[2851,193s][info][gc] GC(7586) Pause Young (G1 Evacuation Pause) 489M->142M(594M) 1,826ms
[2851,581s][info][gc] GC(7587) Pause Young (G1 Evacuation Pause) 489M->141M(594M) 2,588ms
[2851,984s][info][gc] GC(7588) Pause Young (G1 Evacuation Pause) 489M->141M(594M) 2,291ms
[2852,376s][info][gc] GC(7589) Pause Young (G1 Evacuation Pause) 489M->141M(594M) 2,127ms
[2852,767s][info][gc] GC(7590) Pause Young (G1 Evacuation Pause) 489M->141M(594M) 1,739ms
[2853,143s][info][gc] GC(7591) Pause Young (G1 Evacuation Pause) 489M->142M(594M) 2,071ms
[2853,535s][info][gc] GC(7592) Pause Young (G1 Evacuation Pause) 489M->141M(594M) 2,890ms
[2853,946s][info][gc] GC(7593) Pause Young (G1 Evacuation Pause) 489M->141M(594M) 2,827ms
[2854,334s][info][gc] GC(7594) Pause Young (G1 Evacuation Pause) 489M->141M(594M) 2,710ms
[2854,711s][info][gc] GC(7595) Pause Young (G1 Evacuation Pause) 489M->141M(594M) 1,699ms
[2855,122s][info][gc] GC(7596) Pause Young (G1 Evacuation Pause) 489M->141M(594M) 2,694ms
[2855,533s][info][gc] GC(7597) Pause Young (G1 Evacuation Pause) 489M->142M(594M) 2,791ms
[2855,941s][info][gc] GC(7598) Pause Young (G1 Evacuation Pause) 489M->141M(594M) 1,692ms
[2856,332s][info][gc] GC(7599) Pause Young (G1 Evacuation Pause) 489M->141M(594M) 2,601ms
[2856,708s][info][gc] GC(7600) Pause Young (G1 Evacuation Pause) 489M->141M(594M) 2,233ms
[2857,085s][info][gc] GC(7601) Pause Young (G1 Evacuation Pause) 489M->141M(594M) 1,818ms
[2857,472s][info][gc] GC(7602) Pause Young (G1 Evacuation Pause) 489M->141M(594M) 2,301ms
[2857,858s][info][gc] GC(7603) Pause Young (G1 Evacuation Pause) 489M->141M(594M) 1,976ms
[2858,261s][info][gc] GC(7604) Pause Young (G1 Evacuation Pause) 489M->142M(594M) 2,739ms
[2858,659s][info][gc] GC(7605) Pause Young (G1 Evacuation Pause) 489M->141M(594M) 2,123ms
[2859,067s][info][gc] GC(7606) Pause Young (G1 Evacuation Pause) 489M->141M(594M) 2,749ms
[2859,491s][info][gc] GC(7607) Pause Young (G1 Evacuation Pause) 489M->141M(594M) 3,776ms
[2859,868s][info][gc] GC(7608) Pause Young (G1 Evacuation Pause) 489M->141M(594M) 1,811ms
[2860,243s][info][gc] GC(7609) Pause Young (G1 Evacuation Pause) 489M->142M(594M) 1,720ms
[2860,619s][info][gc] GC(7610) Pause Young (G1 Evacuation Pause) 489M->141M(594M) 1,688ms
[2861,012s][info][gc] GC(7611) Pause Young (G1 Evacuation Pause) 489M->141M(594M) 1,742ms
[2861,389s][info][gc] GC(7612) Pause Young (G1 Evacuation Pause) 489M->141M(594M) 1,754ms
[2861,765s][info][gc] GC(7613) Pause Young (G1 Evacuation Pause) 489M->142M(594M) 1,717ms
[2862,157s][info][gc] GC(7614) Pause Young (G1 Evacuation Pause) 490M->141M(594M) 1,679ms
[2862,559s][info][gc] GC(7615) Pause Young (G1 Evacuation Pause) 489M->141M(594M) 3,039ms
[2862,972s][info][gc] GC(7616) Pause Young (G1 Evacuation Pause) 489M->141M(594M) 3,329ms
[2863,388s][info][gc] GC(7617) Pause Young (G1 Evacuation Pause) 489M->142M(594M) 2,810ms
[2863,803s][info][gc] GC(7618) Pause Young (G1 Evacuation Pause) 489M->141M(594M) 3,903ms
[2864,180s][info][gc] GC(7619) Pause Young (G1 Evacuation Pause) 489M->141M(594M) 2,133ms
[2864,593s][info][gc] GC(7620) Pause Young (G1 Evacuation Pause) 489M->142M(594M) 2,519ms
[2864,969s][info][gc] GC(7621) Pause Young (G1 Evacuation Pause) 490M->142M(594M) 1,786ms
[2865,358s][info][gc] GC(7622) Pause Young (G1 Evacuation Pause) 489M->141M(594M) 2,390ms
[2865,734s][info][gc] GC(7623) Pause Young (G1 Evacuation Pause) 489M->141M(594M) 2,199ms
[2866,137s][info][gc] GC(7624) Pause Young (G1 Evacuation Pause) 489M->141M(594M) 2,618ms
[2866,547s][info][gc] GC(7625) Pause Young (G1 Evacuation Pause) 489M->141M(594M) 2,605ms
[2866,958s][info][gc] GC(7626) Pause Young (G1 Evacuation Pause) 489M->142M(594M) 2,705ms
[2867,361s][info][gc] GC(7627) Pause Young (G1 Evacuation Pause) 490M->142M(594M) 1,766ms
[2867,736s][info][gc] GC(7628) Pause Young (G1 Evacuation Pause) 490M->142M(594M) 1,688ms
[2868,153s][info][gc] GC(7629) Pause Young (G1 Evacuation Pause) 489M->141M(594M) 2,512ms
[2868,580s][info][gc] GC(7630) Pause Young (G1 Evacuation Pause) 489M->141M(594M) 3,326ms
[2868,985s][info][gc] GC(7631) Pause Young (G1 Evacuation Pause) 489M->142M(594M) 1,647ms
[2869,377s][info][gc] GC(7632) Pause Young (G1 Evacuation Pause) 490M->142M(594M) 2,289ms
[2869,784s][info][gc] GC(7633) Pause Young (G1 Evacuation Pause) 490M->142M(594M) 6,456ms
[2870,189s][info][gc] GC(7634) Pause Young (G1 Evacuation Pause) 489M->141M(594M) 1,914ms
[2870,565s][info][gc] GC(7635) Pause Young (G1 Evacuation Pause) 489M->142M(594M) 2,084ms
[2870,958s][info][gc] GC(7636) Pause Young (G1 Evacuation Pause) 490M->142M(594M) 1,797ms
[2871,334s][info][gc] GC(7637) Pause Young (G1 Evacuation Pause) 490M->142M(594M) 2,497ms
[2871,710s][info][gc] GC(7638) Pause Young (G1 Evacuation Pause) 490M->142M(594M) 1,792ms
[2872,085s][info][gc] GC(7639) Pause Young (G1 Evacuation Pause) 489M->141M(594M) 1,730ms
[2872,501s][info][gc] GC(7640) Pause Young (G1 Evacuation Pause) 489M->141M(594M) 2,641ms
[2872,901s][info][gc] GC(7641) Pause Young (G1 Evacuation Pause) 490M->143M(594M) 1,988ms
[2873,279s][info][gc] GC(7642) Pause Young (G1 Evacuation Pause) 490M->142M(594M) 3,912ms
[2873,708s][info][gc] GC(7643) Pause Young (G1 Evacuation Pause) 490M->142M(594M) 2,751ms
[2874,097s][info][gc] GC(7644) Pause Young (G1 Evacuation Pause) 490M->142M(594M) 1,691ms
[2874,493s][info][gc] GC(7645) Pause Young (G1 Evacuation Pause) 490M->142M(594M) 1,645ms
[2874,924s][info][gc] GC(7646) Pause Young (G1 Evacuation Pause) 489M->141M(594M) 2,689ms
[2875,340s][info][gc] GC(7647) Pause Young (G1 Evacuation Pause) 489M->141M(594M) 4,172ms
[2875,750s][info][gc] GC(7648) Pause Young (G1 Evacuation Pause) 489M->142M(594M) 2,571ms
[2876,134s][info][gc] GC(7649) Pause Young (G1 Evacuation Pause) 490M->142M(594M) 1,599ms
[2876,555s][info][gc] GC(7650) Pause Young (G1 Evacuation Pause) 490M->142M(594M) 2,163ms
[2876,954s][info][gc] GC(7651) Pause Young (G1 Evacuation Pause) 489M->141M(594M) 2,522ms
[2877,360s][info][gc] GC(7652) Pause Young (G1 Evacuation Pause) 489M->141M(594M) 1,942ms
[2877,756s][info][gc] GC(7653) Pause Young (G1 Evacuation Pause) 489M->141M(594M) 2,569ms
[2878,157s][info][gc] GC(7654) Pause Young (G1 Evacuation Pause) 489M->142M(594M) 2,024ms
[2878,548s][info][gc] GC(7655) Pause Young (G1 Evacuation Pause) 490M->142M(594M) 2,154ms
[2878,958s][info][gc] GC(7656) Pause Young (G1 Evacuation Pause) 490M->142M(594M) 2,476ms
[2879,372s][info][gc] GC(7657) Pause Young (G1 Evacuation Pause) 490M->142M(594M) 4,458ms
[2879,749s][info][gc] GC(7658) Pause Young (G1 Evacuation Pause) 490M->143M(594M) 2,364ms
[2880,176s][info][gc] GC(7659) Pause Young (G1 Evacuation Pause) 490M->142M(594M) 3,809ms
[2880,581s][info][gc] GC(7660) Pause Young (G1 Evacuation Pause) 490M->142M(594M) 2,769ms
[2880,958s][info][gc] GC(7661) Pause Young (G1 Evacuation Pause) 490M->142M(594M) 1,766ms
[2881,347s][info][gc] GC(7662) Pause Young (G1 Evacuation Pause) 490M->142M(594M) 3,384ms
[2881,759s][info][gc] GC(7663) Pause Young (G1 Evacuation Pause) 490M->143M(594M) 3,039ms
[2882,168s][info][gc] GC(7664) Pause Young (G1 Evacuation Pause) 490M->141M(594M) 2,200ms
[2882,545s][info][gc] GC(7665) Pause Young (G1 Evacuation Pause) 490M->143M(594M) 1,891ms
[2882,920s][info][gc] GC(7666) Pause Young (G1 Evacuation Pause) 490M->142M(594M) 1,623ms
[2883,309s][info][gc] GC(7667) Pause Young (G1 Evacuation Pause) 490M->142M(594M) 4,732ms
[2883,687s][info][gc] GC(7668) Pause Young (G1 Evacuation Pause) 490M->142M(594M) 2,117ms
[2884,064s][info][gc] GC(7669) Pause Young (G1 Evacuation Pause) 490M->143M(594M) 2,798ms
[2884,440s][info][gc] GC(7670) Pause Young (G1 Evacuation Pause) 490M->142M(594M) 1,879ms
[2884,816s][info][gc] GC(7671) Pause Young (G1 Evacuation Pause) 490M->142M(594M) 1,928ms
[2885,232s][info][gc] GC(7672) Pause Young (G1 Evacuation Pause) 490M->142M(594M) 2,848ms
[2885,647s][info][gc] GC(7673) Pause Young (G1 Evacuation Pause) 490M->142M(594M) 2,638ms
[2886,051s][info][gc] GC(7674) Pause Young (G1 Evacuation Pause) 490M->142M(594M) 1,725ms
[2886,441s][info][gc] GC(7675) Pause Young (G1 Evacuation Pause) 490M->142M(594M) 2,763ms
[2886,828s][info][gc] GC(7676) Pause Young (G1 Evacuation Pause) 490M->142M(594M) 2,490ms
[2887,204s][info][gc] GC(7677) Pause Young (G1 Evacuation Pause) 490M->142M(594M) 1,716ms
[2887,614s][info][gc] GC(7678) Pause Young (G1 Evacuation Pause) 490M->143M(594M) 2,400ms
[2888,000s][info][gc] GC(7679) Pause Young (G1 Evacuation Pause) 490M->142M(594M) 2,205ms
[2888,402s][info][gc] GC(7680) Pause Young (G1 Evacuation Pause) 490M->142M(594M) 2,710ms
[2888,783s][info][gc] GC(7681) Pause Young (G1 Evacuation Pause) 490M->143M(594M) 4,954ms
[2889,196s][info][gc] GC(7682) Pause Young (G1 Evacuation Pause) 491M->143M(594M) 4,440ms
[2889,572s][info][gc] GC(7683) Pause Young (G1 Evacuation Pause) 491M->143M(594M) 2,151ms
[2889,950s][info][gc] GC(7684) Pause Young (G1 Evacuation Pause) 491M->143M(594M) 3,335ms
[2890,364s][info][gc] GC(7685) Pause Young (G1 Evacuation Pause) 490M->142M(594M) 2,289ms
[2890,739s][info][gc] GC(7686) Pause Young (G1 Evacuation Pause) 490M->142M(594M) 1,696ms
[2891,116s][info][gc] GC(7687) Pause Young (G1 Evacuation Pause) 490M->143M(594M) 1,733ms
[2891,520s][info][gc] GC(7688) Pause Young (G1 Evacuation Pause) 491M->143M(594M) 2,648ms
[2891,925s][info][gc] GC(7689) Pause Young (G1 Evacuation Pause) 491M->143M(594M) 2,342ms
[2892,301s][info][gc] GC(7690) Pause Young (G1 Evacuation Pause) 491M->143M(594M) 2,159ms
[2892,691s][info][gc] GC(7691) Pause Young (G1 Evacuation Pause) 490M->142M(594M) 2,167ms
[2893,077s][info][gc] GC(7692) Pause Young (G1 Evacuation Pause) 490M->143M(594M) 1,800ms
[2893,457s][info][gc] GC(7693) Pause Young (G1 Evacuation Pause) 491M->143M(594M) 1,838ms
[2893,864s][info][gc] GC(7694) Pause Young (G1 Evacuation Pause) 491M->143M(594M) 2,548ms
[2894,250s][info][gc] GC(7695) Pause Young (G1 Evacuation Pause) 491M->143M(594M) 2,439ms
[2894,668s][info][gc] GC(7696) Pause Young (G1 Evacuation Pause) 491M->143M(594M) 2,740ms
[2895,079s][info][gc] GC(7697) Pause Young (G1 Evacuation Pause) 490M->142M(594M) 2,486ms
[2895,489s][info][gc] GC(7698) Pause Young (G1 Evacuation Pause) 490M->142M(594M) 2,593ms
[2895,886s][info][gc] GC(7699) Pause Young (G1 Evacuation Pause) 490M->143M(594M) 4,853ms
[2896,290s][info][gc] GC(7700) Pause Young (G1 Evacuation Pause) 491M->143M(594M) 3,007ms
[2896,666s][info][gc] GC(7701) Pause Young (G1 Evacuation Pause) 490M->142M(594M) 1,687ms
[2897,043s][info][gc] GC(7702) Pause Young (G1 Evacuation Pause) 490M->142M(594M) 2,350ms
[2897,431s][info][gc] GC(7703) Pause Young (G1 Evacuation Pause) 490M->143M(594M) 2,155ms
[2897,808s][info][gc] GC(7704) Pause Young (G1 Evacuation Pause) 491M->142M(594M) 1,833ms
[2898,189s][info][gc] GC(7705) Pause Young (G1 Evacuation Pause) 490M->143M(594M) 1,671ms
[2898,565s][info][gc] GC(7706) Pause Young (G1 Evacuation Pause) 491M->143M(594M) 1,770ms
[2898,968s][info][gc] GC(7707) Pause Young (G1 Evacuation Pause) 491M->143M(594M) 2,675ms
[2899,383s][info][gc] GC(7708) Pause Young (G1 Evacuation Pause) 490M->142M(594M) 4,220ms
[2899,790s][info][gc] GC(7709) Pause Young (G1 Evacuation Pause) 490M->142M(594M) 4,269ms
[2900,205s][info][gc] GC(7710) Pause Young (G1 Evacuation Pause) 490M->143M(594M) 2,605ms
[2900,623s][info][gc] GC(7711) Pause Young (G1 Evacuation Pause) 491M->143M(594M) 2,942ms
[2901,024s][info][gc] GC(7712) Pause Young (G1 Evacuation Pause) 491M->143M(594M) 1,810ms
[2901,436s][info][gc] GC(7713) Pause Young (G1 Evacuation Pause) 490M->143M(594M) 2,643ms
[2901,866s][info][gc] GC(7714) Pause Young (G1 Evacuation Pause) 491M->143M(594M) 3,690ms
[2902,254s][info][gc] GC(7715) Pause Young (G1 Evacuation Pause) 491M->142M(594M) 1,639ms
[2902,658s][info][gc] GC(7716) Pause Young (G1 Evacuation Pause) 490M->143M(594M) 2,742ms
[2903,044s][info][gc] GC(7717) Pause Young (G1 Evacuation Pause) 491M->143M(594M) 2,361ms
[2903,443s][info][gc] GC(7718) Pause Young (G1 Evacuation Pause) 491M->143M(594M) 2,699ms
[2903,847s][info][gc] GC(7719) Pause Young (G1 Evacuation Pause) 491M->143M(594M) 2,185ms
[2904,223s][info][gc] GC(7720) Pause Young (G1 Evacuation Pause) 490M->142M(594M) 1,775ms
[2904,650s][info][gc] GC(7721) Pause Young (G1 Evacuation Pause) 490M->143M(594M) 2,714ms
[2905,077s][info][gc] GC(7722) Pause Young (G1 Evacuation Pause) 491M->143M(594M) 2,701ms
[2905,501s][info][gc] GC(7723) Pause Young (G1 Evacuation Pause) 491M->143M(594M) 2,671ms
[2905,916s][info][gc] GC(7724) Pause Young (G1 Evacuation Pause) 491M->143M(594M) 1,885ms
[2906,321s][info][gc] GC(7725) Pause Young (G1 Evacuation Pause) 490M->141M(594M) 3,224ms
[2906,701s][info][gc] GC(7726) Pause Young (G1 Evacuation Pause) 490M->142M(594M) 1,728ms
[2907,119s][info][gc] GC(7727) Pause Young (G1 Evacuation Pause) 491M->143M(594M) 2,917ms
[2907,529s][info][gc] GC(7728) Pause Young (G1 Evacuation Pause) 490M->142M(594M) 2,557ms
[2907,907s][info][gc] GC(7729) Pause Young (G1 Evacuation Pause) 490M->143M(594M) 2,126ms
[2908,294s][info][gc] GC(7730) Pause Young (G1 Evacuation Pause) 491M->143M(594M) 5,095ms
[2908,672s][info][gc] GC(7731) Pause Young (G1 Evacuation Pause) 490M->143M(594M) 2,034ms
[2909,064s][info][gc] GC(7732) Pause Young (G1 Evacuation Pause) 491M->142M(594M) 2,730ms
[2909,442s][info][gc] GC(7733) Pause Young (G1 Evacuation Pause) 490M->143M(594M) 2,142ms
[2909,849s][info][gc] GC(7734) Pause Young (G1 Evacuation Pause) 491M->143M(594M) 2,192ms
[2910,232s][info][gc] GC(7735) Pause Young (G1 Evacuation Pause) 491M->143M(594M) 1,597ms
[2910,621s][info][gc] GC(7736) Pause Young (G1 Evacuation Pause) 491M->143M(594M) 1,925ms
[2910,997s][info][gc] GC(7737) Pause Young (G1 Evacuation Pause) 491M->144M(594M) 1,896ms
[2911,391s][info][gc] GC(7738) Pause Young (G1 Evacuation Pause) 491M->143M(594M) 2,618ms
[2911,768s][info][gc] GC(7739) Pause Young (G1 Evacuation Pause) 491M->143M(594M) 1,857ms
[2912,166s][info][gc] GC(7740) Pause Young (G1 Evacuation Pause) 491M->143M(594M) 2,608ms
[2912,588s][info][gc] GC(7741) Pause Young (G1 Evacuation Pause) 491M->143M(594M) 2,762ms
[2913,002s][info][gc] GC(7742) Pause Young (G1 Evacuation Pause) 491M->143M(594M) 2,526ms
[2913,424s][info][gc] GC(7743) Pause Young (G1 Evacuation Pause) 491M->144M(594M) 3,840ms
[2913,839s][info][gc] GC(7744) Pause Young (G1 Evacuation Pause) 491M->143M(594M) 2,594ms
[2914,234s][info][gc] GC(7745) Pause Young (G1 Evacuation Pause) 491M->143M(594M) 1,706ms
[2914,629s][info][gc] GC(7746) Pause Young (G1 Evacuation Pause) 491M->143M(594M) 1,772ms
[2915,005s][info][gc] GC(7747) Pause Young (G1 Evacuation Pause) 491M->143M(594M) 1,730ms
[2915,403s][info][gc] GC(7748) Pause Young (G1 Evacuation Pause) 491M->144M(594M) 3,260ms
[2915,820s][info][gc] GC(7749) Pause Young (G1 Evacuation Pause) 491M->143M(594M) 2,629ms
[2916,196s][info][gc] GC(7750) Pause Young (G1 Evacuation Pause) 491M->143M(594M) 1,628ms
[2916,573s][info][gc] GC(7751) Pause Young (G1 Evacuation Pause) 491M->143M(594M) 1,843ms
[2916,960s][info][gc] GC(7752) Pause Young (G1 Evacuation Pause) 491M->143M(594M) 2,647ms
[2917,352s][info][gc] GC(7753) Pause Young (G1 Evacuation Pause) 491M->143M(594M) 3,262ms
[2917,728s][info][gc] GC(7754) Pause Young (G1 Evacuation Pause) 491M->144M(594M) 2,083ms
[2918,111s][info][gc] GC(7755) Pause Young (G1 Evacuation Pause) 491M->142M(594M) 2,031ms
[2918,488s][info][gc] GC(7756) Pause Young (G1 Evacuation Pause) 491M->143M(594M) 1,680ms
[2918,881s][info][gc] GC(7757) Pause Young (G1 Evacuation Pause) 491M->144M(594M) 2,887ms
[2919,297s][info][gc] GC(7758) Pause Young (G1 Evacuation Pause) 491M->143M(594M) 3,664ms
[2919,684s][info][gc] GC(7759) Pause Young (G1 Evacuation Pause) 491M->143M(594M) 1,764ms
[2920,100s][info][gc] GC(7760) Pause Young (G1 Evacuation Pause) 491M->143M(594M) 2,752ms
[2920,517s][info][gc] GC(7761) Pause Young (G1 Evacuation Pause) 491M->144M(594M) 2,804ms
[2920,928s][info][gc] GC(7762) Pause Young (G1 Evacuation Pause) 492M->144M(594M) 1,819ms
[2921,340s][info][gc] GC(7763) Pause Young (G1 Evacuation Pause) 492M->144M(594M) 2,804ms
[2921,751s][info][gc] GC(7764) Pause Young (G1 Evacuation Pause) 491M->143M(594M) 2,667ms
[2922,153s][info][gc] GC(7765) Pause Young (G1 Evacuation Pause) 491M->143M(594M) 1,716ms
[2922,529s][info][gc] GC(7766) Pause Young (G1 Evacuation Pause) 491M->143M(594M) 1,637ms
[2922,925s][info][gc] GC(7767) Pause Young (G1 Evacuation Pause) 491M->143M(594M) 2,649ms
[2923,345s][info][gc] GC(7768) Pause Young (G1 Evacuation Pause) 491M->144M(594M) 5,522ms
[2923,743s][info][gc] GC(7769) Pause Young (G1 Evacuation Pause) 492M->144M(594M) 2,723ms
[2924,124s][info][gc] GC(7770) Pause Young (G1 Evacuation Pause) 491M->143M(594M) 1,624ms
[2924,530s][info][gc] GC(7771) Pause Young (G1 Evacuation Pause) 492M->144M(594M) 2,762ms
[2924,927s][info][gc] GC(7772) Pause Young (G1 Evacuation Pause) 491M->143M(594M) 2,611ms
[2925,316s][info][gc] GC(7773) Pause Young (G1 Evacuation Pause) 491M->143M(594M) 3,681ms
[2925,695s][info][gc] GC(7774) Pause Young (G1 Evacuation Pause) 491M->144M(594M) 2,201ms
[2926,078s][info][gc] GC(7775) Pause Young (G1 Evacuation Pause) 491M->143M(594M) 1,694ms
[2926,480s][info][gc] GC(7776) Pause Young (G1 Evacuation Pause) 491M->143M(594M) 2,038ms
[2926,901s][info][gc] GC(7777) Pause Young (G1 Evacuation Pause) 491M->143M(594M) 1,860ms
[2927,276s][info][gc] GC(7778) Pause Young (G1 Evacuation Pause) 491M->143M(594M) 1,727ms
[2927,693s][info][gc] GC(7779) Pause Young (G1 Evacuation Pause) 491M->144M(594M) 2,752ms
[2928,104s][info][gc] GC(7780) Pause Young (G1 Evacuation Pause) 492M->144M(594M) 2,687ms
[2928,521s][info][gc] GC(7781) Pause Young (G1 Evacuation Pause) 491M->143M(594M) 2,572ms
[2928,939s][info][gc] GC(7782) Pause Young (G1 Evacuation Pause) 491M->143M(594M) 2,627ms
[2929,316s][info][gc] GC(7783) Pause Young (G1 Evacuation Pause) 491M->143M(594M) 1,872ms
[2929,692s][info][gc] GC(7784) Pause Young (G1 Evacuation Pause) 491M->144M(594M) 2,103ms
[2930,080s][info][gc] GC(7785) Pause Young (G1 Evacuation Pause) 492M->144M(594M) 1,776ms
[2930,464s][info][gc] GC(7786) Pause Young (G1 Evacuation Pause) 492M->144M(594M) 2,623ms
[2930,856s][info][gc] GC(7787) Pause Young (G1 Evacuation Pause) 492M->144M(594M) 4,533ms
[2931,233s][info][gc] GC(7788) Pause Young (G1 Evacuation Pause) 491M->143M(594M) 1,949ms
[2931,652s][info][gc] GC(7789) Pause Young (G1 Evacuation Pause) 491M->144M(594M) 3,567ms
[2932,068s][info][gc] GC(7790) Pause Young (G1 Evacuation Pause) 492M->144M(594M) 2,677ms
[2932,484s][info][gc] GC(7791) Pause Young (G1 Evacuation Pause) 492M->144M(594M) 2,709ms
[2932,901s][info][gc] GC(7792) Pause Young (G1 Evacuation Pause) 492M->144M(594M) 4,046ms
[2933,318s][info][gc] GC(7793) Pause Young (G1 Evacuation Pause) 491M->143M(594M) 3,068ms
[2933,696s][info][gc] GC(7794) Pause Young (G1 Evacuation Pause) 491M->143M(594M) 2,212ms
[2934,097s][info][gc] GC(7795) Pause Young (G1 Evacuation Pause) 491M->144M(594M) 1,596ms
[2934,496s][info][gc] GC(7796) Pause Young (G1 Evacuation Pause) 492M->144M(594M) 1,766ms
[2934,872s][info][gc] GC(7797) Pause Young (G1 Evacuation Pause) 492M->144M(594M) 1,753ms
[2935,248s][info][gc] GC(7798) Pause Young (G1 Evacuation Pause) 492M->144M(594M) 1,909ms
[2935,663s][info][gc] GC(7799) Pause Young (G1 Evacuation Pause) 492M->144M(594M) 2,701ms
[2936,057s][info][gc] GC(7800) Pause Young (G1 Evacuation Pause) 491M->143M(594M) 1,787ms
[2936,459s][info][gc] GC(7801) Pause Young (G1 Evacuation Pause) 491M->144M(594M) 2,590ms
[2936,878s][info][gc] GC(7802) Pause Young (G1 Evacuation Pause) 492M->144M(594M) 3,021ms
[2937,279s][info][gc] GC(7803) Pause Young (G1 Evacuation Pause) 492M->144M(594M) 2,749ms
[2937,659s][info][gc] GC(7804) Pause Young (G1 Evacuation Pause) 492M->144M(594M) 1,664ms
[2938,079s][info][gc] GC(7805) Pause Young (G1 Evacuation Pause) 491M->143M(594M) 1,840ms
[2938,461s][info][gc] GC(7806) Pause Young (G1 Evacuation Pause) 491M->143M(594M) 1,691ms
[2938,876s][info][gc] GC(7807) Pause Young (G1 Evacuation Pause) 491M->143M(594M) 2,763ms
[2939,290s][info][gc] GC(7808) Pause Young (G1 Evacuation Pause) 491M->144M(594M) 3,529ms
[2939,694s][info][gc] GC(7809) Pause Young (G1 Evacuation Pause) 492M->144M(594M) 2,503ms
[2940,105s][info][gc] GC(7810) Pause Young (G1 Evacuation Pause) 492M->145M(594M) 2,745ms
[2940,516s][info][gc] GC(7811) Pause Young (G1 Evacuation Pause) 492M->144M(594M) 2,852ms
[2940,925s][info][gc] GC(7812) Pause Young (G1 Evacuation Pause) 492M->144M(594M) 1,723ms
[2941,315s][info][gc] GC(7813) Pause Young (G1 Evacuation Pause) 492M->144M(594M) 6,676ms
[2941,692s][info][gc] GC(7814) Pause Young (G1 Evacuation Pause) 492M->144M(594M) 2,647ms
[2942,071s][info][gc] GC(7815) Pause Young (G1 Evacuation Pause) 492M->144M(594M) 2,252ms
[2942,461s][info][gc] GC(7816) Pause Young (G1 Evacuation Pause) 492M->145M(594M) 1,730ms
[2942,856s][info][gc] GC(7817) Pause Young (G1 Evacuation Pause) 492M->144M(594M) 2,618ms
[2943,245s][info][gc] GC(7818) Pause Young (G1 Evacuation Pause) 492M->144M(594M) 4,801ms
[2943,661s][info][gc] GC(7819) Pause Young (G1 Evacuation Pause) 492M->144M(594M) 2,707ms
[2944,038s][info][gc] GC(7820) Pause Young (G1 Evacuation Pause) 492M->144M(594M) 1,778ms
[2944,458s][info][gc] GC(7821) Pause Young (G1 Evacuation Pause) 492M->144M(594M) 2,744ms
[2944,872s][info][gc] GC(7822) Pause Young (G1 Evacuation Pause) 492M->145M(594M) 2,217ms
[2945,251s][info][gc] GC(7823) Pause Young (G1 Evacuation Pause) 492M->144M(594M) 3,570ms
[2945,666s][info][gc] GC(7824) Pause Young (G1 Evacuation Pause) 492M->144M(594M) 2,605ms
[2946,069s][info][gc] GC(7825) Pause Young (G1 Evacuation Pause) 492M->144M(594M) 1,756ms
[2946,451s][info][gc] GC(7826) Pause Young (G1 Evacuation Pause) 492M->144M(594M) 1,728ms
[2946,878s][info][gc] GC(7827) Pause Young (G1 Evacuation Pause) 492M->144M(594M) 3,076ms
[2947,265s][info][gc] GC(7828) Pause Young (G1 Evacuation Pause) 492M->145M(594M) 1,722ms
[2947,640s][info][gc] GC(7829) Pause Young (G1 Evacuation Pause) 492M->144M(594M) 1,714ms
[2948,053s][info][gc] GC(7830) Pause Young (G1 Evacuation Pause) 492M->144M(594M) 2,642ms
[2948,468s][info][gc] GC(7831) Pause Young (G1 Evacuation Pause) 492M->144M(594M) 2,709ms
[2948,851s][info][gc] GC(7832) Pause Young (G1 Evacuation Pause) 492M->144M(594M) 1,793ms
[2949,227s][info][gc] GC(7833) Pause Young (G1 Evacuation Pause) 492M->145M(594M) 2,050ms
[2949,643s][info][gc] GC(7834) Pause Young (G1 Evacuation Pause) 492M->143M(594M) 2,485ms
[2950,052s][info][gc] GC(7835) Pause Young (G1 Evacuation Pause) 492M->144M(594M) 1,735ms
[2950,442s][info][gc] GC(7836) Pause Young (G1 Evacuation Pause) 492M->144M(594M) 2,245ms
[2950,858s][info][gc] GC(7837) Pause Young (G1 Evacuation Pause) 492M->145M(594M) 2,834ms
[2951,234s][info][gc] GC(7838) Pause Young (G1 Evacuation Pause) 492M->144M(594M) 1,677ms
[2951,646s][info][gc] GC(7839) Pause Young (G1 Evacuation Pause) 492M->145M(594M) 2,228ms
[2952,065s][info][gc] GC(7840) Pause Young (G1 Evacuation Pause) 493M->144M(594M) 2,640ms
[2952,485s][info][gc] GC(7841) Pause Young (G1 Evacuation Pause) 492M->145M(594M) 2,577ms
[2952,902s][info][gc] GC(7842) Pause Young (G1 Evacuation Pause) 493M->145M(594M) 2,746ms
[2953,285s][info][gc] GC(7843) Pause Young (G1 Evacuation Pause) 492M->144M(594M) 5,162ms
[2953,661s][info][gc] GC(7844) Pause Young (G1 Evacuation Pause) 492M->144M(594M) 1,877ms
[2954,064s][info][gc] GC(7845) Pause Young (G1 Evacuation Pause) 492M->144M(594M) 1,707ms
[2954,466s][info][gc] GC(7846) Pause Young (G1 Evacuation Pause) 492M->144M(594M) 2,007ms
[2954,877s][info][gc] GC(7847) Pause Young (G1 Evacuation Pause) 492M->145M(594M) 2,740ms
[2955,280s][info][gc] GC(7848) Pause Young (G1 Evacuation Pause) 492M->144M(594M) 6,102ms
[2955,700s][info][gc] GC(7849) Pause Young (G1 Evacuation Pause) 493M->145M(594M) 2,701ms
[2956,123s][info][gc] GC(7850) Pause Young (G1 Evacuation Pause) 493M->145M(594M) 2,677ms
[2956,522s][info][gc] GC(7851) Pause Young (G1 Evacuation Pause) 492M->145M(594M) 1,814ms
[2956,920s][info][gc] GC(7852) Pause Young (G1 Evacuation Pause) 493M->144M(594M) 2,745ms
[2957,329s][info][gc] GC(7853) Pause Young (G1 Evacuation Pause) 492M->145M(594M) 3,472ms
[2957,726s][info][gc] GC(7854) Pause Young (G1 Evacuation Pause) 493M->145M(594M) 2,084ms
[2958,130s][info][gc] GC(7855) Pause Young (G1 Evacuation Pause) 493M->145M(594M) 1,800ms
[2958,515s][info][gc] GC(7856) Pause Young (G1 Evacuation Pause) 492M->144M(594M) 2,323ms
[2958,909s][info][gc] GC(7857) Pause Young (G1 Evacuation Pause) 492M->144M(594M) 2,657ms
[2959,328s][info][gc] GC(7858) Pause Young (G1 Evacuation Pause) 492M->144M(594M) 3,004ms
[2959,738s][info][gc] GC(7859) Pause Young (G1 Evacuation Pause) 492M->145M(594M) 2,586ms
[2960,148s][info][gc] GC(7860) Pause Young (G1 Evacuation Pause) 493M->145M(594M) 2,768ms
[2960,572s][info][gc] GC(7861) Pause Young (G1 Evacuation Pause) 493M->145M(594M) 1,867ms
[2960,963s][info][gc] GC(7862) Pause Young (G1 Evacuation Pause) 492M->144M(594M) 1,697ms
[2961,340s][info][gc] GC(7863) Pause Young (G1 Evacuation Pause) 492M->145M(594M) 1,761ms
[2961,718s][info][gc] GC(7864) Pause Young (G1 Evacuation Pause) 493M->145M(594M) 3,337ms
[2962,093s][info][gc] GC(7865) Pause Young (G1 Evacuation Pause) 493M->145M(594M) 1,625ms
[2962,485s][info][gc] GC(7866) Pause Young (G1 Evacuation Pause) 493M->145M(594M) 2,007ms
[2962,868s][info][gc] GC(7867) Pause Young (G1 Evacuation Pause) 492M->144M(594M) 1,553ms
[2963,276s][info][gc] GC(7868) Pause Young (G1 Evacuation Pause) 492M->145M(594M) 2,701ms
[2963,687s][info][gc] GC(7869) Pause Young (G1 Evacuation Pause) 493M->145M(594M) 2,504ms
[2964,083s][info][gc] GC(7870) Pause Young (G1 Evacuation Pause) 493M->145M(594M) 2,538ms
[2964,460s][info][gc] GC(7871) Pause Young (G1 Evacuation Pause) 493M->145M(594M) 1,675ms
[2964,861s][info][gc] GC(7872) Pause Young (G1 Evacuation Pause) 493M->145M(594M) 2,770ms
[2965,239s][info][gc] GC(7873) Pause Young (G1 Evacuation Pause) 493M->145M(594M) 2,739ms
[2965,654s][info][gc] GC(7874) Pause Young (G1 Evacuation Pause) 492M->145M(594M) 2,680ms
[2966,056s][info][gc] GC(7875) Pause Young (G1 Evacuation Pause) 493M->144M(594M) 4,554ms
[2966,435s][info][gc] GC(7876) Pause Young (G1 Evacuation Pause) 492M->145M(594M) 1,924ms
[2966,824s][info][gc] GC(7877) Pause Young (G1 Evacuation Pause) 493M->145M(594M) 2,738ms
[2967,234s][info][gc] GC(7878) Pause Young (G1 Evacuation Pause) 493M->145M(594M) 4,114ms
[2967,636s][info][gc] GC(7879) Pause Young (G1 Evacuation Pause) 492M->144M(594M) 1,835ms
[2968,042s][info][gc] GC(7880) Pause Young (G1 Evacuation Pause) 492M->144M(594M) 1,584ms
[2968,418s][info][gc] GC(7881) Pause Young (G1 Evacuation Pause) 492M->145M(594M) 1,682ms
[2968,806s][info][gc] GC(7882) Pause Young (G1 Evacuation Pause) 493M->145M(594M) 3,632ms
[2969,185s][info][gc] GC(7883) Pause Young (G1 Evacuation Pause) 493M->145M(594M) 1,815ms
[2969,561s][info][gc] GC(7884) Pause Young (G1 Evacuation Pause) 493M->145M(594M) 1,787ms
[2969,963s][info][gc] GC(7885) Pause Young (G1 Evacuation Pause) 492M->145M(594M) 2,566ms
[2970,343s][info][gc] GC(7886) Pause Young (G1 Evacuation Pause) 493M->145M(594M) 1,618ms
[2970,719s][info][gc] GC(7887) Pause Young (G1 Evacuation Pause) 493M->145M(594M) 1,685ms
[2971,142s][info][gc] GC(7888) Pause Young (G1 Evacuation Pause) 493M->145M(594M) 3,287ms
[2971,561s][info][gc] GC(7889) Pause Young (G1 Evacuation Pause) 493M->145M(594M) 4,257ms
[2971,938s][info][gc] GC(7890) Pause Young (G1 Evacuation Pause) 493M->145M(594M) 2,324ms
[2972,345s][info][gc] GC(7891) Pause Young (G1 Evacuation Pause) 493M->146M(594M) 2,692ms
[2972,758s][info][gc] GC(7892) Pause Young (G1 Evacuation Pause) 493M->145M(594M) 2,702ms
[2973,169s][info][gc] GC(7893) Pause Young (G1 Evacuation Pause) 493M->145M(594M) 2,582ms
[2973,580s][info][gc] GC(7894) Pause Young (G1 Evacuation Pause) 493M->145M(594M) 2,780ms
[2973,981s][info][gc] GC(7895) Pause Young (G1 Evacuation Pause) 493M->145M(594M) 2,709ms
[2974,386s][info][gc] GC(7896) Pause Young (G1 Evacuation Pause) 493M->145M(594M) 3,698ms
[2974,761s][info][gc] GC(7897) Pause Young (G1 Evacuation Pause) 493M->146M(594M) 1,664ms
[2975,137s][info][gc] GC(7898) Pause Young (G1 Evacuation Pause) 493M->145M(594M) 1,563ms
[2975,549s][info][gc] GC(7899) Pause Young (G1 Evacuation Pause) 493M->145M(594M) 1,577ms
[2975,926s][info][gc] GC(7900) Pause Young (G1 Evacuation Pause) 493M->145M(594M) 1,813ms
[2976,314s][info][gc] GC(7901) Pause Young (G1 Evacuation Pause) 493M->145M(594M) 2,601ms
[2976,698s][info][gc] GC(7902) Pause Young (G1 Evacuation Pause) 493M->146M(594M) 1,688ms
[2977,074s][info][gc] GC(7903) Pause Young (G1 Evacuation Pause) 493M->145M(594M) 2,096ms
[2977,478s][info][gc] GC(7904) Pause Young (G1 Evacuation Pause) 493M->145M(594M) 2,546ms
[2977,868s][info][gc] GC(7905) Pause Young (G1 Evacuation Pause) 493M->145M(594M) 2,815ms
[2978,260s][info][gc] GC(7906) Pause Young (G1 Evacuation Pause) 493M->145M(594M) 3,141ms
[2978,643s][info][gc] GC(7907) Pause Young (G1 Evacuation Pause) 493M->145M(594M) 1,735ms
[2979,019s][info][gc] GC(7908) Pause Young (G1 Evacuation Pause) 493M->145M(594M) 1,760ms
[2979,395s][info][gc] GC(7909) Pause Young (G1 Evacuation Pause) 493M->146M(594M) 1,750ms
[2979,777s][info][gc] GC(7910) Pause Young (G1 Evacuation Pause) 493M->145M(594M) 5,530ms
[2980,166s][info][gc] GC(7911) Pause Young (G1 Evacuation Pause) 493M->145M(594M) 1,667ms
[2980,544s][info][gc] GC(7912) Pause Young (G1 Evacuation Pause) 493M->145M(594M) 2,684ms
[2980,937s][info][gc] GC(7913) Pause Young (G1 Evacuation Pause) 493M->146M(594M) 1,813ms
[2981,313s][info][gc] GC(7914) Pause Young (G1 Evacuation Pause) 493M->145M(594M) 1,825ms
[2981,688s][info][gc] GC(7915) Pause Young (G1 Evacuation Pause) 493M->145M(594M) 1,742ms
[2982,064s][info][gc] GC(7916) Pause Young (G1 Evacuation Pause) 493M->145M(594M) 1,655ms
[2982,458s][info][gc] GC(7917) Pause Young (G1 Evacuation Pause) 493M->145M(594M) 1,896ms
[2982,834s][info][gc] GC(7918) Pause Young (G1 Evacuation Pause) 493M->145M(594M) 1,963ms
[2983,210s][info][gc] GC(7919) Pause Young (G1 Evacuation Pause) 493M->146M(594M) 1,730ms
[2983,586s][info][gc] GC(7920) Pause Young (G1 Evacuation Pause) 494M->146M(594M) 2,512ms
[2983,963s][info][gc] GC(7921) Pause Young (G1 Evacuation Pause) 493M->145M(594M) 1,966ms
[2984,354s][info][gc] GC(7922) Pause Young (G1 Evacuation Pause) 493M->145M(594M) 2,656ms
[2984,765s][info][gc] GC(7923) Pause Young (G1 Evacuation Pause) 493M->145M(594M) 2,778ms
[2985,182s][info][gc] GC(7924) Pause Young (G1 Evacuation Pause) 493M->146M(594M) 2,559ms
[2985,598s][info][gc] GC(7925) Pause Young (G1 Evacuation Pause) 494M->146M(594M) 2,734ms
[2986,002s][info][gc] GC(7926) Pause Young (G1 Evacuation Pause) 493M->145M(594M) 2,392ms
[2986,409s][info][gc] GC(7927) Pause Young (G1 Evacuation Pause) 494M->146M(594M) 2,236ms
[2986,796s][info][gc] GC(7928) Pause Young (G1 Evacuation Pause) 493M->145M(594M) 5,932ms
[2987,200s][info][gc] GC(7929) Pause Young (G1 Evacuation Pause) 493M->145M(594M) 1,850ms
[2987,576s][info][gc] GC(7930) Pause Young (G1 Evacuation Pause) 493M->146M(594M) 1,770ms
[2987,983s][info][gc] GC(7931) Pause Young (G1 Evacuation Pause) 493M->145M(594M) 2,499ms
[2988,394s][info][gc] GC(7932) Pause Young (G1 Evacuation Pause) 494M->146M(594M) 2,693ms
[2988,805s][info][gc] GC(7933) Pause Young (G1 Evacuation Pause) 493M->145M(594M) 2,641ms
[2989,182s][info][gc] GC(7934) Pause Young (G1 Evacuation Pause) 493M->145M(594M) 2,248ms
[2989,595s][info][gc] GC(7935) Pause Young (G1 Evacuation Pause) 493M->146M(594M) 2,582ms
[2990,008s][info][gc] GC(7936) Pause Young (G1 Evacuation Pause) 494M->145M(594M) 5,033ms
[2990,396s][info][gc] GC(7937) Pause Young (G1 Evacuation Pause) 493M->146M(594M) 1,801ms
[2990,779s][info][gc] GC(7938) Pause Young (G1 Evacuation Pause) 494M->146M(594M) 6,332ms
[2991,182s][info][gc] GC(7939) Pause Young (G1 Evacuation Pause) 493M->146M(594M) 2,570ms
[2991,593s][info][gc] GC(7940) Pause Young (G1 Evacuation Pause) 494M->145M(594M) 2,827ms
[2992,009s][info][gc] GC(7941) Pause Young (G1 Evacuation Pause) 493M->145M(594M) 2,661ms
[2992,426s][info][gc] GC(7942) Pause Young (G1 Evacuation Pause) 493M->146M(594M) 2,673ms
[2992,810s][info][gc] GC(7943) Pause Young (G1 Evacuation Pause) 494M->146M(594M) 2,008ms
[2993,185s][info][gc] GC(7944) Pause Young (G1 Evacuation Pause) 493M->146M(594M) 1,687ms
[2993,600s][info][gc] GC(7945) Pause Young (G1 Evacuation Pause) 494M->146M(594M) 2,765ms
[2994,003s][info][gc] GC(7946) Pause Young (G1 Evacuation Pause) 494M->146M(594M) 2,607ms
[2994,399s][info][gc] GC(7947) Pause Young (G1 Evacuation Pause) 494M->145M(594M) 3,818ms
[2994,776s][info][gc] GC(7948) Pause Young (G1 Evacuation Pause) 493M->146M(594M) 1,924ms
[2995,168s][info][gc] GC(7949) Pause Young (G1 Evacuation Pause) 493M->145M(594M) 1,950ms
[2995,578s][info][gc] GC(7950) Pause Young (G1 Evacuation Pause) 493M->145M(594M) 2,622ms
[2995,961s][info][gc] GC(7951) Pause Young (G1 Evacuation Pause) 493M->146M(594M) 1,691ms
[2996,354s][info][gc] GC(7952) Pause Young (G1 Evacuation Pause) 494M->146M(594M) 2,705ms
[2996,765s][info][gc] GC(7953) Pause Young (G1 Evacuation Pause) 494M->146M(594M) 2,758ms
[2997,161s][info][gc] GC(7954) Pause Young (G1 Evacuation Pause) 494M->146M(594M) 2,369ms
[2997,536s][info][gc] GC(7955) Pause Young (G1 Evacuation Pause) 493M->145M(594M) 1,628ms
[2997,960s][info][gc] GC(7956) Pause Young (G1 Evacuation Pause) 493M->146M(594M) 2,846ms
[2998,359s][info][gc] GC(7957) Pause Young (G1 Evacuation Pause) 494M->146M(594M) 2,713ms
[2998,734s][info][gc] GC(7958) Pause Young (G1 Evacuation Pause) 494M->146M(594M) 1,633ms
[2999,157s][info][gc] GC(7959) Pause Young (G1 Evacuation Pause) 494M->146M(594M) 2,670ms
[2999,571s][info][gc] GC(7960) Pause Young (G1 Evacuation Pause) 494M->146M(594M) 1,827ms
[2999,957s][info][gc] GC(7961) Pause Young (G1 Evacuation Pause) 494M->146M(594M) 2,236ms
[3000,349s][info][gc] GC(7962) Pause Young (G1 Evacuation Pause) 493M->145M(594M) 4,225ms
[3000,760s][info][gc] GC(7963) Pause Young (G1 Evacuation Pause) 494M->147M(594M) 3,040ms
[3001,144s][info][gc] GC(7964) Pause Young (G1 Evacuation Pause) 494M->146M(594M) 1,625ms
[3001,566s][info][gc] GC(7965) Pause Young (G1 Evacuation Pause) 494M->146M(594M) 5,437ms
[3001,942s][info][gc] GC(7966) Pause Young (G1 Evacuation Pause) 494M->146M(594M) 2,489ms
[3002,343s][info][gc] GC(7967) Pause Young (G1 Evacuation Pause) 493M->145M(594M) 3,755ms
[3002,719s][info][gc] GC(7968) Pause Young (G1 Evacuation Pause) 494M->146M(594M) 1,633ms
[3003,136s][info][gc] GC(7969) Pause Young (G1 Evacuation Pause) 494M->147M(594M) 2,684ms
[3003,549s][info][gc] GC(7970) Pause Young (G1 Evacuation Pause) 494M->146M(594M) 2,610ms
[3003,973s][info][gc] GC(7971) Pause Young (G1 Evacuation Pause) 494M->146M(594M) 2,587ms
[3004,393s][info][gc] GC(7972) Pause Young (G1 Evacuation Pause) 494M->147M(594M) 2,891ms
[3004,780s][info][gc] GC(7973) Pause Young (G1 Evacuation Pause) 494M->146M(594M) 6,171ms
[3005,196s][info][gc] GC(7974) Pause Young (G1 Evacuation Pause) 494M->146M(594M) 2,764ms
[3005,614s][info][gc] GC(7975) Pause Young (G1 Evacuation Pause) 494M->146M(594M) 2,527ms
[3006,008s][info][gc] GC(7976) Pause Young (G1 Evacuation Pause) 494M->146M(594M) 1,580ms
[3006,422s][info][gc] GC(7977) Pause Young (G1 Evacuation Pause) 494M->146M(594M) 1,693ms
[3006,846s][info][gc] GC(7978) Pause Young (G1 Evacuation Pause) 494M->146M(594M) 3,641ms
[3007,225s][info][gc] GC(7979) Pause Young (G1 Evacuation Pause) 494M->147M(594M) 1,830ms
[3007,640s][info][gc] GC(7980) Pause Young (G1 Evacuation Pause) 494M->146M(594M) 2,567ms
[3008,028s][info][gc] GC(7981) Pause Young (G1 Evacuation Pause) 494M->146M(594M) 1,792ms
[3008,404s][info][gc] GC(7982) Pause Young (G1 Evacuation Pause) 494M->146M(594M) 1,810ms
[3008,780s][info][gc] GC(7983) Pause Young (G1 Evacuation Pause) 494M->147M(594M) 2,031ms
[3009,186s][info][gc] GC(7984) Pause Young (G1 Evacuation Pause) 494M->145M(594M) 2,608ms
[3009,605s][info][gc] GC(7985) Pause Young (G1 Evacuation Pause) 494M->147M(594M) 3,608ms
[3010,010s][info][gc] GC(7986) Pause Young (G1 Evacuation Pause) 494M->146M(594M) 5,910ms
[3010,416s][info][gc] GC(7987) Pause Young (G1 Evacuation Pause) 494M->146M(594M) 3,622ms
[3010,792s][info][gc] GC(7988) Pause Young (G1 Evacuation Pause) 494M->146M(594M) 1,978ms
[3011,168s][info][gc] GC(7989) Pause Young (G1 Evacuation Pause) 494M->146M(594M) 1,748ms
[3011,544s][info][gc] GC(7990) Pause Young (G1 Evacuation Pause) 494M->147M(594M) 1,914ms
[3011,943s][info][gc] GC(7991) Pause Young (G1 Evacuation Pause) 494M->145M(594M) 3,034ms
[3012,332s][info][gc] GC(7992) Pause Young (G1 Evacuation Pause) 494M->146M(594M) 4,147ms
[3012,722s][info][gc] GC(7993) Pause Young (G1 Evacuation Pause) 494M->147M(594M) 5,319ms
[3013,153s][info][gc] GC(7994) Pause Young (G1 Evacuation Pause) 494M->146M(594M) 3,662ms
[3013,531s][info][gc] GC(7995) Pause Young (G1 Evacuation Pause) 494M->146M(594M) 1,763ms
[3013,939s][info][gc] GC(7996) Pause Young (G1 Evacuation Pause) 494M->146M(594M) 2,314ms
[3014,357s][info][gc] GC(7997) Pause Young (G1 Evacuation Pause) 494M->147M(594M) 2,263ms
[3014,734s][info][gc] GC(7998) Pause Young (G1 Evacuation Pause) 494M->146M(594M) 2,061ms
[3015,155s][info][gc] GC(7999) Pause Young (G1 Evacuation Pause) 494M->146M(594M) 2,668ms
[3015,575s][info][gc] GC(8000) Pause Young (G1 Evacuation Pause) 494M->146M(594M) 2,682ms
[3015,969s][info][gc] GC(8001) Pause Young (G1 Evacuation Pause) 494M->147M(594M) 1,661ms
[3016,345s][info][gc] GC(8002) Pause Young (G1 Evacuation Pause) 495M->147M(594M) 1,643ms
[3016,721s][info][gc] GC(8003) Pause Young (G1 Evacuation Pause) 494M->146M(594M) 1,686ms
[3017,133s][info][gc] GC(8004) Pause Young (G1 Evacuation Pause) 494M->146M(594M) 2,558ms
[3017,539s][info][gc] GC(8005) Pause Young (G1 Evacuation Pause) 494M->146M(594M) 1,970ms
[3017,937s][info][gc] GC(8006) Pause Young (G1 Evacuation Pause) 494M->147M(594M) 2,717ms
[3018,332s][info][gc] GC(8007) Pause Young (G1 Evacuation Pause) 495M->146M(594M) 2,796ms
[3018,708s][info][gc] GC(8008) Pause Young (G1 Evacuation Pause) 494M->147M(594M) 2,089ms
[3019,107s][info][gc] GC(8009) Pause Young (G1 Evacuation Pause) 495M->147M(594M) 1,748ms
[3019,526s][info][gc] GC(8010) Pause Young (G1 Evacuation Pause) 495M->147M(594M) 2,708ms
[3019,937s][info][gc] GC(8011) Pause Young (G1 Evacuation Pause) 494M->146M(594M) 2,640ms
[3020,356s][info][gc] GC(8012) Pause Young (G1 Evacuation Pause) 494M->146M(594M) 3,684ms
[3020,756s][info][gc] GC(8013) Pause Young (G1 Evacuation Pause) 494M->147M(594M) 1,802ms
[3021,148s][info][gc] GC(8014) Pause Young (G1 Evacuation Pause) 495M->147M(594M) 1,844ms
[3021,556s][info][gc] GC(8015) Pause Young (G1 Evacuation Pause) 494M->146M(594M) 2,707ms
[3021,970s][info][gc] GC(8016) Pause Young (G1 Evacuation Pause) 495M->147M(594M) 2,772ms
[3022,364s][info][gc] GC(8017) Pause Young (G1 Evacuation Pause) 494M->146M(594M) 2,316ms
[3022,747s][info][gc] GC(8018) Pause Young (G1 Evacuation Pause) 494M->146M(594M) 2,900ms
[3023,143s][info][gc] GC(8019) Pause Young (G1 Evacuation Pause) 494M->147M(594M) 2,500ms
[3023,536s][info][gc] GC(8020) Pause Young (G1 Evacuation Pause) 494M->146M(594M) 2,180ms
[3023,939s][info][gc] GC(8021) Pause Young (G1 Evacuation Pause) 494M->146M(594M) 2,532ms
[3024,329s][info][gc] GC(8022) Pause Young (G1 Evacuation Pause) 495M->147M(594M) 2,719ms
[3024,740s][info][gc] GC(8023) Pause Young (G1 Evacuation Pause) 494M->147M(594M) 2,860ms
[3025,151s][info][gc] GC(8024) Pause Young (G1 Evacuation Pause) 495M->146M(594M) 2,463ms
[3025,572s][info][gc] GC(8025) Pause Young (G1 Evacuation Pause) 494M->147M(594M) 2,713ms
[3025,978s][info][gc] GC(8026) Pause Young (G1 Evacuation Pause) 495M->147M(594M) 2,948ms
[3026,367s][info][gc] GC(8027) Pause Young (G1 Evacuation Pause) 495M->147M(594M) 2,021ms
[3026,742s][info][gc] GC(8028) Pause Young (G1 Evacuation Pause) 495M->147M(594M) 1,622ms
[3027,157s][info][gc] GC(8029) Pause Young (G1 Evacuation Pause) 495M->147M(594M) 2,693ms
[3027,562s][info][gc] GC(8030) Pause Young (G1 Evacuation Pause) 495M->147M(594M) 1,867ms
[3027,963s][info][gc] GC(8031) Pause Young (G1 Evacuation Pause) 494M->146M(594M) 2,809ms
[3028,364s][info][gc] GC(8032) Pause Young (G1 Evacuation Pause) 494M->147M(594M) 1,826ms
[3028,768s][info][gc] GC(8033) Pause Young (G1 Evacuation Pause) 495M->147M(594M) 2,750ms
[3029,179s][info][gc] GC(8034) Pause Young (G1 Evacuation Pause) 495M->147M(594M) 2,841ms
[3029,602s][info][gc] GC(8035) Pause Young (G1 Evacuation Pause) 495M->147M(594M) 2,776ms
[3030,018s][info][gc] GC(8036) Pause Young (G1 Evacuation Pause) 494M->146M(594M) 2,028ms
[3030,408s][info][gc] GC(8037) Pause Young (G1 Evacuation Pause) 495M->147M(594M) 1,755ms
[3030,793s][info][gc] GC(8038) Pause Young (G1 Evacuation Pause) 494M->147M(594M) 4,525ms
[3031,187s][info][gc] GC(8039) Pause Young (G1 Evacuation Pause) 495M->147M(594M) 3,054ms
[3031,628s][info][gc] GC(8040) Pause Young (G1 Evacuation Pause) 495M->147M(594M) 4,567ms
[3032,004s][info][gc] GC(8041) Pause Young (G1 Evacuation Pause) 494M->146M(594M) 1,600ms
[3032,394s][info][gc] GC(8042) Pause Young (G1 Evacuation Pause) 494M->146M(594M) 2,069ms
[3032,777s][info][gc] GC(8043) Pause Young (G1 Evacuation Pause) 494M->147M(594M) 5,402ms
[3033,180s][info][gc] GC(8044) Pause Young (G1 Evacuation Pause) 495M->147M(594M) 1,769ms
[3033,596s][info][gc] GC(8045) Pause Young (G1 Evacuation Pause) 495M->147M(594M) 2,542ms
[3034,008s][info][gc] GC(8046) Pause Young (G1 Evacuation Pause) 495M->147M(594M) 3,349ms
[3034,400s][info][gc] GC(8047) Pause Young (G1 Evacuation Pause) 495M->148M(594M) 2,051ms
[3034,789s][info][gc] GC(8048) Pause Young (G1 Evacuation Pause) 495M->147M(594M) 6,064ms
[3035,210s][info][gc] GC(8049) Pause Young (G1 Evacuation Pause) 495M->146M(594M) 3,677ms
[3035,629s][info][gc] GC(8050) Pause Young (G1 Evacuation Pause) 495M->148M(594M) 2,729ms
[3036,030s][info][gc] GC(8051) Pause Young (G1 Evacuation Pause) 495M->147M(594M) 1,619ms
[3036,433s][info][gc] GC(8052) Pause Young (G1 Evacuation Pause) 495M->147M(594M) 3,589ms
[3036,858s][info][gc] GC(8053) Pause Young (G1 Evacuation Pause) 495M->148M(594M) 2,628ms
[3037,263s][info][gc] GC(8054) Pause Young (G1 Evacuation Pause) 495M->147M(594M) 1,642ms
[3037,639s][info][gc] GC(8055) Pause Young (G1 Evacuation Pause) 495M->147M(594M) 1,672ms
[3038,026s][info][gc] GC(8056) Pause Young (G1 Evacuation Pause) 495M->147M(594M) 2,277ms
[3038,424s][info][gc] GC(8057) Pause Young (G1 Evacuation Pause) 495M->147M(594M) 1,600ms
[3038,834s][info][gc] GC(8058) Pause Young (G1 Evacuation Pause) 495M->147M(594M) 3,576ms
[3039,233s][info][gc] GC(8059) Pause Young (G1 Evacuation Pause) 495M->147M(594M) 2,764ms
[3039,644s][info][gc] GC(8060) Pause Young (G1 Evacuation Pause) 495M->148M(594M) 2,731ms
[3040,067s][info][gc] GC(8061) Pause Young (G1 Evacuation Pause) 495M->147M(594M) 2,556ms
[3040,484s][info][gc] GC(8062) Pause Young (G1 Evacuation Pause) 495M->147M(594M) 2,691ms
[3040,897s][info][gc] GC(8063) Pause Young (G1 Evacuation Pause) 495M->147M(594M) 1,773ms
[3041,280s][info][gc] GC(8064) Pause Young (G1 Evacuation Pause) 495M->148M(594M) 6,566ms
[3041,695s][info][gc] GC(8065) Pause Young (G1 Evacuation Pause) 495M->147M(594M) 2,609ms
[3042,101s][info][gc] GC(8066) Pause Young (G1 Evacuation Pause) 495M->147M(594M) 1,684ms
[3042,490s][info][gc] GC(8067) Pause Young (G1 Evacuation Pause) 495M->147M(594M) 1,717ms
[3042,884s][info][gc] GC(8068) Pause Young (G1 Evacuation Pause) 495M->146M(594M) 4,602ms
[3043,261s][info][gc] GC(8069) Pause Young (G1 Evacuation Pause) 495M->147M(594M) 1,880ms
[3043,687s][info][gc] GC(8070) Pause Young (G1 Evacuation Pause) 495M->148M(594M) 2,704ms
[3044,107s][info][gc] GC(8071) Pause Young (G1 Evacuation Pause) 495M->147M(594M) 2,507ms
[3044,520s][info][gc] GC(8072) Pause Young (G1 Evacuation Pause) 495M->147M(594M) 2,810ms
[3044,914s][info][gc] GC(8073) Pause Young (G1 Evacuation Pause) 495M->148M(594M) 2,855ms
[3045,330s][info][gc] GC(8074) Pause Young (G1 Evacuation Pause) 495M->147M(594M) 2,625ms
[3045,708s][info][gc] GC(8075) Pause Young (G1 Evacuation Pause) 495M->147M(594M) 2,513ms
[3046,084s][info][gc] GC(8076) Pause Young (G1 Evacuation Pause) 495M->147M(594M) 1,850ms
[3046,471s][info][gc] GC(8077) Pause Young (G1 Evacuation Pause) 495M->147M(594M) 2,053ms
[3046,886s][info][gc] GC(8078) Pause Young (G1 Evacuation Pause) 495M->147M(594M) 2,799ms
[3047,305s][info][gc] GC(8079) Pause Young (G1 Evacuation Pause) 495M->148M(594M) 3,748ms
[3047,696s][info][gc] GC(8080) Pause Young (G1 Evacuation Pause) 495M->147M(594M) 1,608ms
[3048,112s][info][gc] GC(8081) Pause Young (G1 Evacuation Pause) 495M->147M(594M) 5,198ms
[3048,516s][info][gc] GC(8082) Pause Young (G1 Evacuation Pause) 495M->147M(594M) 2,668ms
[3048,927s][info][gc] GC(8083) Pause Young (G1 Evacuation Pause) 495M->148M(594M) 2,790ms
[3049,343s][info][gc] GC(8084) Pause Young (G1 Evacuation Pause) 496M->148M(594M) 2,719ms
[3049,722s][info][gc] GC(8085) Pause Young (G1 Evacuation Pause) 495M->147M(594M) 2,473ms
[3050,113s][info][gc] GC(8086) Pause Young (G1 Evacuation Pause) 496M->148M(594M) 2,756ms
[3050,504s][info][gc] GC(8087) Pause Young (G1 Evacuation Pause) 496M->148M(594M) 1,812ms
[3050,904s][info][gc] GC(8088) Pause Young (G1 Evacuation Pause) 495M->147M(594M) 1,617ms
[3051,292s][info][gc] GC(8089) Pause Young (G1 Evacuation Pause) 495M->148M(594M) 6,125ms
[3051,712s][info][gc] GC(8090) Pause Young (G1 Evacuation Pause) 496M->148M(594M) 2,712ms
[3052,129s][info][gc] GC(8091) Pause Young (G1 Evacuation Pause) 495M->147M(594M) 2,505ms
[3052,540s][info][gc] GC(8092) Pause Young (G1 Evacuation Pause) 496M->148M(594M) 2,824ms
[3052,943s][info][gc] GC(8093) Pause Young (G1 Evacuation Pause) 495M->147M(594M) 2,062ms
[3053,319s][info][gc] GC(8094) Pause Young (G1 Evacuation Pause) 495M->147M(594M) 1,681ms
[3053,695s][info][gc] GC(8095) Pause Young (G1 Evacuation Pause) 495M->147M(594M) 1,953ms
[3054,071s][info][gc] GC(8096) Pause Young (G1 Evacuation Pause) 495M->148M(594M) 2,103ms
[3054,465s][info][gc] GC(8097) Pause Young (G1 Evacuation Pause) 496M->148M(594M) 2,299ms
[3054,841s][info][gc] GC(8098) Pause Young (G1 Evacuation Pause) 495M->147M(594M) 2,100ms
[3055,219s][info][gc] GC(8099) Pause Young (G1 Evacuation Pause) 495M->147M(594M) 1,759ms
[3055,633s][info][gc] GC(8100) Pause Young (G1 Evacuation Pause) 495M->148M(594M) 2,540ms
[3056,045s][info][gc] GC(8101) Pause Young (G1 Evacuation Pause) 496M->148M(594M) 2,610ms
[3056,456s][info][gc] GC(8102) Pause Young (G1 Evacuation Pause) 496M->148M(594M) 2,828ms
[3056,854s][info][gc] GC(8103) Pause Young (G1 Evacuation Pause) 496M->148M(594M) 2,760ms
[3057,265s][info][gc] GC(8104) Pause Young (G1 Evacuation Pause) 495M->147M(594M) 2,513ms
[3057,658s][info][gc] GC(8105) Pause Young (G1 Evacuation Pause) 495M->148M(594M) 1,717ms
[3058,070s][info][gc] GC(8106) Pause Young (G1 Evacuation Pause) 496M->148M(594M) 1,619ms
[3058,460s][info][gc] GC(8107) Pause Young (G1 Evacuation Pause) 496M->147M(594M) 2,079ms
[3058,867s][info][gc] GC(8108) Pause Young (G1 Evacuation Pause) 495M->148M(594M) 2,684ms
[3059,283s][info][gc] GC(8109) Pause Young (G1 Evacuation Pause) 496M->148M(594M) 6,391ms
[3059,717s][info][gc] GC(8110) Pause Young (G1 Evacuation Pause) 495M->147M(594M) 2,554ms
[3060,133s][info][gc] GC(8111) Pause Young (G1 Evacuation Pause) 495M->147M(594M) 4,745ms
[3060,547s][info][gc] GC(8112) Pause Young (G1 Evacuation Pause) 495M->147M(594M) 2,650ms
[3060,955s][info][gc] GC(8113) Pause Young (G1 Evacuation Pause) 495M->147M(594M) 1,739ms
[3061,331s][info][gc] GC(8114) Pause Young (G1 Evacuation Pause) 495M->148M(594M) 2,511ms
[3061,708s][info][gc] GC(8115) Pause Young (G1 Evacuation Pause) 496M->148M(594M) 1,833ms
[3062,110s][info][gc] GC(8116) Pause Young (G1 Evacuation Pause) 496M->147M(594M) 1,660ms
[3062,486s][info][gc] GC(8117) Pause Young (G1 Evacuation Pause) 495M->148M(594M) 1,684ms
[3062,886s][info][gc] GC(8118) Pause Young (G1 Evacuation Pause) 496M->148M(594M) 2,237ms
[3063,263s][info][gc] GC(8119) Pause Young (G1 Evacuation Pause) 496M->148M(594M) 2,137ms
[3063,639s][info][gc] GC(8120) Pause Young (G1 Evacuation Pause) 496M->148M(594M) 1,648ms
[3064,045s][info][gc] GC(8121) Pause Young (G1 Evacuation Pause) 496M->148M(594M) 2,708ms
[3064,437s][info][gc] GC(8122) Pause Young (G1 Evacuation Pause) 496M->148M(594M) 3,394ms
[3064,843s][info][gc] GC(8123) Pause Young (G1 Evacuation Pause) 496M->149M(594M) 2,665ms
[3065,251s][info][gc] GC(8124) Pause Young (G1 Evacuation Pause) 496M->148M(594M) 2,156ms
[3065,672s][info][gc] GC(8125) Pause Young (G1 Evacuation Pause) 496M->148M(594M) 3,928ms
[3066,076s][info][gc] GC(8126) Pause Young (G1 Evacuation Pause) 496M->147M(594M) 2,024ms
[3066,466s][info][gc] GC(8127) Pause Young (G1 Evacuation Pause) 496M->149M(594M) 1,813ms
[3066,876s][info][gc] GC(8128) Pause Young (G1 Evacuation Pause) 496M->147M(594M) 4,076ms
[3067,253s][info][gc] GC(8129) Pause Young (G1 Evacuation Pause) 496M->149M(594M) 1,698ms
[3067,650s][info][gc] GC(8130) Pause Young (G1 Evacuation Pause) 496M->148M(594M) 1,702ms
[3068,026s][info][gc] GC(8131) Pause Young (G1 Evacuation Pause) 496M->148M(594M) 1,787ms
[3068,427s][info][gc] GC(8132) Pause Young (G1 Evacuation Pause) 496M->148M(594M) 2,982ms
[3068,815s][info][gc] GC(8133) Pause Young (G1 Evacuation Pause) 496M->148M(594M) 2,743ms
[3069,192s][info][gc] GC(8134) Pause Young (G1 Evacuation Pause) 496M->149M(594M) 1,897ms
[3069,605s][info][gc] GC(8135) Pause Young (G1 Evacuation Pause) 496M->148M(594M) 2,598ms
[3070,016s][info][gc] GC(8136) Pause Young (G1 Evacuation Pause) 496M->148M(594M) 2,385ms
[3070,412s][info][gc] GC(8137) Pause Young (G1 Evacuation Pause) 496M->148M(594M) 1,746ms
[3070,816s][info][gc] GC(8138) Pause Young (G1 Evacuation Pause) 496M->148M(594M) 3,232ms
[3071,198s][info][gc] GC(8139) Pause Young (G1 Evacuation Pause) 496M->149M(594M) 1,782ms
[3071,573s][info][gc] GC(8140) Pause Young (G1 Evacuation Pause) 496M->148M(594M) 1,551ms
[3071,975s][info][gc] GC(8141) Pause Young (G1 Evacuation Pause) 496M->148M(594M) 2,611ms
[3072,392s][info][gc] GC(8142) Pause Young (G1 Evacuation Pause) 496M->148M(594M) 2,587ms
[3072,792s][info][gc] GC(8143) Pause Young (G1 Evacuation Pause) 496M->148M(594M) 5,178ms
[3073,169s][info][gc] GC(8144) Pause Young (G1 Evacuation Pause) 496M->148M(594M) 1,912ms
[3073,545s][info][gc] GC(8145) Pause Young (G1 Evacuation Pause) 496M->148M(594M) 1,962ms
[3073,921s][info][gc] GC(8146) Pause Young (G1 Evacuation Pause) 496M->148M(594M) 1,782ms
[3074,329s][info][gc] GC(8147) Pause Young (G1 Evacuation Pause) 496M->148M(594M) 2,698ms
[3074,706s][info][gc] GC(8148) Pause Young (G1 Evacuation Pause) 496M->148M(594M) 2,128ms
[3075,118s][info][gc] GC(8149) Pause Young (G1 Evacuation Pause) 496M->149M(594M) 2,736ms
[3075,529s][info][gc] GC(8150) Pause Young (G1 Evacuation Pause) 496M->148M(594M) 2,771ms
[3075,913s][info][gc] GC(8151) Pause Young (G1 Evacuation Pause) 496M->148M(594M) 6,084ms
[3076,329s][info][gc] GC(8152) Pause Young (G1 Evacuation Pause) 496M->149M(594M) 2,859ms
[3076,737s][info][gc] GC(8153) Pause Young (G1 Evacuation Pause) 496M->148M(594M) 1,690ms
[3077,114s][info][gc] GC(8154) Pause Young (G1 Evacuation Pause) 497M->149M(594M) 1,813ms
[3077,511s][info][gc] GC(8155) Pause Young (G1 Evacuation Pause) 496M->148M(594M) 2,236ms
[3077,933s][info][gc] GC(8156) Pause Young (G1 Evacuation Pause) 496M->148M(594M) 2,597ms
[3078,316s][info][gc] GC(8157) Pause Young (G1 Evacuation Pause) 496M->149M(594M) 1,780ms
[3078,720s][info][gc] GC(8158) Pause Young (G1 Evacuation Pause) 497M->148M(594M) 3,569ms
[3079,132s][info][gc] GC(8159) Pause Young (G1 Evacuation Pause) 496M->149M(594M) 2,667ms
[3079,510s][info][gc] GC(8160) Pause Young (G1 Evacuation Pause) 497M->149M(594M) 2,299ms
[3079,907s][info][gc] GC(8161) Pause Young (G1 Evacuation Pause) 496M->148M(594M) 2,609ms
[3080,320s][info][gc] GC(8162) Pause Young (G1 Evacuation Pause) 496M->148M(594M) 2,737ms
[3080,697s][info][gc] GC(8163) Pause Young (G1 Evacuation Pause) 496M->149M(594M) 1,838ms
[3081,073s][info][gc] GC(8164) Pause Young (G1 Evacuation Pause) 497M->149M(594M) 1,771ms
[3081,467s][info][gc] GC(8165) Pause Young (G1 Evacuation Pause) 497M->149M(594M) 3,443ms
[3081,894s][info][gc] GC(8166) Pause Young (G1 Evacuation Pause) 496M->148M(594M) 2,491ms
[3082,293s][info][gc] GC(8167) Pause Young (G1 Evacuation Pause) 496M->148M(594M) 4,365ms
[3082,673s][info][gc] GC(8168) Pause Young (G1 Evacuation Pause) 496M->148M(594M) 1,604ms
[3083,057s][info][gc] GC(8169) Pause Young (G1 Evacuation Pause) 496M->148M(594M) 1,567ms
[3083,459s][info][gc] GC(8170) Pause Young (G1 Evacuation Pause) 496M->148M(594M) 2,822ms
[3083,852s][info][gc] GC(8171) Pause Young (G1 Evacuation Pause) 496M->149M(594M) 2,632ms
[3084,263s][info][gc] GC(8172) Pause Young (G1 Evacuation Pause) 497M->149M(594M) 2,633ms
[3084,677s][info][gc] GC(8173) Pause Young (G1 Evacuation Pause) 496M->149M(594M) 2,649ms
[3085,083s][info][gc] GC(8174) Pause Young (G1 Evacuation Pause) 497M->149M(594M) 1,764ms
[3085,487s][info][gc] GC(8175) Pause Young (G1 Evacuation Pause) 497M->149M(594M) 2,658ms
[3085,892s][info][gc] GC(8176) Pause Young (G1 Evacuation Pause) 497M->149M(594M) 2,695ms
[3086,284s][info][gc] GC(8177) Pause Young (G1 Evacuation Pause) 497M->149M(594M) 6,399ms
[3086,671s][info][gc] GC(8178) Pause Young (G1 Evacuation Pause) 497M->149M(594M) 1,802ms
[3087,064s][info][gc] GC(8179) Pause Young (G1 Evacuation Pause) 496M->148M(594M) 5,939ms
[3087,466s][info][gc] GC(8180) Pause Young (G1 Evacuation Pause) 496M->148M(594M) 2,940ms
[3087,859s][info][gc] GC(8181) Pause Young (G1 Evacuation Pause) 496M->149M(594M) 1,754ms
[3088,244s][info][gc] GC(8182) Pause Young (G1 Evacuation Pause) 497M->149M(594M) 2,317ms
[3088,664s][info][gc] GC(8183) Pause Young (G1 Evacuation Pause) 497M->149M(594M) 2,901ms
[3089,060s][info][gc] GC(8184) Pause Young (G1 Evacuation Pause) 497M->149M(594M) 2,339ms
[3089,440s][info][gc] GC(8185) Pause Young (G1 Evacuation Pause) 496M->149M(594M) 1,647ms
[3089,833s][info][gc] GC(8186) Pause Young (G1 Evacuation Pause) 497M->149M(594M) 2,320ms
[3090,214s][info][gc] GC(8187) Pause Young (G1 Evacuation Pause) 497M->149M(594M) 1,719ms
[3090,590s][info][gc] GC(8188) Pause Young (G1 Evacuation Pause) 497M->149M(594M) 2,398ms
[3090,978s][info][gc] GC(8189) Pause Young (G1 Evacuation Pause) 497M->149M(594M) 3,033ms
[3091,387s][info][gc] GC(8190) Pause Young (G1 Evacuation Pause) 497M->149M(594M) 2,191ms
[3091,781s][info][gc] GC(8191) Pause Young (G1 Evacuation Pause) 496M->149M(594M) 5,513ms
[3092,196s][info][gc] GC(8192) Pause Young (G1 Evacuation Pause) 497M->149M(594M) 2,198ms
[3092,575s][info][gc] GC(8193) Pause Young (G1 Evacuation Pause) 497M->149M(594M) 1,685ms
[3092,966s][info][gc] GC(8194) Pause Young (G1 Evacuation Pause) 497M->149M(594M) 4,721ms
[3093,354s][info][gc] GC(8195) Pause Young (G1 Evacuation Pause) 497M->149M(594M) 1,811ms
[3093,729s][info][gc] GC(8196) Pause Young (G1 Evacuation Pause) 496M->148M(594M) 1,710ms
[3094,136s][info][gc] GC(8197) Pause Young (G1 Evacuation Pause) 496M->149M(594M) 1,634ms
[3094,527s][info][gc] GC(8198) Pause Young (G1 Evacuation Pause) 497M->148M(594M) 1,722ms
[3094,903s][info][gc] GC(8199) Pause Young (G1 Evacuation Pause) 496M->149M(594M) 1,871ms
[3095,290s][info][gc] GC(8200) Pause Young (G1 Evacuation Pause) 497M->149M(594M) 4,670ms
[3095,702s][info][gc] GC(8201) Pause Young (G1 Evacuation Pause) 497M->149M(594M) 2,842ms
[3096,117s][info][gc] GC(8202) Pause Young (G1 Evacuation Pause) 496M->149M(594M) 2,699ms
[3096,528s][info][gc] GC(8203) Pause Young (G1 Evacuation Pause) 497M->149M(594M) 2,597ms
[3096,939s][info][gc] GC(8204) Pause Young (G1 Evacuation Pause) 497M->149M(594M) 1,783ms
[3097,326s][info][gc] GC(8205) Pause Young (G1 Evacuation Pause) 497M->149M(594M) 2,795ms
[3097,716s][info][gc] GC(8206) Pause Young (G1 Evacuation Pause) 497M->150M(594M) 1,837ms
[3098,105s][info][gc] GC(8207) Pause Young (G1 Evacuation Pause) 497M->148M(594M) 2,559ms
[3098,496s][info][gc] GC(8208) Pause Young (G1 Evacuation Pause) 497M->149M(594M) 3,061ms
[3098,880s][info][gc] GC(8209) Pause Young (G1 Evacuation Pause) 497M->149M(594M) 2,437ms
[3099,266s][info][gc] GC(8210) Pause Young (G1 Evacuation Pause) 497M->150M(594M) 1,686ms
[3099,641s][info][gc] GC(8211) Pause Young (G1 Evacuation Pause) 497M->149M(594M) 1,616ms
[3100,028s][info][gc] GC(8212) Pause Young (G1 Evacuation Pause) 497M->149M(594M) 2,672ms
[3100,421s][info][gc] GC(8213) Pause Young (G1 Evacuation Pause) 497M->149M(594M) 1,578ms
[3100,801s][info][gc] GC(8214) Pause Young (G1 Evacuation Pause) 497M->149M(594M) 1,764ms
[3101,189s][info][gc] GC(8215) Pause Young (G1 Evacuation Pause) 497M->150M(594M) 1,749ms
[3101,583s][info][gc] GC(8216) Pause Young (G1 Evacuation Pause) 497M->148M(594M) 2,630ms
[3101,966s][info][gc] GC(8217) Pause Young (G1 Evacuation Pause) 497M->150M(594M) 2,119ms
[3102,348s][info][gc] GC(8218) Pause Young (G1 Evacuation Pause) 497M->148M(594M) 4,066ms
[3102,761s][info][gc] GC(8219) Pause Young (G1 Evacuation Pause) 497M->149M(594M) 1,712ms
[3103,140s][info][gc] GC(8220) Pause Young (G1 Evacuation Pause) 497M->149M(594M) 1,701ms
[3103,517s][info][gc] GC(8221) Pause Young (G1 Evacuation Pause) 497M->150M(594M) 2,084ms
[3103,899s][info][gc] GC(8222) Pause Young (G1 Evacuation Pause) 497M->148M(594M) 2,597ms
[3104,278s][info][gc] GC(8223) Pause Young (G1 Evacuation Pause) 497M->150M(594M) 2,054ms
[3104,655s][info][gc] GC(8224) Pause Young (G1 Evacuation Pause) 497M->149M(594M) 2,886ms
[3105,038s][info][gc] GC(8225) Pause Young (G1 Evacuation Pause) 497M->149M(594M) 1,922ms
[3105,433s][info][gc] GC(8226) Pause Young (G1 Evacuation Pause) 497M->150M(594M) 1,891ms
[3105,826s][info][gc] GC(8227) Pause Young (G1 Evacuation Pause) 497M->148M(594M) 5,053ms
[3106,215s][info][gc] GC(8228) Pause Young (G1 Evacuation Pause) 497M->149M(594M) 1,636ms
[3106,602s][info][gc] GC(8229) Pause Young (G1 Evacuation Pause) 497M->150M(594M) 1,828ms
[3106,982s][info][gc] GC(8230) Pause Young (G1 Evacuation Pause) 497M->149M(594M) 2,410ms
[3107,404s][info][gc] GC(8231) Pause Young (G1 Evacuation Pause) 497M->149M(594M) 5,189ms
[3107,817s][info][gc] GC(8232) Pause Young (G1 Evacuation Pause) 497M->150M(594M) 2,300ms
[3108,216s][info][gc] GC(8233) Pause Young (G1 Evacuation Pause) 498M->150M(594M) 2,820ms
[3108,644s][info][gc] GC(8234) Pause Young (G1 Evacuation Pause) 497M->149M(594M) 5,137ms
[3109,084s][info][gc] GC(8235) Pause Young (G1 Evacuation Pause) 498M->150M(594M) 7,581ms
[3109,574s][info][gc] GC(8236) Pause Young (G1 Evacuation Pause) 497M->150M(594M) 6,635ms
[3110,019s][info][gc] GC(8237) Pause Young (G1 Evacuation Pause) 498M->149M(594M) 2,636ms
[3110,407s][info][gc] GC(8238) Pause Young (G1 Evacuation Pause) 497M->149M(594M) 1,683ms
[3110,823s][info][gc] GC(8239) Pause Young (G1 Evacuation Pause) 497M->150M(594M) 2,481ms
[3111,205s][info][gc] GC(8240) Pause Young (G1 Evacuation Pause) 498M->150M(594M) 1,945ms
[3111,654s][info][gc] GC(8241) Pause Young (G1 Evacuation Pause) 497M->149M(594M) 2,592ms
[3112,057s][info][gc] GC(8242) Pause Young (G1 Evacuation Pause) 497M->149M(594M) 2,035ms
[3112,464s][info][gc] GC(8243) Pause Young (G1 Evacuation Pause) 497M->149M(594M) 1,888ms
[3112,859s][info][gc] GC(8244) Pause Young (G1 Evacuation Pause) 497M->150M(594M) 2,877ms
[3113,316s][info][gc] GC(8245) Pause Young (G1 Evacuation Pause) 497M->149M(594M) 3,712ms
[3113,791s][info][gc] GC(8246) Pause Young (G1 Evacuation Pause) 497M->149M(594M) 10,218ms
[3114,275s][info][gc] GC(8247) Pause Young (G1 Evacuation Pause) 497M->149M(594M) 4,023ms
[3114,716s][info][gc] GC(8248) Pause Young (G1 Evacuation Pause) 497M->149M(594M) 4,693ms
[3115,247s][info][gc] GC(8249) Pause Young (G1 Evacuation Pause) 497M->149M(594M) 13,082ms
[3115,627s][info][gc] GC(8250) Pause Young (G1 Evacuation Pause) 497M->150M(594M) 1,888ms
[3116,003s][info][gc] GC(8251) Pause Young (G1 Evacuation Pause) 498M->150M(594M) 1,805ms
[3116,378s][info][gc] GC(8252) Pause Young (G1 Evacuation Pause) 497M->149M(594M) 1,701ms
[3116,763s][info][gc] GC(8253) Pause Young (G1 Evacuation Pause) 497M->149M(594M) 1,597ms
[3117,139s][info][gc] GC(8254) Pause Young (G1 Evacuation Pause) 497M->149M(594M) 1,617ms
[3117,551s][info][gc] GC(8255) Pause Young (G1 Evacuation Pause) 497M->150M(594M) 1,658ms
[3117,957s][info][gc] GC(8256) Pause Young (G1 Evacuation Pause) 498M->150M(594M) 2,830ms
[3118,340s][info][gc] GC(8257) Pause Young (G1 Evacuation Pause) 498M->150M(594M) 2,235ms
[3118,716s][info][gc] GC(8258) Pause Young (G1 Evacuation Pause) 497M->149M(594M) 1,550ms
[3119,101s][info][gc] GC(8259) Pause Young (G1 Evacuation Pause) 497M->150M(594M) 1,624ms
[3119,497s][info][gc] GC(8260) Pause Young (G1 Evacuation Pause) 498M->150M(594M) 2,187ms
[3119,900s][info][gc] GC(8261) Pause Young (G1 Evacuation Pause) 498M->149M(594M) 2,600ms
[3120,286s][info][gc] GC(8262) Pause Young (G1 Evacuation Pause) 497M->150M(594M) 3,741ms
[3120,664s][info][gc] GC(8263) Pause Young (G1 Evacuation Pause) 498M->150M(594M) 1,784ms
[3121,052s][info][gc] GC(8264) Pause Young (G1 Evacuation Pause) 497M->149M(594M) 4,010ms
[3121,471s][info][gc] GC(8265) Pause Young (G1 Evacuation Pause) 497M->150M(594M) 2,216ms
[3121,881s][info][gc] GC(8266) Pause Young (G1 Evacuation Pause) 498M->150M(594M) 3,701ms
[3122,285s][info][gc] GC(8267) Pause Young (G1 Evacuation Pause) 498M->150M(594M) 1,661ms
[3122,684s][info][gc] GC(8268) Pause Young (G1 Evacuation Pause) 498M->150M(594M) 2,486ms
[3123,108s][info][gc] GC(8269) Pause Young (G1 Evacuation Pause) 498M->150M(594M) 2,768ms
[3123,522s][info][gc] GC(8270) Pause Young (G1 Evacuation Pause) 498M->150M(594M) 3,735ms
[3123,915s][info][gc] GC(8271) Pause Young (G1 Evacuation Pause) 497M->150M(594M) 1,770ms
[3124,324s][info][gc] GC(8272) Pause Young (G1 Evacuation Pause) 498M->150M(594M) 2,259ms
[3124,701s][info][gc] GC(8273) Pause Young (G1 Evacuation Pause) 498M->150M(594M) 2,158ms
[3125,096s][info][gc] GC(8274) Pause Young (G1 Evacuation Pause) 497M->149M(594M) 2,769ms
[3125,523s][info][gc] GC(8275) Pause Young (G1 Evacuation Pause) 498M->150M(594M) 1,877ms
[3125,926s][info][gc] GC(8276) Pause Young (G1 Evacuation Pause) 497M->149M(594M) 1,755ms
[3126,303s][info][gc] GC(8277) Pause Young (G1 Evacuation Pause) 497M->149M(594M) 1,600ms
[3126,716s][info][gc] GC(8278) Pause Young (G1 Evacuation Pause) 497M->150M(594M) 2,746ms
[3127,119s][info][gc] GC(8279) Pause Young (G1 Evacuation Pause) 498M->150M(594M) 1,943ms
[3127,520s][info][gc] GC(8280) Pause Young (G1 Evacuation Pause) 498M->150M(594M) 1,867ms
[3127,928s][info][gc] GC(8281) Pause Young (G1 Evacuation Pause) 498M->150M(594M) 2,123ms
[3128,340s][info][gc] GC(8282) Pause Young (G1 Evacuation Pause) 498M->151M(594M) 2,814ms
[3128,727s][info][gc] GC(8283) Pause Young (G1 Evacuation Pause) 498M->150M(594M) 1,745ms
[3129,102s][info][gc] GC(8284) Pause Young (G1 Evacuation Pause) 498M->150M(594M) 1,591ms
[3129,490s][info][gc] GC(8285) Pause Young (G1 Evacuation Pause) 498M->151M(594M) 1,882ms
[3129,867s][info][gc] GC(8286) Pause Young (G1 Evacuation Pause) 498M->149M(594M) 2,713ms
[3130,243s][info][gc] GC(8287) Pause Young (G1 Evacuation Pause) 498M->150M(594M) 1,785ms
[3130,638s][info][gc] GC(8288) Pause Young (G1 Evacuation Pause) 498M->151M(594M) 1,775ms
[3131,029s][info][gc] GC(8289) Pause Young (G1 Evacuation Pause) 498M->150M(594M) 2,844ms
[3131,435s][info][gc] GC(8290) Pause Young (G1 Evacuation Pause) 498M->150M(594M) 1,644ms
[3131,843s][info][gc] GC(8291) Pause Young (G1 Evacuation Pause) 498M->151M(594M) 2,689ms
[3132,261s][info][gc] GC(8292) Pause Young (G1 Evacuation Pause) 498M->149M(594M) 3,461ms
[3132,658s][info][gc] GC(8293) Pause Young (G1 Evacuation Pause) 498M->151M(594M) 1,879ms
[3133,052s][info][gc] GC(8294) Pause Young (G1 Evacuation Pause) 498M->150M(594M) 1,786ms
[3133,456s][info][gc] GC(8295) Pause Young (G1 Evacuation Pause) 498M->150M(594M) 2,489ms
[3133,841s][info][gc] GC(8296) Pause Young (G1 Evacuation Pause) 498M->150M(594M) 3,633ms
[3134,222s][info][gc] GC(8297) Pause Young (G1 Evacuation Pause) 498M->150M(594M) 1,666ms
[3134,620s][info][gc] GC(8298) Pause Young (G1 Evacuation Pause) 498M->151M(594M) 2,401ms
[3135,024s][info][gc] GC(8299) Pause Young (G1 Evacuation Pause) 498M->150M(594M) 2,357ms
[3135,438s][info][gc] GC(8300) Pause Young (G1 Evacuation Pause) 498M->150M(594M) 3,426ms
[3135,860s][info][gc] GC(8301) Pause Young (G1 Evacuation Pause) 498M->150M(594M) 3,137ms
[3136,240s][info][gc] GC(8302) Pause Young (G1 Evacuation Pause) 498M->150M(594M) 1,828ms
[3136,635s][info][gc] GC(8303) Pause Young (G1 Evacuation Pause) 498M->150M(594M) 2,316ms
[3137,052s][info][gc] GC(8304) Pause Young (G1 Evacuation Pause) 498M->151M(594M) 1,933ms
[3137,458s][info][gc] GC(8305) Pause Young (G1 Evacuation Pause) 498M->150M(594M) 2,206ms
[3137,898s][info][gc] GC(8306) Pause Young (G1 Evacuation Pause) 498M->150M(594M) 6,481ms
[3138,310s][info][gc] GC(8307) Pause Young (G1 Evacuation Pause) 498M->150M(594M) 1,757ms
[3138,701s][info][gc] GC(8308) Pause Young (G1 Evacuation Pause) 498M->150M(594M) 1,788ms
[3139,084s][info][gc] GC(8309) Pause Young (G1 Evacuation Pause) 498M->150M(594M) 1,739ms
[3139,475s][info][gc] GC(8310) Pause Young (G1 Evacuation Pause) 498M->151M(594M) 1,852ms
[3139,854s][info][gc] GC(8311) Pause Young (G1 Evacuation Pause) 498M->150M(594M) 1,948ms
[3140,233s][info][gc] GC(8312) Pause Young (G1 Evacuation Pause) 498M->150M(594M) 3,994ms
[3140,618s][info][gc] GC(8313) Pause Young (G1 Evacuation Pause) 498M->150M(594M) 2,556ms
[3141,017s][info][gc] GC(8314) Pause Young (G1 Evacuation Pause) 498M->151M(594M) 2,497ms
[3141,399s][info][gc] GC(8315) Pause Young (G1 Evacuation Pause) 499M->151M(594M) 2,224ms
[3141,790s][info][gc] GC(8316) Pause Young (G1 Evacuation Pause) 499M->151M(594M) 2,130ms
[3142,210s][info][gc] GC(8317) Pause Young (G1 Evacuation Pause) 498M->150M(594M) 3,547ms
[3142,633s][info][gc] GC(8318) Pause Young (G1 Evacuation Pause) 498M->150M(594M) 2,852ms
[3143,025s][info][gc] GC(8319) Pause Young (G1 Evacuation Pause) 499M->151M(594M) 1,770ms
[3143,419s][info][gc] GC(8320) Pause Young (G1 Evacuation Pause) 498M->150M(594M) 11,575ms
[3143,817s][info][gc] GC(8321) Pause Young (G1 Evacuation Pause) 498M->151M(594M) 1,615ms
[3144,198s][info][gc] GC(8322) Pause Young (G1 Evacuation Pause) 499M->151M(594M) 1,908ms
[3144,584s][info][gc] GC(8323) Pause Young (G1 Evacuation Pause) 498M->150M(594M) 2,113ms
[3144,961s][info][gc] GC(8324) Pause Young (G1 Evacuation Pause) 498M->150M(594M) 2,213ms
[3145,340s][info][gc] GC(8325) Pause Young (G1 Evacuation Pause) 498M->151M(594M) 1,722ms
[3145,718s][info][gc] GC(8326) Pause Young (G1 Evacuation Pause) 499M->151M(594M) 1,791ms
[3146,119s][info][gc] GC(8327) Pause Young (G1 Evacuation Pause) 498M->149M(594M) 1,616ms
[3146,520s][info][gc] GC(8328) Pause Young (G1 Evacuation Pause) 498M->150M(594M) 1,905ms
[3146,912s][info][gc] GC(8329) Pause Young (G1 Evacuation Pause) 498M->151M(594M) 2,411ms
